G17P_PARTIAL_START pid=40975 device=Apple M4 width=128 height=128 triangles=50000000 vertices=150000000 varying_bytes=16 submissions=1 command_queues=1 enqueue_all=0 mode=accumulate
G17P_PARTIAL_LIBRARY_BEGIN path=/Users/user/asahi_re/public/agx-re/experiments/EXP-0118-a18-pro-partial-render-workload/build/g17ppartial.metallib
G17P_PARTIAL_LIBRARY_READY
G17P_PARTIAL_PIPELINE_BEGIN
G17P_PARTIAL_PIPELINE_READY
G17P_PARTIAL_READY submission=1/1 queue=1/1 input=0x10000018200 input_size=0x10 output0=0x10000058000 output_size=0x10000
G17P_PARTIAL_DUMP_BEFORE_COMMIT submission=1/1
G17P_PARTIAL_ACCUM submission=1 index=0 max=0.0156127615
G17P_PARTIAL_TARGET submission=1 index=0 exact_pixels=0/16384 changed_bytes=8 first=00000000
G17P_PARTIAL_ACCUM submission=1 index=1 max=0.031225523
G17P_PARTIAL_TARGET submission=1 index=1 exact_pixels=0/16384 changed_bytes=8 first=00000000
G17P_PARTIAL_ACCUM submission=1 index=2 max=0.0470877178
G17P_PARTIAL_TARGET submission=1 index=2 exact_pixels=0/16384 changed_bytes=8 first=00000000
G17P_PARTIAL_ACCUM submission=1 index=3 max=0.062451046
G17P_PARTIAL_TARGET submission=1 index=3 exact_pixels=0/16384 changed_bytes=8 first=00000000
G17P_PARTIAL_ACCUM submission=1 index=4 max=0.0786267072
G17P_PARTIAL_TARGET submission=1 index=4 exact_pixels=0/16384 changed_bytes=8 first=00000000
G17P_PARTIAL_ACCUM submission=1 index=5 max=0.0941754356
G17P_PARTIAL_TARGET submission=1 index=5 exact_pixels=0/16384 changed_bytes=8 first=00000000
G17P_PARTIAL_ACCUM submission=1 index=6 max=0.111300647
G17P_PARTIAL_TARGET submission=1 index=6 exact_pixels=0/16384 changed_bytes=8 first=00000000
G17P_PARTIAL_ACCUM submission=1 index=7 max=0.124902092
G17P_PARTIAL_TARGET submission=1 index=7 exact_pixels=0/16384 changed_bytes=8 first=00000000
G17P_PARTIAL_SUBMISSION_DONE submission=1/1 status=5 error=Discarded (victim of GPU error/recovery) (00000005:kIOGPUCommandBufferCallbackErrorInnocentVictim) exact=0
G17P_PARTIAL_DONE status=5 error=Discarded (victim of GPU error/recovery) (00000005:kIOGPUCommandBufferCallbackErrorInnocentVictim) exact=0 submissions=1/1
