# iotrace init pid=86835 dump_dir=/Users/user/asahi_re/public/agx-re/experiments/EXP-0043-command-stream-framing/raw/runs/m4-20260817-boundaries-a/cases/render_329/dumps max_struct=1048576 max_map=33554432 dump_atexit=0 n_dump_sel=0 only_conn=0x0
OPEN class=IOSurfaceRoot type=0 -> conn=1e03 ret=0x0
CALL seq=1 fn=Method conn=1e03 class=IOSurfaceRoot sel=13(0xd) inScalarCnt=0 inStructCnt=0
RET  seq=1 conn=1e03 sel=13(0xd) ret=0x0 outStructCnt=40
  OUT.struct len=40
  OUT 000000: ff3f 0000 7f00 0000 0080 0000 0000 0000 
  OUT 000010: 0040 0000 0000 0000 0040 0000 0000 0000 
  OUT 000020: 0000 0100 0000 0000                     
MEMENTRY size=0x40000 offset=0x1010dc000 perm=0x400001 parent=0x0 -> handle=0x1103 ret=0x0
CALL seq=2 fn=Method conn=1e03 class=IOSurfaceRoot sel=44(0x2c) inScalarCnt=1 inStructCnt=0 inScalars=[0x506]
RET  seq=2 conn=1e03 sel=44(0x2c) ret=0xe00002f0 outStructCnt=0
OPEN class=AGXAcceleratorG16G type=1048581 -> conn=2c03 ret=0x0
CALL seq=3 fn=Struct conn=2c03 class=AGXAcceleratorG16G sel=2(0x2) inScalarCnt=0 inStructCnt=0
RET  seq=3 conn=2c03 sel=2(0x2) ret=0x0 outStructCnt=536
  OUT.struct len=536
  OUT 000000: 0080 fd00 0100 0000 0800 0000 0800 0000 
  OUT 000010: 0000 0000 8000 0000 0000 0000 0400 0000 
  OUT 000020: 0800 0000 0c00 0000 1000 0000 1400 0000 
  OUT 000030: 1800 0000 1c00 0000 2000 0000 2400 0000 
  OUT 000040: 2800 0000 2c00 0000 3000 0000 3400 0000 
  OUT 000050: 3800 0000 3c00 0000 4000 0000 4400 0000 
  OUT 000060: 4800 0000 4c00 0000 5000 0000 5400 0000 
  OUT 000070: 5800 0000 5c00 0000 6000 0000 6400 0000 
  OUT 000080: 6800 0000 6c00 0000 7000 0000 7400 0000 
  OUT 000090: 7800 0000 7c00 0000 8000 0000 8400 0000 
  OUT 0000a0: 8800 0000 8c00 0000 9000 0000 9400 0000 
  OUT 0000b0: 9800 0000 9c00 0000 a000 0000 a400 0000 
  OUT 0000c0: a800 0000 ac00 0000 b000 0000 b400 0000 
  OUT 0000d0: b800 0000 bc00 0000 c000 0000 c400 0000 
  OUT 0000e0: c800 0000 cc00 0000 d000 0000 d400 0000 
  OUT 0000f0: d800 0000 dc00 0000 e000 0000 e400 0000 
  OUT 000100: e800 0000 ec00 0000 f000 0000 f400 0000 
  OUT 000110: f800 0000 fc00 0000 0001 0000 0401 0000 
  OUT 000120: 0801 0000 0c01 0000 1001 0000 1401 0000 
  OUT 000130: 1801 0000 1c01 0000 2001 0000 2401 0000 
  OUT 000140: 2801 0000 2c01 0000 3001 0000 3401 0000 
  OUT 000150: 3801 0000 3c01 0000 4001 0000 4401 0000 
  OUT 000160: 4801 0000 4c01 0000 5001 0000 5401 0000 
  OUT 000170: 5801 0000 5c01 0000 6001 0000 6401 0000 
  OUT 000180: 6801 0000 6c01 0000 7001 0000 7401 0000 
  OUT 000190: 7801 0000 7c01 0000 8001 0000 8401 0000 
  OUT 0001a0: 8801 0000 8c01 0000 9001 0000 9401 0000 
  OUT 0001b0: 9801 0000 9c01 0000 a001 0000 a401 0000 
  OUT 0001c0: a801 0000 ac01 0000 b001 0000 b401 0000 
  OUT 0001d0: b801 0000 bc01 0000 c001 0000 c401 0000 
  OUT 0001e0: c801 0000 cc01 0000 d001 0000 d401 0000 
  OUT 0001f0: d801 0000 dc01 0000 e001 0000 e401 0000 
  OUT 000200: e801 0000 ec01 0000 f001 0000 f401 0000 
  OUT 000210: f801 0000 fc01 0000                     
CALL seq=4 fn=Struct conn=2c03 class=AGXAcceleratorG16G sel=0(0x0) inScalarCnt=0 inStructCnt=0
RET  seq=4 conn=2c03 sel=0(0x0) ret=0x0 outStructCnt=64
  OUT.struct len=64
  OUT 000000: 4043 0000 0000 0000 0000 0000 0000 0000 
  OUT 000010: 0000 0000 0000 0000 0200 0000 0000 0000 
  OUT 000020: 00c0 c2f5 0200 0000 0000 5238 0200 0000 
  OUT 000030: 0000 0000 0000 0000 0000 0000 0000 0000 
CALL seq=5 fn=Struct conn=2c03 class=AGXAcceleratorG16G sel=5(0x5) inScalarCnt=0 inStructCnt=0
RET  seq=5 conn=2c03 sel=5(0x5) ret=0x0 outStructCnt=32
  OUT.struct len=32
  OUT 000000: 47d5 b061 0000 0000 0000 fe00 0100 0000 
  OUT 000010: 00c0 1101 0100 0000 0040 0000 0000 0000 
CALL seq=6 fn=Method conn=1e03 class=IOSurfaceRoot sel=32(0x20) inScalarCnt=0 inStructCnt=0
RET  seq=6 conn=1e03 sel=32(0x20) ret=0x0 outScalars=[0x100c74000]
CALL seq=7 fn=Struct conn=2c03 class=AGXAcceleratorG16G sel=258(0x102) inScalarCnt=0 inStructCnt=0
RET  seq=7 conn=2c03 sel=258(0x102) ret=0x0 outStructCnt=456
  OUT.struct len=456
  OUT 000000: 0000 0000 0000 0000 0000 0000 0000 0000 
  OUT 000010: 0000 0000 0000 0000 0000 0000 0000 0000 
  OUT 000020: 0000 0000 0000 0000 0000 0000 0000 0000 
  OUT 000030: 0000 0000 0000 0000 0000 0000 0000 0000 
  OUT 000040: 0000 0000 0000 0000 0000 0000 0000 0000 
  OUT 000050: 0000 0000 0000 0000 0000 0000 0000 0000 
  OUT 000060: 0000 0000 0000 0000 0000 0000 0000 0000 
  OUT 000070: 0000 0000 0000 0000 0000 0000 0000 0000 
  OUT 000080: 0000 0000 0000 0000 0000 0000 0000 0000 
  OUT 000090: 0000 0000 0000 0000 0000 0000 0000 0000 
  OUT 0000a0: 0000 0000 0000 0000 0000 0000 0000 0000 
  OUT 0000b0: 0000 0000 0000 0000 0000 0000 0000 0000 
  OUT 0000c0: 0000 0000 0000 0000 4a75 6c20 3331 2032 
  OUT 0000d0: 3032 3620 3232 3a34 333a 3233 0000 0000 
  OUT 0000e0: 0000 0000 0000 0000 7265 6c65 6173 6520 
  OUT 0000f0: 6665 6e64 6572 5f73 6372 6174 6368 5f72 
  OUT 000100: 616d 5f72 6574 656e 7469 6f6e 0000 0000 
  OUT 000110: 0000 0000 0000 0000 0000 0000 0000 0000 
  OUT 000120: 0000 0000 0000 0000 0000 0000 0000 0000 
  OUT 000130: 0000 0000 0000 0000 0000 0000 0000 0000 
  OUT 000140: 0000 0000 0000 0000 0000 0000 0000 0000 
  OUT 000150: 0000 0000 0000 0000 0000 0000 0000 0000 
  OUT 000160: 0000 0000 0000 0000 0000 0000 0000 0000 
  OUT 000170: 0000 0000 0000 0000 0000 0000 0000 0000 
  OUT 000180: 0000 0000 0000 0000 0000 0000 0000 0000 
  OUT 000190: 0000 0000 0000 0000 0000 0000 0000 0000 
  OUT 0001a0: 0000 0000 0000 0000 4a37 3733 6741 5000 
  OUT 0001b0: 0000 0000 0000 0000 0000 0000 0000 0000 
  OUT 0001c0: 0000 0000 0000 0000                     
CALL seq=8 fn=Struct conn=2c03 class=AGXAcceleratorG16G sel=256(0x100) inScalarCnt=0 inStructCnt=0
RET  seq=8 conn=2c03 sel=256(0x100) ret=0x0 outStructCnt=152
  OUT.struct len=152
  OUT 000000: 0000 0000 0000 0000 0000 0000 0000 0000 
  OUT 000010: ff03 0000 0000 0000 0000 0000 0000 0000 
  OUT 000020: 1b00 0000 0400 0000 0000 0000 0000 0000 
  OUT 000030: 0a00 0000 0400 0000 0400 0000 0400 0000 
  OUT 000040: 0000 0000 0a00 0000 0200 0000 0300 0000 
  OUT 000050: 0300 0000 0200 0000 0300 0000 0300 0000 
  OUT 000060: 1000 0000 0100 0000 0100 0000 0100 0000 
  OUT 000070: 0100 0000 0a00 0000 0a00 0000 0000 0000 
  OUT 000080: 0000 0000 0001 0100 0000 0000 0000 0300 
  OUT 000090: 0000 0000 0000 0000                     
CALL seq=9 fn=Method conn=2c03 class=AGXAcceleratorG16G sel=9(0x9) inScalarCnt=0 inStructCnt=104
  IN.struct len=104
  IN 000000: 0000 0000 0000 0000 0100 0100 0100 0000 
  IN 000010: 0101 0001 3004 0000 0000 0000 0000 0000 
  IN 000020: 0000 0000 0000 0000 0000 0000 0000 0000 
  IN 000030: 0000 0000 0000 0000 0000 0000 0000 0000 
  IN 000040: 0000 0000 0000 0000 0000 0100 0000 0000 
  IN 000050: 0000 0000 0000 0000 0000 0008 1800 0000 
  IN 000060: 0000 0000 0000 0000                     
RET  seq=9 conn=2c03 sel=9(0x9) ret=0x0 outStructCnt=88
  OUT.struct len=88
  OUT 000000: 0000 0000 0001 0000 0040 6a05 0100 0000 
  OUT 000010: c0c0 1101 0100 0000 0000 0000 0000 0000 
  OUT 000020: 0000 0000 0100 0000 0000 0100 0000 0000 
  OUT 000030: 48d5 b061 0000 0000 bb4a 5400 0000 0000 
  OUT 000040: 0000 0000 0000 0000 0000 0000 0000 0000 
  OUT 000050: 0000 0100 0000 0000                     
CALL seq=10 fn=Struct conn=2c03 class=AGXAcceleratorG16G sel=261(0x105) inScalarCnt=0 inStructCnt=72
  IN.struct len=72
  IN 000000: 0b00 0000 0000 0000 0000 0000 0000 0000 
  IN 000010: 0000 0000 0000 0000 0000 0000 0000 0000 
  IN 000020: 0000 0000 0000 0000 0000 0000 0000 0000 
  IN 000030: 0000 0000 0000 0000 0000 0000 0000 0000 
  IN 000040: 0000 0000 0000 0000                     
RET  seq=10 conn=2c03 sel=261(0x105) ret=0x0 outStructCnt=72
  OUT.struct len=72
  OUT 000000: 0b00 0000 0000 0000 0000 0000 0000 0000 
  OUT 000010: 0000 0000 0000 0000 0000 0000 0000 0000 
  OUT 000020: 0000 0000 0000 0000 0000 0000 0000 0000 
  OUT 000030: 0200 0000 0000 0000 0000 0000 0000 0000 
  OUT 000040: 0000 0000 0000 0000                     
CALL seq=11 fn=Method conn=2c03 class=AGXAcceleratorG16G sel=9(0x9) inScalarCnt=0 inStructCnt=104
  IN.struct len=104
  IN 000000: 0000 0000 0000 0000 0100 0100 0100 0000 
  IN 000010: 0101 0001 7004 0000 0000 0000 0000 0000 
  IN 000020: 0000 0000 0000 0000 0000 0000 0000 0000 
  IN 000030: 0100 0000 0000 0000 0000 0000 0000 0000 
  IN 000040: 0000 0000 0000 0000 0038 0000 0000 0000 
  IN 000050: 0000 0000 0000 0000 0000 0058 1800 0000 
  IN 000060: 0000 0000 0000 0000                     
RET  seq=11 conn=2c03 sel=9(0x9) ret=0x0 outStructCnt=88
  OUT.struct len=88
  OUT 000000: 0000 0000 6f00 0000 0040 6b05 0100 0000 
  OUT 000010: 80c1 1101 0100 0000 0000 0000 0000 0000 
  OUT 000020: 0000 0000 0200 0000 0040 0000 0000 0000 
  OUT 000030: 49d5 b061 0000 0000 bc4a 5400 0000 0000 
  OUT 000040: 0000 0000 0000 0000 0000 0000 0000 0000 
  OUT 000050: 0040 0000 0000 0000                     
CALL seq=12 fn=Method conn=2c03 class=AGXAcceleratorG16G sel=9(0x9) inScalarCnt=0 inStructCnt=104
  IN.struct len=104
  IN 000000: 0000 0000 0000 0000 0100 0100 0100 0000 
  IN 000010: 0101 0001 3004 0000 0000 0000 0000 0000 
  IN 000020: 0000 0000 0000 0000 0000 0000 0000 0000 
  IN 000030: 0000 0000 0000 0000 0000 0000 0000 0000 
  IN 000040: 0000 0000 0000 0000 0000 0100 0000 0000 
  IN 000050: 0000 0000 0000 0000 0000 0008 1800 0000 
  IN 000060: 0000 0000 0000 0000                     
RET  seq=12 conn=2c03 sel=9(0x9) ret=0x0 outStructCnt=88
  OUT.struct len=88
  OUT 000000: 0080 0100 0001 0000 0000 7805 0100 0000 
  OUT 000010: 40c2 1101 0100 0000 0000 0000 0000 0000 
  OUT 000020: 0000 0000 0300 0000 0000 0100 0000 0000 
  OUT 000030: 60d5 b061 0000 0000 bd4a 5400 0000 0000 
  OUT 000040: 0000 0000 0000 0000 0000 0000 0000 0000 
  OUT 000050: 0000 0100 0000 0000                     
CALL seq=13 fn=Method conn=2c03 class=AGXAcceleratorG16G sel=9(0x9) inScalarCnt=0 inStructCnt=104
  IN.struct len=104
  IN 000000: 0000 0000 0000 0000 0100 0100 0100 0000 
  IN 000010: 0101 0001 7004 0000 0000 0000 0000 0000 
  IN 000020: 0000 0000 0000 0000 0000 0000 0000 0000 
  IN 000030: 0100 0000 0000 0000 0000 0000 0000 0000 
  IN 000040: 0000 0000 0000 0000 0000 0200 0000 0000 
  IN 000050: 0000 0000 0000 0000 0000 0000 0000 0000 
  IN 000060: 8809 7407 0100 0000                     
RET  seq=13 conn=2c03 sel=9(0x9) ret=0x0 outStructCnt=88
  OUT.struct len=88
  OUT 000000: 0000 0300 0001 0000 0000 7905 0100 0000 
  OUT 000010: 00c3 1101 0100 0000 0000 0000 0000 0000 
  OUT 000020: 0000 0000 0400 0000 0000 0200 0000 0000 
  OUT 000030: 61d5 b061 0000 0000 be4a 5400 0000 0000 
  OUT 000040: 0000 0000 0000 0000 0000 0000 0000 0000 
  OUT 000050: 0000 0200 0000 0000                     
CALL seq=14 fn=Method conn=2c03 class=AGXAcceleratorG16G sel=9(0x9) inScalarCnt=0 inStructCnt=104
  IN.struct len=104
  IN 000000: 8000 0000 0000 0000 0100 0100 0100 0000 
  IN 000010: 0101 0001 300c 0000 0000 0000 0000 0000 
  IN 000020: 0000 0000 0000 0000 0000 0000 0000 0000 
  IN 000030: 0000 0000 0000 0000 0000 7905 0100 0000 
  IN 000040: 0000 7905 0100 0000 0000 0200 0000 0000 
  IN 000050: 0400 0000 0000 0000 0000 0000 1800 0000 
  IN 000060: 4015 7407 0100 0000                     
RET  seq=14 conn=2c03 sel=9(0x9) ret=0x0 outStructCnt=88
  OUT.struct len=88
  OUT 000000: 0000 0300 0001 0000 0000 0000 0000 0000 
  OUT 000010: c0c3 1101 0100 0000 0000 0000 0000 0000 
  OUT 000020: 0000 0000 0500 0000 0000 0200 0000 0000 
  OUT 000030: 62d5 b061 0000 0000 be4a 5400 0000 0000 
  OUT 000040: 0000 0000 0000 0000 0000 0000 0000 0000 
  OUT 000050: 0000 0200 0000 0000                     
CALL seq=15 fn=Method conn=2c03 class=AGXAcceleratorG16G sel=9(0x9) inScalarCnt=0 inStructCnt=104
  IN.struct len=104
  IN 000000: 0000 0000 0000 0000 0100 0100 0100 0000 
  IN 000010: 0101 0001 3084 0000 0000 0000 0000 0000 
  IN 000020: 0000 0000 0000 0000 0000 0000 0000 0000 
  IN 000030: 0000 0000 0000 0000 0000 0000 0000 0000 
  IN 000040: 0000 0000 0000 0000 0000 0100 0000 0000 
  IN 000050: 0000 0000 0000 0000 0000 0038 1800 0000 
  IN 000060: 0000 0000 0000 0000                     
RET  seq=15 conn=2c03 sel=9(0x9) ret=0x0 outStructCnt=88
  OUT.struct len=88
  OUT 000000: 0000 0000 0000 0000 0000 7b05 0100 0000 
  OUT 000010: 80c4 1101 0100 0000 0000 0000 0000 0000 
  OUT 000020: 0000 0000 0600 0000 0000 0100 0000 0000 
  OUT 000030: 63d5 b061 0000 0000 bf4a 5400 0000 0000 
  OUT 000040: 0000 0000 0000 0000 0000 0000 0000 0000 
  OUT 000050: 0000 0100 0000 0000                     
CALL seq=16 fn=Method conn=2c03 class=AGXAcceleratorG16G sel=9(0x9) inScalarCnt=0 inStructCnt=104
  IN.struct len=104
  IN 000000: 8000 0000 0000 0000 0100 0100 0100 0000 
  IN 000010: 0101 0001 300c 0000 0000 0000 0000 0000 
  IN 000020: 0000 0000 0000 0000 0000 0000 0000 0000 
  IN 000030: 0000 0000 0000 0000 0002 7905 0100 0000 
  IN 000040: 0000 7905 0100 0000 0000 0200 0000 0000 
  IN 000050: 0400 0000 0000 0000 0000 0000 0000 0000 
  IN 000060: 8809 7407 0100 0000                     
RET  seq=16 conn=2c03 sel=9(0x9) ret=0x0 outStructCnt=88
  OUT.struct len=88
  OUT 000000: 0002 0300 0001 0000 0000 0000 0000 0000 
  OUT 000010: 40c5 1101 0100 0000 0000 0000 0000 0000 
  OUT 000020: 0000 0000 0700 0000 0000 0200 0000 0000 
  OUT 000030: 64d5 b061 0000 0000 be4a 5400 0000 0000 
  OUT 000040: 0000 0000 0000 0000 0000 0000 0000 0000 
  OUT 000050: 00fe 0100 0000 0000                     
CALL seq=17 fn=Method conn=2c03 class=AGXAcceleratorG16G sel=9(0x9) inScalarCnt=0 inStructCnt=104
  IN.struct len=104
  IN 000000: 8000 0000 0000 0000 0100 0100 0100 0000 
  IN 000010: 0101 0001 300c 0000 0000 0000 0000 0000 
  IN 000020: 0000 0000 0000 0000 0000 0000 0000 0000 
  IN 000030: 0000 0000 0000 0000 0003 7905 0100 0000 
  IN 000040: 0000 7905 0100 0000 0000 0200 0000 0000 
  IN 000050: 0400 0000 0000 0000 0000 0000 0000 0000 
  IN 000060: 8809 7407 0100 0000                     
RET  seq=17 conn=2c03 sel=9(0x9) ret=0x0 outStructCnt=88
  OUT.struct len=88
  OUT 000000: 0003 0300 0001 0000 0000 0000 0000 0000 
  OUT 000010: 00c6 1101 0100 0000 0000 0000 0000 0000 
  OUT 000020: 0000 0000 0800 0000 0000 0200 0000 0000 
  OUT 000030: 65d5 b061 0000 0000 be4a 5400 0000 0000 
  OUT 000040: 0000 0000 0000 0000 0000 0000 0000 0000 
  OUT 000050: 00fd 0100 0000 0000                     
CALL seq=18 fn=Method conn=2c03 class=AGXAcceleratorG16G sel=9(0x9) inScalarCnt=0 inStructCnt=104
  IN.struct len=104
  IN 000000: 0000 0000 0000 0000 0100 0100 0100 0000 
  IN 000010: 0101 0001 7004 0000 0000 0000 0000 0000 
  IN 000020: 0000 0000 0000 0000 0000 0000 0000 0000 
  IN 000030: 0100 0000 0000 0000 0000 0000 0000 0000 
  IN 000040: 0000 0000 0000 0000 0040 0000 0000 0000 
  IN 000050: 0000 0000 0000 0000 0000 0000 0000 0000 
  IN 000060: 5800 a5f5 0100 0000                     
RET  seq=18 conn=2c03 sel=9(0x9) ret=0x0 outStructCnt=88
  OUT.struct len=88
  OUT 000000: 0080 0500 0001 0000 0000 7c05 0100 0000 
  OUT 000010: c0c6 1101 0100 0000 0000 0000 0000 0000 
  OUT 000020: 0000 0000 0900 0000 0040 0000 0000 0000 
  OUT 000030: 66d5 b061 0000 0000 c04a 5400 0000 0000 
  OUT 000040: 0000 0000 0000 0000 0000 0000 0000 0000 
  OUT 000050: 0040 0000 0000 0000                     
CALL seq=19 fn=Method conn=2c03 class=AGXAcceleratorG16G sel=9(0x9) inScalarCnt=0 inStructCnt=104
  IN.struct len=104
  IN 000000: 8000 0000 0000 0000 0100 0100 0100 0000 
  IN 000010: 0101 0001 300c 0000 0000 0000 0000 0000 
  IN 000020: 0000 0000 0000 0000 0000 0000 0000 0000 
  IN 000030: 0000 0000 0000 0000 0004 7905 0100 0000 
  IN 000040: 0000 7905 0100 0000 0000 0200 0000 0000 
  IN 000050: 0400 0000 0000 0000 0000 0000 1800 0000 
  IN 000060: 4015 7407 0100 0000                     
RET  seq=19 conn=2c03 sel=9(0x9) ret=0x0 outStructCnt=88
  OUT.struct len=88
  OUT 000000: 0004 0300 0001 0000 0000 0000 0000 0000 
  OUT 000010: 80c7 1101 0100 0000 0000 0000 0000 0000 
  OUT 000020: 0000 0000 0a00 0000 0000 0200 0000 0000 
  OUT 000030: 67d5 b061 0000 0000 be4a 5400 0000 0000 
  OUT 000040: 0000 0000 0000 0000 0000 0000 0000 0000 
  OUT 000050: 00fc 0100 0000 0000                     
CALL seq=20 fn=Method conn=2c03 class=AGXAcceleratorG16G sel=9(0x9) inScalarCnt=0 inStructCnt=104
  IN.struct len=104
  IN 000000: 8000 0000 0000 0000 0100 0100 0100 0000 
  IN 000010: 0101 0001 300c 0000 0000 0000 0000 0000 
  IN 000020: 0000 0000 0000 0000 0000 0000 0000 0000 
  IN 000030: 0000 0000 0000 0000 0006 7905 0100 0000 
  IN 000040: 0000 7905 0100 0000 0000 0200 0000 0000 
  IN 000050: 0400 0000 0000 0000 0000 0000 1800 0000 
  IN 000060: b81c 093b 0b00 0000                     
RET  seq=20 conn=2c03 sel=9(0x9) ret=0x0 outStructCnt=88
  OUT.struct len=88
  OUT 000000: 0006 0300 0001 0000 0000 0000 0000 0000 
  OUT 000010: 40c8 1101 0100 0000 0000 0000 0000 0000 
  OUT 000020: 0000 0000 0b00 0000 0000 0200 0000 0000 
  OUT 000030: 68d5 b061 0000 0000 be4a 5400 0000 0000 
  OUT 000040: 0000 0000 0000 0000 0000 0000 0000 0000 
  OUT 000050: 00fa 0100 0000 0000                     
CALL seq=21 fn=Method conn=2c03 class=AGXAcceleratorG16G sel=9(0x9) inScalarCnt=0 inStructCnt=104
  IN.struct len=104
  IN 000000: 8000 0000 0000 0000 0100 0100 0100 0000 
  IN 000010: 0101 0001 300c 0000 0000 0000 0000 0000 
  IN 000020: 0000 0000 0000 0000 0000 0000 0000 0000 
  IN 000030: 0000 0000 0000 0000 0008 7905 0100 0000 
  IN 000040: 0000 7905 0100 0000 0000 0200 0000 0000 
  IN 000050: 0400 0000 0000 0000 0000 0000 1800 0000 
  IN 000060: b81c 093b 0b00 0000                     
RET  seq=21 conn=2c03 sel=9(0x9) ret=0x0 outStructCnt=88
  OUT.struct len=88
  OUT 000000: 0008 0300 0001 0000 0000 0000 0000 0000 
  OUT 000010: 00c9 1101 0100 0000 0000 0000 0000 0000 
  OUT 000020: 0000 0000 0c00 0000 0000 0200 0000 0000 
  OUT 000030: 69d5 b061 0000 0000 be4a 5400 0000 0000 
  OUT 000040: 0000 0000 0000 0000 0000 0000 0000 0000 
  OUT 000050: 00f8 0100 0000 0000                     
CALL seq=22 fn=Method conn=2c03 class=AGXAcceleratorG16G sel=7(0x7) inScalarCnt=0 inStructCnt=1040
  IN.struct len=1040
  IN 000000: 2f55 7365 7273 2f75 7365 722f 6173 6168 
  IN 000010: 695f 7265 2f70 7562 6c69 632f 6167 782d 
  IN 000020: 7265 2f65 7870 6572 696d 656e 7473 2f45 
  IN 000030: 5850 2d30 3034 332d 636f 6d6d 616e 642d 
  IN 000040: 7374 7265 616d 2d66 7261 6d69 6e67 2f62 
  IN 000050: 7569 6c64 2f6d 342d 3230 3236 3038 3137 
  IN 000060: 2d62 6f75 6e64 6172 6965 732d 612f 6672 
  IN 000070: 616d 696e 6700 0000 0000 0000 0000 0000 
  IN 000080: 0000 0000 0000 0000 0000 0000 0000 0000 
  IN 000090: 0000 0000 0000 0000 0000 0000 0000 0000 
  IN 0000a0: 0000 0000 0000 0000 0000 0000 0000 0000 
  IN 0000b0: 0000 0000 0000 0000 0000 0000 0000 0000 
  IN 0000c0: 0000 0000 0000 0000 0000 0000 0000 0000 
  IN 0000d0: 0000 0000 0000 0000 0000 0000 0000 0000 
  IN 0000e0: 0000 0000 0000 0000 0000 0000 0000 0000 
  IN 0000f0: 0000 0000 0000 0000 0000 0000 0000 0000 
  IN 000100: 0000 0000 0000 0000 0000 0000 0000 0000 
  IN 000110: 0000 0000 0000 0000 0000 0000 0000 0000 
  IN 000120: 0000 0000 0000 0000 0000 0000 0000 0000 
  IN 000130: 0000 0000 0000 0000 0000 0000 0000 0000 
  IN 000140: 0000 0000 0000 0000 0000 0000 0000 0000 
  IN 000150: 0000 0000 0000 0000 0000 0000 0000 0000 
  IN 000160: 0000 0000 0000 0000 0000 0000 0000 0000 
  IN 000170: 0000 0000 0000 0000 0000 0000 0000 0000 
  IN 000180: 0000 0000 0000 0000 0000 0000 0000 0000 
  IN 000190: 0000 0000 0000 0000 0000 0000 0000 0000 
  IN 0001a0: 0000 0000 0000 0000 0000 0000 0000 0000 
  IN 0001b0: 0000 0000 0000 0000 0000 0000 0000 0000 
  IN 0001c0: 0000 0000 0000 0000 0000 0000 0000 0000 
  IN 0001d0: 0000 0000 0000 0000 0000 0000 0000 0000 
  IN 0001e0: 0000 0000 0000 0000 0000 0000 0000 0000 
  IN 0001f0: 0000 0000 0000 0000 0000 0000 0000 0000 
  IN 000200: 0000 0000 0000 0000 0000 0000 0000 0000 
  IN 000210: 0000 0000 0000 0000 0000 0000 0000 0000 
  IN 000220: 0000 0000 0000 0000 0000 0000 0000 0000 
  IN 000230: 0000 0000 0000 0000 0000 0000 0000 0000 
  IN 000240: 0000 0000 0000 0000 0000 0000 0000 0000 
  IN 000250: 0000 0000 0000 0000 0000 0000 0000 0000 
  IN 000260: 0000 0000 0000 0000 0000 0000 0000 0000 
  IN 000270: 0000 0000 0000 0000 0000 0000 0000 0000 
  IN 000280: 0000 0000 0000 0000 0000 0000 0000 0000 
  IN 000290: 0000 0000 0000 0000 0000 0000 0000 0000 
  IN 0002a0: 0000 0000 0000 0000 0000 0000 0000 0000 
  IN 0002b0: 0000 0000 0000 0000 0000 0000 0000 0000 
  IN 0002c0: 0000 0000 0000 0000 0000 0000 0000 0000 
  IN 0002d0: 0000 0000 0000 0000 0000 0000 0000 0000 
  IN 0002e0: 0000 0000 0000 0000 0000 0000 0000 0000 
  IN 0002f0: 0000 0000 0000 0000 0000 0000 0000 0000 
  IN 000300: 0000 0000 0000 0000 0000 0000 0000 0000 
  IN 000310: 0000 0000 0000 0000 0000 0000 0000 0000 
  IN 000320: 0000 0000 0000 0000 0000 0000 0000 0000 
  IN 000330: 0000 0000 0000 0000 0000 0000 0000 0000 
  IN 000340: 0000 0000 0000 0000 0000 0000 0000 0000 
  IN 000350: 0000 0000 0000 0000 0000 0000 0000 0000 
  IN 000360: 0000 0000 0000 0000 0000 0000 0000 0000 
  IN 000370: 0000 0000 0000 0000 0000 0000 0000 0000 
  IN 000380: 0000 0000 0000 0000 0000 2f55 7365 7273 
  IN 000390: 2f75 7365 722f 6173 6168 695f 7265 2f70 
  IN 0003a0: 7562 6c69 632f 6167 782d 7265 2f65 7870 
  IN 0003b0: 6572 696d 656e 7473 2f45 5850 2d30 3034 
  IN 0003c0: 332d 636f 6d6d 616e 642d 7374 7265 616d 
  IN 0003d0: 2d66 7261 6d69 6e67 2f62 7569 6c64 2f6d 
  IN 0003e0: 342d 3230 3236 3038 3137 2d62 6f75 6e64 
  IN 0003f0: 6172 6965 732d 612f 6672 616d 696e 6700 
  IN 000400: 0200 0000 0000 0000 ffff ffff 0100 0000 
RET  seq=22 conn=2c03 sel=7(0x7) ret=0x0 outStructCnt=16
  OUT.struct len=16
  OUT 000000: 0100 0000 0000 0000 6ad5 b061 0000 0000 
CALL seq=23 fn=Method conn=2c03 class=AGXAcceleratorG16G sel=16(0x10) inScalarCnt=2 inStructCnt=0 inScalars=[0x100,0x28]
RET  seq=23 conn=2c03 sel=16(0x10) ret=0x0 outStructCnt=16
  OUT.struct len=16
  OUT 000000: 0040 7c05 0100 0000 0100 0000 0000 0000 
CALL seq=24 fn=Method conn=2c03 class=AGXAcceleratorG16G sel=28(0x1c) inScalarCnt=2 inStructCnt=0 inScalars=[0x1,0x1]
RET  seq=24 conn=2c03 sel=28(0x1c) ret=0x0
CALL seq=25 fn=Method conn=2c03 class=AGXAcceleratorG16G sel=9(0x9) inScalarCnt=0 inStructCnt=104
  IN.struct len=104
  IN 000000: 8000 0000 0000 0000 0100 0100 0100 0000 
  IN 000010: 0101 0001 300c 0000 0000 0000 0000 0000 
  IN 000020: 0000 0000 0000 0000 0000 0000 0000 0000 
  IN 000030: 0000 0000 0000 0000 0009 7905 0100 0000 
  IN 000040: 0000 7905 0100 0000 0000 0200 0000 0000 
  IN 000050: 0400 0000 0000 0000 0000 0000 1800 0000 
  IN 000060: 3025 093b 0b00 0000                     
RET  seq=25 conn=2c03 sel=9(0x9) ret=0x0 outStructCnt=88
  OUT.struct len=88
  OUT 000000: 0009 0300 0001 0000 0000 0000 0000 0000 
  OUT 000010: c0c9 1101 0100 0000 0000 0000 0000 0000 
  OUT 000020: 0000 0000 0d00 0000 0000 0200 0000 0000 
  OUT 000030: 6dd5 b061 0000 0000 be4a 5400 0000 0000 
  OUT 000040: 0000 0000 0000 0000 0000 0000 0000 0000 
  OUT 000050: 00f7 0100 0000 0000                     
CALL seq=26 fn=Method conn=2c03 class=AGXAcceleratorG16G sel=9(0x9) inScalarCnt=0 inStructCnt=104
  IN.struct len=104
  IN 000000: 8000 0000 0000 0000 0100 0100 0100 0000 
  IN 000010: 0101 0001 300c 0000 0000 0000 0000 0000 
  IN 000020: 0000 0000 0000 0000 0000 0000 0000 0000 
  IN 000030: 0000 0000 0000 0000 000a 7905 0100 0000 
  IN 000040: 0000 7905 0100 0000 0000 0200 0000 0000 
  IN 000050: 0400 0000 0000 0000 0000 0000 1800 0000 
  IN 000060: 5028 093b 0b00 0000                     
RET  seq=26 conn=2c03 sel=9(0x9) ret=0x0 outStructCnt=88
  OUT.struct len=88
  OUT 000000: 000a 0300 0001 0000 0000 0000 0000 0000 
  OUT 000010: 80ca 1101 0100 0000 0000 0000 0000 0000 
  OUT 000020: 0000 0000 0e00 0000 0000 0200 0000 0000 
  OUT 000030: 6ed5 b061 0000 0000 be4a 5400 0000 0000 
  OUT 000040: 0000 0000 0000 0000 0000 0000 0000 0000 
  OUT 000050: 00f6 0100 0000 0000                     
CALL seq=27 fn=Method conn=2c03 class=AGXAcceleratorG16G sel=9(0x9) inScalarCnt=0 inStructCnt=104
  IN.struct len=104
  IN 000000: 8000 0000 0000 0000 0100 0100 0100 0000 
  IN 000010: 0101 0001 300c 0000 0000 0000 0000 0000 
  IN 000020: 0000 0000 0000 0000 0000 0000 0000 0000 
  IN 000030: 0000 0000 0000 0000 000b 7905 0100 0000 
  IN 000040: 0000 7905 0100 0000 0000 0200 0000 0000 
  IN 000050: 0400 0000 0000 0000 0000 0000 1800 0000 
  IN 000060: 702b 093b 0b00 0000                     
RET  seq=27 conn=2c03 sel=9(0x9) ret=0x0 outStructCnt=88
  OUT.struct len=88
  OUT 000000: 000b 0300 0001 0000 0000 0000 0000 0000 
  OUT 000010: 40cb 1101 0100 0000 0000 0000 0000 0000 
  OUT 000020: 0000 0000 0f00 0000 0000 0200 0000 0000 
  OUT 000030: 6fd5 b061 0000 0000 be4a 5400 0000 0000 
  OUT 000040: 0000 0000 0000 0000 0000 0000 0000 0000 
  OUT 000050: 00f5 0100 0000 0000                     
CALL seq=28 fn=Method conn=2c03 class=AGXAcceleratorG16G sel=9(0x9) inScalarCnt=0 inStructCnt=104
  IN.struct len=104
  IN 000000: 8000 0000 0000 0000 0100 0100 0100 0000 
  IN 000010: 0101 0001 300c 0000 0000 0000 0000 0000 
  IN 000020: 0000 0000 0000 0000 0000 0000 0000 0000 
  IN 000030: 0000 0000 0000 0000 001b 7905 0100 0000 
  IN 000040: 0000 7905 0100 0000 0000 0200 0000 0000 
  IN 000050: 0400 0000 0000 0000 0000 0000 1800 0000 
  IN 000060: 902e 093b 0b00 0000                     
RET  seq=28 conn=2c03 sel=9(0x9) ret=0x0 outStructCnt=88
  OUT.struct len=88
  OUT 000000: 001b 0300 0001 0000 0000 0000 0000 0000 
  OUT 000010: 00cc 1101 0100 0000 0000 0000 0000 0000 
  OUT 000020: 0000 0000 1000 0000 0000 0200 0000 0000 
  OUT 000030: 70d5 b061 0000 0000 be4a 5400 0000 0000 
  OUT 000040: 0000 0000 0000 0000 0000 0000 0000 0000 
  OUT 000050: 00e5 0100 0000 0000                     
CALL seq=29 fn=Method conn=2c03 class=AGXAcceleratorG16G sel=9(0x9) inScalarCnt=0 inStructCnt=104
  IN.struct len=104
  IN 000000: 8000 0000 0000 0000 0100 0100 0100 0000 
  IN 000010: 0101 0001 300c 0000 0000 0000 0000 0000 
  IN 000020: 0000 0000 0000 0000 0000 0000 0000 0000 
  IN 000030: 0000 0000 0000 0000 001c 7905 0100 0000 
  IN 000040: 0000 7905 0100 0000 0000 0200 0000 0000 
  IN 000050: 0400 0000 0000 0000 0000 0000 1800 0000 
  IN 000060: 9831 093b 0b00 0000                     
RET  seq=29 conn=2c03 sel=9(0x9) ret=0x0 outStructCnt=88
  OUT.struct len=88
  OUT 000000: 001c 0300 0001 0000 0000 0000 0000 0000 
  OUT 000010: c0cc 1101 0100 0000 0000 0000 0000 0000 
  OUT 000020: 0000 0000 1100 0000 0000 0200 0000 0000 
  OUT 000030: 71d5 b061 0000 0000 be4a 5400 0000 0000 
  OUT 000040: 0000 0000 0000 0000 0000 0000 0000 0000 
  OUT 000050: 00e4 0100 0000 0000                     
CALL seq=30 fn=Method conn=2c03 class=AGXAcceleratorG16G sel=9(0x9) inScalarCnt=0 inStructCnt=104
  IN.struct len=104
  IN 000000: 8000 0000 0000 0000 0100 0100 0100 0000 
  IN 000010: 0101 0001 300c 0000 0000 0000 0000 0000 
  IN 000020: 0000 0000 0000 0000 0000 0000 0000 0000 
  IN 000030: 0000 0000 0000 0000 001d 7905 0100 0000 
  IN 000040: 0000 7905 0100 0000 0000 0200 0000 0000 
  IN 000050: 0400 0000 0000 0000 0000 0000 1800 0000 
  IN 000060: a034 093b 0b00 0000                     
RET  seq=30 conn=2c03 sel=9(0x9) ret=0x0 outStructCnt=88
  OUT.struct len=88
  OUT 000000: 001d 0300 0001 0000 0000 0000 0000 0000 
  OUT 000010: 80cd 1101 0100 0000 0000 0000 0000 0000 
  OUT 000020: 0000 0000 1200 0000 0000 0200 0000 0000 
  OUT 000030: 72d5 b061 0000 0000 be4a 5400 0000 0000 
  OUT 000040: 0000 0000 0000 0000 0000 0000 0000 0000 
  OUT 000050: 00e3 0100 0000 0000                     
CALL seq=31 fn=Method conn=2c03 class=AGXAcceleratorG16G sel=9(0x9) inScalarCnt=0 inStructCnt=104
  IN.struct len=104
  IN 000000: 8000 0000 0000 0000 0100 0100 0100 0000 
  IN 000010: 0101 0001 300c 0000 0000 0000 0000 0000 
  IN 000020: 0000 0000 0000 0000 0000 0000 0000 0000 
  IN 000030: 0000 0000 0000 0000 001e 7905 0100 0000 
  IN 000040: 0000 7905 0100 0000 0000 0200 0000 0000 
  IN 000050: 0400 0000 0000 0000 0000 0000 1800 0000 
  IN 000060: a837 093b 0b00 0000                     
RET  seq=31 conn=2c03 sel=9(0x9) ret=0x0 outStructCnt=88
  OUT.struct len=88
  OUT 000000: 001e 0300 0001 0000 0000 0000 0000 0000 
  OUT 000010: 40ce 1101 0100 0000 0000 0000 0000 0000 
  OUT 000020: 0000 0000 1300 0000 0000 0200 0000 0000 
  OUT 000030: 73d5 b061 0000 0000 be4a 5400 0000 0000 
  OUT 000040: 0000 0000 0000 0000 0000 0000 0000 0000 
  OUT 000050: 00e2 0100 0000 0000                     
CALL seq=32 fn=Method conn=2c03 class=AGXAcceleratorG16G sel=9(0x9) inScalarCnt=0 inStructCnt=104
  IN.struct len=104
  IN 000000: 8000 0000 0000 0000 0100 0100 0100 0000 
  IN 000010: 0101 0001 300c 0000 0000 0000 0000 0000 
  IN 000020: 0000 0000 0000 0000 0000 0000 0000 0000 
  IN 000030: 0000 0000 0000 0000 0026 7905 0100 0000 
  IN 000040: 0000 7905 0100 0000 0000 0200 0000 0000 
  IN 000050: 0400 0000 0000 0000 0000 0000 1800 0000 
  IN 000060: b03a 093b 0b00 0000                     
RET  seq=32 conn=2c03 sel=9(0x9) ret=0x0 outStructCnt=88
  OUT.struct len=88
  OUT 000000: 0026 0300 0001 0000 0000 0000 0000 0000 
  OUT 000010: 00cf 1101 0100 0000 0000 0000 0000 0000 
  OUT 000020: 0000 0000 1400 0000 0000 0200 0000 0000 
  OUT 000030: 74d5 b061 0000 0000 be4a 5400 0000 0000 
  OUT 000040: 0000 0000 0000 0000 0000 0000 0000 0000 
  OUT 000050: 00da 0100 0000 0000                     
CALL seq=33 fn=Method conn=2c03 class=AGXAcceleratorG16G sel=9(0x9) inScalarCnt=0 inStructCnt=104
  IN.struct len=104
  IN 000000: 8000 0000 0000 0000 0100 0100 0100 0000 
  IN 000010: 0101 0001 300c 0000 0000 0000 0000 0000 
  IN 000020: 0000 0000 0000 0000 0000 0000 0000 0000 
  IN 000030: 0000 0000 0000 0000 0027 7905 0100 0000 
  IN 000040: 0000 7905 0100 0000 0000 0200 0000 0000 
  IN 000050: 0400 0000 0000 0000 0000 0000 1800 0000 
  IN 000060: 8809 7407 0100 0000                     
RET  seq=33 conn=2c03 sel=9(0x9) ret=0x0 outStructCnt=88
  OUT.struct len=88
  OUT 000000: 0027 0300 0001 0000 0000 0000 0000 0000 
  OUT 000010: c0cf 1101 0100 0000 0000 0000 0000 0000 
  OUT 000020: 0000 0000 1500 0000 0000 0200 0000 0000 
  OUT 000030: 75d5 b061 0000 0000 be4a 5400 0000 0000 
  OUT 000040: 0000 0000 0000 0000 0000 0000 0000 0000 
  OUT 000050: 00d9 0100 0000 0000                     
CALL seq=34 fn=Method conn=2c03 class=AGXAcceleratorG16G sel=9(0x9) inScalarCnt=0 inStructCnt=104
  IN.struct len=104
  IN 000000: 0000 0000 0000 0000 0100 0100 0100 0000 
  IN 000010: 0101 0001 7004 0000 0000 0000 0000 0000 
  IN 000020: 0000 0000 0000 0000 0000 0000 0000 0000 
  IN 000030: 0100 0000 0000 0000 0000 0000 0000 0000 
  IN 000040: 0000 0000 0000 0000 0000 0200 0000 0000 
  IN 000050: 0000 0000 0000 0000 0000 0000 0000 0000 
  IN 000060: 8809 7407 0100 0000                     
RET  seq=34 conn=2c03 sel=9(0x9) ret=0x0 outStructCnt=88
  OUT.struct len=88
  OUT 000000: 0000 0600 0001 0000 0080 7c05 0100 0000 
  OUT 000010: 80d0 1101 0100 0000 0000 0000 0000 0000 
  OUT 000020: 0000 0000 1600 0000 0000 0200 0000 0000 
  OUT 000030: 76d5 b061 0000 0000 c34a 5400 0000 0000 
  OUT 000040: 0000 0000 0000 0000 0000 0000 0000 0000 
  OUT 000050: 0000 0200 0000 0000                     
CALL seq=35 fn=Method conn=2c03 class=AGXAcceleratorG16G sel=9(0x9) inScalarCnt=0 inStructCnt=104
  IN.struct len=104
  IN 000000: 8000 0000 0000 0000 0100 0100 0100 0000 
  IN 000010: 0101 0001 300c 0000 0000 0000 0000 0000 
  IN 000020: 0000 0000 0000 0000 0000 0000 0000 0000 
  IN 000030: 0000 0000 0000 0000 0080 7c05 0100 0000 
  IN 000040: 0080 7c05 0100 0000 0000 0200 0000 0000 
  IN 000050: 1600 0000 0000 0000 0000 0000 1800 0000 
  IN 000060: 0000 093b 0b00 0000                     
RET  seq=35 conn=2c03 sel=9(0x9) ret=0x0 outStructCnt=88
  OUT.struct len=88
  OUT 000000: 0000 0600 0001 0000 0000 0000 0000 0000 
  OUT 000010: 40d1 1101 0100 0000 0000 0000 0000 0000 
  OUT 000020: 0000 0000 1700 0000 0000 0200 0000 0000 
  OUT 000030: 77d5 b061 0000 0000 c34a 5400 0000 0000 
  OUT 000040: 0000 0000 0000 0000 0000 0000 0000 0000 
  OUT 000050: 0000 0200 0000 0000                     
CALL seq=36 fn=Method conn=2c03 class=AGXAcceleratorG16G sel=7(0x7) inScalarCnt=0 inStructCnt=1040
  IN.struct len=1040
  IN 000000: 2f55 7365 7273 2f75 7365 722f 6173 6168 
  IN 000010: 695f 7265 2f70 7562 6c69 632f 6167 782d 
  IN 000020: 7265 2f65 7870 6572 696d 656e 7473 2f45 
  IN 000030: 5850 2d30 3034 332d 636f 6d6d 616e 642d 
  IN 000040: 7374 7265 616d 2d66 7261 6d69 6e67 2f62 
  IN 000050: 7569 6c64 2f6d 342d 3230 3236 3038 3137 
  IN 000060: 2d62 6f75 6e64 6172 6965 732d 612f 6672 
  IN 000070: 616d 696e 6700 0000 0000 0000 0000 0000 
  IN 000080: 0000 0000 0000 0000 0000 0000 0000 0000 
  IN 000090: 0000 0000 0000 0000 0000 0000 0000 0000 
  IN 0000a0: 0000 0000 0000 0000 0000 0000 0000 0000 
  IN 0000b0: 0000 0000 0000 0000 0000 0000 0000 0000 
  IN 0000c0: 0000 0000 0000 0000 0000 0000 0000 0000 
  IN 0000d0: 0000 0000 0000 0000 0000 0000 0000 0000 
  IN 0000e0: 0000 0000 0000 0000 0000 0000 0000 0000 
  IN 0000f0: 0000 0000 0000 0000 0000 0000 0000 0000 
  IN 000100: 0000 0000 0000 0000 0000 0000 0000 0000 
  IN 000110: 0000 0000 0000 0000 0000 0000 0000 0000 
  IN 000120: 0000 0000 0000 0000 0000 0000 0000 0000 
  IN 000130: 0000 0000 0000 0000 0000 0000 0000 0000 
  IN 000140: 0000 0000 0000 0000 0000 0000 0000 0000 
  IN 000150: 0000 0000 0000 0000 0000 0000 0000 0000 
  IN 000160: 0000 0000 0000 0000 0000 0000 0000 0000 
  IN 000170: 0000 0000 0000 0000 0000 0000 0000 0000 
  IN 000180: 0000 0000 0000 0000 0000 0000 0000 0000 
  IN 000190: 0000 0000 0000 0000 0000 0000 0000 0000 
  IN 0001a0: 0000 0000 0000 0000 0000 0000 0000 0000 
  IN 0001b0: 0000 0000 0000 0000 0000 0000 0000 0000 
  IN 0001c0: 0000 0000 0000 0000 0000 0000 0000 0000 
  IN 0001d0: 0000 0000 0000 0000 0000 0000 0000 0000 
  IN 0001e0: 0000 0000 0000 0000 0000 0000 0000 0000 
  IN 0001f0: 0000 0000 0000 0000 0000 0000 0000 0000 
  IN 000200: 0000 0000 0000 0000 0000 0000 0000 0000 
  IN 000210: 0000 0000 0000 0000 0000 0000 0000 0000 
  IN 000220: 0000 0000 0000 0000 0000 0000 0000 0000 
  IN 000230: 0000 0000 0000 0000 0000 0000 0000 0000 
  IN 000240: 0000 0000 0000 0000 0000 0000 0000 0000 
  IN 000250: 0000 0000 0000 0000 0000 0000 0000 0000 
  IN 000260: 0000 0000 0000 0000 0000 0000 0000 0000 
  IN 000270: 0000 0000 0000 0000 0000 0000 0000 0000 
  IN 000280: 0000 0000 0000 0000 0000 0000 0000 0000 
  IN 000290: 0000 0000 0000 0000 0000 0000 0000 0000 
  IN 0002a0: 0000 0000 0000 0000 0000 0000 0000 0000 
  IN 0002b0: 0000 0000 0000 0000 0000 0000 0000 0000 
  IN 0002c0: 0000 0000 0000 0000 0000 0000 0000 0000 
  IN 0002d0: 0000 0000 0000 0000 0000 0000 0000 0000 
  IN 0002e0: 0000 0000 0000 0000 0000 0000 0000 0000 
  IN 0002f0: 0000 0000 0000 0000 0000 0000 0000 0000 
  IN 000300: 0000 0000 0000 0000 0000 0000 0000 0000 
  IN 000310: 0000 0000 0000 0000 0000 0000 0000 0000 
  IN 000320: 0000 0000 0000 0000 0000 0000 0000 0000 
  IN 000330: 0000 0000 0000 0000 0000 0000 0000 0000 
  IN 000340: 0000 0000 0000 0000 0000 0000 0000 0000 
  IN 000350: 0000 0000 0000 0000 0000 0000 0000 0000 
  IN 000360: 0000 0000 0000 0000 0000 0000 0000 0000 
  IN 000370: 0000 0000 0000 0000 0000 0000 0000 0000 
  IN 000380: 0000 0000 0000 0000 0000 2f55 7365 7273 
  IN 000390: 2f75 7365 722f 6173 6168 695f 7265 2f70 
  IN 0003a0: 7562 6c69 632f 6167 782d 7265 2f65 7870 
  IN 0003b0: 6572 696d 656e 7473 2f45 5850 2d30 3034 
  IN 0003c0: 332d 636f 6d6d 616e 642d 7374 7265 616d 
  IN 0003d0: 2d66 7261 6d69 6e67 2f62 7569 6c64 2f6d 
  IN 0003e0: 342d 3230 3236 3038 3137 2d62 6f75 6e64 
  IN 0003f0: 6172 6965 732d 612f 6672 616d 696e 6700 
  IN 000400: 0200 0000 0000 0000 ffff ffff 0100 0000 
RET  seq=36 conn=2c03 sel=7(0x7) ret=0x0 outStructCnt=16
  OUT.struct len=16
  OUT 000000: 0200 0000 0000 0000 78d5 b061 0000 0000 
CALL seq=37 fn=Method conn=2c03 class=AGXAcceleratorG16G sel=16(0x10) inScalarCnt=2 inStructCnt=0 inScalars=[0x100,0x28]
RET  seq=37 conn=2c03 sel=16(0x10) ret=0x0 outStructCnt=16
  OUT.struct len=16
  OUT 000000: 0080 7e05 0100 0000 0200 0000 0000 0000 
CALL seq=38 fn=Method conn=2c03 class=AGXAcceleratorG16G sel=28(0x1c) inScalarCnt=2 inStructCnt=0 inScalars=[0x2,0x2]
RET  seq=38 conn=2c03 sel=28(0x1c) ret=0x0
CALL seq=39 fn=Struct conn=2c03 class=AGXAcceleratorG16G sel=6(0x6) inScalarCnt=0 inStructCnt=0
RET  seq=39 conn=2c03 sel=6(0x6) ret=0x0 outStructCnt=16
  OUT.struct len=16
  OUT 000000: 7bd5 b061 0000 0000 7bd5 b062 0000 0000 
CALL seq=40 fn=Method conn=2c03 class=AGXAcceleratorG16G sel=14(0xe) inScalarCnt=2 inStructCnt=0 inScalars=[0x4000,0x0]
RET  seq=40 conn=2c03 sel=14(0xe) ret=0x0 outStructCnt=16
  OUT.struct len=16
  OUT 000000: 00c0 7e05 0100 0000 0040 0000 0100 0000 
CALL seq=41 fn=Method conn=2c03 class=AGXAcceleratorG16G sel=14(0xe) inScalarCnt=2 inStructCnt=0 inScalars=[0x4000,0x1]
RET  seq=41 conn=2c03 sel=14(0xe) ret=0x0 outStructCnt=16
  OUT.struct len=16
  OUT 000000: 0000 7f05 0100 0000 0040 0000 0200 0000 
CALL seq=42 fn=Method conn=2c03 class=AGXAcceleratorG16G sel=9(0x9) inScalarCnt=0 inStructCnt=104
  IN.struct len=104
  IN 000000: 0000 0000 0000 0000 0100 0100 0100 0000 
  IN 000010: 0101 0001 3004 0000 0000 0000 0000 0000 
  IN 000020: 0000 0000 0000 0000 0000 0000 0000 0000 
  IN 000030: 0000 0000 0000 0000 0000 0000 0000 0000 
  IN 000040: 0000 0000 0000 0000 0040 0700 0000 0000 
  IN 000050: 0000 0000 0000 0000 0000 0008 1800 0000 
  IN 000060: 0000 0000 0000 0000                     
RET  seq=42 conn=2c03 sel=9(0x9) ret=0x0 outStructCnt=88
  OUT.struct len=88
  OUT 000000: 0080 0800 0001 0000 0040 7f05 0100 0000 
  OUT 000010: 00d2 1101 0100 0000 0000 0000 0000 0000 
  OUT 000020: 0000 0000 1800 0000 0040 0700 0000 0000 
  OUT 000030: 7bd5 b062 0000 0000 c64a 5400 0000 0000 
  OUT 000040: 0000 0000 0000 0000 0000 0000 0000 0000 
  OUT 000050: 0040 0700 0000 0000                     
CALL seq=43 fn=Method conn=2c03 class=AGXAcceleratorG16G sel=9(0x9) inScalarCnt=0 inStructCnt=104
  IN.struct len=104
  IN 000000: 0000 0000 0000 0000 0080 0100 0100 0000 
  IN 000010: 0101 0001 30c4 0000 0000 0000 0000 0000 
  IN 000020: 0000 0000 0000 0000 0000 0000 0000 0000 
  IN 000030: 0000 0000 0000 0000 0000 0000 0000 0000 
  IN 000040: 0000 0000 0000 0000 0080 0000 0000 0000 
  IN 000050: 0000 0000 0000 0000 0000 0038 0000 0000 
  IN 000060: 0000 0000 0000 0000                     
RET  seq=43 conn=2c03 sel=9(0x9) ret=0x0 outStructCnt=88
  OUT.struct len=88
  OUT 000000: 0080 0100 0000 0000 0080 8605 0100 0000 
  OUT 000010: c0d2 1101 0100 0000 0000 0000 0000 0000 
  OUT 000020: 0000 0000 1900 0000 0080 0000 0000 0000 
  OUT 000030: 7cd5 b062 0000 0000 c74a 5400 0000 0000 
  OUT 000040: 0000 0000 0000 0000 0000 0000 0000 0000 
  OUT 000050: 0080 0000 0000 0000                     
CALL seq=44 fn=Method conn=2c03 class=AGXAcceleratorG16G sel=9(0x9) inScalarCnt=0 inStructCnt=104
  IN.struct len=104
  IN 000000: 0000 0000 0000 0000 0080 0100 0100 0000 
  IN 000010: 0101 0001 30c4 0000 0000 0000 0000 0000 
  IN 000020: 0000 0000 0000 0000 0000 0000 0000 0000 
  IN 000030: 0000 0000 0000 0000 0000 0000 0000 0000 
  IN 000040: 0000 0000 0000 0000 0080 0000 0000 0000 
  IN 000050: 0000 0000 0000 0000 0000 0038 0000 0000 
  IN 000060: 0000 0000 0000 0000                     
RET  seq=44 conn=2c03 sel=9(0x9) ret=0x0 outStructCnt=88
  OUT.struct len=88
  OUT 000000: 0080 0200 0000 0000 0000 8705 0100 0000 
  OUT 000010: 80d3 1101 0100 0000 0000 0000 0000 0000 
  OUT 000020: 0000 0000 1a00 0000 0080 0000 0000 0000 
  OUT 000030: 7dd5 b062 0000 0000 c84a 5400 0000 0000 
  OUT 000040: 0000 0000 0000 0000 0000 0000 0000 0000 
  OUT 000050: 0080 0000 0000 0000                     
CALL seq=45 fn=Method conn=2c03 class=AGXAcceleratorG16G sel=9(0x9) inScalarCnt=0 inStructCnt=104
  IN.struct len=104
  IN 000000: 0000 0000 0000 0000 0080 0100 0100 0000 
  IN 000010: 0101 0001 30c4 0000 0000 0000 0000 0000 
  IN 000020: 0000 0000 0000 0000 0000 0000 0000 0000 
  IN 000030: 0000 0000 0000 0000 0000 0000 0000 0000 
  IN 000040: 0000 0000 0000 0000 0080 0000 0000 0000 
  IN 000050: 0000 0000 0000 0000 0000 0038 0000 0000 
  IN 000060: 0000 0000 0000 0000                     
RET  seq=45 conn=2c03 sel=9(0x9) ret=0x0 outStructCnt=88
  OUT.struct len=88
  OUT 000000: 0080 0300 0000 0000 0080 8705 0100 0000 
  OUT 000010: 40d4 1101 0100 0000 0000 0000 0000 0000 
  OUT 000020: 0000 0000 1b00 0000 0080 0000 0000 0000 
  OUT 000030: 7ed5 b062 0000 0000 c94a 5400 0000 0000 
  OUT 000040: 0000 0000 0000 0000 0000 0000 0000 0000 
  OUT 000050: 0080 0000 0000 0000                     
CALL seq=46 fn=Method conn=2c03 class=AGXAcceleratorG16G sel=9(0x9) inScalarCnt=0 inStructCnt=104
  IN.struct len=104
  IN 000000: 0000 0000 0000 0000 0080 0100 0100 0000 
  IN 000010: 0101 0001 3044 0000 0000 0000 0000 0000 
  IN 000020: 0000 0000 0000 0000 0000 0000 0000 0000 
  IN 000030: 0000 0000 0000 0000 0000 0000 0000 0000 
  IN 000040: 0000 0000 0000 0000 0080 0000 0000 0000 
  IN 000050: 0000 0000 0000 0000 0000 0008 4800 0000 
  IN 000060: 0000 0000 0000 0000                     
RET  seq=46 conn=2c03 sel=9(0x9) ret=0x0 outStructCnt=88
  OUT.struct len=88
  OUT 000000: 0000 1000 0001 0000 0000 8805 0100 0000 
  OUT 000010: 00d5 1101 0100 0000 0000 0000 0000 0000 
  OUT 000020: 0000 0000 1c00 0000 0080 0000 0000 0000 
  OUT 000030: 7fd5 b062 0000 0000 ca4a 5400 0000 0000 
  OUT 000040: 0000 0000 0000 0000 0000 0000 0000 0000 
  OUT 000050: 0080 0000 0000 0000                     
CALL seq=47 fn=Method conn=2c03 class=AGXAcceleratorG16G sel=9(0x9) inScalarCnt=0 inStructCnt=104
  IN.struct len=104
  IN 000000: 0000 0000 0000 0000 0080 0100 0100 0000 
  IN 000010: 0101 0001 3044 0000 0000 0000 0000 0000 
  IN 000020: 0000 0000 0000 0000 0000 0000 0000 0000 
  IN 000030: 0000 0000 0000 0000 0000 0000 0000 0000 
  IN 000040: 0000 0000 0000 0000 0080 0000 0000 0000 
  IN 000050: 0000 0000 0000 0000 0000 0008 0000 0000 
  IN 000060: 0000 0000 0000 0000                     
RET  seq=47 conn=2c03 sel=9(0x9) ret=0x0 outStructCnt=88
  OUT.struct len=88
  OUT 000000: 0000 1100 0001 0000 0080 8805 0100 0000 
  OUT 000010: c0d5 1101 0100 0000 0000 0000 0000 0000 
  OUT 000020: 0000 0000 1d00 0000 0080 0000 0000 0000 
  OUT 000030: 80d5 b062 0000 0000 cb4a 5400 0000 0000 
  OUT 000040: 0000 0000 0000 0000 0000 0000 0000 0000 
  OUT 000050: 0080 0000 0000 0000                     
CALL seq=48 fn=Method conn=2c03 class=AGXAcceleratorG16G sel=9(0x9) inScalarCnt=0 inStructCnt=104
  IN.struct len=104
  IN 000000: 0000 0000 0000 0000 0080 0100 0100 0000 
  IN 000010: 0101 0001 3044 0000 0000 0000 0000 0000 
  IN 000020: 0000 0000 0000 0000 0000 0000 0000 0000 
  IN 000030: 0000 0000 0000 0000 0000 0000 0000 0000 
  IN 000040: 0000 0000 0000 0000 0080 0000 0000 0000 
  IN 000050: 0000 0000 0000 0000 0000 0018 0000 0000 
  IN 000060: 0000 0000 0000 0000                     
RET  seq=48 conn=2c03 sel=9(0x9) ret=0x0 outStructCnt=88
  OUT.struct len=88
  OUT 000000: 0000 1200 0001 0000 0000 8905 0100 0000 
  OUT 000010: 80d6 1101 0100 0000 0000 0000 0000 0000 
  OUT 000020: 0000 0000 1e00 0000 0080 0000 0000 0000 
  OUT 000030: 81d5 b062 0000 0000 cc4a 5400 0000 0000 
  OUT 000040: 0000 0000 0000 0000 0000 0000 0000 0000 
  OUT 000050: 0080 0000 0000 0000                     
CALL seq=49 fn=Method conn=2c03 class=AGXAcceleratorG16G sel=9(0x9) inScalarCnt=0 inStructCnt=104
  IN.struct len=104
  IN 000000: 0000 0000 0000 0000 0080 0100 0100 0000 
  IN 000010: 0101 0001 3044 0000 0000 0000 0000 0000 
  IN 000020: 0000 0000 0000 0000 0000 0000 0000 0000 
  IN 000030: 0000 0000 0000 0000 0000 0000 0000 0000 
  IN 000040: 0000 0000 0000 0000 0080 0000 0000 0000 
  IN 000050: 0000 0000 0000 0000 0000 0018 0000 0000 
  IN 000060: 0000 0000 0000 0000                     
RET  seq=49 conn=2c03 sel=9(0x9) ret=0x0 outStructCnt=88
  OUT.struct len=88
  OUT 000000: 0000 1300 0001 0000 0080 8905 0100 0000 
  OUT 000010: 40d7 1101 0100 0000 0000 0000 0000 0000 
  OUT 000020: 0000 0000 1f00 0000 0080 0000 0000 0000 
  OUT 000030: 82d5 b062 0000 0000 cd4a 5400 0000 0000 
  OUT 000040: 0000 0000 0000 0000 0000 0000 0000 0000 
  OUT 000050: 0080 0000 0000 0000                     
CALL seq=50 fn=Method conn=2c03 class=AGXAcceleratorG16G sel=9(0x9) inScalarCnt=0 inStructCnt=104
  IN.struct len=104
  IN 000000: 0000 0000 0000 0000 0000 0100 0100 0000 
  IN 000010: 0101 0001 3044 0000 0000 0000 0000 0000 
  IN 000020: 0000 0000 0000 0000 0000 0000 0000 0000 
  IN 000030: 0000 0000 0000 0000 0000 0000 0000 0000 
  IN 000040: 0000 0000 0000 0000 0000 1000 0000 0000 
  IN 000050: 0000 0000 0000 0000 0000 0018 0000 0000 
  IN 000060: 0000 0000 0000 0000                     
RET  seq=50 conn=2c03 sel=9(0x9) ret=0x0 outStructCnt=88
  OUT.struct len=88
  OUT 000000: 0000 1400 0001 0000 0000 8a05 0100 0000 
  OUT 000010: 00d8 1101 0100 0000 0000 0000 0000 0000 
  OUT 000020: 0000 0000 2000 0000 0000 1000 0000 0000 
  OUT 000030: 83d5 b062 0000 0000 ce4a 5400 0000 0000 
  OUT 000040: 0000 0000 0000 0000 0000 0000 0000 0000 
  OUT 000050: 0000 1000 0000 0000                     
CALL seq=51 fn=Method conn=2c03 class=AGXAcceleratorG16G sel=9(0x9) inScalarCnt=0 inStructCnt=104
  IN.struct len=104
  IN 000000: 0000 0000 0000 0000 0080 0100 0100 0000 
  IN 000010: 0101 0001 30c4 0000 0000 0000 0000 0000 
  IN 000020: 0000 0000 0000 0000 0000 0000 0000 0000 
  IN 000030: 0000 0000 0000 0000 0000 0000 0000 0000 
  IN 000040: 0000 0000 0000 0000 0080 0000 0000 0000 
  IN 000050: 0000 0000 0000 0000 0000 0038 0000 0000 
  IN 000060: 0000 0000 0000 0000                     
RET  seq=51 conn=2c03 sel=9(0x9) ret=0x0 outStructCnt=88
  OUT.struct len=88
  OUT 000000: 0080 0400 0000 0000 0000 9a05 0100 0000 
  OUT 000010: c0d8 1101 0100 0000 0000 0000 0000 0000 
  OUT 000020: 0000 0000 2100 0000 0080 0000 0000 0000 
  OUT 000030: 84d5 b062 0000 0000 cf4a 5400 0000 0000 
  OUT 000040: 0000 0000 0000 0000 0000 0000 0000 0000 
  OUT 000050: 0080 0000 0000 0000                     
CALL seq=52 fn=Method conn=2c03 class=AGXAcceleratorG16G sel=9(0x9) inScalarCnt=0 inStructCnt=104
  IN.struct len=104
  IN 000000: 0000 0000 0000 0000 0080 0100 0100 0000 
  IN 000010: 0101 0001 3044 0000 0000 0000 0000 0000 
  IN 000020: 0000 0000 0000 0000 0000 0000 0000 0000 
  IN 000030: 0000 0000 0000 0000 0000 0000 0000 0000 
  IN 000040: 0000 0000 0000 0000 0080 0000 0000 0000 
  IN 000050: 0000 0000 0000 0000 0000 0018 0000 0000 
  IN 000060: 0000 0000 0000 0000                     
RET  seq=52 conn=2c03 sel=9(0x9) ret=0x0 outStructCnt=88
  OUT.struct len=88
  OUT 000000: 0080 2400 0001 0000 0080 9a05 0100 0000 
  OUT 000010: 80d9 1101 0100 0000 0000 0000 0000 0000 
  OUT 000020: 0000 0000 2200 0000 0080 0000 0000 0000 
  OUT 000030: 85d5 b062 0000 0000 d04a 5400 0000 0000 
  OUT 000040: 0000 0000 0000 0000 0000 0000 0000 0000 
  OUT 000050: 0080 0000 0000 0000                     
CALL seq=53 fn=Method conn=2c03 class=AGXAcceleratorG16G sel=9(0x9) inScalarCnt=0 inStructCnt=104
  IN.struct len=104
  IN 000000: 0000 0000 0000 0000 0080 0100 0100 0000 
  IN 000010: 0101 0001 3044 0000 0000 0000 0000 0000 
  IN 000020: 0000 0000 0000 0000 0000 0000 0000 0000 
  IN 000030: 0000 0000 0000 0000 0000 0000 0000 0000 
  IN 000040: 0000 0000 0000 0000 0080 0000 0000 0000 
  IN 000050: 0000 0000 0000 0000 0000 0008 0000 0000 
  IN 000060: 0000 0000 0000 0000                     
RET  seq=53 conn=2c03 sel=9(0x9) ret=0x0 outStructCnt=88
  OUT.struct len=88
  OUT 000000: 0080 2500 0001 0000 0000 9b05 0100 0000 
  OUT 000010: 40da 1101 0100 0000 0000 0000 0000 0000 
  OUT 000020: 0000 0000 2300 0000 0080 0000 0000 0000 
  OUT 000030: 86d5 b062 0000 0000 d14a 5400 0000 0000 
  OUT 000040: 0000 0000 0000 0000 0000 0000 0000 0000 
  OUT 000050: 0080 0000 0000 0000                     
CALL seq=54 fn=Method conn=2c03 class=AGXAcceleratorG16G sel=9(0x9) inScalarCnt=0 inStructCnt=104
  IN.struct len=104
  IN 000000: 0000 0000 0000 0000 0080 0100 0100 0000 
  IN 000010: 0101 0001 3044 0000 0000 0000 0000 0000 
  IN 000020: 0000 0000 0000 0000 0000 0000 0000 0000 
  IN 000030: 0000 0000 0000 0000 0000 0000 0000 0000 
  IN 000040: 0000 0000 0000 0000 0080 0000 0000 0000 
  IN 000050: 0000 0000 0000 0000 0000 0008 0000 0000 
  IN 000060: 0000 0000 0000 0000                     
RET  seq=54 conn=2c03 sel=9(0x9) ret=0x0 outStructCnt=88
  OUT.struct len=88
  OUT 000000: 0080 2600 0001 0000 0080 9b05 0100 0000 
  OUT 000010: 00db 1101 0100 0000 0000 0000 0000 0000 
  OUT 000020: 0000 0000 2400 0000 0080 0000 0000 0000 
  OUT 000030: 87d5 b062 0000 0000 d24a 5400 0000 0000 
  OUT 000040: 0000 0000 0000 0000 0000 0000 0000 0000 
  OUT 000050: 0080 0000 0000 0000                     
CALL seq=55 fn=Method conn=2c03 class=AGXAcceleratorG16G sel=9(0x9) inScalarCnt=0 inStructCnt=104
  IN.struct len=104
  IN 000000: 0000 0000 0000 0000 0080 0100 0100 0000 
  IN 000010: 0101 0001 3044 0000 0000 0000 0000 0000 
  IN 000020: 0000 0000 0000 0000 0000 0000 0000 0000 
  IN 000030: 0000 0000 0000 0000 0000 0000 0000 0000 
  IN 000040: 0000 0000 0000 0000 0080 0000 0000 0000 
  IN 000050: 0000 0000 0000 0000 0000 0008 0000 0000 
  IN 000060: 0000 0000 0000 0000                     
RET  seq=55 conn=2c03 sel=9(0x9) ret=0x0 outStructCnt=88
  OUT.struct len=88
  OUT 000000: 0080 2700 0001 0000 0000 9c05 0100 0000 
  OUT 000010: c0db 1101 0100 0000 0000 0000 0000 0000 
  OUT 000020: 0000 0000 2500 0000 0080 0000 0000 0000 
  OUT 000030: 88d5 b062 0000 0000 d34a 5400 0000 0000 
  OUT 000040: 0000 0000 0000 0000 0000 0000 0000 0000 
  OUT 000050: 0080 0000 0000 0000                     
CALL seq=56 fn=Method conn=2c03 class=AGXAcceleratorG16G sel=9(0x9) inScalarCnt=0 inStructCnt=104
  IN.struct len=104
  IN 000000: 0000 0000 0000 0000 0080 0100 0100 0000 
  IN 000010: 0101 0001 3044 0000 0000 0000 0000 0000 
  IN 000020: 0000 0000 0000 0000 0000 0000 0000 0000 
  IN 000030: 0000 0000 0000 0000 0000 0000 0000 0000 
  IN 000040: 0000 0000 0000 0000 0080 0000 0000 0000 
  IN 000050: 0000 0000 0000 0000 0000 0008 0000 0000 
  IN 000060: 0000 0000 0000 0000                     
RET  seq=56 conn=2c03 sel=9(0x9) ret=0x0 outStructCnt=88
  OUT.struct len=88
  OUT 000000: 0080 2800 0001 0000 0080 9c05 0100 0000 
  OUT 000010: 80dc 1101 0100 0000 0000 0000 0000 0000 
  OUT 000020: 0000 0000 2600 0000 0080 0000 0000 0000 
  OUT 000030: 89d5 b062 0000 0000 d44a 5400 0000 0000 
  OUT 000040: 0000 0000 0000 0000 0000 0000 0000 0000 
  OUT 000050: 0080 0000 0000 0000                     
CALL seq=57 fn=Method conn=2c03 class=AGXAcceleratorG16G sel=9(0x9) inScalarCnt=0 inStructCnt=104
  IN.struct len=104
  IN 000000: 0000 0000 0000 0000 0080 0100 0100 0000 
  IN 000010: 0101 0001 30c4 0000 0000 0000 0000 0000 
  IN 000020: 0000 0000 0000 0000 0000 0000 0000 0000 
  IN 000030: 0000 0000 0000 0000 0000 0000 0000 0000 
  IN 000040: 0000 0000 0000 0000 0080 0000 0000 0000 
  IN 000050: 0000 0000 0000 0000 0000 0048 0000 0000 
  IN 000060: 0000 0000 0000 0000                     
RET  seq=57 conn=2c03 sel=9(0x9) ret=0x0 outStructCnt=88
  OUT.struct len=88
  OUT 000000: 0080 0500 0000 0000 0000 9d05 0100 0000 
  OUT 000010: 40dd 1101 0100 0000 0000 0000 0000 0000 
  OUT 000020: 0000 0000 2700 0000 0080 0000 0000 0000 
  OUT 000030: 8ad5 b062 0000 0000 d54a 5400 0000 0000 
  OUT 000040: 0000 0000 0000 0000 0000 0000 0000 0000 
  OUT 000050: 0080 0000 0000 0000                     
CALL seq=58 fn=Method conn=2c03 class=AGXAcceleratorG16G sel=9(0x9) inScalarCnt=0 inStructCnt=104
  IN.struct len=104
  IN 000000: 0000 0000 0000 0000 e088 0100 0100 0000 
  IN 000010: 0101 0001 30c4 0000 0000 0000 0000 0000 
  IN 000020: 0000 0000 0000 0000 0000 0000 0000 0000 
  IN 000030: 0000 0000 0000 0000 0000 0000 0000 0000 
  IN 000040: 0000 0000 0000 0000 e088 0000 0000 0000 
  IN 000050: 0000 0000 0000 0000 0000 0048 0000 0000 
  IN 000060: 0000 0000 0000 0000                     
RET  seq=58 conn=2c03 sel=9(0x9) ret=0x0 outStructCnt=88
  OUT.struct len=88
  OUT 000000: 0080 0600 0000 0000 0080 9d05 0100 0000 
  OUT 000010: 00de 1101 0100 0000 0000 0000 0000 0000 
  OUT 000020: 0000 0000 2800 0000 00c0 0000 0000 0000 
  OUT 000030: 8bd5 b062 0000 0000 d64a 5400 0000 0000 
  OUT 000040: 0000 0000 0000 0000 0000 0000 0000 0000 
  OUT 000050: 00c0 0000 0000 0000                     
CALL seq=59 fn=Method conn=2c03 class=AGXAcceleratorG16G sel=9(0x9) inScalarCnt=0 inStructCnt=104
  IN.struct len=104
  IN 000000: 0000 0000 0000 0000 0000 0100 0100 0000 
  IN 000010: 0101 0001 3044 0000 0000 0000 0000 0000 
  IN 000020: 0000 0000 0000 0000 0000 0000 0000 0000 
  IN 000030: 0000 0000 0000 0000 0000 0000 0000 0000 
  IN 000040: 0000 0000 0000 0000 0000 0c00 0000 0000 
  IN 000050: 0000 0000 0000 0000 0000 0008 0000 0000 
  IN 000060: 0000 0000 0000 0000                     
RET  seq=59 conn=2c03 sel=9(0x9) ret=0x0 outStructCnt=88
  OUT.struct len=88
  OUT 000000: 0080 2900 0001 0000 0040 9e05 0100 0000 
  OUT 000010: c0de 1101 0100 0000 0000 0000 0000 0000 
  OUT 000020: 0000 0000 2900 0000 0000 0c00 0000 0000 
  OUT 000030: 8cd5 b062 0000 0000 d74a 5400 0000 0000 
  OUT 000040: 0000 0000 0000 0000 0000 0000 0000 0000 
  OUT 000050: 0000 0c00 0000 0000                     
CALL seq=60 fn=Method conn=2c03 class=AGXAcceleratorG16G sel=9(0x9) inScalarCnt=0 inStructCnt=104
  IN.struct len=104
  IN 000000: 0000 0000 0000 0000 0080 0100 0100 0000 
  IN 000010: 0101 0001 3044 0000 0000 0000 0000 0000 
  IN 000020: 0000 0000 0000 0000 0000 0000 0000 0000 
  IN 000030: 0000 0000 0000 0000 0000 0000 0000 0000 
  IN 000040: 0000 0000 0000 0000 0080 0000 0000 0000 
  IN 000050: 0000 0000 0000 0000 0000 0018 0000 0000 
  IN 000060: 0000 0000 0000 0000                     
RET  seq=60 conn=2c03 sel=9(0x9) ret=0x0 outStructCnt=88
  OUT.struct len=88
  OUT 000000: 0000 3600 0001 0000 0040 aa05 0100 0000 
  OUT 000010: 80df 1101 0100 0000 0000 0000 0000 0000 
  OUT 000020: 0000 0000 2a00 0000 0080 0000 0000 0000 
  OUT 000030: 8dd5 b062 0000 0000 d84a 5400 0000 0000 
  OUT 000040: 0000 0000 0000 0000 0000 0000 0000 0000 
  OUT 000050: 0080 0000 0000 0000                     
CALL seq=61 fn=Method conn=2c03 class=AGXAcceleratorG16G sel=9(0x9) inScalarCnt=0 inStructCnt=104
  IN.struct len=104
  IN 000000: 0000 0000 0000 0000 0080 0100 0100 0000 
  IN 000010: 0101 0001 3044 0000 0000 0000 0000 0000 
  IN 000020: 0000 0000 0000 0000 0000 0000 0000 0000 
  IN 000030: 0000 0000 0000 0000 0000 0000 0000 0000 
  IN 000040: 0000 0000 0000 0000 0080 0000 0000 0000 
  IN 000050: 0000 0000 0000 0000 0000 0018 0000 0000 
  IN 000060: 0000 0000 0000 0000                     
RET  seq=61 conn=2c03 sel=9(0x9) ret=0x0 outStructCnt=88
  OUT.struct len=88
  OUT 000000: 0000 3700 0001 0000 00c0 aa05 0100 0000 
  OUT 000010: 40e0 1101 0100 0000 0000 0000 0000 0000 
  OUT 000020: 0000 0000 2b00 0000 0080 0000 0000 0000 
  OUT 000030: 8ed5 b062 0000 0000 d94a 5400 0000 0000 
  OUT 000040: 0000 0000 0000 0000 0000 0000 0000 0000 
  OUT 000050: 0080 0000 0000 0000                     
CALL seq=62 fn=Method conn=2c03 class=AGXAcceleratorG16G sel=9(0x9) inScalarCnt=0 inStructCnt=104
  IN.struct len=104
  IN 000000: 0000 0000 0000 0000 0080 0100 0100 0000 
  IN 000010: 0101 0001 3044 0000 0000 0000 0000 0000 
  IN 000020: 0000 0000 0000 0000 0000 0000 0000 0000 
  IN 000030: 0000 0000 0000 0000 0000 0000 0000 0000 
  IN 000040: 0000 0000 0000 0000 0080 0000 0000 0000 
  IN 000050: 0000 0000 0000 0000 0000 0018 0000 0000 
  IN 000060: 0000 0000 0000 0000                     
RET  seq=62 conn=2c03 sel=9(0x9) ret=0x0 outStructCnt=88
  OUT.struct len=88
  OUT 000000: 0000 3800 0001 0000 0040 ab05 0100 0000 
  OUT 000010: 00e1 1101 0100 0000 0000 0000 0000 0000 
  OUT 000020: 0000 0000 2c00 0000 0080 0000 0000 0000 
  OUT 000030: 8fd5 b062 0000 0000 da4a 5400 0000 0000 
  OUT 000040: 0000 0000 0000 0000 0000 0000 0000 0000 
  OUT 000050: 0080 0000 0000 0000                     
CALL seq=63 fn=Method conn=2c03 class=AGXAcceleratorG16G sel=9(0x9) inScalarCnt=0 inStructCnt=104
  IN.struct len=104
  IN 000000: 0000 0000 0000 0000 0080 0100 0100 0000 
  IN 000010: 0101 0001 30c4 0000 0000 0000 0000 0000 
  IN 000020: 0000 0000 0000 0000 0000 0000 0000 0000 
  IN 000030: 0000 0000 0000 0000 0000 0000 0000 0000 
  IN 000040: 0000 0000 0000 0000 0080 0000 0000 0000 
  IN 000050: 0000 0000 0000 0000 0000 0048 0000 0000 
  IN 000060: 0000 0000 0000 0000                     
RET  seq=63 conn=2c03 sel=9(0x9) ret=0x0 outStructCnt=88
  OUT.struct len=88
  OUT 000000: 0080 0700 0000 0000 00c0 ab05 0100 0000 
  OUT 000010: c0e1 1101 0100 0000 0000 0000 0000 0000 
  OUT 000020: 0000 0000 2d00 0000 0080 0000 0000 0000 
  OUT 000030: 90d5 b062 0000 0000 db4a 5400 0000 0000 
  OUT 000040: 0000 0000 0000 0000 0000 0000 0000 0000 
  OUT 000050: 0080 0000 0000 0000                     
CALL seq=64 fn=Method conn=2c03 class=AGXAcceleratorG16G sel=9(0x9) inScalarCnt=0 inStructCnt=104
  IN.struct len=104
  IN 000000: 0000 0000 0000 0000 0080 0100 0100 0000 
  IN 000010: 0101 0001 30c4 0000 0000 0000 0000 0000 
  IN 000020: 0000 0000 0000 0000 0000 0000 0000 0000 
  IN 000030: 0000 0000 0000 0000 0000 0000 0000 0000 
  IN 000040: 0000 0000 0000 0000 0080 0000 0000 0000 
  IN 000050: 0000 0000 0000 0000 0000 0038 0000 0000 
  IN 000060: 0000 0000 0000 0000                     
RET  seq=64 conn=2c03 sel=9(0x9) ret=0x0 outStructCnt=88
  OUT.struct len=88
  OUT 000000: 0080 0800 0000 0000 0040 ac05 0100 0000 
  OUT 000010: 80e2 1101 0100 0000 0000 0000 0000 0000 
  OUT 000020: 0000 0000 2e00 0000 0080 0000 0000 0000 
  OUT 000030: 91d5 b062 0000 0000 dc4a 5400 0000 0000 
  OUT 000040: 0000 0000 0000 0000 0000 0000 0000 0000 
  OUT 000050: 0080 0000 0000 0000                     
BODUMP begin reason=sigusr1 n_bo=44
BODUMP handle=0 gpu_va=0x10000000000 cpu=0x1056a4000 size=0x10000 read=0x10000 -> /Users/user/asahi_re/public/agx-re/experiments/EXP-0043-command-stream-framing/raw/runs/m4-20260817-boundaries-a/cases/render_329/dumps/dump00/bo_sigusr1_h0_va10000000000_cpu1056a4000_sz10000.hex
BODUMP handle=0 gpu_va=0x6f00000000 cpu=0x1056b4000 size=0x3800 read=0x3800 -> /Users/user/asahi_re/public/agx-re/experiments/EXP-0043-command-stream-framing/raw/runs/m4-20260817-boundaries-a/cases/render_329/dumps/dump00/bo_sigusr1_h0_va6f00000000_cpu1056b4000_sz3800.hex
BODUMP handle=0 gpu_va=0x10000018000 cpu=0x105780000 size=0x10000 read=0x10000 -> /Users/user/asahi_re/public/agx-re/experiments/EXP-0043-command-stream-framing/raw/runs/m4-20260817-boundaries-a/cases/render_329/dumps/dump00/bo_sigusr1_h0_va10000018000_cpu105780000_sz10000.hex
BODUMP handle=0 gpu_va=0x10000030000 cpu=0x105790000 size=0x20000 read=0x20000 -> /Users/user/asahi_re/public/agx-re/experiments/EXP-0043-command-stream-framing/raw/runs/m4-20260817-boundaries-a/cases/render_329/dumps/dump00/bo_sigusr1_h0_va10000030000_cpu105790000_sz20000.hex
BODUMP handle=0 gpu_va=0x0 cpu=0x1057b0000 size=0x10000 read=0x10000 -> /Users/user/asahi_re/public/agx-re/experiments/EXP-0043-command-stream-framing/raw/runs/m4-20260817-boundaries-a/cases/render_329/dumps/dump00/bo_sigusr1_h0_va0_cpu1057b0000_sz10000.hex
BODUMP handle=0 gpu_va=0x10000030200 cpu=0x105790200 size=0x20000 read=0x20000 -> /Users/user/asahi_re/public/agx-re/experiments/EXP-0043-command-stream-framing/raw/runs/m4-20260817-boundaries-a/cases/render_329/dumps/dump00/bo_sigusr1_h0_va10000030200_cpu105790200_sz20000.hex
BODUMP handle=0 gpu_va=0x10000030300 cpu=0x105790300 size=0x20000 read=0x20000 -> /Users/user/asahi_re/public/agx-re/experiments/EXP-0043-command-stream-framing/raw/runs/m4-20260817-boundaries-a/cases/render_329/dumps/dump00/bo_sigusr1_h0_va10000030300_cpu105790300_sz20000.hex
BODUMP handle=0 gpu_va=0x10000058000 cpu=0x1057c0000 size=0x4000 read=0x4000 -> /Users/user/asahi_re/public/agx-re/experiments/EXP-0043-command-stream-framing/raw/runs/m4-20260817-boundaries-a/cases/render_329/dumps/dump00/bo_sigusr1_h0_va10000058000_cpu1057c0000_sz4000.hex
BODUMP handle=0 gpu_va=0x10000030400 cpu=0x105790400 size=0x20000 read=0x20000 -> /Users/user/asahi_re/public/agx-re/experiments/EXP-0043-command-stream-framing/raw/runs/m4-20260817-boundaries-a/cases/render_329/dumps/dump00/bo_sigusr1_h0_va10000030400_cpu105790400_sz20000.hex
BODUMP handle=0 gpu_va=0x10000030600 cpu=0x105790600 size=0x20000 read=0x20000 -> /Users/user/asahi_re/public/agx-re/experiments/EXP-0043-command-stream-framing/raw/runs/m4-20260817-boundaries-a/cases/render_329/dumps/dump00/bo_sigusr1_h0_va10000030600_cpu105790600_sz20000.hex
BODUMP handle=0 gpu_va=0x10000030800 cpu=0x105790800 size=0x20000 read=0x20000 -> /Users/user/asahi_re/public/agx-re/experiments/EXP-0043-command-stream-framing/raw/runs/m4-20260817-boundaries-a/cases/render_329/dumps/dump00/bo_sigusr1_h0_va10000030800_cpu105790800_sz20000.hex
BODUMP handle=0 gpu_va=0x10000030900 cpu=0x105790900 size=0x20000 read=0x20000 -> /Users/user/asahi_re/public/agx-re/experiments/EXP-0043-command-stream-framing/raw/runs/m4-20260817-boundaries-a/cases/render_329/dumps/dump00/bo_sigusr1_h0_va10000030900_cpu105790900_sz20000.hex
BODUMP handle=0 gpu_va=0x10000030a00 cpu=0x105790a00 size=0x20000 read=0x20000 -> /Users/user/asahi_re/public/agx-re/experiments/EXP-0043-command-stream-framing/raw/runs/m4-20260817-boundaries-a/cases/render_329/dumps/dump00/bo_sigusr1_h0_va10000030a00_cpu105790a00_sz20000.hex
BODUMP handle=0 gpu_va=0x10000030b00 cpu=0x105790b00 size=0x20000 read=0x20000 -> /Users/user/asahi_re/public/agx-re/experiments/EXP-0043-command-stream-framing/raw/runs/m4-20260817-boundaries-a/cases/render_329/dumps/dump00/bo_sigusr1_h0_va10000030b00_cpu105790b00_sz20000.hex
BODUMP handle=0 gpu_va=0x10000031b00 cpu=0x105791b00 size=0x20000 read=0x20000 -> /Users/user/asahi_re/public/agx-re/experiments/EXP-0043-command-stream-framing/raw/runs/m4-20260817-boundaries-a/cases/render_329/dumps/dump00/bo_sigusr1_h0_va10000031b00_cpu105791b00_sz20000.hex
BODUMP handle=0 gpu_va=0x10000031c00 cpu=0x105791c00 size=0x20000 read=0x20000 -> /Users/user/asahi_re/public/agx-re/experiments/EXP-0043-command-stream-framing/raw/runs/m4-20260817-boundaries-a/cases/render_329/dumps/dump00/bo_sigusr1_h0_va10000031c00_cpu105791c00_sz20000.hex
BODUMP handle=0 gpu_va=0x10000031d00 cpu=0x105791d00 size=0x20000 read=0x20000 -> /Users/user/asahi_re/public/agx-re/experiments/EXP-0043-command-stream-framing/raw/runs/m4-20260817-boundaries-a/cases/render_329/dumps/dump00/bo_sigusr1_h0_va10000031d00_cpu105791d00_sz20000.hex
BODUMP handle=0 gpu_va=0x10000031e00 cpu=0x105791e00 size=0x20000 read=0x20000 -> /Users/user/asahi_re/public/agx-re/experiments/EXP-0043-command-stream-framing/raw/runs/m4-20260817-boundaries-a/cases/render_329/dumps/dump00/bo_sigusr1_h0_va10000031e00_cpu105791e00_sz20000.hex
BODUMP handle=0 gpu_va=0x10000032600 cpu=0x105792600 size=0x20000 read=0x20000 -> /Users/user/asahi_re/public/agx-re/experiments/EXP-0043-command-stream-framing/raw/runs/m4-20260817-boundaries-a/cases/render_329/dumps/dump00/bo_sigusr1_h0_va10000032600_cpu105792600_sz20000.hex
BODUMP handle=0 gpu_va=0x10000032700 cpu=0x105792700 size=0x20000 read=0x20000 -> /Users/user/asahi_re/public/agx-re/experiments/EXP-0043-command-stream-framing/raw/runs/m4-20260817-boundaries-a/cases/render_329/dumps/dump00/bo_sigusr1_h0_va10000032700_cpu105792700_sz20000.hex
BODUMP handle=0 gpu_va=0x10000060000 cpu=0x1057c8000 size=0x20000 read=0x20000 -> /Users/user/asahi_re/public/agx-re/experiments/EXP-0043-command-stream-framing/raw/runs/m4-20260817-boundaries-a/cases/render_329/dumps/dump00/bo_sigusr1_h0_va10000060000_cpu1057c8000_sz20000.hex
BODUMP handle=0 gpu_va=0x10000088000 cpu=0x1057f4000 size=0x74000 read=0x74000 -> /Users/user/asahi_re/public/agx-re/experiments/EXP-0043-command-stream-framing/raw/runs/m4-20260817-boundaries-a/cases/render_329/dumps/dump00/bo_sigusr1_h0_va10000088000_cpu1057f4000_sz74000.hex
BODUMP handle=0 gpu_va=0x18000 cpu=0x105868000 size=0x8000 read=0x8000 -> /Users/user/asahi_re/public/agx-re/experiments/EXP-0043-command-stream-framing/raw/runs/m4-20260817-boundaries-a/cases/render_329/dumps/dump00/bo_sigusr1_h0_va18000_cpu105868000_sz8000.hex
BODUMP handle=0 gpu_va=0x28000 cpu=0x105870000 size=0x8000 read=0x8000 -> /Users/user/asahi_re/public/agx-re/experiments/EXP-0043-command-stream-framing/raw/runs/m4-20260817-boundaries-a/cases/render_329/dumps/dump00/bo_sigusr1_h0_va28000_cpu105870000_sz8000.hex
BODUMP handle=0 gpu_va=0x38000 cpu=0x105878000 size=0x8000 read=0x8000 -> /Users/user/asahi_re/public/agx-re/experiments/EXP-0043-command-stream-framing/raw/runs/m4-20260817-boundaries-a/cases/render_329/dumps/dump00/bo_sigusr1_h0_va38000_cpu105878000_sz8000.hex
BODUMP handle=0 gpu_va=0x10000100000 cpu=0x105880000 size=0x8000 read=0x8000 -> /Users/user/asahi_re/public/agx-re/experiments/EXP-0043-command-stream-framing/raw/runs/m4-20260817-boundaries-a/cases/render_329/dumps/dump00/bo_sigusr1_h0_va10000100000_cpu105880000_sz8000.hex
BODUMP handle=0 gpu_va=0x10000110000 cpu=0x105888000 size=0x8000 read=0x8000 -> /Users/user/asahi_re/public/agx-re/experiments/EXP-0043-command-stream-framing/raw/runs/m4-20260817-boundaries-a/cases/render_329/dumps/dump00/bo_sigusr1_h0_va10000110000_cpu105888000_sz8000.hex
BODUMP handle=0 gpu_va=0x10000120000 cpu=0x105890000 size=0x8000 read=0x8000 -> /Users/user/asahi_re/public/agx-re/experiments/EXP-0043-command-stream-framing/raw/runs/m4-20260817-boundaries-a/cases/render_329/dumps/dump00/bo_sigusr1_h0_va10000120000_cpu105890000_sz8000.hex
BODUMP handle=0 gpu_va=0x10000130000 cpu=0x105898000 size=0x8000 read=0x8000 -> /Users/user/asahi_re/public/agx-re/experiments/EXP-0043-command-stream-framing/raw/runs/m4-20260817-boundaries-a/cases/render_329/dumps/dump00/bo_sigusr1_h0_va10000130000_cpu105898000_sz8000.hex
BODUMP handle=0 gpu_va=0x10000140000 cpu=0x1058a0000 size=0x100000 read=0x100000 -> /Users/user/asahi_re/public/agx-re/experiments/EXP-0043-command-stream-framing/raw/runs/m4-20260817-boundaries-a/cases/render_329/dumps/dump00/bo_sigusr1_h0_va10000140000_cpu1058a0000_sz100000.hex
BODUMP handle=0 gpu_va=0x48000 cpu=0x1059a0000 size=0x8000 read=0x8000 -> /Users/user/asahi_re/public/agx-re/experiments/EXP-0043-command-stream-framing/raw/runs/m4-20260817-boundaries-a/cases/render_329/dumps/dump00/bo_sigusr1_h0_va48000_cpu1059a0000_sz8000.hex
BODUMP handle=0 gpu_va=0x10000248000 cpu=0x1059a8000 size=0x8000 read=0x8000 -> /Users/user/asahi_re/public/agx-re/experiments/EXP-0043-command-stream-framing/raw/runs/m4-20260817-boundaries-a/cases/render_329/dumps/dump00/bo_sigusr1_h0_va10000248000_cpu1059a8000_sz8000.hex
BODUMP handle=0 gpu_va=0x10000258000 cpu=0x1059b0000 size=0x8000 read=0x8000 -> /Users/user/asahi_re/public/agx-re/experiments/EXP-0043-command-stream-framing/raw/runs/m4-20260817-boundaries-a/cases/render_329/dumps/dump00/bo_sigusr1_h0_va10000258000_cpu1059b0000_sz8000.hex
BODUMP handle=0 gpu_va=0x10000268000 cpu=0x1059b8000 size=0x8000 read=0x8000 -> /Users/user/asahi_re/public/agx-re/experiments/EXP-0043-command-stream-framing/raw/runs/m4-20260817-boundaries-a/cases/render_329/dumps/dump00/bo_sigusr1_h0_va10000268000_cpu1059b8000_sz8000.hex
BODUMP handle=0 gpu_va=0x10000278000 cpu=0x1059c0000 size=0x8000 read=0x8000 -> /Users/user/asahi_re/public/agx-re/experiments/EXP-0043-command-stream-framing/raw/runs/m4-20260817-boundaries-a/cases/render_329/dumps/dump00/bo_sigusr1_h0_va10000278000_cpu1059c0000_sz8000.hex
BODUMP handle=0 gpu_va=0x10000288000 cpu=0x1059c8000 size=0x8000 read=0x8000 -> /Users/user/asahi_re/public/agx-re/experiments/EXP-0043-command-stream-framing/raw/runs/m4-20260817-boundaries-a/cases/render_329/dumps/dump00/bo_sigusr1_h0_va10000288000_cpu1059c8000_sz8000.hex
BODUMP handle=0 gpu_va=0x58000 cpu=0x1059d0000 size=0x8000 read=0x8000 -> /Users/user/asahi_re/public/agx-re/experiments/EXP-0043-command-stream-framing/raw/runs/m4-20260817-boundaries-a/cases/render_329/dumps/dump00/bo_sigusr1_h0_va58000_cpu1059d0000_sz8000.hex
BODUMP handle=0 gpu_va=0x68000 cpu=0x1059d8000 size=0x88e0 read=0x88e0 -> /Users/user/asahi_re/public/agx-re/experiments/EXP-0043-command-stream-framing/raw/runs/m4-20260817-boundaries-a/cases/render_329/dumps/dump00/bo_sigusr1_h0_va68000_cpu1059d8000_sz88e0.hex
BODUMP handle=0 gpu_va=0x10000298000 cpu=0x1059e4000 size=0xc0000 read=0xc0000 -> /Users/user/asahi_re/public/agx-re/experiments/EXP-0043-command-stream-framing/raw/runs/m4-20260817-boundaries-a/cases/render_329/dumps/dump00/bo_sigusr1_h0_va10000298000_cpu1059e4000_szc0000.hex
BODUMP handle=0 gpu_va=0x10000360000 cpu=0x105aa4000 size=0x8000 read=0x8000 -> /Users/user/asahi_re/public/agx-re/experiments/EXP-0043-command-stream-framing/raw/runs/m4-20260817-boundaries-a/cases/render_329/dumps/dump00/bo_sigusr1_h0_va10000360000_cpu105aa4000_sz8000.hex
BODUMP handle=0 gpu_va=0x10000370000 cpu=0x105aac000 size=0x8000 read=0x8000 -> /Users/user/asahi_re/public/agx-re/experiments/EXP-0043-command-stream-framing/raw/runs/m4-20260817-boundaries-a/cases/render_329/dumps/dump00/bo_sigusr1_h0_va10000370000_cpu105aac000_sz8000.hex
BODUMP handle=0 gpu_va=0x10000380000 cpu=0x105ab4000 size=0x8000 read=0x8000 -> /Users/user/asahi_re/public/agx-re/experiments/EXP-0043-command-stream-framing/raw/runs/m4-20260817-boundaries-a/cases/render_329/dumps/dump00/bo_sigusr1_h0_va10000380000_cpu105ab4000_sz8000.hex
BODUMP handle=0 gpu_va=0x78000 cpu=0x105abc000 size=0x8000 read=0x8000 -> /Users/user/asahi_re/public/agx-re/experiments/EXP-0043-command-stream-framing/raw/runs/m4-20260817-boundaries-a/cases/render_329/dumps/dump00/bo_sigusr1_h0_va78000_cpu105abc000_sz8000.hex
BODUMP handle=0 gpu_va=0x88000 cpu=0x105ac4000 size=0x8000 read=0x8000 -> /Users/user/asahi_re/public/agx-re/experiments/EXP-0043-command-stream-framing/raw/runs/m4-20260817-boundaries-a/cases/render_329/dumps/dump00/bo_sigusr1_h0_va88000_cpu105ac4000_sz8000.hex
BODUMP end reason=sigusr1
MAPDUMP reason=sigusr1 seq=64 conn=0 memType=0x00005e15 addr=0x100fe0000 size=0x4000 read=0x4000 -> /Users/user/asahi_re/public/agx-re/experiments/EXP-0043-command-stream-framing/raw/runs/m4-20260817-boundaries-a/cases/render_329/dumps/dump00/map_seq000064_conn0_type00005e15_at100fe0000_sz4000.hex
MAPDUMP reason=sigusr1 seq=64 conn=0 memType=0x00005e15 addr=0x10111c000 size=0x4000 read=0x4000 -> /Users/user/asahi_re/public/agx-re/experiments/EXP-0043-command-stream-framing/raw/runs/m4-20260817-boundaries-a/cases/render_329/dumps/dump00/map_seq000064_conn0_type00005e15_at10111c000_sz4000.hex
CALL seq=65 fn=Method conn=2c03 class=AGXAcceleratorG16G sel=8(0x8) inScalarCnt=1 inStructCnt=0 inScalars=[0x2]
CALL seq=66 fn=Method conn=2c03 class=AGXAcceleratorG16G sel=17(0x11) inScalarCnt=1 inStructCnt=0 inScalars=[0x2]
RET  seq=66 conn=2c03 sel=17(0x11) ret=0x0
RET  seq=66 conn=2c03 sel=8(0x8) ret=0x0
CALL seq=67 fn=Method conn=2c03 class=AGXAcceleratorG16G sel=8(0x8) inScalarCnt=1 inStructCnt=0 inScalars=[0x1]
CALL seq=68 fn=Method conn=2c03 class=AGXAcceleratorG16G sel=17(0x11) inScalarCnt=1 inStructCnt=0 inScalars=[0x1]
RET  seq=68 conn=2c03 sel=17(0x11) ret=0x0
RET  seq=68 conn=2c03 sel=8(0x8) ret=0x0
CALL seq=69 fn=Scalar conn=2c03 class=AGXAcceleratorG16G sel=15(0xf) inScalarCnt=1 inStructCnt=0 inScalars=[0x2]
RET  seq=69 conn=2c03 sel=15(0xf) ret=0x0
CALL seq=70 fn=Scalar conn=2c03 class=AGXAcceleratorG16G sel=15(0xf) inScalarCnt=1 inStructCnt=0 inScalars=[0x1]
RET  seq=70 conn=2c03 sel=15(0xf) ret=0x0
