      0/16202  carrier_uni  {'ok': 1}  0s
    500/16202  carrier_uni  {'invalid_run': 73, 'ok': 117, 'silent_zero': 59, 'wrong_value': 252}  4s
   1000/16202  carrier  {'exploratory': 1, 'invalid_run': 137, 'ok': 138, 'silent_zero': 83, 'wrong_value': 642}  7s
   1500/16202  carrier  {'exploratory': 7, 'invalid_run': 235, 'ok': 283, 'silent_zero': 83, 'wrong_value': 893}  10s
   2000/16202  carrier  {'exploratory': 10, 'invalid_run': 257, 'ok': 456, 'silent_zero': 83, 'wrong_value': 1195}  13s
   2500/16202  carrier  {'exploratory': 10, 'invalid_run': 273, 'ok': 539, 'silent_zero': 83, 'wrong_value': 1596}  15s
   3000/16202  carrier  {'exploratory': 10, 'invalid_run': 273, 'ok': 966, 'silent_zero': 83, 'wrong_value': 1669}  18s
   3500/16202  carrier  {'exploratory': 17, 'invalid_run': 307, 'ok': 1201, 'silent_zero': 83, 'wrong_value': 1893}  21s
   4000/16202  carrier  {'exploratory': 17, 'invalid_run': 307, 'ok': 1241, 'silent_zero': 99, 'wrong_value': 2337}  23s
   4500/16202  carrier  {'exploratory': 17, 'invalid_run': 307, 'ok': 1397, 'silent_zero': 99, 'wrong_value': 2681}  25s
   5000/16202  carrier  {'exploratory': 19, 'invalid_run': 309, 'ok': 1893, 'silent_zero': 99, 'wrong_value': 2681}  27s
   5500/16202  carrier  {'exploratory': 23, 'fault': 5, 'invalid_run': 439, 'ok': 2217, 'silent_zero': 102, 'wrong_value': 2715}  33s
   6000/16202  carrier  {'exploratory': 23, 'fault': 15, 'invalid_run': 592, 'ok': 2551, 'silent_zero': 105, 'wrong_value': 2715}  37s
   6500/16202  carrier  {'exploratory': 23, 'fault': 15, 'invalid_run': 688, 'ok': 2955, 'silent_zero': 105, 'wrong_value': 2715}  41s
   7000/16202  carrier  {'exploratory': 23, 'fault': 15, 'invalid_run': 692, 'ok': 3425, 'silent_zero': 105, 'wrong_value': 2741}  43s
   7500/16202  carrier  {'exploratory': 23, 'fault': 15, 'invalid_run': 758, 'ok': 3657, 'silent_zero': 105, 'wrong_value': 2943}  46s
   8000/16202  carrier  {'exploratory': 23, 'fault': 15, 'invalid_run': 954, 'ok': 3901, 'silent_zero': 105, 'wrong_value': 3003}  50s
   8500/16202  carrier  {'exploratory': 23, 'fault': 15, 'invalid_run': 954, 'ok': 3958, 'silent_zero': 121, 'wrong_value': 3430}  53s
   9000/16202  carrier  {'exploratory': 23, 'fault': 15, 'invalid_run': 1004, 'ok': 4219, 'silent_zero': 121, 'wrong_value': 3619}  55s
   9500/16202  carrier  {'exploratory': 23, 'fault': 15, 'invalid_run': 1156, 'ok': 4451, 'silent_zero': 121, 'wrong_value': 3735}  60s
  10000/16202  carrier  {'exploratory': 23, 'fault': 15, 'invalid_run': 1220, 'ok': 4719, 'silent_zero': 137, 'wrong_value': 3887}  63s
  10500/16202  carrier  {'exploratory': 23, 'fault': 15, 'invalid_run': 1220, 'ok': 4759, 'silent_zero': 137, 'wrong_value': 4347}  65s
  11000/16202  carrier  {'exploratory': 23, 'fault': 15, 'invalid_run': 1223, 'ok': 5075, 'silent_zero': 137, 'wrong_value': 4528}  68s
  11500/16202  half_alu  {'exploratory': 23, 'fault': 15, 'invalid_run': 1226, 'ok': 5533, 'silent_zero': 137, 'wrong_value': 4567}  69s
  12000/16202  half_alu_ext8  {'exploratory': 23, 'fault': 15, 'invalid_run': 1226, 'ok': 5966, 'silent_zero': 175, 'wrong_value': 4596}  70s
  12500/16202  copysign  {'exploratory': 23, 'fault': 15, 'invalid_run': 1226, 'ok': 6439, 'silent_zero': 199, 'wrong_value': 4599}  70s
  13000/16202  copysign  {'exploratory': 23, 'fault': 15, 'invalid_run': 1226, 'ok': 6691, 'silent_zero': 439, 'wrong_value': 4607}  70s
  13500/16202  fspecial  {'exploratory': 23, 'fault': 15, 'invalid_run': 1228, 'ok': 6925, 'silent_zero': 567, 'wrong_value': 4743}  71s
