      0/16202  carrier_uni  {'ok': 1}  0s
    500/16202  carrier_uni  {'fault': 24, 'invalid_run': 48, 'ok': 117, 'silent_zero': 60, 'victim': 1, 'wrong_value': 251}  59s
   1000/16202  carrier  {'exploratory': 1, 'fault': 43, 'invalid_run': 89, 'ok': 138, 'silent_zero': 84, 'victim': 5, 'wrong_value': 641}  122s
   1500/16202  carrier  {'exploratory': 7, 'fault': 77, 'invalid_run': 148, 'ok': 283, 'silent_zero': 84, 'victim': 10, 'wrong_value': 892}  209s
   2000/16202  carrier  {'exploratory': 10, 'fault': 83, 'invalid_run': 159, 'ok': 456, 'silent_zero': 84, 'victim': 15, 'wrong_value': 1194}  239s
   2500/16202  carrier  {'exploratory': 10, 'fault': 89, 'invalid_run': 168, 'ok': 539, 'silent_zero': 84, 'victim': 16, 'wrong_value': 1595}  259s
   3000/16202  carrier  {'exploratory': 10, 'fault': 89, 'invalid_run': 168, 'ok': 966, 'silent_zero': 84, 'victim': 16, 'wrong_value': 1668}  261s
   3500/16202  carrier  {'exploratory': 16, 'fault': 101, 'invalid_run': 187, 'ok': 1200, 'silent_zero': 84, 'victim': 21, 'wrong_value': 1892}  295s
   4000/16202  carrier  {'exploratory': 16, 'fault': 101, 'invalid_run': 187, 'ok': 1240, 'silent_zero': 100, 'victim': 21, 'wrong_value': 2336}  298s
   4500/16202  carrier  {'exploratory': 16, 'fault': 101, 'invalid_run': 187, 'ok': 1396, 'silent_zero': 100, 'victim': 21, 'wrong_value': 2680}  300s
   5000/16202  carrier  {'exploratory': 18, 'fault': 101, 'invalid_run': 189, 'ok': 1892, 'silent_zero': 100, 'victim': 21, 'wrong_value': 2680}  302s
   5500/16202  carrier  {'exploratory': 22, 'fault': 158, 'invalid_run': 255, 'ok': 2216, 'silent_zero': 103, 'victim': 33, 'wrong_value': 2714}  425s
   6000/16202  carrier  {'exploratory': 22, 'fault': 191, 'invalid_run': 381, 'ok': 2550, 'silent_zero': 106, 'victim': 37, 'wrong_value': 2714}  493s
   6500/16202  carrier  {'exploratory': 22, 'fault': 191, 'invalid_run': 477, 'ok': 2954, 'silent_zero': 106, 'victim': 37, 'wrong_value': 2714}  496s
   7000/16202  carrier  {'exploratory': 22, 'fault': 191, 'invalid_run': 481, 'ok': 3424, 'silent_zero': 106, 'victim': 37, 'wrong_value': 2740}  498s
   7500/16202  carrier  {'exploratory': 22, 'fault': 191, 'invalid_run': 547, 'ok': 3656, 'silent_zero': 106, 'victim': 37, 'wrong_value': 2942}  501s
   8000/16202  carrier  {'exploratory': 22, 'fault': 191, 'invalid_run': 743, 'ok': 3900, 'silent_zero': 106, 'victim': 37, 'wrong_value': 3002}  504s
   8500/16202  carrier  {'exploratory': 22, 'fault': 191, 'invalid_run': 743, 'ok': 3957, 'silent_zero': 122, 'victim': 37, 'wrong_value': 3429}  506s
   9000/16202  carrier  {'exploratory': 22, 'fault': 191, 'invalid_run': 793, 'ok': 4218, 'silent_zero': 122, 'victim': 37, 'wrong_value': 3618}  509s
   9500/16202  carrier  {'exploratory': 22, 'fault': 191, 'invalid_run': 945, 'ok': 4450, 'silent_zero': 122, 'victim': 37, 'wrong_value': 3734}  512s
  10000/16202  carrier  {'exploratory': 22, 'fault': 191, 'invalid_run': 1009, 'ok': 4718, 'silent_zero': 138, 'victim': 37, 'wrong_value': 3886}  515s
  10500/16202  carrier  {'exploratory': 22, 'fault': 191, 'invalid_run': 1009, 'ok': 4758, 'silent_zero': 138, 'victim': 37, 'wrong_value': 4346}  517s
  11000/16202  carrier  {'exploratory': 22, 'fault': 191, 'invalid_run': 1012, 'ok': 5074, 'silent_zero': 138, 'victim': 37, 'wrong_value': 4527}  519s
  11500/16202  half_alu  {'exploratory': 22, 'fault': 191, 'invalid_run': 1015, 'ok': 5532, 'silent_zero': 138, 'victim': 37, 'wrong_value': 4566}  521s
  12000/16202  half_alu_ext8  {'exploratory': 22, 'fault': 191, 'invalid_run': 1015, 'ok': 5965, 'silent_zero': 176, 'victim': 37, 'wrong_value': 4595}  522s
  12500/16202  copysign  {'exploratory': 22, 'fault': 191, 'invalid_run': 1015, 'ok': 6438, 'silent_zero': 200, 'victim': 37, 'wrong_value': 4598}  522s
  13000/16202  copysign  {'exploratory': 22, 'fault': 191, 'invalid_run': 1015, 'ok': 6690, 'silent_zero': 440, 'victim': 37, 'wrong_value': 4606}  522s
  13500/16202  fspecial  {'exploratory': 22, 'fault': 191, 'invalid_run': 1017, 'ok': 6924, 'silent_zero': 568, 'victim': 37, 'wrong_value': 4742}  523s
  14000/16202  fspecial  {'exploratory': 22, 'fault': 251, 'invalid_run': 1017, 'ok': 7056, 'silent_zero': 756, 'victim': 41, 'wrong_value': 4858}  665s
  14500/16202  fspecial  {'exploratory': 22, 'fault': 251, 'invalid_run': 1017, 'ok': 7104, 'silent_zero': 928, 'victim': 41, 'wrong_value': 5138}  665s
  15000/16202  fspecial  {'exploratory': 22, 'fault': 251, 'invalid_run': 1017, 'ok': 7360, 'silent_zero': 1012, 'victim': 41, 'wrong_value': 5298}  667s
  15500/16202  fspecial_est  {'exploratory': 22, 'fault': 251, 'invalid_run': 1018, 'ok': 7858, 'silent_zero': 1012, 'victim': 41, 'wrong_value': 5299}  672s
  16000/16202  fspecial_est  {'exploratory': 22, 'fault': 253, 'invalid_run': 1209, 'ok': 8113, 'silent_zero': 1012, 'victim': 41, 'wrong_value': 5351}  686s
victim_retries=43 repeats=43 hangs=0 restarts=0
DONE m4_20260828_run01 {'ok': 8147, 'wrong_value': 5517, 'silent_zero': 1012, 'invalid_run': 1209, 'fault': 254, 'victim': 41, 'exploratory': 22}
