      0/14119  carrier_uni  {'ok': 1}  0s
    500/14119  carrier_uni  {'invalid_run': 73, 'ok': 117, 'silent_zero': 59, 'wrong_value': 252}  4s
   1000/14119  carrier  {'exploratory': 1, 'invalid_run': 137, 'ok': 138, 'silent_zero': 83, 'wrong_value': 642}  7s
   1500/14119  carrier  {'exploratory': 7, 'invalid_run': 235, 'ok': 283, 'silent_zero': 83, 'wrong_value': 893}  11s
   2000/14119  carrier  {'exploratory': 10, 'invalid_run': 257, 'ok': 456, 'silent_zero': 83, 'wrong_value': 1195}  14s
   2500/14119  carrier  {'exploratory': 10, 'invalid_run': 273, 'ok': 539, 'silent_zero': 83, 'wrong_value': 1596}  16s
   3000/14119  carrier  {'exploratory': 10, 'invalid_run': 273, 'ok': 966, 'silent_zero': 83, 'wrong_value': 1669}  19s
   3500/14119  carrier  {'exploratory': 17, 'invalid_run': 307, 'ok': 1201, 'silent_zero': 83, 'wrong_value': 1893}  22s
   4000/14119  carrier  {'exploratory': 17, 'invalid_run': 307, 'ok': 1241, 'silent_zero': 99, 'wrong_value': 2337}  24s
   4500/14119  carrier  {'exploratory': 17, 'invalid_run': 307, 'ok': 1397, 'silent_zero': 99, 'wrong_value': 2681}  27s
   5000/14119  carrier  {'exploratory': 19, 'invalid_run': 309, 'ok': 1893, 'silent_zero': 99, 'wrong_value': 2681}  29s
   5500/14119  carrier  {'exploratory': 23, 'fault': 5, 'invalid_run': 439, 'ok': 2217, 'silent_zero': 102, 'wrong_value': 2715}  33s
   6000/14119  carrier  {'exploratory': 23, 'fault': 15, 'invalid_run': 592, 'ok': 2551, 'silent_zero': 105, 'wrong_value': 2715}  37s
   6500/14119  carrier  {'exploratory': 23, 'fault': 15, 'invalid_run': 688, 'ok': 2955, 'silent_zero': 105, 'wrong_value': 2715}  41s
   7000/14119  carrier  {'exploratory': 23, 'fault': 15, 'invalid_run': 692, 'ok': 3425, 'silent_zero': 105, 'wrong_value': 2741}  43s
   7500/14119  carrier  {'exploratory': 23, 'fault': 15, 'invalid_run': 758, 'ok': 3657, 'silent_zero': 105, 'wrong_value': 2943}  47s
   8000/14119  carrier  {'exploratory': 23, 'fault': 15, 'invalid_run': 954, 'ok': 3901, 'silent_zero': 105, 'wrong_value': 3003}  52s
   8500/14119  carrier  {'exploratory': 23, 'fault': 15, 'invalid_run': 954, 'ok': 3958, 'silent_zero': 121, 'wrong_value': 3430}  54s
   9000/14119  carrier  {'exploratory': 23, 'fault': 15, 'invalid_run': 1004, 'ok': 4219, 'silent_zero': 121, 'wrong_value': 3619}  57s
   9500/14119  carrier  {'exploratory': 23, 'fault': 15, 'invalid_run': 1156, 'ok': 4451, 'silent_zero': 121, 'wrong_value': 3735}  62s
  10000/14119  carrier  {'exploratory': 23, 'fault': 15, 'invalid_run': 1220, 'ok': 4719, 'silent_zero': 137, 'wrong_value': 3887}  65s
  10500/14119  carrier  {'exploratory': 23, 'fault': 15, 'invalid_run': 1220, 'ok': 4759, 'silent_zero': 137, 'wrong_value': 4347}  67s
  11000/14119  carrier  {'exploratory': 23, 'fault': 15, 'invalid_run': 1223, 'ok': 5075, 'silent_zero': 137, 'wrong_value': 4528}  69s
  11500/14119  half_alu  {'exploratory': 23, 'fault': 15, 'invalid_run': 1226, 'ok': 5533, 'silent_zero': 137, 'wrong_value': 4567}  71s
  12000/14119  half_alu_ext8  {'exploratory': 23, 'fault': 15, 'invalid_run': 1226, 'ok': 5966, 'silent_zero': 175, 'wrong_value': 4596}  72s
  12500/14119  copysign  {'exploratory': 23, 'fault': 15, 'invalid_run': 1226, 'ok': 6439, 'silent_zero': 199, 'wrong_value': 4599}  72s
  13000/14119  copysign  {'exploratory': 23, 'fault': 15, 'invalid_run': 1226, 'ok': 6691, 'silent_zero': 439, 'wrong_value': 4607}  72s
  13500/14119  fspecial_est  {'exploratory': 23, 'fault': 15, 'invalid_run': 1227, 'ok': 7189, 'silent_zero': 439, 'wrong_value': 4608}  72s
  14000/14119  fspecial_est  {'exploratory': 23, 'fault': 15, 'invalid_run': 1419, 'ok': 7359, 'silent_zero': 439, 'wrong_value': 4746}  73s
victim_retries=0 repeats=0 hangs=0 restarts=0 compiler_outages=0
DONE m4_20260828_run06 {'ok': 7391, 'wrong_value': 4832, 'silent_zero': 439, 'invalid_run': 1419, 'exploratory': 23, 'fault': 15}
