
=== eret2  (nofast)  mainlen=40 cplen=64 wholelen=104 ===
  const_program: 0e000000060006000600060006000600060006000600060006000600060006000600060006000600060006000600060006000600060006000600060006000600
  main:          0ca010060a01228014220f0554211c07e7005402000021005100009011000f06040100000e000000
  tokens:        preamble  [BREAK @ byte0=0x0a leftover=0a01228014220f0554211c07e700540200002100...]

=== eret4  (nofast)  mainlen=40 cplen=64 wholelen=104 ===
  const_program: 0e000000060006000600060006000600060006000600060006000600060006000600060006000600060006000600060006000600060006000600060006000600
  main:          0ca010060a01228214220f0554211c07e7005402000021005100009011000f06040100000e000000
  tokens:        preamble  [BREAK @ byte0=0x0a leftover=0a01228214220f0554211c07e700540200002100...]

=== eret6  (nofast)  mainlen=40 cplen=64 wholelen=104 ===
  const_program: 0e000000060006000600060006000600060006000600060006000600060006000600060006000600060006000600060006000600060006000600060006000600
  main:          0ca010060a01228414220f0554211c07e7005402000021005100009011000f06040100000e000000
  tokens:        preamble  [BREAK @ byte0=0x0a leftover=0a01228414220f0554211c07e700540200002100...]

=== eret4v9  (nofast)  mainlen=40 cplen=64 wholelen=104 ===
  const_program: 0e000000060006000600060006000600060006000600060006000600060006000600060006000600060006000600060006000600060006000600060006000600
  main:          0ca010060a01228214220f0554211c09e7005402000021005100009011000f06040100000e000000
  tokens:        preamble  [BREAK @ byte0=0x0a leftover=0a01228214220f0554211c09e700540200002100...]

=== gsel2  (nofast)  mainlen=32 cplen=64 wholelen=96 ===
  const_program: 0e000000060006000600060006000600060006000600060006000600060006000600060006000600060006000600060006000600060006000600060006000600
  main:          1ca010060203078222ef0522a0dee7005400000121001100009011000e000000
  tokens:        preamble iminmax  [BREAK @ byte0=0x05 leftover=0522a0dee7005400000121001100009011000e00...]

=== gsel4  (nofast)  mainlen=32 cplen=64 wholelen=96 ===
  const_program: 0e000000060006000600060006000600060006000600060006000600060006000600060006000600060006000600060006000600060006000600060006000600
  main:          1ca010060203078422ef0522a0dee7005400000121001100009011000e000000
  tokens:        preamble iminmax  [BREAK @ byte0=0x05 leftover=0522a0dee7005400000121001100009011000e00...]

=== gsel6  (nofast)  mainlen=32 cplen=64 wholelen=96 ===
  const_program: 0e000000060006000600060006000600060006000600060006000600060006000600060006000600060006000600060006000600060006000600060006000600
  main:          1ca010060203078622ef0522a0dee7005400000121001100009011000e000000
  tokens:        preamble iminmax  [BREAK @ byte0=0x05 leftover=0522a0dee7005400000121001100009011000e00...]

=== gsel4b  (nofast)  mainlen=32 cplen=64 wholelen=96 ===
  const_program: 0e000000060006000600060006000600060006000600060006000600060006000600060006000600060006000600060006000600060006000600060006000600
  main:          1ca0100602030784220405222006e7005400000121001100009011000e000000
  tokens:        preamble iminmax  [BREAK @ byte0=0x05 leftover=05222006e7005400000121001100009011000e00...]

=== dsel5  (nofast)  mainlen=46 cplen=64 wholelen=110 ===
  const_program: 030007000200000060000e0000000600060006000600060006000600060006000600060006000600060006000600060006000600060006000600060006000600
  main:          1ca01006671044000101200051010040460002010f8422e416c2a0c8e7005400000121001100009011000e000000
  tokens:        preamble device_load iminmax  [BREAK @ byte0=0x16 leftover=16c2a0c8e7005400000121001100009011000e00...]

=== dsel7  (nofast)  mainlen=46 cplen=64 wholelen=110 ===
  const_program: 030007000200000060000e0000000600060006000600060006000600060006000600060006000600060006000600060006000600060006000600060006000600
  main:          1ca01006671044000101200051010040460002010f8622e416c2a0c8e7005400000121001100009011000e000000
  tokens:        preamble device_load iminmax  [BREAK @ byte0=0x16 leftover=16c2a0c8e7005400000121001100009011000e00...]

=== if2store  (nofast)  mainlen=32 cplen=64 wholelen=96 ===
  const_program: 0e000000060006000600060006000600060006000600060006000600060006000600060006000600060006000600060006000600060006000600060006000600
  main:          1ca010060203078422ef0522a0dee7005400000121001100009011000e000000
  tokens:        preamble iminmax  [BREAK @ byte0=0x05 leftover=0522a0dee7005400000121001100009011000e00...]

=== candidate control-flow byte0 groups (tokenizer break points) ===
  byte0 0x05: 5 kernels
  byte0 0x0a: 4 kernels
  byte0 0x16: 2 kernels
