main: 1ca01006671054000101200051010040460067004404020120005101004046009f015600020800a81705e7005400000121001100009011000e000000
load-a at main[4] = 6710540001012000510100404600
load-b at main[18] = 6700440402012000510100404600
baseline: [11, 22, 33, 44, 55, 66, 77, 88] a+b (orig) OK

load-a byte[1] (orig 0x10) interesting values:
   -> 0+b  (load-a -> zero/out buffer) at 0x01,0x03,0x05,0x07,0x09,0x0b,0x0d,0x0f,0x11,0x13,0x15,0x17 ...

load-a byte[3] (orig 0x00) interesting values:
   -> 0+b  (load-a -> zero/out buffer) at 0x04,0x05,0x06,0x07,0x08,0x09,0x0a,0x0b,0x0c,0x0d,0x0e,0x0f ...

load-a byte[4] (orig 0x01) interesting values:
   -> 0+b  (load-a -> zero/out buffer) at 0x00,0x03,0x04,0x05,0x06,0x07,0x08,0x09,0x0a,0x0b,0x0c,0x0d ...
   -> b+b  (load-a -> buffer B!)       at 0x02,0x82

load-a byte[8] (orig 0x51) interesting values:
   -> 0+b  (load-a -> zero/out buffer) at 0x00,0x02,0x08,0x0e,0x10,0x20,0x22,0x24,0x26,0x28,0x2a,0x2c ...

load-a byte[10] (orig 0x00) interesting values:
   -> 0+b  (load-a -> zero/out buffer) at 0x04,0x05,0x06,0x07,0x08,0x09,0x0a,0x0b,0x0c,0x0d,0x0e,0x0f ...
   -> b+b  (load-a -> buffer B!)       at 0x20

load-a byte[11] (orig 0x40) interesting values:
   -> 0+b  (load-a -> zero/out buffer) at 0x01,0x02,0x03,0x04,0x05,0x06,0x07,0x08,0x09,0x0a,0x0b,0x0c ...

load-a byte[12] (orig 0x46) interesting values:
   -> 0+b  (load-a -> zero/out buffer) at 0x00,0x01,0x02,0x03,0x04,0x05,0x06,0x07,0x08,0x09,0x0a,0x0b ...
