# iotrace init pid=71737 dump_dir=./dump max_struct=65536 max_map=1048576 dump_atexit=0 n_dump_sel=0 only_conn=0x0
OPEN class=IOSurfaceRoot type=0 -> conn=1b03 ret=0x0
CALL seq=1 fn=Method conn=1b03 class=IOSurfaceRoot sel=13(0xd) inScalarCnt=0 inStructCnt=0
RET  seq=1 conn=1b03 sel=13(0xd) ret=0x0 outStructCnt=40
  OUT.struct len=40
  OUT 000000: ff3f 0000 7f00 0000 0080 0000 0000 0000 
  OUT 000010: 0040 0000 0000 0000 0040 0000 0000 0000 
  OUT 000020: 0000 0100 0000 0000                     
MEMENTRY size=0x40000 offset=0x104890000 perm=0x400001 parent=0x0 -> handle=0x1803 ret=0x0
CALL seq=2 fn=Method conn=1b03 class=IOSurfaceRoot sel=44(0x2c) inScalarCnt=1 inStructCnt=0 inScalars=[0x6d4]
RET  seq=2 conn=1b03 sel=44(0x2c) ret=0xe00002f0 outStructCnt=0
OPEN class=AGXAcceleratorG16G type=1048581 -> conn=3a03 ret=0x0
CALL seq=3 fn=Struct conn=3a03 class=AGXAcceleratorG16G sel=2(0x2) inScalarCnt=0 inStructCnt=0
RET  seq=3 conn=3a03 sel=2(0x2) ret=0x0 outStructCnt=536
  OUT.struct len=536
  OUT 000000: 0000 9004 0100 0000 0800 0000 0800 0000 
  OUT 000010: 0000 0000 8000 0000 0000 0000 0400 0000 
  OUT 000020: 0800 0000 0c00 0000 1000 0000 1400 0000 
  OUT 000030: 1800 0000 1c00 0000 2000 0000 2400 0000 
  OUT 000040: 2800 0000 2c00 0000 3000 0000 3400 0000 
  OUT 000050: 3800 0000 3c00 0000 4000 0000 4400 0000 
  OUT 000060: 4800 0000 4c00 0000 5000 0000 5400 0000 
  OUT 000070: 5800 0000 5c00 0000 6000 0000 6400 0000 
  OUT 000080: 6800 0000 6c00 0000 7000 0000 7400 0000 
  OUT 000090: 7800 0000 7c00 0000 8000 0000 8400 0000 
  OUT 0000a0: 8800 0000 8c00 0000 9000 0000 9400 0000 
  OUT 0000b0: 9800 0000 9c00 0000 a000 0000 a400 0000 
  OUT 0000c0: a800 0000 ac00 0000 b000 0000 b400 0000 
  OUT 0000d0: b800 0000 bc00 0000 c000 0000 c400 0000 
  OUT 0000e0: c800 0000 cc00 0000 d000 0000 d400 0000 
  OUT 0000f0: d800 0000 dc00 0000 e000 0000 e400 0000 
  OUT 000100: e800 0000 ec00 0000 f000 0000 f400 0000 
  OUT 000110: f800 0000 fc00 0000 0001 0000 0401 0000 
  OUT 000120: 0801 0000 0c01 0000 1001 0000 1401 0000 
  OUT 000130: 1801 0000 1c01 0000 2001 0000 2401 0000 
  OUT 000140: 2801 0000 2c01 0000 3001 0000 3401 0000 
  OUT 000150: 3801 0000 3c01 0000 4001 0000 4401 0000 
  OUT 000160: 4801 0000 4c01 0000 5001 0000 5401 0000 
  OUT 000170: 5801 0000 5c01 0000 6001 0000 6401 0000 
  OUT 000180: 6801 0000 6c01 0000 7001 0000 7401 0000 
  OUT 000190: 7801 0000 7c01 0000 8001 0000 8401 0000 
  OUT 0001a0: 8801 0000 8c01 0000 9001 0000 9401 0000 
  OUT 0001b0: 9801 0000 9c01 0000 a001 0000 a401 0000 
  OUT 0001c0: a801 0000 ac01 0000 b001 0000 b401 0000 
  OUT 0001d0: b801 0000 bc01 0000 c001 0000 c401 0000 
  OUT 0001e0: c801 0000 cc01 0000 d001 0000 d401 0000 
  OUT 0001f0: d801 0000 dc01 0000 e001 0000 e401 0000 
  OUT 000200: e801 0000 ec01 0000 f001 0000 f401 0000 
  OUT 000210: f801 0000 fc01 0000                     
CALL seq=4 fn=Struct conn=3a03 class=AGXAcceleratorG16G sel=0(0x0) inScalarCnt=0 inStructCnt=0
RET  seq=4 conn=3a03 sel=0(0x0) ret=0x0 outStructCnt=64
  OUT.struct len=64
  OUT 000000: 4043 0000 0000 0000 0000 0000 0000 0000 
  OUT 000010: 0000 0000 0000 0000 0200 0000 0000 0000 
  OUT 000020: 00c0 c2f5 0200 0000 0000 5238 0200 0000 
  OUT 000030: 0000 0000 0000 0000 0000 0000 0000 0000 
CALL seq=5 fn=Struct conn=3a03 class=AGXAcceleratorG16G sel=5(0x5) inScalarCnt=0 inStructCnt=0
RET  seq=5 conn=3a03 sel=5(0x5) ret=0x0 outStructCnt=32
  OUT.struct len=32
  OUT 000000: 566c 535c 2200 0000 0040 9104 0100 0000 
  OUT 000010: 0080 9004 0100 0000 0040 0000 0000 0000 
CALL seq=6 fn=Method conn=1b03 class=IOSurfaceRoot sel=32(0x20) inScalarCnt=0 inStructCnt=0
RET  seq=6 conn=1b03 sel=32(0x20) ret=0x0 outScalars=[0x10488c000]
CALL seq=7 fn=Struct conn=3a03 class=AGXAcceleratorG16G sel=258(0x102) inScalarCnt=0 inStructCnt=0
RET  seq=7 conn=3a03 sel=258(0x102) ret=0x0 outStructCnt=456
  OUT.struct len=456
  OUT 000000: 0000 0000 0000 0000 0000 0000 0000 0000 
  OUT 000010: 0000 0000 0000 0000 0000 0000 0000 0000 
  OUT 000020: 0000 0000 0000 0000 0000 0000 0000 0000 
  OUT 000030: 0000 0000 0000 0000 0000 0000 0000 0000 
  OUT 000040: 0000 0000 0000 0000 0000 0000 0000 0000 
  OUT 000050: 0000 0000 0000 0000 0000 0000 0000 0000 
  OUT 000060: 0000 0000 0000 0000 0000 0000 0000 0000 
  OUT 000070: 0000 0000 0000 0000 0000 0000 0000 0000 
  OUT 000080: 0000 0000 0000 0000 0000 0000 0000 0000 
  OUT 000090: 0000 0000 0000 0000 0000 0000 0000 0000 
  OUT 0000a0: 0000 0000 0000 0000 0000 0000 0000 0000 
  OUT 0000b0: 0000 0000 0000 0000 0000 0000 0000 0000 
  OUT 0000c0: 0000 0000 0000 0000 4a75 6c20 3331 2032 
  OUT 0000d0: 3032 3620 3232 3a34 333a 3233 0000 0000 
  OUT 0000e0: 0000 0000 0000 0000 7265 6c65 6173 6520 
  OUT 0000f0: 6665 6e64 6572 5f73 6372 6174 6368 5f72 
  OUT 000100: 616d 5f72 6574 656e 7469 6f6e 0000 0000 
  OUT 000110: 0000 0000 0000 0000 0000 0000 0000 0000 
  OUT 000120: 0000 0000 0000 0000 0000 0000 0000 0000 
  OUT 000130: 0000 0000 0000 0000 0000 0000 0000 0000 
  OUT 000140: 0000 0000 0000 0000 0000 0000 0000 0000 
  OUT 000150: 0000 0000 0000 0000 0000 0000 0000 0000 
  OUT 000160: 0000 0000 0000 0000 0000 0000 0000 0000 
  OUT 000170: 0000 0000 0000 0000 0000 0000 0000 0000 
  OUT 000180: 0000 0000 0000 0000 0000 0000 0000 0000 
  OUT 000190: 0000 0000 0000 0000 0000 0000 0000 0000 
  OUT 0001a0: 0000 0000 0000 0000 4a37 3733 6741 5000 
  OUT 0001b0: 0000 0000 0000 0000 0000 0000 0000 0000 
  OUT 0001c0: 0000 0000 0000 0000                     
CALL seq=8 fn=Struct conn=3a03 class=AGXAcceleratorG16G sel=256(0x100) inScalarCnt=0 inStructCnt=0
RET  seq=8 conn=3a03 sel=256(0x100) ret=0x0 outStructCnt=152
  OUT.struct len=152
  OUT 000000: 0000 0000 0000 0000 0000 0000 0000 0000 
  OUT 000010: ff03 0000 0000 0000 0000 0000 0000 0000 
  OUT 000020: 1b00 0000 0400 0000 0000 0000 0000 0000 
  OUT 000030: 0a00 0000 0400 0000 0400 0000 0400 0000 
  OUT 000040: 0000 0000 0a00 0000 0200 0000 0300 0000 
  OUT 000050: 0300 0000 0200 0000 0300 0000 0300 0000 
  OUT 000060: 1000 0000 0100 0000 0100 0000 0100 0000 
  OUT 000070: 0100 0000 0a00 0000 0a00 0000 0000 0000 
  OUT 000080: 0000 0000 0001 0100 0000 0000 0000 0300 
  OUT 000090: 0000 0000 0000 0000                     
CALL seq=9 fn=Method conn=3a03 class=AGXAcceleratorG16G sel=9(0x9) inScalarCnt=0 inStructCnt=104
  IN.struct len=104
  IN 000000: 0000 0000 0000 0000 0100 0100 0100 0000 
  IN 000010: 0101 0001 3004 0000 0000 0000 0000 0000 
  IN 000020: 0000 0000 0000 0000 0000 0000 0000 0000 
  IN 000030: 0000 0000 0000 0000 0000 0000 0000 0000 
  IN 000040: 0000 0000 0000 0000 0000 0100 0000 0000 
  IN 000050: 0000 0000 0000 0000 0000 0008 1800 0000 
  IN 000060: 0000 0000 0000 0000                     
RET  seq=9 conn=3a03 sel=9(0x9) ret=0x0 outStructCnt=88
  OUT.struct len=88
  OUT 000000: 0000 0000 0001 0000 00c0 b404 0100 0000 
  OUT 000010: c080 9004 0100 0000 0000 0000 0000 0000 
  OUT 000020: 0000 0000 0100 0000 0000 0100 0000 0000 
  OUT 000030: 576c 535c 2200 0000 0bc5 0c00 0000 0000 
  OUT 000040: 0000 0000 0000 0000 0000 0000 0000 0000 
  OUT 000050: 0000 0100 0000 0000                     
CALL seq=10 fn=Struct conn=3a03 class=AGXAcceleratorG16G sel=261(0x105) inScalarCnt=0 inStructCnt=72
  IN.struct len=72
  IN 000000: 0b00 0000 0000 0000 0000 0000 0000 0000 
  IN 000010: 0000 0000 0000 0000 0000 0000 0000 0000 
  IN 000020: 0000 0000 0000 0000 0000 0000 0000 0000 
  IN 000030: 0000 0000 0000 0000 0000 0000 0000 0000 
  IN 000040: 0000 0000 0000 0000                     
RET  seq=10 conn=3a03 sel=261(0x105) ret=0x0 outStructCnt=72
  OUT.struct len=72
  OUT 000000: 0b00 0000 0000 0000 0000 0000 0000 0000 
  OUT 000010: 0000 0000 0000 0000 0000 0000 0000 0000 
  OUT 000020: 0000 0000 0000 0000 0000 0000 0000 0000 
  OUT 000030: 0200 0000 0000 0000 0000 0000 0000 0000 
  OUT 000040: 0000 0000 0000 0000                     
CALL seq=11 fn=Method conn=3a03 class=AGXAcceleratorG16G sel=9(0x9) inScalarCnt=0 inStructCnt=104
  IN.struct len=104
  IN 000000: 0000 0000 0000 0000 0100 0100 0100 0000 
  IN 000010: 0101 0001 7004 0000 0000 0000 0000 0000 
  IN 000020: 0000 0000 0000 0000 0000 0000 0000 0000 
  IN 000030: 0100 0000 0000 0000 0000 0000 0000 0000 
  IN 000040: 0000 0000 0000 0000 0038 0000 0000 0000 
  IN 000050: 0000 0000 0000 0000 0000 0058 1800 0000 
  IN 000060: 0000 0000 0000 0000                     
RET  seq=11 conn=3a03 sel=9(0x9) ret=0x0 outStructCnt=88
  OUT.struct len=88
  OUT 000000: 0000 0000 6f00 0000 00c0 9104 0100 0000 
  OUT 000010: 8081 9004 0100 0000 0000 0000 0000 0000 
  OUT 000020: 0000 0000 0200 0000 0040 0000 0000 0000 
  OUT 000030: 586c 535c 2200 0000 0cc5 0c00 0000 0000 
  OUT 000040: 0000 0000 0000 0000 0000 0000 0000 0000 
  OUT 000050: 0040 0000 0000 0000                     
CALL seq=12 fn=Method conn=1b03 class=IOSurfaceRoot sel=32(0x20) inScalarCnt=0 inStructCnt=0
RET  seq=12 conn=1b03 sel=32(0x20) ret=0x0 outScalars=[0x10488c000]
CALL seq=13 fn=Method conn=3a03 class=AGXAcceleratorG16G sel=9(0x9) inScalarCnt=0 inStructCnt=104
  IN.struct len=104
  IN 000000: 0000 0000 0000 0000 0100 0100 0100 0000 
  IN 000010: 0101 0001 3004 0000 0000 0000 0000 0000 
  IN 000020: 0000 0000 0000 0000 0000 0000 0000 0000 
  IN 000030: 0000 0000 0000 0000 0000 0000 0000 0000 
  IN 000040: 0000 0000 0000 0000 0000 0100 0000 0000 
  IN 000050: 0000 0000 0000 0000 0000 0008 1800 0000 
  IN 000060: 0000 0000 0000 0000                     
RET  seq=13 conn=3a03 sel=9(0x9) ret=0x0 outStructCnt=88
  OUT.struct len=88
  OUT 000000: 0080 0100 0001 0000 0000 b704 0100 0000 
  OUT 000010: 4082 9004 0100 0000 0000 0000 0000 0000 
  OUT 000020: 0000 0000 0300 0000 0000 0100 0000 0000 
  OUT 000030: 696c 535c 2200 0000 0dc5 0c00 0000 0000 
  OUT 000040: 0000 0000 0000 0000 0000 0000 0000 0000 
  OUT 000050: 0000 0100 0000 0000                     
CALL seq=14 fn=Method conn=3a03 class=AGXAcceleratorG16G sel=9(0x9) inScalarCnt=0 inStructCnt=104
  IN.struct len=104
  IN 000000: 0000 0000 0000 0000 0100 0100 0100 0000 
  IN 000010: 0101 0001 3084 0000 0000 0000 0000 0000 
  IN 000020: 0000 0000 0000 0000 0000 0000 0000 0000 
  IN 000030: 0000 0000 0000 0000 0000 0000 0000 0000 
  IN 000040: 0000 0000 0000 0000 0000 0100 0000 0000 
  IN 000050: 0000 0000 0000 0000 0000 0038 1800 0000 
  IN 000060: 0000 0000 0000 0000                     
RET  seq=14 conn=3a03 sel=9(0x9) ret=0x0 outStructCnt=88
  OUT.struct len=88
  OUT 000000: 0000 0000 0000 0000 00c0 200a 0100 0000 
  OUT 000010: 0083 9004 0100 0000 0000 0000 0000 0000 
  OUT 000020: 0000 0000 0400 0000 0000 0100 0000 0000 
  OUT 000030: 6a6c 535c 2200 0000 0ec5 0c00 0000 0000 
  OUT 000040: 0000 0000 0000 0000 0000 0000 0000 0000 
  OUT 000050: 0000 0100 0000 0000                     
CALL seq=15 fn=Method conn=3a03 class=AGXAcceleratorG16G sel=9(0x9) inScalarCnt=0 inStructCnt=104
  IN.struct len=104
  IN 000000: 0000 0000 0000 0000 0100 0100 0100 0000 
  IN 000010: 0101 0001 7004 0000 0000 0000 0000 0000 
  IN 000020: 0000 0000 0000 0000 0000 0000 0000 0000 
  IN 000030: 0100 0000 0000 0000 0000 0000 0000 0000 
  IN 000040: 0000 0000 0000 0000 0000 0200 0000 0000 
  IN 000050: 0000 0000 0000 0000 0000 0000 0000 0000 
  IN 000060: 88c9 320b 0100 0000                     
RET  seq=15 conn=3a03 sel=9(0x9) ret=0x0 outStructCnt=88
  OUT.struct len=88
  OUT 000000: 0000 0300 0001 0000 00c0 210a 0100 0000 
  OUT 000010: c083 9004 0100 0000 0000 0000 0000 0000 
  OUT 000020: 0000 0000 0500 0000 0000 0200 0000 0000 
  OUT 000030: 6b6c 535c 2200 0000 0fc5 0c00 0000 0000 
  OUT 000040: 0000 0000 0000 0000 0000 0000 0000 0000 
  OUT 000050: 0000 0200 0000 0000                     
CALL seq=16 fn=Method conn=3a03 class=AGXAcceleratorG16G sel=9(0x9) inScalarCnt=0 inStructCnt=104
  IN.struct len=104
  IN 000000: 8000 0000 0000 0000 0100 0100 0100 0000 
  IN 000010: 0101 0001 300c 0000 0000 0000 0000 0000 
  IN 000020: 0000 0000 0000 0000 0000 0000 0000 0000 
  IN 000030: 0000 0000 0000 0000 00c0 210a 0100 0000 
  IN 000040: 00c0 210a 0100 0000 0000 0200 0000 0000 
  IN 000050: 0500 0000 0000 0000 0000 0000 0000 0000 
  IN 000060: 88c9 320b 0100 0000                     
RET  seq=16 conn=3a03 sel=9(0x9) ret=0x0 outStructCnt=88
  OUT.struct len=88
  OUT 000000: 0000 0300 0001 0000 0000 0000 0000 0000 
  OUT 000010: 8084 9004 0100 0000 0000 0000 0000 0000 
  OUT 000020: 0000 0000 0600 0000 0000 0200 0000 0000 
  OUT 000030: 6c6c 535c 2200 0000 0fc5 0c00 0000 0000 
  OUT 000040: 0000 0000 0000 0000 0000 0000 0000 0000 
  OUT 000050: 0000 0200 0000 0000                     
CALL seq=17 fn=Method conn=3a03 class=AGXAcceleratorG16G sel=9(0x9) inScalarCnt=0 inStructCnt=104
  IN.struct len=104
  IN 000000: 8000 0000 0000 0000 0100 0100 0100 0000 
  IN 000010: 0101 0001 300c 0000 0000 0000 0000 0000 
  IN 000020: 0000 0000 0000 0000 0000 0000 0000 0000 
  IN 000030: 0000 0000 0000 0000 00c1 210a 0100 0000 
  IN 000040: 00c0 210a 0100 0000 0000 0200 0000 0000 
  IN 000050: 0500 0000 0000 0000 0000 0000 0000 0000 
  IN 000060: 88c9 320b 0100 0000                     
RET  seq=17 conn=3a03 sel=9(0x9) ret=0x0 outStructCnt=88
  OUT.struct len=88
  OUT 000000: 0001 0300 0001 0000 0000 0000 0000 0000 
  OUT 000010: 4085 9004 0100 0000 0000 0000 0000 0000 
  OUT 000020: 0000 0000 0700 0000 0000 0200 0000 0000 
  OUT 000030: 6d6c 535c 2200 0000 0fc5 0c00 0000 0000 
  OUT 000040: 0000 0000 0000 0000 0000 0000 0000 0000 
  OUT 000050: 00ff 0100 0000 0000                     
CALL seq=18 fn=Method conn=3a03 class=AGXAcceleratorG16G sel=7(0x7) inScalarCnt=0 inStructCnt=1040
  IN.struct len=1040
  IN 000000: 2f55 7365 7273 2f75 7365 722f 6173 6168 
  IN 000010: 695f 7265 2f70 7562 6c69 632f 6167 782d 
  IN 000020: 7265 2f65 7870 6572 696d 656e 7473 2f45 
  IN 000030: 5850 2d30 3133 362d 6d34 2d75 6e72 6561 
  IN 000040: 6368 6162 6c65 2d65 6e63 6f64 696e 6773 
  IN 000050: 2f77 6f72 6b2f 7370 696b 652f 6766 7870 
  IN 000060: 726f 6265 0000 0000 0000 0000 0000 0000 
  IN 000070: 0000 0000 0000 0000 0000 0000 0000 0000 
  IN 000080: 0000 0000 0000 0000 0000 0000 0000 0000 
  IN 000090: 0000 0000 0000 0000 0000 0000 0000 0000 
  IN 0000a0: 0000 0000 0000 0000 0000 0000 0000 0000 
  IN 0000b0: 0000 0000 0000 0000 0000 0000 0000 0000 
  IN 0000c0: 0000 0000 0000 0000 0000 0000 0000 0000 
  IN 0000d0: 0000 0000 0000 0000 0000 0000 0000 0000 
  IN 0000e0: 0000 0000 0000 0000 0000 0000 0000 0000 
  IN 0000f0: 0000 0000 0000 0000 0000 0000 0000 0000 
  IN 000100: 0000 0000 0000 0000 0000 0000 0000 0000 
  IN 000110: 0000 0000 0000 0000 0000 0000 0000 0000 
  IN 000120: 0000 0000 0000 0000 0000 0000 0000 0000 
  IN 000130: 0000 0000 0000 0000 0000 0000 0000 0000 
  IN 000140: 0000 0000 0000 0000 0000 0000 0000 0000 
  IN 000150: 0000 0000 0000 0000 0000 0000 0000 0000 
  IN 000160: 0000 0000 0000 0000 0000 0000 0000 0000 
  IN 000170: 0000 0000 0000 0000 0000 0000 0000 0000 
  IN 000180: 0000 0000 0000 0000 0000 0000 0000 0000 
  IN 000190: 0000 0000 0000 0000 0000 0000 0000 0000 
  IN 0001a0: 0000 0000 0000 0000 0000 0000 0000 0000 
  IN 0001b0: 0000 0000 0000 0000 0000 0000 0000 0000 
  IN 0001c0: 0000 0000 0000 0000 0000 0000 0000 0000 
  IN 0001d0: 0000 0000 0000 0000 0000 0000 0000 0000 
  IN 0001e0: 0000 0000 0000 0000 0000 0000 0000 0000 
  IN 0001f0: 0000 0000 0000 0000 0000 0000 0000 0000 
  IN 000200: 0000 0000 0000 0000 0000 0000 0000 0000 
  IN 000210: 0000 0000 0000 0000 0000 0000 0000 0000 
  IN 000220: 0000 0000 0000 0000 0000 0000 0000 0000 
  IN 000230: 0000 0000 0000 0000 0000 0000 0000 0000 
  IN 000240: 0000 0000 0000 0000 0000 0000 0000 0000 
  IN 000250: 0000 0000 0000 0000 0000 0000 0000 0000 
  IN 000260: 0000 0000 0000 0000 0000 0000 0000 0000 
  IN 000270: 0000 0000 0000 0000 0000 0000 0000 0000 
  IN 000280: 0000 0000 0000 0000 0000 0000 0000 0000 
  IN 000290: 0000 0000 0000 0000 0000 0000 0000 0000 
  IN 0002a0: 0000 0000 0000 0000 0000 0000 0000 0000 
  IN 0002b0: 0000 0000 0000 0000 0000 0000 0000 0000 
  IN 0002c0: 0000 0000 0000 0000 0000 0000 0000 0000 
  IN 0002d0: 0000 0000 0000 0000 0000 0000 0000 0000 
  IN 0002e0: 0000 0000 0000 0000 0000 0000 0000 0000 
  IN 0002f0: 0000 0000 0000 0000 0000 0000 0000 0000 
  IN 000300: 0000 0000 0000 0000 0000 0000 0000 0000 
  IN 000310: 0000 0000 0000 0000 0000 0000 0000 0000 
  IN 000320: 0000 0000 0000 0000 0000 0000 0000 0000 
  IN 000330: 0000 0000 0000 0000 0000 0000 0000 0000 
  IN 000340: 0000 0000 0000 0000 0000 0000 0000 0000 
  IN 000350: 0000 0000 0000 0000 0000 0000 0000 0000 
  IN 000360: 0000 0000 0000 0000 0000 0000 0000 0000 
  IN 000370: 0000 0000 0000 0000 0000 0000 0000 0000 
  IN 000380: 0000 0000 0000 0000 0000 0000 0000 0000 
  IN 000390: 0000 0000 0000 0000 0000 002f 5573 6572 
  IN 0003a0: 732f 7573 6572 2f61 7361 6869 5f72 652f 
  IN 0003b0: 7075 626c 6963 2f61 6778 2d72 652f 6578 
  IN 0003c0: 7065 7269 6d65 6e74 732f 4558 502d 3031 
  IN 0003d0: 3336 2d6d 342d 756e 7265 6163 6861 626c 
  IN 0003e0: 652d 656e 636f 6469 6e67 732f 776f 726b 
  IN 0003f0: 2f73 7069 6b65 2f67 6678 7072 6f62 6500 
  IN 000400: 0200 0000 0000 0000 ffff ffff 0100 0000 
RET  seq=18 conn=3a03 sel=7(0x7) ret=0x0 outStructCnt=16
  OUT.struct len=16
  OUT 000000: 0100 0000 0000 0000 6e6c 535c 2200 0000 
CALL seq=19 fn=Method conn=3a03 class=AGXAcceleratorG16G sel=16(0x10) inScalarCnt=2 inStructCnt=0 inScalars=[0x100,0x28]
RET  seq=19 conn=3a03 sel=16(0x10) ret=0x0 outStructCnt=16
  OUT.struct len=16
  OUT 000000: 0000 b804 0100 0000 0100 0000 0000 0000 
CALL seq=20 fn=Method conn=3a03 class=AGXAcceleratorG16G sel=28(0x1c) inScalarCnt=2 inStructCnt=0 inScalars=[0x1,0x1]
RET  seq=20 conn=3a03 sel=28(0x1c) ret=0x0
CALL seq=21 fn=Method conn=3a03 class=AGXAcceleratorG16G sel=9(0x9) inScalarCnt=0 inStructCnt=104
  IN.struct len=104
  IN 000000: 8000 0000 0000 0000 0100 0100 0100 0000 
  IN 000010: 0101 0001 300c 0000 0000 0000 0000 0000 
  IN 000020: 0000 0000 0000 0000 0000 0000 0000 0000 
  IN 000030: 0000 0000 0000 0000 00c2 210a 0100 0000 
  IN 000040: 00c0 210a 0100 0000 0000 0200 0000 0000 
  IN 000050: 0500 0000 0000 0000 0000 0000 1800 0000 
  IN 000060: 40d5 320b 0100 0000                     
RET  seq=21 conn=3a03 sel=9(0x9) ret=0x0 outStructCnt=88
  OUT.struct len=88
  OUT 000000: 0002 0300 0001 0000 0000 0000 0000 0000 
  OUT 000010: 0086 9004 0100 0000 0000 0000 0000 0000 
  OUT 000020: 0000 0000 0800 0000 0000 0200 0000 0000 
  OUT 000030: 716c 535c 2200 0000 0fc5 0c00 0000 0000 
  OUT 000040: 0000 0000 0000 0000 0000 0000 0000 0000 
  OUT 000050: 00fe 0100 0000 0000                     
CALL seq=22 fn=Method conn=3a03 class=AGXAcceleratorG16G sel=9(0x9) inScalarCnt=0 inStructCnt=104
  IN.struct len=104
  IN 000000: 8000 0000 0000 0000 0100 0100 0100 0000 
  IN 000010: 0101 0001 300c 0000 0000 0000 0000 0000 
  IN 000020: 0000 0000 0000 0000 0000 0000 0000 0000 
  IN 000030: 0000 0000 0000 0000 00c4 210a 0100 0000 
  IN 000040: 00c0 210a 0100 0000 0000 0200 0000 0000 
  IN 000050: 0500 0000 0000 0000 0000 0000 1800 0000 
  IN 000060: 40d5 320b 0100 0000                     
RET  seq=22 conn=3a03 sel=9(0x9) ret=0x0 outStructCnt=88
  OUT.struct len=88
  OUT 000000: 0004 0300 0001 0000 0000 0000 0000 0000 
  OUT 000010: c086 9004 0100 0000 0000 0000 0000 0000 
  OUT 000020: 0000 0000 0900 0000 0000 0200 0000 0000 
  OUT 000030: 726c 535c 2200 0000 0fc5 0c00 0000 0000 
  OUT 000040: 0000 0000 0000 0000 0000 0000 0000 0000 
  OUT 000050: 00fc 0100 0000 0000                     
CALL seq=23 fn=Method conn=3a03 class=AGXAcceleratorG16G sel=9(0x9) inScalarCnt=0 inStructCnt=104
  IN.struct len=104
  IN 000000: 8000 0000 0000 0000 0100 0100 0100 0000 
  IN 000010: 0101 0001 300c 0000 0000 0000 0000 0000 
  IN 000020: 0000 0000 0000 0000 0000 0000 0000 0000 
  IN 000030: 0000 0000 0000 0000 00c6 210a 0100 0000 
  IN 000040: 00c0 210a 0100 0000 0000 0200 0000 0000 
  IN 000050: 0500 0000 0000 0000 0000 0000 1800 0000 
  IN 000060: b81c c884 0800 0000                     
RET  seq=23 conn=3a03 sel=9(0x9) ret=0x0 outStructCnt=88
  OUT.struct len=88
  OUT 000000: 0006 0300 0001 0000 0000 0000 0000 0000 
  OUT 000010: 8087 9004 0100 0000 0000 0000 0000 0000 
  OUT 000020: 0000 0000 0a00 0000 0000 0200 0000 0000 
  OUT 000030: 736c 535c 2200 0000 0fc5 0c00 0000 0000 
  OUT 000040: 0000 0000 0000 0000 0000 0000 0000 0000 
  OUT 000050: 00fa 0100 0000 0000                     
CALL seq=24 fn=Method conn=3a03 class=AGXAcceleratorG16G sel=9(0x9) inScalarCnt=0 inStructCnt=104
  IN.struct len=104
  IN 000000: 8000 0000 0000 0000 0100 0100 0100 0000 
  IN 000010: 0101 0001 300c 0000 0000 0000 0000 0000 
  IN 000020: 0000 0000 0000 0000 0000 0000 0000 0000 
  IN 000030: 0000 0000 0000 0000 00c7 210a 0100 0000 
  IN 000040: 00c0 210a 0100 0000 0000 0200 0000 0000 
  IN 000050: 0500 0000 0000 0000 0000 0000 1800 0000 
  IN 000060: 1022 c884 0800 0000                     
RET  seq=24 conn=3a03 sel=9(0x9) ret=0x0 outStructCnt=88
  OUT.struct len=88
  OUT 000000: 0007 0300 0001 0000 0000 0000 0000 0000 
  OUT 000010: 4088 9004 0100 0000 0000 0000 0000 0000 
  OUT 000020: 0000 0000 0b00 0000 0000 0200 0000 0000 
  OUT 000030: 746c 535c 2200 0000 0fc5 0c00 0000 0000 
  OUT 000040: 0000 0000 0000 0000 0000 0000 0000 0000 
  OUT 000050: 00f9 0100 0000 0000                     
CALL seq=25 fn=Method conn=3a03 class=AGXAcceleratorG16G sel=9(0x9) inScalarCnt=0 inStructCnt=104
  IN.struct len=104
  IN 000000: 8000 0000 0000 0000 0100 0100 0100 0000 
  IN 000010: 0101 0001 300c 0000 0000 0000 0000 0000 
  IN 000020: 0000 0000 0000 0000 0000 0000 0000 0000 
  IN 000030: 0000 0000 0000 0000 00c9 210a 0100 0000 
  IN 000040: 00c0 210a 0100 0000 0000 0200 0000 0000 
  IN 000050: 0500 0000 0000 0000 0000 0000 1800 0000 
  IN 000060: 3025 c884 0800 0000                     
RET  seq=25 conn=3a03 sel=9(0x9) ret=0x0 outStructCnt=88
  OUT.struct len=88
  OUT 000000: 0009 0300 0001 0000 0000 0000 0000 0000 
  OUT 000010: 0089 9004 0100 0000 0000 0000 0000 0000 
  OUT 000020: 0000 0000 0c00 0000 0000 0200 0000 0000 
  OUT 000030: 756c 535c 2200 0000 0fc5 0c00 0000 0000 
  OUT 000040: 0000 0000 0000 0000 0000 0000 0000 0000 
  OUT 000050: 00f7 0100 0000 0000                     
CALL seq=26 fn=Method conn=3a03 class=AGXAcceleratorG16G sel=9(0x9) inScalarCnt=0 inStructCnt=104
  IN.struct len=104
  IN 000000: 8000 0000 0000 0000 0100 0100 0100 0000 
  IN 000010: 0101 0001 300c 0000 0000 0000 0000 0000 
  IN 000020: 0000 0000 0000 0000 0000 0000 0000 0000 
  IN 000030: 0000 0000 0000 0000 00ca 210a 0100 0000 
  IN 000040: 00c0 210a 0100 0000 0000 0200 0000 0000 
  IN 000050: 0500 0000 0000 0000 0000 0000 1800 0000 
  IN 000060: 5028 c884 0800 0000                     
RET  seq=26 conn=3a03 sel=9(0x9) ret=0x0 outStructCnt=88
  OUT.struct len=88
  OUT 000000: 000a 0300 0001 0000 0000 0000 0000 0000 
  OUT 000010: c089 9004 0100 0000 0000 0000 0000 0000 
  OUT 000020: 0000 0000 0d00 0000 0000 0200 0000 0000 
  OUT 000030: 766c 535c 2200 0000 0fc5 0c00 0000 0000 
  OUT 000040: 0000 0000 0000 0000 0000 0000 0000 0000 
  OUT 000050: 00f6 0100 0000 0000                     
CALL seq=27 fn=Method conn=3a03 class=AGXAcceleratorG16G sel=9(0x9) inScalarCnt=0 inStructCnt=104
  IN.struct len=104
  IN 000000: 8000 0000 0000 0000 0100 0100 0100 0000 
  IN 000010: 0101 0001 300c 0000 0000 0000 0000 0000 
  IN 000020: 0000 0000 0000 0000 0000 0000 0000 0000 
  IN 000030: 0000 0000 0000 0000 00cb 210a 0100 0000 
  IN 000040: 00c0 210a 0100 0000 0000 0200 0000 0000 
  IN 000050: 0500 0000 0000 0000 0000 0000 1800 0000 
  IN 000060: 702b c884 0800 0000                     
RET  seq=27 conn=3a03 sel=9(0x9) ret=0x0 outStructCnt=88
  OUT.struct len=88
  OUT 000000: 000b 0300 0001 0000 0000 0000 0000 0000 
  OUT 000010: 808a 9004 0100 0000 0000 0000 0000 0000 
  OUT 000020: 0000 0000 0e00 0000 0000 0200 0000 0000 
  OUT 000030: 776c 535c 2200 0000 0fc5 0c00 0000 0000 
  OUT 000040: 0000 0000 0000 0000 0000 0000 0000 0000 
  OUT 000050: 00f5 0100 0000 0000                     
CALL seq=28 fn=Method conn=3a03 class=AGXAcceleratorG16G sel=9(0x9) inScalarCnt=0 inStructCnt=104
  IN.struct len=104
  IN 000000: 8000 0000 0000 0000 0100 0100 0100 0000 
  IN 000010: 0101 0001 300c 0000 0000 0000 0000 0000 
  IN 000020: 0000 0000 0000 0000 0000 0000 0000 0000 
  IN 000030: 0000 0000 0000 0000 00db 210a 0100 0000 
  IN 000040: 00c0 210a 0100 0000 0000 0200 0000 0000 
  IN 000050: 0500 0000 0000 0000 0000 0000 1800 0000 
  IN 000060: 902e c884 0800 0000                     
RET  seq=28 conn=3a03 sel=9(0x9) ret=0x0 outStructCnt=88
  OUT.struct len=88
  OUT 000000: 001b 0300 0001 0000 0000 0000 0000 0000 
  OUT 000010: 408b 9004 0100 0000 0000 0000 0000 0000 
  OUT 000020: 0000 0000 0f00 0000 0000 0200 0000 0000 
  OUT 000030: 786c 535c 2200 0000 0fc5 0c00 0000 0000 
  OUT 000040: 0000 0000 0000 0000 0000 0000 0000 0000 
  OUT 000050: 00e5 0100 0000 0000                     
CALL seq=29 fn=Method conn=3a03 class=AGXAcceleratorG16G sel=9(0x9) inScalarCnt=0 inStructCnt=104
  IN.struct len=104
  IN 000000: 8000 0000 0000 0000 0100 0100 0100 0000 
  IN 000010: 0101 0001 300c 0000 0000 0000 0000 0000 
  IN 000020: 0000 0000 0000 0000 0000 0000 0000 0000 
  IN 000030: 0000 0000 0000 0000 00dc 210a 0100 0000 
  IN 000040: 00c0 210a 0100 0000 0000 0200 0000 0000 
  IN 000050: 0500 0000 0000 0000 0000 0000 1800 0000 
  IN 000060: 9831 c884 0800 0000                     
RET  seq=29 conn=3a03 sel=9(0x9) ret=0x0 outStructCnt=88
  OUT.struct len=88
  OUT 000000: 001c 0300 0001 0000 0000 0000 0000 0000 
  OUT 000010: 008c 9004 0100 0000 0000 0000 0000 0000 
  OUT 000020: 0000 0000 1000 0000 0000 0200 0000 0000 
  OUT 000030: 796c 535c 2200 0000 0fc5 0c00 0000 0000 
  OUT 000040: 0000 0000 0000 0000 0000 0000 0000 0000 
  OUT 000050: 00e4 0100 0000 0000                     
CALL seq=30 fn=Method conn=3a03 class=AGXAcceleratorG16G sel=9(0x9) inScalarCnt=0 inStructCnt=104
  IN.struct len=104
  IN 000000: 8000 0000 0000 0000 0100 0100 0100 0000 
  IN 000010: 0101 0001 300c 0000 0000 0000 0000 0000 
  IN 000020: 0000 0000 0000 0000 0000 0000 0000 0000 
  IN 000030: 0000 0000 0000 0000 00dd 210a 0100 0000 
  IN 000040: 00c0 210a 0100 0000 0000 0200 0000 0000 
  IN 000050: 0500 0000 0000 0000 0000 0000 1800 0000 
  IN 000060: a034 c884 0800 0000                     
RET  seq=30 conn=3a03 sel=9(0x9) ret=0x0 outStructCnt=88
  OUT.struct len=88
  OUT 000000: 001d 0300 0001 0000 0000 0000 0000 0000 
  OUT 000010: c08c 9004 0100 0000 0000 0000 0000 0000 
  OUT 000020: 0000 0000 1100 0000 0000 0200 0000 0000 
  OUT 000030: 7a6c 535c 2200 0000 0fc5 0c00 0000 0000 
  OUT 000040: 0000 0000 0000 0000 0000 0000 0000 0000 
  OUT 000050: 00e3 0100 0000 0000                     
CALL seq=31 fn=Method conn=3a03 class=AGXAcceleratorG16G sel=9(0x9) inScalarCnt=0 inStructCnt=104
  IN.struct len=104
  IN 000000: 8000 0000 0000 0000 0100 0100 0100 0000 
  IN 000010: 0101 0001 300c 0000 0000 0000 0000 0000 
  IN 000020: 0000 0000 0000 0000 0000 0000 0000 0000 
  IN 000030: 0000 0000 0000 0000 00de 210a 0100 0000 
  IN 000040: 00c0 210a 0100 0000 0000 0200 0000 0000 
  IN 000050: 0500 0000 0000 0000 0000 0000 1800 0000 
  IN 000060: a837 c884 0800 0000                     
RET  seq=31 conn=3a03 sel=9(0x9) ret=0x0 outStructCnt=88
  OUT.struct len=88
  OUT 000000: 001e 0300 0001 0000 0000 0000 0000 0000 
  OUT 000010: 808d 9004 0100 0000 0000 0000 0000 0000 
  OUT 000020: 0000 0000 1200 0000 0000 0200 0000 0000 
  OUT 000030: 7b6c 535c 2200 0000 0fc5 0c00 0000 0000 
  OUT 000040: 0000 0000 0000 0000 0000 0000 0000 0000 
  OUT 000050: 00e2 0100 0000 0000                     
CALL seq=32 fn=Method conn=3a03 class=AGXAcceleratorG16G sel=9(0x9) inScalarCnt=0 inStructCnt=104
  IN.struct len=104
  IN 000000: 8000 0000 0000 0000 0100 0100 0100 0000 
  IN 000010: 0101 0001 300c 0000 0000 0000 0000 0000 
  IN 000020: 0000 0000 0000 0000 0000 0000 0000 0000 
  IN 000030: 0000 0000 0000 0000 00e6 210a 0100 0000 
  IN 000040: 00c0 210a 0100 0000 0000 0200 0000 0000 
  IN 000050: 0500 0000 0000 0000 0000 0000 1800 0000 
  IN 000060: b03a c884 0800 0000                     
RET  seq=32 conn=3a03 sel=9(0x9) ret=0x0 outStructCnt=88
  OUT.struct len=88
  OUT 000000: 0026 0300 0001 0000 0000 0000 0000 0000 
  OUT 000010: 408e 9004 0100 0000 0000 0000 0000 0000 
  OUT 000020: 0000 0000 1300 0000 0000 0200 0000 0000 
  OUT 000030: 7c6c 535c 2200 0000 0fc5 0c00 0000 0000 
  OUT 000040: 0000 0000 0000 0000 0000 0000 0000 0000 
  OUT 000050: 00da 0100 0000 0000                     
CALL seq=33 fn=Method conn=3a03 class=AGXAcceleratorG16G sel=9(0x9) inScalarCnt=0 inStructCnt=104
  IN.struct len=104
  IN 000000: 8000 0000 0000 0000 0100 0100 0100 0000 
  IN 000010: 0101 0001 300c 0000 0000 0000 0000 0000 
  IN 000020: 0000 0000 0000 0000 0000 0000 0000 0000 
  IN 000030: 0000 0000 0000 0000 00e7 210a 0100 0000 
  IN 000040: 00c0 210a 0100 0000 0000 0200 0000 0000 
  IN 000050: 0500 0000 0000 0000 0000 0000 1800 0000 
  IN 000060: 88c9 320b 0100 0000                     
RET  seq=33 conn=3a03 sel=9(0x9) ret=0x0 outStructCnt=88
  OUT.struct len=88
  OUT 000000: 0027 0300 0001 0000 0000 0000 0000 0000 
  OUT 000010: 008f 9004 0100 0000 0000 0000 0000 0000 
  OUT 000020: 0000 0000 1400 0000 0000 0200 0000 0000 
  OUT 000030: 7d6c 535c 2200 0000 0fc5 0c00 0000 0000 
  OUT 000040: 0000 0000 0000 0000 0000 0000 0000 0000 
  OUT 000050: 00d9 0100 0000 0000                     
CALL seq=34 fn=Method conn=3a03 class=AGXAcceleratorG16G sel=9(0x9) inScalarCnt=0 inStructCnt=104
  IN.struct len=104
  IN 000000: 0000 0000 0000 0000 0100 0100 0100 0000 
  IN 000010: 0101 0001 7004 0000 0000 0000 0000 0000 
  IN 000020: 0000 0000 0000 0000 0000 0000 0000 0000 
  IN 000030: 0100 0000 0000 0000 0000 0000 0000 0000 
  IN 000040: 0000 0000 0000 0000 0000 0200 0000 0000 
  IN 000050: 0000 0000 0000 0000 0000 0000 0000 0000 
  IN 000060: 88c9 320b 0100 0000                     
RET  seq=34 conn=3a03 sel=9(0x9) ret=0x0 outStructCnt=88
  OUT.struct len=88
  OUT 000000: 0080 0500 0001 0000 00c0 230a 0100 0000 
  OUT 000010: c08f 9004 0100 0000 0000 0000 0000 0000 
  OUT 000020: 0000 0000 1500 0000 0000 0200 0000 0000 
  OUT 000030: 7e6c 535c 2200 0000 12c5 0c00 0000 0000 
  OUT 000040: 0000 0000 0000 0000 0000 0000 0000 0000 
  OUT 000050: 0000 0200 0000 0000                     
CALL seq=35 fn=Method conn=3a03 class=AGXAcceleratorG16G sel=9(0x9) inScalarCnt=0 inStructCnt=104
  IN.struct len=104
  IN 000000: 8000 0000 0000 0000 0100 0100 0100 0000 
  IN 000010: 0101 0001 300c 0000 0000 0000 0000 0000 
  IN 000020: 0000 0000 0000 0000 0000 0000 0000 0000 
  IN 000030: 0000 0000 0000 0000 00c0 230a 0100 0000 
  IN 000040: 00c0 230a 0100 0000 0000 0200 0000 0000 
  IN 000050: 1500 0000 0000 0000 0000 0000 1800 0000 
  IN 000060: 0000 c884 0800 0000                     
RET  seq=35 conn=3a03 sel=9(0x9) ret=0x0 outStructCnt=88
  OUT.struct len=88
  OUT 000000: 0080 0500 0001 0000 0000 0000 0000 0000 
  OUT 000010: 8090 9004 0100 0000 0000 0000 0000 0000 
  OUT 000020: 0000 0000 1600 0000 0000 0200 0000 0000 
  OUT 000030: 7f6c 535c 2200 0000 12c5 0c00 0000 0000 
  OUT 000040: 0000 0000 0000 0000 0000 0000 0000 0000 
  OUT 000050: 0000 0200 0000 0000                     
CALL seq=36 fn=Struct conn=3a03 class=AGXAcceleratorG16G sel=6(0x6) inScalarCnt=0 inStructCnt=0
RET  seq=36 conn=3a03 sel=6(0x6) ret=0x0 outStructCnt=16
  OUT.struct len=16
  OUT 000000: 806c 535c 2200 0000 806c 535d 2200 0000 
CALL seq=37 fn=Method conn=3a03 class=AGXAcceleratorG16G sel=14(0xe) inScalarCnt=2 inStructCnt=0 inScalars=[0x4000,0x0]
RET  seq=37 conn=3a03 sel=14(0xe) ret=0x0 outStructCnt=16
  OUT.struct len=16
  OUT 000000: 00c0 250a 0100 0000 0040 0000 0100 0000 
CALL seq=38 fn=Method conn=3a03 class=AGXAcceleratorG16G sel=14(0xe) inScalarCnt=2 inStructCnt=0 inScalars=[0x4000,0x1]
RET  seq=38 conn=3a03 sel=14(0xe) ret=0x0 outStructCnt=16
  OUT.struct len=16
  OUT 000000: 0000 260a 0100 0000 0040 0000 0200 0000 
CALL seq=39 fn=Method conn=3a03 class=AGXAcceleratorG16G sel=9(0x9) inScalarCnt=0 inStructCnt=104
  IN.struct len=104
  IN 000000: 0000 0000 0000 0000 0100 0100 0100 0000 
  IN 000010: 0101 0001 3004 0000 0000 0000 0000 0000 
  IN 000020: 0000 0000 0000 0000 0000 0000 0000 0000 
  IN 000030: 0000 0000 0000 0000 0000 0000 0000 0000 
  IN 000040: 0000 0000 0000 0000 0040 0700 0000 0000 
  IN 000050: 0000 0000 0000 0000 0000 0008 1800 0000 
  IN 000060: 0000 0000 0000 0000                     
RET  seq=39 conn=3a03 sel=9(0x9) ret=0x0 outStructCnt=88
  OUT.struct len=88
  OUT 000000: 0000 0800 0001 0000 0040 260a 0100 0000 
  OUT 000010: 4091 9004 0100 0000 0000 0000 0000 0000 
  OUT 000020: 0000 0000 1700 0000 0040 0700 0000 0000 
  OUT 000030: 806c 535d 2200 0000 13c5 0c00 0000 0000 
  OUT 000040: 0000 0000 0000 0000 0000 0000 0000 0000 
  OUT 000050: 0040 0700 0000 0000                     
CALL seq=40 fn=Method conn=3a03 class=AGXAcceleratorG16G sel=9(0x9) inScalarCnt=0 inStructCnt=104
  IN.struct len=104
  IN 000000: 0000 0000 0000 0000 0080 0100 0100 0000 
  IN 000010: 0101 0001 30c4 0000 0000 0000 0000 0000 
  IN 000020: 0000 0000 0000 0000 0000 0000 0000 0000 
  IN 000030: 0000 0000 0000 0000 0000 0000 0000 0000 
  IN 000040: 0000 0000 0000 0000 0080 0000 0000 0000 
  IN 000050: 0000 0000 0000 0000 0000 0038 0000 0000 
  IN 000060: 0000 0000 0000 0000                     
RET  seq=40 conn=3a03 sel=9(0x9) ret=0x0 outStructCnt=88
  OUT.struct len=88
  OUT 000000: 0080 0100 0000 0000 0080 2d0a 0100 0000 
  OUT 000010: 0092 9004 0100 0000 0000 0000 0000 0000 
  OUT 000020: 0000 0000 1800 0000 0080 0000 0000 0000 
  OUT 000030: 816c 535d 2200 0000 14c5 0c00 0000 0000 
  OUT 000040: 0000 0000 0000 0000 0000 0000 0000 0000 
  OUT 000050: 0080 0000 0000 0000                     
CALL seq=41 fn=Method conn=3a03 class=AGXAcceleratorG16G sel=9(0x9) inScalarCnt=0 inStructCnt=104
  IN.struct len=104
  IN 000000: 0000 0000 0000 0000 0080 0100 0100 0000 
  IN 000010: 0101 0001 30c4 0000 0000 0000 0000 0000 
  IN 000020: 0000 0000 0000 0000 0000 0000 0000 0000 
  IN 000030: 0000 0000 0000 0000 0000 0000 0000 0000 
  IN 000040: 0000 0000 0000 0000 0080 0000 0000 0000 
  IN 000050: 0000 0000 0000 0000 0000 0038 0000 0000 
  IN 000060: 0000 0000 0000 0000                     
RET  seq=41 conn=3a03 sel=9(0x9) ret=0x0 outStructCnt=88
  OUT.struct len=88
  OUT 000000: 0080 0200 0000 0000 0000 2e0a 0100 0000 
  OUT 000010: c092 9004 0100 0000 0000 0000 0000 0000 
  OUT 000020: 0000 0000 1900 0000 0080 0000 0000 0000 
  OUT 000030: 826c 535d 2200 0000 15c5 0c00 0000 0000 
  OUT 000040: 0000 0000 0000 0000 0000 0000 0000 0000 
  OUT 000050: 0080 0000 0000 0000                     
CALL seq=42 fn=Method conn=3a03 class=AGXAcceleratorG16G sel=9(0x9) inScalarCnt=0 inStructCnt=104
  IN.struct len=104
  IN 000000: 0000 0000 0000 0000 0080 0100 0100 0000 
  IN 000010: 0101 0001 30c4 0000 0000 0000 0000 0000 
  IN 000020: 0000 0000 0000 0000 0000 0000 0000 0000 
  IN 000030: 0000 0000 0000 0000 0000 0000 0000 0000 
  IN 000040: 0000 0000 0000 0000 0080 0000 0000 0000 
  IN 000050: 0000 0000 0000 0000 0000 0038 0000 0000 
  IN 000060: 0000 0000 0000 0000                     
RET  seq=42 conn=3a03 sel=9(0x9) ret=0x0 outStructCnt=88
  OUT.struct len=88
  OUT 000000: 0080 0300 0000 0000 0080 2e0a 0100 0000 
  OUT 000010: 8093 9004 0100 0000 0000 0000 0000 0000 
  OUT 000020: 0000 0000 1a00 0000 0080 0000 0000 0000 
  OUT 000030: 836c 535d 2200 0000 16c5 0c00 0000 0000 
  OUT 000040: 0000 0000 0000 0000 0000 0000 0000 0000 
  OUT 000050: 0080 0000 0000 0000                     
CALL seq=43 fn=Method conn=3a03 class=AGXAcceleratorG16G sel=9(0x9) inScalarCnt=0 inStructCnt=104
  IN.struct len=104
  IN 000000: 0000 0000 0000 0000 0080 0100 0100 0000 
  IN 000010: 0101 0001 3044 0000 0000 0000 0000 0000 
  IN 000020: 0000 0000 0000 0000 0000 0000 0000 0000 
  IN 000030: 0000 0000 0000 0000 0000 0000 0000 0000 
  IN 000040: 0000 0000 0000 0000 0080 0000 0000 0000 
  IN 000050: 0000 0000 0000 0000 0000 0008 4800 0000 
  IN 000060: 0000 0000 0000 0000                     
RET  seq=43 conn=3a03 sel=9(0x9) ret=0x0 outStructCnt=88
  OUT.struct len=88
  OUT 000000: 0080 0f00 0001 0000 0000 2f0a 0100 0000 
  OUT 000010: 4094 9004 0100 0000 0000 0000 0000 0000 
  OUT 000020: 0000 0000 1b00 0000 0080 0000 0000 0000 
  OUT 000030: 846c 535d 2200 0000 17c5 0c00 0000 0000 
  OUT 000040: 0000 0000 0000 0000 0000 0000 0000 0000 
  OUT 000050: 0080 0000 0000 0000                     
CALL seq=44 fn=Method conn=3a03 class=AGXAcceleratorG16G sel=9(0x9) inScalarCnt=0 inStructCnt=104
  IN.struct len=104
  IN 000000: 0000 0000 0000 0000 0080 0100 0100 0000 
  IN 000010: 0101 0001 3044 0000 0000 0000 0000 0000 
  IN 000020: 0000 0000 0000 0000 0000 0000 0000 0000 
  IN 000030: 0000 0000 0000 0000 0000 0000 0000 0000 
  IN 000040: 0000 0000 0000 0000 0080 0000 0000 0000 
  IN 000050: 0000 0000 0000 0000 0000 0008 0000 0000 
  IN 000060: 0000 0000 0000 0000                     
RET  seq=44 conn=3a03 sel=9(0x9) ret=0x0 outStructCnt=88
  OUT.struct len=88
  OUT 000000: 0080 1000 0001 0000 0080 2f0a 0100 0000 
  OUT 000010: 0095 9004 0100 0000 0000 0000 0000 0000 
  OUT 000020: 0000 0000 1c00 0000 0080 0000 0000 0000 
  OUT 000030: 856c 535d 2200 0000 18c5 0c00 0000 0000 
  OUT 000040: 0000 0000 0000 0000 0000 0000 0000 0000 
  OUT 000050: 0080 0000 0000 0000                     
CALL seq=45 fn=Method conn=3a03 class=AGXAcceleratorG16G sel=9(0x9) inScalarCnt=0 inStructCnt=104
  IN.struct len=104
  IN 000000: 0000 0000 0000 0000 0080 0100 0100 0000 
  IN 000010: 0101 0001 3044 0000 0000 0000 0000 0000 
  IN 000020: 0000 0000 0000 0000 0000 0000 0000 0000 
  IN 000030: 0000 0000 0000 0000 0000 0000 0000 0000 
  IN 000040: 0000 0000 0000 0000 0080 0000 0000 0000 
  IN 000050: 0000 0000 0000 0000 0000 0018 0000 0000 
  IN 000060: 0000 0000 0000 0000                     
RET  seq=45 conn=3a03 sel=9(0x9) ret=0x0 outStructCnt=88
  OUT.struct len=88
  OUT 000000: 0080 1100 0001 0000 0000 300a 0100 0000 
  OUT 000010: c095 9004 0100 0000 0000 0000 0000 0000 
  OUT 000020: 0000 0000 1d00 0000 0080 0000 0000 0000 
  OUT 000030: 866c 535d 2200 0000 19c5 0c00 0000 0000 
  OUT 000040: 0000 0000 0000 0000 0000 0000 0000 0000 
  OUT 000050: 0080 0000 0000 0000                     
CALL seq=46 fn=Method conn=3a03 class=AGXAcceleratorG16G sel=9(0x9) inScalarCnt=0 inStructCnt=104
  IN.struct len=104
  IN 000000: 0000 0000 0000 0000 0080 0100 0100 0000 
  IN 000010: 0101 0001 3044 0000 0000 0000 0000 0000 
  IN 000020: 0000 0000 0000 0000 0000 0000 0000 0000 
  IN 000030: 0000 0000 0000 0000 0000 0000 0000 0000 
  IN 000040: 0000 0000 0000 0000 0080 0000 0000 0000 
  IN 000050: 0000 0000 0000 0000 0000 0018 0000 0000 
  IN 000060: 0000 0000 0000 0000                     
RET  seq=46 conn=3a03 sel=9(0x9) ret=0x0 outStructCnt=88
  OUT.struct len=88
  OUT 000000: 0080 1200 0001 0000 0080 300a 0100 0000 
  OUT 000010: 8096 9004 0100 0000 0000 0000 0000 0000 
  OUT 000020: 0000 0000 1e00 0000 0080 0000 0000 0000 
  OUT 000030: 876c 535d 2200 0000 1ac5 0c00 0000 0000 
  OUT 000040: 0000 0000 0000 0000 0000 0000 0000 0000 
  OUT 000050: 0080 0000 0000 0000                     
CALL seq=47 fn=Method conn=3a03 class=AGXAcceleratorG16G sel=9(0x9) inScalarCnt=0 inStructCnt=104
  IN.struct len=104
  IN 000000: 0000 0000 0000 0000 0000 0100 0100 0000 
  IN 000010: 0101 0001 3044 0000 0000 0000 0000 0000 
  IN 000020: 0000 0000 0000 0000 0000 0000 0000 0000 
  IN 000030: 0000 0000 0000 0000 0000 0000 0000 0000 
  IN 000040: 0000 0000 0000 0000 0000 1000 0000 0000 
  IN 000050: 0000 0000 0000 0000 0000 0018 0000 0000 
  IN 000060: 0000 0000 0000 0000                     
RET  seq=47 conn=3a03 sel=9(0x9) ret=0x0 outStructCnt=88
  OUT.struct len=88
  OUT 000000: 0080 1300 0001 0000 0000 310a 0100 0000 
  OUT 000010: 4097 9004 0100 0000 0000 0000 0000 0000 
  OUT 000020: 0000 0000 1f00 0000 0000 1000 0000 0000 
  OUT 000030: 886c 535d 2200 0000 1bc5 0c00 0000 0000 
  OUT 000040: 0000 0000 0000 0000 0000 0000 0000 0000 
  OUT 000050: 0000 1000 0000 0000                     
CALL seq=48 fn=Method conn=3a03 class=AGXAcceleratorG16G sel=9(0x9) inScalarCnt=0 inStructCnt=104
  IN.struct len=104
  IN 000000: 0000 0000 0000 0000 0080 0100 0100 0000 
  IN 000010: 0101 0001 30c4 0000 0000 0000 0000 0000 
  IN 000020: 0000 0000 0000 0000 0000 0000 0000 0000 
  IN 000030: 0000 0000 0000 0000 0000 0000 0000 0000 
  IN 000040: 0000 0000 0000 0000 0080 0000 0000 0000 
  IN 000050: 0000 0000 0000 0000 0000 0038 0000 0000 
  IN 000060: 0000 0000 0000 0000                     
RET  seq=48 conn=3a03 sel=9(0x9) ret=0x0 outStructCnt=88
  OUT.struct len=88
  OUT 000000: 0080 0400 0000 0000 0000 410a 0100 0000 
  OUT 000010: 0098 9004 0100 0000 0000 0000 0000 0000 
  OUT 000020: 0000 0000 2000 0000 0080 0000 0000 0000 
  OUT 000030: 896c 535d 2200 0000 1cc5 0c00 0000 0000 
  OUT 000040: 0000 0000 0000 0000 0000 0000 0000 0000 
  OUT 000050: 0080 0000 0000 0000                     
CALL seq=49 fn=Method conn=3a03 class=AGXAcceleratorG16G sel=9(0x9) inScalarCnt=0 inStructCnt=104
  IN.struct len=104
  IN 000000: 0000 0000 0000 0000 0080 0100 0100 0000 
  IN 000010: 0101 0001 3044 0000 0000 0000 0000 0000 
  IN 000020: 0000 0000 0000 0000 0000 0000 0000 0000 
  IN 000030: 0000 0000 0000 0000 0000 0000 0000 0000 
  IN 000040: 0000 0000 0000 0000 0080 0000 0000 0000 
  IN 000050: 0000 0000 0000 0000 0000 0018 0000 0000 
  IN 000060: 0000 0000 0000 0000                     
RET  seq=49 conn=3a03 sel=9(0x9) ret=0x0 outStructCnt=88
  OUT.struct len=88
  OUT 000000: 0000 2400 0001 0000 0080 410a 0100 0000 
  OUT 000010: c098 9004 0100 0000 0000 0000 0000 0000 
  OUT 000020: 0000 0000 2100 0000 0080 0000 0000 0000 
  OUT 000030: 8a6c 535d 2200 0000 1dc5 0c00 0000 0000 
  OUT 000040: 0000 0000 0000 0000 0000 0000 0000 0000 
  OUT 000050: 0080 0000 0000 0000                     
CALL seq=50 fn=Method conn=3a03 class=AGXAcceleratorG16G sel=9(0x9) inScalarCnt=0 inStructCnt=104
  IN.struct len=104
  IN 000000: 0000 0000 0000 0000 0080 0100 0100 0000 
  IN 000010: 0101 0001 3044 0000 0000 0000 0000 0000 
  IN 000020: 0000 0000 0000 0000 0000 0000 0000 0000 
  IN 000030: 0000 0000 0000 0000 0000 0000 0000 0000 
  IN 000040: 0000 0000 0000 0000 0080 0000 0000 0000 
  IN 000050: 0000 0000 0000 0000 0000 0008 0000 0000 
  IN 000060: 0000 0000 0000 0000                     
RET  seq=50 conn=3a03 sel=9(0x9) ret=0x0 outStructCnt=88
  OUT.struct len=88
  OUT 000000: 0000 2500 0001 0000 0000 420a 0100 0000 
  OUT 000010: 8099 9004 0100 0000 0000 0000 0000 0000 
  OUT 000020: 0000 0000 2200 0000 0080 0000 0000 0000 
  OUT 000030: 8b6c 535d 2200 0000 1ec5 0c00 0000 0000 
  OUT 000040: 0000 0000 0000 0000 0000 0000 0000 0000 
  OUT 000050: 0080 0000 0000 0000                     
CALL seq=51 fn=Method conn=3a03 class=AGXAcceleratorG16G sel=9(0x9) inScalarCnt=0 inStructCnt=104
  IN.struct len=104
  IN 000000: 0000 0000 0000 0000 0080 0100 0100 0000 
  IN 000010: 0101 0001 3044 0000 0000 0000 0000 0000 
  IN 000020: 0000 0000 0000 0000 0000 0000 0000 0000 
  IN 000030: 0000 0000 0000 0000 0000 0000 0000 0000 
  IN 000040: 0000 0000 0000 0000 0080 0000 0000 0000 
  IN 000050: 0000 0000 0000 0000 0000 0008 0000 0000 
  IN 000060: 0000 0000 0000 0000                     
RET  seq=51 conn=3a03 sel=9(0x9) ret=0x0 outStructCnt=88
  OUT.struct len=88
  OUT 000000: 0000 2600 0001 0000 0080 420a 0100 0000 
  OUT 000010: 409a 9004 0100 0000 0000 0000 0000 0000 
  OUT 000020: 0000 0000 2300 0000 0080 0000 0000 0000 
  OUT 000030: 8c6c 535d 2200 0000 1fc5 0c00 0000 0000 
  OUT 000040: 0000 0000 0000 0000 0000 0000 0000 0000 
  OUT 000050: 0080 0000 0000 0000                     
CALL seq=52 fn=Method conn=3a03 class=AGXAcceleratorG16G sel=9(0x9) inScalarCnt=0 inStructCnt=104
  IN.struct len=104
  IN 000000: 0000 0000 0000 0000 0080 0100 0100 0000 
  IN 000010: 0101 0001 3044 0000 0000 0000 0000 0000 
  IN 000020: 0000 0000 0000 0000 0000 0000 0000 0000 
  IN 000030: 0000 0000 0000 0000 0000 0000 0000 0000 
  IN 000040: 0000 0000 0000 0000 0080 0000 0000 0000 
  IN 000050: 0000 0000 0000 0000 0000 0008 0000 0000 
  IN 000060: 0000 0000 0000 0000                     
RET  seq=52 conn=3a03 sel=9(0x9) ret=0x0 outStructCnt=88
  OUT.struct len=88
  OUT 000000: 0000 2700 0001 0000 0000 430a 0100 0000 
  OUT 000010: 009b 9004 0100 0000 0000 0000 0000 0000 
  OUT 000020: 0000 0000 2400 0000 0080 0000 0000 0000 
  OUT 000030: 8d6c 535d 2200 0000 20c5 0c00 0000 0000 
  OUT 000040: 0000 0000 0000 0000 0000 0000 0000 0000 
  OUT 000050: 0080 0000 0000 0000                     
CALL seq=53 fn=Method conn=3a03 class=AGXAcceleratorG16G sel=9(0x9) inScalarCnt=0 inStructCnt=104
  IN.struct len=104
  IN 000000: 0000 0000 0000 0000 0080 0100 0100 0000 
  IN 000010: 0101 0001 3044 0000 0000 0000 0000 0000 
  IN 000020: 0000 0000 0000 0000 0000 0000 0000 0000 
  IN 000030: 0000 0000 0000 0000 0000 0000 0000 0000 
  IN 000040: 0000 0000 0000 0000 0080 0000 0000 0000 
  IN 000050: 0000 0000 0000 0000 0000 0008 0000 0000 
  IN 000060: 0000 0000 0000 0000                     
RET  seq=53 conn=3a03 sel=9(0x9) ret=0x0 outStructCnt=88
  OUT.struct len=88
  OUT 000000: 0000 2800 0001 0000 0080 430a 0100 0000 
  OUT 000010: c09b 9004 0100 0000 0000 0000 0000 0000 
  OUT 000020: 0000 0000 2500 0000 0080 0000 0000 0000 
  OUT 000030: 8e6c 535d 2200 0000 21c5 0c00 0000 0000 
  OUT 000040: 0000 0000 0000 0000 0000 0000 0000 0000 
  OUT 000050: 0080 0000 0000 0000                     
CALL seq=54 fn=Method conn=3a03 class=AGXAcceleratorG16G sel=9(0x9) inScalarCnt=0 inStructCnt=104
  IN.struct len=104
  IN 000000: 0000 0000 0000 0000 0080 0100 0100 0000 
  IN 000010: 0101 0001 30c4 0000 0000 0000 0000 0000 
  IN 000020: 0000 0000 0000 0000 0000 0000 0000 0000 
  IN 000030: 0000 0000 0000 0000 0000 0000 0000 0000 
  IN 000040: 0000 0000 0000 0000 0080 0000 0000 0000 
  IN 000050: 0000 0000 0000 0000 0000 0048 0000 0000 
  IN 000060: 0000 0000 0000 0000                     
RET  seq=54 conn=3a03 sel=9(0x9) ret=0x0 outStructCnt=88
  OUT.struct len=88
  OUT 000000: 0080 0500 0000 0000 0000 440a 0100 0000 
  OUT 000010: 809c 9004 0100 0000 0000 0000 0000 0000 
  OUT 000020: 0000 0000 2600 0000 0080 0000 0000 0000 
  OUT 000030: 8f6c 535d 2200 0000 22c5 0c00 0000 0000 
  OUT 000040: 0000 0000 0000 0000 0000 0000 0000 0000 
  OUT 000050: 0080 0000 0000 0000                     
CALL seq=55 fn=Method conn=3a03 class=AGXAcceleratorG16G sel=9(0x9) inScalarCnt=0 inStructCnt=104
  IN.struct len=104
  IN 000000: 0000 0000 0000 0000 e088 0100 0100 0000 
  IN 000010: 0101 0001 30c4 0000 0000 0000 0000 0000 
  IN 000020: 0000 0000 0000 0000 0000 0000 0000 0000 
  IN 000030: 0000 0000 0000 0000 0000 0000 0000 0000 
  IN 000040: 0000 0000 0000 0000 e088 0000 0000 0000 
  IN 000050: 0000 0000 0000 0000 0000 0048 0000 0000 
  IN 000060: 0000 0000 0000 0000                     
RET  seq=55 conn=3a03 sel=9(0x9) ret=0x0 outStructCnt=88
  OUT.struct len=88
  OUT 000000: 0080 0600 0000 0000 0080 440a 0100 0000 
  OUT 000010: 409d 9004 0100 0000 0000 0000 0000 0000 
  OUT 000020: 0000 0000 2700 0000 00c0 0000 0000 0000 
  OUT 000030: 906c 535d 2200 0000 23c5 0c00 0000 0000 
  OUT 000040: 0000 0000 0000 0000 0000 0000 0000 0000 
  OUT 000050: 00c0 0000 0000 0000                     
CALL seq=56 fn=Method conn=3a03 class=AGXAcceleratorG16G sel=9(0x9) inScalarCnt=0 inStructCnt=104
  IN.struct len=104
  IN 000000: 0000 0000 0000 0000 0000 0100 0100 0000 
  IN 000010: 0101 0001 3044 0000 0000 0000 0000 0000 
  IN 000020: 0000 0000 0000 0000 0000 0000 0000 0000 
  IN 000030: 0000 0000 0000 0000 0000 0000 0000 0000 
  IN 000040: 0000 0000 0000 0000 0000 0c00 0000 0000 
  IN 000050: 0000 0000 0000 0000 0000 0008 0000 0000 
  IN 000060: 0000 0000 0000 0000                     
RET  seq=56 conn=3a03 sel=9(0x9) ret=0x0 outStructCnt=88
  OUT.struct len=88
  OUT 000000: 0000 2900 0001 0000 0040 450a 0100 0000 
  OUT 000010: 009e 9004 0100 0000 0000 0000 0000 0000 
  OUT 000020: 0000 0000 2800 0000 0000 0c00 0000 0000 
  OUT 000030: 916c 535d 2200 0000 24c5 0c00 0000 0000 
  OUT 000040: 0000 0000 0000 0000 0000 0000 0000 0000 
  OUT 000050: 0000 0c00 0000 0000                     
BODUMP begin reason=sigusr1 n_bo=38
BODUMP handle=0 gpu_va=0x10000000000 cpu=0x104b4c000 size=0x10000 read=0x10000 -> ./dump/bo_sigusr1_h0_va10000000000_cpu104b4c000_sz10000.hex
BODUMP handle=0 gpu_va=0x6f00000000 cpu=0x10491c000 size=0x3800 read=0x3800 -> ./dump/bo_sigusr1_h0_va6f00000000_cpu10491c000_sz3800.hex
BODUMP handle=0 gpu_va=0x10000018000 cpu=0x104b70000 size=0x10000 read=0x10000 -> ./dump/bo_sigusr1_h0_va10000018000_cpu104b70000_sz10000.hex
BODUMP handle=0 gpu_va=0x0 cpu=0x10a20c000 size=0x10000 read=0x10000 -> ./dump/bo_sigusr1_h0_va0_cpu10a20c000_sz10000.hex
BODUMP handle=0 gpu_va=0x10000030000 cpu=0x10a21c000 size=0x20000 read=0x20000 -> ./dump/bo_sigusr1_h0_va10000030000_cpu10a21c000_sz20000.hex
BODUMP handle=0 gpu_va=0x10000030100 cpu=0x10a21c100 size=0x20000 read=0x20000 -> ./dump/bo_sigusr1_h0_va10000030100_cpu10a21c100_sz20000.hex
BODUMP handle=0 gpu_va=0x10000030200 cpu=0x10a21c200 size=0x20000 read=0x20000 -> ./dump/bo_sigusr1_h0_va10000030200_cpu10a21c200_sz20000.hex
BODUMP handle=0 gpu_va=0x10000030400 cpu=0x10a21c400 size=0x20000 read=0x20000 -> ./dump/bo_sigusr1_h0_va10000030400_cpu10a21c400_sz20000.hex
BODUMP handle=0 gpu_va=0x10000030600 cpu=0x10a21c600 size=0x20000 read=0x20000 -> ./dump/bo_sigusr1_h0_va10000030600_cpu10a21c600_sz20000.hex
BODUMP handle=0 gpu_va=0x10000030700 cpu=0x10a21c700 size=0x20000 read=0x20000 -> ./dump/bo_sigusr1_h0_va10000030700_cpu10a21c700_sz20000.hex
BODUMP handle=0 gpu_va=0x10000030900 cpu=0x10a21c900 size=0x20000 read=0x20000 -> ./dump/bo_sigusr1_h0_va10000030900_cpu10a21c900_sz20000.hex
BODUMP handle=0 gpu_va=0x10000030a00 cpu=0x10a21ca00 size=0x20000 read=0x20000 -> ./dump/bo_sigusr1_h0_va10000030a00_cpu10a21ca00_sz20000.hex
BODUMP handle=0 gpu_va=0x10000030b00 cpu=0x10a21cb00 size=0x20000 read=0x20000 -> ./dump/bo_sigusr1_h0_va10000030b00_cpu10a21cb00_sz20000.hex
BODUMP handle=0 gpu_va=0x10000031b00 cpu=0x10a21db00 size=0x20000 read=0x20000 -> ./dump/bo_sigusr1_h0_va10000031b00_cpu10a21db00_sz20000.hex
BODUMP handle=0 gpu_va=0x10000031c00 cpu=0x10a21dc00 size=0x20000 read=0x20000 -> ./dump/bo_sigusr1_h0_va10000031c00_cpu10a21dc00_sz20000.hex
BODUMP handle=0 gpu_va=0x10000031d00 cpu=0x10a21dd00 size=0x20000 read=0x20000 -> ./dump/bo_sigusr1_h0_va10000031d00_cpu10a21dd00_sz20000.hex
BODUMP handle=0 gpu_va=0x10000031e00 cpu=0x10a21de00 size=0x20000 read=0x20000 -> ./dump/bo_sigusr1_h0_va10000031e00_cpu10a21de00_sz20000.hex
BODUMP handle=0 gpu_va=0x10000032600 cpu=0x10a21e600 size=0x20000 read=0x20000 -> ./dump/bo_sigusr1_h0_va10000032600_cpu10a21e600_sz20000.hex
BODUMP handle=0 gpu_va=0x10000032700 cpu=0x10a21e700 size=0x20000 read=0x20000 -> ./dump/bo_sigusr1_h0_va10000032700_cpu10a21e700_sz20000.hex
BODUMP handle=0 gpu_va=0x10000058000 cpu=0x10a23c000 size=0x20000 read=0x20000 -> ./dump/bo_sigusr1_h0_va10000058000_cpu10a23c000_sz20000.hex
BODUMP handle=0 gpu_va=0x10000080000 cpu=0x10a264000 size=0x74000 read=0x74000 -> ./dump/bo_sigusr1_h0_va10000080000_cpu10a264000_sz74000.hex
BODUMP handle=0 gpu_va=0x18000 cpu=0x10a2d8000 size=0x8000 read=0x8000 -> ./dump/bo_sigusr1_h0_va18000_cpu10a2d8000_sz8000.hex
BODUMP handle=0 gpu_va=0x28000 cpu=0x10a2e0000 size=0x8000 read=0x8000 -> ./dump/bo_sigusr1_h0_va28000_cpu10a2e0000_sz8000.hex
BODUMP handle=0 gpu_va=0x38000 cpu=0x10a2e8000 size=0x8000 read=0x8000 -> ./dump/bo_sigusr1_h0_va38000_cpu10a2e8000_sz8000.hex
BODUMP handle=0 gpu_va=0x100000f8000 cpu=0x10a2f0000 size=0x8000 read=0x8000 -> ./dump/bo_sigusr1_h0_va100000f8000_cpu10a2f0000_sz8000.hex
BODUMP handle=0 gpu_va=0x10000108000 cpu=0x10a2f8000 size=0x8000 read=0x8000 -> ./dump/bo_sigusr1_h0_va10000108000_cpu10a2f8000_sz8000.hex
BODUMP handle=0 gpu_va=0x10000118000 cpu=0x10a300000 size=0x8000 read=0x8000 -> ./dump/bo_sigusr1_h0_va10000118000_cpu10a300000_sz8000.hex
BODUMP handle=0 gpu_va=0x10000128000 cpu=0x10a308000 size=0x8000 read=0x8000 -> ./dump/bo_sigusr1_h0_va10000128000_cpu10a308000_sz8000.hex
BODUMP handle=0 gpu_va=0x10000138000 cpu=0x10a310000 size=0x100000 read=0x100000 -> ./dump/bo_sigusr1_h0_va10000138000_cpu10a310000_sz100000.hex
BODUMP handle=0 gpu_va=0x48000 cpu=0x10a410000 size=0x8000 read=0x8000 -> ./dump/bo_sigusr1_h0_va48000_cpu10a410000_sz8000.hex
BODUMP handle=0 gpu_va=0x10000240000 cpu=0x10a418000 size=0x8000 read=0x8000 -> ./dump/bo_sigusr1_h0_va10000240000_cpu10a418000_sz8000.hex
BODUMP handle=0 gpu_va=0x10000250000 cpu=0x10a420000 size=0x8000 read=0x8000 -> ./dump/bo_sigusr1_h0_va10000250000_cpu10a420000_sz8000.hex
BODUMP handle=0 gpu_va=0x10000260000 cpu=0x10a428000 size=0x8000 read=0x8000 -> ./dump/bo_sigusr1_h0_va10000260000_cpu10a428000_sz8000.hex
BODUMP handle=0 gpu_va=0x10000270000 cpu=0x10a430000 size=0x8000 read=0x8000 -> ./dump/bo_sigusr1_h0_va10000270000_cpu10a430000_sz8000.hex
BODUMP handle=0 gpu_va=0x10000280000 cpu=0x10a438000 size=0x8000 read=0x8000 -> ./dump/bo_sigusr1_h0_va10000280000_cpu10a438000_sz8000.hex
BODUMP handle=0 gpu_va=0x58000 cpu=0x10a440000 size=0x8000 read=0x8000 -> ./dump/bo_sigusr1_h0_va58000_cpu10a440000_sz8000.hex
BODUMP handle=0 gpu_va=0x68000 cpu=0x10a448000 size=0x88e0 read=0x88e0 -> ./dump/bo_sigusr1_h0_va68000_cpu10a448000_sz88e0.hex
BODUMP handle=0 gpu_va=0x10000290000 cpu=0x10a454000 size=0xc0000 read=0xc0000 -> ./dump/bo_sigusr1_h0_va10000290000_cpu10a454000_szc0000.hex
BODUMP end reason=sigusr1
MAPDUMP reason=sigusr1 seq=56 conn=0 memType=0x00005e15 addr=0x104914000 size=0x4000 read=0x4000 -> ./dump/map_seq000056_conn0_type00005e15_at104914000_sz4000.hex
MAPDUMP reason=sigusr1 seq=56 conn=0 memType=0x00005e15 addr=0x104908000 size=0x4000 read=0x4000 -> ./dump/map_seq000056_conn0_type00005e15_at104908000_sz4000.hex
BODUMP begin reason=sigusr1 n_bo=38
BODUMP handle=0 gpu_va=0x10000000000 cpu=0x104b4c000 size=0x10000 read=0x10000 -> ./dump/bo_sigusr1_h0_va10000000000_cpu104b4c000_sz10000.hex
BODUMP handle=0 gpu_va=0x6f00000000 cpu=0x10491c000 size=0x3800 read=0x3800 -> ./dump/bo_sigusr1_h0_va6f00000000_cpu10491c000_sz3800.hex
BODUMP handle=0 gpu_va=0x10000018000 cpu=0x104b70000 size=0x10000 read=0x10000 -> ./dump/bo_sigusr1_h0_va10000018000_cpu104b70000_sz10000.hex
BODUMP handle=0 gpu_va=0x0 cpu=0x10a20c000 size=0x10000 read=0x10000 -> ./dump/bo_sigusr1_h0_va0_cpu10a20c000_sz10000.hex
BODUMP handle=0 gpu_va=0x10000030000 cpu=0x10a21c000 size=0x20000 read=0x20000 -> ./dump/bo_sigusr1_h0_va10000030000_cpu10a21c000_sz20000.hex
BODUMP handle=0 gpu_va=0x10000030100 cpu=0x10a21c100 size=0x20000 read=0x20000 -> ./dump/bo_sigusr1_h0_va10000030100_cpu10a21c100_sz20000.hex
BODUMP handle=0 gpu_va=0x10000030200 cpu=0x10a21c200 size=0x20000 read=0x20000 -> ./dump/bo_sigusr1_h0_va10000030200_cpu10a21c200_sz20000.hex
BODUMP handle=0 gpu_va=0x10000030400 cpu=0x10a21c400 size=0x20000 read=0x20000 -> ./dump/bo_sigusr1_h0_va10000030400_cpu10a21c400_sz20000.hex
BODUMP handle=0 gpu_va=0x10000030600 cpu=0x10a21c600 size=0x20000 read=0x20000 -> ./dump/bo_sigusr1_h0_va10000030600_cpu10a21c600_sz20000.hex
BODUMP handle=0 gpu_va=0x10000030700 cpu=0x10a21c700 size=0x20000 read=0x20000 -> ./dump/bo_sigusr1_h0_va10000030700_cpu10a21c700_sz20000.hex
BODUMP handle=0 gpu_va=0x10000030900 cpu=0x10a21c900 size=0x20000 read=0x20000 -> ./dump/bo_sigusr1_h0_va10000030900_cpu10a21c900_sz20000.hex
BODUMP handle=0 gpu_va=0x10000030a00 cpu=0x10a21ca00 size=0x20000 read=0x20000 -> ./dump/bo_sigusr1_h0_va10000030a00_cpu10a21ca00_sz20000.hex
BODUMP handle=0 gpu_va=0x10000030b00 cpu=0x10a21cb00 size=0x20000 read=0x20000 -> ./dump/bo_sigusr1_h0_va10000030b00_cpu10a21cb00_sz20000.hex
BODUMP handle=0 gpu_va=0x10000031b00 cpu=0x10a21db00 size=0x20000 read=0x20000 -> ./dump/bo_sigusr1_h0_va10000031b00_cpu10a21db00_sz20000.hex
BODUMP handle=0 gpu_va=0x10000031c00 cpu=0x10a21dc00 size=0x20000 read=0x20000 -> ./dump/bo_sigusr1_h0_va10000031c00_cpu10a21dc00_sz20000.hex
BODUMP handle=0 gpu_va=0x10000031d00 cpu=0x10a21dd00 size=0x20000 read=0x20000 -> ./dump/bo_sigusr1_h0_va10000031d00_cpu10a21dd00_sz20000.hex
BODUMP handle=0 gpu_va=0x10000031e00 cpu=0x10a21de00 size=0x20000 read=0x20000 -> ./dump/bo_sigusr1_h0_va10000031e00_cpu10a21de00_sz20000.hex
BODUMP handle=0 gpu_va=0x10000032600 cpu=0x10a21e600 size=0x20000 read=0x20000 -> ./dump/bo_sigusr1_h0_va10000032600_cpu10a21e600_sz20000.hex
BODUMP handle=0 gpu_va=0x10000032700 cpu=0x10a21e700 size=0x20000 read=0x20000 -> ./dump/bo_sigusr1_h0_va10000032700_cpu10a21e700_sz20000.hex
BODUMP handle=0 gpu_va=0x10000058000 cpu=0x10a23c000 size=0x20000 read=0x20000 -> ./dump/bo_sigusr1_h0_va10000058000_cpu10a23c000_sz20000.hex
BODUMP handle=0 gpu_va=0x10000080000 cpu=0x10a264000 size=0x74000 read=0x74000 -> ./dump/bo_sigusr1_h0_va10000080000_cpu10a264000_sz74000.hex
BODUMP handle=0 gpu_va=0x18000 cpu=0x10a2d8000 size=0x8000 read=0x8000 -> ./dump/bo_sigusr1_h0_va18000_cpu10a2d8000_sz8000.hex
BODUMP handle=0 gpu_va=0x28000 cpu=0x10a2e0000 size=0x8000 read=0x8000 -> ./dump/bo_sigusr1_h0_va28000_cpu10a2e0000_sz8000.hex
BODUMP handle=0 gpu_va=0x38000 cpu=0x10a2e8000 size=0x8000 read=0x8000 -> ./dump/bo_sigusr1_h0_va38000_cpu10a2e8000_sz8000.hex
BODUMP handle=0 gpu_va=0x100000f8000 cpu=0x10a2f0000 size=0x8000 read=0x8000 -> ./dump/bo_sigusr1_h0_va100000f8000_cpu10a2f0000_sz8000.hex
BODUMP handle=0 gpu_va=0x10000108000 cpu=0x10a2f8000 size=0x8000 read=0x8000 -> ./dump/bo_sigusr1_h0_va10000108000_cpu10a2f8000_sz8000.hex
BODUMP handle=0 gpu_va=0x10000118000 cpu=0x10a300000 size=0x8000 read=0x8000 -> ./dump/bo_sigusr1_h0_va10000118000_cpu10a300000_sz8000.hex
BODUMP handle=0 gpu_va=0x10000128000 cpu=0x10a308000 size=0x8000 read=0x8000 -> ./dump/bo_sigusr1_h0_va10000128000_cpu10a308000_sz8000.hex
BODUMP handle=0 gpu_va=0x10000138000 cpu=0x10a310000 size=0x100000 read=0x100000 -> ./dump/bo_sigusr1_h0_va10000138000_cpu10a310000_sz100000.hex
BODUMP handle=0 gpu_va=0x48000 cpu=0x10a410000 size=0x8000 read=0x8000 -> ./dump/bo_sigusr1_h0_va48000_cpu10a410000_sz8000.hex
BODUMP handle=0 gpu_va=0x10000240000 cpu=0x10a418000 size=0x8000 read=0x8000 -> ./dump/bo_sigusr1_h0_va10000240000_cpu10a418000_sz8000.hex
BODUMP handle=0 gpu_va=0x10000250000 cpu=0x10a420000 size=0x8000 read=0x8000 -> ./dump/bo_sigusr1_h0_va10000250000_cpu10a420000_sz8000.hex
BODUMP handle=0 gpu_va=0x10000260000 cpu=0x10a428000 size=0x8000 read=0x8000 -> ./dump/bo_sigusr1_h0_va10000260000_cpu10a428000_sz8000.hex
BODUMP handle=0 gpu_va=0x10000270000 cpu=0x10a430000 size=0x8000 read=0x8000 -> ./dump/bo_sigusr1_h0_va10000270000_cpu10a430000_sz8000.hex
BODUMP handle=0 gpu_va=0x10000280000 cpu=0x10a438000 size=0x8000 read=0x8000 -> ./dump/bo_sigusr1_h0_va10000280000_cpu10a438000_sz8000.hex
BODUMP handle=0 gpu_va=0x58000 cpu=0x10a440000 size=0x8000 read=0x8000 -> ./dump/bo_sigusr1_h0_va58000_cpu10a440000_sz8000.hex
BODUMP handle=0 gpu_va=0x68000 cpu=0x10a448000 size=0x88e0 read=0x88e0 -> ./dump/bo_sigusr1_h0_va68000_cpu10a448000_sz88e0.hex
BODUMP handle=0 gpu_va=0x10000290000 cpu=0x10a454000 size=0xc0000 read=0xc0000 -> ./dump/bo_sigusr1_h0_va10000290000_cpu10a454000_szc0000.hex
BODUMP end reason=sigusr1
MAPDUMP reason=sigusr1 seq=56 conn=0 memType=0x00005e15 addr=0x104914000 size=0x4000 read=0x4000 -> ./dump/map_seq000056_conn0_type00005e15_at104914000_sz4000.hex
MAPDUMP reason=sigusr1 seq=56 conn=0 memType=0x00005e15 addr=0x104908000 size=0x4000 read=0x4000 -> ./dump/map_seq000056_conn0_type00005e15_at104908000_sz4000.hex
BODUMP begin reason=sigusr1 n_bo=38
BODUMP handle=0 gpu_va=0x10000000000 cpu=0x104b4c000 size=0x10000 read=0x10000 -> ./dump/bo_sigusr1_h0_va10000000000_cpu104b4c000_sz10000.hex
BODUMP handle=0 gpu_va=0x6f00000000 cpu=0x10491c000 size=0x3800 read=0x3800 -> ./dump/bo_sigusr1_h0_va6f00000000_cpu10491c000_sz3800.hex
BODUMP handle=0 gpu_va=0x10000018000 cpu=0x104b70000 size=0x10000 read=0x10000 -> ./dump/bo_sigusr1_h0_va10000018000_cpu104b70000_sz10000.hex
BODUMP handle=0 gpu_va=0x0 cpu=0x10a20c000 size=0x10000 read=0x10000 -> ./dump/bo_sigusr1_h0_va0_cpu10a20c000_sz10000.hex
BODUMP handle=0 gpu_va=0x10000030000 cpu=0x10a21c000 size=0x20000 read=0x20000 -> ./dump/bo_sigusr1_h0_va10000030000_cpu10a21c000_sz20000.hex
BODUMP handle=0 gpu_va=0x10000030100 cpu=0x10a21c100 size=0x20000 read=0x20000 -> ./dump/bo_sigusr1_h0_va10000030100_cpu10a21c100_sz20000.hex
BODUMP handle=0 gpu_va=0x10000030200 cpu=0x10a21c200 size=0x20000 read=0x20000 -> ./dump/bo_sigusr1_h0_va10000030200_cpu10a21c200_sz20000.hex
BODUMP handle=0 gpu_va=0x10000030400 cpu=0x10a21c400 size=0x20000 read=0x20000 -> ./dump/bo_sigusr1_h0_va10000030400_cpu10a21c400_sz20000.hex
BODUMP handle=0 gpu_va=0x10000030600 cpu=0x10a21c600 size=0x20000 read=0x20000 -> ./dump/bo_sigusr1_h0_va10000030600_cpu10a21c600_sz20000.hex
BODUMP handle=0 gpu_va=0x10000030700 cpu=0x10a21c700 size=0x20000 read=0x20000 -> ./dump/bo_sigusr1_h0_va10000030700_cpu10a21c700_sz20000.hex
BODUMP handle=0 gpu_va=0x10000030900 cpu=0x10a21c900 size=0x20000 read=0x20000 -> ./dump/bo_sigusr1_h0_va10000030900_cpu10a21c900_sz20000.hex
BODUMP handle=0 gpu_va=0x10000030a00 cpu=0x10a21ca00 size=0x20000 read=0x20000 -> ./dump/bo_sigusr1_h0_va10000030a00_cpu10a21ca00_sz20000.hex
BODUMP handle=0 gpu_va=0x10000030b00 cpu=0x10a21cb00 size=0x20000 read=0x20000 -> ./dump/bo_sigusr1_h0_va10000030b00_cpu10a21cb00_sz20000.hex
BODUMP handle=0 gpu_va=0x10000031b00 cpu=0x10a21db00 size=0x20000 read=0x20000 -> ./dump/bo_sigusr1_h0_va10000031b00_cpu10a21db00_sz20000.hex
BODUMP handle=0 gpu_va=0x10000031c00 cpu=0x10a21dc00 size=0x20000 read=0x20000 -> ./dump/bo_sigusr1_h0_va10000031c00_cpu10a21dc00_sz20000.hex
BODUMP handle=0 gpu_va=0x10000031d00 cpu=0x10a21dd00 size=0x20000 read=0x20000 -> ./dump/bo_sigusr1_h0_va10000031d00_cpu10a21dd00_sz20000.hex
BODUMP handle=0 gpu_va=0x10000031e00 cpu=0x10a21de00 size=0x20000 read=0x20000 -> ./dump/bo_sigusr1_h0_va10000031e00_cpu10a21de00_sz20000.hex
BODUMP handle=0 gpu_va=0x10000032600 cpu=0x10a21e600 size=0x20000 read=0x20000 -> ./dump/bo_sigusr1_h0_va10000032600_cpu10a21e600_sz20000.hex
BODUMP handle=0 gpu_va=0x10000032700 cpu=0x10a21e700 size=0x20000 read=0x20000 -> ./dump/bo_sigusr1_h0_va10000032700_cpu10a21e700_sz20000.hex
BODUMP handle=0 gpu_va=0x10000058000 cpu=0x10a23c000 size=0x20000 read=0x20000 -> ./dump/bo_sigusr1_h0_va10000058000_cpu10a23c000_sz20000.hex
