# iotrace init pid=64568 dump_dir=dumps_smoke_header_size_max max_struct=65536 max_map=1048576 dump_atexit=0 n_dump_sel=0 only_conn=0x0
OPEN class=IOSurfaceRoot type=0 -> conn=d03 ret=0x0
CALL seq=1 fn=Method conn=d03 class=IOSurfaceRoot sel=13(0xd) inScalarCnt=0 inStructCnt=0
RET  seq=1 conn=d03 sel=13(0xd) ret=0x0 outStructCnt=40
  OUT.struct len=40
  OUT 000000: ff3f 0000 7f00 0000 0080 0000 0000 0000 
  OUT 000010: 0040 0000 0000 0000 0040 0000 0000 0000 
  OUT 000020: 0000 0100 0000 0000                     
MEMENTRY size=0x40000 offset=0x1050e8000 perm=0x400001 parent=0x0 -> handle=0x1b03 ret=0x0
CALL seq=2 fn=Method conn=d03 class=IOSurfaceRoot sel=44(0x2c) inScalarCnt=1 inStructCnt=0 inScalars=[0x6d4]
RET  seq=2 conn=d03 sel=44(0x2c) ret=0xe00002f0 outStructCnt=0
OPEN class=AGXAcceleratorG16G type=1048581 -> conn=3003 ret=0x0
CALL seq=3 fn=Struct conn=3003 class=AGXAcceleratorG16G sel=2(0x2) inScalarCnt=0 inStructCnt=0
RET  seq=3 conn=3003 sel=2(0x2) ret=0x0 outStructCnt=536
  OUT.struct len=536
  OUT 000000: 0080 1d05 0100 0000 0800 0000 0800 0000 
  OUT 000010: 0000 0000 8000 0000 0000 0000 0400 0000 
  OUT 000020: 0800 0000 0c00 0000 1000 0000 1400 0000 
  OUT 000030: 1800 0000 1c00 0000 2000 0000 2400 0000 
  OUT 000040: 2800 0000 2c00 0000 3000 0000 3400 0000 
  OUT 000050: 3800 0000 3c00 0000 4000 0000 4400 0000 
  OUT 000060: 4800 0000 4c00 0000 5000 0000 5400 0000 
  OUT 000070: 5800 0000 5c00 0000 6000 0000 6400 0000 
  OUT 000080: 6800 0000 6c00 0000 7000 0000 7400 0000 
  OUT 000090: 7800 0000 7c00 0000 8000 0000 8400 0000 
  OUT 0000a0: 8800 0000 8c00 0000 9000 0000 9400 0000 
  OUT 0000b0: 9800 0000 9c00 0000 a000 0000 a400 0000 
  OUT 0000c0: a800 0000 ac00 0000 b000 0000 b400 0000 
  OUT 0000d0: b800 0000 bc00 0000 c000 0000 c400 0000 
  OUT 0000e0: c800 0000 cc00 0000 d000 0000 d400 0000 
  OUT 0000f0: d800 0000 dc00 0000 e000 0000 e400 0000 
  OUT 000100: e800 0000 ec00 0000 f000 0000 f400 0000 
  OUT 000110: f800 0000 fc00 0000 0001 0000 0401 0000 
  OUT 000120: 0801 0000 0c01 0000 1001 0000 1401 0000 
  OUT 000130: 1801 0000 1c01 0000 2001 0000 2401 0000 
  OUT 000140: 2801 0000 2c01 0000 3001 0000 3401 0000 
  OUT 000150: 3801 0000 3c01 0000 4001 0000 4401 0000 
  OUT 000160: 4801 0000 4c01 0000 5001 0000 5401 0000 
  OUT 000170: 5801 0000 5c01 0000 6001 0000 6401 0000 
  OUT 000180: 6801 0000 6c01 0000 7001 0000 7401 0000 
  OUT 000190: 7801 0000 7c01 0000 8001 0000 8401 0000 
  OUT 0001a0: 8801 0000 8c01 0000 9001 0000 9401 0000 
  OUT 0001b0: 9801 0000 9c01 0000 a001 0000 a401 0000 
  OUT 0001c0: a801 0000 ac01 0000 b001 0000 b401 0000 
  OUT 0001d0: b801 0000 bc01 0000 c001 0000 c401 0000 
  OUT 0001e0: c801 0000 cc01 0000 d001 0000 d401 0000 
  OUT 0001f0: d801 0000 dc01 0000 e001 0000 e401 0000 
  OUT 000200: e801 0000 ec01 0000 f001 0000 f401 0000 
  OUT 000210: f801 0000 fc01 0000                     
CALL seq=4 fn=Struct conn=3003 class=AGXAcceleratorG16G sel=0(0x0) inScalarCnt=0 inStructCnt=0
RET  seq=4 conn=3003 sel=0(0x0) ret=0x0 outStructCnt=64
  OUT.struct len=64
  OUT 000000: 4043 0000 0000 0000 0000 0000 0000 0000 
  OUT 000010: 0000 0000 0000 0000 0200 0000 0000 0000 
  OUT 000020: 00c0 c2f5 0200 0000 0000 5238 0200 0000 
  OUT 000030: 0000 0000 0000 0000 0000 0000 0000 0000 
CALL seq=5 fn=Struct conn=3003 class=AGXAcceleratorG16G sel=5(0x5) inScalarCnt=0 inStructCnt=0
RET  seq=5 conn=3003 sel=5(0x5) ret=0x0 outStructCnt=32
  OUT.struct len=32
  OUT 000000: 8f07 4a5d 1e00 0000 00c0 1e05 0100 0000 
  OUT 000010: 0000 1e05 0100 0000 0040 0000 0000 0000 
CALL seq=6 fn=Method conn=d03 class=IOSurfaceRoot sel=32(0x20) inScalarCnt=0 inStructCnt=0
RET  seq=6 conn=d03 sel=32(0x20) ret=0x0 outScalars=[0x1050e4000]
CALL seq=7 fn=Struct conn=3003 class=AGXAcceleratorG16G sel=258(0x102) inScalarCnt=0 inStructCnt=0
RET  seq=7 conn=3003 sel=258(0x102) ret=0x0 outStructCnt=456
  OUT.struct len=456
  OUT 000000: 0000 0000 0000 0000 0000 0000 0000 0000 
  OUT 000010: 0000 0000 0000 0000 0000 0000 0000 0000 
  OUT 000020: 0000 0000 0000 0000 0000 0000 0000 0000 
  OUT 000030: 0000 0000 0000 0000 0000 0000 0000 0000 
  OUT 000040: 0000 0000 0000 0000 0000 0000 0000 0000 
  OUT 000050: 0000 0000 0000 0000 0000 0000 0000 0000 
  OUT 000060: 0000 0000 0000 0000 0000 0000 0000 0000 
  OUT 000070: 0000 0000 0000 0000 0000 0000 0000 0000 
  OUT 000080: 0000 0000 0000 0000 0000 0000 0000 0000 
  OUT 000090: 0000 0000 0000 0000 0000 0000 0000 0000 
  OUT 0000a0: 0000 0000 0000 0000 0000 0000 0000 0000 
  OUT 0000b0: 0000 0000 0000 0000 0000 0000 0000 0000 
  OUT 0000c0: 0000 0000 0000 0000 4a75 6c20 3331 2032 
  OUT 0000d0: 3032 3620 3232 3a34 333a 3233 0000 0000 
  OUT 0000e0: 0000 0000 0000 0000 7265 6c65 6173 6520 
  OUT 0000f0: 6665 6e64 6572 5f73 6372 6174 6368 5f72 
  OUT 000100: 616d 5f72 6574 656e 7469 6f6e 0000 0000 
  OUT 000110: 0000 0000 0000 0000 0000 0000 0000 0000 
  OUT 000120: 0000 0000 0000 0000 0000 0000 0000 0000 
  OUT 000130: 0000 0000 0000 0000 0000 0000 0000 0000 
  OUT 000140: 0000 0000 0000 0000 0000 0000 0000 0000 
  OUT 000150: 0000 0000 0000 0000 0000 0000 0000 0000 
  OUT 000160: 0000 0000 0000 0000 0000 0000 0000 0000 
  OUT 000170: 0000 0000 0000 0000 0000 0000 0000 0000 
  OUT 000180: 0000 0000 0000 0000 0000 0000 0000 0000 
  OUT 000190: 0000 0000 0000 0000 0000 0000 0000 0000 
  OUT 0001a0: 0000 0000 0000 0000 4a37 3733 6741 5000 
  OUT 0001b0: 0000 0000 0000 0000 0000 0000 0000 0000 
  OUT 0001c0: 0000 0000 0000 0000                     
CALL seq=8 fn=Struct conn=3003 class=AGXAcceleratorG16G sel=256(0x100) inScalarCnt=0 inStructCnt=0
RET  seq=8 conn=3003 sel=256(0x100) ret=0x0 outStructCnt=152
  OUT.struct len=152
  OUT 000000: 0000 0000 0000 0000 0000 0000 0000 0000 
  OUT 000010: ff03 0000 0000 0000 0000 0000 0000 0000 
  OUT 000020: 1b00 0000 0400 0000 0000 0000 0000 0000 
  OUT 000030: 0a00 0000 0400 0000 0400 0000 0400 0000 
  OUT 000040: 0000 0000 0a00 0000 0200 0000 0300 0000 
  OUT 000050: 0300 0000 0200 0000 0300 0000 0300 0000 
  OUT 000060: 1000 0000 0100 0000 0100 0000 0100 0000 
  OUT 000070: 0100 0000 0a00 0000 0a00 0000 0000 0000 
  OUT 000080: 0000 0000 0001 0100 0000 0000 0000 0300 
  OUT 000090: 0000 0000 0000 0000                     
CALL seq=9 fn=Method conn=3003 class=AGXAcceleratorG16G sel=9(0x9) inScalarCnt=0 inStructCnt=104
  IN.struct len=104
  IN 000000: 0000 0000 0000 0000 0100 0100 0100 0000 
  IN 000010: 0101 0001 3004 0000 0000 0000 0000 0000 
  IN 000020: 0000 0000 0000 0000 0000 0000 0000 0000 
  IN 000030: 0000 0000 0000 0000 0000 0000 0000 0000 
  IN 000040: 0000 0000 0000 0000 0000 0100 0000 0000 
  IN 000050: 0000 0000 0000 0000 0000 0008 1800 0000 
  IN 000060: 0000 0000 0000 0000                     
RET  seq=9 conn=3003 sel=9(0x9) ret=0x0 outStructCnt=88
  OUT.struct len=88
  OUT 000000: 0000 0000 0001 0000 0040 1f05 0100 0000 
  OUT 000010: c000 1e05 0100 0000 0000 0000 0000 0000 
  OUT 000020: 0000 0000 0100 0000 0000 0100 0000 0000 
  OUT 000030: 9007 4a5d 1e00 0000 e860 0b00 0000 0000 
  OUT 000040: 0000 0000 0000 0000 0000 0000 0000 0000 
  OUT 000050: 0000 0100 0000 0000                     
CALL seq=10 fn=Struct conn=3003 class=AGXAcceleratorG16G sel=261(0x105) inScalarCnt=0 inStructCnt=72
  IN.struct len=72
  IN 000000: 0b00 0000 0000 0000 0000 0000 0000 0000 
  IN 000010: 0000 0000 0000 0000 0000 0000 0000 0000 
  IN 000020: 0000 0000 0000 0000 0000 0000 0000 0000 
  IN 000030: 0000 0000 0000 0000 0000 0000 0000 0000 
  IN 000040: 0000 0000 0000 0000                     
RET  seq=10 conn=3003 sel=261(0x105) ret=0x0 outStructCnt=72
  OUT.struct len=72
  OUT 000000: 0b00 0000 0000 0000 0000 0000 0000 0000 
  OUT 000010: 0000 0000 0000 0000 0000 0000 0000 0000 
  OUT 000020: 0000 0000 0000 0000 0000 0000 0000 0000 
  OUT 000030: 0200 0000 0000 0000 0000 0000 0000 0000 
  OUT 000040: 0000 0000 0000 0000                     
CALL seq=11 fn=Method conn=3003 class=AGXAcceleratorG16G sel=9(0x9) inScalarCnt=0 inStructCnt=104
  IN.struct len=104
  IN 000000: 0000 0000 0000 0000 0100 0100 0100 0000 
  IN 000010: 0101 0001 7004 0000 0000 0000 0000 0000 
  IN 000020: 0000 0000 0000 0000 0000 0000 0000 0000 
  IN 000030: 0100 0000 0000 0000 0000 0000 0000 0000 
  IN 000040: 0000 0000 0000 0000 0038 0000 0000 0000 
  IN 000050: 0000 0000 0000 0000 0000 0058 1800 0000 
  IN 000060: 0000 0000 0000 0000                     
RET  seq=11 conn=3003 sel=9(0x9) ret=0x0 outStructCnt=88
  OUT.struct len=88
  OUT 000000: 0000 0000 6f00 0000 0040 2005 0100 0000 
  OUT 000010: 8001 1e05 0100 0000 0000 0000 0000 0000 
  OUT 000020: 0000 0000 0200 0000 0040 0000 0000 0000 
  OUT 000030: 9107 4a5d 1e00 0000 e960 0b00 0000 0000 
  OUT 000040: 0000 0000 0000 0000 0000 0000 0000 0000 
  OUT 000050: 0040 0000 0000 0000                     
CALL seq=12 fn=Method conn=3003 class=AGXAcceleratorG16G sel=9(0x9) inScalarCnt=0 inStructCnt=104
  IN.struct len=104
  IN 000000: 0000 0000 0000 0000 0100 0100 0100 0000 
  IN 000010: 0101 0001 7004 0000 0000 0000 0000 0000 
  IN 000020: 0000 0000 0000 0000 0000 0000 0000 0000 
  IN 000030: 0100 0000 0000 0000 0000 0000 0000 0000 
  IN 000040: 0000 0000 0000 0000 0000 0200 0000 0000 
  IN 000050: 0000 0000 0000 0000 0000 0000 0000 0000 
  IN 000060: 88c9 db0b 0100 0000                     
RET  seq=12 conn=3003 sel=9(0x9) ret=0x0 outStructCnt=88
  OUT.struct len=88
  OUT 000000: 0080 0100 0001 0000 00c0 2105 0100 0000 
  OUT 000010: 4002 1e05 0100 0000 0000 0000 0000 0000 
  OUT 000020: 0000 0000 0300 0000 0000 0200 0000 0000 
  OUT 000030: 9607 4a5d 1e00 0000 ea60 0b00 0000 0000 
  OUT 000040: 0000 0000 0000 0000 0000 0000 0000 0000 
  OUT 000050: 0000 0200 0000 0000                     
CALL seq=13 fn=Method conn=3003 class=AGXAcceleratorG16G sel=9(0x9) inScalarCnt=0 inStructCnt=104
  IN.struct len=104
  IN 000000: 8000 0000 0000 0000 0100 0100 0100 0000 
  IN 000010: 0101 0001 300c 0000 0000 0000 0000 0000 
  IN 000020: 0000 0000 0000 0000 0000 0000 0000 0000 
  IN 000030: 0000 0000 0000 0000 00c0 2105 0100 0000 
  IN 000040: 00c0 2105 0100 0000 0000 0200 0000 0000 
  IN 000050: 0300 0000 0000 0000 0000 0000 1800 0000 
  IN 000060: 40d5 db0b 0100 0000                     
RET  seq=13 conn=3003 sel=9(0x9) ret=0x0 outStructCnt=88
  OUT.struct len=88
  OUT 000000: 0080 0100 0001 0000 0000 0000 0000 0000 
  OUT 000010: 0003 1e05 0100 0000 0000 0000 0000 0000 
  OUT 000020: 0000 0000 0400 0000 0000 0200 0000 0000 
  OUT 000030: 9707 4a5d 1e00 0000 ea60 0b00 0000 0000 
  OUT 000040: 0000 0000 0000 0000 0000 0000 0000 0000 
  OUT 000050: 0000 0200 0000 0000                     
CALL seq=14 fn=Method conn=3003 class=AGXAcceleratorG16G sel=9(0x9) inScalarCnt=0 inStructCnt=104
  IN.struct len=104
  IN 000000: 0000 0000 0000 0000 0100 0100 0100 0000 
  IN 000010: 0101 0001 3004 0000 0000 0000 0000 0000 
  IN 000020: 0000 0000 0000 0000 0000 0000 0000 0000 
  IN 000030: 0000 0000 0000 0000 0000 0000 0000 0000 
  IN 000040: 0000 0000 0000 0000 0000 0100 0000 0000 
  IN 000050: 0000 0000 0000 0000 0000 0008 1800 0000 
  IN 000060: 0000 0000 0000 0000                     
RET  seq=14 conn=3003 sel=9(0x9) ret=0x0 outStructCnt=88
  OUT.struct len=88
  OUT 000000: 0000 0400 0001 0000 00c0 2305 0100 0000 
  OUT 000010: c003 1e05 0100 0000 0000 0000 0000 0000 
  OUT 000020: 0000 0000 0500 0000 0000 0100 0000 0000 
  OUT 000030: 9807 4a5d 1e00 0000 eb60 0b00 0000 0000 
  OUT 000040: 0000 0000 0000 0000 0000 0000 0000 0000 
  OUT 000050: 0000 0100 0000 0000                     
CALL seq=15 fn=Method conn=3003 class=AGXAcceleratorG16G sel=9(0x9) inScalarCnt=0 inStructCnt=104
  IN.struct len=104
  IN 000000: 0000 0000 0000 0000 0100 0100 0100 0000 
  IN 000010: 0101 0001 3084 0000 0000 0000 0000 0000 
  IN 000020: 0000 0000 0000 0000 0000 0000 0000 0000 
  IN 000030: 0000 0000 0000 0000 0000 0000 0000 0000 
  IN 000040: 0000 0000 0000 0000 0000 0100 0000 0000 
  IN 000050: 0000 0000 0000 0000 0000 0038 1800 0000 
  IN 000060: 0000 0000 0000 0000                     
RET  seq=15 conn=3003 sel=9(0x9) ret=0x0 outStructCnt=88
  OUT.struct len=88
  OUT 000000: 0000 0000 0000 0000 00c0 2405 0100 0000 
  OUT 000010: 8004 1e05 0100 0000 0000 0000 0000 0000 
  OUT 000020: 0000 0000 0600 0000 0000 0100 0000 0000 
  OUT 000030: 9907 4a5d 1e00 0000 ec60 0b00 0000 0000 
  OUT 000040: 0000 0000 0000 0000 0000 0000 0000 0000 
  OUT 000050: 0000 0100 0000 0000                     
CALL seq=16 fn=Method conn=3003 class=AGXAcceleratorG16G sel=7(0x7) inScalarCnt=0 inStructCnt=1040
  IN.struct len=1040
  IN 000000: 2f55 7365 7273 2f75 7365 722f 6173 6168 
  IN 000010: 695f 7265 2f70 7562 6c69 632f 6167 782d 
  IN 000020: 7265 2f65 7870 6572 696d 656e 7473 2f45 
  IN 000030: 5850 2d30 3133 312d 6d34 2d73 6861 6465 
  IN 000040: 722d 636f 6e74 6169 6e65 722d 6765 6e65 
  IN 000050: 7261 7469 6f6e 2f77 6f72 6b2f 6269 6e2f 
  IN 000060: 636f 6465 7370 6c69 6365 0000 0000 0000 
  IN 000070: 0000 0000 0000 0000 0000 0000 0000 0000 
  IN 000080: 0000 0000 0000 0000 0000 0000 0000 0000 
  IN 000090: 0000 0000 0000 0000 0000 0000 0000 0000 
  IN 0000a0: 0000 0000 0000 0000 0000 0000 0000 0000 
  IN 0000b0: 0000 0000 0000 0000 0000 0000 0000 0000 
  IN 0000c0: 0000 0000 0000 0000 0000 0000 0000 0000 
  IN 0000d0: 0000 0000 0000 0000 0000 0000 0000 0000 
  IN 0000e0: 0000 0000 0000 0000 0000 0000 0000 0000 
  IN 0000f0: 0000 0000 0000 0000 0000 0000 0000 0000 
  IN 000100: 0000 0000 0000 0000 0000 0000 0000 0000 
  IN 000110: 0000 0000 0000 0000 0000 0000 0000 0000 
  IN 000120: 0000 0000 0000 0000 0000 0000 0000 0000 
  IN 000130: 0000 0000 0000 0000 0000 0000 0000 0000 
  IN 000140: 0000 0000 0000 0000 0000 0000 0000 0000 
  IN 000150: 0000 0000 0000 0000 0000 0000 0000 0000 
  IN 000160: 0000 0000 0000 0000 0000 0000 0000 0000 
  IN 000170: 0000 0000 0000 0000 0000 0000 0000 0000 
  IN 000180: 0000 0000 0000 0000 0000 0000 0000 0000 
  IN 000190: 0000 0000 0000 0000 0000 0000 0000 0000 
  IN 0001a0: 0000 0000 0000 0000 0000 0000 0000 0000 
  IN 0001b0: 0000 0000 0000 0000 0000 0000 0000 0000 
  IN 0001c0: 0000 0000 0000 0000 0000 0000 0000 0000 
  IN 0001d0: 0000 0000 0000 0000 0000 0000 0000 0000 
  IN 0001e0: 0000 0000 0000 0000 0000 0000 0000 0000 
  IN 0001f0: 0000 0000 0000 0000 0000 0000 0000 0000 
  IN 000200: 0000 0000 0000 0000 0000 0000 0000 0000 
  IN 000210: 0000 0000 0000 0000 0000 0000 0000 0000 
  IN 000220: 0000 0000 0000 0000 0000 0000 0000 0000 
  IN 000230: 0000 0000 0000 0000 0000 0000 0000 0000 
  IN 000240: 0000 0000 0000 0000 0000 0000 0000 0000 
  IN 000250: 0000 0000 0000 0000 0000 0000 0000 0000 
  IN 000260: 0000 0000 0000 0000 0000 0000 0000 0000 
  IN 000270: 0000 0000 0000 0000 0000 0000 0000 0000 
  IN 000280: 0000 0000 0000 0000 0000 0000 0000 0000 
  IN 000290: 0000 0000 0000 0000 0000 0000 0000 0000 
  IN 0002a0: 0000 0000 0000 0000 0000 0000 0000 0000 
  IN 0002b0: 0000 0000 0000 0000 0000 0000 0000 0000 
  IN 0002c0: 0000 0000 0000 0000 0000 0000 0000 0000 
  IN 0002d0: 0000 0000 0000 0000 0000 0000 0000 0000 
  IN 0002e0: 0000 0000 0000 0000 0000 0000 0000 0000 
  IN 0002f0: 0000 0000 0000 0000 0000 0000 0000 0000 
  IN 000300: 0000 0000 0000 0000 0000 0000 0000 0000 
  IN 000310: 0000 0000 0000 0000 0000 0000 0000 0000 
  IN 000320: 0000 0000 0000 0000 0000 0000 0000 0000 
  IN 000330: 0000 0000 0000 0000 0000 0000 0000 0000 
  IN 000340: 0000 0000 0000 0000 0000 0000 0000 0000 
  IN 000350: 0000 0000 0000 0000 0000 0000 0000 0000 
  IN 000360: 0000 0000 0000 0000 0000 0000 0000 0000 
  IN 000370: 0000 0000 0000 0000 0000 0000 0000 0000 
  IN 000380: 0000 0000 0000 0000 0000 0000 0000 0000 
  IN 000390: 0000 0000 002f 5573 6572 732f 7573 6572 
  IN 0003a0: 2f61 7361 6869 5f72 652f 7075 626c 6963 
  IN 0003b0: 2f61 6778 2d72 652f 6578 7065 7269 6d65 
  IN 0003c0: 6e74 732f 4558 502d 3031 3331 2d6d 342d 
  IN 0003d0: 7368 6164 6572 2d63 6f6e 7461 696e 6572 
  IN 0003e0: 2d67 656e 6572 6174 696f 6e2f 776f 726b 
  IN 0003f0: 2f62 696e 2f63 6f64 6573 706c 6963 6500 
  IN 000400: 0200 0000 0000 0000 ffff ffff 0100 0000 
RET  seq=16 conn=3003 sel=7(0x7) ret=0x0 outStructCnt=16
  OUT.struct len=16
  OUT 000000: 0100 0000 0000 0000 9a07 4a5d 1e00 0000 
CALL seq=17 fn=Method conn=3003 class=AGXAcceleratorG16G sel=16(0x10) inScalarCnt=2 inStructCnt=0 inScalars=[0x100,0x28]
RET  seq=17 conn=3003 sel=16(0x10) ret=0x0 outStructCnt=16
  OUT.struct len=16
  OUT 000000: 00c0 2505 0100 0000 0100 0000 0000 0000 
CALL seq=18 fn=Method conn=3003 class=AGXAcceleratorG16G sel=28(0x1c) inScalarCnt=2 inStructCnt=0 inScalars=[0x1,0x1]
RET  seq=18 conn=3003 sel=28(0x1c) ret=0x0
CALL seq=19 fn=Method conn=3003 class=AGXAcceleratorG16G sel=9(0x9) inScalarCnt=0 inStructCnt=104
  IN.struct len=104
  IN 000000: 8000 0000 0000 0000 0100 0100 0100 0000 
  IN 000010: 0101 0001 300c 0000 0000 0000 0000 0000 
  IN 000020: 0000 0000 0000 0000 0000 0000 0000 0000 
  IN 000030: 0000 0000 0000 0000 00c2 2105 0100 0000 
  IN 000040: 00c0 2105 0100 0000 0000 0200 0000 0000 
  IN 000050: 0300 0000 0000 0000 0000 0000 1800 0000 
  IN 000060: 40d5 db0b 0100 0000                     
RET  seq=19 conn=3003 sel=9(0x9) ret=0x0 outStructCnt=88
  OUT.struct len=88
  OUT 000000: 0082 0100 0001 0000 0000 0000 0000 0000 
  OUT 000010: 4005 1e05 0100 0000 0000 0000 0000 0000 
  OUT 000020: 0000 0000 0700 0000 0000 0200 0000 0000 
  OUT 000030: 9d07 4a5d 1e00 0000 ea60 0b00 0000 0000 
  OUT 000040: 0000 0000 0000 0000 0000 0000 0000 0000 
  OUT 000050: 00fe 0100 0000 0000                     
CALL seq=20 fn=Method conn=3003 class=AGXAcceleratorG16G sel=9(0x9) inScalarCnt=0 inStructCnt=104
  IN.struct len=104
  IN 000000: 8000 0000 0000 0000 0100 0100 0100 0000 
  IN 000010: 0101 0001 300c 0000 0000 0000 0000 0000 
  IN 000020: 0000 0000 0000 0000 0000 0000 0000 0000 
  IN 000030: 0000 0000 0000 0000 00c4 2105 0100 0000 
  IN 000040: 00c0 2105 0100 0000 0000 0200 0000 0000 
  IN 000050: 0300 0000 0000 0000 0000 0000 1800 0000 
  IN 000060: b8dc 0b91 0800 0000                     
RET  seq=20 conn=3003 sel=9(0x9) ret=0x0 outStructCnt=88
  OUT.struct len=88
  OUT 000000: 0084 0100 0001 0000 0000 0000 0000 0000 
  OUT 000010: 0006 1e05 0100 0000 0000 0000 0000 0000 
  OUT 000020: 0000 0000 0800 0000 0000 0200 0000 0000 
  OUT 000030: 9e07 4a5d 1e00 0000 ea60 0b00 0000 0000 
  OUT 000040: 0000 0000 0000 0000 0000 0000 0000 0000 
  OUT 000050: 00fc 0100 0000 0000                     
CALL seq=21 fn=Method conn=3003 class=AGXAcceleratorG16G sel=9(0x9) inScalarCnt=0 inStructCnt=104
  IN.struct len=104
  IN 000000: 8000 0000 0000 0000 0100 0100 0100 0000 
  IN 000010: 0101 0001 300c 0000 0000 0000 0000 0000 
  IN 000020: 0000 0000 0000 0000 0000 0000 0000 0000 
  IN 000030: 0000 0000 0000 0000 00c6 2105 0100 0000 
  IN 000040: 00c0 2105 0100 0000 0000 0200 0000 0000 
  IN 000050: 0300 0000 0000 0000 0000 0000 1800 0000 
  IN 000060: b8dc 0b91 0800 0000                     
RET  seq=21 conn=3003 sel=9(0x9) ret=0x0 outStructCnt=88
  OUT.struct len=88
  OUT 000000: 0086 0100 0001 0000 0000 0000 0000 0000 
  OUT 000010: c006 1e05 0100 0000 0000 0000 0000 0000 
  OUT 000020: 0000 0000 0900 0000 0000 0200 0000 0000 
  OUT 000030: 9f07 4a5d 1e00 0000 ea60 0b00 0000 0000 
  OUT 000040: 0000 0000 0000 0000 0000 0000 0000 0000 
  OUT 000050: 00fa 0100 0000 0000                     
CALL seq=22 fn=Method conn=3003 class=AGXAcceleratorG16G sel=9(0x9) inScalarCnt=0 inStructCnt=104
  IN.struct len=104
  IN 000000: 8000 0000 0000 0000 0100 0100 0100 0000 
  IN 000010: 0101 0001 300c 0000 0000 0000 0000 0000 
  IN 000020: 0000 0000 0000 0000 0000 0000 0000 0000 
  IN 000030: 0000 0000 0000 0000 00c7 2105 0100 0000 
  IN 000040: 00c0 2105 0100 0000 0000 0200 0000 0000 
  IN 000050: 0300 0000 0000 0000 0000 0000 1800 0000 
  IN 000060: 30e5 0b91 0800 0000                     
RET  seq=22 conn=3003 sel=9(0x9) ret=0x0 outStructCnt=88
  OUT.struct len=88
  OUT 000000: 0087 0100 0001 0000 0000 0000 0000 0000 
  OUT 000010: 8007 1e05 0100 0000 0000 0000 0000 0000 
  OUT 000020: 0000 0000 0a00 0000 0000 0200 0000 0000 
  OUT 000030: a007 4a5d 1e00 0000 ea60 0b00 0000 0000 
  OUT 000040: 0000 0000 0000 0000 0000 0000 0000 0000 
  OUT 000050: 00f9 0100 0000 0000                     
CALL seq=23 fn=Method conn=3003 class=AGXAcceleratorG16G sel=9(0x9) inScalarCnt=0 inStructCnt=104
  IN.struct len=104
  IN 000000: 8000 0000 0000 0000 0100 0100 0100 0000 
  IN 000010: 0101 0001 300c 0000 0000 0000 0000 0000 
  IN 000020: 0000 0000 0000 0000 0000 0000 0000 0000 
  IN 000030: 0000 0000 0000 0000 00c8 2105 0100 0000 
  IN 000040: 00c0 2105 0100 0000 0000 0200 0000 0000 
  IN 000050: 0300 0000 0000 0000 0000 0000 1800 0000 
  IN 000060: 50e8 0b91 0800 0000                     
RET  seq=23 conn=3003 sel=9(0x9) ret=0x0 outStructCnt=88
  OUT.struct len=88
  OUT 000000: 0088 0100 0001 0000 0000 0000 0000 0000 
  OUT 000010: 4008 1e05 0100 0000 0000 0000 0000 0000 
  OUT 000020: 0000 0000 0b00 0000 0000 0200 0000 0000 
  OUT 000030: a107 4a5d 1e00 0000 ea60 0b00 0000 0000 
  OUT 000040: 0000 0000 0000 0000 0000 0000 0000 0000 
  OUT 000050: 00f8 0100 0000 0000                     
CALL seq=24 fn=Method conn=3003 class=AGXAcceleratorG16G sel=9(0x9) inScalarCnt=0 inStructCnt=104
  IN.struct len=104
  IN 000000: 8000 0000 0000 0000 0100 0100 0100 0000 
  IN 000010: 0101 0001 300c 0000 0000 0000 0000 0000 
  IN 000020: 0000 0000 0000 0000 0000 0000 0000 0000 
  IN 000030: 0000 0000 0000 0000 00c9 2105 0100 0000 
  IN 000040: 00c0 2105 0100 0000 0000 0200 0000 0000 
  IN 000050: 0300 0000 0000 0000 0000 0000 1800 0000 
  IN 000060: 70eb 0b91 0800 0000                     
RET  seq=24 conn=3003 sel=9(0x9) ret=0x0 outStructCnt=88
  OUT.struct len=88
  OUT 000000: 0089 0100 0001 0000 0000 0000 0000 0000 
  OUT 000010: 0009 1e05 0100 0000 0000 0000 0000 0000 
  OUT 000020: 0000 0000 0c00 0000 0000 0200 0000 0000 
  OUT 000030: a207 4a5d 1e00 0000 ea60 0b00 0000 0000 
  OUT 000040: 0000 0000 0000 0000 0000 0000 0000 0000 
  OUT 000050: 00f7 0100 0000 0000                     
CALL seq=25 fn=Method conn=3003 class=AGXAcceleratorG16G sel=9(0x9) inScalarCnt=0 inStructCnt=104
  IN.struct len=104
  IN 000000: 8000 0000 0000 0000 0100 0100 0100 0000 
  IN 000010: 0101 0001 300c 0000 0000 0000 0000 0000 
  IN 000020: 0000 0000 0000 0000 0000 0000 0000 0000 
  IN 000030: 0000 0000 0000 0000 00d9 2105 0100 0000 
  IN 000040: 00c0 2105 0100 0000 0000 0200 0000 0000 
  IN 000050: 0300 0000 0000 0000 0000 0000 1800 0000 
  IN 000060: 90ee 0b91 0800 0000                     
RET  seq=25 conn=3003 sel=9(0x9) ret=0x0 outStructCnt=88
  OUT.struct len=88
  OUT 000000: 0099 0100 0001 0000 0000 0000 0000 0000 
  OUT 000010: c009 1e05 0100 0000 0000 0000 0000 0000 
  OUT 000020: 0000 0000 0d00 0000 0000 0200 0000 0000 
  OUT 000030: a307 4a5d 1e00 0000 ea60 0b00 0000 0000 
  OUT 000040: 0000 0000 0000 0000 0000 0000 0000 0000 
  OUT 000050: 00e7 0100 0000 0000                     
CALL seq=26 fn=Method conn=3003 class=AGXAcceleratorG16G sel=9(0x9) inScalarCnt=0 inStructCnt=104
  IN.struct len=104
  IN 000000: 8000 0000 0000 0000 0100 0100 0100 0000 
  IN 000010: 0101 0001 300c 0000 0000 0000 0000 0000 
  IN 000020: 0000 0000 0000 0000 0000 0000 0000 0000 
  IN 000030: 0000 0000 0000 0000 00da 2105 0100 0000 
  IN 000040: 00c0 2105 0100 0000 0000 0200 0000 0000 
  IN 000050: 0300 0000 0000 0000 0000 0000 1800 0000 
  IN 000060: 98f1 0b91 0800 0000                     
RET  seq=26 conn=3003 sel=9(0x9) ret=0x0 outStructCnt=88
  OUT.struct len=88
  OUT 000000: 009a 0100 0001 0000 0000 0000 0000 0000 
  OUT 000010: 800a 1e05 0100 0000 0000 0000 0000 0000 
  OUT 000020: 0000 0000 0e00 0000 0000 0200 0000 0000 
  OUT 000030: a407 4a5d 1e00 0000 ea60 0b00 0000 0000 
  OUT 000040: 0000 0000 0000 0000 0000 0000 0000 0000 
  OUT 000050: 00e6 0100 0000 0000                     
CALL seq=27 fn=Method conn=3003 class=AGXAcceleratorG16G sel=9(0x9) inScalarCnt=0 inStructCnt=104
  IN.struct len=104
  IN 000000: 8000 0000 0000 0000 0100 0100 0100 0000 
  IN 000010: 0101 0001 300c 0000 0000 0000 0000 0000 
  IN 000020: 0000 0000 0000 0000 0000 0000 0000 0000 
  IN 000030: 0000 0000 0000 0000 00db 2105 0100 0000 
  IN 000040: 00c0 2105 0100 0000 0000 0200 0000 0000 
  IN 000050: 0300 0000 0000 0000 0000 0000 1800 0000 
  IN 000060: a0f4 0b91 0800 0000                     
RET  seq=27 conn=3003 sel=9(0x9) ret=0x0 outStructCnt=88
  OUT.struct len=88
  OUT 000000: 009b 0100 0001 0000 0000 0000 0000 0000 
  OUT 000010: 400b 1e05 0100 0000 0000 0000 0000 0000 
  OUT 000020: 0000 0000 0f00 0000 0000 0200 0000 0000 
  OUT 000030: a507 4a5d 1e00 0000 ea60 0b00 0000 0000 
  OUT 000040: 0000 0000 0000 0000 0000 0000 0000 0000 
  OUT 000050: 00e5 0100 0000 0000                     
CALL seq=28 fn=Method conn=3003 class=AGXAcceleratorG16G sel=9(0x9) inScalarCnt=0 inStructCnt=104
  IN.struct len=104
  IN 000000: 8000 0000 0000 0000 0100 0100 0100 0000 
  IN 000010: 0101 0001 300c 0000 0000 0000 0000 0000 
  IN 000020: 0000 0000 0000 0000 0000 0000 0000 0000 
  IN 000030: 0000 0000 0000 0000 00dc 2105 0100 0000 
  IN 000040: 00c0 2105 0100 0000 0000 0200 0000 0000 
  IN 000050: 0300 0000 0000 0000 0000 0000 1800 0000 
  IN 000060: a8f7 0b91 0800 0000                     
RET  seq=28 conn=3003 sel=9(0x9) ret=0x0 outStructCnt=88
  OUT.struct len=88
  OUT 000000: 009c 0100 0001 0000 0000 0000 0000 0000 
  OUT 000010: 000c 1e05 0100 0000 0000 0000 0000 0000 
  OUT 000020: 0000 0000 1000 0000 0000 0200 0000 0000 
  OUT 000030: a607 4a5d 1e00 0000 ea60 0b00 0000 0000 
  OUT 000040: 0000 0000 0000 0000 0000 0000 0000 0000 
  OUT 000050: 00e4 0100 0000 0000                     
CALL seq=29 fn=Method conn=3003 class=AGXAcceleratorG16G sel=9(0x9) inScalarCnt=0 inStructCnt=104
  IN.struct len=104
  IN 000000: 8000 0000 0000 0000 0100 0100 0100 0000 
  IN 000010: 0101 0001 300c 0000 0000 0000 0000 0000 
  IN 000020: 0000 0000 0000 0000 0000 0000 0000 0000 
  IN 000030: 0000 0000 0000 0000 00e4 2105 0100 0000 
  IN 000040: 00c0 2105 0100 0000 0000 0200 0000 0000 
  IN 000050: 0300 0000 0000 0000 0000 0000 1800 0000 
  IN 000060: b0fa 0b91 0800 0000                     
RET  seq=29 conn=3003 sel=9(0x9) ret=0x0 outStructCnt=88
  OUT.struct len=88
  OUT 000000: 00a4 0100 0001 0000 0000 0000 0000 0000 
  OUT 000010: c00c 1e05 0100 0000 0000 0000 0000 0000 
  OUT 000020: 0000 0000 1100 0000 0000 0200 0000 0000 
  OUT 000030: a707 4a5d 1e00 0000 ea60 0b00 0000 0000 
  OUT 000040: 0000 0000 0000 0000 0000 0000 0000 0000 
  OUT 000050: 00dc 0100 0000 0000                     
CALL seq=30 fn=Method conn=3003 class=AGXAcceleratorG16G sel=9(0x9) inScalarCnt=0 inStructCnt=104
  IN.struct len=104
  IN 000000: 8000 0000 0000 0000 0100 0100 0100 0000 
  IN 000010: 0101 0001 300c 0000 0000 0000 0000 0000 
  IN 000020: 0000 0000 0000 0000 0000 0000 0000 0000 
  IN 000030: 0000 0000 0000 0000 00e5 2105 0100 0000 
  IN 000040: 00c0 2105 0100 0000 0000 0200 0000 0000 
  IN 000050: 0300 0000 0000 0000 0000 0000 1800 0000 
  IN 000060: 88c9 db0b 0100 0000                     
RET  seq=30 conn=3003 sel=9(0x9) ret=0x0 outStructCnt=88
  OUT.struct len=88
  OUT 000000: 00a5 0100 0001 0000 0000 0000 0000 0000 
  OUT 000010: 800d 1e05 0100 0000 0000 0000 0000 0000 
  OUT 000020: 0000 0000 1200 0000 0000 0200 0000 0000 
  OUT 000030: a807 4a5d 1e00 0000 ea60 0b00 0000 0000 
  OUT 000040: 0000 0000 0000 0000 0000 0000 0000 0000 
  OUT 000050: 00db 0100 0000 0000                     
CALL seq=31 fn=Method conn=3003 class=AGXAcceleratorG16G sel=9(0x9) inScalarCnt=0 inStructCnt=104
  IN.struct len=104
  IN 000000: 0000 0000 0000 0000 0100 0100 0100 0000 
  IN 000010: 0101 0001 7004 0000 0000 0000 0000 0000 
  IN 000020: 0000 0000 0000 0000 0000 0000 0000 0000 
  IN 000030: 0100 0000 0000 0000 0000 0000 0000 0000 
  IN 000040: 0000 0000 0000 0000 0000 0200 0000 0000 
  IN 000050: 0000 0000 0000 0000 0000 0000 0000 0000 
  IN 000060: 88c9 db0b 0100 0000                     
RET  seq=31 conn=3003 sel=9(0x9) ret=0x0 outStructCnt=88
  OUT.struct len=88
  OUT 000000: 0080 0500 0001 0000 0000 2605 0100 0000 
  OUT 000010: 400e 1e05 0100 0000 0000 0000 0000 0000 
  OUT 000020: 0000 0000 1300 0000 0000 0200 0000 0000 
  OUT 000030: a907 4a5d 1e00 0000 ef60 0b00 0000 0000 
  OUT 000040: 0000 0000 0000 0000 0000 0000 0000 0000 
  OUT 000050: 0000 0200 0000 0000                     
CALL seq=32 fn=Method conn=3003 class=AGXAcceleratorG16G sel=9(0x9) inScalarCnt=0 inStructCnt=104
  IN.struct len=104
  IN 000000: 8000 0000 0000 0000 0100 0100 0100 0000 
  IN 000010: 0101 0001 300c 0000 0000 0000 0000 0000 
  IN 000020: 0000 0000 0000 0000 0000 0000 0000 0000 
  IN 000030: 0000 0000 0000 0000 0000 2605 0100 0000 
  IN 000040: 0000 2605 0100 0000 0000 0200 0000 0000 
  IN 000050: 1300 0000 0000 0000 0000 0000 1800 0000 
  IN 000060: 88c9 db0b 0100 0000                     
RET  seq=32 conn=3003 sel=9(0x9) ret=0x0 outStructCnt=88
  OUT.struct len=88
  OUT 000000: 0080 0500 0001 0000 0000 0000 0000 0000 
  OUT 000010: 000f 1e05 0100 0000 0000 0000 0000 0000 
  OUT 000020: 0000 0000 1400 0000 0000 0200 0000 0000 
  OUT 000030: aa07 4a5d 1e00 0000 ef60 0b00 0000 0000 
  OUT 000040: 0000 0000 0000 0000 0000 0000 0000 0000 
  OUT 000050: 0000 0200 0000 0000                     
CALL seq=33 fn=Method conn=3003 class=AGXAcceleratorG16G sel=9(0x9) inScalarCnt=0 inStructCnt=104
  IN.struct len=104
  IN 000000: 8000 0000 0000 0000 0400 0400 0100 0000 
  IN 000010: 0101 0004 300c 0000 0000 0000 0000 0000 
  IN 000020: 0000 0000 0000 0000 0000 0000 0000 0000 
  IN 000030: 0000 0000 0000 0000 0005 2205 0100 0000 
  IN 000040: 00c0 2105 0100 0000 0000 0200 0000 0000 
  IN 000050: 0300 0000 0000 0000 008f 8880 0100 0000 
  IN 000060: 0000 0000 0000 0000                     
RET  seq=33 conn=3003 sel=9(0x9) ret=0x0 outStructCnt=88
  OUT.struct len=88
  OUT 000000: 00c5 0100 0001 0000 0000 0000 0000 0000 
  OUT 000010: c00f 1e05 0100 0000 0000 0000 0000 0000 
  OUT 000020: 0000 0000 1500 0000 0000 0200 0000 0000 
  OUT 000030: ab07 4a5d 1e00 0000 ea60 0b00 0000 0000 
  OUT 000040: 0000 0000 0000 0000 0000 0000 0000 0000 
  OUT 000050: 00bb 0100 0000 0000                     
CALL seq=34 fn=Struct conn=3003 class=AGXAcceleratorG16G sel=6(0x6) inScalarCnt=0 inStructCnt=0
RET  seq=34 conn=3003 sel=6(0x6) ret=0x0 outStructCnt=16
  OUT.struct len=16
  OUT 000000: ac07 4a5d 1e00 0000 ac07 4a5e 1e00 0000 
CALL seq=35 fn=Method conn=3003 class=AGXAcceleratorG16G sel=14(0xe) inScalarCnt=2 inStructCnt=0 inScalars=[0x4000,0x0]
RET  seq=35 conn=3003 sel=14(0xe) ret=0x0 outStructCnt=16
  OUT.struct len=16
  OUT 000000: 0000 2805 0100 0000 0040 0000 0100 0000 
CALL seq=36 fn=Method conn=3003 class=AGXAcceleratorG16G sel=14(0xe) inScalarCnt=2 inStructCnt=0 inScalars=[0x4000,0x1]
RET  seq=36 conn=3003 sel=14(0xe) ret=0x0 outStructCnt=16
  OUT.struct len=16
  OUT 000000: 0040 2805 0100 0000 0040 0000 0200 0000 
CALL seq=37 fn=Method conn=3003 class=AGXAcceleratorG16G sel=9(0x9) inScalarCnt=0 inStructCnt=104
  IN.struct len=104
  IN 000000: 0000 0000 0000 0000 0100 0100 0100 0000 
  IN 000010: 0101 0001 3004 0000 0000 0000 0000 0000 
  IN 000020: 0000 0000 0000 0000 0000 0000 0000 0000 
  IN 000030: 0000 0000 0000 0000 0000 0000 0000 0000 
  IN 000040: 0000 0000 0000 0000 0040 0700 0000 0000 
  IN 000050: 0000 0000 0000 0000 0000 0008 1800 0000 
  IN 000060: 0000 0000 0000 0000                     
RET  seq=37 conn=3003 sel=9(0x9) ret=0x0 outStructCnt=88
  OUT.struct len=88
  OUT 000000: 0000 0800 0001 0000 0080 2805 0100 0000 
  OUT 000010: 8010 1e05 0100 0000 0000 0000 0000 0000 
  OUT 000020: 0000 0000 1600 0000 0040 0700 0000 0000 
  OUT 000030: ac07 4a5e 1e00 0000 f060 0b00 0000 0000 
  OUT 000040: 0000 0000 0000 0000 0000 0000 0000 0000 
  OUT 000050: 0040 0700 0000 0000                     
CALL seq=38 fn=Method conn=3003 class=AGXAcceleratorG16G sel=9(0x9) inScalarCnt=0 inStructCnt=104
  IN.struct len=104
  IN 000000: 0000 0000 0000 0000 0080 0100 0100 0000 
  IN 000010: 0101 0001 30c4 0000 0000 0000 0000 0000 
  IN 000020: 0000 0000 0000 0000 0000 0000 0000 0000 
  IN 000030: 0000 0000 0000 0000 0000 0000 0000 0000 
  IN 000040: 0000 0000 0000 0000 0080 0000 0000 0000 
  IN 000050: 0000 0000 0000 0000 0000 0038 0000 0000 
  IN 000060: 0000 0000 0000 0000                     
RET  seq=38 conn=3003 sel=9(0x9) ret=0x0 outStructCnt=88
  OUT.struct len=88
  OUT 000000: 0080 0100 0000 0000 00c0 2f05 0100 0000 
  OUT 000010: 4011 1e05 0100 0000 0000 0000 0000 0000 
  OUT 000020: 0000 0000 1700 0000 0080 0000 0000 0000 
  OUT 000030: ad07 4a5e 1e00 0000 f160 0b00 0000 0000 
  OUT 000040: 0000 0000 0000 0000 0000 0000 0000 0000 
  OUT 000050: 0080 0000 0000 0000                     
CALL seq=39 fn=Method conn=3003 class=AGXAcceleratorG16G sel=9(0x9) inScalarCnt=0 inStructCnt=104
  IN.struct len=104
  IN 000000: 0000 0000 0000 0000 0080 0100 0100 0000 
  IN 000010: 0101 0001 30c4 0000 0000 0000 0000 0000 
  IN 000020: 0000 0000 0000 0000 0000 0000 0000 0000 
  IN 000030: 0000 0000 0000 0000 0000 0000 0000 0000 
  IN 000040: 0000 0000 0000 0000 0080 0000 0000 0000 
  IN 000050: 0000 0000 0000 0000 0000 0038 0000 0000 
  IN 000060: 0000 0000 0000 0000                     
RET  seq=39 conn=3003 sel=9(0x9) ret=0x0 outStructCnt=88
  OUT.struct len=88
  OUT 000000: 0080 0200 0000 0000 0040 3005 0100 0000 
  OUT 000010: 0012 1e05 0100 0000 0000 0000 0000 0000 
  OUT 000020: 0000 0000 1800 0000 0080 0000 0000 0000 
  OUT 000030: ae07 4a5e 1e00 0000 f260 0b00 0000 0000 
  OUT 000040: 0000 0000 0000 0000 0000 0000 0000 0000 
  OUT 000050: 0080 0000 0000 0000                     
CALL seq=40 fn=Method conn=3003 class=AGXAcceleratorG16G sel=9(0x9) inScalarCnt=0 inStructCnt=104
  IN.struct len=104
  IN 000000: 0000 0000 0000 0000 0080 0100 0100 0000 
  IN 000010: 0101 0001 30c4 0000 0000 0000 0000 0000 
  IN 000020: 0000 0000 0000 0000 0000 0000 0000 0000 
  IN 000030: 0000 0000 0000 0000 0000 0000 0000 0000 
  IN 000040: 0000 0000 0000 0000 0080 0000 0000 0000 
  IN 000050: 0000 0000 0000 0000 0000 0038 0000 0000 
  IN 000060: 0000 0000 0000 0000                     
RET  seq=40 conn=3003 sel=9(0x9) ret=0x0 outStructCnt=88
  OUT.struct len=88
  OUT 000000: 0080 0300 0000 0000 00c0 3005 0100 0000 
  OUT 000010: c012 1e05 0100 0000 0000 0000 0000 0000 
  OUT 000020: 0000 0000 1900 0000 0080 0000 0000 0000 
  OUT 000030: af07 4a5e 1e00 0000 f360 0b00 0000 0000 
  OUT 000040: 0000 0000 0000 0000 0000 0000 0000 0000 
  OUT 000050: 0080 0000 0000 0000                     
CALL seq=41 fn=Method conn=3003 class=AGXAcceleratorG16G sel=9(0x9) inScalarCnt=0 inStructCnt=104
  IN.struct len=104
  IN 000000: 0000 0000 0000 0000 0080 0100 0100 0000 
  IN 000010: 0101 0001 3044 0000 0000 0000 0000 0000 
  IN 000020: 0000 0000 0000 0000 0000 0000 0000 0000 
  IN 000030: 0000 0000 0000 0000 0000 0000 0000 0000 
  IN 000040: 0000 0000 0000 0000 0080 0000 0000 0000 
  IN 000050: 0000 0000 0000 0000 0000 0008 4800 0000 
  IN 000060: 0000 0000 0000 0000                     
RET  seq=41 conn=3003 sel=9(0x9) ret=0x0 outStructCnt=88
  OUT.struct len=88
  OUT 000000: 0080 0f00 0001 0000 0040 3105 0100 0000 
  OUT 000010: 8013 1e05 0100 0000 0000 0000 0000 0000 
  OUT 000020: 0000 0000 1a00 0000 0080 0000 0000 0000 
  OUT 000030: b007 4a5e 1e00 0000 f460 0b00 0000 0000 
  OUT 000040: 0000 0000 0000 0000 0000 0000 0000 0000 
  OUT 000050: 0080 0000 0000 0000                     
CALL seq=42 fn=Method conn=3003 class=AGXAcceleratorG16G sel=9(0x9) inScalarCnt=0 inStructCnt=104
  IN.struct len=104
  IN 000000: 0000 0000 0000 0000 0080 0100 0100 0000 
  IN 000010: 0101 0001 3044 0000 0000 0000 0000 0000 
  IN 000020: 0000 0000 0000 0000 0000 0000 0000 0000 
  IN 000030: 0000 0000 0000 0000 0000 0000 0000 0000 
  IN 000040: 0000 0000 0000 0000 0080 0000 0000 0000 
  IN 000050: 0000 0000 0000 0000 0000 0008 0000 0000 
  IN 000060: 0000 0000 0000 0000                     
RET  seq=42 conn=3003 sel=9(0x9) ret=0x0 outStructCnt=88
  OUT.struct len=88
  OUT 000000: 0080 1000 0001 0000 00c0 3105 0100 0000 
  OUT 000010: 4014 1e05 0100 0000 0000 0000 0000 0000 
  OUT 000020: 0000 0000 1b00 0000 0080 0000 0000 0000 
  OUT 000030: b107 4a5e 1e00 0000 f560 0b00 0000 0000 
  OUT 000040: 0000 0000 0000 0000 0000 0000 0000 0000 
  OUT 000050: 0080 0000 0000 0000                     
CALL seq=43 fn=Method conn=3003 class=AGXAcceleratorG16G sel=9(0x9) inScalarCnt=0 inStructCnt=104
  IN.struct len=104
  IN 000000: 0000 0000 0000 0000 0080 0100 0100 0000 
  IN 000010: 0101 0001 3044 0000 0000 0000 0000 0000 
  IN 000020: 0000 0000 0000 0000 0000 0000 0000 0000 
  IN 000030: 0000 0000 0000 0000 0000 0000 0000 0000 
  IN 000040: 0000 0000 0000 0000 0080 0000 0000 0000 
  IN 000050: 0000 0000 0000 0000 0000 0018 0000 0000 
  IN 000060: 0000 0000 0000 0000                     
RET  seq=43 conn=3003 sel=9(0x9) ret=0x0 outStructCnt=88
  OUT.struct len=88
  OUT 000000: 0080 1100 0001 0000 0040 3205 0100 0000 
  OUT 000010: 0015 1e05 0100 0000 0000 0000 0000 0000 
  OUT 000020: 0000 0000 1c00 0000 0080 0000 0000 0000 
  OUT 000030: b207 4a5e 1e00 0000 f660 0b00 0000 0000 
  OUT 000040: 0000 0000 0000 0000 0000 0000 0000 0000 
  OUT 000050: 0080 0000 0000 0000                     
CALL seq=44 fn=Method conn=3003 class=AGXAcceleratorG16G sel=9(0x9) inScalarCnt=0 inStructCnt=104
  IN.struct len=104
  IN 000000: 0000 0000 0000 0000 0080 0100 0100 0000 
  IN 000010: 0101 0001 3044 0000 0000 0000 0000 0000 
  IN 000020: 0000 0000 0000 0000 0000 0000 0000 0000 
  IN 000030: 0000 0000 0000 0000 0000 0000 0000 0000 
  IN 000040: 0000 0000 0000 0000 0080 0000 0000 0000 
  IN 000050: 0000 0000 0000 0000 0000 0018 0000 0000 
  IN 000060: 0000 0000 0000 0000                     
RET  seq=44 conn=3003 sel=9(0x9) ret=0x0 outStructCnt=88
  OUT.struct len=88
  OUT 000000: 0080 1200 0001 0000 00c0 3205 0100 0000 
  OUT 000010: c015 1e05 0100 0000 0000 0000 0000 0000 
  OUT 000020: 0000 0000 1d00 0000 0080 0000 0000 0000 
  OUT 000030: b307 4a5e 1e00 0000 f760 0b00 0000 0000 
  OUT 000040: 0000 0000 0000 0000 0000 0000 0000 0000 
  OUT 000050: 0080 0000 0000 0000                     
CALL seq=45 fn=Method conn=3003 class=AGXAcceleratorG16G sel=9(0x9) inScalarCnt=0 inStructCnt=104
  IN.struct len=104
  IN 000000: 0000 0000 0000 0000 0000 0100 0100 0000 
  IN 000010: 0101 0001 3044 0000 0000 0000 0000 0000 
  IN 000020: 0000 0000 0000 0000 0000 0000 0000 0000 
  IN 000030: 0000 0000 0000 0000 0000 0000 0000 0000 
  IN 000040: 0000 0000 0000 0000 0000 1000 0000 0000 
  IN 000050: 0000 0000 0000 0000 0000 0018 0000 0000 
  IN 000060: 0000 0000 0000 0000                     
RET  seq=45 conn=3003 sel=9(0x9) ret=0x0 outStructCnt=88
  OUT.struct len=88
  OUT 000000: 0080 1300 0001 0000 0000 7c0a 0100 0000 
  OUT 000010: 8016 1e05 0100 0000 0000 0000 0000 0000 
  OUT 000020: 0000 0000 1e00 0000 0000 1000 0000 0000 
  OUT 000030: b407 4a5e 1e00 0000 f860 0b00 0000 0000 
  OUT 000040: 0000 0000 0000 0000 0000 0000 0000 0000 
  OUT 000050: 0000 1000 0000 0000                     
CALL seq=46 fn=Method conn=3003 class=AGXAcceleratorG16G sel=9(0x9) inScalarCnt=0 inStructCnt=104
  IN.struct len=104
  IN 000000: 0000 0000 0000 0000 0080 0100 0100 0000 
  IN 000010: 0101 0001 30c4 0000 0000 0000 0000 0000 
  IN 000020: 0000 0000 0000 0000 0000 0000 0000 0000 
  IN 000030: 0000 0000 0000 0000 0000 0000 0000 0000 
  IN 000040: 0000 0000 0000 0000 0080 0000 0000 0000 
  IN 000050: 0000 0000 0000 0000 0000 0038 0000 0000 
  IN 000060: 0000 0000 0000 0000                     
RET  seq=46 conn=3003 sel=9(0x9) ret=0x0 outStructCnt=88
  OUT.struct len=88
  OUT 000000: 0080 0400 0000 0000 0040 3305 0100 0000 
  OUT 000010: 4017 1e05 0100 0000 0000 0000 0000 0000 
  OUT 000020: 0000 0000 1f00 0000 0080 0000 0000 0000 
  OUT 000030: b507 4a5e 1e00 0000 f960 0b00 0000 0000 
  OUT 000040: 0000 0000 0000 0000 0000 0000 0000 0000 
  OUT 000050: 0080 0000 0000 0000                     
CALL seq=47 fn=Method conn=3003 class=AGXAcceleratorG16G sel=9(0x9) inScalarCnt=0 inStructCnt=104
  IN.struct len=104
  IN 000000: 0000 0000 0000 0000 0080 0100 0100 0000 
  IN 000010: 0101 0001 3044 0000 0000 0000 0000 0000 
  IN 000020: 0000 0000 0000 0000 0000 0000 0000 0000 
  IN 000030: 0000 0000 0000 0000 0000 0000 0000 0000 
  IN 000040: 0000 0000 0000 0000 0080 0000 0000 0000 
  IN 000050: 0000 0000 0000 0000 0000 0018 0000 0000 
  IN 000060: 0000 0000 0000 0000                     
RET  seq=47 conn=3003 sel=9(0x9) ret=0x0 outStructCnt=88
  OUT.struct len=88
  OUT 000000: 0000 2400 0001 0000 00c0 3305 0100 0000 
  OUT 000010: 0018 1e05 0100 0000 0000 0000 0000 0000 
  OUT 000020: 0000 0000 2000 0000 0080 0000 0000 0000 
  OUT 000030: b607 4a5e 1e00 0000 fa60 0b00 0000 0000 
  OUT 000040: 0000 0000 0000 0000 0000 0000 0000 0000 
  OUT 000050: 0080 0000 0000 0000                     
CALL seq=48 fn=Method conn=3003 class=AGXAcceleratorG16G sel=9(0x9) inScalarCnt=0 inStructCnt=104
  IN.struct len=104
  IN 000000: 0000 0000 0000 0000 0080 0100 0100 0000 
  IN 000010: 0101 0001 3044 0000 0000 0000 0000 0000 
  IN 000020: 0000 0000 0000 0000 0000 0000 0000 0000 
  IN 000030: 0000 0000 0000 0000 0000 0000 0000 0000 
  IN 000040: 0000 0000 0000 0000 0080 0000 0000 0000 
  IN 000050: 0000 0000 0000 0000 0000 0008 0000 0000 
  IN 000060: 0000 0000 0000 0000                     
RET  seq=48 conn=3003 sel=9(0x9) ret=0x0 outStructCnt=88
  OUT.struct len=88
  OUT 000000: 0000 2500 0001 0000 0040 3405 0100 0000 
  OUT 000010: c018 1e05 0100 0000 0000 0000 0000 0000 
  OUT 000020: 0000 0000 2100 0000 0080 0000 0000 0000 
  OUT 000030: b707 4a5e 1e00 0000 fb60 0b00 0000 0000 
  OUT 000040: 0000 0000 0000 0000 0000 0000 0000 0000 
  OUT 000050: 0080 0000 0000 0000                     
CALL seq=49 fn=Method conn=3003 class=AGXAcceleratorG16G sel=9(0x9) inScalarCnt=0 inStructCnt=104
  IN.struct len=104
  IN 000000: 0000 0000 0000 0000 0080 0100 0100 0000 
  IN 000010: 0101 0001 3044 0000 0000 0000 0000 0000 
  IN 000020: 0000 0000 0000 0000 0000 0000 0000 0000 
  IN 000030: 0000 0000 0000 0000 0000 0000 0000 0000 
  IN 000040: 0000 0000 0000 0000 0080 0000 0000 0000 
  IN 000050: 0000 0000 0000 0000 0000 0008 0000 0000 
  IN 000060: 0000 0000 0000 0000                     
RET  seq=49 conn=3003 sel=9(0x9) ret=0x0 outStructCnt=88
  OUT.struct len=88
  OUT 000000: 0000 2600 0001 0000 00c0 3405 0100 0000 
  OUT 000010: 8019 1e05 0100 0000 0000 0000 0000 0000 
  OUT 000020: 0000 0000 2200 0000 0080 0000 0000 0000 
  OUT 000030: b807 4a5e 1e00 0000 fc60 0b00 0000 0000 
  OUT 000040: 0000 0000 0000 0000 0000 0000 0000 0000 
  OUT 000050: 0080 0000 0000 0000                     
CALL seq=50 fn=Method conn=3003 class=AGXAcceleratorG16G sel=9(0x9) inScalarCnt=0 inStructCnt=104
  IN.struct len=104
  IN 000000: 0000 0000 0000 0000 0080 0100 0100 0000 
  IN 000010: 0101 0001 3044 0000 0000 0000 0000 0000 
  IN 000020: 0000 0000 0000 0000 0000 0000 0000 0000 
  IN 000030: 0000 0000 0000 0000 0000 0000 0000 0000 
  IN 000040: 0000 0000 0000 0000 0080 0000 0000 0000 
  IN 000050: 0000 0000 0000 0000 0000 0008 0000 0000 
  IN 000060: 0000 0000 0000 0000                     
RET  seq=50 conn=3003 sel=9(0x9) ret=0x0 outStructCnt=88
  OUT.struct len=88
  OUT 000000: 0000 2700 0001 0000 0040 3505 0100 0000 
  OUT 000010: 401a 1e05 0100 0000 0000 0000 0000 0000 
  OUT 000020: 0000 0000 2300 0000 0080 0000 0000 0000 
  OUT 000030: b907 4a5e 1e00 0000 fd60 0b00 0000 0000 
  OUT 000040: 0000 0000 0000 0000 0000 0000 0000 0000 
  OUT 000050: 0080 0000 0000 0000                     
CALL seq=51 fn=Method conn=3003 class=AGXAcceleratorG16G sel=9(0x9) inScalarCnt=0 inStructCnt=104
  IN.struct len=104
  IN 000000: 0000 0000 0000 0000 0080 0100 0100 0000 
  IN 000010: 0101 0001 3044 0000 0000 0000 0000 0000 
  IN 000020: 0000 0000 0000 0000 0000 0000 0000 0000 
  IN 000030: 0000 0000 0000 0000 0000 0000 0000 0000 
  IN 000040: 0000 0000 0000 0000 0080 0000 0000 0000 
  IN 000050: 0000 0000 0000 0000 0000 0008 0000 0000 
  IN 000060: 0000 0000 0000 0000                     
RET  seq=51 conn=3003 sel=9(0x9) ret=0x0 outStructCnt=88
  OUT.struct len=88
  OUT 000000: 0000 2800 0001 0000 00c0 3505 0100 0000 
  OUT 000010: 001b 1e05 0100 0000 0000 0000 0000 0000 
  OUT 000020: 0000 0000 2400 0000 0080 0000 0000 0000 
  OUT 000030: ba07 4a5e 1e00 0000 fe60 0b00 0000 0000 
  OUT 000040: 0000 0000 0000 0000 0000 0000 0000 0000 
  OUT 000050: 0080 0000 0000 0000                     
CALL seq=52 fn=Method conn=3003 class=AGXAcceleratorG16G sel=9(0x9) inScalarCnt=0 inStructCnt=104
  IN.struct len=104
  IN 000000: 0000 0000 0000 0000 0080 0100 0100 0000 
  IN 000010: 0101 0001 30c4 0000 0000 0000 0000 0000 
  IN 000020: 0000 0000 0000 0000 0000 0000 0000 0000 
  IN 000030: 0000 0000 0000 0000 0000 0000 0000 0000 
  IN 000040: 0000 0000 0000 0000 0080 0000 0000 0000 
  IN 000050: 0000 0000 0000 0000 0000 0048 0000 0000 
  IN 000060: 0000 0000 0000 0000                     
RET  seq=52 conn=3003 sel=9(0x9) ret=0x0 outStructCnt=88
  OUT.struct len=88
  OUT 000000: 0080 0500 0000 0000 0040 3605 0100 0000 
  OUT 000010: c01b 1e05 0100 0000 0000 0000 0000 0000 
  OUT 000020: 0000 0000 2500 0000 0080 0000 0000 0000 
  OUT 000030: bb07 4a5e 1e00 0000 ff60 0b00 0000 0000 
  OUT 000040: 0000 0000 0000 0000 0000 0000 0000 0000 
  OUT 000050: 0080 0000 0000 0000                     
CALL seq=53 fn=Method conn=3003 class=AGXAcceleratorG16G sel=9(0x9) inScalarCnt=0 inStructCnt=104
  IN.struct len=104
  IN 000000: 0000 0000 0000 0000 e088 0100 0100 0000 
  IN 000010: 0101 0001 30c4 0000 0000 0000 0000 0000 
  IN 000020: 0000 0000 0000 0000 0000 0000 0000 0000 
  IN 000030: 0000 0000 0000 0000 0000 0000 0000 0000 
  IN 000040: 0000 0000 0000 0000 e088 0000 0000 0000 
  IN 000050: 0000 0000 0000 0000 0000 0048 0000 0000 
  IN 000060: 0000 0000 0000 0000                     
RET  seq=53 conn=3003 sel=9(0x9) ret=0x0 outStructCnt=88
  OUT.struct len=88
  OUT 000000: 0080 0600 0000 0000 00c0 3605 0100 0000 
  OUT 000010: 801c 1e05 0100 0000 0000 0000 0000 0000 
  OUT 000020: 0000 0000 2600 0000 00c0 0000 0000 0000 
  OUT 000030: bc07 4a5e 1e00 0000 0061 0b00 0000 0000 
  OUT 000040: 0000 0000 0000 0000 0000 0000 0000 0000 
  OUT 000050: 00c0 0000 0000 0000                     
CALL seq=54 fn=Method conn=3003 class=AGXAcceleratorG16G sel=9(0x9) inScalarCnt=0 inStructCnt=104
  IN.struct len=104
  IN 000000: 0000 0000 0000 0000 0000 0100 0100 0000 
  IN 000010: 0101 0001 3044 0000 0000 0000 0000 0000 
  IN 000020: 0000 0000 0000 0000 0000 0000 0000 0000 
  IN 000030: 0000 0000 0000 0000 0000 0000 0000 0000 
  IN 000040: 0000 0000 0000 0000 0000 0c00 0000 0000 
  IN 000050: 0000 0000 0000 0000 0000 0008 0000 0000 
  IN 000060: 0000 0000 0000 0000                     
RET  seq=54 conn=3003 sel=9(0x9) ret=0x0 outStructCnt=88
  OUT.struct len=88
  OUT 000000: 0000 2900 0001 0000 0000 8c0a 0100 0000 
  OUT 000010: 401d 1e05 0100 0000 0000 0000 0000 0000 
  OUT 000020: 0000 0000 2700 0000 0000 0c00 0000 0000 
  OUT 000030: bd07 4a5e 1e00 0000 0161 0b00 0000 0000 
  OUT 000040: 0000 0000 0000 0000 0000 0000 0000 0000 
  OUT 000050: 0000 0c00 0000 0000                     
CALL seq=55 fn=Method conn=d03 class=IOSurfaceRoot sel=32(0x20) inScalarCnt=0 inStructCnt=0
RET  seq=55 conn=d03 sel=32(0x20) ret=0x0 outScalars=[0x1050e4000]
BODUMP begin reason=sigusr1 n_bo=37
BODUMP handle=0 gpu_va=0x10000000000 cpu=0x1051f4000 size=0x10000 read=0x10000 -> dumps_smoke_header_size_max/bo_sigusr1_h0_va10000000000_cpu1051f4000_sz10000.hex
BODUMP handle=0 gpu_va=0x6f00000000 cpu=0x105204000 size=0x3800 read=0x3800 -> dumps_smoke_header_size_max/bo_sigusr1_h0_va6f00000000_cpu105204000_sz3800.hex
BODUMP handle=0 gpu_va=0x10000018000 cpu=0x10521c000 size=0x20000 read=0x20000 -> dumps_smoke_header_size_max/bo_sigusr1_h0_va10000018000_cpu10521c000_sz20000.hex
BODUMP handle=0 gpu_va=0x10000040000 cpu=0x10523c000 size=0x10000 read=0x10000 -> dumps_smoke_header_size_max/bo_sigusr1_h0_va10000040000_cpu10523c000_sz10000.hex
BODUMP handle=0 gpu_va=0x0 cpu=0x10524c000 size=0x10000 read=0x10000 -> dumps_smoke_header_size_max/bo_sigusr1_h0_va0_cpu10524c000_sz10000.hex
BODUMP handle=0 gpu_va=0x10000018200 cpu=0x10521c200 size=0x20000 read=0x20000 -> dumps_smoke_header_size_max/bo_sigusr1_h0_va10000018200_cpu10521c200_sz20000.hex
BODUMP handle=0 gpu_va=0x10000018400 cpu=0x10521c400 size=0x20000 read=0x20000 -> dumps_smoke_header_size_max/bo_sigusr1_h0_va10000018400_cpu10521c400_sz20000.hex
BODUMP handle=0 gpu_va=0x10000018600 cpu=0x10521c600 size=0x20000 read=0x20000 -> dumps_smoke_header_size_max/bo_sigusr1_h0_va10000018600_cpu10521c600_sz20000.hex
BODUMP handle=0 gpu_va=0x10000018700 cpu=0x10521c700 size=0x20000 read=0x20000 -> dumps_smoke_header_size_max/bo_sigusr1_h0_va10000018700_cpu10521c700_sz20000.hex
BODUMP handle=0 gpu_va=0x10000018800 cpu=0x10521c800 size=0x20000 read=0x20000 -> dumps_smoke_header_size_max/bo_sigusr1_h0_va10000018800_cpu10521c800_sz20000.hex
BODUMP handle=0 gpu_va=0x10000018900 cpu=0x10521c900 size=0x20000 read=0x20000 -> dumps_smoke_header_size_max/bo_sigusr1_h0_va10000018900_cpu10521c900_sz20000.hex
BODUMP handle=0 gpu_va=0x10000019900 cpu=0x10521d900 size=0x20000 read=0x20000 -> dumps_smoke_header_size_max/bo_sigusr1_h0_va10000019900_cpu10521d900_sz20000.hex
BODUMP handle=0 gpu_va=0x10000019a00 cpu=0x10521da00 size=0x20000 read=0x20000 -> dumps_smoke_header_size_max/bo_sigusr1_h0_va10000019a00_cpu10521da00_sz20000.hex
BODUMP handle=0 gpu_va=0x10000019b00 cpu=0x10521db00 size=0x20000 read=0x20000 -> dumps_smoke_header_size_max/bo_sigusr1_h0_va10000019b00_cpu10521db00_sz20000.hex
BODUMP handle=0 gpu_va=0x10000019c00 cpu=0x10521dc00 size=0x20000 read=0x20000 -> dumps_smoke_header_size_max/bo_sigusr1_h0_va10000019c00_cpu10521dc00_sz20000.hex
BODUMP handle=0 gpu_va=0x1000001a400 cpu=0x10521e400 size=0x20000 read=0x20000 -> dumps_smoke_header_size_max/bo_sigusr1_h0_va1000001a400_cpu10521e400_sz20000.hex
BODUMP handle=0 gpu_va=0x1000001a500 cpu=0x10521e500 size=0x20000 read=0x20000 -> dumps_smoke_header_size_max/bo_sigusr1_h0_va1000001a500_cpu10521e500_sz20000.hex
BODUMP handle=0 gpu_va=0x10000058000 cpu=0x105260000 size=0x20000 read=0x20000 -> dumps_smoke_header_size_max/bo_sigusr1_h0_va10000058000_cpu105260000_sz20000.hex
BODUMP handle=0 gpu_va=0x1000001c500 cpu=0x105220500 size=0x20000 read=0x20000 -> dumps_smoke_header_size_max/bo_sigusr1_h0_va1000001c500_cpu105220500_sz20000.hex
BODUMP handle=0 gpu_va=0x10000080000 cpu=0x105288000 size=0x74000 read=0x74000 -> dumps_smoke_header_size_max/bo_sigusr1_h0_va10000080000_cpu105288000_sz74000.hex
BODUMP handle=0 gpu_va=0x18000 cpu=0x1052fc000 size=0x8000 read=0x8000 -> dumps_smoke_header_size_max/bo_sigusr1_h0_va18000_cpu1052fc000_sz8000.hex
BODUMP handle=0 gpu_va=0x28000 cpu=0x105304000 size=0x8000 read=0x8000 -> dumps_smoke_header_size_max/bo_sigusr1_h0_va28000_cpu105304000_sz8000.hex
BODUMP handle=0 gpu_va=0x38000 cpu=0x10530c000 size=0x8000 read=0x8000 -> dumps_smoke_header_size_max/bo_sigusr1_h0_va38000_cpu10530c000_sz8000.hex
BODUMP handle=0 gpu_va=0x100000f8000 cpu=0x105314000 size=0x8000 read=0x8000 -> dumps_smoke_header_size_max/bo_sigusr1_h0_va100000f8000_cpu105314000_sz8000.hex
BODUMP handle=0 gpu_va=0x10000108000 cpu=0x10531c000 size=0x8000 read=0x8000 -> dumps_smoke_header_size_max/bo_sigusr1_h0_va10000108000_cpu10531c000_sz8000.hex
BODUMP handle=0 gpu_va=0x10000118000 cpu=0x105324000 size=0x8000 read=0x8000 -> dumps_smoke_header_size_max/bo_sigusr1_h0_va10000118000_cpu105324000_sz8000.hex
BODUMP handle=0 gpu_va=0x10000128000 cpu=0x10532c000 size=0x8000 read=0x8000 -> dumps_smoke_header_size_max/bo_sigusr1_h0_va10000128000_cpu10532c000_sz8000.hex
BODUMP handle=0 gpu_va=0x10000138000 cpu=0x10a7c0000 size=0x100000 read=0x100000 -> dumps_smoke_header_size_max/bo_sigusr1_h0_va10000138000_cpu10a7c0000_sz100000.hex
BODUMP handle=0 gpu_va=0x48000 cpu=0x105334000 size=0x8000 read=0x8000 -> dumps_smoke_header_size_max/bo_sigusr1_h0_va48000_cpu105334000_sz8000.hex
BODUMP handle=0 gpu_va=0x10000240000 cpu=0x10533c000 size=0x8000 read=0x8000 -> dumps_smoke_header_size_max/bo_sigusr1_h0_va10000240000_cpu10533c000_sz8000.hex
BODUMP handle=0 gpu_va=0x10000250000 cpu=0x105344000 size=0x8000 read=0x8000 -> dumps_smoke_header_size_max/bo_sigusr1_h0_va10000250000_cpu105344000_sz8000.hex
BODUMP handle=0 gpu_va=0x10000260000 cpu=0x10534c000 size=0x8000 read=0x8000 -> dumps_smoke_header_size_max/bo_sigusr1_h0_va10000260000_cpu10534c000_sz8000.hex
BODUMP handle=0 gpu_va=0x10000270000 cpu=0x105354000 size=0x8000 read=0x8000 -> dumps_smoke_header_size_max/bo_sigusr1_h0_va10000270000_cpu105354000_sz8000.hex
BODUMP handle=0 gpu_va=0x10000280000 cpu=0x10535c000 size=0x8000 read=0x8000 -> dumps_smoke_header_size_max/bo_sigusr1_h0_va10000280000_cpu10535c000_sz8000.hex
BODUMP handle=0 gpu_va=0x58000 cpu=0x105364000 size=0x8000 read=0x8000 -> dumps_smoke_header_size_max/bo_sigusr1_h0_va58000_cpu105364000_sz8000.hex
BODUMP handle=0 gpu_va=0x68000 cpu=0x10536c000 size=0x88e0 read=0x88e0 -> dumps_smoke_header_size_max/bo_sigusr1_h0_va68000_cpu10536c000_sz88e0.hex
BODUMP handle=0 gpu_va=0x10000290000 cpu=0x10a8c0000 size=0xc0000 read=0xc0000 -> dumps_smoke_header_size_max/bo_sigusr1_h0_va10000290000_cpu10a8c0000_szc0000.hex
BODUMP end reason=sigusr1
MAPDUMP reason=sigusr1 seq=55 conn=0 memType=0x00005e15 addr=0x1051ec000 size=0x4000 read=0x4000 -> dumps_smoke_header_size_max/map_seq000055_conn0_type00005e15_at1051ec000_sz4000.hex
MAPDUMP reason=sigusr1 seq=55 conn=0 memType=0x00005e15 addr=0x1051e0000 size=0x4000 read=0x4000 -> dumps_smoke_header_size_max/map_seq000055_conn0_type00005e15_at1051e0000_sz4000.hex
BODUMP begin reason=sigusr1 n_bo=37
BODUMP handle=0 gpu_va=0x10000000000 cpu=0x1051f4000 size=0x10000 read=0x10000 -> dumps_smoke_header_size_max/bo_sigusr1_h0_va10000000000_cpu1051f4000_sz10000.hex
BODUMP handle=0 gpu_va=0x6f00000000 cpu=0x105204000 size=0x3800 read=0x3800 -> dumps_smoke_header_size_max/bo_sigusr1_h0_va6f00000000_cpu105204000_sz3800.hex
BODUMP handle=0 gpu_va=0x10000018000 cpu=0x10521c000 size=0x20000 read=0x20000 -> dumps_smoke_header_size_max/bo_sigusr1_h0_va10000018000_cpu10521c000_sz20000.hex
BODUMP handle=0 gpu_va=0x10000040000 cpu=0x10523c000 size=0x10000 read=0x10000 -> dumps_smoke_header_size_max/bo_sigusr1_h0_va10000040000_cpu10523c000_sz10000.hex
BODUMP handle=0 gpu_va=0x0 cpu=0x10524c000 size=0x10000 read=0x10000 -> dumps_smoke_header_size_max/bo_sigusr1_h0_va0_cpu10524c000_sz10000.hex
BODUMP handle=0 gpu_va=0x10000018200 cpu=0x10521c200 size=0x20000 read=0x20000 -> dumps_smoke_header_size_max/bo_sigusr1_h0_va10000018200_cpu10521c200_sz20000.hex
BODUMP handle=0 gpu_va=0x10000018400 cpu=0x10521c400 size=0x20000 read=0x20000 -> dumps_smoke_header_size_max/bo_sigusr1_h0_va10000018400_cpu10521c400_sz20000.hex
BODUMP handle=0 gpu_va=0x10000018600 cpu=0x10521c600 size=0x20000 read=0x20000 -> dumps_smoke_header_size_max/bo_sigusr1_h0_va10000018600_cpu10521c600_sz20000.hex
BODUMP handle=0 gpu_va=0x10000018700 cpu=0x10521c700 size=0x20000 read=0x20000 -> dumps_smoke_header_size_max/bo_sigusr1_h0_va10000018700_cpu10521c700_sz20000.hex
BODUMP handle=0 gpu_va=0x10000018800 cpu=0x10521c800 size=0x20000 read=0x20000 -> dumps_smoke_header_size_max/bo_sigusr1_h0_va10000018800_cpu10521c800_sz20000.hex
BODUMP handle=0 gpu_va=0x10000018900 cpu=0x10521c900 size=0x20000 read=0x20000 -> dumps_smoke_header_size_max/bo_sigusr1_h0_va10000018900_cpu10521c900_sz20000.hex
BODUMP handle=0 gpu_va=0x10000019900 cpu=0x10521d900 size=0x20000 read=0x20000 -> dumps_smoke_header_size_max/bo_sigusr1_h0_va10000019900_cpu10521d900_sz20000.hex
BODUMP handle=0 gpu_va=0x10000019a00 cpu=0x10521da00 size=0x20000 read=0x20000 -> dumps_smoke_header_size_max/bo_sigusr1_h0_va10000019a00_cpu10521da00_sz20000.hex
BODUMP handle=0 gpu_va=0x10000019b00 cpu=0x10521db00 size=0x20000 read=0x20000 -> dumps_smoke_header_size_max/bo_sigusr1_h0_va10000019b00_cpu10521db00_sz20000.hex
BODUMP handle=0 gpu_va=0x10000019c00 cpu=0x10521dc00 size=0x20000 read=0x20000 -> dumps_smoke_header_size_max/bo_sigusr1_h0_va10000019c00_cpu10521dc00_sz20000.hex
BODUMP handle=0 gpu_va=0x1000001a400 cpu=0x10521e400 size=0x20000 read=0x20000 -> dumps_smoke_header_size_max/bo_sigusr1_h0_va1000001a400_cpu10521e400_sz20000.hex
BODUMP handle=0 gpu_va=0x1000001a500 cpu=0x10521e500 size=0x20000 read=0x20000 -> dumps_smoke_header_size_max/bo_sigusr1_h0_va1000001a500_cpu10521e500_sz20000.hex
BODUMP handle=0 gpu_va=0x10000058000 cpu=0x105260000 size=0x20000 read=0x20000 -> dumps_smoke_header_size_max/bo_sigusr1_h0_va10000058000_cpu105260000_sz20000.hex
BODUMP handle=0 gpu_va=0x1000001c500 cpu=0x105220500 size=0x20000 read=0x20000 -> dumps_smoke_header_size_max/bo_sigusr1_h0_va1000001c500_cpu105220500_sz20000.hex
BODUMP handle=0 gpu_va=0x10000080000 cpu=0x105288000 size=0x74000 read=0x74000 -> dumps_smoke_header_size_max/bo_sigusr1_h0_va10000080000_cpu105288000_sz74000.hex
BODUMP handle=0 gpu_va=0x18000 cpu=0x1052fc000 size=0x8000 read=0x8000 -> dumps_smoke_header_size_max/bo_sigusr1_h0_va18000_cpu1052fc000_sz8000.hex
BODUMP handle=0 gpu_va=0x28000 cpu=0x105304000 size=0x8000 read=0x8000 -> dumps_smoke_header_size_max/bo_sigusr1_h0_va28000_cpu105304000_sz8000.hex
BODUMP handle=0 gpu_va=0x38000 cpu=0x10530c000 size=0x8000 read=0x8000 -> dumps_smoke_header_size_max/bo_sigusr1_h0_va38000_cpu10530c000_sz8000.hex
BODUMP handle=0 gpu_va=0x100000f8000 cpu=0x105314000 size=0x8000 read=0x8000 -> dumps_smoke_header_size_max/bo_sigusr1_h0_va100000f8000_cpu105314000_sz8000.hex
BODUMP handle=0 gpu_va=0x10000108000 cpu=0x10531c000 size=0x8000 read=0x8000 -> dumps_smoke_header_size_max/bo_sigusr1_h0_va10000108000_cpu10531c000_sz8000.hex
BODUMP handle=0 gpu_va=0x10000118000 cpu=0x105324000 size=0x8000 read=0x8000 -> dumps_smoke_header_size_max/bo_sigusr1_h0_va10000118000_cpu105324000_sz8000.hex
BODUMP handle=0 gpu_va=0x10000128000 cpu=0x10532c000 size=0x8000 read=0x8000 -> dumps_smoke_header_size_max/bo_sigusr1_h0_va10000128000_cpu10532c000_sz8000.hex
BODUMP handle=0 gpu_va=0x10000138000 cpu=0x10a7c0000 size=0x100000 read=0x100000 -> dumps_smoke_header_size_max/bo_sigusr1_h0_va10000138000_cpu10a7c0000_sz100000.hex
BODUMP handle=0 gpu_va=0x48000 cpu=0x105334000 size=0x8000 read=0x8000 -> dumps_smoke_header_size_max/bo_sigusr1_h0_va48000_cpu105334000_sz8000.hex
BODUMP handle=0 gpu_va=0x10000240000 cpu=0x10533c000 size=0x8000 read=0x8000 -> dumps_smoke_header_size_max/bo_sigusr1_h0_va10000240000_cpu10533c000_sz8000.hex
BODUMP handle=0 gpu_va=0x10000250000 cpu=0x105344000 size=0x8000 read=0x8000 -> dumps_smoke_header_size_max/bo_sigusr1_h0_va10000250000_cpu105344000_sz8000.hex
BODUMP handle=0 gpu_va=0x10000260000 cpu=0x10534c000 size=0x8000 read=0x8000 -> dumps_smoke_header_size_max/bo_sigusr1_h0_va10000260000_cpu10534c000_sz8000.hex
BODUMP handle=0 gpu_va=0x10000270000 cpu=0x105354000 size=0x8000 read=0x8000 -> dumps_smoke_header_size_max/bo_sigusr1_h0_va10000270000_cpu105354000_sz8000.hex
BODUMP handle=0 gpu_va=0x10000280000 cpu=0x10535c000 size=0x8000 read=0x8000 -> dumps_smoke_header_size_max/bo_sigusr1_h0_va10000280000_cpu10535c000_sz8000.hex
BODUMP handle=0 gpu_va=0x58000 cpu=0x105364000 size=0x8000 read=0x8000 -> dumps_smoke_header_size_max/bo_sigusr1_h0_va58000_cpu105364000_sz8000.hex
BODUMP handle=0 gpu_va=0x68000 cpu=0x10536c000 size=0x88e0 read=0x88e0 -> dumps_smoke_header_size_max/bo_sigusr1_h0_va68000_cpu10536c000_sz88e0.hex
BODUMP handle=0 gpu_va=0x10000290000 cpu=0x10a8c0000 size=0xc0000 read=0xc0000 -> dumps_smoke_header_size_max/bo_sigusr1_h0_va10000290000_cpu10a8c0000_szc0000.hex
BODUMP end reason=sigusr1
MAPDUMP reason=sigusr1 seq=55 conn=0 memType=0x00005e15 addr=0x1051ec000 size=0x4000 read=0x4000 -> dumps_smoke_header_size_max/map_seq000055_conn0_type00005e15_at1051ec000_sz4000.hex
MAPDUMP reason=sigusr1 seq=55 conn=0 memType=0x00005e15 addr=0x1051e0000 size=0x4000 read=0x4000 -> dumps_smoke_header_size_max/map_seq000055_conn0_type00005e15_at1051e0000_sz4000.hex
CALL seq=56 fn=Method conn=3003 class=AGXAcceleratorG16G sel=8(0x8) inScalarCnt=1 inStructCnt=0 inScalars=[0x1]
CALL seq=57 fn=Method conn=3003 class=AGXAcceleratorG16G sel=17(0x11) inScalarCnt=1 inStructCnt=0 inScalars=[0x1]
RET  seq=57 conn=3003 sel=17(0x11) ret=0x0
RET  seq=57 conn=3003 sel=8(0x8) ret=0x0
CALL seq=58 fn=Scalar conn=3003 class=AGXAcceleratorG16G sel=15(0xf) inScalarCnt=1 inStructCnt=0 inScalars=[0x2]
RET  seq=58 conn=3003 sel=15(0xf) ret=0x0
CALL seq=59 fn=Scalar conn=3003 class=AGXAcceleratorG16G sel=15(0xf) inScalarCnt=1 inStructCnt=0 inScalars=[0x1]
RET  seq=59 conn=3003 sel=15(0xf) ret=0x0
