# iotrace init pid=64186 dump_dir=dumps_smoke_splice_wrong_field max_struct=65536 max_map=1048576 dump_atexit=0 n_dump_sel=0 only_conn=0x0
OPEN class=IOSurfaceRoot type=0 -> conn=1c03 ret=0x0
CALL seq=1 fn=Method conn=1c03 class=IOSurfaceRoot sel=13(0xd) inScalarCnt=0 inStructCnt=0
RET  seq=1 conn=1c03 sel=13(0xd) ret=0x0 outStructCnt=40
  OUT.struct len=40
  OUT 000000: ff3f 0000 7f00 0000 0080 0000 0000 0000 
  OUT 000010: 0040 0000 0000 0000 0040 0000 0000 0000 
  OUT 000020: 0000 0100 0000 0000                     
MEMENTRY size=0x40000 offset=0x100378000 perm=0x400001 parent=0x0 -> handle=0xe03 ret=0x0
CALL seq=2 fn=Method conn=1c03 class=IOSurfaceRoot sel=44(0x2c) inScalarCnt=1 inStructCnt=0 inScalars=[0x6d4]
RET  seq=2 conn=1c03 sel=44(0x2c) ret=0xe00002f0 outStructCnt=0
OPEN class=AGXAcceleratorG16G type=1048581 -> conn=3a03 ret=0x0
CALL seq=3 fn=Struct conn=3a03 class=AGXAcceleratorG16G sel=2(0x2) inScalarCnt=0 inStructCnt=0
RET  seq=3 conn=3a03 sel=2(0x2) ret=0x0 outStructCnt=536
  OUT.struct len=536
  OUT 000000: 0080 4600 0100 0000 0800 0000 0800 0000 
  OUT 000010: 0000 0000 8000 0000 0000 0000 0400 0000 
  OUT 000020: 0800 0000 0c00 0000 1000 0000 1400 0000 
  OUT 000030: 1800 0000 1c00 0000 2000 0000 2400 0000 
  OUT 000040: 2800 0000 2c00 0000 3000 0000 3400 0000 
  OUT 000050: 3800 0000 3c00 0000 4000 0000 4400 0000 
  OUT 000060: 4800 0000 4c00 0000 5000 0000 5400 0000 
  OUT 000070: 5800 0000 5c00 0000 6000 0000 6400 0000 
  OUT 000080: 6800 0000 6c00 0000 7000 0000 7400 0000 
  OUT 000090: 7800 0000 7c00 0000 8000 0000 8400 0000 
  OUT 0000a0: 8800 0000 8c00 0000 9000 0000 9400 0000 
  OUT 0000b0: 9800 0000 9c00 0000 a000 0000 a400 0000 
  OUT 0000c0: a800 0000 ac00 0000 b000 0000 b400 0000 
  OUT 0000d0: b800 0000 bc00 0000 c000 0000 c400 0000 
  OUT 0000e0: c800 0000 cc00 0000 d000 0000 d400 0000 
  OUT 0000f0: d800 0000 dc00 0000 e000 0000 e400 0000 
  OUT 000100: e800 0000 ec00 0000 f000 0000 f400 0000 
  OUT 000110: f800 0000 fc00 0000 0001 0000 0401 0000 
  OUT 000120: 0801 0000 0c01 0000 1001 0000 1401 0000 
  OUT 000130: 1801 0000 1c01 0000 2001 0000 2401 0000 
  OUT 000140: 2801 0000 2c01 0000 3001 0000 3401 0000 
  OUT 000150: 3801 0000 3c01 0000 4001 0000 4401 0000 
  OUT 000160: 4801 0000 4c01 0000 5001 0000 5401 0000 
  OUT 000170: 5801 0000 5c01 0000 6001 0000 6401 0000 
  OUT 000180: 6801 0000 6c01 0000 7001 0000 7401 0000 
  OUT 000190: 7801 0000 7c01 0000 8001 0000 8401 0000 
  OUT 0001a0: 8801 0000 8c01 0000 9001 0000 9401 0000 
  OUT 0001b0: 9801 0000 9c01 0000 a001 0000 a401 0000 
  OUT 0001c0: a801 0000 ac01 0000 b001 0000 b401 0000 
  OUT 0001d0: b801 0000 bc01 0000 c001 0000 c401 0000 
  OUT 0001e0: c801 0000 cc01 0000 d001 0000 d401 0000 
  OUT 0001f0: d801 0000 dc01 0000 e001 0000 e401 0000 
  OUT 000200: e801 0000 ec01 0000 f001 0000 f401 0000 
  OUT 000210: f801 0000 fc01 0000                     
CALL seq=4 fn=Struct conn=3a03 class=AGXAcceleratorG16G sel=0(0x0) inScalarCnt=0 inStructCnt=0
RET  seq=4 conn=3a03 sel=0(0x0) ret=0x0 outStructCnt=64
  OUT.struct len=64
  OUT 000000: 4043 0000 0000 0000 0000 0000 0000 0000 
  OUT 000010: 0000 0000 0000 0000 0200 0000 0000 0000 
  OUT 000020: 00c0 c2f5 0200 0000 0000 5238 0200 0000 
  OUT 000030: 0000 0000 0000 0000 0000 0000 0000 0000 
CALL seq=5 fn=Struct conn=3a03 class=AGXAcceleratorG16G sel=5(0x5) inScalarCnt=0 inStructCnt=0
RET  seq=5 conn=3a03 sel=5(0x5) ret=0x0 outStructCnt=32
  OUT.struct len=32
  OUT 000000: 5abf 4910 1e00 0000 00c0 4700 0100 0000 
  OUT 000010: 0000 4700 0100 0000 0040 0000 0000 0000 
CALL seq=6 fn=Method conn=1c03 class=IOSurfaceRoot sel=32(0x20) inScalarCnt=0 inStructCnt=0
RET  seq=6 conn=1c03 sel=32(0x20) ret=0x0 outScalars=[0x100374000]
CALL seq=7 fn=Struct conn=3a03 class=AGXAcceleratorG16G sel=258(0x102) inScalarCnt=0 inStructCnt=0
RET  seq=7 conn=3a03 sel=258(0x102) ret=0x0 outStructCnt=456
  OUT.struct len=456
  OUT 000000: 0000 0000 0000 0000 0000 0000 0000 0000 
  OUT 000010: 0000 0000 0000 0000 0000 0000 0000 0000 
  OUT 000020: 0000 0000 0000 0000 0000 0000 0000 0000 
  OUT 000030: 0000 0000 0000 0000 0000 0000 0000 0000 
  OUT 000040: 0000 0000 0000 0000 0000 0000 0000 0000 
  OUT 000050: 0000 0000 0000 0000 0000 0000 0000 0000 
  OUT 000060: 0000 0000 0000 0000 0000 0000 0000 0000 
  OUT 000070: 0000 0000 0000 0000 0000 0000 0000 0000 
  OUT 000080: 0000 0000 0000 0000 0000 0000 0000 0000 
  OUT 000090: 0000 0000 0000 0000 0000 0000 0000 0000 
  OUT 0000a0: 0000 0000 0000 0000 0000 0000 0000 0000 
  OUT 0000b0: 0000 0000 0000 0000 0000 0000 0000 0000 
  OUT 0000c0: 0000 0000 0000 0000 4a75 6c20 3331 2032 
  OUT 0000d0: 3032 3620 3232 3a34 333a 3233 0000 0000 
  OUT 0000e0: 0000 0000 0000 0000 7265 6c65 6173 6520 
  OUT 0000f0: 6665 6e64 6572 5f73 6372 6174 6368 5f72 
  OUT 000100: 616d 5f72 6574 656e 7469 6f6e 0000 0000 
  OUT 000110: 0000 0000 0000 0000 0000 0000 0000 0000 
  OUT 000120: 0000 0000 0000 0000 0000 0000 0000 0000 
  OUT 000130: 0000 0000 0000 0000 0000 0000 0000 0000 
  OUT 000140: 0000 0000 0000 0000 0000 0000 0000 0000 
  OUT 000150: 0000 0000 0000 0000 0000 0000 0000 0000 
  OUT 000160: 0000 0000 0000 0000 0000 0000 0000 0000 
  OUT 000170: 0000 0000 0000 0000 0000 0000 0000 0000 
  OUT 000180: 0000 0000 0000 0000 0000 0000 0000 0000 
  OUT 000190: 0000 0000 0000 0000 0000 0000 0000 0000 
  OUT 0001a0: 0000 0000 0000 0000 4a37 3733 6741 5000 
  OUT 0001b0: 0000 0000 0000 0000 0000 0000 0000 0000 
  OUT 0001c0: 0000 0000 0000 0000                     
CALL seq=8 fn=Struct conn=3a03 class=AGXAcceleratorG16G sel=256(0x100) inScalarCnt=0 inStructCnt=0
RET  seq=8 conn=3a03 sel=256(0x100) ret=0x0 outStructCnt=152
  OUT.struct len=152
  OUT 000000: 0000 0000 0000 0000 0000 0000 0000 0000 
  OUT 000010: ff03 0000 0000 0000 0000 0000 0000 0000 
  OUT 000020: 1b00 0000 0400 0000 0000 0000 0000 0000 
  OUT 000030: 0a00 0000 0400 0000 0400 0000 0400 0000 
  OUT 000040: 0000 0000 0a00 0000 0200 0000 0300 0000 
  OUT 000050: 0300 0000 0200 0000 0300 0000 0300 0000 
  OUT 000060: 1000 0000 0100 0000 0100 0000 0100 0000 
  OUT 000070: 0100 0000 0a00 0000 0a00 0000 0000 0000 
  OUT 000080: 0000 0000 0001 0100 0000 0000 0000 0300 
  OUT 000090: 0000 0000 0000 0000                     
CALL seq=9 fn=Method conn=3a03 class=AGXAcceleratorG16G sel=9(0x9) inScalarCnt=0 inStructCnt=104
  IN.struct len=104
  IN 000000: 0000 0000 0000 0000 0100 0100 0100 0000 
  IN 000010: 0101 0001 3004 0000 0000 0000 0000 0000 
  IN 000020: 0000 0000 0000 0000 0000 0000 0000 0000 
  IN 000030: 0000 0000 0000 0000 0000 0000 0000 0000 
  IN 000040: 0000 0000 0000 0000 0000 0100 0000 0000 
  IN 000050: 0000 0000 0000 0000 0000 0008 1800 0000 
  IN 000060: 0000 0000 0000 0000                     
RET  seq=9 conn=3a03 sel=9(0x9) ret=0x0 outStructCnt=88
  OUT.struct len=88
  OUT 000000: 0000 0000 0001 0000 0040 4800 0100 0000 
  OUT 000010: c000 4700 0100 0000 0000 0000 0000 0000 
  OUT 000020: 0000 0000 0100 0000 0000 0100 0000 0000 
  OUT 000030: 5bbf 4910 1e00 0000 3447 0b00 0000 0000 
  OUT 000040: 0000 0000 0000 0000 0000 0000 0000 0000 
  OUT 000050: 0000 0100 0000 0000                     
CALL seq=10 fn=Struct conn=3a03 class=AGXAcceleratorG16G sel=261(0x105) inScalarCnt=0 inStructCnt=72
  IN.struct len=72
  IN 000000: 0b00 0000 0000 0000 0000 0000 0000 0000 
  IN 000010: 0000 0000 0000 0000 0000 0000 0000 0000 
  IN 000020: 0000 0000 0000 0000 0000 0000 0000 0000 
  IN 000030: 0000 0000 0000 0000 0000 0000 0000 0000 
  IN 000040: 0000 0000 0000 0000                     
RET  seq=10 conn=3a03 sel=261(0x105) ret=0x0 outStructCnt=72
  OUT.struct len=72
  OUT 000000: 0b00 0000 0000 0000 0000 0000 0000 0000 
  OUT 000010: 0000 0000 0000 0000 0000 0000 0000 0000 
  OUT 000020: 0000 0000 0000 0000 0000 0000 0000 0000 
  OUT 000030: 0200 0000 0000 0000 0000 0000 0000 0000 
  OUT 000040: 0000 0000 0000 0000                     
CALL seq=11 fn=Method conn=3a03 class=AGXAcceleratorG16G sel=9(0x9) inScalarCnt=0 inStructCnt=104
  IN.struct len=104
  IN 000000: 0000 0000 0000 0000 0100 0100 0100 0000 
  IN 000010: 0101 0001 7004 0000 0000 0000 0000 0000 
  IN 000020: 0000 0000 0000 0000 0000 0000 0000 0000 
  IN 000030: 0100 0000 0000 0000 0000 0000 0000 0000 
  IN 000040: 0000 0000 0000 0000 0038 0000 0000 0000 
  IN 000050: 0000 0000 0000 0000 0000 0058 1800 0000 
  IN 000060: 0000 0000 0000 0000                     
RET  seq=11 conn=3a03 sel=9(0x9) ret=0x0 outStructCnt=88
  OUT.struct len=88
  OUT 000000: 0000 0000 6f00 0000 0040 4900 0100 0000 
  OUT 000010: 8001 4700 0100 0000 0000 0000 0000 0000 
  OUT 000020: 0000 0000 0200 0000 0040 0000 0000 0000 
  OUT 000030: 5cbf 4910 1e00 0000 3547 0b00 0000 0000 
  OUT 000040: 0000 0000 0000 0000 0000 0000 0000 0000 
  OUT 000050: 0040 0000 0000 0000                     
CALL seq=12 fn=Method conn=3a03 class=AGXAcceleratorG16G sel=9(0x9) inScalarCnt=0 inStructCnt=104
  IN.struct len=104
  IN 000000: 0000 0000 0000 0000 0100 0100 0100 0000 
  IN 000010: 0101 0001 7004 0000 0000 0000 0000 0000 
  IN 000020: 0000 0000 0000 0000 0000 0000 0000 0000 
  IN 000030: 0100 0000 0000 0000 0000 0000 0000 0000 
  IN 000040: 0000 0000 0000 0000 0000 0200 0000 0000 
  IN 000050: 0000 0000 0000 0000 0000 0000 0000 0000 
  IN 000060: 88c9 0707 0100 0000                     
RET  seq=12 conn=3a03 sel=9(0x9) ret=0x0 outStructCnt=88
  OUT.struct len=88
  OUT 000000: 0080 0100 0001 0000 00c0 4a00 0100 0000 
  OUT 000010: 4002 4700 0100 0000 0000 0000 0000 0000 
  OUT 000020: 0000 0000 0300 0000 0000 0200 0000 0000 
  OUT 000030: 61bf 4910 1e00 0000 3647 0b00 0000 0000 
  OUT 000040: 0000 0000 0000 0000 0000 0000 0000 0000 
  OUT 000050: 0000 0200 0000 0000                     
CALL seq=13 fn=Method conn=3a03 class=AGXAcceleratorG16G sel=9(0x9) inScalarCnt=0 inStructCnt=104
  IN.struct len=104
  IN 000000: 8000 0000 0000 0000 0100 0100 0100 0000 
  IN 000010: 0101 0001 300c 0000 0000 0000 0000 0000 
  IN 000020: 0000 0000 0000 0000 0000 0000 0000 0000 
  IN 000030: 0000 0000 0000 0000 00c0 4a00 0100 0000 
  IN 000040: 00c0 4a00 0100 0000 0000 0200 0000 0000 
  IN 000050: 0300 0000 0000 0000 0000 0000 1800 0000 
  IN 000060: 40d5 0707 0100 0000                     
RET  seq=13 conn=3a03 sel=9(0x9) ret=0x0 outStructCnt=88
  OUT.struct len=88
  OUT 000000: 0080 0100 0001 0000 0000 0000 0000 0000 
  OUT 000010: 0003 4700 0100 0000 0000 0000 0000 0000 
  OUT 000020: 0000 0000 0400 0000 0000 0200 0000 0000 
  OUT 000030: 62bf 4910 1e00 0000 3647 0b00 0000 0000 
  OUT 000040: 0000 0000 0000 0000 0000 0000 0000 0000 
  OUT 000050: 0000 0200 0000 0000                     
CALL seq=14 fn=Method conn=3a03 class=AGXAcceleratorG16G sel=9(0x9) inScalarCnt=0 inStructCnt=104
  IN.struct len=104
  IN 000000: 0000 0000 0000 0000 0100 0100 0100 0000 
  IN 000010: 0101 0001 3004 0000 0000 0000 0000 0000 
  IN 000020: 0000 0000 0000 0000 0000 0000 0000 0000 
  IN 000030: 0000 0000 0000 0000 0000 0000 0000 0000 
  IN 000040: 0000 0000 0000 0000 0000 0100 0000 0000 
  IN 000050: 0000 0000 0000 0000 0000 0008 1800 0000 
  IN 000060: 0000 0000 0000 0000                     
RET  seq=14 conn=3a03 sel=9(0x9) ret=0x0 outStructCnt=88
  OUT.struct len=88
  OUT 000000: 0000 0400 0001 0000 00c0 4c00 0100 0000 
  OUT 000010: c003 4700 0100 0000 0000 0000 0000 0000 
  OUT 000020: 0000 0000 0500 0000 0000 0100 0000 0000 
  OUT 000030: 63bf 4910 1e00 0000 3747 0b00 0000 0000 
  OUT 000040: 0000 0000 0000 0000 0000 0000 0000 0000 
  OUT 000050: 0000 0100 0000 0000                     
CALL seq=15 fn=Method conn=3a03 class=AGXAcceleratorG16G sel=9(0x9) inScalarCnt=0 inStructCnt=104
  IN.struct len=104
  IN 000000: 0000 0000 0000 0000 0100 0100 0100 0000 
  IN 000010: 0101 0001 3084 0000 0000 0000 0000 0000 
  IN 000020: 0000 0000 0000 0000 0000 0000 0000 0000 
  IN 000030: 0000 0000 0000 0000 0000 0000 0000 0000 
  IN 000040: 0000 0000 0000 0000 0000 0100 0000 0000 
  IN 000050: 0000 0000 0000 0000 0000 0038 1800 0000 
  IN 000060: 0000 0000 0000 0000                     
RET  seq=15 conn=3a03 sel=9(0x9) ret=0x0 outStructCnt=88
  OUT.struct len=88
  OUT 000000: 0000 0000 0000 0000 00c0 4d00 0100 0000 
  OUT 000010: 8004 4700 0100 0000 0000 0000 0000 0000 
  OUT 000020: 0000 0000 0600 0000 0000 0100 0000 0000 
  OUT 000030: 64bf 4910 1e00 0000 3847 0b00 0000 0000 
  OUT 000040: 0000 0000 0000 0000 0000 0000 0000 0000 
  OUT 000050: 0000 0100 0000 0000                     
CALL seq=16 fn=Method conn=3a03 class=AGXAcceleratorG16G sel=7(0x7) inScalarCnt=0 inStructCnt=1040
  IN.struct len=1040
  IN 000000: 2f55 7365 7273 2f75 7365 722f 6173 6168 
  IN 000010: 695f 7265 2f70 7562 6c69 632f 6167 782d 
  IN 000020: 7265 2f65 7870 6572 696d 656e 7473 2f45 
  IN 000030: 5850 2d30 3133 312d 6d34 2d73 6861 6465 
  IN 000040: 722d 636f 6e74 6169 6e65 722d 6765 6e65 
  IN 000050: 7261 7469 6f6e 2f77 6f72 6b2f 6269 6e2f 
  IN 000060: 636f 6465 7370 6c69 6365 0000 0000 0000 
  IN 000070: 0000 0000 0000 0000 0000 0000 0000 0000 
  IN 000080: 0000 0000 0000 0000 0000 0000 0000 0000 
  IN 000090: 0000 0000 0000 0000 0000 0000 0000 0000 
  IN 0000a0: 0000 0000 0000 0000 0000 0000 0000 0000 
  IN 0000b0: 0000 0000 0000 0000 0000 0000 0000 0000 
  IN 0000c0: 0000 0000 0000 0000 0000 0000 0000 0000 
  IN 0000d0: 0000 0000 0000 0000 0000 0000 0000 0000 
  IN 0000e0: 0000 0000 0000 0000 0000 0000 0000 0000 
  IN 0000f0: 0000 0000 0000 0000 0000 0000 0000 0000 
  IN 000100: 0000 0000 0000 0000 0000 0000 0000 0000 
  IN 000110: 0000 0000 0000 0000 0000 0000 0000 0000 
  IN 000120: 0000 0000 0000 0000 0000 0000 0000 0000 
  IN 000130: 0000 0000 0000 0000 0000 0000 0000 0000 
  IN 000140: 0000 0000 0000 0000 0000 0000 0000 0000 
  IN 000150: 0000 0000 0000 0000 0000 0000 0000 0000 
  IN 000160: 0000 0000 0000 0000 0000 0000 0000 0000 
  IN 000170: 0000 0000 0000 0000 0000 0000 0000 0000 
  IN 000180: 0000 0000 0000 0000 0000 0000 0000 0000 
  IN 000190: 0000 0000 0000 0000 0000 0000 0000 0000 
  IN 0001a0: 0000 0000 0000 0000 0000 0000 0000 0000 
  IN 0001b0: 0000 0000 0000 0000 0000 0000 0000 0000 
  IN 0001c0: 0000 0000 0000 0000 0000 0000 0000 0000 
  IN 0001d0: 0000 0000 0000 0000 0000 0000 0000 0000 
  IN 0001e0: 0000 0000 0000 0000 0000 0000 0000 0000 
  IN 0001f0: 0000 0000 0000 0000 0000 0000 0000 0000 
  IN 000200: 0000 0000 0000 0000 0000 0000 0000 0000 
  IN 000210: 0000 0000 0000 0000 0000 0000 0000 0000 
  IN 000220: 0000 0000 0000 0000 0000 0000 0000 0000 
  IN 000230: 0000 0000 0000 0000 0000 0000 0000 0000 
  IN 000240: 0000 0000 0000 0000 0000 0000 0000 0000 
  IN 000250: 0000 0000 0000 0000 0000 0000 0000 0000 
  IN 000260: 0000 0000 0000 0000 0000 0000 0000 0000 
  IN 000270: 0000 0000 0000 0000 0000 0000 0000 0000 
  IN 000280: 0000 0000 0000 0000 0000 0000 0000 0000 
  IN 000290: 0000 0000 0000 0000 0000 0000 0000 0000 
  IN 0002a0: 0000 0000 0000 0000 0000 0000 0000 0000 
  IN 0002b0: 0000 0000 0000 0000 0000 0000 0000 0000 
  IN 0002c0: 0000 0000 0000 0000 0000 0000 0000 0000 
  IN 0002d0: 0000 0000 0000 0000 0000 0000 0000 0000 
  IN 0002e0: 0000 0000 0000 0000 0000 0000 0000 0000 
  IN 0002f0: 0000 0000 0000 0000 0000 0000 0000 0000 
  IN 000300: 0000 0000 0000 0000 0000 0000 0000 0000 
  IN 000310: 0000 0000 0000 0000 0000 0000 0000 0000 
  IN 000320: 0000 0000 0000 0000 0000 0000 0000 0000 
  IN 000330: 0000 0000 0000 0000 0000 0000 0000 0000 
  IN 000340: 0000 0000 0000 0000 0000 0000 0000 0000 
  IN 000350: 0000 0000 0000 0000 0000 0000 0000 0000 
  IN 000360: 0000 0000 0000 0000 0000 0000 0000 0000 
  IN 000370: 0000 0000 0000 0000 0000 0000 0000 0000 
  IN 000380: 0000 0000 0000 0000 0000 0000 0000 0000 
  IN 000390: 0000 0000 002f 5573 6572 732f 7573 6572 
  IN 0003a0: 2f61 7361 6869 5f72 652f 7075 626c 6963 
  IN 0003b0: 2f61 6778 2d72 652f 6578 7065 7269 6d65 
  IN 0003c0: 6e74 732f 4558 502d 3031 3331 2d6d 342d 
  IN 0003d0: 7368 6164 6572 2d63 6f6e 7461 696e 6572 
  IN 0003e0: 2d67 656e 6572 6174 696f 6e2f 776f 726b 
  IN 0003f0: 2f62 696e 2f63 6f64 6573 706c 6963 6500 
  IN 000400: 0200 0000 0000 0000 ffff ffff 0100 0000 
RET  seq=16 conn=3a03 sel=7(0x7) ret=0x0 outStructCnt=16
  OUT.struct len=16
  OUT 000000: 0100 0000 0000 0000 65bf 4910 1e00 0000 
CALL seq=17 fn=Method conn=3a03 class=AGXAcceleratorG16G sel=16(0x10) inScalarCnt=2 inStructCnt=0 inScalars=[0x100,0x28]
RET  seq=17 conn=3a03 sel=16(0x10) ret=0x0 outStructCnt=16
  OUT.struct len=16
  OUT 000000: 00c0 4e00 0100 0000 0100 0000 0000 0000 
CALL seq=18 fn=Method conn=3a03 class=AGXAcceleratorG16G sel=28(0x1c) inScalarCnt=2 inStructCnt=0 inScalars=[0x1,0x1]
RET  seq=18 conn=3a03 sel=28(0x1c) ret=0x0
CALL seq=19 fn=Method conn=3a03 class=AGXAcceleratorG16G sel=9(0x9) inScalarCnt=0 inStructCnt=104
  IN.struct len=104
  IN 000000: 8000 0000 0000 0000 0100 0100 0100 0000 
  IN 000010: 0101 0001 300c 0000 0000 0000 0000 0000 
  IN 000020: 0000 0000 0000 0000 0000 0000 0000 0000 
  IN 000030: 0000 0000 0000 0000 00c2 4a00 0100 0000 
  IN 000040: 00c0 4a00 0100 0000 0000 0200 0000 0000 
  IN 000050: 0300 0000 0000 0000 0000 0000 1800 0000 
  IN 000060: 40d5 0707 0100 0000                     
RET  seq=19 conn=3a03 sel=9(0x9) ret=0x0 outStructCnt=88
  OUT.struct len=88
  OUT 000000: 0082 0100 0001 0000 0000 0000 0000 0000 
  OUT 000010: 4005 4700 0100 0000 0000 0000 0000 0000 
  OUT 000020: 0000 0000 0700 0000 0000 0200 0000 0000 
  OUT 000030: 68bf 4910 1e00 0000 3647 0b00 0000 0000 
  OUT 000040: 0000 0000 0000 0000 0000 0000 0000 0000 
  OUT 000050: 00fe 0100 0000 0000                     
CALL seq=20 fn=Method conn=3a03 class=AGXAcceleratorG16G sel=9(0x9) inScalarCnt=0 inStructCnt=104
  IN.struct len=104
  IN 000000: 8000 0000 0000 0000 0100 0100 0100 0000 
  IN 000010: 0101 0001 300c 0000 0000 0000 0000 0000 
  IN 000020: 0000 0000 0000 0000 0000 0000 0000 0000 
  IN 000030: 0000 0000 0000 0000 00c4 4a00 0100 0000 
  IN 000040: 00c0 4a00 0100 0000 0000 0200 0000 0000 
  IN 000050: 0300 0000 0000 0000 0000 0000 1800 0000 
  IN 000060: b8dc 0b9b 0800 0000                     
RET  seq=20 conn=3a03 sel=9(0x9) ret=0x0 outStructCnt=88
  OUT.struct len=88
  OUT 000000: 0084 0100 0001 0000 0000 0000 0000 0000 
  OUT 000010: 0006 4700 0100 0000 0000 0000 0000 0000 
  OUT 000020: 0000 0000 0800 0000 0000 0200 0000 0000 
  OUT 000030: 69bf 4910 1e00 0000 3647 0b00 0000 0000 
  OUT 000040: 0000 0000 0000 0000 0000 0000 0000 0000 
  OUT 000050: 00fc 0100 0000 0000                     
CALL seq=21 fn=Method conn=3a03 class=AGXAcceleratorG16G sel=9(0x9) inScalarCnt=0 inStructCnt=104
  IN.struct len=104
  IN 000000: 8000 0000 0000 0000 0100 0100 0100 0000 
  IN 000010: 0101 0001 300c 0000 0000 0000 0000 0000 
  IN 000020: 0000 0000 0000 0000 0000 0000 0000 0000 
  IN 000030: 0000 0000 0000 0000 00c6 4a00 0100 0000 
  IN 000040: 00c0 4a00 0100 0000 0000 0200 0000 0000 
  IN 000050: 0300 0000 0000 0000 0000 0000 1800 0000 
  IN 000060: b8dc 0b9b 0800 0000                     
RET  seq=21 conn=3a03 sel=9(0x9) ret=0x0 outStructCnt=88
  OUT.struct len=88
  OUT 000000: 0086 0100 0001 0000 0000 0000 0000 0000 
  OUT 000010: c006 4700 0100 0000 0000 0000 0000 0000 
  OUT 000020: 0000 0000 0900 0000 0000 0200 0000 0000 
  OUT 000030: 6abf 4910 1e00 0000 3647 0b00 0000 0000 
  OUT 000040: 0000 0000 0000 0000 0000 0000 0000 0000 
  OUT 000050: 00fa 0100 0000 0000                     
CALL seq=22 fn=Method conn=3a03 class=AGXAcceleratorG16G sel=9(0x9) inScalarCnt=0 inStructCnt=104
  IN.struct len=104
  IN 000000: 8000 0000 0000 0000 0100 0100 0100 0000 
  IN 000010: 0101 0001 300c 0000 0000 0000 0000 0000 
  IN 000020: 0000 0000 0000 0000 0000 0000 0000 0000 
  IN 000030: 0000 0000 0000 0000 00c7 4a00 0100 0000 
  IN 000040: 00c0 4a00 0100 0000 0000 0200 0000 0000 
  IN 000050: 0300 0000 0000 0000 0000 0000 1800 0000 
  IN 000060: 30e5 0b9b 0800 0000                     
RET  seq=22 conn=3a03 sel=9(0x9) ret=0x0 outStructCnt=88
  OUT.struct len=88
  OUT 000000: 0087 0100 0001 0000 0000 0000 0000 0000 
  OUT 000010: 8007 4700 0100 0000 0000 0000 0000 0000 
  OUT 000020: 0000 0000 0a00 0000 0000 0200 0000 0000 
  OUT 000030: 6bbf 4910 1e00 0000 3647 0b00 0000 0000 
  OUT 000040: 0000 0000 0000 0000 0000 0000 0000 0000 
  OUT 000050: 00f9 0100 0000 0000                     
CALL seq=23 fn=Method conn=3a03 class=AGXAcceleratorG16G sel=9(0x9) inScalarCnt=0 inStructCnt=104
  IN.struct len=104
  IN 000000: 8000 0000 0000 0000 0100 0100 0100 0000 
  IN 000010: 0101 0001 300c 0000 0000 0000 0000 0000 
  IN 000020: 0000 0000 0000 0000 0000 0000 0000 0000 
  IN 000030: 0000 0000 0000 0000 00c8 4a00 0100 0000 
  IN 000040: 00c0 4a00 0100 0000 0000 0200 0000 0000 
  IN 000050: 0300 0000 0000 0000 0000 0000 1800 0000 
  IN 000060: 50e8 0b9b 0800 0000                     
RET  seq=23 conn=3a03 sel=9(0x9) ret=0x0 outStructCnt=88
  OUT.struct len=88
  OUT 000000: 0088 0100 0001 0000 0000 0000 0000 0000 
  OUT 000010: 4008 4700 0100 0000 0000 0000 0000 0000 
  OUT 000020: 0000 0000 0b00 0000 0000 0200 0000 0000 
  OUT 000030: 6cbf 4910 1e00 0000 3647 0b00 0000 0000 
  OUT 000040: 0000 0000 0000 0000 0000 0000 0000 0000 
  OUT 000050: 00f8 0100 0000 0000                     
CALL seq=24 fn=Method conn=3a03 class=AGXAcceleratorG16G sel=9(0x9) inScalarCnt=0 inStructCnt=104
  IN.struct len=104
  IN 000000: 8000 0000 0000 0000 0100 0100 0100 0000 
  IN 000010: 0101 0001 300c 0000 0000 0000 0000 0000 
  IN 000020: 0000 0000 0000 0000 0000 0000 0000 0000 
  IN 000030: 0000 0000 0000 0000 00c9 4a00 0100 0000 
  IN 000040: 00c0 4a00 0100 0000 0000 0200 0000 0000 
  IN 000050: 0300 0000 0000 0000 0000 0000 1800 0000 
  IN 000060: 70eb 0b9b 0800 0000                     
RET  seq=24 conn=3a03 sel=9(0x9) ret=0x0 outStructCnt=88
  OUT.struct len=88
  OUT 000000: 0089 0100 0001 0000 0000 0000 0000 0000 
  OUT 000010: 0009 4700 0100 0000 0000 0000 0000 0000 
  OUT 000020: 0000 0000 0c00 0000 0000 0200 0000 0000 
  OUT 000030: 6dbf 4910 1e00 0000 3647 0b00 0000 0000 
  OUT 000040: 0000 0000 0000 0000 0000 0000 0000 0000 
  OUT 000050: 00f7 0100 0000 0000                     
CALL seq=25 fn=Method conn=3a03 class=AGXAcceleratorG16G sel=9(0x9) inScalarCnt=0 inStructCnt=104
  IN.struct len=104
  IN 000000: 8000 0000 0000 0000 0100 0100 0100 0000 
  IN 000010: 0101 0001 300c 0000 0000 0000 0000 0000 
  IN 000020: 0000 0000 0000 0000 0000 0000 0000 0000 
  IN 000030: 0000 0000 0000 0000 00d9 4a00 0100 0000 
  IN 000040: 00c0 4a00 0100 0000 0000 0200 0000 0000 
  IN 000050: 0300 0000 0000 0000 0000 0000 1800 0000 
  IN 000060: 90ee 0b9b 0800 0000                     
RET  seq=25 conn=3a03 sel=9(0x9) ret=0x0 outStructCnt=88
  OUT.struct len=88
  OUT 000000: 0099 0100 0001 0000 0000 0000 0000 0000 
  OUT 000010: c009 4700 0100 0000 0000 0000 0000 0000 
  OUT 000020: 0000 0000 0d00 0000 0000 0200 0000 0000 
  OUT 000030: 6ebf 4910 1e00 0000 3647 0b00 0000 0000 
  OUT 000040: 0000 0000 0000 0000 0000 0000 0000 0000 
  OUT 000050: 00e7 0100 0000 0000                     
CALL seq=26 fn=Method conn=3a03 class=AGXAcceleratorG16G sel=9(0x9) inScalarCnt=0 inStructCnt=104
  IN.struct len=104
  IN 000000: 8000 0000 0000 0000 0100 0100 0100 0000 
  IN 000010: 0101 0001 300c 0000 0000 0000 0000 0000 
  IN 000020: 0000 0000 0000 0000 0000 0000 0000 0000 
  IN 000030: 0000 0000 0000 0000 00da 4a00 0100 0000 
  IN 000040: 00c0 4a00 0100 0000 0000 0200 0000 0000 
  IN 000050: 0300 0000 0000 0000 0000 0000 1800 0000 
  IN 000060: 98f1 0b9b 0800 0000                     
RET  seq=26 conn=3a03 sel=9(0x9) ret=0x0 outStructCnt=88
  OUT.struct len=88
  OUT 000000: 009a 0100 0001 0000 0000 0000 0000 0000 
  OUT 000010: 800a 4700 0100 0000 0000 0000 0000 0000 
  OUT 000020: 0000 0000 0e00 0000 0000 0200 0000 0000 
  OUT 000030: 6fbf 4910 1e00 0000 3647 0b00 0000 0000 
  OUT 000040: 0000 0000 0000 0000 0000 0000 0000 0000 
  OUT 000050: 00e6 0100 0000 0000                     
CALL seq=27 fn=Method conn=3a03 class=AGXAcceleratorG16G sel=9(0x9) inScalarCnt=0 inStructCnt=104
  IN.struct len=104
  IN 000000: 8000 0000 0000 0000 0100 0100 0100 0000 
  IN 000010: 0101 0001 300c 0000 0000 0000 0000 0000 
  IN 000020: 0000 0000 0000 0000 0000 0000 0000 0000 
  IN 000030: 0000 0000 0000 0000 00db 4a00 0100 0000 
  IN 000040: 00c0 4a00 0100 0000 0000 0200 0000 0000 
  IN 000050: 0300 0000 0000 0000 0000 0000 1800 0000 
  IN 000060: a0f4 0b9b 0800 0000                     
RET  seq=27 conn=3a03 sel=9(0x9) ret=0x0 outStructCnt=88
  OUT.struct len=88
  OUT 000000: 009b 0100 0001 0000 0000 0000 0000 0000 
  OUT 000010: 400b 4700 0100 0000 0000 0000 0000 0000 
  OUT 000020: 0000 0000 0f00 0000 0000 0200 0000 0000 
  OUT 000030: 70bf 4910 1e00 0000 3647 0b00 0000 0000 
  OUT 000040: 0000 0000 0000 0000 0000 0000 0000 0000 
  OUT 000050: 00e5 0100 0000 0000                     
CALL seq=28 fn=Method conn=3a03 class=AGXAcceleratorG16G sel=9(0x9) inScalarCnt=0 inStructCnt=104
  IN.struct len=104
  IN 000000: 8000 0000 0000 0000 0100 0100 0100 0000 
  IN 000010: 0101 0001 300c 0000 0000 0000 0000 0000 
  IN 000020: 0000 0000 0000 0000 0000 0000 0000 0000 
  IN 000030: 0000 0000 0000 0000 00dc 4a00 0100 0000 
  IN 000040: 00c0 4a00 0100 0000 0000 0200 0000 0000 
  IN 000050: 0300 0000 0000 0000 0000 0000 1800 0000 
  IN 000060: a8f7 0b9b 0800 0000                     
RET  seq=28 conn=3a03 sel=9(0x9) ret=0x0 outStructCnt=88
  OUT.struct len=88
  OUT 000000: 009c 0100 0001 0000 0000 0000 0000 0000 
  OUT 000010: 000c 4700 0100 0000 0000 0000 0000 0000 
  OUT 000020: 0000 0000 1000 0000 0000 0200 0000 0000 
  OUT 000030: 71bf 4910 1e00 0000 3647 0b00 0000 0000 
  OUT 000040: 0000 0000 0000 0000 0000 0000 0000 0000 
  OUT 000050: 00e4 0100 0000 0000                     
CALL seq=29 fn=Method conn=3a03 class=AGXAcceleratorG16G sel=9(0x9) inScalarCnt=0 inStructCnt=104
  IN.struct len=104
  IN 000000: 8000 0000 0000 0000 0100 0100 0100 0000 
  IN 000010: 0101 0001 300c 0000 0000 0000 0000 0000 
  IN 000020: 0000 0000 0000 0000 0000 0000 0000 0000 
  IN 000030: 0000 0000 0000 0000 00e4 4a00 0100 0000 
  IN 000040: 00c0 4a00 0100 0000 0000 0200 0000 0000 
  IN 000050: 0300 0000 0000 0000 0000 0000 1800 0000 
  IN 000060: b0fa 0b9b 0800 0000                     
RET  seq=29 conn=3a03 sel=9(0x9) ret=0x0 outStructCnt=88
  OUT.struct len=88
  OUT 000000: 00a4 0100 0001 0000 0000 0000 0000 0000 
  OUT 000010: c00c 4700 0100 0000 0000 0000 0000 0000 
  OUT 000020: 0000 0000 1100 0000 0000 0200 0000 0000 
  OUT 000030: 72bf 4910 1e00 0000 3647 0b00 0000 0000 
  OUT 000040: 0000 0000 0000 0000 0000 0000 0000 0000 
  OUT 000050: 00dc 0100 0000 0000                     
CALL seq=30 fn=Method conn=3a03 class=AGXAcceleratorG16G sel=9(0x9) inScalarCnt=0 inStructCnt=104
  IN.struct len=104
  IN 000000: 8000 0000 0000 0000 0100 0100 0100 0000 
  IN 000010: 0101 0001 300c 0000 0000 0000 0000 0000 
  IN 000020: 0000 0000 0000 0000 0000 0000 0000 0000 
  IN 000030: 0000 0000 0000 0000 00e5 4a00 0100 0000 
  IN 000040: 00c0 4a00 0100 0000 0000 0200 0000 0000 
  IN 000050: 0300 0000 0000 0000 0000 0000 1800 0000 
  IN 000060: 88c9 0707 0100 0000                     
RET  seq=30 conn=3a03 sel=9(0x9) ret=0x0 outStructCnt=88
  OUT.struct len=88
  OUT 000000: 00a5 0100 0001 0000 0000 0000 0000 0000 
  OUT 000010: 800d 4700 0100 0000 0000 0000 0000 0000 
  OUT 000020: 0000 0000 1200 0000 0000 0200 0000 0000 
  OUT 000030: 75bf 4910 1e00 0000 3647 0b00 0000 0000 
  OUT 000040: 0000 0000 0000 0000 0000 0000 0000 0000 
  OUT 000050: 00db 0100 0000 0000                     
CALL seq=31 fn=Method conn=3a03 class=AGXAcceleratorG16G sel=9(0x9) inScalarCnt=0 inStructCnt=104
  IN.struct len=104
  IN 000000: 0000 0000 0000 0000 0100 0100 0100 0000 
  IN 000010: 0101 0001 7004 0000 0000 0000 0000 0000 
  IN 000020: 0000 0000 0000 0000 0000 0000 0000 0000 
  IN 000030: 0100 0000 0000 0000 0000 0000 0000 0000 
  IN 000040: 0000 0000 0000 0000 0000 0200 0000 0000 
  IN 000050: 0000 0000 0000 0000 0000 0000 0000 0000 
  IN 000060: 88c9 0707 0100 0000                     
RET  seq=31 conn=3a03 sel=9(0x9) ret=0x0 outStructCnt=88
  OUT.struct len=88
  OUT 000000: 0080 0500 0001 0000 0000 4f00 0100 0000 
  OUT 000010: 400e 4700 0100 0000 0000 0000 0000 0000 
  OUT 000020: 0000 0000 1300 0000 0000 0200 0000 0000 
  OUT 000030: 76bf 4910 1e00 0000 3b47 0b00 0000 0000 
  OUT 000040: 0000 0000 0000 0000 0000 0000 0000 0000 
  OUT 000050: 0000 0200 0000 0000                     
CALL seq=32 fn=Method conn=3a03 class=AGXAcceleratorG16G sel=9(0x9) inScalarCnt=0 inStructCnt=104
  IN.struct len=104
  IN 000000: 8000 0000 0000 0000 0100 0100 0100 0000 
  IN 000010: 0101 0001 300c 0000 0000 0000 0000 0000 
  IN 000020: 0000 0000 0000 0000 0000 0000 0000 0000 
  IN 000030: 0000 0000 0000 0000 0000 4f00 0100 0000 
  IN 000040: 0000 4f00 0100 0000 0000 0200 0000 0000 
  IN 000050: 1300 0000 0000 0000 0000 0000 1800 0000 
  IN 000060: 88c9 0707 0100 0000                     
RET  seq=32 conn=3a03 sel=9(0x9) ret=0x0 outStructCnt=88
  OUT.struct len=88
  OUT 000000: 0080 0500 0001 0000 0000 0000 0000 0000 
  OUT 000010: 000f 4700 0100 0000 0000 0000 0000 0000 
  OUT 000020: 0000 0000 1400 0000 0000 0200 0000 0000 
  OUT 000030: 77bf 4910 1e00 0000 3b47 0b00 0000 0000 
  OUT 000040: 0000 0000 0000 0000 0000 0000 0000 0000 
  OUT 000050: 0000 0200 0000 0000                     
CALL seq=33 fn=Method conn=3a03 class=AGXAcceleratorG16G sel=9(0x9) inScalarCnt=0 inStructCnt=104
  IN.struct len=104
  IN 000000: 8000 0000 0000 0000 0400 0400 0100 0000 
  IN 000010: 0101 0004 300c 0000 0000 0000 0000 0000 
  IN 000020: 0000 0000 0000 0000 0000 0000 0000 0000 
  IN 000030: 0000 0000 0000 0000 0005 4b00 0100 0000 
  IN 000040: 00c0 4a00 0100 0000 0000 0200 0000 0000 
  IN 000050: 0300 0000 0000 0000 008f 8880 0100 0000 
  IN 000060: 0000 0000 0000 0000                     
RET  seq=33 conn=3a03 sel=9(0x9) ret=0x0 outStructCnt=88
  OUT.struct len=88
  OUT 000000: 00c5 0100 0001 0000 0000 0000 0000 0000 
  OUT 000010: c00f 4700 0100 0000 0000 0000 0000 0000 
  OUT 000020: 0000 0000 1500 0000 0000 0200 0000 0000 
  OUT 000030: 78bf 4910 1e00 0000 3647 0b00 0000 0000 
  OUT 000040: 0000 0000 0000 0000 0000 0000 0000 0000 
  OUT 000050: 00bb 0100 0000 0000                     
CALL seq=34 fn=Struct conn=3a03 class=AGXAcceleratorG16G sel=6(0x6) inScalarCnt=0 inStructCnt=0
RET  seq=34 conn=3a03 sel=6(0x6) ret=0x0 outStructCnt=16
  OUT.struct len=16
  OUT 000000: 79bf 4910 1e00 0000 79bf 4911 1e00 0000 
CALL seq=35 fn=Method conn=3a03 class=AGXAcceleratorG16G sel=14(0xe) inScalarCnt=2 inStructCnt=0 inScalars=[0x4000,0x0]
RET  seq=35 conn=3a03 sel=14(0xe) ret=0x0 outStructCnt=16
  OUT.struct len=16
  OUT 000000: 0000 5100 0100 0000 0040 0000 0100 0000 
CALL seq=36 fn=Method conn=3a03 class=AGXAcceleratorG16G sel=14(0xe) inScalarCnt=2 inStructCnt=0 inScalars=[0x4000,0x1]
RET  seq=36 conn=3a03 sel=14(0xe) ret=0x0 outStructCnt=16
  OUT.struct len=16
  OUT 000000: 0040 5100 0100 0000 0040 0000 0200 0000 
CALL seq=37 fn=Method conn=3a03 class=AGXAcceleratorG16G sel=9(0x9) inScalarCnt=0 inStructCnt=104
  IN.struct len=104
  IN 000000: 0000 0000 0000 0000 0100 0100 0100 0000 
  IN 000010: 0101 0001 3004 0000 0000 0000 0000 0000 
  IN 000020: 0000 0000 0000 0000 0000 0000 0000 0000 
  IN 000030: 0000 0000 0000 0000 0000 0000 0000 0000 
  IN 000040: 0000 0000 0000 0000 0040 0700 0000 0000 
  IN 000050: 0000 0000 0000 0000 0000 0008 1800 0000 
  IN 000060: 0000 0000 0000 0000                     
RET  seq=37 conn=3a03 sel=9(0x9) ret=0x0 outStructCnt=88
  OUT.struct len=88
  OUT 000000: 0000 0800 0001 0000 0080 5100 0100 0000 
  OUT 000010: 8010 4700 0100 0000 0000 0000 0000 0000 
  OUT 000020: 0000 0000 1600 0000 0040 0700 0000 0000 
  OUT 000030: 79bf 4911 1e00 0000 3c47 0b00 0000 0000 
  OUT 000040: 0000 0000 0000 0000 0000 0000 0000 0000 
  OUT 000050: 0040 0700 0000 0000                     
CALL seq=38 fn=Method conn=3a03 class=AGXAcceleratorG16G sel=9(0x9) inScalarCnt=0 inStructCnt=104
  IN.struct len=104
  IN 000000: 0000 0000 0000 0000 0080 0100 0100 0000 
  IN 000010: 0101 0001 30c4 0000 0000 0000 0000 0000 
  IN 000020: 0000 0000 0000 0000 0000 0000 0000 0000 
  IN 000030: 0000 0000 0000 0000 0000 0000 0000 0000 
  IN 000040: 0000 0000 0000 0000 0080 0000 0000 0000 
  IN 000050: 0000 0000 0000 0000 0000 0038 0000 0000 
  IN 000060: 0000 0000 0000 0000                     
RET  seq=38 conn=3a03 sel=9(0x9) ret=0x0 outStructCnt=88
  OUT.struct len=88
  OUT 000000: 0080 0100 0000 0000 00c0 5800 0100 0000 
  OUT 000010: 4011 4700 0100 0000 0000 0000 0000 0000 
  OUT 000020: 0000 0000 1700 0000 0080 0000 0000 0000 
  OUT 000030: 7abf 4911 1e00 0000 3d47 0b00 0000 0000 
  OUT 000040: 0000 0000 0000 0000 0000 0000 0000 0000 
  OUT 000050: 0080 0000 0000 0000                     
CALL seq=39 fn=Method conn=3a03 class=AGXAcceleratorG16G sel=9(0x9) inScalarCnt=0 inStructCnt=104
  IN.struct len=104
  IN 000000: 0000 0000 0000 0000 0080 0100 0100 0000 
  IN 000010: 0101 0001 30c4 0000 0000 0000 0000 0000 
  IN 000020: 0000 0000 0000 0000 0000 0000 0000 0000 
  IN 000030: 0000 0000 0000 0000 0000 0000 0000 0000 
  IN 000040: 0000 0000 0000 0000 0080 0000 0000 0000 
  IN 000050: 0000 0000 0000 0000 0000 0038 0000 0000 
  IN 000060: 0000 0000 0000 0000                     
RET  seq=39 conn=3a03 sel=9(0x9) ret=0x0 outStructCnt=88
  OUT.struct len=88
  OUT 000000: 0080 0200 0000 0000 0040 5900 0100 0000 
  OUT 000010: 0012 4700 0100 0000 0000 0000 0000 0000 
  OUT 000020: 0000 0000 1800 0000 0080 0000 0000 0000 
  OUT 000030: 7bbf 4911 1e00 0000 3e47 0b00 0000 0000 
  OUT 000040: 0000 0000 0000 0000 0000 0000 0000 0000 
  OUT 000050: 0080 0000 0000 0000                     
CALL seq=40 fn=Method conn=3a03 class=AGXAcceleratorG16G sel=9(0x9) inScalarCnt=0 inStructCnt=104
  IN.struct len=104
  IN 000000: 0000 0000 0000 0000 0080 0100 0100 0000 
  IN 000010: 0101 0001 30c4 0000 0000 0000 0000 0000 
  IN 000020: 0000 0000 0000 0000 0000 0000 0000 0000 
  IN 000030: 0000 0000 0000 0000 0000 0000 0000 0000 
  IN 000040: 0000 0000 0000 0000 0080 0000 0000 0000 
  IN 000050: 0000 0000 0000 0000 0000 0038 0000 0000 
  IN 000060: 0000 0000 0000 0000                     
RET  seq=40 conn=3a03 sel=9(0x9) ret=0x0 outStructCnt=88
  OUT.struct len=88
  OUT 000000: 0080 0300 0000 0000 00c0 5900 0100 0000 
  OUT 000010: c012 4700 0100 0000 0000 0000 0000 0000 
  OUT 000020: 0000 0000 1900 0000 0080 0000 0000 0000 
  OUT 000030: 7ebf 4911 1e00 0000 3f47 0b00 0000 0000 
  OUT 000040: 0000 0000 0000 0000 0000 0000 0000 0000 
  OUT 000050: 0080 0000 0000 0000                     
CALL seq=41 fn=Method conn=3a03 class=AGXAcceleratorG16G sel=9(0x9) inScalarCnt=0 inStructCnt=104
  IN.struct len=104
  IN 000000: 0000 0000 0000 0000 0080 0100 0100 0000 
  IN 000010: 0101 0001 3044 0000 0000 0000 0000 0000 
  IN 000020: 0000 0000 0000 0000 0000 0000 0000 0000 
  IN 000030: 0000 0000 0000 0000 0000 0000 0000 0000 
  IN 000040: 0000 0000 0000 0000 0080 0000 0000 0000 
  IN 000050: 0000 0000 0000 0000 0000 0008 4800 0000 
  IN 000060: 0000 0000 0000 0000                     
RET  seq=41 conn=3a03 sel=9(0x9) ret=0x0 outStructCnt=88
  OUT.struct len=88
  OUT 000000: 0080 0f00 0001 0000 0040 5a00 0100 0000 
  OUT 000010: 8013 4700 0100 0000 0000 0000 0000 0000 
  OUT 000020: 0000 0000 1a00 0000 0080 0000 0000 0000 
  OUT 000030: 7fbf 4911 1e00 0000 4047 0b00 0000 0000 
  OUT 000040: 0000 0000 0000 0000 0000 0000 0000 0000 
  OUT 000050: 0080 0000 0000 0000                     
CALL seq=42 fn=Method conn=3a03 class=AGXAcceleratorG16G sel=9(0x9) inScalarCnt=0 inStructCnt=104
  IN.struct len=104
  IN 000000: 0000 0000 0000 0000 0080 0100 0100 0000 
  IN 000010: 0101 0001 3044 0000 0000 0000 0000 0000 
  IN 000020: 0000 0000 0000 0000 0000 0000 0000 0000 
  IN 000030: 0000 0000 0000 0000 0000 0000 0000 0000 
  IN 000040: 0000 0000 0000 0000 0080 0000 0000 0000 
  IN 000050: 0000 0000 0000 0000 0000 0008 0000 0000 
  IN 000060: 0000 0000 0000 0000                     
RET  seq=42 conn=3a03 sel=9(0x9) ret=0x0 outStructCnt=88
  OUT.struct len=88
  OUT 000000: 0080 1000 0001 0000 00c0 5a00 0100 0000 
  OUT 000010: 4014 4700 0100 0000 0000 0000 0000 0000 
  OUT 000020: 0000 0000 1b00 0000 0080 0000 0000 0000 
  OUT 000030: 80bf 4911 1e00 0000 4147 0b00 0000 0000 
  OUT 000040: 0000 0000 0000 0000 0000 0000 0000 0000 
  OUT 000050: 0080 0000 0000 0000                     
CALL seq=43 fn=Method conn=3a03 class=AGXAcceleratorG16G sel=9(0x9) inScalarCnt=0 inStructCnt=104
  IN.struct len=104
  IN 000000: 0000 0000 0000 0000 0080 0100 0100 0000 
  IN 000010: 0101 0001 3044 0000 0000 0000 0000 0000 
  IN 000020: 0000 0000 0000 0000 0000 0000 0000 0000 
  IN 000030: 0000 0000 0000 0000 0000 0000 0000 0000 
  IN 000040: 0000 0000 0000 0000 0080 0000 0000 0000 
  IN 000050: 0000 0000 0000 0000 0000 0018 0000 0000 
  IN 000060: 0000 0000 0000 0000                     
RET  seq=43 conn=3a03 sel=9(0x9) ret=0x0 outStructCnt=88
  OUT.struct len=88
  OUT 000000: 0080 1100 0001 0000 0040 5b00 0100 0000 
  OUT 000010: 0015 4700 0100 0000 0000 0000 0000 0000 
  OUT 000020: 0000 0000 1c00 0000 0080 0000 0000 0000 
  OUT 000030: 81bf 4911 1e00 0000 4247 0b00 0000 0000 
  OUT 000040: 0000 0000 0000 0000 0000 0000 0000 0000 
  OUT 000050: 0080 0000 0000 0000                     
CALL seq=44 fn=Method conn=3a03 class=AGXAcceleratorG16G sel=9(0x9) inScalarCnt=0 inStructCnt=104
  IN.struct len=104
  IN 000000: 0000 0000 0000 0000 0080 0100 0100 0000 
  IN 000010: 0101 0001 3044 0000 0000 0000 0000 0000 
  IN 000020: 0000 0000 0000 0000 0000 0000 0000 0000 
  IN 000030: 0000 0000 0000 0000 0000 0000 0000 0000 
  IN 000040: 0000 0000 0000 0000 0080 0000 0000 0000 
  IN 000050: 0000 0000 0000 0000 0000 0018 0000 0000 
  IN 000060: 0000 0000 0000 0000                     
RET  seq=44 conn=3a03 sel=9(0x9) ret=0x0 outStructCnt=88
  OUT.struct len=88
  OUT 000000: 0080 1200 0001 0000 00c0 5b00 0100 0000 
  OUT 000010: c015 4700 0100 0000 0000 0000 0000 0000 
  OUT 000020: 0000 0000 1d00 0000 0080 0000 0000 0000 
  OUT 000030: 82bf 4911 1e00 0000 4347 0b00 0000 0000 
  OUT 000040: 0000 0000 0000 0000 0000 0000 0000 0000 
  OUT 000050: 0080 0000 0000 0000                     
CALL seq=45 fn=Method conn=3a03 class=AGXAcceleratorG16G sel=9(0x9) inScalarCnt=0 inStructCnt=104
  IN.struct len=104
  IN 000000: 0000 0000 0000 0000 0000 0100 0100 0000 
  IN 000010: 0101 0001 3044 0000 0000 0000 0000 0000 
  IN 000020: 0000 0000 0000 0000 0000 0000 0000 0000 
  IN 000030: 0000 0000 0000 0000 0000 0000 0000 0000 
  IN 000040: 0000 0000 0000 0000 0000 1000 0000 0000 
  IN 000050: 0000 0000 0000 0000 0000 0018 0000 0000 
  IN 000060: 0000 0000 0000 0000                     
RET  seq=45 conn=3a03 sel=9(0x9) ret=0x0 outStructCnt=88
  OUT.struct len=88
  OUT 000000: 0080 1300 0001 0000 0040 5c00 0100 0000 
  OUT 000010: 8016 4700 0100 0000 0000 0000 0000 0000 
  OUT 000020: 0000 0000 1e00 0000 0000 1000 0000 0000 
  OUT 000030: 83bf 4911 1e00 0000 4447 0b00 0000 0000 
  OUT 000040: 0000 0000 0000 0000 0000 0000 0000 0000 
  OUT 000050: 0000 1000 0000 0000                     
CALL seq=46 fn=Method conn=3a03 class=AGXAcceleratorG16G sel=9(0x9) inScalarCnt=0 inStructCnt=104
  IN.struct len=104
  IN 000000: 0000 0000 0000 0000 0080 0100 0100 0000 
  IN 000010: 0101 0001 30c4 0000 0000 0000 0000 0000 
  IN 000020: 0000 0000 0000 0000 0000 0000 0000 0000 
  IN 000030: 0000 0000 0000 0000 0000 0000 0000 0000 
  IN 000040: 0000 0000 0000 0000 0080 0000 0000 0000 
  IN 000050: 0000 0000 0000 0000 0000 0038 0000 0000 
  IN 000060: 0000 0000 0000 0000                     
RET  seq=46 conn=3a03 sel=9(0x9) ret=0x0 outStructCnt=88
  OUT.struct len=88
  OUT 000000: 0080 0400 0000 0000 0040 6c00 0100 0000 
  OUT 000010: 4017 4700 0100 0000 0000 0000 0000 0000 
  OUT 000020: 0000 0000 1f00 0000 0080 0000 0000 0000 
  OUT 000030: 84bf 4911 1e00 0000 4547 0b00 0000 0000 
  OUT 000040: 0000 0000 0000 0000 0000 0000 0000 0000 
  OUT 000050: 0080 0000 0000 0000                     
CALL seq=47 fn=Method conn=3a03 class=AGXAcceleratorG16G sel=9(0x9) inScalarCnt=0 inStructCnt=104
  IN.struct len=104
  IN 000000: 0000 0000 0000 0000 0080 0100 0100 0000 
  IN 000010: 0101 0001 3044 0000 0000 0000 0000 0000 
  IN 000020: 0000 0000 0000 0000 0000 0000 0000 0000 
  IN 000030: 0000 0000 0000 0000 0000 0000 0000 0000 
  IN 000040: 0000 0000 0000 0000 0080 0000 0000 0000 
  IN 000050: 0000 0000 0000 0000 0000 0018 0000 0000 
  IN 000060: 0000 0000 0000 0000                     
RET  seq=47 conn=3a03 sel=9(0x9) ret=0x0 outStructCnt=88
  OUT.struct len=88
  OUT 000000: 0000 2400 0001 0000 00c0 6c00 0100 0000 
  OUT 000010: 0018 4700 0100 0000 0000 0000 0000 0000 
  OUT 000020: 0000 0000 2000 0000 0080 0000 0000 0000 
  OUT 000030: 85bf 4911 1e00 0000 4647 0b00 0000 0000 
  OUT 000040: 0000 0000 0000 0000 0000 0000 0000 0000 
  OUT 000050: 0080 0000 0000 0000                     
CALL seq=48 fn=Method conn=3a03 class=AGXAcceleratorG16G sel=9(0x9) inScalarCnt=0 inStructCnt=104
  IN.struct len=104
  IN 000000: 0000 0000 0000 0000 0080 0100 0100 0000 
  IN 000010: 0101 0001 3044 0000 0000 0000 0000 0000 
  IN 000020: 0000 0000 0000 0000 0000 0000 0000 0000 
  IN 000030: 0000 0000 0000 0000 0000 0000 0000 0000 
  IN 000040: 0000 0000 0000 0000 0080 0000 0000 0000 
  IN 000050: 0000 0000 0000 0000 0000 0008 0000 0000 
  IN 000060: 0000 0000 0000 0000                     
RET  seq=48 conn=3a03 sel=9(0x9) ret=0x0 outStructCnt=88
  OUT.struct len=88
  OUT 000000: 0000 2500 0001 0000 0040 6d00 0100 0000 
  OUT 000010: c018 4700 0100 0000 0000 0000 0000 0000 
  OUT 000020: 0000 0000 2100 0000 0080 0000 0000 0000 
  OUT 000030: 86bf 4911 1e00 0000 4747 0b00 0000 0000 
  OUT 000040: 0000 0000 0000 0000 0000 0000 0000 0000 
  OUT 000050: 0080 0000 0000 0000                     
CALL seq=49 fn=Method conn=3a03 class=AGXAcceleratorG16G sel=9(0x9) inScalarCnt=0 inStructCnt=104
  IN.struct len=104
  IN 000000: 0000 0000 0000 0000 0080 0100 0100 0000 
  IN 000010: 0101 0001 3044 0000 0000 0000 0000 0000 
  IN 000020: 0000 0000 0000 0000 0000 0000 0000 0000 
  IN 000030: 0000 0000 0000 0000 0000 0000 0000 0000 
  IN 000040: 0000 0000 0000 0000 0080 0000 0000 0000 
  IN 000050: 0000 0000 0000 0000 0000 0008 0000 0000 
  IN 000060: 0000 0000 0000 0000                     
RET  seq=49 conn=3a03 sel=9(0x9) ret=0x0 outStructCnt=88
  OUT.struct len=88
  OUT 000000: 0000 2600 0001 0000 00c0 6d00 0100 0000 
  OUT 000010: 8019 4700 0100 0000 0000 0000 0000 0000 
  OUT 000020: 0000 0000 2200 0000 0080 0000 0000 0000 
  OUT 000030: 87bf 4911 1e00 0000 4847 0b00 0000 0000 
  OUT 000040: 0000 0000 0000 0000 0000 0000 0000 0000 
  OUT 000050: 0080 0000 0000 0000                     
CALL seq=50 fn=Method conn=3a03 class=AGXAcceleratorG16G sel=9(0x9) inScalarCnt=0 inStructCnt=104
  IN.struct len=104
  IN 000000: 0000 0000 0000 0000 0080 0100 0100 0000 
  IN 000010: 0101 0001 3044 0000 0000 0000 0000 0000 
  IN 000020: 0000 0000 0000 0000 0000 0000 0000 0000 
  IN 000030: 0000 0000 0000 0000 0000 0000 0000 0000 
  IN 000040: 0000 0000 0000 0000 0080 0000 0000 0000 
  IN 000050: 0000 0000 0000 0000 0000 0008 0000 0000 
  IN 000060: 0000 0000 0000 0000                     
RET  seq=50 conn=3a03 sel=9(0x9) ret=0x0 outStructCnt=88
  OUT.struct len=88
  OUT 000000: 0000 2700 0001 0000 0040 6e00 0100 0000 
  OUT 000010: 401a 4700 0100 0000 0000 0000 0000 0000 
  OUT 000020: 0000 0000 2300 0000 0080 0000 0000 0000 
  OUT 000030: 88bf 4911 1e00 0000 4947 0b00 0000 0000 
  OUT 000040: 0000 0000 0000 0000 0000 0000 0000 0000 
  OUT 000050: 0080 0000 0000 0000                     
CALL seq=51 fn=Method conn=3a03 class=AGXAcceleratorG16G sel=9(0x9) inScalarCnt=0 inStructCnt=104
  IN.struct len=104
  IN 000000: 0000 0000 0000 0000 0080 0100 0100 0000 
  IN 000010: 0101 0001 3044 0000 0000 0000 0000 0000 
  IN 000020: 0000 0000 0000 0000 0000 0000 0000 0000 
  IN 000030: 0000 0000 0000 0000 0000 0000 0000 0000 
  IN 000040: 0000 0000 0000 0000 0080 0000 0000 0000 
  IN 000050: 0000 0000 0000 0000 0000 0008 0000 0000 
  IN 000060: 0000 0000 0000 0000                     
RET  seq=51 conn=3a03 sel=9(0x9) ret=0x0 outStructCnt=88
  OUT.struct len=88
  OUT 000000: 0000 2800 0001 0000 00c0 6e00 0100 0000 
  OUT 000010: 001b 4700 0100 0000 0000 0000 0000 0000 
  OUT 000020: 0000 0000 2400 0000 0080 0000 0000 0000 
  OUT 000030: 89bf 4911 1e00 0000 4a47 0b00 0000 0000 
  OUT 000040: 0000 0000 0000 0000 0000 0000 0000 0000 
  OUT 000050: 0080 0000 0000 0000                     
CALL seq=52 fn=Method conn=3a03 class=AGXAcceleratorG16G sel=9(0x9) inScalarCnt=0 inStructCnt=104
  IN.struct len=104
  IN 000000: 0000 0000 0000 0000 0080 0100 0100 0000 
  IN 000010: 0101 0001 30c4 0000 0000 0000 0000 0000 
  IN 000020: 0000 0000 0000 0000 0000 0000 0000 0000 
  IN 000030: 0000 0000 0000 0000 0000 0000 0000 0000 
  IN 000040: 0000 0000 0000 0000 0080 0000 0000 0000 
  IN 000050: 0000 0000 0000 0000 0000 0048 0000 0000 
  IN 000060: 0000 0000 0000 0000                     
RET  seq=52 conn=3a03 sel=9(0x9) ret=0x0 outStructCnt=88
  OUT.struct len=88
  OUT 000000: 0080 0500 0000 0000 0040 6f00 0100 0000 
  OUT 000010: c01b 4700 0100 0000 0000 0000 0000 0000 
  OUT 000020: 0000 0000 2500 0000 0080 0000 0000 0000 
  OUT 000030: 8abf 4911 1e00 0000 4b47 0b00 0000 0000 
  OUT 000040: 0000 0000 0000 0000 0000 0000 0000 0000 
  OUT 000050: 0080 0000 0000 0000                     
CALL seq=53 fn=Method conn=3a03 class=AGXAcceleratorG16G sel=9(0x9) inScalarCnt=0 inStructCnt=104
  IN.struct len=104
  IN 000000: 0000 0000 0000 0000 e088 0100 0100 0000 
  IN 000010: 0101 0001 30c4 0000 0000 0000 0000 0000 
  IN 000020: 0000 0000 0000 0000 0000 0000 0000 0000 
  IN 000030: 0000 0000 0000 0000 0000 0000 0000 0000 
  IN 000040: 0000 0000 0000 0000 e088 0000 0000 0000 
  IN 000050: 0000 0000 0000 0000 0000 0048 0000 0000 
  IN 000060: 0000 0000 0000 0000                     
RET  seq=53 conn=3a03 sel=9(0x9) ret=0x0 outStructCnt=88
  OUT.struct len=88
  OUT 000000: 0080 0600 0000 0000 00c0 6f00 0100 0000 
  OUT 000010: 801c 4700 0100 0000 0000 0000 0000 0000 
  OUT 000020: 0000 0000 2600 0000 00c0 0000 0000 0000 
  OUT 000030: 8bbf 4911 1e00 0000 4c47 0b00 0000 0000 
  OUT 000040: 0000 0000 0000 0000 0000 0000 0000 0000 
  OUT 000050: 00c0 0000 0000 0000                     
CALL seq=54 fn=Method conn=3a03 class=AGXAcceleratorG16G sel=9(0x9) inScalarCnt=0 inStructCnt=104
  IN.struct len=104
  IN 000000: 0000 0000 0000 0000 0000 0100 0100 0000 
  IN 000010: 0101 0001 3044 0000 0000 0000 0000 0000 
  IN 000020: 0000 0000 0000 0000 0000 0000 0000 0000 
  IN 000030: 0000 0000 0000 0000 0000 0000 0000 0000 
  IN 000040: 0000 0000 0000 0000 0000 0c00 0000 0000 
  IN 000050: 0000 0000 0000 0000 0000 0008 0000 0000 
  IN 000060: 0000 0000 0000 0000                     
RET  seq=54 conn=3a03 sel=9(0x9) ret=0x0 outStructCnt=88
  OUT.struct len=88
  OUT 000000: 0000 2900 0001 0000 0000 b705 0100 0000 
  OUT 000010: 401d 4700 0100 0000 0000 0000 0000 0000 
  OUT 000020: 0000 0000 2700 0000 0000 0c00 0000 0000 
  OUT 000030: 8cbf 4911 1e00 0000 4d47 0b00 0000 0000 
  OUT 000040: 0000 0000 0000 0000 0000 0000 0000 0000 
  OUT 000050: 0000 0c00 0000 0000                     
CALL seq=55 fn=Method conn=1c03 class=IOSurfaceRoot sel=32(0x20) inScalarCnt=0 inStructCnt=0
RET  seq=55 conn=1c03 sel=32(0x20) ret=0x0 outScalars=[0x100374000]
BODUMP begin reason=sigusr1 n_bo=37
BODUMP handle=0 gpu_va=0x10000000000 cpu=0x100484000 size=0x10000 read=0x10000 -> dumps_smoke_splice_wrong_field/bo_sigusr1_h0_va10000000000_cpu100484000_sz10000.hex
BODUMP handle=0 gpu_va=0x6f00000000 cpu=0x100494000 size=0x3800 read=0x3800 -> dumps_smoke_splice_wrong_field/bo_sigusr1_h0_va6f00000000_cpu100494000_sz3800.hex
BODUMP handle=0 gpu_va=0x10000018000 cpu=0x1004ac000 size=0x20000 read=0x20000 -> dumps_smoke_splice_wrong_field/bo_sigusr1_h0_va10000018000_cpu1004ac000_sz20000.hex
BODUMP handle=0 gpu_va=0x10000040000 cpu=0x1004cc000 size=0x10000 read=0x10000 -> dumps_smoke_splice_wrong_field/bo_sigusr1_h0_va10000040000_cpu1004cc000_sz10000.hex
BODUMP handle=0 gpu_va=0x0 cpu=0x1004dc000 size=0x10000 read=0x10000 -> dumps_smoke_splice_wrong_field/bo_sigusr1_h0_va0_cpu1004dc000_sz10000.hex
BODUMP handle=0 gpu_va=0x10000018200 cpu=0x1004ac200 size=0x20000 read=0x20000 -> dumps_smoke_splice_wrong_field/bo_sigusr1_h0_va10000018200_cpu1004ac200_sz20000.hex
BODUMP handle=0 gpu_va=0x10000018400 cpu=0x1004ac400 size=0x20000 read=0x20000 -> dumps_smoke_splice_wrong_field/bo_sigusr1_h0_va10000018400_cpu1004ac400_sz20000.hex
BODUMP handle=0 gpu_va=0x10000018600 cpu=0x1004ac600 size=0x20000 read=0x20000 -> dumps_smoke_splice_wrong_field/bo_sigusr1_h0_va10000018600_cpu1004ac600_sz20000.hex
BODUMP handle=0 gpu_va=0x10000018700 cpu=0x1004ac700 size=0x20000 read=0x20000 -> dumps_smoke_splice_wrong_field/bo_sigusr1_h0_va10000018700_cpu1004ac700_sz20000.hex
BODUMP handle=0 gpu_va=0x10000018800 cpu=0x1004ac800 size=0x20000 read=0x20000 -> dumps_smoke_splice_wrong_field/bo_sigusr1_h0_va10000018800_cpu1004ac800_sz20000.hex
BODUMP handle=0 gpu_va=0x10000018900 cpu=0x1004ac900 size=0x20000 read=0x20000 -> dumps_smoke_splice_wrong_field/bo_sigusr1_h0_va10000018900_cpu1004ac900_sz20000.hex
BODUMP handle=0 gpu_va=0x10000019900 cpu=0x1004ad900 size=0x20000 read=0x20000 -> dumps_smoke_splice_wrong_field/bo_sigusr1_h0_va10000019900_cpu1004ad900_sz20000.hex
BODUMP handle=0 gpu_va=0x10000019a00 cpu=0x1004ada00 size=0x20000 read=0x20000 -> dumps_smoke_splice_wrong_field/bo_sigusr1_h0_va10000019a00_cpu1004ada00_sz20000.hex
BODUMP handle=0 gpu_va=0x10000019b00 cpu=0x1004adb00 size=0x20000 read=0x20000 -> dumps_smoke_splice_wrong_field/bo_sigusr1_h0_va10000019b00_cpu1004adb00_sz20000.hex
BODUMP handle=0 gpu_va=0x10000019c00 cpu=0x1004adc00 size=0x20000 read=0x20000 -> dumps_smoke_splice_wrong_field/bo_sigusr1_h0_va10000019c00_cpu1004adc00_sz20000.hex
BODUMP handle=0 gpu_va=0x1000001a400 cpu=0x1004ae400 size=0x20000 read=0x20000 -> dumps_smoke_splice_wrong_field/bo_sigusr1_h0_va1000001a400_cpu1004ae400_sz20000.hex
BODUMP handle=0 gpu_va=0x1000001a500 cpu=0x1004ae500 size=0x20000 read=0x20000 -> dumps_smoke_splice_wrong_field/bo_sigusr1_h0_va1000001a500_cpu1004ae500_sz20000.hex
BODUMP handle=0 gpu_va=0x10000058000 cpu=0x1004f0000 size=0x20000 read=0x20000 -> dumps_smoke_splice_wrong_field/bo_sigusr1_h0_va10000058000_cpu1004f0000_sz20000.hex
BODUMP handle=0 gpu_va=0x1000001c500 cpu=0x1004b0500 size=0x20000 read=0x20000 -> dumps_smoke_splice_wrong_field/bo_sigusr1_h0_va1000001c500_cpu1004b0500_sz20000.hex
BODUMP handle=0 gpu_va=0x10000080000 cpu=0x100518000 size=0x74000 read=0x74000 -> dumps_smoke_splice_wrong_field/bo_sigusr1_h0_va10000080000_cpu100518000_sz74000.hex
BODUMP handle=0 gpu_va=0x18000 cpu=0x10058c000 size=0x8000 read=0x8000 -> dumps_smoke_splice_wrong_field/bo_sigusr1_h0_va18000_cpu10058c000_sz8000.hex
BODUMP handle=0 gpu_va=0x28000 cpu=0x100594000 size=0x8000 read=0x8000 -> dumps_smoke_splice_wrong_field/bo_sigusr1_h0_va28000_cpu100594000_sz8000.hex
BODUMP handle=0 gpu_va=0x38000 cpu=0x10059c000 size=0x8000 read=0x8000 -> dumps_smoke_splice_wrong_field/bo_sigusr1_h0_va38000_cpu10059c000_sz8000.hex
BODUMP handle=0 gpu_va=0x100000f8000 cpu=0x1005a4000 size=0x8000 read=0x8000 -> dumps_smoke_splice_wrong_field/bo_sigusr1_h0_va100000f8000_cpu1005a4000_sz8000.hex
BODUMP handle=0 gpu_va=0x10000108000 cpu=0x1005ac000 size=0x8000 read=0x8000 -> dumps_smoke_splice_wrong_field/bo_sigusr1_h0_va10000108000_cpu1005ac000_sz8000.hex
BODUMP handle=0 gpu_va=0x10000118000 cpu=0x1005b4000 size=0x8000 read=0x8000 -> dumps_smoke_splice_wrong_field/bo_sigusr1_h0_va10000118000_cpu1005b4000_sz8000.hex
BODUMP handle=0 gpu_va=0x10000128000 cpu=0x1005bc000 size=0x8000 read=0x8000 -> dumps_smoke_splice_wrong_field/bo_sigusr1_h0_va10000128000_cpu1005bc000_sz8000.hex
BODUMP handle=0 gpu_va=0x10000138000 cpu=0x1005c4000 size=0x100000 read=0x100000 -> dumps_smoke_splice_wrong_field/bo_sigusr1_h0_va10000138000_cpu1005c4000_sz100000.hex
BODUMP handle=0 gpu_va=0x48000 cpu=0x1006c4000 size=0x8000 read=0x8000 -> dumps_smoke_splice_wrong_field/bo_sigusr1_h0_va48000_cpu1006c4000_sz8000.hex
BODUMP handle=0 gpu_va=0x10000240000 cpu=0x1006cc000 size=0x8000 read=0x8000 -> dumps_smoke_splice_wrong_field/bo_sigusr1_h0_va10000240000_cpu1006cc000_sz8000.hex
BODUMP handle=0 gpu_va=0x10000250000 cpu=0x1006d4000 size=0x8000 read=0x8000 -> dumps_smoke_splice_wrong_field/bo_sigusr1_h0_va10000250000_cpu1006d4000_sz8000.hex
BODUMP handle=0 gpu_va=0x10000260000 cpu=0x1006dc000 size=0x8000 read=0x8000 -> dumps_smoke_splice_wrong_field/bo_sigusr1_h0_va10000260000_cpu1006dc000_sz8000.hex
BODUMP handle=0 gpu_va=0x10000270000 cpu=0x1006e4000 size=0x8000 read=0x8000 -> dumps_smoke_splice_wrong_field/bo_sigusr1_h0_va10000270000_cpu1006e4000_sz8000.hex
BODUMP handle=0 gpu_va=0x10000280000 cpu=0x1006ec000 size=0x8000 read=0x8000 -> dumps_smoke_splice_wrong_field/bo_sigusr1_h0_va10000280000_cpu1006ec000_sz8000.hex
BODUMP handle=0 gpu_va=0x58000 cpu=0x1006f4000 size=0x8000 read=0x8000 -> dumps_smoke_splice_wrong_field/bo_sigusr1_h0_va58000_cpu1006f4000_sz8000.hex
BODUMP handle=0 gpu_va=0x68000 cpu=0x1006fc000 size=0x88e0 read=0x88e0 -> dumps_smoke_splice_wrong_field/bo_sigusr1_h0_va68000_cpu1006fc000_sz88e0.hex
BODUMP handle=0 gpu_va=0x10000290000 cpu=0x105b70000 size=0xc0000 read=0xc0000 -> dumps_smoke_splice_wrong_field/bo_sigusr1_h0_va10000290000_cpu105b70000_szc0000.hex
BODUMP end reason=sigusr1
MAPDUMP reason=sigusr1 seq=55 conn=0 memType=0x00005e15 addr=0x10047c000 size=0x4000 read=0x4000 -> dumps_smoke_splice_wrong_field/map_seq000055_conn0_type00005e15_at10047c000_sz4000.hex
MAPDUMP reason=sigusr1 seq=55 conn=0 memType=0x00005e15 addr=0x100470000 size=0x4000 read=0x4000 -> dumps_smoke_splice_wrong_field/map_seq000055_conn0_type00005e15_at100470000_sz4000.hex
BODUMP begin reason=sigusr1 n_bo=37
BODUMP handle=0 gpu_va=0x10000000000 cpu=0x100484000 size=0x10000 read=0x10000 -> dumps_smoke_splice_wrong_field/bo_sigusr1_h0_va10000000000_cpu100484000_sz10000.hex
BODUMP handle=0 gpu_va=0x6f00000000 cpu=0x100494000 size=0x3800 read=0x3800 -> dumps_smoke_splice_wrong_field/bo_sigusr1_h0_va6f00000000_cpu100494000_sz3800.hex
BODUMP handle=0 gpu_va=0x10000018000 cpu=0x1004ac000 size=0x20000 read=0x20000 -> dumps_smoke_splice_wrong_field/bo_sigusr1_h0_va10000018000_cpu1004ac000_sz20000.hex
BODUMP handle=0 gpu_va=0x10000040000 cpu=0x1004cc000 size=0x10000 read=0x10000 -> dumps_smoke_splice_wrong_field/bo_sigusr1_h0_va10000040000_cpu1004cc000_sz10000.hex
BODUMP handle=0 gpu_va=0x0 cpu=0x1004dc000 size=0x10000 read=0x10000 -> dumps_smoke_splice_wrong_field/bo_sigusr1_h0_va0_cpu1004dc000_sz10000.hex
BODUMP handle=0 gpu_va=0x10000018200 cpu=0x1004ac200 size=0x20000 read=0x20000 -> dumps_smoke_splice_wrong_field/bo_sigusr1_h0_va10000018200_cpu1004ac200_sz20000.hex
BODUMP handle=0 gpu_va=0x10000018400 cpu=0x1004ac400 size=0x20000 read=0x20000 -> dumps_smoke_splice_wrong_field/bo_sigusr1_h0_va10000018400_cpu1004ac400_sz20000.hex
BODUMP handle=0 gpu_va=0x10000018600 cpu=0x1004ac600 size=0x20000 read=0x20000 -> dumps_smoke_splice_wrong_field/bo_sigusr1_h0_va10000018600_cpu1004ac600_sz20000.hex
BODUMP handle=0 gpu_va=0x10000018700 cpu=0x1004ac700 size=0x20000 read=0x20000 -> dumps_smoke_splice_wrong_field/bo_sigusr1_h0_va10000018700_cpu1004ac700_sz20000.hex
BODUMP handle=0 gpu_va=0x10000018800 cpu=0x1004ac800 size=0x20000 read=0x20000 -> dumps_smoke_splice_wrong_field/bo_sigusr1_h0_va10000018800_cpu1004ac800_sz20000.hex
BODUMP handle=0 gpu_va=0x10000018900 cpu=0x1004ac900 size=0x20000 read=0x20000 -> dumps_smoke_splice_wrong_field/bo_sigusr1_h0_va10000018900_cpu1004ac900_sz20000.hex
BODUMP handle=0 gpu_va=0x10000019900 cpu=0x1004ad900 size=0x20000 read=0x20000 -> dumps_smoke_splice_wrong_field/bo_sigusr1_h0_va10000019900_cpu1004ad900_sz20000.hex
BODUMP handle=0 gpu_va=0x10000019a00 cpu=0x1004ada00 size=0x20000 read=0x20000 -> dumps_smoke_splice_wrong_field/bo_sigusr1_h0_va10000019a00_cpu1004ada00_sz20000.hex
BODUMP handle=0 gpu_va=0x10000019b00 cpu=0x1004adb00 size=0x20000 read=0x20000 -> dumps_smoke_splice_wrong_field/bo_sigusr1_h0_va10000019b00_cpu1004adb00_sz20000.hex
BODUMP handle=0 gpu_va=0x10000019c00 cpu=0x1004adc00 size=0x20000 read=0x20000 -> dumps_smoke_splice_wrong_field/bo_sigusr1_h0_va10000019c00_cpu1004adc00_sz20000.hex
BODUMP handle=0 gpu_va=0x1000001a400 cpu=0x1004ae400 size=0x20000 read=0x20000 -> dumps_smoke_splice_wrong_field/bo_sigusr1_h0_va1000001a400_cpu1004ae400_sz20000.hex
BODUMP handle=0 gpu_va=0x1000001a500 cpu=0x1004ae500 size=0x20000 read=0x20000 -> dumps_smoke_splice_wrong_field/bo_sigusr1_h0_va1000001a500_cpu1004ae500_sz20000.hex
BODUMP handle=0 gpu_va=0x10000058000 cpu=0x1004f0000 size=0x20000 read=0x20000 -> dumps_smoke_splice_wrong_field/bo_sigusr1_h0_va10000058000_cpu1004f0000_sz20000.hex
BODUMP handle=0 gpu_va=0x1000001c500 cpu=0x1004b0500 size=0x20000 read=0x20000 -> dumps_smoke_splice_wrong_field/bo_sigusr1_h0_va1000001c500_cpu1004b0500_sz20000.hex
BODUMP handle=0 gpu_va=0x10000080000 cpu=0x100518000 size=0x74000 read=0x74000 -> dumps_smoke_splice_wrong_field/bo_sigusr1_h0_va10000080000_cpu100518000_sz74000.hex
BODUMP handle=0 gpu_va=0x18000 cpu=0x10058c000 size=0x8000 read=0x8000 -> dumps_smoke_splice_wrong_field/bo_sigusr1_h0_va18000_cpu10058c000_sz8000.hex
BODUMP handle=0 gpu_va=0x28000 cpu=0x100594000 size=0x8000 read=0x8000 -> dumps_smoke_splice_wrong_field/bo_sigusr1_h0_va28000_cpu100594000_sz8000.hex
BODUMP handle=0 gpu_va=0x38000 cpu=0x10059c000 size=0x8000 read=0x8000 -> dumps_smoke_splice_wrong_field/bo_sigusr1_h0_va38000_cpu10059c000_sz8000.hex
BODUMP handle=0 gpu_va=0x100000f8000 cpu=0x1005a4000 size=0x8000 read=0x8000 -> dumps_smoke_splice_wrong_field/bo_sigusr1_h0_va100000f8000_cpu1005a4000_sz8000.hex
BODUMP handle=0 gpu_va=0x10000108000 cpu=0x1005ac000 size=0x8000 read=0x8000 -> dumps_smoke_splice_wrong_field/bo_sigusr1_h0_va10000108000_cpu1005ac000_sz8000.hex
BODUMP handle=0 gpu_va=0x10000118000 cpu=0x1005b4000 size=0x8000 read=0x8000 -> dumps_smoke_splice_wrong_field/bo_sigusr1_h0_va10000118000_cpu1005b4000_sz8000.hex
BODUMP handle=0 gpu_va=0x10000128000 cpu=0x1005bc000 size=0x8000 read=0x8000 -> dumps_smoke_splice_wrong_field/bo_sigusr1_h0_va10000128000_cpu1005bc000_sz8000.hex
BODUMP handle=0 gpu_va=0x10000138000 cpu=0x1005c4000 size=0x100000 read=0x100000 -> dumps_smoke_splice_wrong_field/bo_sigusr1_h0_va10000138000_cpu1005c4000_sz100000.hex
BODUMP handle=0 gpu_va=0x48000 cpu=0x1006c4000 size=0x8000 read=0x8000 -> dumps_smoke_splice_wrong_field/bo_sigusr1_h0_va48000_cpu1006c4000_sz8000.hex
BODUMP handle=0 gpu_va=0x10000240000 cpu=0x1006cc000 size=0x8000 read=0x8000 -> dumps_smoke_splice_wrong_field/bo_sigusr1_h0_va10000240000_cpu1006cc000_sz8000.hex
BODUMP handle=0 gpu_va=0x10000250000 cpu=0x1006d4000 size=0x8000 read=0x8000 -> dumps_smoke_splice_wrong_field/bo_sigusr1_h0_va10000250000_cpu1006d4000_sz8000.hex
BODUMP handle=0 gpu_va=0x10000260000 cpu=0x1006dc000 size=0x8000 read=0x8000 -> dumps_smoke_splice_wrong_field/bo_sigusr1_h0_va10000260000_cpu1006dc000_sz8000.hex
BODUMP handle=0 gpu_va=0x10000270000 cpu=0x1006e4000 size=0x8000 read=0x8000 -> dumps_smoke_splice_wrong_field/bo_sigusr1_h0_va10000270000_cpu1006e4000_sz8000.hex
BODUMP handle=0 gpu_va=0x10000280000 cpu=0x1006ec000 size=0x8000 read=0x8000 -> dumps_smoke_splice_wrong_field/bo_sigusr1_h0_va10000280000_cpu1006ec000_sz8000.hex
BODUMP handle=0 gpu_va=0x58000 cpu=0x1006f4000 size=0x8000 read=0x8000 -> dumps_smoke_splice_wrong_field/bo_sigusr1_h0_va58000_cpu1006f4000_sz8000.hex
BODUMP handle=0 gpu_va=0x68000 cpu=0x1006fc000 size=0x88e0 read=0x88e0 -> dumps_smoke_splice_wrong_field/bo_sigusr1_h0_va68000_cpu1006fc000_sz88e0.hex
BODUMP handle=0 gpu_va=0x10000290000 cpu=0x105b70000 size=0xc0000 read=0xc0000 -> dumps_smoke_splice_wrong_field/bo_sigusr1_h0_va10000290000_cpu105b70000_szc0000.hex
BODUMP end reason=sigusr1
MAPDUMP reason=sigusr1 seq=55 conn=0 memType=0x00005e15 addr=0x10047c000 size=0x4000 read=0x4000 -> dumps_smoke_splice_wrong_field/map_seq000055_conn0_type00005e15_at10047c000_sz4000.hex
MAPDUMP reason=sigusr1 seq=55 conn=0 memType=0x00005e15 addr=0x100470000 size=0x4000 read=0x4000 -> dumps_smoke_splice_wrong_field/map_seq000055_conn0_type00005e15_at100470000_sz4000.hex
CALL seq=56 fn=Method conn=3a03 class=AGXAcceleratorG16G sel=8(0x8) inScalarCnt=1 inStructCnt=0 inScalars=[0x1]
CALL seq=57 fn=Method conn=3a03 class=AGXAcceleratorG16G sel=17(0x11) inScalarCnt=1 inStructCnt=0 inScalars=[0x1]
RET  seq=57 conn=3a03 sel=17(0x11) ret=0x0
RET  seq=57 conn=3a03 sel=8(0x8) ret=0x0
CALL seq=58 fn=Scalar conn=3a03 class=AGXAcceleratorG16G sel=15(0xf) inScalarCnt=1 inStructCnt=0 inScalars=[0x2]
RET  seq=58 conn=3a03 sel=15(0xf) ret=0x0
CALL seq=59 fn=Scalar conn=3a03 class=AGXAcceleratorG16G sel=15(0xf) inScalarCnt=1 inStructCnt=0 inScalars=[0x1]
RET  seq=59 conn=3a03 sel=15(0xf) ret=0x0
