REC {"observed":500000,"case":"cap_query","outcome":"ok","note":"MTLDevice.maxArgumentBufferSamplerCount","target":"G17P","family":"fd"}
REC {"target":"G17P","encoded_length":4000000,"family":"fd","value":500000,"case":"declared_scap_500000","outcome":"ok","observed":"accept"}
REC {"target":"G17P","encoded_length":4000008,"family":"fd","value":500001,"case":"declared_scap_500001","outcome":"ok","observed":"accept"}
REC {"target":"G17P","encoded_length":8000000,"family":"fd","value":1000000,"case":"declared_scap_1000000","outcome":"ok","observed":"accept"}
REC {"target":"G17P","encoded_length":16000000,"family":"fd","value":2000000,"case":"declared_scap_2000000","outcome":"ok","observed":"accept"}
REC {"family":"fd","target":"G17P","note":"array<sampler,1000000> encodedLength; 8.000 bytes\/entry","value":1000000,"case":"heap_alloc","outcome":"ok","observed":8000000}
REC {"family":"fd","cb_errors":0,"resource_id":2,"target":"G17P","note":"independent path: sampler bound directly at [[sampler(0)]]","outcome":"ok","case":"fingerprint_g0_class0","observed":"303","fault_class":""}
REC {"family":"fd","cb_errors":0,"resource_id":3,"target":"G17P","note":"independent path: sampler bound directly at [[sampler(0)]]","outcome":"ok","case":"fingerprint_g0_class1","observed":"300","fault_class":""}
REC {"family":"fd","cb_errors":0,"resource_id":4,"target":"G17P","note":"independent path: sampler bound directly at [[sampler(0)]]","outcome":"ok","case":"fingerprint_g0_class2","observed":"3","fault_class":""}
REC {"family":"fd","cb_errors":0,"resource_id":5,"target":"G17P","note":"independent path: sampler bound directly at [[sampler(0)]]","outcome":"ok","case":"fingerprint_g0_class3","observed":"1101","fault_class":""}
REC {"family":"fd","cb_errors":0,"resource_id":6,"target":"G17P","note":"independent path: sampler bound directly at [[sampler(0)]]","outcome":"ok","case":"fingerprint_g0_class4","observed":"1100","fault_class":""}
REC {"family":"fd","cb_errors":0,"resource_id":7,"target":"G17P","note":"independent path: sampler bound directly at [[sampler(0)]]","outcome":"ok","case":"fingerprint_g0_class5","observed":"1001","fault_class":""}
REC {"family":"fd","target":"G17P","rss_mb":344,"note":"filler samplers created to push the resource-ID watermark past the ceiling","outcome":"ok","case":"filler_watermark","observed":500100}
REC {"family":"fd","cb_errors":0,"resource_id":500108,"target":"G17P","note":"independent path: sampler bound directly at [[sampler(0)]]","outcome":"ok","case":"fingerprint_g1_class0","observed":"303","fault_class":""}
REC {"family":"fd","cb_errors":0,"resource_id":500109,"target":"G17P","note":"independent path: sampler bound directly at [[sampler(0)]]","outcome":"ok","case":"fingerprint_g1_class1","observed":"300","fault_class":""}
REC {"family":"fd","cb_errors":1,"resource_id":500110,"target":"G17P","note":"independent path: sampler bound directly at [[sampler(0)]]","outcome":"ok","case":"fingerprint_g1_class2","observed":"3","fault_class":"Discarded (victim of GPU error\/recovery) (00000005:kIOGPUCommandBufferCallbackErrorInnocentVictim)"}
REC {"family":"fd","cb_errors":0,"resource_id":500111,"target":"G17P","note":"independent path: sampler bound directly at [[sampler(0)]]","outcome":"ok","case":"fingerprint_g1_class3","observed":"1101","fault_class":""}
REC {"family":"fd","cb_errors":0,"resource_id":500112,"target":"G17P","note":"independent path: sampler bound directly at [[sampler(0)]]","outcome":"ok","case":"fingerprint_g1_class4","observed":"1100","fault_class":""}
REC {"family":"fd","cb_errors":0,"resource_id":500113,"target":"G17P","note":"independent path: sampler bound directly at [[sampler(0)]]","outcome":"ok","case":"fingerprint_g1_class5","observed":"1001","fault_class":""}
REC {"observed":"0000000000000002","case":"entry_bytes_0","value":0,"outcome":"ok","target":"G17P","family":"fd"}
REC {"observed":"0000000000000003","case":"entry_bytes_1","value":1,"outcome":"ok","target":"G17P","family":"fd"}
REC {"observed":"0000000000000004","case":"entry_bytes_2","value":2,"outcome":"ok","target":"G17P","family":"fd"}
REC {"observed":"0000000000000005","case":"entry_bytes_255","value":255,"outcome":"ok","target":"G17P","family":"fd"}
REC {"observed":"0000000000000006","case":"entry_bytes_256","value":256,"outcome":"ok","target":"G17P","family":"fd"}
REC {"observed":"0000000000000007","case":"entry_bytes_65535","value":65535,"outcome":"ok","target":"G17P","family":"fd"}
REC {"observed":"0000000000000002","case":"entry_bytes_65536","value":65536,"outcome":"ok","target":"G17P","family":"fd"}
REC {"observed":"0000000000000003","case":"entry_bytes_262143","value":262143,"outcome":"ok","target":"G17P","family":"fd"}
REC {"observed":"000000000007a18e","case":"entry_bytes_499997","value":499997,"outcome":"ok","target":"G17P","family":"fd"}
REC {"observed":"000000000007a18f","case":"entry_bytes_499998","value":499998,"outcome":"ok","target":"G17P","family":"fd"}
REC {"observed":"000000000007a190","case":"entry_bytes_499999","value":499999,"outcome":"ok","target":"G17P","family":"fd"}
REC {"observed":"000000000007a191","case":"entry_bytes_500000","value":500000,"outcome":"ok","target":"G17P","family":"fd"}
REC {"observed":"000000000007a18c","case":"entry_bytes_500001","value":500001,"outcome":"ok","target":"G17P","family":"fd"}
REC {"observed":"000000000007a18d","case":"entry_bytes_524288","value":524288,"outcome":"ok","target":"G17P","family":"fd"}
REC {"observed":"000000000007a18e","case":"entry_bytes_999998","value":999998,"outcome":"ok","target":"G17P","family":"fd"}
REC {"observed":"000000000007a18f","case":"entry_bytes_999999","value":999999,"outcome":"ok","target":"G17P","family":"fd"}
REC {"family":"fd","case":"index_0","oracle":"303","observed":"303","match":true,"value":0,"cb_errors":0,"fault_class":"","target":"G17P","populated":1,"heap_entry":"0000000000000002","in_declared_array":1,"outcome":"ok"}
REC {"family":"fd","case":"index_1","oracle":"300","observed":"300","match":true,"value":1,"cb_errors":0,"fault_class":"","target":"G17P","populated":1,"heap_entry":"0000000000000003","in_declared_array":1,"outcome":"ok"}
REC {"family":"fd","case":"index_2","oracle":"3","observed":"3","match":true,"value":2,"cb_errors":0,"fault_class":"","target":"G17P","populated":1,"heap_entry":"0000000000000004","in_declared_array":1,"outcome":"ok"}
REC {"family":"fd","case":"index_3","oracle":"unpopulated","observed":"303","match":false,"value":3,"cb_errors":0,"fault_class":"","target":"G17P","populated":0,"heap_entry":"0000000000000000","in_declared_array":1,"outcome":"unpopulated_nonzero"}
REC {"family":"fd","case":"index_255","oracle":"1101","observed":"1101","match":true,"value":255,"cb_errors":0,"fault_class":"","target":"G17P","populated":1,"heap_entry":"0000000000000005","in_declared_array":1,"outcome":"ok"}
REC {"family":"fd","case":"index_256","oracle":"1100","observed":"1100","match":true,"value":256,"cb_errors":0,"fault_class":"","target":"G17P","populated":1,"heap_entry":"0000000000000006","in_declared_array":1,"outcome":"ok"}
REC {"family":"fd","case":"index_65535","oracle":"1001","observed":"1001","match":true,"value":65535,"cb_errors":0,"fault_class":"","target":"G17P","populated":1,"heap_entry":"0000000000000007","in_declared_array":1,"outcome":"ok"}
REC {"family":"fd","case":"index_65536","oracle":"303","observed":"303","match":true,"value":65536,"cb_errors":0,"fault_class":"","target":"G17P","populated":1,"heap_entry":"0000000000000002","in_declared_array":1,"outcome":"ok"}
REC {"family":"fd","case":"index_262143","oracle":"300","observed":"300","match":true,"value":262143,"cb_errors":0,"fault_class":"","target":"G17P","populated":1,"heap_entry":"0000000000000003","in_declared_array":1,"outcome":"ok"}
REC {"family":"fd","case":"index_499996","oracle":"unpopulated","observed":"303","match":false,"value":499996,"cb_errors":0,"fault_class":"","target":"G17P","populated":0,"heap_entry":"0000000000000000","in_declared_array":1,"outcome":"unpopulated_nonzero"}
REC {"family":"fd","case":"index_499997","oracle":"3","observed":"3","match":true,"value":499997,"cb_errors":0,"fault_class":"","target":"G17P","populated":1,"heap_entry":"000000000007a18e","in_declared_array":1,"outcome":"ok"}
REC {"family":"fd","case":"index_499998","oracle":"1101","observed":"1101","match":true,"value":499998,"cb_errors":0,"fault_class":"","target":"G17P","populated":1,"heap_entry":"000000000007a18f","in_declared_array":1,"outcome":"ok"}
REC {"family":"fd","case":"index_499999","oracle":"1100","observed":"1100","match":true,"value":499999,"cb_errors":0,"fault_class":"","target":"G17P","populated":1,"heap_entry":"000000000007a190","in_declared_array":1,"outcome":"ok"}
REC {"family":"fd","case":"index_500000","oracle":"1001","observed":"1001","match":true,"value":500000,"cb_errors":0,"fault_class":"","target":"G17P","populated":1,"heap_entry":"000000000007a191","in_declared_array":1,"outcome":"ok"}
REC {"family":"fd","case":"index_500001","oracle":"303","observed":"303","match":true,"value":500001,"cb_errors":0,"fault_class":"","target":"G17P","populated":1,"heap_entry":"000000000007a18c","in_declared_array":1,"outcome":"ok"}
REC {"family":"fd","case":"index_500002","oracle":"unpopulated","observed":"303","match":false,"value":500002,"cb_errors":0,"fault_class":"","target":"G17P","populated":0,"heap_entry":"0000000000000000","in_declared_array":1,"outcome":"unpopulated_nonzero"}
REC {"family":"fd","case":"index_524288","oracle":"300","observed":"300","match":true,"value":524288,"cb_errors":0,"fault_class":"","target":"G17P","populated":1,"heap_entry":"000000000007a18d","in_declared_array":1,"outcome":"ok"}
REC {"family":"fd","case":"index_999998","oracle":"3","observed":"3","match":true,"value":999998,"cb_errors":1,"fault_class":"dispatch reported OK but left the poisoned output unwritten","target":"G17P","populated":1,"heap_entry":"000000000007a18e","in_declared_array":1,"outcome":"ok"}
REC {"family":"fd","case":"index_999999","oracle":"1101","observed":"1101","match":true,"value":999999,"cb_errors":0,"fault_class":"","target":"G17P","populated":1,"heap_entry":"000000000007a18f","in_declared_array":1,"outcome":"ok"}
REC {"family":"fd","case":"index_1000000","oracle":"unpopulated","observed":"303","match":false,"value":1000000,"cb_errors":0,"fault_class":"","target":"G17P","populated":0,"heap_entry":"0000000000000002","in_declared_array":0,"outcome":"unpopulated_nonzero"}
REC {"family":"fd","case":"index_2000000","oracle":"unpopulated","observed":"303","match":false,"value":2000000,"cb_errors":0,"fault_class":"","target":"G17P","populated":0,"heap_entry":"0000000000000002","in_declared_array":0,"outcome":"unpopulated_nonzero"}
REC {"family":"fd","oracle":"303 300 3 300 1100 1001 303 1101 ","cb_errors":0,"note":"lanes 0,1,2,262143,499999,500000,500001,999999","target":"G17P","match":1,"outcome":"ok","case":"perlane_divergent","observed":"303 300 3 300 1100 1001 303 1101 ","fault_class":""}
REC {"case":"__done","family":"fd","outcome":"ok","target":"G17P"}
