REC {"w":"1","family":"ff","case":"texarr\/form07\/a_w1.0","observed":"1201","cb_errors":1,"observed_hex":"44962000","fault_class":"Discarded (victim of GPU error\/recovery) (00000005:kIOGPUCommandBufferCallbackErrorInnocentVictim)","sub":"a_w1.0","target":"G17P","u":"0.375","form_label":"texarr\/form07","array":true,"v":"0.625","outcome":"ok"}
REC {"w":"2","family":"ff","case":"texarr\/form07\/a_w2.0","observed":"1201","cb_errors":0,"observed_hex":"44962000","fault_class":"","sub":"a_w2.0","target":"G17P","u":"0.375","form_label":"texarr\/form07","array":true,"v":"0.625","outcome":"ok"}
REC {"w":"4","family":"ff","case":"texarr\/form07\/a_w4.0","observed":"1201","cb_errors":0,"observed_hex":"44962000","fault_class":"","sub":"a_w4.0","target":"G17P","u":"0.375","form_label":"texarr\/form07","array":true,"v":"0.625","outcome":"ok"}
REC {"w":"0.5","family":"ff","case":"texarr\/form07\/a_w0.5","observed":"1201","cb_errors":1,"observed_hex":"44962000","fault_class":"Discarded (victim of GPU error\/recovery) (00000005:kIOGPUCommandBufferCallbackErrorInnocentVictim)","sub":"a_w0.5","target":"G17P","u":"0.375","form_label":"texarr\/form07","array":true,"v":"0.625","outcome":"ok"}
REC {"w":"0.25","family":"ff","case":"texarr\/form07\/a_w0.25","observed":"1201","cb_errors":0,"observed_hex":"44962000","fault_class":"","sub":"a_w0.25","target":"G17P","u":"0.375","form_label":"texarr\/form07","array":true,"v":"0.625","outcome":"ok"}
REC {"w":"0","family":"ff","case":"texarr\/form07\/a_w0.0","observed":"1201","cb_errors":0,"observed_hex":"44962000","fault_class":"","sub":"a_w0.0","target":"G17P","u":"0.375","form_label":"texarr\/form07","array":true,"v":"0.625","outcome":"ok"}
REC {"w":"-0","family":"ff","case":"texarr\/form07\/a_w-0.0","observed":"1201","cb_errors":0,"observed_hex":"44962000","fault_class":"","sub":"a_w-0.0","target":"G17P","u":"0.375","form_label":"texarr\/form07","array":true,"v":"0.625","outcome":"ok"}
REC {"w":"-1","family":"ff","case":"texarr\/form07\/a_w-1.0","observed":"1201","cb_errors":0,"observed_hex":"44962000","fault_class":"","sub":"a_w-1.0","target":"G17P","u":"0.375","form_label":"texarr\/form07","array":true,"v":"0.625","outcome":"ok"}
REC {"w":"inf","family":"ff","case":"texarr\/form07\/a_winf","observed":"1201","cb_errors":0,"observed_hex":"44962000","fault_class":"","sub":"a_winf","target":"G17P","u":"0.375","form_label":"texarr\/form07","array":true,"v":"0.625","outcome":"ok"}
REC {"w":"-inf","family":"ff","case":"texarr\/form07\/a_w-inf","observed":"1201","cb_errors":0,"observed_hex":"44962000","fault_class":"","sub":"a_w-inf","target":"G17P","u":"0.375","form_label":"texarr\/form07","array":true,"v":"0.625","outcome":"ok"}
REC {"w":"nan","family":"ff","case":"texarr\/form07\/a_wnan","observed":"1201","cb_errors":0,"observed_hex":"44962000","fault_class":"","sub":"a_wnan","target":"G17P","u":"0.375","form_label":"texarr\/form07","array":true,"v":"0.625","outcome":"ok"}
REC {"w":"1e-30","family":"ff","case":"texarr\/form07\/a_w1e-30","observed":"1201","cb_errors":0,"observed_hex":"44962000","fault_class":"","sub":"a_w1e-30","target":"G17P","u":"0.375","form_label":"texarr\/form07","array":true,"v":"0.625","outcome":"ok"}
REC {"w":"1e+30","family":"ff","case":"texarr\/form07\/a_w1e30","observed":"1201","cb_errors":0,"observed_hex":"44962000","fault_class":"","sub":"a_w1e30","target":"G17P","u":"0.375","form_label":"texarr\/form07","array":true,"v":"0.625","outcome":"ok"}
REC {"w":"1","family":"ff","case":"texarr\/form07\/b_w1.0","observed":"1103","cb_errors":0,"observed_hex":"4489e000","fault_class":"","sub":"b_w1.0","target":"G17P","u":"0.75","form_label":"texarr\/form07","array":true,"v":"0.25","outcome":"ok"}
REC {"w":"2","family":"ff","case":"texarr\/form07\/b_w2.0","observed":"1103","cb_errors":0,"observed_hex":"4489e000","fault_class":"","sub":"b_w2.0","target":"G17P","u":"0.75","form_label":"texarr\/form07","array":true,"v":"0.25","outcome":"ok"}
REC {"w":"4","family":"ff","case":"texarr\/form07\/b_w4.0","observed":"1103","cb_errors":0,"observed_hex":"4489e000","fault_class":"","sub":"b_w4.0","target":"G17P","u":"0.75","form_label":"texarr\/form07","array":true,"v":"0.25","outcome":"ok"}
REC {"w":"0.5","family":"ff","case":"texarr\/form07\/b_w0.5","observed":"1103","cb_errors":0,"observed_hex":"4489e000","fault_class":"","sub":"b_w0.5","target":"G17P","u":"0.75","form_label":"texarr\/form07","array":true,"v":"0.25","outcome":"ok"}
REC {"w":"0.25","family":"ff","case":"texarr\/form07\/b_w0.25","observed":"1103","cb_errors":0,"observed_hex":"4489e000","fault_class":"","sub":"b_w0.25","target":"G17P","u":"0.75","form_label":"texarr\/form07","array":true,"v":"0.25","outcome":"ok"}
REC {"w":"0","family":"ff","case":"texarr\/form07\/b_w0.0","observed":"1103","cb_errors":0,"observed_hex":"4489e000","fault_class":"","sub":"b_w0.0","target":"G17P","u":"0.75","form_label":"texarr\/form07","array":true,"v":"0.25","outcome":"ok"}
REC {"w":"-0","family":"ff","case":"texarr\/form07\/b_w-0.0","observed":"1103","cb_errors":0,"observed_hex":"4489e000","fault_class":"","sub":"b_w-0.0","target":"G17P","u":"0.75","form_label":"texarr\/form07","array":true,"v":"0.25","outcome":"ok"}
REC {"w":"-1","family":"ff","case":"texarr\/form07\/b_w-1.0","observed":"1103","cb_errors":1,"observed_hex":"4489e000","fault_class":"Discarded (victim of GPU error\/recovery) (00000005:kIOGPUCommandBufferCallbackErrorInnocentVictim)","sub":"b_w-1.0","target":"G17P","u":"0.75","form_label":"texarr\/form07","array":true,"v":"0.25","outcome":"ok"}
REC {"w":"inf","family":"ff","case":"texarr\/form07\/b_winf","observed":"1103","cb_errors":0,"observed_hex":"4489e000","fault_class":"","sub":"b_winf","target":"G17P","u":"0.75","form_label":"texarr\/form07","array":true,"v":"0.25","outcome":"ok"}
REC {"w":"-inf","family":"ff","case":"texarr\/form07\/b_w-inf","observed":"1103","cb_errors":0,"observed_hex":"4489e000","fault_class":"","sub":"b_w-inf","target":"G17P","u":"0.75","form_label":"texarr\/form07","array":true,"v":"0.25","outcome":"ok"}
REC {"w":"nan","family":"ff","case":"texarr\/form07\/b_wnan","observed":"1103","cb_errors":0,"observed_hex":"4489e000","fault_class":"","sub":"b_wnan","target":"G17P","u":"0.75","form_label":"texarr\/form07","array":true,"v":"0.25","outcome":"ok"}
REC {"w":"1e-30","family":"ff","case":"texarr\/form07\/b_w1e-30","observed":"1103","cb_errors":0,"observed_hex":"4489e000","fault_class":"","sub":"b_w1e-30","target":"G17P","u":"0.75","form_label":"texarr\/form07","array":true,"v":"0.25","outcome":"ok"}
REC {"w":"1e+30","family":"ff","case":"texarr\/form07\/b_w1e30","observed":"1103","cb_errors":0,"observed_hex":"4489e000","fault_class":"","sub":"b_w1e30","target":"G17P","u":"0.75","form_label":"texarr\/form07","array":true,"v":"0.25","outcome":"ok"}
REC {"w":"1","family":"ff","case":"texarr\/form07\/c_w1.0","observed":"1303","cb_errors":0,"observed_hex":"44a2e000","fault_class":"","sub":"c_w1.0","target":"G17P","u":"0.9","form_label":"texarr\/form07","array":true,"v":"0.9","outcome":"ok"}
REC {"w":"2","family":"ff","case":"texarr\/form07\/c_w2.0","observed":"1303","cb_errors":0,"observed_hex":"44a2e000","fault_class":"","sub":"c_w2.0","target":"G17P","u":"0.9","form_label":"texarr\/form07","array":true,"v":"0.9","outcome":"ok"}
REC {"w":"4","family":"ff","case":"texarr\/form07\/c_w4.0","observed":"1303","cb_errors":0,"observed_hex":"44a2e000","fault_class":"","sub":"c_w4.0","target":"G17P","u":"0.9","form_label":"texarr\/form07","array":true,"v":"0.9","outcome":"ok"}
REC {"w":"0.5","family":"ff","case":"texarr\/form07\/c_w0.5","observed":"1303","cb_errors":0,"observed_hex":"44a2e000","fault_class":"","sub":"c_w0.5","target":"G17P","u":"0.9","form_label":"texarr\/form07","array":true,"v":"0.9","outcome":"ok"}
REC {"w":"0.25","family":"ff","case":"texarr\/form07\/c_w0.25","observed":"1303","cb_errors":0,"observed_hex":"44a2e000","fault_class":"","sub":"c_w0.25","target":"G17P","u":"0.9","form_label":"texarr\/form07","array":true,"v":"0.9","outcome":"ok"}
REC {"w":"0","family":"ff","case":"texarr\/form07\/c_w0.0","observed":"1303","cb_errors":0,"observed_hex":"44a2e000","fault_class":"","sub":"c_w0.0","target":"G17P","u":"0.9","form_label":"texarr\/form07","array":true,"v":"0.9","outcome":"ok"}
REC {"w":"-0","family":"ff","case":"texarr\/form07\/c_w-0.0","observed":"1303","cb_errors":0,"observed_hex":"44a2e000","fault_class":"","sub":"c_w-0.0","target":"G17P","u":"0.9","form_label":"texarr\/form07","array":true,"v":"0.9","outcome":"ok"}
REC {"w":"-1","family":"ff","case":"texarr\/form07\/c_w-1.0","observed":"1303","cb_errors":0,"observed_hex":"44a2e000","fault_class":"","sub":"c_w-1.0","target":"G17P","u":"0.9","form_label":"texarr\/form07","array":true,"v":"0.9","outcome":"ok"}
REC {"w":"inf","family":"ff","case":"texarr\/form07\/c_winf","observed":"1303","cb_errors":0,"observed_hex":"44a2e000","fault_class":"","sub":"c_winf","target":"G17P","u":"0.9","form_label":"texarr\/form07","array":true,"v":"0.9","outcome":"ok"}
REC {"w":"-inf","family":"ff","case":"texarr\/form07\/c_w-inf","observed":"1303","cb_errors":0,"observed_hex":"44a2e000","fault_class":"","sub":"c_w-inf","target":"G17P","u":"0.9","form_label":"texarr\/form07","array":true,"v":"0.9","outcome":"ok"}
REC {"w":"nan","family":"ff","case":"texarr\/form07\/c_wnan","observed":"1303","cb_errors":0,"observed_hex":"44a2e000","fault_class":"","sub":"c_wnan","target":"G17P","u":"0.9","form_label":"texarr\/form07","array":true,"v":"0.9","outcome":"ok"}
REC {"w":"1e-30","family":"ff","case":"texarr\/form07\/c_w1e-30","observed":"1303","cb_errors":0,"observed_hex":"44a2e000","fault_class":"","sub":"c_w1e-30","target":"G17P","u":"0.9","form_label":"texarr\/form07","array":true,"v":"0.9","outcome":"ok"}
REC {"w":"1e+30","family":"ff","case":"texarr\/form07\/c_w1e30","observed":"1303","cb_errors":0,"observed_hex":"44a2e000","fault_class":"","sub":"c_w1e30","target":"G17P","u":"0.9","form_label":"texarr\/form07","array":true,"v":"0.9","outcome":"ok"}
REC {"w":"1","family":"ff","case":"texarr\/form07\/d_w1.0","observed":"1000","cb_errors":0,"observed_hex":"447a0000","fault_class":"","sub":"d_w1.0","target":"G17P","u":"0.125","form_label":"texarr\/form07","array":true,"v":"0.125","outcome":"ok"}
REC {"w":"2","family":"ff","case":"texarr\/form07\/d_w2.0","observed":"1000","cb_errors":0,"observed_hex":"447a0000","fault_class":"","sub":"d_w2.0","target":"G17P","u":"0.125","form_label":"texarr\/form07","array":true,"v":"0.125","outcome":"ok"}
REC {"w":"4","family":"ff","case":"texarr\/form07\/d_w4.0","observed":"1000","cb_errors":0,"observed_hex":"447a0000","fault_class":"","sub":"d_w4.0","target":"G17P","u":"0.125","form_label":"texarr\/form07","array":true,"v":"0.125","outcome":"ok"}
REC {"w":"0.5","family":"ff","case":"texarr\/form07\/d_w0.5","observed":"1000","cb_errors":0,"observed_hex":"447a0000","fault_class":"","sub":"d_w0.5","target":"G17P","u":"0.125","form_label":"texarr\/form07","array":true,"v":"0.125","outcome":"ok"}
REC {"w":"0.25","family":"ff","case":"texarr\/form07\/d_w0.25","observed":"1000","cb_errors":0,"observed_hex":"447a0000","fault_class":"","sub":"d_w0.25","target":"G17P","u":"0.125","form_label":"texarr\/form07","array":true,"v":"0.125","outcome":"ok"}
REC {"w":"0","family":"ff","case":"texarr\/form07\/d_w0.0","observed":"1000","cb_errors":0,"observed_hex":"447a0000","fault_class":"","sub":"d_w0.0","target":"G17P","u":"0.125","form_label":"texarr\/form07","array":true,"v":"0.125","outcome":"ok"}
REC {"w":"-0","family":"ff","case":"texarr\/form07\/d_w-0.0","observed":"1000","cb_errors":0,"observed_hex":"447a0000","fault_class":"","sub":"d_w-0.0","target":"G17P","u":"0.125","form_label":"texarr\/form07","array":true,"v":"0.125","outcome":"ok"}
REC {"w":"-1","family":"ff","case":"texarr\/form07\/d_w-1.0","observed":"1000","cb_errors":0,"observed_hex":"447a0000","fault_class":"","sub":"d_w-1.0","target":"G17P","u":"0.125","form_label":"texarr\/form07","array":true,"v":"0.125","outcome":"ok"}
REC {"w":"inf","family":"ff","case":"texarr\/form07\/d_winf","observed":"1000","cb_errors":0,"observed_hex":"447a0000","fault_class":"","sub":"d_winf","target":"G17P","u":"0.125","form_label":"texarr\/form07","array":true,"v":"0.125","outcome":"ok"}
REC {"w":"-inf","family":"ff","case":"texarr\/form07\/d_w-inf","observed":"1000","cb_errors":0,"observed_hex":"447a0000","fault_class":"","sub":"d_w-inf","target":"G17P","u":"0.125","form_label":"texarr\/form07","array":true,"v":"0.125","outcome":"ok"}
REC {"w":"nan","family":"ff","case":"texarr\/form07\/d_wnan","observed":"1000","cb_errors":0,"observed_hex":"447a0000","fault_class":"","sub":"d_wnan","target":"G17P","u":"0.125","form_label":"texarr\/form07","array":true,"v":"0.125","outcome":"ok"}
REC {"w":"1e-30","family":"ff","case":"texarr\/form07\/d_w1e-30","observed":"1000","cb_errors":0,"observed_hex":"447a0000","fault_class":"","sub":"d_w1e-30","target":"G17P","u":"0.125","form_label":"texarr\/form07","array":true,"v":"0.125","outcome":"ok"}
REC {"w":"1e+30","family":"ff","case":"texarr\/form07\/d_w1e30","observed":"1000","cb_errors":0,"observed_hex":"447a0000","fault_class":"","sub":"d_w1e30","target":"G17P","u":"0.125","form_label":"texarr\/form07","array":true,"v":"0.125","outcome":"ok"}
REC {"case":"texarr\/form07\/__done","outcome":"ok","target":"G17P","family":"ff"}
