# iotrace init pid=39317 dump_dir=/Users/user/asahi_re/public/agx-re/experiments/EXP-0136-m4-unreachable-encodings/work/gen/m4_20260828_run02/d_swizzle_comp1_code0/dump max_struct=65536 max_map=1048576 dump_atexit=0 n_dump_sel=0 only_conn=0x0
OPEN class=IOSurfaceRoot type=0 -> conn=b03 ret=0x0
CALL seq=1 fn=Method conn=b03 class=IOSurfaceRoot sel=13(0xd) inScalarCnt=0 inStructCnt=0
RET  seq=1 conn=b03 sel=13(0xd) ret=0x0 outStructCnt=40
  OUT.struct len=40
  OUT 000000: ff3f 0000 7f00 0000 0080 0000 0000 0000 
  OUT 000010: 0040 0000 0000 0000 0040 0000 0000 0000 
  OUT 000020: 0000 0100 0000 0000                     
MEMENTRY size=0x40000 offset=0x100aa0000 perm=0x400001 parent=0x0 -> handle=0xf03 ret=0x0
CALL seq=2 fn=Method conn=b03 class=IOSurfaceRoot sel=44(0x2c) inScalarCnt=1 inStructCnt=0 inScalars=[0x6d4]
RET  seq=2 conn=b03 sel=44(0x2c) ret=0xe00002f0 outStructCnt=0
OPEN class=AGXAcceleratorG16G type=1048581 -> conn=3003 ret=0x0
CALL seq=3 fn=Struct conn=3003 class=AGXAcceleratorG16G sel=2(0x2) inScalarCnt=0 inStructCnt=0
RET  seq=3 conn=3003 sel=2(0x2) ret=0x0 outStructCnt=536
  OUT.struct len=536
  OUT 000000: 0000 b900 0100 0000 0800 0000 0800 0000 
  OUT 000010: 0000 0000 8000 0000 0000 0000 0400 0000 
  OUT 000020: 0800 0000 0c00 0000 1000 0000 1400 0000 
  OUT 000030: 1800 0000 1c00 0000 2000 0000 2400 0000 
  OUT 000040: 2800 0000 2c00 0000 3000 0000 3400 0000 
  OUT 000050: 3800 0000 3c00 0000 4000 0000 4400 0000 
  OUT 000060: 4800 0000 4c00 0000 5000 0000 5400 0000 
  OUT 000070: 5800 0000 5c00 0000 6000 0000 6400 0000 
  OUT 000080: 6800 0000 6c00 0000 7000 0000 7400 0000 
  OUT 000090: 7800 0000 7c00 0000 8000 0000 8400 0000 
  OUT 0000a0: 8800 0000 8c00 0000 9000 0000 9400 0000 
  OUT 0000b0: 9800 0000 9c00 0000 a000 0000 a400 0000 
  OUT 0000c0: a800 0000 ac00 0000 b000 0000 b400 0000 
  OUT 0000d0: b800 0000 bc00 0000 c000 0000 c400 0000 
  OUT 0000e0: c800 0000 cc00 0000 d000 0000 d400 0000 
  OUT 0000f0: d800 0000 dc00 0000 e000 0000 e400 0000 
  OUT 000100: e800 0000 ec00 0000 f000 0000 f400 0000 
  OUT 000110: f800 0000 fc00 0000 0001 0000 0401 0000 
  OUT 000120: 0801 0000 0c01 0000 1001 0000 1401 0000 
  OUT 000130: 1801 0000 1c01 0000 2001 0000 2401 0000 
  OUT 000140: 2801 0000 2c01 0000 3001 0000 3401 0000 
  OUT 000150: 3801 0000 3c01 0000 4001 0000 4401 0000 
  OUT 000160: 4801 0000 4c01 0000 5001 0000 5401 0000 
  OUT 000170: 5801 0000 5c01 0000 6001 0000 6401 0000 
  OUT 000180: 6801 0000 6c01 0000 7001 0000 7401 0000 
  OUT 000190: 7801 0000 7c01 0000 8001 0000 8401 0000 
  OUT 0001a0: 8801 0000 8c01 0000 9001 0000 9401 0000 
  OUT 0001b0: 9801 0000 9c01 0000 a001 0000 a401 0000 
  OUT 0001c0: a801 0000 ac01 0000 b001 0000 b401 0000 
  OUT 0001d0: b801 0000 bc01 0000 c001 0000 c401 0000 
  OUT 0001e0: c801 0000 cc01 0000 d001 0000 d401 0000 
  OUT 0001f0: d801 0000 dc01 0000 e001 0000 e401 0000 
  OUT 000200: e801 0000 ec01 0000 f001 0000 f401 0000 
  OUT 000210: f801 0000 fc01 0000                     
CALL seq=4 fn=Struct conn=3003 class=AGXAcceleratorG16G sel=0(0x0) inScalarCnt=0 inStructCnt=0
RET  seq=4 conn=3003 sel=0(0x0) ret=0x0 outStructCnt=64
  OUT.struct len=64
  OUT 000000: 4043 0000 0000 0000 0000 0000 0000 0000 
  OUT 000010: 0000 0000 0000 0000 0200 0000 0000 0000 
  OUT 000020: 00c0 c2f5 0200 0000 0000 5238 0200 0000 
  OUT 000030: 0000 0000 0000 0000 0000 0000 0000 0000 
CALL seq=5 fn=Struct conn=3003 class=AGXAcceleratorG16G sel=5(0x5) inScalarCnt=0 inStructCnt=0
RET  seq=5 conn=3003 sel=5(0x5) ret=0x0 outStructCnt=32
  OUT.struct len=32
  OUT 000000: a263 5e7c 2900 0000 0040 ba00 0100 0000 
  OUT 000010: 0080 b900 0100 0000 0040 0000 0000 0000 
CALL seq=6 fn=Method conn=b03 class=IOSurfaceRoot sel=32(0x20) inScalarCnt=0 inStructCnt=0
RET  seq=6 conn=b03 sel=32(0x20) ret=0x0 outScalars=[0x100a9c000]
CALL seq=7 fn=Struct conn=3003 class=AGXAcceleratorG16G sel=258(0x102) inScalarCnt=0 inStructCnt=0
RET  seq=7 conn=3003 sel=258(0x102) ret=0x0 outStructCnt=456
  OUT.struct len=456
  OUT 000000: 0000 0000 0000 0000 0000 0000 0000 0000 
  OUT 000010: 0000 0000 0000 0000 0000 0000 0000 0000 
  OUT 000020: 0000 0000 0000 0000 0000 0000 0000 0000 
  OUT 000030: 0000 0000 0000 0000 0000 0000 0000 0000 
  OUT 000040: 0000 0000 0000 0000 0000 0000 0000 0000 
  OUT 000050: 0000 0000 0000 0000 0000 0000 0000 0000 
  OUT 000060: 0000 0000 0000 0000 0000 0000 0000 0000 
  OUT 000070: 0000 0000 0000 0000 0000 0000 0000 0000 
  OUT 000080: 0000 0000 0000 0000 0000 0000 0000 0000 
  OUT 000090: 0000 0000 0000 0000 0000 0000 0000 0000 
  OUT 0000a0: 0000 0000 0000 0000 0000 0000 0000 0000 
  OUT 0000b0: 0000 0000 0000 0000 0000 0000 0000 0000 
  OUT 0000c0: 0000 0000 0000 0000 4a75 6c20 3331 2032 
  OUT 0000d0: 3032 3620 3232 3a34 333a 3233 0000 0000 
  OUT 0000e0: 0000 0000 0000 0000 7265 6c65 6173 6520 
  OUT 0000f0: 6665 6e64 6572 5f73 6372 6174 6368 5f72 
  OUT 000100: 616d 5f72 6574 656e 7469 6f6e 0000 0000 
  OUT 000110: 0000 0000 0000 0000 0000 0000 0000 0000 
  OUT 000120: 0000 0000 0000 0000 0000 0000 0000 0000 
  OUT 000130: 0000 0000 0000 0000 0000 0000 0000 0000 
  OUT 000140: 0000 0000 0000 0000 0000 0000 0000 0000 
  OUT 000150: 0000 0000 0000 0000 0000 0000 0000 0000 
  OUT 000160: 0000 0000 0000 0000 0000 0000 0000 0000 
  OUT 000170: 0000 0000 0000 0000 0000 0000 0000 0000 
  OUT 000180: 0000 0000 0000 0000 0000 0000 0000 0000 
  OUT 000190: 0000 0000 0000 0000 0000 0000 0000 0000 
  OUT 0001a0: 0000 0000 0000 0000 4a37 3733 6741 5000 
  OUT 0001b0: 0000 0000 0000 0000 0000 0000 0000 0000 
  OUT 0001c0: 0000 0000 0000 0000                     
CALL seq=8 fn=Struct conn=3003 class=AGXAcceleratorG16G sel=256(0x100) inScalarCnt=0 inStructCnt=0
RET  seq=8 conn=3003 sel=256(0x100) ret=0x0 outStructCnt=152
  OUT.struct len=152
  OUT 000000: 0000 0000 0000 0000 0000 0000 0000 0000 
  OUT 000010: ff03 0000 0000 0000 0000 0000 0000 0000 
  OUT 000020: 1b00 0000 0400 0000 0000 0000 0000 0000 
  OUT 000030: 0a00 0000 0400 0000 0400 0000 0400 0000 
  OUT 000040: 0000 0000 0a00 0000 0200 0000 0300 0000 
  OUT 000050: 0300 0000 0200 0000 0300 0000 0300 0000 
  OUT 000060: 1000 0000 0100 0000 0100 0000 0100 0000 
  OUT 000070: 0100 0000 0a00 0000 0a00 0000 0000 0000 
  OUT 000080: 0000 0000 0001 0100 0000 0000 0000 0300 
  OUT 000090: 0000 0000 0000 0000                     
CALL seq=9 fn=Method conn=3003 class=AGXAcceleratorG16G sel=9(0x9) inScalarCnt=0 inStructCnt=104
  IN.struct len=104
  IN 000000: 0000 0000 0000 0000 0100 0100 0100 0000 
  IN 000010: 0101 0001 3004 0000 0000 0000 0000 0000 
  IN 000020: 0000 0000 0000 0000 0000 0000 0000 0000 
  IN 000030: 0000 0000 0000 0000 0000 0000 0000 0000 
  IN 000040: 0000 0000 0000 0000 0000 0100 0000 0000 
  IN 000050: 0000 0000 0000 0000 0000 0008 1800 0000 
  IN 000060: 0000 0000 0000 0000                     
RET  seq=9 conn=3003 sel=9(0x9) ret=0x0 outStructCnt=88
  OUT.struct len=88
  OUT 000000: 0000 0000 0001 0000 00c0 ba00 0100 0000 
  OUT 000010: c080 b900 0100 0000 0000 0000 0000 0000 
  OUT 000020: 0000 0000 0100 0000 0000 0100 0000 0000 
  OUT 000030: a563 5e7c 2900 0000 399e 0e00 0000 0000 
  OUT 000040: 0000 0000 0000 0000 0000 0000 0000 0000 
  OUT 000050: 0000 0100 0000 0000                     
CALL seq=10 fn=Struct conn=3003 class=AGXAcceleratorG16G sel=261(0x105) inScalarCnt=0 inStructCnt=72
  IN.struct len=72
  IN 000000: 0b00 0000 0000 0000 0000 0000 0000 0000 
  IN 000010: 0000 0000 0000 0000 0000 0000 0000 0000 
  IN 000020: 0000 0000 0000 0000 0000 0000 0000 0000 
  IN 000030: 0000 0000 0000 0000 0000 0000 0000 0000 
  IN 000040: 0000 0000 0000 0000                     
RET  seq=10 conn=3003 sel=261(0x105) ret=0x0 outStructCnt=72
  OUT.struct len=72
  OUT 000000: 0b00 0000 0000 0000 0000 0000 0000 0000 
  OUT 000010: 0000 0000 0000 0000 0000 0000 0000 0000 
  OUT 000020: 0000 0000 0000 0000 0000 0000 0000 0000 
  OUT 000030: 0200 0000 0000 0000 0000 0000 0000 0000 
  OUT 000040: 0000 0000 0000 0000                     
CALL seq=11 fn=Method conn=3003 class=AGXAcceleratorG16G sel=9(0x9) inScalarCnt=0 inStructCnt=104
  IN.struct len=104
  IN 000000: 0000 0000 0000 0000 0100 0100 0100 0000 
  IN 000010: 0101 0001 7004 0000 0000 0000 0000 0000 
  IN 000020: 0000 0000 0000 0000 0000 0000 0000 0000 
  IN 000030: 0100 0000 0000 0000 0000 0000 0000 0000 
  IN 000040: 0000 0000 0000 0000 0038 0000 0000 0000 
  IN 000050: 0000 0000 0000 0000 0000 0058 1800 0000 
  IN 000060: 0000 0000 0000 0000                     
RET  seq=11 conn=3003 sel=9(0x9) ret=0x0 outStructCnt=88
  OUT.struct len=88
  OUT 000000: 0000 0000 6f00 0000 00c0 bb00 0100 0000 
  OUT 000010: 8081 b900 0100 0000 0000 0000 0000 0000 
  OUT 000020: 0000 0000 0200 0000 0040 0000 0000 0000 
  OUT 000030: b263 5e7c 2900 0000 3a9e 0e00 0000 0000 
  OUT 000040: 0000 0000 0000 0000 0000 0000 0000 0000 
  OUT 000050: 0040 0000 0000 0000                     
CALL seq=12 fn=Method conn=3003 class=AGXAcceleratorG16G sel=9(0x9) inScalarCnt=0 inStructCnt=104
  IN.struct len=104
  IN 000000: 0000 0000 0000 0000 0100 0100 0100 0000 
  IN 000010: 0101 0001 7004 0000 0000 0000 0000 0000 
  IN 000020: 0000 0000 0000 0000 0000 0000 0000 0000 
  IN 000030: 0100 0000 0000 0000 0000 0000 0000 0000 
  IN 000040: 0000 0000 0000 0000 0000 0200 0000 0000 
  IN 000050: 0000 0000 0000 0000 0000 0000 0000 0000 
  IN 000060: 8809 5707 0100 0000                     
RET  seq=12 conn=3003 sel=9(0x9) ret=0x0 outStructCnt=88
  OUT.struct len=88
  OUT 000000: 0080 0100 0001 0000 0040 bd00 0100 0000 
  OUT 000010: 4082 b900 0100 0000 0000 0000 0000 0000 
  OUT 000020: 0000 0000 0300 0000 0000 0200 0000 0000 
  OUT 000030: 8864 5e7c 2900 0000 439e 0e00 0000 0000 
  OUT 000040: 0000 0000 0000 0000 0000 0000 0000 0000 
  OUT 000050: 0000 0200 0000 0000                     
CALL seq=13 fn=Method conn=3003 class=AGXAcceleratorG16G sel=9(0x9) inScalarCnt=0 inStructCnt=104
  IN.struct len=104
  IN 000000: 8000 0000 0000 0000 0100 0100 0100 0000 
  IN 000010: 0101 0001 300c 0000 0000 0000 0000 0000 
  IN 000020: 0000 0000 0000 0000 0000 0000 0000 0000 
  IN 000030: 0000 0000 0000 0000 0040 bd00 0100 0000 
  IN 000040: 0040 bd00 0100 0000 0000 0200 0000 0000 
  IN 000050: 0300 0000 0000 0000 0000 0000 1800 0000 
  IN 000060: 4015 5707 0100 0000                     
RET  seq=13 conn=3003 sel=9(0x9) ret=0x0 outStructCnt=88
  OUT.struct len=88
  OUT 000000: 0080 0100 0001 0000 0000 0000 0000 0000 
  OUT 000010: 0083 b900 0100 0000 0000 0000 0000 0000 
  OUT 000020: 0000 0000 0400 0000 0000 0200 0000 0000 
  OUT 000030: 8964 5e7c 2900 0000 439e 0e00 0000 0000 
  OUT 000040: 0000 0000 0000 0000 0000 0000 0000 0000 
  OUT 000050: 0000 0200 0000 0000                     
CALL seq=14 fn=Method conn=3003 class=AGXAcceleratorG16G sel=9(0x9) inScalarCnt=0 inStructCnt=104
  IN.struct len=104
  IN 000000: 8000 0000 0000 0000 0100 0100 0100 0000 
  IN 000010: 0101 0001 300c 0000 0000 0000 0000 0000 
  IN 000020: 0000 0000 0000 0000 0000 0000 0000 0000 
  IN 000030: 0000 0000 0000 0000 0042 bd00 0100 0000 
  IN 000040: 0040 bd00 0100 0000 0000 0200 0000 0000 
  IN 000050: 0300 0000 0000 0000 0000 0000 1800 0000 
  IN 000060: 4015 5707 0100 0000                     
RET  seq=14 conn=3003 sel=9(0x9) ret=0x0 outStructCnt=88
  OUT.struct len=88
  OUT 000000: 0082 0100 0001 0000 0000 0000 0000 0000 
  OUT 000010: c083 b900 0100 0000 0000 0000 0000 0000 
  OUT 000020: 0000 0000 0500 0000 0000 0200 0000 0000 
  OUT 000030: 8a64 5e7c 2900 0000 439e 0e00 0000 0000 
  OUT 000040: 0000 0000 0000 0000 0000 0000 0000 0000 
  OUT 000050: 00fe 0100 0000 0000                     
CALL seq=15 fn=Method conn=3003 class=AGXAcceleratorG16G sel=9(0x9) inScalarCnt=0 inStructCnt=104
  IN.struct len=104
  IN 000000: 8000 0000 0000 0000 0100 0100 0100 0000 
  IN 000010: 0101 0001 300c 0000 0000 0000 0000 0000 
  IN 000020: 0000 0000 0000 0000 0000 0000 0000 0000 
  IN 000030: 0000 0000 0000 0000 0044 bd00 0100 0000 
  IN 000040: 0040 bd00 0100 0000 0000 0200 0000 0000 
  IN 000050: 0300 0000 0000 0000 0000 0000 1800 0000 
  IN 000060: b81c cc28 0700 0000                     
RET  seq=15 conn=3003 sel=9(0x9) ret=0x0 outStructCnt=88
  OUT.struct len=88
  OUT 000000: 0084 0100 0001 0000 0000 0000 0000 0000 
  OUT 000010: 8084 b900 0100 0000 0000 0000 0000 0000 
  OUT 000020: 0000 0000 0600 0000 0000 0200 0000 0000 
  OUT 000030: 8b64 5e7c 2900 0000 439e 0e00 0000 0000 
  OUT 000040: 0000 0000 0000 0000 0000 0000 0000 0000 
  OUT 000050: 00fc 0100 0000 0000                     
CALL seq=16 fn=Method conn=3003 class=AGXAcceleratorG16G sel=9(0x9) inScalarCnt=0 inStructCnt=104
  IN.struct len=104
  IN 000000: 8000 0000 0000 0000 0100 0100 0100 0000 
  IN 000010: 0101 0001 300c 0000 0000 0000 0000 0000 
  IN 000020: 0000 0000 0000 0000 0000 0000 0000 0000 
  IN 000030: 0000 0000 0000 0000 0045 bd00 0100 0000 
  IN 000040: 0040 bd00 0100 0000 0000 0200 0000 0000 
  IN 000050: 0300 0000 0000 0000 0000 0000 1800 0000 
  IN 000060: 1022 cc28 0700 0000                     
RET  seq=16 conn=3003 sel=9(0x9) ret=0x0 outStructCnt=88
  OUT.struct len=88
  OUT 000000: 0085 0100 0001 0000 0000 0000 0000 0000 
  OUT 000010: 4085 b900 0100 0000 0000 0000 0000 0000 
  OUT 000020: 0000 0000 0700 0000 0000 0200 0000 0000 
  OUT 000030: 8c64 5e7c 2900 0000 439e 0e00 0000 0000 
  OUT 000040: 0000 0000 0000 0000 0000 0000 0000 0000 
  OUT 000050: 00fb 0100 0000 0000                     
CALL seq=17 fn=Method conn=3003 class=AGXAcceleratorG16G sel=9(0x9) inScalarCnt=0 inStructCnt=104
  IN.struct len=104
  IN 000000: 8000 0000 0000 0000 0100 0100 0100 0000 
  IN 000010: 0101 0001 300c 0000 0000 0000 0000 0000 
  IN 000020: 0000 0000 0000 0000 0000 0000 0000 0000 
  IN 000030: 0000 0000 0000 0000 0047 bd00 0100 0000 
  IN 000040: 0040 bd00 0100 0000 0000 0200 0000 0000 
  IN 000050: 0300 0000 0000 0000 0000 0000 1800 0000 
  IN 000060: 3025 cc28 0700 0000                     
RET  seq=17 conn=3003 sel=9(0x9) ret=0x0 outStructCnt=88
  OUT.struct len=88
  OUT 000000: 0087 0100 0001 0000 0000 0000 0000 0000 
  OUT 000010: 0086 b900 0100 0000 0000 0000 0000 0000 
  OUT 000020: 0000 0000 0800 0000 0000 0200 0000 0000 
  OUT 000030: 8d64 5e7c 2900 0000 439e 0e00 0000 0000 
  OUT 000040: 0000 0000 0000 0000 0000 0000 0000 0000 
  OUT 000050: 00f9 0100 0000 0000                     
CALL seq=18 fn=Method conn=3003 class=AGXAcceleratorG16G sel=9(0x9) inScalarCnt=0 inStructCnt=104
  IN.struct len=104
  IN 000000: 8000 0000 0000 0000 0100 0100 0100 0000 
  IN 000010: 0101 0001 300c 0000 0000 0000 0000 0000 
  IN 000020: 0000 0000 0000 0000 0000 0000 0000 0000 
  IN 000030: 0000 0000 0000 0000 0048 bd00 0100 0000 
  IN 000040: 0040 bd00 0100 0000 0000 0200 0000 0000 
  IN 000050: 0300 0000 0000 0000 0000 0000 1800 0000 
  IN 000060: 5028 cc28 0700 0000                     
RET  seq=18 conn=3003 sel=9(0x9) ret=0x0 outStructCnt=88
  OUT.struct len=88
  OUT 000000: 0088 0100 0001 0000 0000 0000 0000 0000 
  OUT 000010: c086 b900 0100 0000 0000 0000 0000 0000 
  OUT 000020: 0000 0000 0900 0000 0000 0200 0000 0000 
  OUT 000030: 8e64 5e7c 2900 0000 439e 0e00 0000 0000 
  OUT 000040: 0000 0000 0000 0000 0000 0000 0000 0000 
  OUT 000050: 00f8 0100 0000 0000                     
CALL seq=19 fn=Method conn=3003 class=AGXAcceleratorG16G sel=9(0x9) inScalarCnt=0 inStructCnt=104
  IN.struct len=104
  IN 000000: 8000 0000 0000 0000 0100 0100 0100 0000 
  IN 000010: 0101 0001 300c 0000 0000 0000 0000 0000 
  IN 000020: 0000 0000 0000 0000 0000 0000 0000 0000 
  IN 000030: 0000 0000 0000 0000 0049 bd00 0100 0000 
  IN 000040: 0040 bd00 0100 0000 0000 0200 0000 0000 
  IN 000050: 0300 0000 0000 0000 0000 0000 1800 0000 
  IN 000060: 702b cc28 0700 0000                     
RET  seq=19 conn=3003 sel=9(0x9) ret=0x0 outStructCnt=88
  OUT.struct len=88
  OUT 000000: 0089 0100 0001 0000 0000 0000 0000 0000 
  OUT 000010: 8087 b900 0100 0000 0000 0000 0000 0000 
  OUT 000020: 0000 0000 0a00 0000 0000 0200 0000 0000 
  OUT 000030: 8f64 5e7c 2900 0000 439e 0e00 0000 0000 
  OUT 000040: 0000 0000 0000 0000 0000 0000 0000 0000 
  OUT 000050: 00f7 0100 0000 0000                     
CALL seq=20 fn=Method conn=3003 class=AGXAcceleratorG16G sel=9(0x9) inScalarCnt=0 inStructCnt=104
  IN.struct len=104
  IN 000000: 8000 0000 0000 0000 0100 0100 0100 0000 
  IN 000010: 0101 0001 300c 0000 0000 0000 0000 0000 
  IN 000020: 0000 0000 0000 0000 0000 0000 0000 0000 
  IN 000030: 0000 0000 0000 0000 0059 bd00 0100 0000 
  IN 000040: 0040 bd00 0100 0000 0000 0200 0000 0000 
  IN 000050: 0300 0000 0000 0000 0000 0000 1800 0000 
  IN 000060: 902e cc28 0700 0000                     
RET  seq=20 conn=3003 sel=9(0x9) ret=0x0 outStructCnt=88
  OUT.struct len=88
  OUT 000000: 0099 0100 0001 0000 0000 0000 0000 0000 
  OUT 000010: 4088 b900 0100 0000 0000 0000 0000 0000 
  OUT 000020: 0000 0000 0b00 0000 0000 0200 0000 0000 
  OUT 000030: 9064 5e7c 2900 0000 439e 0e00 0000 0000 
  OUT 000040: 0000 0000 0000 0000 0000 0000 0000 0000 
  OUT 000050: 00e7 0100 0000 0000                     
CALL seq=21 fn=Method conn=3003 class=AGXAcceleratorG16G sel=9(0x9) inScalarCnt=0 inStructCnt=104
  IN.struct len=104
  IN 000000: 8000 0000 0000 0000 0100 0100 0100 0000 
  IN 000010: 0101 0001 300c 0000 0000 0000 0000 0000 
  IN 000020: 0000 0000 0000 0000 0000 0000 0000 0000 
  IN 000030: 0000 0000 0000 0000 005a bd00 0100 0000 
  IN 000040: 0040 bd00 0100 0000 0000 0200 0000 0000 
  IN 000050: 0300 0000 0000 0000 0000 0000 1800 0000 
  IN 000060: 9831 cc28 0700 0000                     
RET  seq=21 conn=3003 sel=9(0x9) ret=0x0 outStructCnt=88
  OUT.struct len=88
  OUT 000000: 009a 0100 0001 0000 0000 0000 0000 0000 
  OUT 000010: 0089 b900 0100 0000 0000 0000 0000 0000 
  OUT 000020: 0000 0000 0c00 0000 0000 0200 0000 0000 
  OUT 000030: 9164 5e7c 2900 0000 439e 0e00 0000 0000 
  OUT 000040: 0000 0000 0000 0000 0000 0000 0000 0000 
  OUT 000050: 00e6 0100 0000 0000                     
CALL seq=22 fn=Method conn=3003 class=AGXAcceleratorG16G sel=9(0x9) inScalarCnt=0 inStructCnt=104
  IN.struct len=104
  IN 000000: 8000 0000 0000 0000 0100 0100 0100 0000 
  IN 000010: 0101 0001 300c 0000 0000 0000 0000 0000 
  IN 000020: 0000 0000 0000 0000 0000 0000 0000 0000 
  IN 000030: 0000 0000 0000 0000 005b bd00 0100 0000 
  IN 000040: 0040 bd00 0100 0000 0000 0200 0000 0000 
  IN 000050: 0300 0000 0000 0000 0000 0000 1800 0000 
  IN 000060: a034 cc28 0700 0000                     
RET  seq=22 conn=3003 sel=9(0x9) ret=0x0 outStructCnt=88
  OUT.struct len=88
  OUT 000000: 009b 0100 0001 0000 0000 0000 0000 0000 
  OUT 000010: c089 b900 0100 0000 0000 0000 0000 0000 
  OUT 000020: 0000 0000 0d00 0000 0000 0200 0000 0000 
  OUT 000030: 9264 5e7c 2900 0000 439e 0e00 0000 0000 
  OUT 000040: 0000 0000 0000 0000 0000 0000 0000 0000 
  OUT 000050: 00e5 0100 0000 0000                     
CALL seq=23 fn=Method conn=3003 class=AGXAcceleratorG16G sel=9(0x9) inScalarCnt=0 inStructCnt=104
  IN.struct len=104
  IN 000000: 8000 0000 0000 0000 0100 0100 0100 0000 
  IN 000010: 0101 0001 300c 0000 0000 0000 0000 0000 
  IN 000020: 0000 0000 0000 0000 0000 0000 0000 0000 
  IN 000030: 0000 0000 0000 0000 005c bd00 0100 0000 
  IN 000040: 0040 bd00 0100 0000 0000 0200 0000 0000 
  IN 000050: 0300 0000 0000 0000 0000 0000 1800 0000 
  IN 000060: a837 cc28 0700 0000                     
RET  seq=23 conn=3003 sel=9(0x9) ret=0x0 outStructCnt=88
  OUT.struct len=88
  OUT 000000: 009c 0100 0001 0000 0000 0000 0000 0000 
  OUT 000010: 808a b900 0100 0000 0000 0000 0000 0000 
  OUT 000020: 0000 0000 0e00 0000 0000 0200 0000 0000 
  OUT 000030: 9364 5e7c 2900 0000 439e 0e00 0000 0000 
  OUT 000040: 0000 0000 0000 0000 0000 0000 0000 0000 
  OUT 000050: 00e4 0100 0000 0000                     
CALL seq=24 fn=Method conn=3003 class=AGXAcceleratorG16G sel=9(0x9) inScalarCnt=0 inStructCnt=104
  IN.struct len=104
  IN 000000: 8000 0000 0000 0000 0100 0100 0100 0000 
  IN 000010: 0101 0001 300c 0000 0000 0000 0000 0000 
  IN 000020: 0000 0000 0000 0000 0000 0000 0000 0000 
  IN 000030: 0000 0000 0000 0000 0064 bd00 0100 0000 
  IN 000040: 0040 bd00 0100 0000 0000 0200 0000 0000 
  IN 000050: 0300 0000 0000 0000 0000 0000 1800 0000 
  IN 000060: b03a cc28 0700 0000                     
RET  seq=24 conn=3003 sel=9(0x9) ret=0x0 outStructCnt=88
  OUT.struct len=88
  OUT 000000: 00a4 0100 0001 0000 0000 0000 0000 0000 
  OUT 000010: 408b b900 0100 0000 0000 0000 0000 0000 
  OUT 000020: 0000 0000 0f00 0000 0000 0200 0000 0000 
  OUT 000030: 9464 5e7c 2900 0000 439e 0e00 0000 0000 
  OUT 000040: 0000 0000 0000 0000 0000 0000 0000 0000 
  OUT 000050: 00dc 0100 0000 0000                     
CALL seq=25 fn=Method conn=3003 class=AGXAcceleratorG16G sel=9(0x9) inScalarCnt=0 inStructCnt=104
  IN.struct len=104
  IN 000000: 0000 0000 0000 0000 0100 0100 0100 0000 
  IN 000010: 0101 0001 3004 0000 0000 0000 0000 0000 
  IN 000020: 0000 0000 0000 0000 0000 0000 0000 0000 
  IN 000030: 0000 0000 0000 0000 0000 0000 0000 0000 
  IN 000040: 0000 0000 0000 0000 0000 0100 0000 0000 
  IN 000050: 0000 0000 0000 0000 0000 0008 1800 0000 
  IN 000060: 0000 0000 0000 0000                     
RET  seq=25 conn=3003 sel=9(0x9) ret=0x0 outStructCnt=88
  OUT.struct len=88
  OUT 000000: 0000 0400 0001 0000 0080 fe00 0100 0000 
  OUT 000010: 008c b900 0100 0000 0000 0000 0000 0000 
  OUT 000020: 0000 0000 1000 0000 0000 0100 0000 0000 
  OUT 000030: 9564 5e7c 2900 0000 449e 0e00 0000 0000 
  OUT 000040: 0000 0000 0000 0000 0000 0000 0000 0000 
  OUT 000050: 0000 0100 0000 0000                     
CALL seq=26 fn=Method conn=3003 class=AGXAcceleratorG16G sel=9(0x9) inScalarCnt=0 inStructCnt=104
  IN.struct len=104
  IN 000000: 0000 0000 0000 0000 0100 0100 0100 0000 
  IN 000010: 0101 0001 3084 0000 0000 0000 0000 0000 
  IN 000020: 0000 0000 0000 0000 0000 0000 0000 0000 
  IN 000030: 0000 0000 0000 0000 0000 0000 0000 0000 
  IN 000040: 0000 0000 0000 0000 0000 0100 0000 0000 
  IN 000050: 0000 0000 0000 0000 0000 0038 1800 0000 
  IN 000060: 0000 0000 0000 0000                     
RET  seq=26 conn=3003 sel=9(0x9) ret=0x0 outStructCnt=88
  OUT.struct len=88
  OUT 000000: 0000 0000 0000 0000 0080 ff00 0100 0000 
  OUT 000010: c08c b900 0100 0000 0000 0000 0000 0000 
  OUT 000020: 0000 0000 1100 0000 0000 0100 0000 0000 
  OUT 000030: 9664 5e7c 2900 0000 459e 0e00 0000 0000 
  OUT 000040: 0000 0000 0000 0000 0000 0000 0000 0000 
  OUT 000050: 0000 0100 0000 0000                     
CALL seq=27 fn=Method conn=3003 class=AGXAcceleratorG16G sel=9(0x9) inScalarCnt=0 inStructCnt=104
  IN.struct len=104
  IN 000000: 8000 0000 0000 0000 0100 0100 0100 0000 
  IN 000010: 0101 0001 300c 0000 0000 0000 0000 0000 
  IN 000020: 0000 0000 0000 0000 0000 0000 0000 0000 
  IN 000030: 0000 0000 0000 0000 0065 bd00 0100 0000 
  IN 000040: 0040 bd00 0100 0000 0000 0200 0000 0000 
  IN 000050: 0300 0000 0000 0000 0000 0000 1800 0000 
  IN 000060: 8809 5707 0100 0000                     
RET  seq=27 conn=3003 sel=9(0x9) ret=0x0 outStructCnt=88
  OUT.struct len=88
  OUT 000000: 00a5 0100 0001 0000 0000 0000 0000 0000 
  OUT 000010: 808d b900 0100 0000 0000 0000 0000 0000 
  OUT 000020: 0000 0000 1200 0000 0000 0200 0000 0000 
  OUT 000030: 9764 5e7c 2900 0000 439e 0e00 0000 0000 
  OUT 000040: 0000 0000 0000 0000 0000 0000 0000 0000 
  OUT 000050: 00db 0100 0000 0000                     
CALL seq=28 fn=Method conn=3003 class=AGXAcceleratorG16G sel=9(0x9) inScalarCnt=0 inStructCnt=104
  IN.struct len=104
  IN 000000: 0000 0000 0000 0000 0100 0100 0100 0000 
  IN 000010: 0101 0001 7004 0000 0000 0000 0000 0000 
  IN 000020: 0000 0000 0000 0000 0000 0000 0000 0000 
  IN 000030: 0100 0000 0000 0000 0000 0000 0000 0000 
  IN 000040: 0000 0000 0000 0000 0000 0200 0000 0000 
  IN 000050: 0000 0000 0000 0000 0000 0000 0000 0000 
  IN 000060: 8809 5707 0100 0000                     
RET  seq=28 conn=3003 sel=9(0x9) ret=0x0 outStructCnt=88
  OUT.struct len=88
  OUT 000000: 0080 0500 0001 0000 0000 4d05 0100 0000 
  OUT 000010: 408e b900 0100 0000 0000 0000 0000 0000 
  OUT 000020: 0000 0000 1300 0000 0000 0200 0000 0000 
  OUT 000030: 9864 5e7c 2900 0000 469e 0e00 0000 0000 
  OUT 000040: 0000 0000 0000 0000 0000 0000 0000 0000 
  OUT 000050: 0000 0200 0000 0000                     
CALL seq=29 fn=Method conn=3003 class=AGXAcceleratorG16G sel=9(0x9) inScalarCnt=0 inStructCnt=104
  IN.struct len=104
  IN 000000: 8000 0000 0000 0000 0100 0100 0100 0000 
  IN 000010: 0101 0001 300c 0000 0000 0000 0000 0000 
  IN 000020: 0000 0000 0000 0000 0000 0000 0000 0000 
  IN 000030: 0000 0000 0000 0000 0000 4d05 0100 0000 
  IN 000040: 0000 4d05 0100 0000 0000 0200 0000 0000 
  IN 000050: 1300 0000 0000 0000 0000 0000 1800 0000 
  IN 000060: 8809 5707 0100 0000                     
RET  seq=29 conn=3003 sel=9(0x9) ret=0x0 outStructCnt=88
  OUT.struct len=88
  OUT 000000: 0080 0500 0001 0000 0000 0000 0000 0000 
  OUT 000010: 008f b900 0100 0000 0000 0000 0000 0000 
  OUT 000020: 0000 0000 1400 0000 0000 0200 0000 0000 
  OUT 000030: 9964 5e7c 2900 0000 469e 0e00 0000 0000 
  OUT 000040: 0000 0000 0000 0000 0000 0000 0000 0000 
  OUT 000050: 0000 0200 0000 0000                     
CALL seq=30 fn=Method conn=3003 class=AGXAcceleratorG16G sel=9(0x9) inScalarCnt=0 inStructCnt=104
  IN.struct len=104
  IN 000000: 8000 0000 0000 0000 0400 0400 0100 0000 
  IN 000010: 0101 0004 300c 0000 0000 0000 0000 0000 
  IN 000020: 0000 0000 0000 0000 0000 0000 0000 0000 
  IN 000030: 0000 0000 0000 0000 0085 bd00 0100 0000 
  IN 000040: 0040 bd00 0100 0000 0000 0200 0000 0000 
  IN 000050: 0300 0000 0000 0000 008f 8880 0100 0000 
  IN 000060: 0000 0000 0000 0000                     
RET  seq=30 conn=3003 sel=9(0x9) ret=0x0 outStructCnt=88
  OUT.struct len=88
  OUT 000000: 00c5 0100 0001 0000 0000 0000 0000 0000 
  OUT 000010: c08f b900 0100 0000 0000 0000 0000 0000 
  OUT 000020: 0000 0000 1500 0000 0000 0200 0000 0000 
  OUT 000030: 9a64 5e7c 2900 0000 439e 0e00 0000 0000 
  OUT 000040: 0000 0000 0000 0000 0000 0000 0000 0000 
  OUT 000050: 00bb 0100 0000 0000                     
CALL seq=31 fn=Method conn=3003 class=AGXAcceleratorG16G sel=9(0x9) inScalarCnt=0 inStructCnt=104
  IN.struct len=104
  IN 000000: 8000 0000 0000 0000 0100 0100 0100 0000 
  IN 000010: 0101 0001 300c 0000 0000 0000 0000 0000 
  IN 000020: 0000 0000 0000 0000 0000 0000 0000 0000 
  IN 000030: 0000 0000 0000 0000 0086 bd00 0100 0000 
  IN 000040: 0040 bd00 0100 0000 0000 0200 0000 0000 
  IN 000050: 0300 0000 0000 0000 0000 0000 0000 0000 
  IN 000060: 8809 5707 0100 0000                     
RET  seq=31 conn=3003 sel=9(0x9) ret=0x0 outStructCnt=88
  OUT.struct len=88
  OUT 000000: 00c6 0100 0001 0000 0000 0000 0000 0000 
  OUT 000010: 8090 b900 0100 0000 0000 0000 0000 0000 
  OUT 000020: 0000 0000 1600 0000 0000 0200 0000 0000 
  OUT 000030: 9d64 5e7c 2900 0000 439e 0e00 0000 0000 
  OUT 000040: 0000 0000 0000 0000 0000 0000 0000 0000 
  OUT 000050: 00ba 0100 0000 0000                     
CALL seq=32 fn=Method conn=3003 class=AGXAcceleratorG16G sel=7(0x7) inScalarCnt=0 inStructCnt=1040
  IN.struct len=1040
  IN 000000: 2f55 7365 7273 2f75 7365 722f 6173 6168 
  IN 000010: 695f 7265 2f70 7562 6c69 632f 6167 782d 
  IN 000020: 7265 2f65 7870 6572 696d 656e 7473 2f45 
  IN 000030: 5850 2d30 3133 362d 6d34 2d75 6e72 6561 
  IN 000040: 6368 6162 6c65 2d65 6e63 6f64 696e 6773 
  IN 000050: 2f77 6f72 6b2f 6269 6e2f 6465 7363 7061 
  IN 000060: 7463 6800 0000 0000 0000 0000 0000 0000 
  IN 000070: 0000 0000 0000 0000 0000 0000 0000 0000 
  IN 000080: 0000 0000 0000 0000 0000 0000 0000 0000 
  IN 000090: 0000 0000 0000 0000 0000 0000 0000 0000 
  IN 0000a0: 0000 0000 0000 0000 0000 0000 0000 0000 
  IN 0000b0: 0000 0000 0000 0000 0000 0000 0000 0000 
  IN 0000c0: 0000 0000 0000 0000 0000 0000 0000 0000 
  IN 0000d0: 0000 0000 0000 0000 0000 0000 0000 0000 
  IN 0000e0: 0000 0000 0000 0000 0000 0000 0000 0000 
  IN 0000f0: 0000 0000 0000 0000 0000 0000 0000 0000 
  IN 000100: 0000 0000 0000 0000 0000 0000 0000 0000 
  IN 000110: 0000 0000 0000 0000 0000 0000 0000 0000 
  IN 000120: 0000 0000 0000 0000 0000 0000 0000 0000 
  IN 000130: 0000 0000 0000 0000 0000 0000 0000 0000 
  IN 000140: 0000 0000 0000 0000 0000 0000 0000 0000 
  IN 000150: 0000 0000 0000 0000 0000 0000 0000 0000 
  IN 000160: 0000 0000 0000 0000 0000 0000 0000 0000 
  IN 000170: 0000 0000 0000 0000 0000 0000 0000 0000 
  IN 000180: 0000 0000 0000 0000 0000 0000 0000 0000 
  IN 000190: 0000 0000 0000 0000 0000 0000 0000 0000 
  IN 0001a0: 0000 0000 0000 0000 0000 0000 0000 0000 
  IN 0001b0: 0000 0000 0000 0000 0000 0000 0000 0000 
  IN 0001c0: 0000 0000 0000 0000 0000 0000 0000 0000 
  IN 0001d0: 0000 0000 0000 0000 0000 0000 0000 0000 
  IN 0001e0: 0000 0000 0000 0000 0000 0000 0000 0000 
  IN 0001f0: 0000 0000 0000 0000 0000 0000 0000 0000 
  IN 000200: 0000 0000 0000 0000 0000 0000 0000 0000 
  IN 000210: 0000 0000 0000 0000 0000 0000 0000 0000 
  IN 000220: 0000 0000 0000 0000 0000 0000 0000 0000 
  IN 000230: 0000 0000 0000 0000 0000 0000 0000 0000 
  IN 000240: 0000 0000 0000 0000 0000 0000 0000 0000 
  IN 000250: 0000 0000 0000 0000 0000 0000 0000 0000 
  IN 000260: 0000 0000 0000 0000 0000 0000 0000 0000 
  IN 000270: 0000 0000 0000 0000 0000 0000 0000 0000 
  IN 000280: 0000 0000 0000 0000 0000 0000 0000 0000 
  IN 000290: 0000 0000 0000 0000 0000 0000 0000 0000 
  IN 0002a0: 0000 0000 0000 0000 0000 0000 0000 0000 
  IN 0002b0: 0000 0000 0000 0000 0000 0000 0000 0000 
  IN 0002c0: 0000 0000 0000 0000 0000 0000 0000 0000 
  IN 0002d0: 0000 0000 0000 0000 0000 0000 0000 0000 
  IN 0002e0: 0000 0000 0000 0000 0000 0000 0000 0000 
  IN 0002f0: 0000 0000 0000 0000 0000 0000 0000 0000 
  IN 000300: 0000 0000 0000 0000 0000 0000 0000 0000 
  IN 000310: 0000 0000 0000 0000 0000 0000 0000 0000 
  IN 000320: 0000 0000 0000 0000 0000 0000 0000 0000 
  IN 000330: 0000 0000 0000 0000 0000 0000 0000 0000 
  IN 000340: 0000 0000 0000 0000 0000 0000 0000 0000 
  IN 000350: 0000 0000 0000 0000 0000 0000 0000 0000 
  IN 000360: 0000 0000 0000 0000 0000 0000 0000 0000 
  IN 000370: 0000 0000 0000 0000 0000 0000 0000 0000 
  IN 000380: 0000 0000 0000 0000 0000 0000 0000 0000 
  IN 000390: 0000 0000 0000 0000 0000 0000 2f55 7365 
  IN 0003a0: 7273 2f75 7365 722f 6173 6168 695f 7265 
  IN 0003b0: 2f70 7562 6c69 632f 6167 782d 7265 2f65 
  IN 0003c0: 7870 6572 696d 656e 7473 2f45 5850 2d30 
  IN 0003d0: 3133 362d 6d34 2d75 6e72 6561 6368 6162 
  IN 0003e0: 6c65 2d65 6e63 6f64 696e 6773 2f77 6f72 
  IN 0003f0: 6b2f 6269 6e2f 6465 7363 7061 7463 6800 
  IN 000400: 0200 0000 0000 0000 ffff ffff 0100 0000 
RET  seq=32 conn=3003 sel=7(0x7) ret=0x0 outStructCnt=16
  OUT.struct len=16
  OUT 000000: 0100 0000 0000 0000 9e64 5e7c 2900 0000 
CALL seq=33 fn=Method conn=3003 class=AGXAcceleratorG16G sel=16(0x10) inScalarCnt=2 inStructCnt=0 inScalars=[0x100,0x28]
RET  seq=33 conn=3003 sel=16(0x10) ret=0x0 outStructCnt=16
  OUT.struct len=16
  OUT 000000: 0080 0001 0100 0000 0100 0000 0000 0000 
CALL seq=34 fn=Method conn=3003 class=AGXAcceleratorG16G sel=28(0x1c) inScalarCnt=2 inStructCnt=0 inScalars=[0x1,0x1]
RET  seq=34 conn=3003 sel=28(0x1c) ret=0x0
CALL seq=35 fn=Struct conn=3003 class=AGXAcceleratorG16G sel=6(0x6) inScalarCnt=0 inStructCnt=0
RET  seq=35 conn=3003 sel=6(0x6) ret=0x0 outStructCnt=16
  OUT.struct len=16
  OUT 000000: a564 5e7c 2900 0000 a564 5e7d 2900 0000 
CALL seq=36 fn=Method conn=3003 class=AGXAcceleratorG16G sel=14(0xe) inScalarCnt=2 inStructCnt=0 inScalars=[0x4000,0x0]
RET  seq=36 conn=3003 sel=14(0xe) ret=0x0 outStructCnt=16
  OUT.struct len=16
  OUT 000000: 00c0 0001 0100 0000 0040 0000 0100 0000 
CALL seq=37 fn=Method conn=3003 class=AGXAcceleratorG16G sel=14(0xe) inScalarCnt=2 inStructCnt=0 inScalars=[0x4000,0x1]
RET  seq=37 conn=3003 sel=14(0xe) ret=0x0 outStructCnt=16
  OUT.struct len=16
  OUT 000000: 0000 0101 0100 0000 0040 0000 0200 0000 
CALL seq=38 fn=Method conn=3003 class=AGXAcceleratorG16G sel=9(0x9) inScalarCnt=0 inStructCnt=104
  IN.struct len=104
  IN 000000: 0000 0000 0000 0000 0080 0100 0100 0000 
  IN 000010: 0101 0001 3044 0000 0000 0000 0000 0000 
  IN 000020: 0000 0000 0000 0000 0000 0000 0000 0000 
  IN 000030: 0000 0000 0000 0000 0000 0000 0000 0000 
  IN 000040: 0000 0000 0000 0000 0080 0000 0000 0000 
  IN 000050: 0000 0000 0000 0000 0000 0008 4800 0000 
  IN 000060: 0000 0000 0000 0000                     
RET  seq=38 conn=3003 sel=9(0x9) ret=0x0 outStructCnt=88
  OUT.struct len=88
  OUT 000000: 0000 0800 0001 0000 0040 0101 0100 0000 
  OUT 000010: 4091 b900 0100 0000 0000 0000 0000 0000 
  OUT 000020: 0000 0000 1700 0000 0080 0000 0000 0000 
  OUT 000030: b064 5e7d 2900 0000 4c9e 0e00 0000 0000 
  OUT 000040: 0000 0000 0000 0000 0000 0000 0000 0000 
  OUT 000050: 0080 0000 0000 0000                     
CALL seq=39 fn=Method conn=3003 class=AGXAcceleratorG16G sel=9(0x9) inScalarCnt=0 inStructCnt=104
  IN.struct len=104
  IN 000000: 0000 0000 0000 0000 0080 0100 0100 0000 
  IN 000010: 0101 0001 3044 0000 0000 0000 0000 0000 
  IN 000020: 0000 0000 0000 0000 0000 0000 0000 0000 
  IN 000030: 0000 0000 0000 0000 0000 0000 0000 0000 
  IN 000040: 0000 0000 0000 0000 0080 0000 0000 0000 
  IN 000050: 0000 0000 0000 0000 0000 0018 0000 0000 
  IN 000060: 0000 0000 0000 0000                     
RET  seq=39 conn=3003 sel=9(0x9) ret=0x0 outStructCnt=88
  OUT.struct len=88
  OUT 000000: 0000 0900 0001 0000 0040 5206 0100 0000 
  OUT 000010: 0092 b900 0100 0000 0000 0000 0000 0000 
  OUT 000020: 0000 0000 1800 0000 0080 0000 0000 0000 
  OUT 000030: b164 5e7d 2900 0000 4d9e 0e00 0000 0000 
  OUT 000040: 0000 0000 0000 0000 0000 0000 0000 0000 
  OUT 000050: 0080 0000 0000 0000                     
CALL seq=40 fn=Method conn=3003 class=AGXAcceleratorG16G sel=9(0x9) inScalarCnt=0 inStructCnt=104
  IN.struct len=104
  IN 000000: 0000 0000 0000 0000 0080 0100 0100 0000 
  IN 000010: 0101 0001 3044 0000 0000 0000 0000 0000 
  IN 000020: 0000 0000 0000 0000 0000 0000 0000 0000 
  IN 000030: 0000 0000 0000 0000 0000 0000 0000 0000 
  IN 000040: 0000 0000 0000 0000 0080 0000 0000 0000 
  IN 000050: 0000 0000 0000 0000 0000 0008 0000 0000 
  IN 000060: 0000 0000 0000 0000                     
RET  seq=40 conn=3003 sel=9(0x9) ret=0x0 outStructCnt=88
  OUT.struct len=88
  OUT 000000: 0000 0a00 0001 0000 00c0 5206 0100 0000 
  OUT 000010: c092 b900 0100 0000 0000 0000 0000 0000 
  OUT 000020: 0000 0000 1900 0000 0080 0000 0000 0000 
  OUT 000030: b264 5e7d 2900 0000 4e9e 0e00 0000 0000 
  OUT 000040: 0000 0000 0000 0000 0000 0000 0000 0000 
  OUT 000050: 0080 0000 0000 0000                     
CALL seq=41 fn=Method conn=3003 class=AGXAcceleratorG16G sel=9(0x9) inScalarCnt=0 inStructCnt=104
  IN.struct len=104
  IN 000000: 0000 0000 0000 0000 0080 0100 0100 0000 
  IN 000010: 0101 0001 3044 0000 0000 0000 0000 0000 
  IN 000020: 0000 0000 0000 0000 0000 0000 0000 0000 
  IN 000030: 0000 0000 0000 0000 0000 0000 0000 0000 
  IN 000040: 0000 0000 0000 0000 0080 0000 0000 0000 
  IN 000050: 0000 0000 0000 0000 0000 0008 4000 0000 
  IN 000060: 0000 0000 0000 0000                     
RET  seq=41 conn=3003 sel=9(0x9) ret=0x0 outStructCnt=88
  OUT.struct len=88
  OUT 000000: 0000 0b00 0001 0000 0040 5306 0100 0000 
  OUT 000010: 8093 b900 0100 0000 0000 0000 0000 0000 
  OUT 000020: 0000 0000 1a00 0000 0080 0000 0000 0000 
  OUT 000030: b364 5e7d 2900 0000 4f9e 0e00 0000 0000 
  OUT 000040: 0000 0000 0000 0000 0000 0000 0000 0000 
  OUT 000050: 0080 0000 0000 0000                     
CALL seq=42 fn=Method conn=3003 class=AGXAcceleratorG16G sel=9(0x9) inScalarCnt=0 inStructCnt=104
  IN.struct len=104
  IN 000000: 0000 0000 0000 0000 0080 0100 0100 0000 
  IN 000010: 0101 0001 3044 0000 0000 0000 0000 0000 
  IN 000020: 0000 0000 0000 0000 0000 0000 0000 0000 
  IN 000030: 0000 0000 0000 0000 0000 0000 0000 0000 
  IN 000040: 0000 0000 0000 0000 0080 0000 0000 0000 
  IN 000050: 0000 0000 0000 0000 0000 0008 0000 0000 
  IN 000060: 0000 0000 0000 0000                     
RET  seq=42 conn=3003 sel=9(0x9) ret=0x0 outStructCnt=88
  OUT.struct len=88
  OUT 000000: 0000 0c00 0001 0000 00c0 5306 0100 0000 
  OUT 000010: 4094 b900 0100 0000 0000 0000 0000 0000 
  OUT 000020: 0000 0000 1b00 0000 0080 0000 0000 0000 
  OUT 000030: b564 5e7d 2900 0000 509e 0e00 0000 0000 
  OUT 000040: 0000 0000 0000 0000 0000 0000 0000 0000 
  OUT 000050: 0080 0000 0000 0000                     
CALL seq=43 fn=Method conn=3003 class=AGXAcceleratorG16G sel=9(0x9) inScalarCnt=0 inStructCnt=104
  IN.struct len=104
  IN 000000: 0000 0000 0000 0000 0080 0100 0100 0000 
  IN 000010: 0101 0001 3044 0000 0000 0000 0000 0000 
  IN 000020: 0000 0000 0000 0000 0000 0000 0000 0000 
  IN 000030: 0000 0000 0000 0000 0000 0000 0000 0000 
  IN 000040: 0000 0000 0000 0000 0080 0000 0000 0000 
  IN 000050: 0000 0000 0000 0000 0000 0008 0000 0000 
  IN 000060: 0000 0000 0000 0000                     
RET  seq=43 conn=3003 sel=9(0x9) ret=0x0 outStructCnt=88
  OUT.struct len=88
  OUT 000000: 0000 0d00 0001 0000 0040 5406 0100 0000 
  OUT 000010: 0095 b900 0100 0000 0000 0000 0000 0000 
  OUT 000020: 0000 0000 1c00 0000 0080 0000 0000 0000 
  OUT 000030: b864 5e7d 2900 0000 529e 0e00 0000 0000 
  OUT 000040: 0000 0000 0000 0000 0000 0000 0000 0000 
  OUT 000050: 0080 0000 0000 0000                     
CALL seq=44 fn=Method conn=3003 class=AGXAcceleratorG16G sel=9(0x9) inScalarCnt=0 inStructCnt=104
  IN.struct len=104
  IN 000000: 0000 0000 0000 0000 8094 0100 0100 0000 
  IN 000010: 0101 0001 3044 0000 0000 0000 0000 0000 
  IN 000020: 0000 0000 0000 0000 0000 0000 0000 0000 
  IN 000030: 0000 0000 0000 0000 0000 0000 0000 0000 
  IN 000040: 0000 0000 0000 0000 8094 0000 0000 0000 
  IN 000050: 0000 0000 0000 0000 0000 0018 0000 0000 
  IN 000060: 0000 0000 0000 0000                     
RET  seq=44 conn=3003 sel=9(0x9) ret=0x0 outStructCnt=88
  OUT.struct len=88
  OUT 000000: 0000 0e00 0001 0000 00c0 5406 0100 0000 
  OUT 000010: c095 b900 0100 0000 0000 0000 0000 0000 
  OUT 000020: 0000 0000 1d00 0000 00c0 0000 0000 0000 
  OUT 000030: ba64 5e7d 2900 0000 539e 0e00 0000 0000 
  OUT 000040: 0000 0000 0000 0000 0000 0000 0000 0000 
  OUT 000050: 00c0 0000 0000 0000                     
BODUMP begin reason=sigusr1 n_bo=27
BODUMP handle=0 gpu_va=0x10000000000 cpu=0x100bac000 size=0x10000 read=0x10000 -> /Users/user/asahi_re/public/agx-re/experiments/EXP-0136-m4-unreachable-encodings/work/gen/m4_20260828_run02/d_swizzle_comp1_code0/dump/bo_sigusr1_h0_va10000000000_cpu100bac000_sz10000.hex
BODUMP handle=0 gpu_va=0x6f00000000 cpu=0x100bbc000 size=0x3800 read=0x3800 -> /Users/user/asahi_re/public/agx-re/experiments/EXP-0136-m4-unreachable-encodings/work/gen/m4_20260828_run02/d_swizzle_comp1_code0/dump/bo_sigusr1_h0_va6f00000000_cpu100bbc000_sz3800.hex
BODUMP handle=0 gpu_va=0x10000018000 cpu=0x100bd4000 size=0x20000 read=0x20000 -> /Users/user/asahi_re/public/agx-re/experiments/EXP-0136-m4-unreachable-encodings/work/gen/m4_20260828_run02/d_swizzle_comp1_code0/dump/bo_sigusr1_h0_va10000018000_cpu100bd4000_sz20000.hex
BODUMP handle=0 gpu_va=0x10000040000 cpu=0x100fe8000 size=0x10000 read=0x10000 -> /Users/user/asahi_re/public/agx-re/experiments/EXP-0136-m4-unreachable-encodings/work/gen/m4_20260828_run02/d_swizzle_comp1_code0/dump/bo_sigusr1_h0_va10000040000_cpu100fe8000_sz10000.hex
BODUMP handle=0 gpu_va=0x0 cpu=0x100ff8000 size=0x10000 read=0x10000 -> /Users/user/asahi_re/public/agx-re/experiments/EXP-0136-m4-unreachable-encodings/work/gen/m4_20260828_run02/d_swizzle_comp1_code0/dump/bo_sigusr1_h0_va0_cpu100ff8000_sz10000.hex
BODUMP handle=0 gpu_va=0x10000058000 cpu=0x1054d0000 size=0x20000 read=0x20000 -> /Users/user/asahi_re/public/agx-re/experiments/EXP-0136-m4-unreachable-encodings/work/gen/m4_20260828_run02/d_swizzle_comp1_code0/dump/bo_sigusr1_h0_va10000058000_cpu1054d0000_sz20000.hex
BODUMP handle=0 gpu_va=0x10000080000 cpu=0x101014000 size=0x8000 read=0x8000 -> /Users/user/asahi_re/public/agx-re/experiments/EXP-0136-m4-unreachable-encodings/work/gen/m4_20260828_run02/d_swizzle_comp1_code0/dump/bo_sigusr1_h0_va10000080000_cpu101014000_sz8000.hex
BODUMP handle=0 gpu_va=0x10000090000 cpu=0x106524000 size=0x8000 read=0x8000 -> /Users/user/asahi_re/public/agx-re/experiments/EXP-0136-m4-unreachable-encodings/work/gen/m4_20260828_run02/d_swizzle_comp1_code0/dump/bo_sigusr1_h0_va10000090000_cpu106524000_sz8000.hex
BODUMP handle=0 gpu_va=0x100000a0000 cpu=0x10652c000 size=0x8000 read=0x8000 -> /Users/user/asahi_re/public/agx-re/experiments/EXP-0136-m4-unreachable-encodings/work/gen/m4_20260828_run02/d_swizzle_comp1_code0/dump/bo_sigusr1_h0_va100000a0000_cpu10652c000_sz8000.hex
BODUMP handle=0 gpu_va=0x100000b0000 cpu=0x106534000 size=0x8000 read=0x8000 -> /Users/user/asahi_re/public/agx-re/experiments/EXP-0136-m4-unreachable-encodings/work/gen/m4_20260828_run02/d_swizzle_comp1_code0/dump/bo_sigusr1_h0_va100000b0000_cpu106534000_sz8000.hex
BODUMP handle=0 gpu_va=0x100000c0000 cpu=0x10653c000 size=0x8000 read=0x8000 -> /Users/user/asahi_re/public/agx-re/experiments/EXP-0136-m4-unreachable-encodings/work/gen/m4_20260828_run02/d_swizzle_comp1_code0/dump/bo_sigusr1_h0_va100000c0000_cpu10653c000_sz8000.hex
BODUMP handle=0 gpu_va=0x100000d0000 cpu=0x106544000 size=0x8000 read=0x8000 -> /Users/user/asahi_re/public/agx-re/experiments/EXP-0136-m4-unreachable-encodings/work/gen/m4_20260828_run02/d_swizzle_comp1_code0/dump/bo_sigusr1_h0_va100000d0000_cpu106544000_sz8000.hex
BODUMP handle=0 gpu_va=0x100000e0000 cpu=0x10654c000 size=0x9480 read=0x9480 -> /Users/user/asahi_re/public/agx-re/experiments/EXP-0136-m4-unreachable-encodings/work/gen/m4_20260828_run02/d_swizzle_comp1_code0/dump/bo_sigusr1_h0_va100000e0000_cpu10654c000_sz9480.hex
BODUMP end reason=sigusr1
MAPDUMP reason=sigusr1 seq=44 conn=0 memType=0x00005e15 addr=0x100ba4000 size=0x4000 read=0x4000 -> /Users/user/asahi_re/public/agx-re/experiments/EXP-0136-m4-unreachable-encodings/work/gen/m4_20260828_run02/d_swizzle_comp1_code0/dump/map_seq000044_conn0_type00005e15_at100ba4000_sz4000.hex
MAPDUMP reason=sigusr1 seq=44 conn=0 memType=0x00005e15 addr=0x100b98000 size=0x4000 read=0x4000 -> /Users/user/asahi_re/public/agx-re/experiments/EXP-0136-m4-unreachable-encodings/work/gen/m4_20260828_run02/d_swizzle_comp1_code0/dump/map_seq000044_conn0_type00005e15_at100b98000_sz4000.hex
BODUMP begin reason=sigusr1 n_bo=27
BODUMP handle=0 gpu_va=0x10000000000 cpu=0x100bac000 size=0x10000 read=0x10000 -> /Users/user/asahi_re/public/agx-re/experiments/EXP-0136-m4-unreachable-encodings/work/gen/m4_20260828_run02/d_swizzle_comp1_code0/dump/bo_sigusr1_h0_va10000000000_cpu100bac000_sz10000.hex
BODUMP handle=0 gpu_va=0x6f00000000 cpu=0x100bbc000 size=0x3800 read=0x3800 -> /Users/user/asahi_re/public/agx-re/experiments/EXP-0136-m4-unreachable-encodings/work/gen/m4_20260828_run02/d_swizzle_comp1_code0/dump/bo_sigusr1_h0_va6f00000000_cpu100bbc000_sz3800.hex
BODUMP handle=0 gpu_va=0x10000018000 cpu=0x100bd4000 size=0x20000 read=0x20000 -> /Users/user/asahi_re/public/agx-re/experiments/EXP-0136-m4-unreachable-encodings/work/gen/m4_20260828_run02/d_swizzle_comp1_code0/dump/bo_sigusr1_h0_va10000018000_cpu100bd4000_sz20000.hex
BODUMP handle=0 gpu_va=0x10000040000 cpu=0x100fe8000 size=0x10000 read=0x10000 -> /Users/user/asahi_re/public/agx-re/experiments/EXP-0136-m4-unreachable-encodings/work/gen/m4_20260828_run02/d_swizzle_comp1_code0/dump/bo_sigusr1_h0_va10000040000_cpu100fe8000_sz10000.hex
BODUMP handle=0 gpu_va=0x0 cpu=0x100ff8000 size=0x10000 read=0x10000 -> /Users/user/asahi_re/public/agx-re/experiments/EXP-0136-m4-unreachable-encodings/work/gen/m4_20260828_run02/d_swizzle_comp1_code0/dump/bo_sigusr1_h0_va0_cpu100ff8000_sz10000.hex
BODUMP handle=0 gpu_va=0x10000058000 cpu=0x1054d0000 size=0x20000 read=0x20000 -> /Users/user/asahi_re/public/agx-re/experiments/EXP-0136-m4-unreachable-encodings/work/gen/m4_20260828_run02/d_swizzle_comp1_code0/dump/bo_sigusr1_h0_va10000058000_cpu1054d0000_sz20000.hex
BODUMP handle=0 gpu_va=0x10000080000 cpu=0x101014000 size=0x8000 read=0x8000 -> /Users/user/asahi_re/public/agx-re/experiments/EXP-0136-m4-unreachable-encodings/work/gen/m4_20260828_run02/d_swizzle_comp1_code0/dump/bo_sigusr1_h0_va10000080000_cpu101014000_sz8000.hex
BODUMP handle=0 gpu_va=0x10000090000 cpu=0x106524000 size=0x8000 read=0x8000 -> /Users/user/asahi_re/public/agx-re/experiments/EXP-0136-m4-unreachable-encodings/work/gen/m4_20260828_run02/d_swizzle_comp1_code0/dump/bo_sigusr1_h0_va10000090000_cpu106524000_sz8000.hex
BODUMP handle=0 gpu_va=0x100000a0000 cpu=0x10652c000 size=0x8000 read=0x8000 -> /Users/user/asahi_re/public/agx-re/experiments/EXP-0136-m4-unreachable-encodings/work/gen/m4_20260828_run02/d_swizzle_comp1_code0/dump/bo_sigusr1_h0_va100000a0000_cpu10652c000_sz8000.hex
BODUMP handle=0 gpu_va=0x100000b0000 cpu=0x106534000 size=0x8000 read=0x8000 -> /Users/user/asahi_re/public/agx-re/experiments/EXP-0136-m4-unreachable-encodings/work/gen/m4_20260828_run02/d_swizzle_comp1_code0/dump/bo_sigusr1_h0_va100000b0000_cpu106534000_sz8000.hex
BODUMP handle=0 gpu_va=0x100000c0000 cpu=0x10653c000 size=0x8000 read=0x8000 -> /Users/user/asahi_re/public/agx-re/experiments/EXP-0136-m4-unreachable-encodings/work/gen/m4_20260828_run02/d_swizzle_comp1_code0/dump/bo_sigusr1_h0_va100000c0000_cpu10653c000_sz8000.hex
BODUMP handle=0 gpu_va=0x100000d0000 cpu=0x106544000 size=0x8000 read=0x8000 -> /Users/user/asahi_re/public/agx-re/experiments/EXP-0136-m4-unreachable-encodings/work/gen/m4_20260828_run02/d_swizzle_comp1_code0/dump/bo_sigusr1_h0_va100000d0000_cpu106544000_sz8000.hex
BODUMP handle=0 gpu_va=0x100000e0000 cpu=0x10654c000 size=0x9480 read=0x9480 -> /Users/user/asahi_re/public/agx-re/experiments/EXP-0136-m4-unreachable-encodings/work/gen/m4_20260828_run02/d_swizzle_comp1_code0/dump/bo_sigusr1_h0_va100000e0000_cpu10654c000_sz9480.hex
BODUMP end reason=sigusr1
MAPDUMP reason=sigusr1 seq=44 conn=0 memType=0x00005e15 addr=0x100ba4000 size=0x4000 read=0x4000 -> /Users/user/asahi_re/public/agx-re/experiments/EXP-0136-m4-unreachable-encodings/work/gen/m4_20260828_run02/d_swizzle_comp1_code0/dump/map_seq000044_conn0_type00005e15_at100ba4000_sz4000.hex
MAPDUMP reason=sigusr1 seq=44 conn=0 memType=0x00005e15 addr=0x100b98000 size=0x4000 read=0x4000 -> /Users/user/asahi_re/public/agx-re/experiments/EXP-0136-m4-unreachable-encodings/work/gen/m4_20260828_run02/d_swizzle_comp1_code0/dump/map_seq000044_conn0_type00005e15_at100b98000_sz4000.hex
BODUMP begin reason=sigusr1 n_bo=27
BODUMP handle=0 gpu_va=0x10000000000 cpu=0x100bac000 size=0x10000 read=0x10000 -> /Users/user/asahi_re/public/agx-re/experiments/EXP-0136-m4-unreachable-encodings/work/gen/m4_20260828_run02/d_swizzle_comp1_code0/dump/bo_sigusr1_h0_va10000000000_cpu100bac000_sz10000.hex
BODUMP handle=0 gpu_va=0x6f00000000 cpu=0x100bbc000 size=0x3800 read=0x3800 -> /Users/user/asahi_re/public/agx-re/experiments/EXP-0136-m4-unreachable-encodings/work/gen/m4_20260828_run02/d_swizzle_comp1_code0/dump/bo_sigusr1_h0_va6f00000000_cpu100bbc000_sz3800.hex
BODUMP handle=0 gpu_va=0x10000018000 cpu=0x100bd4000 size=0x20000 read=0x20000 -> /Users/user/asahi_re/public/agx-re/experiments/EXP-0136-m4-unreachable-encodings/work/gen/m4_20260828_run02/d_swizzle_comp1_code0/dump/bo_sigusr1_h0_va10000018000_cpu100bd4000_sz20000.hex
BODUMP handle=0 gpu_va=0x10000040000 cpu=0x100fe8000 size=0x10000 read=0x10000 -> /Users/user/asahi_re/public/agx-re/experiments/EXP-0136-m4-unreachable-encodings/work/gen/m4_20260828_run02/d_swizzle_comp1_code0/dump/bo_sigusr1_h0_va10000040000_cpu100fe8000_sz10000.hex
BODUMP handle=0 gpu_va=0x0 cpu=0x100ff8000 size=0x10000 read=0x10000 -> /Users/user/asahi_re/public/agx-re/experiments/EXP-0136-m4-unreachable-encodings/work/gen/m4_20260828_run02/d_swizzle_comp1_code0/dump/bo_sigusr1_h0_va0_cpu100ff8000_sz10000.hex
BODUMP handle=0 gpu_va=0x10000058000 cpu=0x1054d0000 size=0x20000 read=0x20000 -> /Users/user/asahi_re/public/agx-re/experiments/EXP-0136-m4-unreachable-encodings/work/gen/m4_20260828_run02/d_swizzle_comp1_code0/dump/bo_sigusr1_h0_va10000058000_cpu1054d0000_sz20000.hex
BODUMP handle=0 gpu_va=0x10000080000 cpu=0x101014000 size=0x8000 read=0x8000 -> /Users/user/asahi_re/public/agx-re/experiments/EXP-0136-m4-unreachable-encodings/work/gen/m4_20260828_run02/d_swizzle_comp1_code0/dump/bo_sigusr1_h0_va10000080000_cpu101014000_sz8000.hex
BODUMP handle=0 gpu_va=0x10000090000 cpu=0x106524000 size=0x8000 read=0x8000 -> /Users/user/asahi_re/public/agx-re/experiments/EXP-0136-m4-unreachable-encodings/work/gen/m4_20260828_run02/d_swizzle_comp1_code0/dump/bo_sigusr1_h0_va10000090000_cpu106524000_sz8000.hex
BODUMP handle=0 gpu_va=0x100000a0000 cpu=0x10652c000 size=0x8000 read=0x8000 -> /Users/user/asahi_re/public/agx-re/experiments/EXP-0136-m4-unreachable-encodings/work/gen/m4_20260828_run02/d_swizzle_comp1_code0/dump/bo_sigusr1_h0_va100000a0000_cpu10652c000_sz8000.hex
BODUMP handle=0 gpu_va=0x100000b0000 cpu=0x106534000 size=0x8000 read=0x8000 -> /Users/user/asahi_re/public/agx-re/experiments/EXP-0136-m4-unreachable-encodings/work/gen/m4_20260828_run02/d_swizzle_comp1_code0/dump/bo_sigusr1_h0_va100000b0000_cpu106534000_sz8000.hex
BODUMP handle=0 gpu_va=0x100000c0000 cpu=0x10653c000 size=0x8000 read=0x8000 -> /Users/user/asahi_re/public/agx-re/experiments/EXP-0136-m4-unreachable-encodings/work/gen/m4_20260828_run02/d_swizzle_comp1_code0/dump/bo_sigusr1_h0_va100000c0000_cpu10653c000_sz8000.hex
BODUMP handle=0 gpu_va=0x100000d0000 cpu=0x106544000 size=0x8000 read=0x8000 -> /Users/user/asahi_re/public/agx-re/experiments/EXP-0136-m4-unreachable-encodings/work/gen/m4_20260828_run02/d_swizzle_comp1_code0/dump/bo_sigusr1_h0_va100000d0000_cpu106544000_sz8000.hex
BODUMP handle=0 gpu_va=0x100000e0000 cpu=0x10654c000 size=0x9480 read=0x9480 -> /Users/user/asahi_re/public/agx-re/experiments/EXP-0136-m4-unreachable-encodings/work/gen/m4_20260828_run02/d_swizzle_comp1_code0/dump/bo_sigusr1_h0_va100000e0000_cpu10654c000_sz9480.hex
BODUMP end reason=sigusr1
MAPDUMP reason=sigusr1 seq=44 conn=0 memType=0x00005e15 addr=0x100ba4000 size=0x4000 read=0x4000 -> /Users/user/asahi_re/public/agx-re/experiments/EXP-0136-m4-unreachable-encodings/work/gen/m4_20260828_run02/d_swizzle_comp1_code0/dump/map_seq000044_conn0_type00005e15_at100ba4000_sz4000.hex
MAPDUMP reason=sigusr1 seq=44 conn=0 memType=0x00005e15 addr=0x100b98000 size=0x4000 read=0x4000 -> /Users/user/asahi_re/public/agx-re/experiments/EXP-0136-m4-unreachable-encodings/work/gen/m4_20260828_run02/d_swizzle_comp1_code0/dump/map_seq000044_conn0_type00005e15_at100b98000_sz4000.hex
BODUMP begin reason=sigusr1 n_bo=27
BODUMP handle=0 gpu_va=0x10000000000 cpu=0x100bac000 size=0x10000 read=0x10000 -> /Users/user/asahi_re/public/agx-re/experiments/EXP-0136-m4-unreachable-encodings/work/gen/m4_20260828_run02/d_swizzle_comp1_code0/dump/bo_sigusr1_h0_va10000000000_cpu100bac000_sz10000.hex
BODUMP handle=0 gpu_va=0x6f00000000 cpu=0x100bbc000 size=0x3800 read=0x3800 -> /Users/user/asahi_re/public/agx-re/experiments/EXP-0136-m4-unreachable-encodings/work/gen/m4_20260828_run02/d_swizzle_comp1_code0/dump/bo_sigusr1_h0_va6f00000000_cpu100bbc000_sz3800.hex
BODUMP handle=0 gpu_va=0x10000018000 cpu=0x100bd4000 size=0x20000 read=0x20000 -> /Users/user/asahi_re/public/agx-re/experiments/EXP-0136-m4-unreachable-encodings/work/gen/m4_20260828_run02/d_swizzle_comp1_code0/dump/bo_sigusr1_h0_va10000018000_cpu100bd4000_sz20000.hex
BODUMP handle=0 gpu_va=0x10000040000 cpu=0x100fe8000 size=0x10000 read=0x10000 -> /Users/user/asahi_re/public/agx-re/experiments/EXP-0136-m4-unreachable-encodings/work/gen/m4_20260828_run02/d_swizzle_comp1_code0/dump/bo_sigusr1_h0_va10000040000_cpu100fe8000_sz10000.hex
BODUMP handle=0 gpu_va=0x0 cpu=0x100ff8000 size=0x10000 read=0x10000 -> /Users/user/asahi_re/public/agx-re/experiments/EXP-0136-m4-unreachable-encodings/work/gen/m4_20260828_run02/d_swizzle_comp1_code0/dump/bo_sigusr1_h0_va0_cpu100ff8000_sz10000.hex
BODUMP handle=0 gpu_va=0x10000058000 cpu=0x1054d0000 size=0x20000 read=0x20000 -> /Users/user/asahi_re/public/agx-re/experiments/EXP-0136-m4-unreachable-encodings/work/gen/m4_20260828_run02/d_swizzle_comp1_code0/dump/bo_sigusr1_h0_va10000058000_cpu1054d0000_sz20000.hex
BODUMP handle=0 gpu_va=0x10000080000 cpu=0x101014000 size=0x8000 read=0x8000 -> /Users/user/asahi_re/public/agx-re/experiments/EXP-0136-m4-unreachable-encodings/work/gen/m4_20260828_run02/d_swizzle_comp1_code0/dump/bo_sigusr1_h0_va10000080000_cpu101014000_sz8000.hex
BODUMP handle=0 gpu_va=0x10000090000 cpu=0x106524000 size=0x8000 read=0x8000 -> /Users/user/asahi_re/public/agx-re/experiments/EXP-0136-m4-unreachable-encodings/work/gen/m4_20260828_run02/d_swizzle_comp1_code0/dump/bo_sigusr1_h0_va10000090000_cpu106524000_sz8000.hex
BODUMP handle=0 gpu_va=0x100000a0000 cpu=0x10652c000 size=0x8000 read=0x8000 -> /Users/user/asahi_re/public/agx-re/experiments/EXP-0136-m4-unreachable-encodings/work/gen/m4_20260828_run02/d_swizzle_comp1_code0/dump/bo_sigusr1_h0_va100000a0000_cpu10652c000_sz8000.hex
BODUMP handle=0 gpu_va=0x100000b0000 cpu=0x106534000 size=0x8000 read=0x8000 -> /Users/user/asahi_re/public/agx-re/experiments/EXP-0136-m4-unreachable-encodings/work/gen/m4_20260828_run02/d_swizzle_comp1_code0/dump/bo_sigusr1_h0_va100000b0000_cpu106534000_sz8000.hex
BODUMP handle=0 gpu_va=0x100000c0000 cpu=0x10653c000 size=0x8000 read=0x8000 -> /Users/user/asahi_re/public/agx-re/experiments/EXP-0136-m4-unreachable-encodings/work/gen/m4_20260828_run02/d_swizzle_comp1_code0/dump/bo_sigusr1_h0_va100000c0000_cpu10653c000_sz8000.hex
BODUMP handle=0 gpu_va=0x100000d0000 cpu=0x106544000 size=0x8000 read=0x8000 -> /Users/user/asahi_re/public/agx-re/experiments/EXP-0136-m4-unreachable-encodings/work/gen/m4_20260828_run02/d_swizzle_comp1_code0/dump/bo_sigusr1_h0_va100000d0000_cpu106544000_sz8000.hex
BODUMP handle=0 gpu_va=0x100000e0000 cpu=0x10654c000 size=0x9480 read=0x9480 -> /Users/user/asahi_re/public/agx-re/experiments/EXP-0136-m4-unreachable-encodings/work/gen/m4_20260828_run02/d_swizzle_comp1_code0/dump/bo_sigusr1_h0_va100000e0000_cpu10654c000_sz9480.hex
BODUMP end reason=sigusr1
MAPDUMP reason=sigusr1 seq=44 conn=0 memType=0x00005e15 addr=0x100ba4000 size=0x4000 read=0x4000 -> /Users/user/asahi_re/public/agx-re/experiments/EXP-0136-m4-unreachable-encodings/work/gen/m4_20260828_run02/d_swizzle_comp1_code0/dump/map_seq000044_conn0_type00005e15_at100ba4000_sz4000.hex
MAPDUMP reason=sigusr1 seq=44 conn=0 memType=0x00005e15 addr=0x100b98000 size=0x4000 read=0x4000 -> /Users/user/asahi_re/public/agx-re/experiments/EXP-0136-m4-unreachable-encodings/work/gen/m4_20260828_run02/d_swizzle_comp1_code0/dump/map_seq000044_conn0_type00005e15_at100b98000_sz4000.hex
