selftest: 93 arms, 20529 cases, 6 falsifiers, 61 baselines -> PASS
preflight: 15 authored blobs -> PASS
between-runs: run01 has 20615 records, 0 control violations -> PASS
carrier synth (39 arms)
  CTRL                            5/5      0.00s
  L_extmode                     256/256   10.78s
  L_dst_lo_R3                     4/4      0.01s
  L_dst_ext9_R3                 128/128    0.11s
  L_dst_lo_R7                     4/4      0.00s
  L_dst_ext9_R7                 128/128    0.10s
  L_dst_lo_R20                    4/4      0.00s
  L_dst_ext9_R20                128/128    0.10s
  L_dst_lo_R33                    4/4      0.00s
  L_dst_ext9_R33                128/128    0.10s
  L_dst_pair                    512/512    0.48s
  L_ld_format                    64/64     0.05s
  L_ld_format_fwd                64/64     0.05s
  L_ldform_hi11                  64/64     0.06s
  L_ldform_hi11_fwd              64/64     0.06s
  L_reserved7                   256/256    0.13s
  L_reserved13                  256/256    0.13s
  L_space                       256/256    0.23s
  L_addr_mode                   256/256    0.13s
  L_access_desc                 256/256    0.13s
  L_elem_size                   256/256    0.24s
  L_index_reg                   256/256  116.14s
  L_base_slot                    16/16     0.03s
  L_idx_off                      14/14     0.02s
  S_st_format                   256/256    0.21s
  S_st_format_ext               128/128    0.11s
  S_st_desc_hi                   64/64     0.06s
  S_reserved7                   256/256    0.13s
  S_reserved13                  256/256    0.13s
  S_addr_mode                   256/256    0.13s
  S_space                       256/256    0.19s
  S_access_desc                 256/256    0.13s
  S_elem_size                   256/256    0.21s
  S_extmode                     256/256    1.66s
  S_addr_mode_fwd               256/256    0.18s
  S_st_format_fwd               256/256    0.20s
  F_dsf_scope_flag              257/257    0.12s
  F_dsf_b1                      256/256    0.12s
  F_dsf_b2                      256/256   52.08s
carrier atdev (14 arms)
  CTRL_SPLICE                     2/2      0.00s
  atdev_atomic_mem_b1           257/257    1.03s
  atdev_atomic_mem_b2           257/257    0.15s
  atdev_atomic_mem_b3           257/257    0.13s
  atdev_atomic_mem_b4           257/257    0.13s
  atdev_atomic_mem_b5           257/257    0.25s
  atdev_atomic_mem_b6           257/257   17.13s
  atdev_atomic_mem_b7           257/257    0.86s
  atdev_atomic_mem_b8           257/257    0.27s
  atdev_atomic_mem_b9           257/257    0.26s
  atdev_atomic_mem_b10          257/257    0.27s
  atdev_atomic_mem_b11          257/257    0.27s
  atdev_atomic_mem_b12          257/257    0.25s
  atdev_atomic_mem_b13          257/257    0.26s
carrier atdevimm (14 arms)
  CTRL_SPLICE                     1/1      0.00s
  atdevimm_atomic_mem_b1        257/257    0.81s
  atdevimm_atomic_mem_b2        257/257    0.14s
  atdevimm_atomic_mem_b3        257/257    0.13s
  atdevimm_atomic_mem_b4        257/257    0.13s
  atdevimm_atomic_mem_b5        257/257    0.25s
  atdevimm_atomic_mem_b6        257/257   27.96s
  atdevimm_atomic_mem_b7        257/257    0.85s
  atdevimm_atomic_mem_b8        257/257    0.26s
  atdevimm_atomic_mem_b9        257/257    0.25s
  atdevimm_atomic_mem_b10       257/257    0.27s
  atdevimm_atomic_mem_b11       257/257    0.27s
  atdevimm_atomic_mem_b12       257/257    0.24s
  atdevimm_atomic_mem_b13       257/257    0.22s
carrier attg (12 arms)
  CTRL_SPLICE                     2/2      0.00s
  attg_atomic_tg_b1             257/257  2193.74s
  attg_atomic_tg_b2             257/257    0.16s
  attg_atomic_tg_b3             257/257    0.13s
  attg_atomic_tg_b4             257/257    0.25s
  attg_atomic_tg_b5             257/257    7.05s
  attg_atomic_tg_b6             257/257    0.24s
  attg_atomic_tg_b7             257/257    0.24s
  attg_atomic_tg_b8             257/257    0.18s
  attg_atomic_tg_b9             257/257    0.25s
  attg_atomic_tg_b10            257/257    0.23s
  attg_atomic_tg_b11            257/257    0.22s
carrier tgtile (12 arms)
  CTRL_SPLICE                     2/2      0.00s
  tgtile_threadgroup_barrier_b1  257/257    0.24s
  tgtile_threadgroup_barrier_b2  257/257    0.14s
  tgtile_threadgroup_barrier_b3  257/257    0.23s
  tgtile_threadgroup_barrier_b4  257/257    0.14s
  tgtile_threadgroup_barrier_b5  257/257    0.14s
  tgtile_tg_addr_compute_b0     257/257    1.45s
  tgtile_tg_addr_compute_b1     257/257    0.28s
  tgtile_tg_addr_compute_b2     257/257    0.15s
  tgtile_tg_addr_compute_b3     257/257    0.15s
  tgtile_tg_addr_compute_b4     257/257    0.15s
  tgtile_tg_addr_compute_b5     257/257    0.15s
carrier devfence (6 arms)
  CTRL_SPLICE                     1/1      0.00s
  devfence_mem_fence_b1         257/257    0.17s
  devfence_mem_fence_b2         257/257    0.13s
  devfence_mem_fence_b3         257/257    0.13s
  devfence_mem_fence_b4         257/257    0.13s
  devfence_mem_fence_b5         257/257    0.14s
DONE m4-20260828-run12: 20529 cases planned
run m4-20260828-run12 complete: 20744 records
