selftest: 93 arms, 20529 cases, 6 falsifiers, 61 baselines -> PASS
preflight: 15 authored blobs -> PASS
carrier synth (25 arms)
  CTRL_ADD                        3/3      0.00s
  S_extmode_D4                  256/256   11.06s
  S_extmode_D8                  256/256    8.56s
  S_extmode_D12                 256/256   13.90s
  L_dstpair_ldfmt3              512/512    0.50s
  L_dstpair_ldfmt7              512/512    0.48s
  L_dstpair_ldfmt9              512/512    0.48s
  L_dstpair_ldfmt13             512/512    0.48s
  L_dstpair_ldfmt17             512/512    0.46s
  L_dstpair_ldfmt19             512/512    0.46s
  L_dstpair_ldfmt21             512/512    0.47s
  L_dstpair_ldfmt23             512/512    0.46s
  L_dstpair_ldfmt25             512/512    0.46s
  L_dstpair_ldfmt27             512/512    0.47s
  L_dstpair_ldfmt29             512/512    0.47s
  L_dstpair_ldfmt31             512/512    0.47s
  L_dstpair_ldfmt39             512/512    0.49s
  L_dstpair_ldfmt49             512/512    0.47s
  L_dstpair_ldfmt51             512/512    0.47s
  L_dstpair_ldfmt53             512/512    0.47s
  L_dstpair_ldfmt55             512/512    0.46s
  L_dstpair_ldfmt57             512/512    0.47s
  L_dstpair_ldfmt59             512/512    0.47s
  L_dstpair_ldfmt61             512/512    0.47s
  L_dstpair_ldfmt63             512/512    0.46s
carrier atdev (14 arms)
  CTRL_RMW                        2/2      0.00s
  atdev_atomic_rmw_b2           256/256    0.13s
  atdev_atomic_rmw_b3           256/256    0.13s
  atdev_atomic_rmw_b4           256/256    0.13s
  atdev_atomic_rmw_b5           256/256    0.25s
  atdev_atomic_rmw_b6           256/256   21.57s
  atdev_atomic_rmw_b7           256/256    0.90s
  atdev_atomic_rmw_b8           256/256    0.26s
  atdev_atomic_rmw_b9           256/256    0.25s
  atdev_atomic_rmw_b10          256/256    0.26s
  atdev_atomic_rmw_b11          256/256    0.26s
  atdev_atomic_rmw_b12          256/256    0.24s
  atdev_atomic_rmw_b13          256/256    0.25s
  atdev_operand_pair            256/256   25.11s
DONE m4-20260828-run22: 14853 cases planned
run m4-20260828-run22 complete: 15005 records
