groups=74 cases=89578
  B   bb_commit  rtq_pred         a0  INERT (liveness controls reproduced the baseline)
  B   bb_commit  rtq_pred         a1  INERT (liveness controls reproduced the baseline)
  B   bb_commit  rtq_pred         a2  INERT (liveness controls reproduced the baseline)
  B   bb_commit  rtq_pred         a3  INERT (liveness controls reproduced the baseline)
  B   bb_commit  rtq_pred         a4  INERT (liveness controls reproduced the baseline)
  B   bb_commit  rtq_pred         a5  INERT (liveness controls reproduced the baseline)
  B   bb_commit  rtq_pred         a6  INERT (liveness controls reproduced the baseline)
  B   bb_commit  rtq_pred         a7  INERT (liveness controls reproduced the baseline)
  B   bb_commit  rtq_pred         a8  INERT (liveness controls reproduced the baseline)
  B   bb_commit  rtq_pred         a9  INERT (liveness controls reproduced the baseline)
  B   bb_commit  rtq_dualsrc      a0  INERT (liveness controls reproduced the baseline)
  B   bb_commit  rtq_dualsrc      a1  INERT (liveness controls reproduced the baseline)
  B   bb_commit  rtq_dualsrc      a2  INERT (liveness controls reproduced the baseline)
  B   bb_commit  rtq_dualsrc      a3  INERT (liveness controls reproduced the baseline)
  B   bb_commit  rtq_dualsrc      a4  INERT (liveness controls reproduced the baseline)
  B   bb_commit  rtq_dualsrc      a5  INERT (liveness controls reproduced the baseline)
  B   bb_commit  rtq_dualsrc      a6  INERT (liveness controls reproduced the baseline)
  B   bb_commit  rtq_dualsrc      a7  INERT (liveness controls reproduced the baseline)
  B   bb_commit  rtq_dualsrc      a8  INERT (liveness controls reproduced the baseline)
  B   bb_commit  rtq_dualsrc      a9  INERT (liveness controls reproduced the baseline)
  B   bb_commit  rtq_dualsrc      a10  INERT (liveness controls reproduced the baseline)
  B   bb_commit  rtq_dualsrc      a11  INERT (liveness controls reproduced the baseline)
  B   bb_commit  sr_read_wide     a0  INERT (liveness controls reproduced the baseline)
  B   bb_commit  sr_read_wide     a1  INERT (liveness controls reproduced the baseline)
  B   bb_commit  sr_read_wide     a2  INERT (liveness controls reproduced the baseline)
  B   bb_commit  sr_read_wide     a3  INERT (liveness controls reproduced the baseline)
  B   bb_commit  sr_read_wide     a4  INERT (liveness controls reproduced the baseline)
  B   bb_commit  sr_read_wide     a5  INERT (liveness controls reproduced the baseline)
  B   bb_commit  sr_read_wide     a6  INERT (liveness controls reproduced the baseline)
  B   bb_commit  sr_read_wide     a7  INERT (liveness controls reproduced the baseline)
  B   bb_commit  sr_read_wide     a8  INERT (liveness controls reproduced the baseline)
  B   bb_commit  sr_read_wide     a9  INERT (liveness controls reproduced the baseline)
  B   bb_commit  sr_read_wide     a10  INERT (liveness controls reproduced the baseline)
  B   bb_commit  sr_read_wide     a11  INERT (liveness controls reproduced the baseline)
  B   bb_commit  rtq_state_move   a0  INERT (liveness controls reproduced the baseline)
  B   bb_commit  rtq_state_move   a1    782 cases   36.16s 
  B   bb_commit  rtq_state_move   a2  INERT (liveness controls reproduced the baseline)
  B   bb_commit  rtq_state_move   a3  INERT (liveness controls reproduced the baseline)
  B   bb_commit  rtq_state_move   a4  INERT (liveness controls reproduced the baseline)
  B   bb_commit  rtq_state_move   a5  INERT (liveness controls reproduced the baseline)
  B   bb_commit  rtq_state_move   a6  INERT (liveness controls reproduced the baseline)
  B   bb_commit  rtq_state_move   a7  INERT (liveness controls reproduced the baseline)
  B   bb_commit  rtq_state_move   a8  INERT (liveness controls reproduced the baseline)
  B   bb_commit  rtq_state_move   a9  INERT (liveness controls reproduced the baseline)
  B   bb_commit  rtq_state_move   a10  INERT (liveness controls reproduced the baseline)
  B   bb_commit  rtq_state_move   a11  INERT (liveness controls reproduced the baseline)
  B   bb_commit  op04_len8        a0    929 cases    5.47s 
  B   bb_commit  op04_len8        a2  INERT (liveness controls reproduced the baseline)
  B   bb_commit  op04_len8        a3  INERT (liveness controls reproduced the baseline)
  B   bb_commit  op04_len8        a4  INERT (liveness controls reproduced the baseline)
  B   bb_commit  op04_len8        a5  INERT (liveness controls reproduced the baseline)
  B   bb_prim    rtq_pred         a0  INERT (liveness controls reproduced the baseline)
  B   bb_prim    rtq_pred         a1  INERT (liveness controls reproduced the baseline)
  B   bb_prim    rtq_pred         a2  INERT (liveness controls reproduced the baseline)
  B   bb_prim    rtq_pred         a3  INERT (liveness controls reproduced the baseline)
  B   bb_prim    rtq_pred         a4  INERT (liveness controls reproduced the baseline)
  B   bb_prim    rtq_pred         a5  INERT (liveness controls reproduced the baseline)
  B   bb_prim    rtq_pred         a6  INERT (liveness controls reproduced the baseline)
  B   bb_prim    rtq_pred         a7  INERT (liveness controls reproduced the baseline)
  B   bb_prim    rtq_pred         a8  INERT (liveness controls reproduced the baseline)
  B   bb_prim    rtq_pred         a9  INERT (liveness controls reproduced the baseline)
  B   bb_prim    rtq_dualsrc      a0  INERT (liveness controls reproduced the baseline)
  B   bb_prim    rtq_dualsrc      a1  INERT (liveness controls reproduced the baseline)
  B   bb_prim    rtq_dualsrc      a2  INERT (liveness controls reproduced the baseline)
  B   bb_prim    rtq_dualsrc      a3  INERT (liveness controls reproduced the baseline)
  B   bb_prim    rtq_dualsrc      a4  INERT (liveness controls reproduced the baseline)
  B   bb_prim    rtq_dualsrc      a5  INERT (liveness controls reproduced the baseline)
  B   bb_prim    rtq_dualsrc      a6  INERT (liveness controls reproduced the baseline)
  B   bb_prim    rtq_dualsrc      a7  INERT (liveness controls reproduced the baseline)
  B   bb_prim    rtq_dualsrc      a8  INERT (liveness controls reproduced the baseline)
  B   bb_prim    rtq_dualsrc      a9  INERT (liveness controls reproduced the baseline)
  B   bb_prim    rtq_dualsrc      a10  INERT (liveness controls reproduced the baseline)
  B   bb_prim    rtq_dualsrc      a11  INERT (liveness controls reproduced the baseline)
done
