groups=57 cases=56078
  B2  rq_all     ray_move         a0  INERT (liveness controls reproduced the baseline)
  B2  rq_all     ray_move         a1    782 cases   25.30s 
  B2  rq_all     ray_move         a5  INERT (liveness controls reproduced the baseline)
  B2  rq_all     ray_move         a6  INERT (liveness controls reproduced the baseline)
  B2  rq_all     ray_move         a7  INERT (liveness controls reproduced the baseline)
  B2  rq_all     ray_move         a8  INERT (liveness controls reproduced the baseline)
  B2  rq_all     ray_move         a9  INERT (liveness controls reproduced the baseline)
  B2  rq_all     ray_move         a10  INERT (liveness controls reproduced the baseline)
  B2  rq_all     ray_move         a11  INERT (liveness controls reproduced the baseline)
  B2  rq_all     ray_move         a12  INERT (liveness controls reproduced the baseline)
  B2  rq_all     ray_move         a13  INERT (liveness controls reproduced the baseline)
  B2  rq_all     ray_move         a14  INERT (liveness controls reproduced the baseline)
  B2  rq_all     ray_move         a15  INERT (liveness controls reproduced the baseline)
  B2  rq_all     ray_move_zinit   a0  INERT (liveness controls reproduced the baseline)
  B2  rq_all     ray_move_zinit   a1  INERT (liveness controls reproduced the baseline)
  B2  rq_all     ray_move_zinit   a2  INERT (liveness controls reproduced the baseline)
  B2  rq_all     ray_move_zinit   a3  INERT (liveness controls reproduced the baseline)
  B2  rq_all     ray_move_zinit   a4  INERT (liveness controls reproduced the baseline)
  B2  rq_all     ray_move_zinit   a5  INERT (liveness controls reproduced the baseline)
  B2  rq_all     ray_move_zinit   a6  INERT (liveness controls reproduced the baseline)
  B2  rq_all     ray_move_zinit   a7  INERT (liveness controls reproduced the baseline)
  B2  rq_all     ray_move_zinit   a8  INERT (liveness controls reproduced the baseline)
  B2  rq_all     rtq_state_move   a0    782 cases   50.86s 
  B2  rq_all     rtq_state_move   a1  INERT (liveness controls reproduced the baseline)
  B2  rq_all     rtq_state_move   a3  INERT (liveness controls reproduced the baseline)
  B2  rq_all     rtq_state_move   a4  INERT (liveness controls reproduced the baseline)
  B2  rq_all     rtq_state_move   a5  INERT (liveness controls reproduced the baseline)
  B2  rq_all     rtq_state_move   a6  INERT (liveness controls reproduced the baseline)
  B2  rq_all     rtq_state_move   a7  INERT (liveness controls reproduced the baseline)
  B2  rq_all     rtq_state_move   a8  INERT (liveness controls reproduced the baseline)
  B2  rq_all     rtq_state_move   a9  INERT (liveness controls reproduced the baseline)
  B2  rq_all     rtq_state_move   a10  INERT (liveness controls reproduced the baseline)
  B2  rq_all     rtq_state_move   a11  INERT (liveness controls reproduced the baseline)
  B2  rq_all     rtq_state_move   a12  INERT (liveness controls reproduced the baseline)
  B2  rq_all     rtq_state_move   a13  INERT (liveness controls reproduced the baseline)
  B2  rq_all     rtq_state_move   a14  INERT (liveness controls reproduced the baseline)
  B2  rq_all     rtq_state_move   a15  INERT (liveness controls reproduced the baseline)
  B2  rq_all     sr_read_wide     a0  INERT (liveness controls reproduced the baseline)
  B2  rq_all     sr_read_wide     a1   1501 cases    7.64s 
  B2  rq_all     sr_read_wide     a2  INERT (liveness controls reproduced the baseline)
  B2  rq_all     sr_read_wide     a3  INERT (liveness controls reproduced the baseline)
  B2  rq_all     sr_read_wide     a4  INERT (liveness controls reproduced the baseline)
  B2  rq_all     sr_read_wide     a5  INERT (liveness controls reproduced the baseline)
  B2  rq_all     sr_read_wide     a6  INERT (liveness controls reproduced the baseline)
  B2  rq_all     sr_read_wide     a8  INERT (liveness controls reproduced the baseline)
  B2  rq_all     sr_read_wide     a9  INERT (liveness controls reproduced the baseline)
  B2  rq_all     sr_read_wide     a10  INERT (liveness controls reproduced the baseline)
  B2  rq_all     sr_read_wide     a11  INERT (liveness controls reproduced the baseline)
  B2  rq_all     sr_read_wide     a12  INERT (liveness controls reproduced the baseline)
  B2  rq_all     sr_read_wide     a13  INERT (liveness controls reproduced the baseline)
  B2  rq_all     sr_read_wide     a14  INERT (liveness controls reproduced the baseline)
  B2  rq_all     sr_read_wide     a15  INERT (liveness controls reproduced the baseline)
done
