groups=121 cases=140879
  R   rq_cdist   sr_read_wide     a0   1501 cases   17.02s 
  R   rq_cdist   sr_read_wide     a2  INERT (liveness controls reproduced the baseline)
  R   rq_cdist   sr_read_wide     a3  INERT (liveness controls reproduced the baseline)
  R   rq_cdist   sr_read_wide     a4  INERT (liveness controls reproduced the baseline)
  R   rq_cdist   sr_read_wide     a5  INERT (liveness controls reproduced the baseline)
  R   rq_cdist   sr_read_wide     a6  INERT (liveness controls reproduced the baseline)
  R   rq_cdist   sr_read_wide     a7  INERT (liveness controls reproduced the baseline)
  R   rq_cdist   sr_read_wide     a8  INERT (liveness controls reproduced the baseline)
  R   rq_cdist   sr_read_wide     a9  INERT (liveness controls reproduced the baseline)
  R   rq_cdist   sr_read_wide     a10  INERT (liveness controls reproduced the baseline)
  R   rq_cdist   sr_read_wide     a11  INERT (liveness controls reproduced the baseline)
  R   rq_cdist   rtq_dualsrc      a0  INERT (liveness controls reproduced the baseline)
  R   rq_cdist   rtq_dualsrc      a1  INERT (liveness controls reproduced the baseline)
  R   rq_cdist   rtq_dualsrc      a2  INERT (liveness controls reproduced the baseline)
  R   rq_cdist   rtq_dualsrc      a3  INERT (liveness controls reproduced the baseline)
  R   rq_cdist   rtq_dualsrc      a4  INERT (liveness controls reproduced the baseline)
  R   rq_cdist   rtq_dualsrc      a5  INERT (liveness controls reproduced the baseline)
  R   rq_cdist   rtq_dualsrc      a6  INERT (liveness controls reproduced the baseline)
  R   rq_cdist   rtq_dualsrc      a7  INERT (liveness controls reproduced the baseline)
  R   rq_cdist   rtq_dualsrc      a8  INERT (liveness controls reproduced the baseline)
  R   rq_cdist   rtq_dualsrc      a9  INERT (liveness controls reproduced the baseline)
  R   rq_cdist   rtq_dualsrc      a10  INERT (liveness controls reproduced the baseline)
  R   rq_cdist   rtq_pred         a0  INERT (liveness controls reproduced the baseline)
  R   rq_cdist   rtq_pred         a1  INERT (liveness controls reproduced the baseline)
  R   rq_cdist   rtq_pred         a2  INERT (liveness controls reproduced the baseline)
  R   rq_cdist   rtq_pred         a3  INERT (liveness controls reproduced the baseline)
  R   rq_cdist   rtq_pred         a4  INERT (liveness controls reproduced the baseline)
  R   rq_cdist   rtq_pred         a5  INERT (liveness controls reproduced the baseline)
  R   rq_cdist   rtq_pred         a6  INERT (liveness controls reproduced the baseline)
  R   rq_cdist   rtq_pred         a7  INERT (liveness controls reproduced the baseline)
  R   rq_cdist   rtq_state_move   a0  INERT (liveness controls reproduced the baseline)
  R   rq_cdist   rtq_state_move   a1    782 cases    0.70s 
  R   rq_cdist   rtq_state_move   a2  INERT (liveness controls reproduced the baseline)
  R   rq_cdist   rtq_state_move   a3  INERT (liveness controls reproduced the baseline)
  R   rq_cdist   rtq_state_move   a4  INERT (liveness controls reproduced the baseline)
  R   rq_cdist   rtq_state_move   a5  INERT (liveness controls reproduced the baseline)
  R   rq_cdist   ray_move_copy6   a0    782 cases   83.28s 
  R   rq_cdist   ray_move_copy6   a1  INERT (liveness controls reproduced the baseline)
  R   rq_cdist   ray_move_copy6   a4  INERT (liveness controls reproduced the baseline)
  R   rq_cdist   ray_move_zero6   a0    782 cases   25.08s 
  R   rq_cdist   ray_move_zero6   a4  INERT (liveness controls reproduced the baseline)
  R   rq_cdist   ray_move_zero6   a5  INERT (liveness controls reproduced the baseline)
  R   rq_cdist   ray_move_zero6   a6  INERT (liveness controls reproduced the baseline)
  R   rq_cprim   sr_read_wide     a0   1501 cases   68.20s 
  R   rq_cprim   sr_read_wide     a1  INERT (liveness controls reproduced the baseline)
  R   rq_cprim   sr_read_wide     a2  INERT (liveness controls reproduced the baseline)
  R   rq_cprim   sr_read_wide     a3  INERT (liveness controls reproduced the baseline)
  R   rq_cprim   sr_read_wide     a4  INERT (liveness controls reproduced the baseline)
  R   rq_cprim   sr_read_wide     a5  INERT (liveness controls reproduced the baseline)
  R   rq_cprim   sr_read_wide     a7  INERT (liveness controls reproduced the baseline)
  R   rq_cprim   sr_read_wide     a8  INERT (liveness controls reproduced the baseline)
  R   rq_cprim   sr_read_wide     a9  INERT (liveness controls reproduced the baseline)
  R   rq_cprim   sr_read_wide     a10  INERT (liveness controls reproduced the baseline)
  R   rq_cprim   sr_read_wide     a11  INERT (liveness controls reproduced the baseline)
  R   rq_mprim   op04_len8        a0    929 cases   52.25s 
  R   rq_mprim   op04_len8        a1  INERT (liveness controls reproduced the baseline)
  R   rq_mprim   sr_read_wide     a0  INERT (liveness controls reproduced the baseline)
  R   rq_mprim   sr_read_wide     a1  INERT (liveness controls reproduced the baseline)
  R   rq_mprim   sr_read_wide     a2  INERT (liveness controls reproduced the baseline)
  R   rq_mprim   sr_read_wide     a3  INERT (liveness controls reproduced the baseline)
  R   rq_mprim   sr_read_wide     a4  INERT (liveness controls reproduced the baseline)
  R   rq_mprim   sr_read_wide     a5  INERT (liveness controls reproduced the baseline)
  R   rq_mprim   sr_read_wide     a6  INERT (liveness controls reproduced the baseline)
  R   rq_mprim   sr_read_wide     a7  INERT (liveness controls reproduced the baseline)
  R   rq_mprim   sr_read_wide     a8  INERT (liveness controls reproduced the baseline)
  R   rq_mprim   sr_read_wide     a9  INERT (liveness controls reproduced the baseline)
  R   rq_mprim   sr_read_wide     a10  INERT (liveness controls reproduced the baseline)
  R   rq_mprim   sr_read_wide     a11  INERT (liveness controls reproduced the baseline)
  R   rq_mdist   op04_len8        a0    929 cases   21.74s 
  R   rq_mdist   op04_len8        a1  INERT (liveness controls reproduced the baseline)
  R   rq_mdist   op04_len8        a2  INERT (liveness controls reproduced the baseline)
  R   rq_mtype   rtq_state_move   a0  INERT (liveness controls reproduced the baseline)
  R   rq_mtype   rtq_state_move   a1    782 cases   64.97s 
  R   rq_mtype   rtq_state_move   a2  INERT (liveness controls reproduced the baseline)
  R   rq_mtype   rtq_state_move   a3  INERT (liveness controls reproduced the baseline)
  R   rq_mtype   rtq_state_move   a4  INERT (liveness controls reproduced the baseline)
  R   rq_mtype   rtq_state_move   a5  INERT (liveness controls reproduced the baseline)
  R   rq_mtype   rtq_state_move   a6  INERT (liveness controls reproduced the baseline)
  R   rq_mtype   rtq_state_move   a7  INERT (liveness controls reproduced the baseline)
  R   rq_mtype   rtq_state_move   a8  INERT (liveness controls reproduced the baseline)
  S   sfusin     n2_op6           a0   1292 cases  160.74s 
  S   sfusin     sfu_marker       a0    512 cases    0.33s 
  S   sfumix     n2_op6           a0   1292 cases  214.57s 
