groups=121 cases=140879
  R   rq_cdist   sr_read_wide     a0   1501 cases  175.44s 
  R   rq_cdist   sr_read_wide     a2  INERT (liveness controls reproduced the baseline)
  R   rq_cdist   sr_read_wide     a3  INERT (liveness controls reproduced the baseline)
  R   rq_cdist   sr_read_wide     a4  INERT (liveness controls reproduced the baseline)
  R   rq_cdist   sr_read_wide     a5  INERT (liveness controls reproduced the baseline)
  R   rq_cdist   sr_read_wide     a6  INERT (liveness controls reproduced the baseline)
  R   rq_cdist   sr_read_wide     a7  INERT (liveness controls reproduced the baseline)
  R   rq_cdist   sr_read_wide     a8  INERT (liveness controls reproduced the baseline)
  R   rq_cdist   sr_read_wide     a9  INERT (liveness controls reproduced the baseline)
  R   rq_cdist   sr_read_wide     a10  INERT (liveness controls reproduced the baseline)
  R   rq_cdist   sr_read_wide     a11  INERT (liveness controls reproduced the baseline)
  R   rq_cdist   rtq_dualsrc      a0  INERT (liveness controls reproduced the baseline)
  R   rq_cdist   rtq_dualsrc      a1  INERT (liveness controls reproduced the baseline)
  R   rq_cdist   rtq_dualsrc      a2  INERT (liveness controls reproduced the baseline)
  R   rq_cdist   rtq_dualsrc      a3  INERT (liveness controls reproduced the baseline)
  R   rq_cdist   rtq_dualsrc      a4  INERT (liveness controls reproduced the baseline)
  R   rq_cdist   rtq_dualsrc      a5  INERT (liveness controls reproduced the baseline)
  R   rq_cdist   rtq_dualsrc      a6  INERT (liveness controls reproduced the baseline)
  R   rq_cdist   rtq_dualsrc      a7  INERT (liveness controls reproduced the baseline)
  R   rq_cdist   rtq_dualsrc      a8  INERT (liveness controls reproduced the baseline)
  R   rq_cdist   rtq_dualsrc      a9  INERT (liveness controls reproduced the baseline)
  R   rq_cdist   rtq_dualsrc      a10  INERT (liveness controls reproduced the baseline)
  R   rq_cdist   rtq_pred         a0  INERT (liveness controls reproduced the baseline)
  R   rq_cdist   rtq_pred         a1  INERT (liveness controls reproduced the baseline)
  R   rq_cdist   rtq_pred         a2  INERT (liveness controls reproduced the baseline)
  R   rq_cdist   rtq_pred         a3  INERT (liveness controls reproduced the baseline)
  R   rq_cdist   rtq_pred         a4  INERT (liveness controls reproduced the baseline)
  R   rq_cdist   rtq_pred         a5  INERT (liveness controls reproduced the baseline)
  R   rq_cdist   rtq_pred         a6  INERT (liveness controls reproduced the baseline)
  R   rq_cdist   rtq_pred         a7  INERT (liveness controls reproduced the baseline)
  R   rq_cdist   rtq_state_move   a0  INERT (liveness controls reproduced the baseline)
  R   rq_cdist   rtq_state_move   a1    782 cases   15.52s 
  R   rq_cdist   rtq_state_move   a2  INERT (liveness controls reproduced the baseline)
  R   rq_cdist   rtq_state_move   a3  INERT (liveness controls reproduced the baseline)
  R   rq_cdist   rtq_state_move   a4  INERT (liveness controls reproduced the baseline)
  R   rq_cdist   rtq_state_move   a5  INERT (liveness controls reproduced the baseline)
  R   rq_cdist   ray_move_copy6   a0    782 cases  203.58s 
  R   rq_cdist   ray_move_copy6   a1  INERT (liveness controls reproduced the baseline)
  R   rq_cdist   ray_move_copy6   a4  INERT (liveness controls reproduced the baseline)
  R   rq_cdist   ray_move_zero6   a0    782 cases   71.42s 
  R   rq_cdist   ray_move_zero6   a4  INERT (liveness controls reproduced the baseline)
  R   rq_cdist   ray_move_zero6   a5  INERT (liveness controls reproduced the baseline)
  R   rq_cdist   ray_move_zero6   a6  INERT (liveness controls reproduced the baseline)
  R   rq_cprim   sr_read_wide     a0   1501 cases   70.23s 
  R   rq_cprim   sr_read_wide     a1  INERT (liveness controls reproduced the baseline)
  R   rq_cprim   sr_read_wide     a2  INERT (liveness controls reproduced the baseline)
  R   rq_cprim   sr_read_wide     a3  INERT (liveness controls reproduced the baseline)
  R   rq_cprim   sr_read_wide     a4  INERT (liveness controls reproduced the baseline)
  R   rq_cprim   sr_read_wide     a5  INERT (liveness controls reproduced the baseline)
  R   rq_cprim   sr_read_wide     a7  INERT (liveness controls reproduced the baseline)
  R   rq_cprim   sr_read_wide     a8  INERT (liveness controls reproduced the baseline)
  R   rq_cprim   sr_read_wide     a9  INERT (liveness controls reproduced the baseline)
  R   rq_cprim   sr_read_wide     a10  INERT (liveness controls reproduced the baseline)
  R   rq_cprim   sr_read_wide     a11  INERT (liveness controls reproduced the baseline)
  R   rq_mprim   op04_len8        a0    929 cases   53.39s 
  R   rq_mprim   op04_len8        a1  INERT (liveness controls reproduced the baseline)
  R   rq_mprim   sr_read_wide     a0  INERT (liveness controls reproduced the baseline)
  R   rq_mprim   sr_read_wide     a1  INERT (liveness controls reproduced the baseline)
  R   rq_mprim   sr_read_wide     a2  INERT (liveness controls reproduced the baseline)
  R   rq_mprim   sr_read_wide     a3  INERT (liveness controls reproduced the baseline)
  R   rq_mprim   sr_read_wide     a4  INERT (liveness controls reproduced the baseline)
  R   rq_mprim   sr_read_wide     a5  INERT (liveness controls reproduced the baseline)
  R   rq_mprim   sr_read_wide     a6  INERT (liveness controls reproduced the baseline)
  R   rq_mprim   sr_read_wide     a7  INERT (liveness controls reproduced the baseline)
  R   rq_mprim   sr_read_wide     a8  INERT (liveness controls reproduced the baseline)
  R   rq_mprim   sr_read_wide     a9  INERT (liveness controls reproduced the baseline)
  R   rq_mprim   sr_read_wide     a10  INERT (liveness controls reproduced the baseline)
  R   rq_mprim   sr_read_wide     a11  INERT (liveness controls reproduced the baseline)
  R   rq_mdist   op04_len8        a0    929 cases   40.38s 
  R   rq_mdist   op04_len8        a1  INERT (liveness controls reproduced the baseline)
  R   rq_mdist   op04_len8        a2  INERT (liveness controls reproduced the baseline)
  R   rq_mtype   rtq_state_move   a0  INERT (liveness controls reproduced the baseline)
  R   rq_mtype   rtq_state_move   a1    782 cases  116.65s 
  R   rq_mtype   rtq_state_move   a2  INERT (liveness controls reproduced the baseline)
  R   rq_mtype   rtq_state_move   a3  INERT (liveness controls reproduced the baseline)
  R   rq_mtype   rtq_state_move   a4  INERT (liveness controls reproduced the baseline)
  R   rq_mtype   rtq_state_move   a5  INERT (liveness controls reproduced the baseline)
  R   rq_mtype   rtq_state_move   a6  INERT (liveness controls reproduced the baseline)
  R   rq_mtype   rtq_state_move   a7  INERT (liveness controls reproduced the baseline)
  R   rq_mtype   rtq_state_move   a8  INERT (liveness controls reproduced the baseline)
  S   sfusin     n2_op6           a0   1292 cases  295.56s 
  S   sfusin     sfu_marker       a0    512 cases    0.35s 
  S   sfumix     n2_op6           a0   1292 cases  171.91s 
  S   sfumix     sfu_marker       a0    512 cases   15.48s 
  S   sfucos     n2_op6           a0   1292 cases  114.51s 
  S   sfucos     sfu_marker       a0    512 cases    0.42s 
  S   u64eq      n2_op6           a0   1292 cases   59.75s 
  S   u64eq      n3_mov           a0    655 cases   72.23s 
  S   u64eq      scoreboard_fence a0    639 cases    1.11s 
  H   h4fma      h_coord_hi       a0   1292 cases  426.82s 
  H   h3mix      h_coord_hi       a0   1292 cases   70.35s 
  H   h3mix      h_coord_hi_ext   a0   1885 cases  104.76s 
done
