REC {"observed":1,"case":"argbuf_tier","outcome":"ok","note":"MTLArgumentBuffersTier (1 == Tier2)","target":"G17P","family":"fc"}
REC {"target":"G17P","encoded_length":8000000,"family":"fc","value":1000000,"case":"declared_cap_1000000","outcome":"ok","observed":"accept"}
REC {"target":"G17P","encoded_length":8000008,"family":"fc","value":1000001,"case":"declared_cap_1000001","outcome":"ok","observed":"accept"}
REC {"target":"G17P","encoded_length":16000000,"family":"fc","value":2000000,"case":"declared_cap_2000000","outcome":"ok","observed":"accept"}
REC {"target":"G17P","encoded_length":134217728,"family":"fc","value":16777216,"case":"declared_cap_16777216","outcome":"ok","observed":"accept"}
REC {"target":"G17P","encoded_length":536870912,"family":"fc","value":67108864,"case":"declared_cap_67108864","outcome":"ok","observed":"accept"}
REC {"family":"fc","encoded_length":8000000,"note":"8.000 bytes\/entry","target":"G17P","value":1000000,"case":"cap1000000\/argbuf","outcome":"ok"}
REC {"family":"fc","target":"G17P","note":"gpuResourceID._impl=1","value":0,"case":"cap1000000\/entry_bytes_0","outcome":"ok","observed":"0000000000000001"}
REC {"family":"fc","target":"G17P","note":"gpuResourceID._impl=2","value":1,"case":"cap1000000\/entry_bytes_1","outcome":"ok","observed":"0000000000000002"}
REC {"family":"fc","target":"G17P","note":"gpuResourceID._impl=3","value":2,"case":"cap1000000\/entry_bytes_2","outcome":"ok","observed":"0000000000000003"}
REC {"family":"fc","target":"G17P","note":"gpuResourceID._impl=4","value":7,"case":"cap1000000\/entry_bytes_7","outcome":"ok","observed":"0000000000000004"}
REC {"family":"fc","target":"G17P","note":"gpuResourceID._impl=5","value":255,"case":"cap1000000\/entry_bytes_255","outcome":"ok","observed":"0000000000000005"}
REC {"family":"fc","target":"G17P","note":"gpuResourceID._impl=6","value":256,"case":"cap1000000\/entry_bytes_256","outcome":"ok","observed":"0000000000000006"}
REC {"family":"fc","target":"G17P","note":"gpuResourceID._impl=7","value":65535,"case":"cap1000000\/entry_bytes_65535","outcome":"ok","observed":"0000000000000007"}
REC {"family":"fc","target":"G17P","note":"gpuResourceID._impl=8","value":65536,"case":"cap1000000\/entry_bytes_65536","outcome":"ok","observed":"0000000000000008"}
REC {"family":"fc","target":"G17P","note":"gpuResourceID._impl=9","value":262143,"case":"cap1000000\/entry_bytes_262143","outcome":"ok","observed":"0000000000000009"}
REC {"family":"fc","target":"G17P","note":"gpuResourceID._impl=10","value":499999,"case":"cap1000000\/entry_bytes_499999","outcome":"ok","observed":"000000000000000a"}
REC {"family":"fc","target":"G17P","note":"gpuResourceID._impl=11","value":500000,"case":"cap1000000\/entry_bytes_500000","outcome":"ok","observed":"000000000000000b"}
REC {"family":"fc","target":"G17P","note":"gpuResourceID._impl=12","value":999998,"case":"cap1000000\/entry_bytes_999998","outcome":"ok","observed":"000000000000000c"}
REC {"family":"fc","target":"G17P","note":"gpuResourceID._impl=13","value":999999,"case":"cap1000000\/entry_bytes_999999","outcome":"ok","observed":"000000000000000d"}
REC {"family":"fc","case":"cap1000000\/uniform_0","oracle":"c0000000","observed":"c0000000","match":1,"value":0,"attempts":2,"fault_class":"Discarded (victim of GPU error\/recovery) (00000005:kIOGPUCommandBufferCallbackErrorInnocentVictim)","cb_errors":1,"target":"G17P","populated":true,"in_declared_array":1,"outcome":"ok"}
REC {"family":"fc","case":"cap1000000\/uniform_1","oracle":"c0000001","observed":"c0000001","match":1,"value":1,"attempts":1,"fault_class":"","cb_errors":0,"target":"G17P","populated":true,"in_declared_array":1,"outcome":"ok"}
REC {"family":"fc","case":"cap1000000\/uniform_2","oracle":"c0000002","observed":"c0000002","match":1,"value":2,"attempts":1,"fault_class":"","cb_errors":0,"target":"G17P","populated":true,"in_declared_array":1,"outcome":"ok"}
REC {"family":"fc","case":"cap1000000\/uniform_3","oracle":"00000000","observed":"00000000","match":1,"value":3,"attempts":1,"fault_class":"","cb_errors":0,"target":"G17P","populated":false,"in_declared_array":1,"outcome":"ok"}
REC {"family":"fc","case":"cap1000000\/uniform_7","oracle":"c0000007","observed":"c0000007","match":1,"value":7,"attempts":1,"fault_class":"","cb_errors":0,"target":"G17P","populated":true,"in_declared_array":1,"outcome":"ok"}
REC {"family":"fc","case":"cap1000000\/uniform_255","oracle":"c00000ff","observed":"c00000ff","match":1,"value":255,"attempts":1,"fault_class":"","cb_errors":0,"target":"G17P","populated":true,"in_declared_array":1,"outcome":"ok"}
REC {"family":"fc","case":"cap1000000\/uniform_256","oracle":"c0000100","observed":"c0000100","match":1,"value":256,"attempts":1,"fault_class":"","cb_errors":0,"target":"G17P","populated":true,"in_declared_array":1,"outcome":"ok"}
REC {"family":"fc","case":"cap1000000\/uniform_4096","oracle":"00000000","observed":"00000000","match":1,"value":4096,"attempts":1,"fault_class":"","cb_errors":0,"target":"G17P","populated":false,"in_declared_array":1,"outcome":"ok"}
REC {"family":"fc","case":"cap1000000\/uniform_65535","oracle":"c000ffff","observed":"c000ffff","match":1,"value":65535,"attempts":1,"fault_class":"","cb_errors":0,"target":"G17P","populated":true,"in_declared_array":1,"outcome":"ok"}
REC {"family":"fc","case":"cap1000000\/uniform_65536","oracle":"c0010000","observed":"c0010000","match":1,"value":65536,"attempts":1,"fault_class":"","cb_errors":0,"target":"G17P","populated":true,"in_declared_array":1,"outcome":"ok"}
REC {"family":"fc","case":"cap1000000\/uniform_262143","oracle":"c003ffff","observed":"c003ffff","match":1,"value":262143,"attempts":1,"fault_class":"","cb_errors":0,"target":"G17P","populated":true,"in_declared_array":1,"outcome":"ok"}
REC {"family":"fc","case":"cap1000000\/uniform_499998","oracle":"00000000","observed":"00000000","match":1,"value":499998,"attempts":1,"fault_class":"","cb_errors":0,"target":"G17P","populated":false,"in_declared_array":1,"outcome":"ok"}
REC {"family":"fc","case":"cap1000000\/uniform_499999","oracle":"c007a11f","observed":"c007a11f","match":1,"value":499999,"attempts":1,"fault_class":"","cb_errors":0,"target":"G17P","populated":true,"in_declared_array":1,"outcome":"ok"}
REC {"family":"fc","case":"cap1000000\/uniform_500000","oracle":"c007a120","observed":"c007a120","match":1,"value":500000,"attempts":1,"fault_class":"","cb_errors":0,"target":"G17P","populated":true,"in_declared_array":1,"outcome":"ok"}
REC {"family":"fc","case":"cap1000000\/uniform_500001","oracle":"00000000","observed":"00000000","match":1,"value":500001,"attempts":1,"fault_class":"","cb_errors":0,"target":"G17P","populated":false,"in_declared_array":1,"outcome":"ok"}
REC {"family":"fc","case":"cap1000000\/uniform_999996","oracle":"00000000","observed":"00000000","match":1,"value":999996,"attempts":1,"fault_class":"","cb_errors":0,"target":"G17P","populated":false,"in_declared_array":1,"outcome":"ok"}
REC {"family":"fc","case":"cap1000000\/uniform_999997","oracle":"00000000","observed":"00000000","match":1,"value":999997,"attempts":1,"fault_class":"","cb_errors":0,"target":"G17P","populated":false,"in_declared_array":1,"outcome":"ok"}
REC {"family":"fc","case":"cap1000000\/uniform_999998","oracle":"c00f423e","observed":"c00f423e","match":1,"value":999998,"attempts":1,"fault_class":"","cb_errors":0,"target":"G17P","populated":true,"in_declared_array":1,"outcome":"ok"}
REC {"family":"fc","case":"cap1000000\/uniform_999999","oracle":"c00f423f","observed":"c00f423f","match":1,"value":999999,"attempts":1,"fault_class":"","cb_errors":0,"target":"G17P","populated":true,"in_declared_array":1,"outcome":"ok"}
REC {"family":"fc","case":"cap1000000\/uniform_1000000","oracle":"00000000","observed":"00000000","match":1,"value":1000000,"attempts":1,"fault_class":"","cb_errors":0,"target":"G17P","populated":false,"in_declared_array":0,"outcome":"ok"}
REC {"family":"fc","case":"cap1000000\/uniform_1000001","oracle":"00000000","observed":"00000000","match":1,"value":1000001,"attempts":1,"fault_class":"","cb_errors":0,"target":"G17P","populated":false,"in_declared_array":0,"outcome":"ok"}
REC {"family":"fc","case":"cap1000000\/uniform_2000000","oracle":"00000000","observed":"00000000","match":1,"value":2000000,"attempts":1,"fault_class":"","cb_errors":0,"target":"G17P","populated":false,"in_declared_array":0,"outcome":"ok"}
REC {"family":"fc","oracle":"c0000000 c0000001 c00000ff c000ffff c003ffff c007a11f c00f423e c00f423f ","cb_errors":0,"note":"lanes 0,1,255,65535,262143,499999,999998,999999","target":"G17P","match":1,"outcome":"ok","case":"cap1000000\/perlane_divergent","observed":"c0000000 c0000001 c00000ff c000ffff c003ffff c007a11f c00f423e c00f423f ","fault_class":""}
REC {"family":"fc","encoded_length":16000000,"note":"8.000 bytes\/entry","target":"G17P","value":2000000,"case":"cap2000000\/argbuf","outcome":"ok"}
REC {"family":"fc","target":"G17P","note":"gpuResourceID._impl=1","value":0,"case":"cap2000000\/entry_bytes_0","outcome":"ok","observed":"0000000000000001"}
REC {"family":"fc","target":"G17P","note":"gpuResourceID._impl=2","value":999999,"case":"cap2000000\/entry_bytes_999999","outcome":"ok","observed":"0000000000000002"}
REC {"family":"fc","target":"G17P","note":"gpuResourceID._impl=3","value":1000000,"case":"cap2000000\/entry_bytes_1000000","outcome":"ok","observed":"0000000000000003"}
REC {"family":"fc","target":"G17P","note":"gpuResourceID._impl=4","value":1000001,"case":"cap2000000\/entry_bytes_1000001","outcome":"ok","observed":"0000000000000004"}
REC {"family":"fc","target":"G17P","note":"gpuResourceID._impl=5","value":1048576,"case":"cap2000000\/entry_bytes_1048576","outcome":"ok","observed":"0000000000000005"}
REC {"family":"fc","target":"G17P","note":"gpuResourceID._impl=6","value":1999998,"case":"cap2000000\/entry_bytes_1999998","outcome":"ok","observed":"0000000000000006"}
REC {"family":"fc","target":"G17P","note":"gpuResourceID._impl=7","value":1999999,"case":"cap2000000\/entry_bytes_1999999","outcome":"ok","observed":"0000000000000007"}
REC {"family":"fc","case":"cap2000000\/uniform_0","oracle":"c0000000","observed":"c0000000","match":1,"value":0,"attempts":1,"fault_class":"","cb_errors":0,"target":"G17P","populated":true,"in_declared_array":1,"outcome":"ok"}
REC {"family":"fc","case":"cap2000000\/uniform_999999","oracle":"c00f423f","observed":"c00f423f","match":1,"value":999999,"attempts":1,"fault_class":"","cb_errors":0,"target":"G17P","populated":true,"in_declared_array":1,"outcome":"ok"}
REC {"family":"fc","case":"cap2000000\/uniform_1000000","oracle":"c00f4240","observed":"c00f4240","match":1,"value":1000000,"attempts":1,"fault_class":"","cb_errors":0,"target":"G17P","populated":true,"in_declared_array":1,"outcome":"ok"}
REC {"family":"fc","case":"cap2000000\/uniform_1000001","oracle":"c00f4241","observed":"c00f4241","match":1,"value":1000001,"attempts":1,"fault_class":"","cb_errors":0,"target":"G17P","populated":true,"in_declared_array":1,"outcome":"ok"}
REC {"family":"fc","case":"cap2000000\/uniform_1048576","oracle":"c0100000","observed":"c0100000","match":1,"value":1048576,"attempts":1,"fault_class":"","cb_errors":0,"target":"G17P","populated":true,"in_declared_array":1,"outcome":"ok"}
REC {"family":"fc","case":"cap2000000\/uniform_1500000","oracle":"00000000","observed":"00000000","match":1,"value":1500000,"attempts":1,"fault_class":"","cb_errors":0,"target":"G17P","populated":false,"in_declared_array":1,"outcome":"ok"}
REC {"family":"fc","case":"cap2000000\/uniform_1999998","oracle":"c01e847e","observed":"c01e847e","match":1,"value":1999998,"attempts":1,"fault_class":"","cb_errors":0,"target":"G17P","populated":true,"in_declared_array":1,"outcome":"ok"}
REC {"family":"fc","case":"cap2000000\/uniform_1999999","oracle":"c01e847f","observed":"c01e847f","match":1,"value":1999999,"attempts":1,"fault_class":"","cb_errors":0,"target":"G17P","populated":true,"in_declared_array":1,"outcome":"ok"}
REC {"family":"fc","case":"cap2000000\/uniform_2000000","oracle":"00000000","observed":"00000000","match":1,"value":2000000,"attempts":1,"fault_class":"","cb_errors":0,"target":"G17P","populated":false,"in_declared_array":0,"outcome":"ok"}
REC {"family":"fc","oracle":"c0000000 c00f423f c00f4240 c00f4241 c0100000 c01e847e c01e847f 00000000 ","cb_errors":0,"note":"lanes 0,999999,1000000,1000001,1048576,1999998,1999999,2000000","target":"G17P","match":1,"outcome":"ok","case":"cap2000000\/perlane_divergent","observed":"c0000000 c00f423f c00f4240 c00f4241 c0100000 c01e847e c01e847f 00000000 ","fault_class":""}
REC {"case":"__done","family":"fc","outcome":"ok","target":"G17P"}
