[g17p_e0213_B1_tex_write_twdyn_0] rc=0 drive_rc=0 pull_rc=0 quiet=True dt=5.9s rec 22134->22135
[g17p_e0213_B1_tex_write_twdyn_1] rc=0 drive_rc=0 pull_rc=0 quiet=True dt=5.7s rec 22135->22135
[g17p_e0213_B1_tex_sample_msfilt_0] rc=0 drive_rc=0 pull_rc=0 quiet=True dt=5.4s rec 22135->22135
[g17p_e0213_B1_tex_sample_msfixl_0] rc=0 drive_rc=0 pull_rc=0 quiet=True dt=5.4s rec 22135->22135
[g17p_e0213_B1_tex_sample_msgath_0] rc=0 drive_rc=0 pull_rc=0 quiet=True dt=5.4s rec 22135->22135
[g17p_e0213_B1_tex_sample_msread_0] rc=0 drive_rc=0 pull_rc=0 quiet=True dt=5.4s rec 22135->22135
[g17p_e0213_B1_tex_sample_mscmp_0] rc=0 drive_rc=0 pull_rc=0 quiet=True dt=5.4s rec 22135->22135
[g17p_e0213_B1_tex_sample_mslodq_0] rc=0 drive_rc=0 pull_rc=0 quiet=True dt=5.5s rec 22135->22135
[g17p_e0213_B1_tex_sample_msfixl_1] rc=0 drive_rc=0 pull_rc=0 quiet=True dt=5.4s rec 22135->22135
[g17p_e0213_B1_tex_sample_msread_1] rc=0 drive_rc=0 pull_rc=0 quiet=True dt=5.3s rec 22135->22135
[g17p_e0213_B1_tex_sample_mscmp_1] rc=0 drive_rc=0 pull_rc=0 quiet=True dt=5.4s rec 22135->22135
[g17p_e0213_B1_tex_sample_mslodq_1] rc=0 drive_rc=0 pull_rc=0 quiet=True dt=5.4s rec 22135->22135
[g17p_e0213_B1_tex_write_twmip_0] rc=0 drive_rc=0 pull_rc=0 quiet=True dt=5.6s rec 22135->22135
[g17p_e0213_B1_tex_write_twbuf_0] rc=0 drive_rc=0 pull_rc=0 quiet=True dt=5.8s rec 22135->22137
[g17p_e0213_B1_tex_write_twcube_0] rc=0 drive_rc=0 pull_rc=0 quiet=True dt=5.8s rec 22137->22137
[g17p_e0213_B1_tex_write_twcomp_0] rc=0 drive_rc=0 pull_rc=0 quiet=True dt=5.6s rec 22137->22137
[g17p_e0213_B1_tex_write_twbuf_3] rc=0 drive_rc=0 pull_rc=0 quiet=True dt=5.6s rec 22137->22137
[g17p_e0213_B1_tex_write_twcube_2] rc=0 drive_rc=0 pull_rc=0 quiet=True dt=5.8s rec 22137->22137
[g17p_e0213_B1_tex_write_twmip_1] rc=0 drive_rc=0 pull_rc=0 quiet=True dt=5.6s rec 22137->22137
[g17p_e0213_B1_tex_write_twbuf_1] rc=0 drive_rc=0 pull_rc=0 quiet=True dt=5.6s rec 22137->22137
[g17p_e0213_B1_tex_write_twcube_1] rc=0 drive_rc=0 pull_rc=0 quiet=True dt=6.0s rec 22137->22139
[g17p_e0213_B1_tex_write_twcomp_1] rc=0 drive_rc=0 pull_rc=0 quiet=True dt=5.7s rec 22139->22140
[g17p_e0213_B2_tex_write_twdyn_0] rc=0 drive_rc=0 pull_rc=0 quiet=True dt=5.8s rec 22140->22141
[g17p_e0213_B2_tex_write_twdyn_1] rc=0 drive_rc=0 pull_rc=0 quiet=True dt=5.7s rec 22141->22141
[g17p_e0213_B2_tex_sample_msfilt_0] rc=0 drive_rc=0 pull_rc=0 quiet=True dt=5.4s rec 22141->22141
[g17p_e0213_B2_tex_sample_msfixl_0] rc=0 drive_rc=0 pull_rc=0 quiet=True dt=5.5s rec 22141->22141
[g17p_e0213_B2_tex_sample_msgath_0] rc=0 drive_rc=0 pull_rc=0 quiet=True dt=5.4s rec 22141->22141
[g17p_e0213_B2_tex_sample_msread_0] rc=0 drive_rc=0 pull_rc=0 quiet=True dt=5.4s rec 22141->22141
[g17p_e0213_B2_tex_sample_mscmp_0] rc=0 drive_rc=0 pull_rc=0 quiet=True dt=5.4s rec 22141->22141
[g17p_e0213_B2_tex_sample_mslodq_0] rc=0 drive_rc=0 pull_rc=0 quiet=True dt=5.4s rec 22141->22141
[g17p_e0213_B2_tex_sample_msfixl_1] rc=0 drive_rc=0 pull_rc=0 quiet=True dt=5.4s rec 22141->22141
[g17p_e0213_B2_tex_sample_msread_1] rc=0 drive_rc=0 pull_rc=0 quiet=True dt=5.3s rec 22141->22141
[g17p_e0213_B2_tex_sample_mscmp_1] rc=0 drive_rc=0 pull_rc=0 quiet=True dt=5.4s rec 22141->22141
[g17p_e0213_B2_tex_sample_mslodq_1] rc=0 drive_rc=0 pull_rc=0 quiet=True dt=5.4s rec 22141->22141
[g17p_e0213_B2_tex_write_twmip_0] rc=0 drive_rc=0 pull_rc=0 quiet=True dt=6.1s rec 22141->22142
[g17p_e0213_B2_tex_write_twbuf_0] rc=0 drive_rc=0 pull_rc=0 quiet=True dt=5.8s rec 22142->22144
[g17p_e0213_B2_tex_write_twcube_0] rc=0 drive_rc=0 pull_rc=0 quiet=True dt=5.7s rec 22144->22144
[g17p_e0213_B2_tex_write_twcomp_0] rc=0 drive_rc=0 pull_rc=0 quiet=True dt=5.7s rec 22144->22144
[g17p_e0213_B2_tex_write_twbuf_3] rc=0 drive_rc=0 pull_rc=0 quiet=True dt=5.6s rec 22144->22144
[g17p_e0213_B2_tex_write_twcube_2] rc=0 drive_rc=0 pull_rc=0 quiet=True dt=5.7s rec 22144->22144
[g17p_e0213_B2_tex_write_twmip_1] rc=0 drive_rc=0 pull_rc=0 quiet=True dt=5.6s rec 22144->22144
[g17p_e0213_B2_tex_write_twbuf_1] rc=0 drive_rc=0 pull_rc=0 quiet=True dt=5.6s rec 22144->22144
[g17p_e0213_B2_tex_write_twcube_1] rc=0 drive_rc=0 pull_rc=0 quiet=True dt=6.0s rec 22144->22146
[g17p_e0213_B2_tex_write_twcomp_1] rc=0 drive_rc=0 pull_rc=0 quiet=True dt=5.7s rec 22146->22147
[g17p_e0213_B3_tex_write_twdyn_0] rc=0 drive_rc=0 pull_rc=0 quiet=True dt=5.7s rec 22147->22147
[g17p_e0213_B3_tex_write_twdyn_1] rc=0 drive_rc=0 pull_rc=0 quiet=True dt=5.7s rec 22147->22147
[g17p_e0213_B3_tex_sample_msfilt_0] rc=0 drive_rc=0 pull_rc=0 quiet=True dt=5.4s rec 22147->22147
[g17p_e0213_B3_tex_sample_msfixl_0] rc=0 drive_rc=0 pull_rc=0 quiet=True dt=5.4s rec 22147->22147
[g17p_e0213_B3_tex_sample_msgath_0] rc=0 drive_rc=0 pull_rc=0 quiet=True dt=5.5s rec 22147->22147
[g17p_e0213_B3_tex_sample_msread_0] rc=0 drive_rc=0 pull_rc=0 quiet=True dt=5.4s rec 22147->22147
[g17p_e0213_B3_tex_sample_mscmp_0] rc=0 drive_rc=0 pull_rc=0 quiet=True dt=5.4s rec 22147->22147
[g17p_e0213_B3_tex_sample_mslodq_0] rc=0 drive_rc=0 pull_rc=0 quiet=True dt=5.4s rec 22147->22147
[g17p_e0213_B3_tex_sample_msfixl_1] rc=0 drive_rc=0 pull_rc=0 quiet=True dt=5.4s rec 22147->22147
[g17p_e0213_B3_tex_sample_msread_1] rc=0 drive_rc=0 pull_rc=0 quiet=True dt=5.4s rec 22147->22147
[g17p_e0213_B3_tex_sample_mscmp_1] rc=0 drive_rc=0 pull_rc=0 quiet=True dt=5.4s rec 22147->22147
[g17p_e0213_B3_tex_sample_mslodq_1] rc=0 drive_rc=0 pull_rc=0 quiet=True dt=5.4s rec 22147->22147
[g17p_e0213_B3_tex_write_twmip_0] rc=0 drive_rc=0 pull_rc=0 quiet=True dt=5.7s rec 22147->22147
[g17p_e0213_B3_tex_write_twbuf_0] rc=0 drive_rc=0 pull_rc=0 quiet=True dt=5.7s rec 22147->22148
[g17p_e0213_B3_tex_write_twcube_0] rc=0 drive_rc=0 pull_rc=0 quiet=True dt=5.8s rec 22148->22148
[g17p_e0213_B3_tex_write_twcomp_0] rc=0 drive_rc=0 pull_rc=0 quiet=True dt=5.6s rec 22148->22148
[g17p_e0213_B3_tex_write_twbuf_3] rc=0 drive_rc=0 pull_rc=0 quiet=True dt=5.6s rec 22148->22148
[g17p_e0213_B3_tex_write_twcube_2] rc=0 drive_rc=0 pull_rc=0 quiet=True dt=5.8s rec 22148->22148
[g17p_e0213_B3_tex_write_twmip_1] rc=0 drive_rc=0 pull_rc=0 quiet=True dt=5.6s rec 22148->22148
[g17p_e0213_B3_tex_write_twbuf_1] rc=0 drive_rc=0 pull_rc=0 quiet=True dt=5.6s rec 22148->22148
[g17p_e0213_B3_tex_write_twcube_1] rc=0 drive_rc=0 pull_rc=0 quiet=True dt=5.9s rec 22148->22149
[g17p_e0213_B3_tex_write_twcomp_1] rc=0 drive_rc=0 pull_rc=0 quiet=True dt=5.6s rec 22149->22149
