# EXP-0132 wtrace known_roles=8 unknown_bo_content=HASH_ONLY pointer_following=0 direct_snapshot_entry=wtrace_snapshot_now max_read_tries=40
SERVICE_OPEN class=IOSurfaceRoot type=0
CALL class=IOSurfaceRoot sel=13 ret=0x0 in_struct=0x0 out_struct=0x28
CALL class=IOSurfaceRoot sel=44 ret=0xe00002f0 in_struct=0x0 out_struct=0x0
SERVICE_OPEN class=AGXAcceleratorG16G type=1048581
CALL class=IOSurfaceRoot sel=32 ret=0x0 in_struct=0x0 out_struct=0x0
CALL class=AGXAcceleratorG16G sel=9 ret=0x0 in_struct=0x68 out_struct=0x58
RESOURCE_MAP class=AGXAcceleratorG16G va=0x10000000000 size=0x10000 handle=0 cpu_present=0 outcpu_present=1 known=0
CALL class=AGXAcceleratorG16G sel=9 ret=0x0 in_struct=0x68 out_struct=0x58
RESOURCE_MAP class=AGXAcceleratorG16G va=0x6f00000000 size=0x3800 handle=0 cpu_present=0 outcpu_present=1 known=0
CALL class=IOSurfaceRoot sel=32 ret=0x0 in_struct=0x0 out_struct=0x0
CALL class=AGXAcceleratorG16G sel=9 ret=0x0 in_struct=0x68 out_struct=0x58
RESOURCE_MAP class=AGXAcceleratorG16G va=0x10000018000 size=0x20000 handle=0 cpu_present=0 outcpu_present=1 known=0
CALL class=AGXAcceleratorG16G sel=9 ret=0x0 in_struct=0x68 out_struct=0x58
RESOURCE_MAP class=AGXAcceleratorG16G va=0x10000018000 size=0x20000 handle=0 cpu_present=1 outcpu_present=0 known=0
CALL class=AGXAcceleratorG16G sel=9 ret=0x0 in_struct=0x68 out_struct=0x58
RESOURCE_MAP class=AGXAcceleratorG16G va=0x10000040000 size=0x10000 handle=0 cpu_present=0 outcpu_present=1 known=0
CALL class=AGXAcceleratorG16G sel=9 ret=0x0 in_struct=0x68 out_struct=0x58
RESOURCE_MAP class=AGXAcceleratorG16G va=0x0 size=0x10000 handle=0 cpu_present=0 outcpu_present=1 known=0
CALL class=AGXAcceleratorG16G sel=9 ret=0x0 in_struct=0x68 out_struct=0x58
RESOURCE_MAP class=AGXAcceleratorG16G va=0x10000018200 size=0x20000 handle=0 cpu_present=1 outcpu_present=0 known=1
CALL class=AGXAcceleratorG16G sel=9 ret=0x0 in_struct=0x68 out_struct=0x58
RESOURCE_MAP class=AGXAcceleratorG16G va=0x10000018400 size=0x20000 handle=0 cpu_present=1 outcpu_present=0 known=0
CALL class=AGXAcceleratorG16G sel=9 ret=0x0 in_struct=0x68 out_struct=0x58
RESOURCE_MAP class=AGXAcceleratorG16G va=0x10000018600 size=0x20000 handle=0 cpu_present=1 outcpu_present=0 known=0
CALL class=AGXAcceleratorG16G sel=9 ret=0x0 in_struct=0x68 out_struct=0x58
RESOURCE_MAP class=AGXAcceleratorG16G va=0x10000018700 size=0x20000 handle=0 cpu_present=1 outcpu_present=0 known=0
CALL class=AGXAcceleratorG16G sel=9 ret=0x0 in_struct=0x68 out_struct=0x58
RESOURCE_MAP class=AGXAcceleratorG16G va=0x10000018800 size=0x20000 handle=0 cpu_present=1 outcpu_present=0 known=0
CALL class=AGXAcceleratorG16G sel=9 ret=0x0 in_struct=0x68 out_struct=0x58
RESOURCE_MAP class=AGXAcceleratorG16G va=0x10000018900 size=0x20000 handle=0 cpu_present=1 outcpu_present=0 known=0
CALL class=AGXAcceleratorG16G sel=9 ret=0x0 in_struct=0x68 out_struct=0x58
RESOURCE_MAP class=AGXAcceleratorG16G va=0x10000019900 size=0x20000 handle=0 cpu_present=1 outcpu_present=0 known=0
CALL class=AGXAcceleratorG16G sel=9 ret=0x0 in_struct=0x68 out_struct=0x58
RESOURCE_MAP class=AGXAcceleratorG16G va=0x10000019a00 size=0x20000 handle=0 cpu_present=1 outcpu_present=0 known=0
CALL class=AGXAcceleratorG16G sel=9 ret=0x0 in_struct=0x68 out_struct=0x58
RESOURCE_MAP class=AGXAcceleratorG16G va=0x10000019b00 size=0x20000 handle=0 cpu_present=1 outcpu_present=0 known=0
CALL class=AGXAcceleratorG16G sel=9 ret=0x0 in_struct=0x68 out_struct=0x58
RESOURCE_MAP class=AGXAcceleratorG16G va=0x10000019c00 size=0x20000 handle=0 cpu_present=1 outcpu_present=0 known=0
CALL class=AGXAcceleratorG16G sel=9 ret=0x0 in_struct=0x68 out_struct=0x58
RESOURCE_MAP class=AGXAcceleratorG16G va=0x1000001a400 size=0x20000 handle=0 cpu_present=1 outcpu_present=0 known=0
CALL class=AGXAcceleratorG16G sel=9 ret=0x0 in_struct=0x68 out_struct=0x58
RESOURCE_MAP class=AGXAcceleratorG16G va=0x1000001a500 size=0x20000 handle=0 cpu_present=1 outcpu_present=0 known=0
CALL class=AGXAcceleratorG16G sel=9 ret=0x0 in_struct=0x68 out_struct=0x58
RESOURCE_MAP class=AGXAcceleratorG16G va=0x10000058000 size=0x20000 handle=0 cpu_present=0 outcpu_present=1 known=0
CALL class=AGXAcceleratorG16G sel=9 ret=0x0 in_struct=0x68 out_struct=0x58
RESOURCE_MAP class=AGXAcceleratorG16G va=0x10000058000 size=0x20000 handle=0 cpu_present=1 outcpu_present=0 known=0
CALL class=AGXAcceleratorG16G sel=9 ret=0x0 in_struct=0x68 out_struct=0x58
RESOURCE_MAP class=AGXAcceleratorG16G va=0x1000001c500 size=0x20000 handle=0 cpu_present=1 outcpu_present=0 known=0
CALL class=AGXAcceleratorG16G sel=7 ret=0x0 in_struct=0x410 out_struct=0x10
CALL class=AGXAcceleratorG16G sel=16 ret=0x0 in_struct=0x0 out_struct=0x10
CALL class=AGXAcceleratorG16G sel=28 ret=0x0 in_struct=0x0 out_struct=0x0
CALL class=AGXAcceleratorG16G sel=14 ret=0x0 in_struct=0x0 out_struct=0x10
CALL class=AGXAcceleratorG16G sel=14 ret=0x0 in_struct=0x0 out_struct=0x10
CALL class=AGXAcceleratorG16G sel=9 ret=0x0 in_struct=0x68 out_struct=0x58
RESOURCE_MAP class=AGXAcceleratorG16G va=0x10000080000 size=0x74000 handle=0 cpu_present=0 outcpu_present=1 known=0
CALL class=AGXAcceleratorG16G sel=9 ret=0x0 in_struct=0x68 out_struct=0x58
RESOURCE_MAP class=AGXAcceleratorG16G va=0x18000 size=0x8000 handle=0 cpu_present=0 outcpu_present=1 known=1
CALL class=AGXAcceleratorG16G sel=9 ret=0x0 in_struct=0x68 out_struct=0x58
RESOURCE_MAP class=AGXAcceleratorG16G va=0x28000 size=0x8000 handle=0 cpu_present=0 outcpu_present=1 known=0
CALL class=AGXAcceleratorG16G sel=9 ret=0x0 in_struct=0x68 out_struct=0x58
RESOURCE_MAP class=AGXAcceleratorG16G va=0x38000 size=0x8000 handle=0 cpu_present=0 outcpu_present=1 known=0
CALL class=AGXAcceleratorG16G sel=9 ret=0x0 in_struct=0x68 out_struct=0x58
RESOURCE_MAP class=AGXAcceleratorG16G va=0x100000f8000 size=0x8000 handle=0 cpu_present=0 outcpu_present=1 known=0
CALL class=AGXAcceleratorG16G sel=9 ret=0x0 in_struct=0x68 out_struct=0x58
RESOURCE_MAP class=AGXAcceleratorG16G va=0x10000108000 size=0x8000 handle=0 cpu_present=0 outcpu_present=1 known=0
CALL class=AGXAcceleratorG16G sel=9 ret=0x0 in_struct=0x68 out_struct=0x58
RESOURCE_MAP class=AGXAcceleratorG16G va=0x10000118000 size=0x8000 handle=0 cpu_present=0 outcpu_present=1 known=0
CALL class=AGXAcceleratorG16G sel=9 ret=0x0 in_struct=0x68 out_struct=0x58
RESOURCE_MAP class=AGXAcceleratorG16G va=0x10000128000 size=0x8000 handle=0 cpu_present=0 outcpu_present=1 known=1
CALL class=AGXAcceleratorG16G sel=9 ret=0x0 in_struct=0x68 out_struct=0x58
RESOURCE_MAP class=AGXAcceleratorG16G va=0x10000138000 size=0x100000 handle=0 cpu_present=0 outcpu_present=1 known=0
CALL class=AGXAcceleratorG16G sel=9 ret=0x0 in_struct=0x68 out_struct=0x58
RESOURCE_MAP class=AGXAcceleratorG16G va=0x48000 size=0x8000 handle=0 cpu_present=0 outcpu_present=1 known=0
CALL class=AGXAcceleratorG16G sel=9 ret=0x0 in_struct=0x68 out_struct=0x58
RESOURCE_MAP class=AGXAcceleratorG16G va=0x10000240000 size=0x8000 handle=0 cpu_present=0 outcpu_present=1 known=0
CALL class=AGXAcceleratorG16G sel=9 ret=0x0 in_struct=0x68 out_struct=0x58
RESOURCE_MAP class=AGXAcceleratorG16G va=0x10000250000 size=0x8000 handle=0 cpu_present=0 outcpu_present=1 known=0
CALL class=AGXAcceleratorG16G sel=9 ret=0x0 in_struct=0x68 out_struct=0x58
RESOURCE_MAP class=AGXAcceleratorG16G va=0x10000260000 size=0x8000 handle=0 cpu_present=0 outcpu_present=1 known=0
CALL class=AGXAcceleratorG16G sel=9 ret=0x0 in_struct=0x68 out_struct=0x58
RESOURCE_MAP class=AGXAcceleratorG16G va=0x10000270000 size=0x8000 handle=0 cpu_present=0 outcpu_present=1 known=0
CALL class=AGXAcceleratorG16G sel=9 ret=0x0 in_struct=0x68 out_struct=0x58
RESOURCE_MAP class=AGXAcceleratorG16G va=0x10000280000 size=0x8000 handle=0 cpu_present=0 outcpu_present=1 known=0
CALL class=AGXAcceleratorG16G sel=9 ret=0x0 in_struct=0x68 out_struct=0x58
RESOURCE_MAP class=AGXAcceleratorG16G va=0x58000 size=0x8000 handle=0 cpu_present=0 outcpu_present=1 known=1
CALL class=AGXAcceleratorG16G sel=9 ret=0x0 in_struct=0x68 out_struct=0x58
RESOURCE_MAP class=AGXAcceleratorG16G va=0x68000 size=0x88e0 handle=0 cpu_present=0 outcpu_present=1 known=1
CALL class=AGXAcceleratorG16G sel=9 ret=0x0 in_struct=0x68 out_struct=0x58
RESOURCE_MAP class=AGXAcceleratorG16G va=0x10000290000 size=0xc0000 handle=0 cpu_present=0 outcpu_present=1 known=0
SNAPSHOT va=0x0 size=0x10000 role=unnamed-descriptor-candidate captured=0 cap=0x8000 got=0x8000 tries=1 sha256=509b068ecd4c21a737ef7f976344651fc1ec3139ff4356a2b3b1b37b9e870d2d
SNAPSHOT va=0x18000 size=0x8000 role=vdm-command-state captured=1 cap=0x8000 got=0x8000 tries=1 sha256=342eb5c0a4c91f2b5f3d2f9ec26eee0167c2edd49affef23c2974c4f84a8baad
SNAPSHOT va=0x28000 size=0x8000 role=unnamed-descriptor-candidate captured=0 cap=0x8000 got=0x8000 tries=1 sha256=c35020473aed1b4642cd726cad727b63fff2824ad68cedd7ffb73c7cbd890479
SNAPSHOT va=0x38000 size=0x8000 role=unnamed-descriptor-candidate captured=0 cap=0x8000 got=0x8000 tries=1 sha256=c35020473aed1b4642cd726cad727b63fff2824ad68cedd7ffb73c7cbd890479
SNAPSHOT va=0x48000 size=0x8000 role=unnamed-descriptor-candidate captured=0 cap=0x8000 got=0x8000 tries=1 sha256=76e983b8f2356ce8cbb86c8ed435cae84f3e6d93d075011e1f6d8e78ef6450e0
SNAPSHOT va=0x58000 size=0x8000 role=fixed-function-render-state captured=1 cap=0x8000 got=0x8000 tries=1 sha256=2bd7a41b87077a68dfbab50c242d27aea06ea5fdfcfc2526c90b9085177a0646
SNAPSHOT va=0x68000 size=0x88e0 role=tiling-state captured=1 cap=0x88e0 got=0x88e0 tries=1 sha256=fa098bf26875d39b04d11860b717b095719ddc4082e9237ce4a8880e9b490891
SNAPSHOT va=0x6f00000000 size=0x3800 role=unnamed-descriptor-candidate captured=0 cap=0x3800 got=0x3800 tries=1 sha256=90b446c6472fde83a94e15bcef5e4b2ea20522db2c242448f6a825bb2a3f42b1
SNAPSHOT va=0x10000000000 size=0x10000 role=unnamed-descriptor-candidate captured=0 cap=0x8000 got=0x8000 tries=1 sha256=a08dffe1a7b091abc685895d8aaaf149d33d17cf84f43f09d3690c9bc9721ffc
SNAPSHOT va=0x10000018000 size=0x20000 role=unnamed-descriptor-candidate captured=0 cap=0x8000 got=0x8000 tries=1 sha256=6b2556233263540d69a8e32d8102d17a59e70d011b4216f71882aa054ce5f55c
SNAPSHOT va=0x10000018200 size=0x20000 role=mrt-attachment-descriptors captured=1 cap=0x20000 got=0x20000 tries=1 sha256=314386272b2e4b17ff124397cfe89c662cca4c364dfa161097c894bd4f43d596
SNAPSHOT va=0x10000018400 size=0x20000 role=unnamed-descriptor-candidate captured=0 cap=0x8000 got=0x8000 tries=1 sha256=352492d3f390f676dc15290f4baad674a50269346b04f038cedc6af5339e58e1
SNAPSHOT va=0x10000018600 size=0x20000 role=unnamed-descriptor-candidate captured=0 cap=0x8000 got=0x8000 tries=1 sha256=db84f9ba58ad5ca171c78242452fc2af2434cd27e0d28c095bd500dab5a2eedb
SNAPSHOT va=0x10000018700 size=0x20000 role=unnamed-descriptor-candidate captured=0 cap=0x8000 got=0x8000 tries=1 sha256=54441dec12624ae68a34e1310ea385278cd4fd9bd315cefd829770afdeab15dc
SNAPSHOT va=0x10000018800 size=0x20000 role=unnamed-descriptor-candidate captured=0 cap=0x8000 got=0x8000 tries=1 sha256=c69094d8b5ca895bd05111eccb8e00f20eb5246d414a18f68dc5d28d0d1074d7
SNAPSHOT va=0x10000018900 size=0x20000 role=unnamed-descriptor-candidate captured=0 cap=0x8000 got=0x8000 tries=1 sha256=9c5eb8f627129452bd4b049140971c9bbfbf1dba05d624b58ce5a2780f2c4525
SNAPSHOT va=0x10000019900 size=0x20000 role=unnamed-descriptor-candidate captured=0 cap=0x8000 got=0x8000 tries=1 sha256=d2bcdce38d74f6c343b5503980582465dc33d1604debfe8d89686e59c1752f96
SNAPSHOT va=0x10000019a00 size=0x20000 role=unnamed-descriptor-candidate captured=0 cap=0x8000 got=0x8000 tries=1 sha256=d83d15b7ef3f7a5b23cb1efa51337789ae52aae714cd9193ec6baed66e40e37d
SNAPSHOT va=0x10000019b00 size=0x20000 role=unnamed-descriptor-candidate captured=0 cap=0x8000 got=0x8000 tries=1 sha256=6aaca855d5a5dfae4eec150c1fcff2be45412b66c427d611274daa0178bf0762
SNAPSHOT va=0x10000019c00 size=0x20000 role=unnamed-descriptor-candidate captured=0 cap=0x8000 got=0x8000 tries=1 sha256=7966953e41d1ae0c21cf0f126e1642529f3fc0d66d7b01f7e0a2cb82e9d36812
SNAPSHOT va=0x1000001a400 size=0x20000 role=unnamed-descriptor-candidate captured=0 cap=0x8000 got=0x8000 tries=1 sha256=47f21d55d357b5773ffe05a9e71df6d2ae46d82563683e6146aa2369ee9431f1
SNAPSHOT va=0x1000001a500 size=0x20000 role=unnamed-descriptor-candidate captured=0 cap=0x8000 got=0x8000 tries=1 sha256=2780f573fa61655832e6f4537e6841387f19a3b1d2ccea7e223ab9907520fe8c
SNAPSHOT va=0x1000001c500 size=0x20000 role=unnamed-descriptor-candidate captured=0 cap=0x8000 got=0x8000 tries=1 sha256=b2400cd77d24c9fd4561760056d73dc5e192f493fdec5df7343a117a5f8a1e5d
SNAPSHOT va=0x10000040000 size=0x10000 role=unnamed-descriptor-candidate captured=1 cap=0x10000 got=0x10000 tries=1 sha256=5314e7cc29982aec4b627dad9781e70e5f6eca176c735d28280405511a3613e3
SNAPSHOT va=0x10000058000 size=0x20000 role=unnamed-descriptor-candidate captured=1 cap=0x20000 got=0x20000 tries=1 sha256=fa43239bcee7b97ca62f007cc68487560a39e19f74f3dde7486db3f98df8e471
SNAPSHOT va=0x10000080000 size=0x74000 role=unnamed-descriptor-candidate captured=0 cap=0x8000 got=0x8000 tries=1 sha256=f1bf8fab9ae19e358c4f82f2a5604c64bd996c3bd2fb5706119a3a17b4e31dc8
SNAPSHOT va=0x100000f8000 size=0x8000 role=unnamed-descriptor-candidate captured=1 cap=0x8000 got=0x8000 tries=1 sha256=2cf049c7461d1e3d075ebe896ae9faaacc437928a4b6c0f135cacf066b5c8bc1
SNAPSHOT va=0x10000108000 size=0x8000 role=unnamed-descriptor-candidate captured=1 cap=0x8000 got=0x8000 tries=1 sha256=7e4f8f9175bd31fc2bd824a9e30fb03bd7b76b4684bf084b7934f5bcc8f82eaf
SNAPSHOT va=0x10000118000 size=0x8000 role=unnamed-descriptor-candidate captured=1 cap=0x8000 got=0x8000 tries=1 sha256=d7242d3ccdafd760232edfde67dfdefed9881f67a6ea937c30e431113f7136f7
SNAPSHOT va=0x10000128000 size=0x8000 role=clear-color-arena captured=1 cap=0x8000 got=0x8000 tries=1 sha256=4879bbfd84282db331cf9078e67235c162512013d5a23bf7a8188910ba000da7
SNAPSHOT va=0x10000138000 size=0x100000 role=unnamed-descriptor-candidate captured=0 cap=0x8000 got=0x8000 tries=1 sha256=4b34af25711f378b25134071bcc8b642c441051e61024cac40b9bbd603d77eba
SNAPSHOT va=0x10000240000 size=0x8000 role=unnamed-descriptor-candidate captured=1 cap=0x8000 got=0x8000 tries=1 sha256=6e73a999e97199317e58a5b7f716c9f2abc8a4a271e3eab4e3101d1f79901a19
SNAPSHOT va=0x10000250000 size=0x8000 role=unnamed-descriptor-candidate captured=1 cap=0x8000 got=0x8000 tries=1 sha256=c35020473aed1b4642cd726cad727b63fff2824ad68cedd7ffb73c7cbd890479
SNAPSHOT va=0x10000260000 size=0x8000 role=unnamed-descriptor-candidate captured=1 cap=0x8000 got=0x8000 tries=1 sha256=c35020473aed1b4642cd726cad727b63fff2824ad68cedd7ffb73c7cbd890479
SNAPSHOT va=0x10000270000 size=0x8000 role=unnamed-descriptor-candidate captured=1 cap=0x8000 got=0x8000 tries=1 sha256=c35020473aed1b4642cd726cad727b63fff2824ad68cedd7ffb73c7cbd890479
SNAPSHOT va=0x10000280000 size=0x8000 role=unnamed-descriptor-candidate captured=1 cap=0x8000 got=0x8000 tries=1 sha256=c35020473aed1b4642cd726cad727b63fff2824ad68cedd7ffb73c7cbd890479
SNAPSHOT va=0x10000290000 size=0xc0000 role=unnamed-descriptor-candidate captured=0 cap=0x8000 got=0x8000 tries=1 sha256=c35020473aed1b4642cd726cad727b63fff2824ad68cedd7ffb73c7cbd890479
CALL class=AGXAcceleratorG16G sel=17 ret=0x0 in_struct=0x0 out_struct=0x0
CALL class=AGXAcceleratorG16G sel=8 ret=0x0 in_struct=0x0 out_struct=0x0
