# inittrace metadata_always_on=1 allbo_prefix_cap=4096 pointer_following=0 checkpointed=1 shared_page_bestEffort=1
SERVICE_OPEN class=IOSurfaceRoot type=0 conn=0x1a03
CALL class=IOSurfaceRoot sel=13 ret=0x0 in_struct=0x0 out_struct=0x28
CALL class=IOSurfaceRoot sel=44 ret=0xe00002f0 in_struct=0x0 out_struct=0x0
SERVICE_OPEN class=AGXAcceleratorG16G type=1048581 conn=0x2e03
CALL class=IOSurfaceRoot sel=32 ret=0x0 in_struct=0x0 out_struct=0x0
CALL class=AGXAcceleratorG16G sel=9 ret=0x0 in_struct=0x68 out_struct=0x58
RESOURCE_MAP class=AGXAcceleratorG16G gpu_va=0x10000000000 size=0x10000 handle=0 cpu_present=0 outcpu_present=1
CALL class=AGXAcceleratorG16G sel=9 ret=0x0 in_struct=0x68 out_struct=0x58
RESOURCE_MAP class=AGXAcceleratorG16G gpu_va=0x6f00000000 size=0x3800 handle=0 cpu_present=0 outcpu_present=1
CHECKPOINT idx=0 mach_time=170082919180 nbo=2 nshared=0
ALLBO_PREFIX_DUMP gpu_va=0x10000000000 size=0x10000 class=AGXAcceleratorG16G kr=0x0 got=0x1000 path=/Users/user/asahi_re/public/agx-re/experiments/EXP-0125-m4-scratch-helper-init/raw/m4-20260828-run01/dumps/I_nospill/cp00/allbo/bo_va10000000000_sz10000.hex
ALLBO_PREFIX_DUMP gpu_va=0x6f00000000 size=0x3800 class=AGXAcceleratorG16G kr=0x0 got=0x1000 path=/Users/user/asahi_re/public/agx-re/experiments/EXP-0125-m4-scratch-helper-init/raw/m4-20260828-run01/dumps/I_nospill/cp00/allbo/bo_va6f00000000_sz3800.hex
# checkpoint 0 complete nbo=2
CALL class=AGXAcceleratorG16G sel=7 ret=0x0 in_struct=0x410 out_struct=0x10
CALL class=AGXAcceleratorG16G sel=16 ret=0x0 in_struct=0x0 out_struct=0x10
CALL class=AGXAcceleratorG16G sel=28 ret=0x0 in_struct=0x0 out_struct=0x0
CALL class=AGXAcceleratorG16G sel=9 ret=0x0 in_struct=0x68 out_struct=0x58
RESOURCE_MAP class=AGXAcceleratorG16G gpu_va=0x10000018000 size=0x20000 handle=0 cpu_present=0 outcpu_present=1
CALL class=AGXAcceleratorG16G sel=9 ret=0x0 in_struct=0x68 out_struct=0x58
RESOURCE_MAP class=AGXAcceleratorG16G gpu_va=0x10000018000 size=0x20000 handle=0 cpu_present=1 outcpu_present=0
CALL class=AGXAcceleratorG16G sel=9 ret=0x0 in_struct=0x68 out_struct=0x58
RESOURCE_MAP class=AGXAcceleratorG16G gpu_va=0x10000018200 size=0x20000 handle=0 cpu_present=1 outcpu_present=0
CALL class=AGXAcceleratorG16G sel=9 ret=0x0 in_struct=0x68 out_struct=0x58
RESOURCE_MAP class=AGXAcceleratorG16G gpu_va=0x10000018400 size=0x20000 handle=0 cpu_present=1 outcpu_present=0
CALL class=AGXAcceleratorG16G sel=9 ret=0x0 in_struct=0x68 out_struct=0x58
RESOURCE_MAP class=AGXAcceleratorG16G gpu_va=0x10000018500 size=0x20000 handle=0 cpu_present=1 outcpu_present=0
CALL class=AGXAcceleratorG16G sel=9 ret=0x0 in_struct=0x68 out_struct=0x58
RESOURCE_MAP class=AGXAcceleratorG16G gpu_va=0x10000018700 size=0x20000 handle=0 cpu_present=1 outcpu_present=0
CALL class=AGXAcceleratorG16G sel=9 ret=0x0 in_struct=0x68 out_struct=0x58
RESOURCE_MAP class=AGXAcceleratorG16G gpu_va=0x10000018800 size=0x20000 handle=0 cpu_present=1 outcpu_present=0
CALL class=AGXAcceleratorG16G sel=9 ret=0x0 in_struct=0x68 out_struct=0x58
RESOURCE_MAP class=AGXAcceleratorG16G gpu_va=0x10000018900 size=0x20000 handle=0 cpu_present=1 outcpu_present=0
CALL class=AGXAcceleratorG16G sel=9 ret=0x0 in_struct=0x68 out_struct=0x58
RESOURCE_MAP class=AGXAcceleratorG16G gpu_va=0x10000019900 size=0x20000 handle=0 cpu_present=1 outcpu_present=0
CALL class=AGXAcceleratorG16G sel=9 ret=0x0 in_struct=0x68 out_struct=0x58
RESOURCE_MAP class=AGXAcceleratorG16G gpu_va=0x10000019a00 size=0x20000 handle=0 cpu_present=1 outcpu_present=0
CALL class=AGXAcceleratorG16G sel=9 ret=0x0 in_struct=0x68 out_struct=0x58
RESOURCE_MAP class=AGXAcceleratorG16G gpu_va=0x10000019b00 size=0x20000 handle=0 cpu_present=1 outcpu_present=0
CALL class=AGXAcceleratorG16G sel=9 ret=0x0 in_struct=0x68 out_struct=0x58
RESOURCE_MAP class=AGXAcceleratorG16G gpu_va=0x10000019c00 size=0x20000 handle=0 cpu_present=1 outcpu_present=0
CALL class=AGXAcceleratorG16G sel=9 ret=0x0 in_struct=0x68 out_struct=0x58
RESOURCE_MAP class=AGXAcceleratorG16G gpu_va=0x1000001a400 size=0x20000 handle=0 cpu_present=1 outcpu_present=0
CALL class=AGXAcceleratorG16G sel=9 ret=0x0 in_struct=0x68 out_struct=0x58
RESOURCE_MAP class=AGXAcceleratorG16G gpu_va=0x10000040000 size=0x10000 handle=0 cpu_present=0 outcpu_present=1
CALL class=AGXAcceleratorG16G sel=9 ret=0x0 in_struct=0x68 out_struct=0x58
RESOURCE_MAP class=AGXAcceleratorG16G gpu_va=0x0 size=0x10000 handle=0 cpu_present=0 outcpu_present=1
CALL class=AGXAcceleratorG16G sel=9 ret=0x0 in_struct=0x68 out_struct=0x58
RESOURCE_MAP class=AGXAcceleratorG16G gpu_va=0x1000001a500 size=0x20000 handle=0 cpu_present=1 outcpu_present=0
CALL class=AGXAcceleratorG16G sel=9 ret=0x0 in_struct=0x68 out_struct=0x58
RESOURCE_MAP class=AGXAcceleratorG16G gpu_va=0x10000058000 size=0x20000 handle=0 cpu_present=0 outcpu_present=1
CALL class=AGXAcceleratorG16G sel=9 ret=0x0 in_struct=0x68 out_struct=0x58
RESOURCE_MAP class=AGXAcceleratorG16G gpu_va=0x10000058000 size=0x20000 handle=0 cpu_present=1 outcpu_present=0
CHECKPOINT idx=1 mach_time=170092800888 nbo=18 nshared=0
ALLBO_PREFIX_DUMP gpu_va=0x10000000000 size=0x10000 class=AGXAcceleratorG16G kr=0x0 got=0x1000 path=/Users/user/asahi_re/public/agx-re/experiments/EXP-0125-m4-scratch-helper-init/raw/m4-20260828-run01/dumps/I_nospill/cp01/allbo/bo_va10000000000_sz10000.hex
ALLBO_PREFIX_DUMP gpu_va=0x6f00000000 size=0x3800 class=AGXAcceleratorG16G kr=0x0 got=0x1000 path=/Users/user/asahi_re/public/agx-re/experiments/EXP-0125-m4-scratch-helper-init/raw/m4-20260828-run01/dumps/I_nospill/cp01/allbo/bo_va6f00000000_sz3800.hex
ALLBO_PREFIX_DUMP gpu_va=0x10000018000 size=0x20000 class=AGXAcceleratorG16G kr=0x0 got=0x1000 path=/Users/user/asahi_re/public/agx-re/experiments/EXP-0125-m4-scratch-helper-init/raw/m4-20260828-run01/dumps/I_nospill/cp01/allbo/bo_va10000018000_sz20000.hex
ALLBO_PREFIX_DUMP gpu_va=0x10000018200 size=0x20000 class=AGXAcceleratorG16G kr=0x0 got=0x1000 path=/Users/user/asahi_re/public/agx-re/experiments/EXP-0125-m4-scratch-helper-init/raw/m4-20260828-run01/dumps/I_nospill/cp01/allbo/bo_va10000018200_sz20000.hex
ALLBO_PREFIX_DUMP gpu_va=0x10000018400 size=0x20000 class=AGXAcceleratorG16G kr=0x0 got=0x1000 path=/Users/user/asahi_re/public/agx-re/experiments/EXP-0125-m4-scratch-helper-init/raw/m4-20260828-run01/dumps/I_nospill/cp01/allbo/bo_va10000018400_sz20000.hex
ALLBO_PREFIX_DUMP gpu_va=0x10000018500 size=0x20000 class=AGXAcceleratorG16G kr=0x0 got=0x1000 path=/Users/user/asahi_re/public/agx-re/experiments/EXP-0125-m4-scratch-helper-init/raw/m4-20260828-run01/dumps/I_nospill/cp01/allbo/bo_va10000018500_sz20000.hex
ALLBO_PREFIX_DUMP gpu_va=0x10000018700 size=0x20000 class=AGXAcceleratorG16G kr=0x0 got=0x1000 path=/Users/user/asahi_re/public/agx-re/experiments/EXP-0125-m4-scratch-helper-init/raw/m4-20260828-run01/dumps/I_nospill/cp01/allbo/bo_va10000018700_sz20000.hex
ALLBO_PREFIX_DUMP gpu_va=0x10000018800 size=0x20000 class=AGXAcceleratorG16G kr=0x0 got=0x1000 path=/Users/user/asahi_re/public/agx-re/experiments/EXP-0125-m4-scratch-helper-init/raw/m4-20260828-run01/dumps/I_nospill/cp01/allbo/bo_va10000018800_sz20000.hex
ALLBO_PREFIX_DUMP gpu_va=0x10000018900 size=0x20000 class=AGXAcceleratorG16G kr=0x0 got=0x1000 path=/Users/user/asahi_re/public/agx-re/experiments/EXP-0125-m4-scratch-helper-init/raw/m4-20260828-run01/dumps/I_nospill/cp01/allbo/bo_va10000018900_sz20000.hex
ALLBO_PREFIX_DUMP gpu_va=0x10000019900 size=0x20000 class=AGXAcceleratorG16G kr=0x0 got=0x1000 path=/Users/user/asahi_re/public/agx-re/experiments/EXP-0125-m4-scratch-helper-init/raw/m4-20260828-run01/dumps/I_nospill/cp01/allbo/bo_va10000019900_sz20000.hex
ALLBO_PREFIX_DUMP gpu_va=0x10000019a00 size=0x20000 class=AGXAcceleratorG16G kr=0x0 got=0x1000 path=/Users/user/asahi_re/public/agx-re/experiments/EXP-0125-m4-scratch-helper-init/raw/m4-20260828-run01/dumps/I_nospill/cp01/allbo/bo_va10000019a00_sz20000.hex
ALLBO_PREFIX_DUMP gpu_va=0x10000019b00 size=0x20000 class=AGXAcceleratorG16G kr=0x0 got=0x1000 path=/Users/user/asahi_re/public/agx-re/experiments/EXP-0125-m4-scratch-helper-init/raw/m4-20260828-run01/dumps/I_nospill/cp01/allbo/bo_va10000019b00_sz20000.hex
ALLBO_PREFIX_DUMP gpu_va=0x10000019c00 size=0x20000 class=AGXAcceleratorG16G kr=0x0 got=0x1000 path=/Users/user/asahi_re/public/agx-re/experiments/EXP-0125-m4-scratch-helper-init/raw/m4-20260828-run01/dumps/I_nospill/cp01/allbo/bo_va10000019c00_sz20000.hex
ALLBO_PREFIX_DUMP gpu_va=0x1000001a400 size=0x20000 class=AGXAcceleratorG16G kr=0x0 got=0x1000 path=/Users/user/asahi_re/public/agx-re/experiments/EXP-0125-m4-scratch-helper-init/raw/m4-20260828-run01/dumps/I_nospill/cp01/allbo/bo_va1000001a400_sz20000.hex
ALLBO_PREFIX_DUMP gpu_va=0x10000040000 size=0x10000 class=AGXAcceleratorG16G kr=0x0 got=0x1000 path=/Users/user/asahi_re/public/agx-re/experiments/EXP-0125-m4-scratch-helper-init/raw/m4-20260828-run01/dumps/I_nospill/cp01/allbo/bo_va10000040000_sz10000.hex
ALLBO_PREFIX_DUMP gpu_va=0x0 size=0x10000 class=AGXAcceleratorG16G kr=0x0 got=0x1000 path=/Users/user/asahi_re/public/agx-re/experiments/EXP-0125-m4-scratch-helper-init/raw/m4-20260828-run01/dumps/I_nospill/cp01/allbo/bo_va0_sz10000.hex
ALLBO_PREFIX_DUMP gpu_va=0x1000001a500 size=0x20000 class=AGXAcceleratorG16G kr=0x0 got=0x1000 path=/Users/user/asahi_re/public/agx-re/experiments/EXP-0125-m4-scratch-helper-init/raw/m4-20260828-run01/dumps/I_nospill/cp01/allbo/bo_va1000001a500_sz20000.hex
ALLBO_PREFIX_DUMP gpu_va=0x10000058000 size=0x20000 class=AGXAcceleratorG16G kr=0x0 got=0x1000 path=/Users/user/asahi_re/public/agx-re/experiments/EXP-0125-m4-scratch-helper-init/raw/m4-20260828-run01/dumps/I_nospill/cp01/allbo/bo_va10000058000_sz20000.hex
# checkpoint 1 complete nbo=18
CHECKPOINT idx=2 mach_time=170102659903 nbo=18 nshared=0
ALLBO_PREFIX_DUMP gpu_va=0x10000000000 size=0x10000 class=AGXAcceleratorG16G kr=0x0 got=0x1000 path=/Users/user/asahi_re/public/agx-re/experiments/EXP-0125-m4-scratch-helper-init/raw/m4-20260828-run01/dumps/I_nospill/cp02/allbo/bo_va10000000000_sz10000.hex
ALLBO_PREFIX_DUMP gpu_va=0x6f00000000 size=0x3800 class=AGXAcceleratorG16G kr=0x0 got=0x1000 path=/Users/user/asahi_re/public/agx-re/experiments/EXP-0125-m4-scratch-helper-init/raw/m4-20260828-run01/dumps/I_nospill/cp02/allbo/bo_va6f00000000_sz3800.hex
ALLBO_PREFIX_DUMP gpu_va=0x10000018000 size=0x20000 class=AGXAcceleratorG16G kr=0x0 got=0x1000 path=/Users/user/asahi_re/public/agx-re/experiments/EXP-0125-m4-scratch-helper-init/raw/m4-20260828-run01/dumps/I_nospill/cp02/allbo/bo_va10000018000_sz20000.hex
ALLBO_PREFIX_DUMP gpu_va=0x10000018200 size=0x20000 class=AGXAcceleratorG16G kr=0x0 got=0x1000 path=/Users/user/asahi_re/public/agx-re/experiments/EXP-0125-m4-scratch-helper-init/raw/m4-20260828-run01/dumps/I_nospill/cp02/allbo/bo_va10000018200_sz20000.hex
ALLBO_PREFIX_DUMP gpu_va=0x10000018400 size=0x20000 class=AGXAcceleratorG16G kr=0x0 got=0x1000 path=/Users/user/asahi_re/public/agx-re/experiments/EXP-0125-m4-scratch-helper-init/raw/m4-20260828-run01/dumps/I_nospill/cp02/allbo/bo_va10000018400_sz20000.hex
ALLBO_PREFIX_DUMP gpu_va=0x10000018500 size=0x20000 class=AGXAcceleratorG16G kr=0x0 got=0x1000 path=/Users/user/asahi_re/public/agx-re/experiments/EXP-0125-m4-scratch-helper-init/raw/m4-20260828-run01/dumps/I_nospill/cp02/allbo/bo_va10000018500_sz20000.hex
ALLBO_PREFIX_DUMP gpu_va=0x10000018700 size=0x20000 class=AGXAcceleratorG16G kr=0x0 got=0x1000 path=/Users/user/asahi_re/public/agx-re/experiments/EXP-0125-m4-scratch-helper-init/raw/m4-20260828-run01/dumps/I_nospill/cp02/allbo/bo_va10000018700_sz20000.hex
ALLBO_PREFIX_DUMP gpu_va=0x10000018800 size=0x20000 class=AGXAcceleratorG16G kr=0x0 got=0x1000 path=/Users/user/asahi_re/public/agx-re/experiments/EXP-0125-m4-scratch-helper-init/raw/m4-20260828-run01/dumps/I_nospill/cp02/allbo/bo_va10000018800_sz20000.hex
ALLBO_PREFIX_DUMP gpu_va=0x10000018900 size=0x20000 class=AGXAcceleratorG16G kr=0x0 got=0x1000 path=/Users/user/asahi_re/public/agx-re/experiments/EXP-0125-m4-scratch-helper-init/raw/m4-20260828-run01/dumps/I_nospill/cp02/allbo/bo_va10000018900_sz20000.hex
ALLBO_PREFIX_DUMP gpu_va=0x10000019900 size=0x20000 class=AGXAcceleratorG16G kr=0x0 got=0x1000 path=/Users/user/asahi_re/public/agx-re/experiments/EXP-0125-m4-scratch-helper-init/raw/m4-20260828-run01/dumps/I_nospill/cp02/allbo/bo_va10000019900_sz20000.hex
ALLBO_PREFIX_DUMP gpu_va=0x10000019a00 size=0x20000 class=AGXAcceleratorG16G kr=0x0 got=0x1000 path=/Users/user/asahi_re/public/agx-re/experiments/EXP-0125-m4-scratch-helper-init/raw/m4-20260828-run01/dumps/I_nospill/cp02/allbo/bo_va10000019a00_sz20000.hex
ALLBO_PREFIX_DUMP gpu_va=0x10000019b00 size=0x20000 class=AGXAcceleratorG16G kr=0x0 got=0x1000 path=/Users/user/asahi_re/public/agx-re/experiments/EXP-0125-m4-scratch-helper-init/raw/m4-20260828-run01/dumps/I_nospill/cp02/allbo/bo_va10000019b00_sz20000.hex
ALLBO_PREFIX_DUMP gpu_va=0x10000019c00 size=0x20000 class=AGXAcceleratorG16G kr=0x0 got=0x1000 path=/Users/user/asahi_re/public/agx-re/experiments/EXP-0125-m4-scratch-helper-init/raw/m4-20260828-run01/dumps/I_nospill/cp02/allbo/bo_va10000019c00_sz20000.hex
ALLBO_PREFIX_DUMP gpu_va=0x1000001a400 size=0x20000 class=AGXAcceleratorG16G kr=0x0 got=0x1000 path=/Users/user/asahi_re/public/agx-re/experiments/EXP-0125-m4-scratch-helper-init/raw/m4-20260828-run01/dumps/I_nospill/cp02/allbo/bo_va1000001a400_sz20000.hex
ALLBO_PREFIX_DUMP gpu_va=0x10000040000 size=0x10000 class=AGXAcceleratorG16G kr=0x0 got=0x1000 path=/Users/user/asahi_re/public/agx-re/experiments/EXP-0125-m4-scratch-helper-init/raw/m4-20260828-run01/dumps/I_nospill/cp02/allbo/bo_va10000040000_sz10000.hex
ALLBO_PREFIX_DUMP gpu_va=0x0 size=0x10000 class=AGXAcceleratorG16G kr=0x0 got=0x1000 path=/Users/user/asahi_re/public/agx-re/experiments/EXP-0125-m4-scratch-helper-init/raw/m4-20260828-run01/dumps/I_nospill/cp02/allbo/bo_va0_sz10000.hex
ALLBO_PREFIX_DUMP gpu_va=0x1000001a500 size=0x20000 class=AGXAcceleratorG16G kr=0x0 got=0x1000 path=/Users/user/asahi_re/public/agx-re/experiments/EXP-0125-m4-scratch-helper-init/raw/m4-20260828-run01/dumps/I_nospill/cp02/allbo/bo_va1000001a500_sz20000.hex
ALLBO_PREFIX_DUMP gpu_va=0x10000058000 size=0x20000 class=AGXAcceleratorG16G kr=0x0 got=0x1000 path=/Users/user/asahi_re/public/agx-re/experiments/EXP-0125-m4-scratch-helper-init/raw/m4-20260828-run01/dumps/I_nospill/cp02/allbo/bo_va10000058000_sz20000.hex
# checkpoint 2 complete nbo=18
CHECKPOINT idx=3 mach_time=170112507072 nbo=18 nshared=0
ALLBO_PREFIX_DUMP gpu_va=0x10000000000 size=0x10000 class=AGXAcceleratorG16G kr=0x0 got=0x1000 path=/Users/user/asahi_re/public/agx-re/experiments/EXP-0125-m4-scratch-helper-init/raw/m4-20260828-run01/dumps/I_nospill/cp03/allbo/bo_va10000000000_sz10000.hex
ALLBO_PREFIX_DUMP gpu_va=0x6f00000000 size=0x3800 class=AGXAcceleratorG16G kr=0x0 got=0x1000 path=/Users/user/asahi_re/public/agx-re/experiments/EXP-0125-m4-scratch-helper-init/raw/m4-20260828-run01/dumps/I_nospill/cp03/allbo/bo_va6f00000000_sz3800.hex
ALLBO_PREFIX_DUMP gpu_va=0x10000018000 size=0x20000 class=AGXAcceleratorG16G kr=0x0 got=0x1000 path=/Users/user/asahi_re/public/agx-re/experiments/EXP-0125-m4-scratch-helper-init/raw/m4-20260828-run01/dumps/I_nospill/cp03/allbo/bo_va10000018000_sz20000.hex
ALLBO_PREFIX_DUMP gpu_va=0x10000018200 size=0x20000 class=AGXAcceleratorG16G kr=0x0 got=0x1000 path=/Users/user/asahi_re/public/agx-re/experiments/EXP-0125-m4-scratch-helper-init/raw/m4-20260828-run01/dumps/I_nospill/cp03/allbo/bo_va10000018200_sz20000.hex
ALLBO_PREFIX_DUMP gpu_va=0x10000018400 size=0x20000 class=AGXAcceleratorG16G kr=0x0 got=0x1000 path=/Users/user/asahi_re/public/agx-re/experiments/EXP-0125-m4-scratch-helper-init/raw/m4-20260828-run01/dumps/I_nospill/cp03/allbo/bo_va10000018400_sz20000.hex
ALLBO_PREFIX_DUMP gpu_va=0x10000018500 size=0x20000 class=AGXAcceleratorG16G kr=0x0 got=0x1000 path=/Users/user/asahi_re/public/agx-re/experiments/EXP-0125-m4-scratch-helper-init/raw/m4-20260828-run01/dumps/I_nospill/cp03/allbo/bo_va10000018500_sz20000.hex
ALLBO_PREFIX_DUMP gpu_va=0x10000018700 size=0x20000 class=AGXAcceleratorG16G kr=0x0 got=0x1000 path=/Users/user/asahi_re/public/agx-re/experiments/EXP-0125-m4-scratch-helper-init/raw/m4-20260828-run01/dumps/I_nospill/cp03/allbo/bo_va10000018700_sz20000.hex
ALLBO_PREFIX_DUMP gpu_va=0x10000018800 size=0x20000 class=AGXAcceleratorG16G kr=0x0 got=0x1000 path=/Users/user/asahi_re/public/agx-re/experiments/EXP-0125-m4-scratch-helper-init/raw/m4-20260828-run01/dumps/I_nospill/cp03/allbo/bo_va10000018800_sz20000.hex
ALLBO_PREFIX_DUMP gpu_va=0x10000018900 size=0x20000 class=AGXAcceleratorG16G kr=0x0 got=0x1000 path=/Users/user/asahi_re/public/agx-re/experiments/EXP-0125-m4-scratch-helper-init/raw/m4-20260828-run01/dumps/I_nospill/cp03/allbo/bo_va10000018900_sz20000.hex
ALLBO_PREFIX_DUMP gpu_va=0x10000019900 size=0x20000 class=AGXAcceleratorG16G kr=0x0 got=0x1000 path=/Users/user/asahi_re/public/agx-re/experiments/EXP-0125-m4-scratch-helper-init/raw/m4-20260828-run01/dumps/I_nospill/cp03/allbo/bo_va10000019900_sz20000.hex
ALLBO_PREFIX_DUMP gpu_va=0x10000019a00 size=0x20000 class=AGXAcceleratorG16G kr=0x0 got=0x1000 path=/Users/user/asahi_re/public/agx-re/experiments/EXP-0125-m4-scratch-helper-init/raw/m4-20260828-run01/dumps/I_nospill/cp03/allbo/bo_va10000019a00_sz20000.hex
ALLBO_PREFIX_DUMP gpu_va=0x10000019b00 size=0x20000 class=AGXAcceleratorG16G kr=0x0 got=0x1000 path=/Users/user/asahi_re/public/agx-re/experiments/EXP-0125-m4-scratch-helper-init/raw/m4-20260828-run01/dumps/I_nospill/cp03/allbo/bo_va10000019b00_sz20000.hex
ALLBO_PREFIX_DUMP gpu_va=0x10000019c00 size=0x20000 class=AGXAcceleratorG16G kr=0x0 got=0x1000 path=/Users/user/asahi_re/public/agx-re/experiments/EXP-0125-m4-scratch-helper-init/raw/m4-20260828-run01/dumps/I_nospill/cp03/allbo/bo_va10000019c00_sz20000.hex
ALLBO_PREFIX_DUMP gpu_va=0x1000001a400 size=0x20000 class=AGXAcceleratorG16G kr=0x0 got=0x1000 path=/Users/user/asahi_re/public/agx-re/experiments/EXP-0125-m4-scratch-helper-init/raw/m4-20260828-run01/dumps/I_nospill/cp03/allbo/bo_va1000001a400_sz20000.hex
ALLBO_PREFIX_DUMP gpu_va=0x10000040000 size=0x10000 class=AGXAcceleratorG16G kr=0x0 got=0x1000 path=/Users/user/asahi_re/public/agx-re/experiments/EXP-0125-m4-scratch-helper-init/raw/m4-20260828-run01/dumps/I_nospill/cp03/allbo/bo_va10000040000_sz10000.hex
ALLBO_PREFIX_DUMP gpu_va=0x0 size=0x10000 class=AGXAcceleratorG16G kr=0x0 got=0x1000 path=/Users/user/asahi_re/public/agx-re/experiments/EXP-0125-m4-scratch-helper-init/raw/m4-20260828-run01/dumps/I_nospill/cp03/allbo/bo_va0_sz10000.hex
ALLBO_PREFIX_DUMP gpu_va=0x1000001a500 size=0x20000 class=AGXAcceleratorG16G kr=0x0 got=0x1000 path=/Users/user/asahi_re/public/agx-re/experiments/EXP-0125-m4-scratch-helper-init/raw/m4-20260828-run01/dumps/I_nospill/cp03/allbo/bo_va1000001a500_sz20000.hex
ALLBO_PREFIX_DUMP gpu_va=0x10000058000 size=0x20000 class=AGXAcceleratorG16G kr=0x0 got=0x1000 path=/Users/user/asahi_re/public/agx-re/experiments/EXP-0125-m4-scratch-helper-init/raw/m4-20260828-run01/dumps/I_nospill/cp03/allbo/bo_va10000058000_sz20000.hex
# checkpoint 3 complete nbo=18
CALL class=AGXAcceleratorG16G sel=9 ret=0x0 in_struct=0x68 out_struct=0x58
RESOURCE_MAP class=AGXAcceleratorG16G gpu_va=0x10000080000 size=0x40000 handle=0 cpu_present=0 outcpu_present=1
CALL class=AGXAcceleratorG16G sel=9 ret=0x0 in_struct=0x68 out_struct=0x58
RESOURCE_MAP class=AGXAcceleratorG16G gpu_va=0x100000c8000 size=0x4000 handle=0 cpu_present=0 outcpu_present=1
CALL class=AGXAcceleratorG16G sel=14 ret=0x0 in_struct=0x0 out_struct=0x10
CALL class=AGXAcceleratorG16G sel=14 ret=0x0 in_struct=0x0 out_struct=0x10
CALL class=AGXAcceleratorG16G sel=9 ret=0x0 in_struct=0x68 out_struct=0x58
RESOURCE_MAP class=AGXAcceleratorG16G gpu_va=0x100000d0000 size=0x8000 handle=0 cpu_present=0 outcpu_present=1
CALL class=AGXAcceleratorG16G sel=9 ret=0x0 in_struct=0x68 out_struct=0x58
RESOURCE_MAP class=AGXAcceleratorG16G gpu_va=0x100000e0000 size=0x8000 handle=0 cpu_present=0 outcpu_present=1
CALL class=AGXAcceleratorG16G sel=9 ret=0x0 in_struct=0x68 out_struct=0x58
RESOURCE_MAP class=AGXAcceleratorG16G gpu_va=0x100000f0000 size=0x8000 handle=0 cpu_present=0 outcpu_present=1
CALL class=AGXAcceleratorG16G sel=9 ret=0x0 in_struct=0x68 out_struct=0x58
RESOURCE_MAP class=AGXAcceleratorG16G gpu_va=0x10000100000 size=0x8000 handle=0 cpu_present=0 outcpu_present=1
CALL class=AGXAcceleratorG16G sel=9 ret=0x0 in_struct=0x68 out_struct=0x58
RESOURCE_MAP class=AGXAcceleratorG16G gpu_va=0x10000110000 size=0x8000 handle=0 cpu_present=0 outcpu_present=1
CALL class=AGXAcceleratorG16G sel=9 ret=0x0 in_struct=0x68 out_struct=0x58
RESOURCE_MAP class=AGXAcceleratorG16G gpu_va=0x10000120000 size=0x8000 handle=0 cpu_present=0 outcpu_present=1
CALL class=AGXAcceleratorG16G sel=9 ret=0x0 in_struct=0x68 out_struct=0x58
RESOURCE_MAP class=AGXAcceleratorG16G gpu_va=0x10000130000 size=0x9480 handle=0 cpu_present=0 outcpu_present=1
CHECKPOINT idx=4 mach_time=170122289676 nbo=27 nshared=0
ALLBO_PREFIX_DUMP gpu_va=0x10000000000 size=0x10000 class=AGXAcceleratorG16G kr=0x0 got=0x1000 path=/Users/user/asahi_re/public/agx-re/experiments/EXP-0125-m4-scratch-helper-init/raw/m4-20260828-run01/dumps/I_nospill/cp04/allbo/bo_va10000000000_sz10000.hex
ALLBO_PREFIX_DUMP gpu_va=0x6f00000000 size=0x3800 class=AGXAcceleratorG16G kr=0x0 got=0x1000 path=/Users/user/asahi_re/public/agx-re/experiments/EXP-0125-m4-scratch-helper-init/raw/m4-20260828-run01/dumps/I_nospill/cp04/allbo/bo_va6f00000000_sz3800.hex
ALLBO_PREFIX_DUMP gpu_va=0x10000018000 size=0x20000 class=AGXAcceleratorG16G kr=0x0 got=0x1000 path=/Users/user/asahi_re/public/agx-re/experiments/EXP-0125-m4-scratch-helper-init/raw/m4-20260828-run01/dumps/I_nospill/cp04/allbo/bo_va10000018000_sz20000.hex
ALLBO_PREFIX_DUMP gpu_va=0x10000018200 size=0x20000 class=AGXAcceleratorG16G kr=0x0 got=0x1000 path=/Users/user/asahi_re/public/agx-re/experiments/EXP-0125-m4-scratch-helper-init/raw/m4-20260828-run01/dumps/I_nospill/cp04/allbo/bo_va10000018200_sz20000.hex
ALLBO_PREFIX_DUMP gpu_va=0x10000018400 size=0x20000 class=AGXAcceleratorG16G kr=0x0 got=0x1000 path=/Users/user/asahi_re/public/agx-re/experiments/EXP-0125-m4-scratch-helper-init/raw/m4-20260828-run01/dumps/I_nospill/cp04/allbo/bo_va10000018400_sz20000.hex
ALLBO_PREFIX_DUMP gpu_va=0x10000018500 size=0x20000 class=AGXAcceleratorG16G kr=0x0 got=0x1000 path=/Users/user/asahi_re/public/agx-re/experiments/EXP-0125-m4-scratch-helper-init/raw/m4-20260828-run01/dumps/I_nospill/cp04/allbo/bo_va10000018500_sz20000.hex
ALLBO_PREFIX_DUMP gpu_va=0x10000018700 size=0x20000 class=AGXAcceleratorG16G kr=0x0 got=0x1000 path=/Users/user/asahi_re/public/agx-re/experiments/EXP-0125-m4-scratch-helper-init/raw/m4-20260828-run01/dumps/I_nospill/cp04/allbo/bo_va10000018700_sz20000.hex
ALLBO_PREFIX_DUMP gpu_va=0x10000018800 size=0x20000 class=AGXAcceleratorG16G kr=0x0 got=0x1000 path=/Users/user/asahi_re/public/agx-re/experiments/EXP-0125-m4-scratch-helper-init/raw/m4-20260828-run01/dumps/I_nospill/cp04/allbo/bo_va10000018800_sz20000.hex
ALLBO_PREFIX_DUMP gpu_va=0x10000018900 size=0x20000 class=AGXAcceleratorG16G kr=0x0 got=0x1000 path=/Users/user/asahi_re/public/agx-re/experiments/EXP-0125-m4-scratch-helper-init/raw/m4-20260828-run01/dumps/I_nospill/cp04/allbo/bo_va10000018900_sz20000.hex
ALLBO_PREFIX_DUMP gpu_va=0x10000019900 size=0x20000 class=AGXAcceleratorG16G kr=0x0 got=0x1000 path=/Users/user/asahi_re/public/agx-re/experiments/EXP-0125-m4-scratch-helper-init/raw/m4-20260828-run01/dumps/I_nospill/cp04/allbo/bo_va10000019900_sz20000.hex
ALLBO_PREFIX_DUMP gpu_va=0x10000019a00 size=0x20000 class=AGXAcceleratorG16G kr=0x0 got=0x1000 path=/Users/user/asahi_re/public/agx-re/experiments/EXP-0125-m4-scratch-helper-init/raw/m4-20260828-run01/dumps/I_nospill/cp04/allbo/bo_va10000019a00_sz20000.hex
ALLBO_PREFIX_DUMP gpu_va=0x10000019b00 size=0x20000 class=AGXAcceleratorG16G kr=0x0 got=0x1000 path=/Users/user/asahi_re/public/agx-re/experiments/EXP-0125-m4-scratch-helper-init/raw/m4-20260828-run01/dumps/I_nospill/cp04/allbo/bo_va10000019b00_sz20000.hex
ALLBO_PREFIX_DUMP gpu_va=0x10000019c00 size=0x20000 class=AGXAcceleratorG16G kr=0x0 got=0x1000 path=/Users/user/asahi_re/public/agx-re/experiments/EXP-0125-m4-scratch-helper-init/raw/m4-20260828-run01/dumps/I_nospill/cp04/allbo/bo_va10000019c00_sz20000.hex
ALLBO_PREFIX_DUMP gpu_va=0x1000001a400 size=0x20000 class=AGXAcceleratorG16G kr=0x0 got=0x1000 path=/Users/user/asahi_re/public/agx-re/experiments/EXP-0125-m4-scratch-helper-init/raw/m4-20260828-run01/dumps/I_nospill/cp04/allbo/bo_va1000001a400_sz20000.hex
ALLBO_PREFIX_DUMP gpu_va=0x10000040000 size=0x10000 class=AGXAcceleratorG16G kr=0x0 got=0x1000 path=/Users/user/asahi_re/public/agx-re/experiments/EXP-0125-m4-scratch-helper-init/raw/m4-20260828-run01/dumps/I_nospill/cp04/allbo/bo_va10000040000_sz10000.hex
ALLBO_PREFIX_DUMP gpu_va=0x0 size=0x10000 class=AGXAcceleratorG16G kr=0x0 got=0x1000 path=/Users/user/asahi_re/public/agx-re/experiments/EXP-0125-m4-scratch-helper-init/raw/m4-20260828-run01/dumps/I_nospill/cp04/allbo/bo_va0_sz10000.hex
ALLBO_PREFIX_DUMP gpu_va=0x1000001a500 size=0x20000 class=AGXAcceleratorG16G kr=0x0 got=0x1000 path=/Users/user/asahi_re/public/agx-re/experiments/EXP-0125-m4-scratch-helper-init/raw/m4-20260828-run01/dumps/I_nospill/cp04/allbo/bo_va1000001a500_sz20000.hex
ALLBO_PREFIX_DUMP gpu_va=0x10000058000 size=0x20000 class=AGXAcceleratorG16G kr=0x0 got=0x1000 path=/Users/user/asahi_re/public/agx-re/experiments/EXP-0125-m4-scratch-helper-init/raw/m4-20260828-run01/dumps/I_nospill/cp04/allbo/bo_va10000058000_sz20000.hex
ALLBO_PREFIX_DUMP gpu_va=0x10000080000 size=0x40000 class=AGXAcceleratorG16G kr=0x0 got=0x1000 path=/Users/user/asahi_re/public/agx-re/experiments/EXP-0125-m4-scratch-helper-init/raw/m4-20260828-run01/dumps/I_nospill/cp04/allbo/bo_va10000080000_sz40000.hex
ALLBO_PREFIX_DUMP gpu_va=0x100000c8000 size=0x4000 class=AGXAcceleratorG16G kr=0x0 got=0x1000 path=/Users/user/asahi_re/public/agx-re/experiments/EXP-0125-m4-scratch-helper-init/raw/m4-20260828-run01/dumps/I_nospill/cp04/allbo/bo_va100000c8000_sz4000.hex
ALLBO_PREFIX_DUMP gpu_va=0x100000d0000 size=0x8000 class=AGXAcceleratorG16G kr=0x0 got=0x1000 path=/Users/user/asahi_re/public/agx-re/experiments/EXP-0125-m4-scratch-helper-init/raw/m4-20260828-run01/dumps/I_nospill/cp04/allbo/bo_va100000d0000_sz8000.hex
ALLBO_PREFIX_DUMP gpu_va=0x100000e0000 size=0x8000 class=AGXAcceleratorG16G kr=0x0 got=0x1000 path=/Users/user/asahi_re/public/agx-re/experiments/EXP-0125-m4-scratch-helper-init/raw/m4-20260828-run01/dumps/I_nospill/cp04/allbo/bo_va100000e0000_sz8000.hex
ALLBO_PREFIX_DUMP gpu_va=0x100000f0000 size=0x8000 class=AGXAcceleratorG16G kr=0x0 got=0x1000 path=/Users/user/asahi_re/public/agx-re/experiments/EXP-0125-m4-scratch-helper-init/raw/m4-20260828-run01/dumps/I_nospill/cp04/allbo/bo_va100000f0000_sz8000.hex
ALLBO_PREFIX_DUMP gpu_va=0x10000100000 size=0x8000 class=AGXAcceleratorG16G kr=0x0 got=0x1000 path=/Users/user/asahi_re/public/agx-re/experiments/EXP-0125-m4-scratch-helper-init/raw/m4-20260828-run01/dumps/I_nospill/cp04/allbo/bo_va10000100000_sz8000.hex
ALLBO_PREFIX_DUMP gpu_va=0x10000110000 size=0x8000 class=AGXAcceleratorG16G kr=0x0 got=0x1000 path=/Users/user/asahi_re/public/agx-re/experiments/EXP-0125-m4-scratch-helper-init/raw/m4-20260828-run01/dumps/I_nospill/cp04/allbo/bo_va10000110000_sz8000.hex
ALLBO_PREFIX_DUMP gpu_va=0x10000120000 size=0x8000 class=AGXAcceleratorG16G kr=0x0 got=0x1000 path=/Users/user/asahi_re/public/agx-re/experiments/EXP-0125-m4-scratch-helper-init/raw/m4-20260828-run01/dumps/I_nospill/cp04/allbo/bo_va10000120000_sz8000.hex
ALLBO_PREFIX_DUMP gpu_va=0x10000130000 size=0x9480 class=AGXAcceleratorG16G kr=0x0 got=0x1000 path=/Users/user/asahi_re/public/agx-re/experiments/EXP-0125-m4-scratch-helper-init/raw/m4-20260828-run01/dumps/I_nospill/cp04/allbo/bo_va10000130000_sz9480.hex
# checkpoint 4 complete nbo=27
CHECKPOINT idx=5 mach_time=170132157839 nbo=27 nshared=0
ALLBO_PREFIX_DUMP gpu_va=0x10000000000 size=0x10000 class=AGXAcceleratorG16G kr=0x0 got=0x1000 path=/Users/user/asahi_re/public/agx-re/experiments/EXP-0125-m4-scratch-helper-init/raw/m4-20260828-run01/dumps/I_nospill/cp05/allbo/bo_va10000000000_sz10000.hex
ALLBO_PREFIX_DUMP gpu_va=0x6f00000000 size=0x3800 class=AGXAcceleratorG16G kr=0x0 got=0x1000 path=/Users/user/asahi_re/public/agx-re/experiments/EXP-0125-m4-scratch-helper-init/raw/m4-20260828-run01/dumps/I_nospill/cp05/allbo/bo_va6f00000000_sz3800.hex
ALLBO_PREFIX_DUMP gpu_va=0x10000018000 size=0x20000 class=AGXAcceleratorG16G kr=0x0 got=0x1000 path=/Users/user/asahi_re/public/agx-re/experiments/EXP-0125-m4-scratch-helper-init/raw/m4-20260828-run01/dumps/I_nospill/cp05/allbo/bo_va10000018000_sz20000.hex
ALLBO_PREFIX_DUMP gpu_va=0x10000018200 size=0x20000 class=AGXAcceleratorG16G kr=0x0 got=0x1000 path=/Users/user/asahi_re/public/agx-re/experiments/EXP-0125-m4-scratch-helper-init/raw/m4-20260828-run01/dumps/I_nospill/cp05/allbo/bo_va10000018200_sz20000.hex
ALLBO_PREFIX_DUMP gpu_va=0x10000018400 size=0x20000 class=AGXAcceleratorG16G kr=0x0 got=0x1000 path=/Users/user/asahi_re/public/agx-re/experiments/EXP-0125-m4-scratch-helper-init/raw/m4-20260828-run01/dumps/I_nospill/cp05/allbo/bo_va10000018400_sz20000.hex
ALLBO_PREFIX_DUMP gpu_va=0x10000018500 size=0x20000 class=AGXAcceleratorG16G kr=0x0 got=0x1000 path=/Users/user/asahi_re/public/agx-re/experiments/EXP-0125-m4-scratch-helper-init/raw/m4-20260828-run01/dumps/I_nospill/cp05/allbo/bo_va10000018500_sz20000.hex
ALLBO_PREFIX_DUMP gpu_va=0x10000018700 size=0x20000 class=AGXAcceleratorG16G kr=0x0 got=0x1000 path=/Users/user/asahi_re/public/agx-re/experiments/EXP-0125-m4-scratch-helper-init/raw/m4-20260828-run01/dumps/I_nospill/cp05/allbo/bo_va10000018700_sz20000.hex
ALLBO_PREFIX_DUMP gpu_va=0x10000018800 size=0x20000 class=AGXAcceleratorG16G kr=0x0 got=0x1000 path=/Users/user/asahi_re/public/agx-re/experiments/EXP-0125-m4-scratch-helper-init/raw/m4-20260828-run01/dumps/I_nospill/cp05/allbo/bo_va10000018800_sz20000.hex
ALLBO_PREFIX_DUMP gpu_va=0x10000018900 size=0x20000 class=AGXAcceleratorG16G kr=0x0 got=0x1000 path=/Users/user/asahi_re/public/agx-re/experiments/EXP-0125-m4-scratch-helper-init/raw/m4-20260828-run01/dumps/I_nospill/cp05/allbo/bo_va10000018900_sz20000.hex
ALLBO_PREFIX_DUMP gpu_va=0x10000019900 size=0x20000 class=AGXAcceleratorG16G kr=0x0 got=0x1000 path=/Users/user/asahi_re/public/agx-re/experiments/EXP-0125-m4-scratch-helper-init/raw/m4-20260828-run01/dumps/I_nospill/cp05/allbo/bo_va10000019900_sz20000.hex
ALLBO_PREFIX_DUMP gpu_va=0x10000019a00 size=0x20000 class=AGXAcceleratorG16G kr=0x0 got=0x1000 path=/Users/user/asahi_re/public/agx-re/experiments/EXP-0125-m4-scratch-helper-init/raw/m4-20260828-run01/dumps/I_nospill/cp05/allbo/bo_va10000019a00_sz20000.hex
ALLBO_PREFIX_DUMP gpu_va=0x10000019b00 size=0x20000 class=AGXAcceleratorG16G kr=0x0 got=0x1000 path=/Users/user/asahi_re/public/agx-re/experiments/EXP-0125-m4-scratch-helper-init/raw/m4-20260828-run01/dumps/I_nospill/cp05/allbo/bo_va10000019b00_sz20000.hex
ALLBO_PREFIX_DUMP gpu_va=0x10000019c00 size=0x20000 class=AGXAcceleratorG16G kr=0x0 got=0x1000 path=/Users/user/asahi_re/public/agx-re/experiments/EXP-0125-m4-scratch-helper-init/raw/m4-20260828-run01/dumps/I_nospill/cp05/allbo/bo_va10000019c00_sz20000.hex
ALLBO_PREFIX_DUMP gpu_va=0x1000001a400 size=0x20000 class=AGXAcceleratorG16G kr=0x0 got=0x1000 path=/Users/user/asahi_re/public/agx-re/experiments/EXP-0125-m4-scratch-helper-init/raw/m4-20260828-run01/dumps/I_nospill/cp05/allbo/bo_va1000001a400_sz20000.hex
ALLBO_PREFIX_DUMP gpu_va=0x10000040000 size=0x10000 class=AGXAcceleratorG16G kr=0x0 got=0x1000 path=/Users/user/asahi_re/public/agx-re/experiments/EXP-0125-m4-scratch-helper-init/raw/m4-20260828-run01/dumps/I_nospill/cp05/allbo/bo_va10000040000_sz10000.hex
ALLBO_PREFIX_DUMP gpu_va=0x0 size=0x10000 class=AGXAcceleratorG16G kr=0x0 got=0x1000 path=/Users/user/asahi_re/public/agx-re/experiments/EXP-0125-m4-scratch-helper-init/raw/m4-20260828-run01/dumps/I_nospill/cp05/allbo/bo_va0_sz10000.hex
ALLBO_PREFIX_DUMP gpu_va=0x1000001a500 size=0x20000 class=AGXAcceleratorG16G kr=0x0 got=0x1000 path=/Users/user/asahi_re/public/agx-re/experiments/EXP-0125-m4-scratch-helper-init/raw/m4-20260828-run01/dumps/I_nospill/cp05/allbo/bo_va1000001a500_sz20000.hex
ALLBO_PREFIX_DUMP gpu_va=0x10000058000 size=0x20000 class=AGXAcceleratorG16G kr=0x0 got=0x1000 path=/Users/user/asahi_re/public/agx-re/experiments/EXP-0125-m4-scratch-helper-init/raw/m4-20260828-run01/dumps/I_nospill/cp05/allbo/bo_va10000058000_sz20000.hex
ALLBO_PREFIX_DUMP gpu_va=0x10000080000 size=0x40000 class=AGXAcceleratorG16G kr=0x0 got=0x1000 path=/Users/user/asahi_re/public/agx-re/experiments/EXP-0125-m4-scratch-helper-init/raw/m4-20260828-run01/dumps/I_nospill/cp05/allbo/bo_va10000080000_sz40000.hex
ALLBO_PREFIX_DUMP gpu_va=0x100000c8000 size=0x4000 class=AGXAcceleratorG16G kr=0x0 got=0x1000 path=/Users/user/asahi_re/public/agx-re/experiments/EXP-0125-m4-scratch-helper-init/raw/m4-20260828-run01/dumps/I_nospill/cp05/allbo/bo_va100000c8000_sz4000.hex
ALLBO_PREFIX_DUMP gpu_va=0x100000d0000 size=0x8000 class=AGXAcceleratorG16G kr=0x0 got=0x1000 path=/Users/user/asahi_re/public/agx-re/experiments/EXP-0125-m4-scratch-helper-init/raw/m4-20260828-run01/dumps/I_nospill/cp05/allbo/bo_va100000d0000_sz8000.hex
ALLBO_PREFIX_DUMP gpu_va=0x100000e0000 size=0x8000 class=AGXAcceleratorG16G kr=0x0 got=0x1000 path=/Users/user/asahi_re/public/agx-re/experiments/EXP-0125-m4-scratch-helper-init/raw/m4-20260828-run01/dumps/I_nospill/cp05/allbo/bo_va100000e0000_sz8000.hex
ALLBO_PREFIX_DUMP gpu_va=0x100000f0000 size=0x8000 class=AGXAcceleratorG16G kr=0x0 got=0x1000 path=/Users/user/asahi_re/public/agx-re/experiments/EXP-0125-m4-scratch-helper-init/raw/m4-20260828-run01/dumps/I_nospill/cp05/allbo/bo_va100000f0000_sz8000.hex
ALLBO_PREFIX_DUMP gpu_va=0x10000100000 size=0x8000 class=AGXAcceleratorG16G kr=0x0 got=0x1000 path=/Users/user/asahi_re/public/agx-re/experiments/EXP-0125-m4-scratch-helper-init/raw/m4-20260828-run01/dumps/I_nospill/cp05/allbo/bo_va10000100000_sz8000.hex
ALLBO_PREFIX_DUMP gpu_va=0x10000110000 size=0x8000 class=AGXAcceleratorG16G kr=0x0 got=0x1000 path=/Users/user/asahi_re/public/agx-re/experiments/EXP-0125-m4-scratch-helper-init/raw/m4-20260828-run01/dumps/I_nospill/cp05/allbo/bo_va10000110000_sz8000.hex
ALLBO_PREFIX_DUMP gpu_va=0x10000120000 size=0x8000 class=AGXAcceleratorG16G kr=0x0 got=0x1000 path=/Users/user/asahi_re/public/agx-re/experiments/EXP-0125-m4-scratch-helper-init/raw/m4-20260828-run01/dumps/I_nospill/cp05/allbo/bo_va10000120000_sz8000.hex
ALLBO_PREFIX_DUMP gpu_va=0x10000130000 size=0x9480 class=AGXAcceleratorG16G kr=0x0 got=0x1000 path=/Users/user/asahi_re/public/agx-re/experiments/EXP-0125-m4-scratch-helper-init/raw/m4-20260828-run01/dumps/I_nospill/cp05/allbo/bo_va10000130000_sz9480.hex
# checkpoint 5 complete nbo=27
CALL class=AGXAcceleratorG16G sel=17 ret=0x0 in_struct=0x0 out_struct=0x0
CALL class=AGXAcceleratorG16G sel=8 ret=0x0 in_struct=0x0 out_struct=0x0
