k_cu_sample                        len=132    cubearray_coor sig=0 walk=0 mesh_out_src sig=3 walk=0 n4_cf_word sig=0 walk=0 n4_rt_word sig=0 walk=0
k_cu_arr                           len=142    cubearray_coor sig=0 walk=0 mesh_out_src sig=3 walk=0 n4_cf_word sig=0 walk=0 n4_rt_word sig=0 walk=0
k_cu_arr_n                         len=142    cubearray_coor sig=0 walk=0 mesh_out_src sig=3 walk=0 n4_cf_word sig=0 walk=0 n4_rt_word sig=0 walk=0
k_cu_arr_lod                       len=142    cubearray_coor sig=0 walk=0 mesh_out_src sig=3 walk=0 n4_cf_word sig=0 walk=0 n4_rt_word sig=0 walk=0
k_cu_arr_grad                      len=304    cubearray_coor sig=0 walk=0 mesh_out_src sig=7 walk=0 n4_cf_word sig=0 walk=0 n4_rt_word sig=0 walk=0
k_cu_arr_bias                      len=142    cubearray_coor sig=0 walk=0 mesh_out_src sig=3 walk=0 n4_cf_word sig=0 walk=0 n4_rt_word sig=0 walk=0
k_cu_arr_gather                    len=142    cubearray_coor sig=0 walk=0 mesh_out_src sig=4 walk=0 n4_cf_word sig=0 walk=0 n4_rt_word sig=0 walk=0
k_cu_gather                        len=132    cubearray_coor sig=0 walk=0 mesh_out_src sig=3 walk=0 n4_cf_word sig=0 walk=0 n4_rt_word sig=0 walk=0
k_cu_depth                         len=152    cubearray_coor sig=0 walk=0 mesh_out_src sig=3 walk=0 n4_cf_word sig=0 walk=0 n4_rt_word sig=0 walk=0
k_cu_half                          len=142    cubearray_coor sig=0 walk=0 mesh_out_src sig=3 walk=0 n4_cf_word sig=0 walk=0 n4_rt_word sig=0 walk=0
k_cu_read                          len=154    cubearray_coor sig=0 walk=0 mesh_out_src sig=4 walk=0 n4_cf_word sig=0 walk=0 n4_rt_word sig=0 walk=0
k_cu_dyn                           len=1134   cubearray_coor sig=0 walk=0 mesh_out_src sig=18 walk=0 n4_cf_word sig=2 walk=0 n4_rt_word sig=0 walk=0
k_cf_if                            len=58     cubearray_coor sig=0 walk=0 mesh_out_src sig=2 walk=0 n4_cf_word sig=0 walk=0 n4_rt_word sig=0 walk=0
k_cf_if3                           len=150    cubearray_coor sig=0 walk=0 mesh_out_src sig=2 walk=0 n4_cf_word sig=0 walk=0 n4_rt_word sig=0 walk=0
k_cf_loop                          len=102    cubearray_coor sig=0 walk=0 mesh_out_src sig=3 walk=0 n4_cf_word sig=0 walk=0 n4_rt_word sig=0 walk=0
k_cf_barrier                       len=100    cubearray_coor sig=0 walk=0 mesh_out_src sig=4 walk=0 n4_cf_word sig=0 walk=0 n4_rt_word sig=0 walk=0
k_cf_divbar                        len=272    cubearray_coor sig=0 walk=0 mesh_out_src sig=14 walk=0 n4_cf_word sig=1 walk=0 n4_rt_word sig=0 walk=0
k_cf_rq                            len=9150   cubearray_coor sig=0 walk=0 mesh_out_src sig=229 walk=0 n4_cf_word sig=52 walk=0 n4_rt_word sig=3 walk=0
k_cf_ret                           len=184    cubearray_coor sig=0 walk=0 mesh_out_src sig=9 walk=0 n4_cf_word sig=2 walk=0 n4_rt_word sig=1 walk=0
k_cf_simd                          len=98     cubearray_coor sig=0 walk=0 mesh_out_src sig=5 walk=0 n4_cf_word sig=1 walk=0 n4_rt_word sig=0 walk=0
k_mesh187.metal:mesh_tri/mesh      len=306    cubearray_coor sig=0 walk=0 mesh_out_src sig=6 walk=0 n4_cf_word sig=0 walk=0 n4_rt_word sig=0 walk=0
k_mesh187.metal:mesh_tri/object    len=110    cubearray_coor sig=0 walk=0 mesh_out_src sig=2 walk=0 n4_cf_word sig=0 walk=0 n4_rt_word sig=0 walk=0
k_mesh187.metal:mesh_vonly/mesh    len=306    cubearray_coor sig=0 walk=0 mesh_out_src sig=6 walk=0 n4_cf_word sig=0 walk=0 n4_rt_word sig=0 walk=0
k_mesh187.metal:mesh_vonly/object  len=110    cubearray_coor sig=0 walk=0 mesh_out_src sig=2 walk=0 n4_cf_word sig=0 walk=0 n4_rt_word sig=0 walk=0
k_mesh187.metal:mesh_wide/mesh     len=354    cubearray_coor sig=0 walk=0 mesh_out_src sig=8 walk=1 n4_cf_word sig=1 walk=0 n4_rt_word sig=0 walk=0
k_mesh187.metal:mesh_wide/object   len=110    cubearray_coor sig=0 walk=0 mesh_out_src sig=2 walk=0 n4_cf_word sig=0 walk=0 n4_rt_word sig=0 walk=0
k_mesh187.metal:mesh_line/mesh     len=286    cubearray_coor sig=0 walk=0 mesh_out_src sig=6 walk=0 n4_cf_word sig=0 walk=0 n4_rt_word sig=0 walk=0
k_mesh187.metal:mesh_line/object   len=110    cubearray_coor sig=0 walk=0 mesh_out_src sig=2 walk=0 n4_cf_word sig=0 walk=0 n4_rt_word sig=0 walk=0
k_mesh187.metal:mesh_dyn/mesh      len=326    cubearray_coor sig=0 walk=0 mesh_out_src sig=10 walk=0 n4_cf_word sig=2 walk=0 n4_rt_word sig=0 walk=0
k_mesh187.metal:mesh_dyn/object    len=110    cubearray_coor sig=0 walk=0 mesh_out_src sig=2 walk=0 n4_cf_word sig=0 walk=0 n4_rt_word sig=0 walk=0
k_mesh187.metal:mesh_noobj/mesh    len=276    cubearray_coor sig=0 walk=0 mesh_out_src sig=6 walk=0 n4_cf_word sig=1 walk=0 n4_rt_word sig=0 walk=0

{
 "cubearray_coord_const": {
  "constructs_compiled": 31,
  "constructs_failed_to_compile": 0,
  "constructs_with_signature_hits": {},
  "constructs_with_walk_hits": {},
  "emitted": false
 },
 "mesh_out_src": {
  "constructs_compiled": 31,
  "constructs_failed_to_compile": 0,
  "constructs_with_signature_hits": {
   "k_cube187.metal:k_cu_sample": 3,
   "k_cube187.metal:k_cu_arr": 3,
   "k_cube187.metal:k_cu_arr_n": 3,
   "k_cube187.metal:k_cu_arr_lod": 3,
   "k_cube187.metal:k_cu_arr_grad": 7,
   "k_cube187.metal:k_cu_arr_bias": 3,
   "k_cube187.metal:k_cu_arr_gather": 4,
   "k_cube187.metal:k_cu_gather": 3,
   "k_cube187.metal:k_cu_depth": 3,
   "k_cube187.metal:k_cu_half": 3,
   "k_cube187.metal:k_cu_read": 4,
   "k_cube187.metal:k_cu_dyn": 18,
   "k_cf187.metal:k_cf_if": 2,
   "k_cf187.metal:k_cf_if3": 2,
   "k_cf187.metal:k_cf_loop": 3,
   "k_cf187.metal:k_cf_barrier": 4,
   "k_cf187.metal:k_cf_divbar": 14,
   "k_cf187.metal:k_cf_rq": 229,
   "k_cf187.metal:k_cf_ret": 9,
   "k_cf187.metal:k_cf_simd": 5,
   "k_mesh187.metal:mesh_tri/mesh": 6,
   "k_mesh187.metal:mesh_tri/object": 2,
   "k_mesh187.metal:mesh_vonly/mesh": 6,
   "k_mesh187.metal:mesh_vonly/object": 2,
   "k_mesh187.metal:mesh_wide/mesh": 8,
   "k_mesh187.metal:mesh_wide/object": 2,
   "k_mesh187.metal:mesh_line/mesh": 6,
   "k_mesh187.metal:mesh_line/object": 2,
   "k_mesh187.metal:mesh_dyn/mesh": 10,
   "k_mesh187.metal:mesh_dyn/object": 2,
   "k_mesh187.metal:mesh_noobj/mesh": 6
  },
  "constructs_with_walk_hits": {
   "k_mesh187.metal:mesh_wide/mesh": 1
  },
  "emitted": true
 },
 "n4_cf_word": {
  "constructs_compiled": 31,
  "constructs_failed_to_compile": 0,
  "constructs_with_signature_hits": {
   "k_cube187.metal:k_cu_dyn": 2,
   "k_cf187.metal:k_cf_divbar": 1,
   "k_cf187.metal:k_cf_rq": 52,
   "k_cf187.metal:k_cf_ret": 2,
   "k_cf187.metal:k_cf_simd": 1,
   "k_mesh187.metal:mesh_wide/mesh": 1,
   "k_mesh187.metal:mesh_dyn/mesh": 2,
   "k_mesh187.metal:mesh_noobj/mesh": 1
  },
  "constructs_with_walk_hits": {},
  "emitted": false
 },
 "n4_rt_word": {
  "constructs_compiled": 31,
  "constructs_failed_to_compile": 0,
  "constructs_with_signature_hits": {
   "k_cf187.metal:k_cf_rq": 3,
   "k_cf187.metal:k_cf_ret": 1
  },
  "constructs_with_walk_hits": {},
  "emitted": false
 }
}
wrote /Users/user/agxre/EXP-0187/analysis/census.json
