[  41.8s] rq_ccount  rq_ccount#0/n4_rt_word.dst   256 values
[  41.8s] rq_ccount  rq_ccount#0/n4_rt_word._b2_match 16 values
[  41.8s] rq_ccount  rq_ccount#0/n4_rt_word._b3_match 16 values
[  41.8s] rq_ccount  rq_ccount/rtq0.opB           9 values
[  41.8s] rq_ccount  rq_ccount/rtq6.opB           9 values
[  41.8s] rq_ccount  rq_ccount/rtq7.opB           9 values
[ 205.2s] rq_inst    rq_inst#0/n4_rt_word.dst     256 values
[ 205.2s] rq_inst    rq_inst#0/n4_rt_word._b2_match 16 values
[ 205.2s] rq_inst    rq_inst#0/n4_rt_word._b3_match 16 values
[ 205.2s] rq_inst    rq_inst#0/succ.scope_kind    16 values
[ 205.2s] rq_inst    rq_inst/rtq0.opB             9 values
[ 205.2s] rq_inst    rq_inst/rtq6.opB             9 values
[ 205.2s] rq_inst    rq_inst/rtq7.opB             9 values
[ 247.6s] rq_mdist   rq_mdist#0/n4_rt_word.dst    256 values
[ 247.6s] rq_mdist   rq_mdist#0/n4_rt_word._b2_match 16 values
[ 247.6s] rq_mdist   rq_mdist#0/n4_rt_word._b3_match 16 values
[ 247.6s] rq_mdist   rq_mdist/rtq0.opB            9 values
[ 247.6s] rq_mdist   rq_mdist/rtq6.opB            9 values
[ 247.6s] rq_mdist   rq_mdist/rtq7.opB            9 values
cases=961 elapsed=247.9s -> /Users/user/agxre/EXP-0187/raw/g17p_20260830_run02
