[23:42:03] arm A_CARRY_INPLACE    baseline OK  (1555 cases)
    1000  166.3 case/s  {"baseline_fail": 0, "fault": 2, "hang": 0, "ok": 18, "sentinel_bad": 0, "silent_zero": 8, "undecodable": 0, "victim": 27, "wrong_value": 972}
[23:42:16] arm A_CARRY_SYNTH      baseline OK  (1555 cases)
    2000  64.6 case/s  {"baseline_fail": 0, "fault": 31, "hang": 0, "ok": 39, "sentinel_bad": 0, "silent_zero": 17, "undecodable": 0, "victim": 63, "wrong_value": 1913}
    3000  76.5 case/s  {"baseline_fail": 0, "fault": 48, "hang": 0, "ok": 297, "sentinel_bad": 8, "silent_zero": 41, "undecodable": 0, "victim": 74, "wrong_value": 2614}
[23:42:43] arm B_ZEXT_SYNTH       baseline OK  (900 cases)
    4000  66.3 case/s  {"baseline_fail": 0, "fault": 71, "hang": 0, "ok": 469, "sentinel_bad": 16, "silent_zero": 42, "undecodable": 0, "victim": 94, "wrong_value": 3418}
[23:43:04] arm B_ZEXT_INPLACE     baseline OK  (900 cases)
[23:43:51] arm C_IBFE_BFE         baseline OK  (134 cases)
    5000  46.4 case/s  {"baseline_fail": 0, "fault": 219, "hang": 0, "ok": 1038, "sentinel_bad": 16, "silent_zero": 149, "undecodable": 0, "victim": 94, "wrong_value": 3594}
[23:43:51] arm C_IBFE_SHR         baseline OK  (130 cases)
[23:43:53] arm C_IBFE_SYNTH       baseline OK  (130 cases)
[23:43:53] arm D_FSPEC_INPLACE    baseline OK  (2276 cases)
    6000  54.4 case/s  {"baseline_fail": 0, "fault": 220, "hang": 0, "ok": 1212, "sentinel_bad": 16, "silent_zero": 227, "undecodable": 0, "victim": 94, "wrong_value": 4341}
    7000  63.0 case/s  {"baseline_fail": 0, "fault": 220, "hang": 0, "ok": 1746, "sentinel_bad": 16, "silent_zero": 511, "undecodable": 0, "victim": 94, "wrong_value": 4523}
[23:43:55] arm D2_FSPEC_LOG2      baseline OK  (788 cases)
    8000  69.0 case/s  {"baseline_fail": 0, "fault": 273, "hang": 0, "ok": 1824, "sentinel_bad": 16, "silent_zero": 774, "undecodable": 0, "victim": 94, "wrong_value": 5129}
[23:44:00] arm D3_FSPEC_SYNTH     baseline OK  (2276 cases)
    9000  76.9 case/s  {"baseline_fail": 0, "fault": 273, "hang": 0, "ok": 2117, "sentinel_bad": 16, "silent_zero": 790, "undecodable": 0, "victim": 94, "wrong_value": 5820}
   10000  84.6 case/s  {"baseline_fail": 0, "fault": 273, "hang": 0, "ok": 2779, "sentinel_bad": 16, "silent_zero": 1016, "undecodable": 0, "victim": 94, "wrong_value": 5932}
[23:44:03] arm E_FSPEC_EST        baseline OK  (1298 cases)
   11000  91.8 case/s  {"baseline_fail": 0, "fault": 324, "hang": 0, "ok": 2916, "sentinel_bad": 24, "silent_zero": 1323, "undecodable": 0, "victim": 94, "wrong_value": 6437}
DONE 11942 {"baseline_fail": 0, "fault": 336, "hang": 0, "ok": 3531, "sentinel_bad": 24, "silent_zero": 1493, "undecodable": 0, "victim": 95, "wrong_value": 6582}
