[23:44:40] arm E_FSPEC_EST        baseline OK  (1298 cases)
    1000  1064.2 case/s  {"baseline_fail": 0, "fault": 0, "hang": 0, "ok": 581, "sentinel_bad": 0, "silent_zero": 193, "undecodable": 0, "victim": 0, "wrong_value": 226}
[23:44:43] arm D3_FSPEC_SYNTH     baseline OK  (2276 cases)
    2000  446.1 case/s  {"baseline_fail": 0, "fault": 12, "hang": 0, "ok": 864, "sentinel_bad": 0, "silent_zero": 370, "undecodable": 0, "victim": 1, "wrong_value": 754}
    3000  528.2 case/s  {"baseline_fail": 0, "fault": 12, "hang": 0, "ok": 1525, "sentinel_bad": 0, "silent_zero": 632, "undecodable": 0, "victim": 1, "wrong_value": 831}
[23:44:47] arm D2_FSPEC_LOG2      baseline OK  (788 cases)
    4000  375.3 case/s  {"baseline_fail": 0, "fault": 65, "hang": 0, "ok": 1601, "sentinel_bad": 8, "silent_zero": 748, "undecodable": 0, "victim": 1, "wrong_value": 1586}
[23:44:51] arm D_FSPEC_INPLACE    baseline OK  (2276 cases)
    5000  435.6 case/s  {"baseline_fail": 0, "fault": 65, "hang": 0, "ok": 1865, "sentinel_bad": 8, "silent_zero": 765, "undecodable": 0, "victim": 1, "wrong_value": 2305}
    6000  491.4 case/s  {"baseline_fail": 0, "fault": 65, "hang": 0, "ok": 2398, "sentinel_bad": 8, "silent_zero": 1021, "undecodable": 0, "victim": 1, "wrong_value": 2516}
[23:44:53] arm C_IBFE_SYNTH       baseline OK  (130 cases)
[23:44:53] arm C_IBFE_SHR         baseline OK  (130 cases)
[23:44:55] arm C_IBFE_BFE         baseline OK  (134 cases)
    7000  418.1 case/s  {"baseline_fail": 0, "fault": 118, "hang": 0, "ok": 2498, "sentinel_bad": 8, "silent_zero": 1377, "undecodable": 0, "victim": 2, "wrong_value": 3007}
[23:44:57] arm B_ZEXT_INPLACE     baseline OK  (900 cases)
[23:45:27] arm B_ZEXT_SYNTH       baseline OK  (900 cases)
    8000  169.4 case/s  {"baseline_fail": 0, "fault": 264, "hang": 0, "ok": 3072, "sentinel_bad": 8, "silent_zero": 1451, "undecodable": 0, "victim": 34, "wrong_value": 3213}
[23:45:58] arm A_CARRY_SYNTH      baseline OK  (1555 cases)
    9000  101.4 case/s  {"baseline_fail": 0, "fault": 311, "hang": 0, "ok": 3238, "sentinel_bad": 16, "silent_zero": 1453, "undecodable": 0, "victim": 85, "wrong_value": 3998}
   10000  107.3 case/s  {"baseline_fail": 0, "fault": 318, "hang": 0, "ok": 3496, "sentinel_bad": 20, "silent_zero": 1469, "undecodable": 0, "victim": 87, "wrong_value": 4717}
[23:46:16] arm A_CARRY_INPLACE    baseline OK  (1555 cases)
   11000  113.4 case/s  {"baseline_fail": 0, "fault": 327, "hang": 0, "ok": 3519, "sentinel_bad": 24, "silent_zero": 1485, "undecodable": 0, "victim": 91, "wrong_value": 5669}
DONE 11942 {"baseline_fail": 0, "fault": 343, "hang": 0, "ok": 3531, "sentinel_bad": 24, "silent_zero": 1493, "undecodable": 0, "victim": 98, "wrong_value": 6575}
