  [  1/272] EXP-0001-shader-byte-extraction                cells=0     ctrl=0    rec_files=0     nonrec=62    targets=-
  [  2/272] EXP-0002-hw-identity-recon                     cells=0     ctrl=0    rec_files=0     nonrec=17    targets=-
  [  3/272] EXP-0003-hw-testbed                            cells=0     ctrl=0    rec_files=0     nonrec=11    targets=-
  [  4/272] EXP-0005-float-alu-isa                         cells=0     ctrl=0    rec_files=0     nonrec=7     targets=-
  [  5/272] EXP-0006-falu-operands                         cells=0     ctrl=0    rec_files=0     nonrec=13    targets=-
  [  6/272] EXP-0007-integer-alu                           cells=0     ctrl=0    rec_files=0     nonrec=19    targets=-
  [  7/272] EXP-0008-fragment-extraction                   cells=0     ctrl=0    rec_files=0     nonrec=35    targets=-
  [  8/272] EXP-0009-iotrace-bringup                       cells=0     ctrl=0    rec_files=0     nonrec=28    targets=-
  [  9/272] EXP-0010-control-flow                          cells=0     ctrl=0    rec_files=0     nonrec=7     targets=-
  [ 10/272] EXP-0011-compute-cmdstream                     cells=0     ctrl=0    rec_files=0     nonrec=9     targets=-
  [ 11/272] EXP-0012-memory                                cells=0     ctrl=0    rec_files=0     nonrec=59    targets=-
  [ 12/272] EXP-0013-scalar-alu                            cells=0     ctrl=0    rec_files=0     nonrec=12    targets=-
  [ 13/272] EXP-0014-graphics-cmdstream                    cells=0     ctrl=0    rec_files=0     nonrec=75    targets=-
  [ 14/272] EXP-0015-descriptors                           cells=0     ctrl=0    rec_files=0     nonrec=114   targets=-
  [ 15/272] EXP-0016-texture-isa                           cells=0     ctrl=0    rec_files=0     nonrec=5     targets=-
  [ 16/272] EXP-0017-tiling                                cells=0     ctrl=0    rec_files=0     nonrec=73    targets=-
  [ 17/272] EXP-0018-atomics-subgroup                      cells=0     ctrl=0    rec_files=0     nonrec=6     targets=-
  [ 18/272] EXP-0019-state-packets                         cells=0     ctrl=0    rec_files=0     nonrec=117   targets=-
  [ 19/272] EXP-0020-register-model                        cells=0     ctrl=0    rec_files=0     nonrec=13    targets=-
  [ 20/272] EXP-0021-tbdr-pipeline                         cells=0     ctrl=0    rec_files=0     nonrec=74    targets=-
  [ 21/272] EXP-0022-simdgroup-matrix                      cells=0     ctrl=0    rec_files=0     nonrec=8     targets=-
  [ 22/272] EXP-0023-raytracing                            cells=0     ctrl=0    rec_files=0     nonrec=10    targets=-
  [ 23/272] EXP-0024-usc-ppp-config                        cells=0     ctrl=0    rec_files=0     nonrec=70    targets=-
  [ 24/272] EXP-0025-scoreboard                            cells=0     ctrl=0    rec_files=0     nonrec=15    targets=-
  [ 25/272] EXP-0026-transcendentals                       cells=0     ctrl=0    rec_files=0     nonrec=7     targets=-
  [ 26/272] EXP-0027-indirect-query-timestamp              cells=0     ctrl=0    rec_files=0     nonrec=64    targets=-
  [ 27/272] EXP-0028-format-twiddle                        cells=0     ctrl=0    rec_files=0     nonrec=6     targets=-
  [ 28/272] EXP-0029-fragment-isa                          cells=0     ctrl=0    rec_files=0     nonrec=40    targets=-
  [ 29/272] EXP-0030-mesh                                  cells=0     ctrl=0    rec_files=1     nonrec=10    targets=-
  [ 30/272] EXP-0031-sr-abi                                cells=2     ctrl=0    rec_files=4     nonrec=6     targets=-
  [ 31/272] EXP-0033-int-bitfield                          cells=5     ctrl=0    rec_files=1     nonrec=8     targets=-
  [ 32/272] EXP-0034-texture-variants                      cells=1     ctrl=0    rec_files=1     nonrec=6     targets=-
  [ 33/272] EXP-0035-function-abi                          cells=3     ctrl=0    rec_files=1     nonrec=9     targets=-
  [ 34/272] EXP-0036-consolidation-census                  cells=0     ctrl=0    rec_files=0     nonrec=64    targets=-
  [ 35/272] EXP-0037-varying-texmath                       cells=3     ctrl=0    rec_files=1     nonrec=5     targets=-
  [ 36/272] EXP-0038-pack-carry-frame                      cells=4     ctrl=0    rec_files=1     nonrec=5     targets=-
  [ 37/272] EXP-0039-w2-merge-census                       cells=0     ctrl=0    rec_files=0     nonrec=3     targets=-
  [ 38/272] EXP-0040-obj2-merge-census                     cells=0     ctrl=0    rec_files=0     nonrec=41    targets=-
  [ 39/272] EXP-0041-scratch-helper-abi                    cells=0     ctrl=0    rec_files=1     nonrec=152   targets=G16G
  [ 40/272] EXP-0042-graphics-code-selection               cells=0     ctrl=0    rec_files=1     nonrec=2106  targets=-
  [ 41/272] EXP-0043-command-stream-framing                cells=0     ctrl=0    rec_files=2     nonrec=1174  targets=-
  [ 42/272] EXP-0044-uapi-closure-baseline                 cells=0     ctrl=0    rec_files=0     nonrec=3     targets=-
  [ 43/272] EXP-0045-uapi-field-matrix                     cells=0     ctrl=0    rec_files=1     nonrec=3     targets=-
  [ 44/272] EXP-0046-isa-synthesis-audit                   cells=0     ctrl=0    rec_files=2     nonrec=2     targets=-
  [ 45/272] EXP-0047-m4-numerical-behavior                 cells=0     ctrl=0    rec_files=4     nonrec=3     targets=-
  [ 46/272] EXP-0048-bg-eot-pbe                            cells=0     ctrl=0    rec_files=52    nonrec=136   targets=G16G
  [ 47/272] EXP-0049-command-link-structure                cells=0     ctrl=0    rec_files=692   nonrec=556   targets=G16G
  [ 48/272] EXP-0050-fragment-output-abi                   cells=0     ctrl=0    rec_files=155   nonrec=50    targets=G16G
  [ 49/272] EXP-0051-m4-synchronization-litmus             cells=0     ctrl=0    rec_files=18    nonrec=4     targets=G16G
  [ 50/272] EXP-0052-m4-timestamp-semantics                cells=0     ctrl=0    rec_files=18    nonrec=4     targets=G16G
  [ 51/272] EXP-0053-m4-indirect-api-semantics             cells=0     ctrl=0    rec_files=25    nonrec=4     targets=G16G
  [ 52/272] EXP-0054-m4-scissor-depth-bias                 cells=0     ctrl=0    rec_files=18    nonrec=6     targets=G16G
  [ 53/272] EXP-0055-m4-scissor-depth-bias-state           cells=0     ctrl=0    rec_files=89    nonrec=233   targets=G16G
  [ 54/272] EXP-0056-m4-compute-render-transition          cells=0     ctrl=0    rec_files=6     nonrec=4     targets=G16G
  [ 55/272] EXP-0057-m4-scratch-pressure-envelope          cells=0     ctrl=0    rec_files=55    nonrec=4     targets=G16G
  [ 56/272] EXP-0058-m4-compute-render-transition-fixed    cells=0     ctrl=0    rec_files=12    nonrec=15    targets=G16G
  [ 57/272] EXP-0059-isa-falu2i-property-vectors           cells=0     ctrl=0    rec_files=1     nonrec=3     targets=-
  [ 58/272] EXP-0060-isa-falu2i-bound-vectors              cells=0     ctrl=0    rec_files=3     nonrec=4     targets=-
  [ 59/272] EXP-0061-m4-sampler-boundary-matrix            cells=0     ctrl=0    rec_files=2     nonrec=3     targets=G16G
  [ 60/272] EXP-0062-m4-format-conversion-matrix           cells=0     ctrl=0    rec_files=9     nonrec=2     targets=G16G
  [ 61/272] EXP-0063-m4-sampler-boundary-fixed             cells=0     ctrl=0    rec_files=6     nonrec=3     targets=G16G
  [ 62/272] EXP-0064-m4-format-conversion-matrix-fixed     cells=0     ctrl=0    rec_files=20    nonrec=4     targets=G16G
  [ 63/272] EXP-0065-m4-sampler-filter-offcenter           cells=0     ctrl=0    rec_files=6     nonrec=3     targets=G16G
  [ 64/272] EXP-0066-m4-sampler-filter-provenance          cells=0     ctrl=0    rec_files=6     nonrec=3     targets=G16G
  [ 65/272] EXP-0067-m4-format-conversion-contract         cells=0     ctrl=0    rec_files=1     nonrec=1     targets=-
  [ 66/272] EXP-0068-m4-robustness-contract                cells=0     ctrl=0    rec_files=1     nonrec=2     targets=-
  [ 67/272] EXP-0069-isa-falu2i-modifier-vectors           cells=0     ctrl=0    rec_files=1     nonrec=2     targets=-
  [ 68/272] EXP-0070-m4-typed-format-conversion-contract   cells=0     ctrl=0    rec_files=21    nonrec=3     targets=G16G
  [ 69/272] EXP-0071-m4-vertex-fragment-abi-contract       cells=0     ctrl=0    rec_files=2     nonrec=4     targets=-
  [ 70/272] EXP-0072-m4-typed-format-conversion-batch2     cells=0     ctrl=0    rec_files=39    nonrec=5     targets=G16G
  [ 71/272] EXP-0073-m4-fp32-division-precision            cells=0     ctrl=0    rec_files=8     nonrec=4     targets=G16G
  [ 72/272] EXP-0074-m4-fp32-division-precision            cells=0     ctrl=0    rec_files=15    nonrec=4     targets=G16G
  [ 73/272] EXP-0075-m4-typed-format-conversion-batch2     cells=0     ctrl=0    rec_files=39    nonrec=5     targets=G16G
  [ 74/272] EXP-0076-m4-buffer-robustness-matrix           cells=0     ctrl=0    rec_files=17    nonrec=4     targets=G16G
  [ 75/272] EXP-0077-m4-mem-offset-semantics               cells=0     ctrl=0    rec_files=5     nonrec=5     targets=G16G
  [ 76/272] EXP-0078-m4-base-slot-census                   cells=0     ctrl=0    rec_files=9     nonrec=5     targets=G16G
  [ 77/272] EXP-0079-m4-typed-format-conversion-batch2     cells=0     ctrl=0    rec_files=83    nonrec=4     targets=G16G
  [ 78/272] EXP-0080-m4-mem-offset-semantics               cells=0     ctrl=0    rec_files=8     nonrec=5     targets=G16G
  [ 79/272] EXP-0081-m4-mem-offset-semantics               cells=0     ctrl=0    rec_files=14    nonrec=5     targets=G16G
  [ 80/272] EXP-0082-m4-mem-offset-semantics               cells=0     ctrl=0    rec_files=17    nonrec=4     targets=G16G
  [ 81/272] EXP-0083-m4-base-slot-census                   cells=0     ctrl=0    rec_files=17    nonrec=4     targets=G16G
  [ 82/272] EXP-0084-m4-dynamic-buffer-addressing          cells=0     ctrl=0    rec_files=19    nonrec=5     targets=G16G
  [ 83/272] EXP-0085-m4-memory-interlock-atomics           cells=0     ctrl=0    rec_files=21    nonrec=5     targets=G16G
  [ 84/272] EXP-0086-m4-register-liveness-bits             cells=0     ctrl=0    rec_files=15    nonrec=5     targets=G16G
  [ 85/272] EXP-0087-m4-register-move-synthesis            cells=18    ctrl=0    rec_files=16    nonrec=5     targets=G16G
  [ 86/272] EXP-0089-m4-register-lifecycle-model           cells=0     ctrl=0    rec_files=17    nonrec=4     targets=G16G
  [ 87/272] EXP-0090-m4-handbuilt-program-suite            cells=0     ctrl=0    rec_files=12    nonrec=6     targets=G16G
  [ 88/272] EXP-0091-m4-fragment-sample-discard            cells=0     ctrl=0    rec_files=314   nonrec=29    targets=G16G
  [ 89/272] EXP-0092-m4-sysval-abi                         cells=0     ctrl=0    rec_files=23    nonrec=5     targets=G16G
  [ 90/272] EXP-0093-m4-fence-barrier-interlock            cells=0     ctrl=0    rec_files=13    nonrec=4     targets=G16G
  [ 91/272] EXP-0094-m4-texture-lod-abi                    cells=0     ctrl=0    rec_files=30    nonrec=35    targets=G16G
  [ 92/272] EXP-0095-m4-texture-image-matrix               cells=0     ctrl=0    rec_files=183   nonrec=5     targets=G16G
  [ 93/272] EXP-0096-m4-threadgroup-addressing             cells=0     ctrl=0    rec_files=12    nonrec=5     targets=G16G
  [ 94/272] EXP-0097-m4-varying-capacity                   cells=0     ctrl=0    rec_files=13    nonrec=4     targets=G16G
  [ 95/272] EXP-0098-m4-gpu-driven-draws                   cells=0     ctrl=0    rec_files=19    nonrec=7     targets=G16G
  [ 96/272] EXP-0099-m4-lifetime-field-model               cells=0     ctrl=0    rec_files=12    nonrec=4     targets=G16G
  [ 97/272] EXP-0100-m4-threadgroup-addressing             cells=0     ctrl=0    rec_files=23    nonrec=4     targets=G16G
  [ 98/272] EXP-0101-m4-synthesis-blockers                 cells=6     ctrl=0    rec_files=12    nonrec=4     targets=G16G
  [ 99/272] EXP-0102-m4-int-pack-semantics                 cells=0     ctrl=0    rec_files=80    nonrec=52    targets=G16G
  [100/272] EXP-0103-m4-fp-transcendental-semantics        cells=0     ctrl=0    rec_files=106   nonrec=31    targets=G16G
  [101/272] EXP-0104-m4-controlflow-simd                   cells=0     ctrl=0    rec_files=7     nonrec=4     targets=-
  [102/272] EXP-0105-m4-encoding-registers                 cells=0     ctrl=0    rec_files=12    nonrec=4     targets=G16G
  [103/272] EXP-0106-m4-texture-isa-semantics              cells=0     ctrl=0    rec_files=121   nonrec=4     targets=G16G
  [104/272] EXP-0107-m4-scratch-helper-abi                 cells=0     ctrl=0    rec_files=18    nonrec=2645  targets=G16G
  [105/272] EXP-0108-m4-bg-eot-programs                    cells=0     ctrl=0    rec_files=39    nonrec=4     targets=G16G
  [106/272] EXP-0109-m4-stage-abi                          cells=0     ctrl=0    rec_files=18    nonrec=4     targets=G16G
  [107/272] EXP-0110-m4-command-container-packing          cells=0     ctrl=0    rec_files=14    nonrec=42    targets=G16G
  [108/272] EXP-0111-m4-fragment-semantics                 cells=0     ctrl=0    rec_files=232   nonrec=9     targets=G16G
  [109/272] EXP-0112-m4-program-generator                  cells=0     ctrl=0    rec_files=16    nonrec=16    targets=G16G
  [110/272] EXP-0113-m4-register-file-model                cells=0     ctrl=0    rec_files=13    nonrec=53    targets=G16G
  [111/272] EXP-0114-m4-texture-deferred                   cells=0     ctrl=0    rec_files=314   nonrec=6     targets=G16G
  [112/272] EXP-0115-m4-controlflow-simd-deferred          cells=0     ctrl=0    rec_files=8     nonrec=26    targets=-
  [113/272] EXP-0116-m4-command-generation                 cells=0     ctrl=0    rec_files=148   nonrec=4     targets=G16G
  [114/272] EXP-0117-m4-stage-abi-remainder                cells=0     ctrl=0    rec_files=18    nonrec=4     targets=G16G
  [115/272] EXP-0118-a18-pro-partial-render-workload       cells=0     ctrl=0    rec_files=0     nonrec=2     targets=-
  [116/272] EXP-0119-m4-lifecycle-field-map                cells=0     ctrl=0    rec_files=13    nonrec=5     targets=G16G
  [117/272] EXP-0120-m4-tvb-overflow-mechanism             cells=0     ctrl=0    rec_files=13    nonrec=1974  targets=G16G
  [118/272] EXP-0121-m4-nir-contract                       cells=0     ctrl=0    rec_files=16    nonrec=8     targets=G16G
  [119/272] EXP-0122-m4-sparse-vm-conventions              cells=0     ctrl=0    rec_files=34    nonrec=5     targets=G16G
  [120/272] EXP-0123-m4-rasterization-limits               cells=0     ctrl=0    rec_files=411   nonrec=4     targets=G16G
  [121/272] EXP-0124-m4-query-indirect-remainder           cells=0     ctrl=0    rec_files=15    nonrec=4     targets=G16G
  [122/272] EXP-0125-m4-scratch-helper-init                cells=0     ctrl=0    rec_files=42    nonrec=897   targets=G16G
  [123/272] EXP-0126-m4-uapi-field-mapping                 cells=0     ctrl=0    rec_files=12    nonrec=139   targets=G16G
  [124/272] EXP-0127-m4-shader-selection                   cells=0     ctrl=0    rec_files=12    nonrec=107   targets=G16G
  [125/272] EXP-0128-m4-generator-envelope                 cells=0     ctrl=0    rec_files=37    nonrec=63    targets=G16G
  [126/272] EXP-0129-m4-lifecycle-boundary-probe           cells=0     ctrl=0    rec_files=13    nonrec=34    targets=G16G
  [127/272] EXP-0130-m4-bg-eot-construction                cells=0     ctrl=0    rec_files=6     nonrec=4     targets=G16G
  [128/272] EXP-0131-m4-shader-container-generation        cells=0     ctrl=0    rec_files=32    nonrec=43    targets=G16G
  [129/272] EXP-0132-m4-pbe-attachment-structures          cells=0     ctrl=0    rec_files=182   nonrec=84    targets=G16G
  [130/272] EXP-0133-m4-format-capability-matrix           cells=0     ctrl=0    rec_files=6311  nonrec=57    targets=G16G
  [131/272] EXP-0134-m4-lossless-compression               cells=0     ctrl=0    rec_files=13    nonrec=9982  targets=G16G
  [132/272] EXP-0135-m4-mesh-object-shading                cells=0     ctrl=0    rec_files=9     nonrec=374   targets=G16G
  [133/272] EXP-0136-m4-unreachable-encodings              cells=0     ctrl=0    rec_files=253   nonrec=161   targets=G16G
  [134/272] EXP-0137-m4-bary-split-abi                     cells=0     ctrl=0    rec_files=17    nonrec=5     targets=G16G
  [135/272] EXP-0138-m4-emit-falu                          cells=120   ctrl=0    rec_files=33    nonrec=11    targets=G16G
  [136/272] EXP-0139-m4-emit-ialu                          cells=160   ctrl=0    rec_files=18    nonrec=5     targets=G16G
  [137/272] EXP-0140-m4-emit-mov-cf                        cells=45    ctrl=0    rec_files=13    nonrec=10    targets=G16G
  [138/272] EXP-0141-m4-emit-mem                           cells=93    ctrl=0    rec_files=62    nonrec=10    targets=G16G
  [139/272] EXP-0142-m4-emit-tex                           cells=4     ctrl=0    rec_files=2     nonrec=8     targets=-
  [140/272] EXP-0143-m4-emit-frag-simd                     cells=16    ctrl=0    rec_files=6     nonrec=19    targets=G16G
  [141/272] EXP-0144-m4-emit-pack                          cells=90    ctrl=0    rec_files=42    nonrec=28    targets=G16G
  [142/272] EXP-0145-m4-emit-bf16-half                     cells=0     ctrl=0    rec_files=4     nonrec=2     targets=-
  [143/272] EXP-0146-m4-emit-int-misc                      cells=108   ctrl=0    rec_files=14    nonrec=13    targets=-
  [144/272] EXP-0147-m4-emit-pipeline-misc                 cells=40    ctrl=0    rec_files=16    nonrec=14    targets=G16G
  [145/272] EXP-0148-m4-scaffolding-and-lengths            cells=171   ctrl=0    rec_files=201   nonrec=33    targets=-
  [146/272] EXP-0149-m4-generator-synthesis                cells=0     ctrl=0    rec_files=0     nonrec=0     targets=-
  [147/272] EXP-0150-m4-load-form-source-type              cells=0     ctrl=0    rec_files=1     nonrec=2     targets=-
  [148/272] EXP-0151-m4-emit-ialu-remainder                cells=0     ctrl=0    rec_files=0     nonrec=0     targets=-
  [149/272] EXP-0152-m4-emit-cf-mem-remainder              cells=0     ctrl=0    rec_files=0     nonrec=1     targets=-
  [150/272] EXP-0153-g17p-revalidation                     cells=187   ctrl=0    rec_files=36    nonrec=1176  targets=G17P
  [151/272] EXP-0154-g17p-emit-alu                         cells=365   ctrl=22   rec_files=30    nonrec=4     targets=G17P
  [152/272] EXP-0155-g17p-emit-tex-frag                    cells=122   ctrl=0    rec_files=21    nonrec=12    targets=G17P
  [153/272] EXP-0156-g17p-emit-cf-mem                      cells=93    ctrl=0    rec_files=79    nonrec=7     targets=G17P
  [154/272] EXP-0157-g17p-emit-misc                        cells=122   ctrl=0    rec_files=131   nonrec=84    targets=G17P
  [155/272] EXP-0158-g17p-generator-synthesis              cells=171   ctrl=0    rec_files=36    nonrec=14    targets=G17P
  [156/272] EXP-0159-g17p-questionnaire-tail               cells=11    ctrl=0    rec_files=22    nonrec=38    targets=G17P
  [157/272] EXP-0160-g17p-last-field                       cells=12    ctrl=8    rec_files=46    nonrec=7     targets=G17P
  [158/272] EXP-0161-g17p-carry-fspecial                   cells=202   ctrl=11   rec_files=55    nonrec=9     targets=G17P
  [159/272] EXP-0162-g17p-pack-and-splices                 cells=36    ctrl=0    rec_files=18    nonrec=10    targets=G17P
  [160/272] EXP-0163-g17p-inert-liveness                   cells=31    ctrl=0    rec_files=23    nonrec=7     targets=G17P
  [161/272] EXP-0164-inert-audit                           cells=836   ctrl=0    rec_files=14    nonrec=6     targets=-
  [162/272] EXP-0165-db-defect-repair                      cells=0     ctrl=0    rec_files=11    nonrec=8     targets=-
  [163/272] EXP-0166-exp0146-recovery                      cells=262   ctrl=0    rec_files=10    nonrec=5     targets=-
  [164/272] EXP-0167-g17p-synthesis-reconfirm              cells=171   ctrl=0    rec_files=26    nonrec=13    targets=G17P
  [165/272] EXP-0168-g17p-dst-resweep                      cells=218   ctrl=58   rec_files=68    nonrec=8     targets=G17P
  [166/272] EXP-0169-g17p-rerecord                         cells=285   ctrl=63   rec_files=59    nonrec=6     targets=G17P
  [167/272] EXP-0170-assemble-coverage-audit               cells=924   ctrl=0    rec_files=15    nonrec=5     targets=-
  [168/272] EXP-0171-g17p-ilogic-srca                      cells=199   ctrl=14   rec_files=23    nonrec=8     targets=G17P
  [169/272] EXP-0172-g17p-onefield-tail                    cells=185   ctrl=0    rec_files=16    nonrec=7     targets=G17P
  [170/272] EXP-0173-closure-audit                         cells=267   ctrl=0    rec_files=15    nonrec=13    targets=-
  [171/272] EXP-0174-g17p-n3mov                            cells=181   ctrl=0    rec_files=42    nonrec=4     targets=G17P
  [172/272] EXP-0175-db-defects-2                          cells=280   ctrl=0    rec_files=24    nonrec=8     targets=-
  [173/272] EXP-0176-provenance-chain                      cells=0     ctrl=0    rec_files=4     nonrec=7     targets=-
  [174/272] EXP-0177-p08-abi-assembly                      cells=28    ctrl=0    rec_files=4     nonrec=6     targets=-
  [175/272] EXP-0178-g17p-sysval-tileread                  cells=192   ctrl=12   rec_files=54    nonrec=9     targets=G17P
  [176/272] EXP-0179-g17p-call                             cells=185   ctrl=0    rec_files=103   nonrec=4     targets=G17P
  [177/272] EXP-0180-g17p-halfalu-rerecord                 cells=189   ctrl=17   rec_files=27    nonrec=5     targets=G17P
  [178/272] EXP-0181-instr-labels-defects                  cells=4     ctrl=0    rec_files=9     nonrec=6     targets=-
  [179/272] EXP-0182-tokenizer-lengths                     cells=211   ctrl=0    rec_files=11    nonrec=8     targets=-
  [180/272] EXP-0183-halfalu-descriptor                    cells=204   ctrl=0    rec_files=20    nonrec=5     targets=-
  [181/272] EXP-0184-g17p-onefield-b                       cells=176   ctrl=4    rec_files=26    nonrec=10    targets=G17P
  [182/272] EXP-0185-tooling-upstream                      cells=0     ctrl=0    rec_files=1     nonrec=8     targets=-
  [183/272] EXP-0186-docs-gap                              cells=0     ctrl=0    rec_files=2     nonrec=4     targets=-
  [184/272] EXP-0187-g17p-rtword-census                    cells=175   ctrl=0    rec_files=19    nonrec=6     targets=G17P
  [185/272] EXP-0188-g17p-dimension-carriers               cells=176   ctrl=4    rec_files=15    nonrec=6     targets=-
  [186/272] EXP-0189-closing-audit                         cells=810   ctrl=0    rec_files=21    nonrec=6     targets=-
  [187/272] EXP-0190-indexer-refilter                      cells=880   ctrl=32   rec_files=21    nonrec=4     targets=-
  [188/272] EXP-0191-detection-gate                        cells=79    ctrl=0    rec_files=3     nonrec=4     targets=-
  [189/272] EXP-0192-fault-as-movement                     cells=0     ctrl=0    rec_files=3     nonrec=4     targets=-
  [190/272] EXP-0193-stable-live-sweep                     cells=0     ctrl=0    rec_files=3     nonrec=8     targets=-
  [191/272] EXP-0194-desk-promotion-audit                  cells=1485  ctrl=113  rec_files=9     nonrec=2     targets=-
  [192/272] EXP-0195-uncited-raw-sweep                     cells=566   ctrl=0    rec_files=7     nonrec=3     targets=-
  [193/272] EXP-0196-note-integrity-audit                  cells=870   ctrl=0    rec_files=16    nonrec=5     targets=-
  [194/272] EXP-0197-citation-clause-audit                 cells=30    ctrl=0    rec_files=38    nonrec=7     targets=-
  [195/272] EXP-0198-note-audit-completion                 cells=0     ctrl=0    rec_files=17    nonrec=3     targets=-
  [196/272] EXP-0199-g17p-instruction-level                cells=25    ctrl=1    rec_files=20    nonrec=4     targets=G17P
  [197/272] EXP-0200-cfrt-word-instruction-hw              cells=175   ctrl=0    rec_files=22    nonrec=5     targets=-
  [198/272] EXP-0201-g17p-float-alu-sixfield               cells=178   ctrl=10   rec_files=37    nonrec=7     targets=G17P
  [199/272] EXP-0202-g17p-int-shift-convert                cells=181   ctrl=6    rec_files=16    nonrec=4     targets=G17P
  [200/272] EXP-0203-g17p-half-oracle                      cells=176   ctrl=10   rec_files=55    nonrec=7     targets=G17P
  [201/272] EXP-0204-g17p-tex-carrier-dimensions           cells=177   ctrl=0    rec_files=20    nonrec=3     targets=G17P
  [202/272] EXP-0205-g17p-simd-subgroup                    cells=180   ctrl=3    rec_files=22    nonrec=4     targets=G17P
  [203/272] EXP-0206-g17p-cf-scope                         cells=181   ctrl=5    rec_files=6     nonrec=4     targets=-
  [204/272] EXP-0207-g17p-frag-raster-sysval               cells=180   ctrl=26   rec_files=53    nonrec=3     targets=-
  [205/272] EXP-0208-axis-reclassification                 cells=1559  ctrl=123  rec_files=6     nonrec=2     targets=-
  [206/272] EXP-0209-dashboards                            cells=0     ctrl=0    rec_files=272   nonrec=1     targets=-
  [207/272] EXP-G1a-usc-sysval-uvs                         cells=0     ctrl=0    rec_files=0     nonrec=259   targets=-
  [208/272] EXP-G1b-pbe-rt-descriptor                      cells=0     ctrl=0    rec_files=0     nonrec=127   targets=-
  [209/272] EXP-M4-01-isa-census                           cells=0     ctrl=0    rec_files=0     nonrec=63    targets=-
  [210/272] EXP-M4-02-capabilities                         cells=0     ctrl=0    rec_files=0     nonrec=5     targets=-
  [211/272] EXP-M4-03-cmdstream-pipeline                   cells=0     ctrl=0    rec_files=0     nonrec=64    targets=-
  [212/272] EXP-M4-04-descriptors-tiling                   cells=0     ctrl=0    rec_files=0     nonrec=13    targets=-
  [213/272] EXP-M4-05-a18-bpp8-confirm                     cells=0     ctrl=0    rec_files=0     nonrec=16    targets=-
  [214/272] EXP-M4-06-a18-bpp12-granule                    cells=0     ctrl=0    rec_files=0     nonrec=18    targets=-
  [215/272] EXP-M4-07-tiling-coverage                      cells=0     ctrl=0    rec_files=0     nonrec=13    targets=-
  [216/272] EXP-M4-08-descriptor-coverage                  cells=0     ctrl=0    rec_files=0     nonrec=11    targets=-
  [217/272] EXP-M4-09-cmdstream-coverage                   cells=0     ctrl=0    rec_files=0     nonrec=35    targets=-
  [218/272] EXP-M4-10-isa-coverage                         cells=0     ctrl=0    rec_files=0     nonrec=8     targets=-
  [219/272] EXP-M4-11-machine-model                        cells=0     ctrl=0    rec_files=0     nonrec=23    targets=-
  [220/272] EXP-M4-12-isa-residue-closure                  cells=0     ctrl=0    rec_files=0     nonrec=5     targets=-
  [221/272] EXP-M4-13-full-corpus                          cells=140   ctrl=0    rec_files=46    nonrec=1139  targets=-
  [222/272] EXP-M4-14-a18-splice                           cells=0     ctrl=0    rec_files=1     nonrec=1     targets=-
  [223/272] EXP-M5-01-toolchain-bringup                    cells=0     ctrl=0    rec_files=0     nonrec=6     targets=-
  [224/272] EXP-M5-02-isa-census                           cells=0     ctrl=0    rec_files=1     nonrec=5     targets=-
  [225/272] EXP-M5-03-thirdparty-census                    cells=0     ctrl=0    rec_files=3     nonrec=10    targets=-
  [226/272] EXP-M5-04-capabilities                         cells=0     ctrl=0    rec_files=0     nonrec=4     targets=-
  [227/272] EXP-M5-05-coverage-restoration                 cells=0     ctrl=0    rec_files=3     nonrec=4     targets=-
  [228/272] EXP-M5-06-cmdstream-descriptors                cells=0     ctrl=0    rec_files=0     nonrec=3     targets=-
  [229/272] EXP-M5-07-isa-semantics                        cells=0     ctrl=0    rec_files=0     nonrec=2     targets=-
  [230/272] EXP-M5-08-capability-census                    cells=0     ctrl=0    rec_files=0     nonrec=2     targets=-
  [231/272] EXP-M5-09-isa-semantics2                       cells=0     ctrl=0    rec_files=0     nonrec=57    targets=-
  [232/272] EXP-M5-10-cmdstream-tiling                     cells=0     ctrl=0    rec_files=0     nonrec=8     targets=-
  [233/272] EXP-M5-11-isa-integration                      cells=0     ctrl=0    rec_files=0     nonrec=2     targets=-
  [234/272] EXP-M5-12-capability-reconcile                 cells=0     ctrl=0    rec_files=0     nonrec=2     targets=-
  [235/272] EXP-M5-13-cmdstream-remaining                  cells=0     ctrl=0    rec_files=0     nonrec=3     targets=-
  [236/272] EXP-M5-15-obj2-reconcile2                      cells=0     ctrl=0    rec_files=0     nonrec=1     targets=-
  [237/272] EXP-M5-16-texture-atomics-matrix               cells=168   ctrl=0    rec_files=1     nonrec=2     targets=-
  [238/272] EXP-M5-17-texture-operands                     cells=168   ctrl=0    rec_files=1     nonrec=16    targets=-
  [239/272] EXP-M5-18-call-abi                             cells=0     ctrl=0    rec_files=0     nonrec=2     targets=-
  [240/272] EXP-M5-19-rt-as-load                           cells=0     ctrl=0    rec_files=0     nonrec=14    targets=-
  [241/272] EXP-M5-20-coopmatrix-operands                  cells=0     ctrl=0    rec_files=0     nonrec=3     targets=-
  [242/272] EXP-M5-21-gpr-machine-model                    cells=0     ctrl=0    rec_files=0     nonrec=5     targets=-
  [243/272] EXP-M5-22-texture-binding                      cells=168   ctrl=0    rec_files=1     nonrec=9     targets=-
  [244/272] EXP-M5-23-cmdstream-opens                      cells=0     ctrl=0    rec_files=0     nonrec=4     targets=-
  [245/272] EXP-O2A-geometry-output                        cells=0     ctrl=0    rec_files=0     nonrec=117   targets=-
  [246/272] EXP-O2B-sparse-pbe-heap                        cells=0     ctrl=0    rec_files=0     nonrec=46    targets=-
  [247/272] EXP-O2C-rt-tensor-tail                         cells=5     ctrl=0    rec_files=1     nonrec=9     targets=-
  [248/272] EXP-O2D-compute-frag-tail                      cells=3     ctrl=0    rec_files=1     nonrec=8     targets=-
  [249/272] EXP-O2G-printf-meshicb-compmip                 cells=0     ctrl=0    rec_files=0     nonrec=26    targets=-
  [250/272] EXP-O2H-tessellation                           cells=0     ctrl=0    rec_files=0     nonrec=55    targets=-
  [251/272] REVIEW-M5-OBJ1-01                              cells=0     ctrl=0    rec_files=0     nonrec=1     targets=-
  [252/272] REVIEW-M5-OBJ1-02                              cells=0     ctrl=0    rec_files=0     nonrec=1     targets=-
  [253/272] REVIEW-M5-OBJ1-03                              cells=0     ctrl=0    rec_files=0     nonrec=1     targets=-
  [254/272] REVIEW-M5-OBJ1-04                              cells=0     ctrl=0    rec_files=0     nonrec=1     targets=-
  [255/272] REVIEW-M5-OBJ2-01                              cells=0     ctrl=0    rec_files=0     nonrec=1     targets=-
  [256/272] REVIEW-M5-OBJ2-02                              cells=0     ctrl=0    rec_files=0     nonrec=1     targets=-
  [257/272] REVIEW-M5-OBJ2-03                              cells=0     ctrl=0    rec_files=0     nonrec=1     targets=-
  [258/272] REVIEW-M5-OBJ3-01                              cells=0     ctrl=0    rec_files=0     nonrec=1     targets=-
  [259/272] RT-10-isa-pass2                                cells=0     ctrl=0    rec_files=0     nonrec=12    targets=-
  [260/272] RT-11-cmdstream-pipeline-pass2                 cells=0     ctrl=0    rec_files=0     nonrec=132   targets=-
  [261/272] RT-12-final-2nd-pass                           cells=0     ctrl=0    rec_files=0     nonrec=18    targets=-
  [262/272] RT-1a-FIX                                      cells=0     ctrl=0    rec_files=0     nonrec=8     targets=-
  [263/272] RT-1a-isa-operand-falsify                      cells=0     ctrl=0    rec_files=0     nonrec=7     targets=-
  [264/272] RT-1b-isa-cf-atomics-falsify                   cells=0     ctrl=0    rec_files=0     nonrec=15    targets=-
  [265/272] RT-2a-cmdstream-falsify                        cells=0     ctrl=0    rec_files=0     nonrec=141   targets=-
  [266/272] RT-3-descriptor-tiling-falsify                 cells=0     ctrl=0    rec_files=0     nonrec=139   targets=-
  [267/272] RT-4-pipeline-falsify                          cells=0     ctrl=0    rec_files=0     nonrec=111   targets=-
  [268/272] RT-5-isa-tex-simd-mat-rt-frag-falsify          cells=0     ctrl=0    rec_files=0     nonrec=15    targets=-
  [269/272] RT-6-cmdstream2-falsify                        cells=0     ctrl=0    rec_files=0     nonrec=4     targets=-
  [270/272] RT-7-machine-model-sr-abi-falsify              cells=0     ctrl=0    rec_files=0     nonrec=27    targets=-
  [271/272] RT-9-desc-tiling-pass2                         cells=0     ctrl=0    rec_files=0     nonrec=1335  targets=-
  [272/272] RT-ISA-FIX                                     cells=0     ctrl=0    rec_files=0     nonrec=4     targets=-
built 272, cached 0, total 272 experiments
