dag_000_n2                               fault        {'fault': 4, 'ok': 1}        discarded=0
dag_001_n3                               fault        {'ok': 2, 'fault': 3}        discarded=0
dag_003_n5                               fault        {'fault': 4, 'ok': 1}        discarded=0
dag_005_n7                               ok           {'ok': 5}                    discarded=0
dag_007_n9                               fault        {'fault': 4, 'ok': 1}        discarded=0
dag_008_n10                              fault        {'ok': 2, 'fault': 3}        discarded=0
dag_009_n11                              fault        {'fault': 4, 'ok': 1}        discarded=0
dag_010_n12                              fault        {'ok': 2, 'fault': 3}        discarded=0
dag_011_n13                              fault        {'fault': 4, 'ok': 1}        discarded=0
dag_012_n14                              fault        {'ok': 2, 'fault': 3}        discarded=0
dag_013_n15                              fault        {'fault': 4, 'ok': 1}        discarded=0
dag_014_n16                              fault        {'ok': 2, 'fault': 3}        discarded=0
dag_015_n18                              fault        {'fault': 4, 'ok': 1}        discarded=0
dag_016_n20                              fault        {'ok': 2, 'fault': 3}        discarded=0
dag_017_n22                              ok           {'ok': 5}                    discarded=0
dag_019_n26                              fault        {'fault': 4, 'ok': 1}        discarded=0
dag_020_n28                              fault        {'ok': 2, 'fault': 3}        discarded=0
dag_021_n30                              fault        {'fault': 4, 'ok': 1}        discarded=0
dag_022_n32                              fault        {'ok': 2, 'fault': 3}        discarded=0
dag_023_n35                              fault        {'fault': 4, 'ok': 1}        discarded=0
dag_024_n2                               ok           {'ok': 5}                    discarded=0
dag_025_n3                               ok           {'ok': 5}                    discarded=0
dag_026_n4                               ok           {'ok': 5}                    discarded=0
dag_028_n6                               fault        {'fault': 4, 'ok': 1}        discarded=0
dag_029_n7                               fault        {'ok': 2, 'fault': 3}        discarded=0
dag_030_n8                               ok           {'ok': 5}                    discarded=0
dag_032_n10                              fault        {'fault': 4, 'ok': 1}        discarded=0
dag_033_n11                              fault        {'ok': 2, 'fault': 3}        discarded=0
dag_034_n12                              fault        {'fault': 4, 'ok': 1}        discarded=0
dag_035_n13                              ok           {'ok': 5}                    discarded=0
dag_036_n14                              ok           {'ok': 5}                    discarded=0
dag_037_n15                              ok           {'ok': 5}                    discarded=0
dag_039_n18                              ok           {'ok': 5}                    discarded=0
dag_040_n20                              fault        {'fault': 5}                 discarded=0
dag_041_n22                              ok           {'ok': 3, 'fault': 2}        discarded=0
dag_042_n24                              ok           {'ok': 3, 'fault': 2}        discarded=0
dag_043_n26                              fault        {'fault': 3, 'ok': 2}        discarded=0
dag_044_n28                              ok           {'ok': 4, 'fault': 1}        discarded=0
dag_045_n30                              fault        {'ok': 2, 'fault': 3}        discarded=0
dag_046_n32                              fault        {'fault': 3, 'ok': 2}        discarded=0
dag_055_n9                               fault        {'fault': 4, 'ok': 1}        discarded=0
dag_056_n10                              ok           {'ok': 5}                    discarded=0
dag_057_n11                              fault        {'fault': 4, 'ok': 1}        discarded=0
dag_058_n12                              fault        {'ok': 2, 'fault': 3}        discarded=0
dag_059_n13                              ok           {'ok': 5}                    discarded=0
dag_061_n15                              fault        {'fault': 4, 'ok': 1}        discarded=0
dag_062_n16                              ok           {'ok': 3, 'fault': 2}        discarded=0
dag_063_n18                              fault        {'fault': 4, 'ok': 1}        discarded=0
dag_064_n20                              ok           {'fault': 2, 'ok': 3}        discarded=0
dag_065_n22                              fault        {'fault': 4, 'ok': 1}        discarded=0
dag_066_n24                              fault        {'fault': 3, 'ok': 2}        discarded=0
dag_067_n26                              fault        {'fault': 4, 'ok': 1}        discarded=0
dag_068_n28                              fault        {'fault': 3, 'ok': 2}        discarded=0
dag_069_n30                              fault        {'ok': 2, 'fault': 3}        discarded=0
dag_070_n32                              fault        {'fault': 4, 'ok': 1}        discarded=0
dag_071_n35                              fault        {'ok': 2, 'fault': 3}        discarded=0
dag_073_n3                               fault        {'fault': 4, 'ok': 1}        discarded=0
dag_076_n6                               fault        {'ok': 2, 'fault': 3}        discarded=0
dag_082_n12                              fault        {'ok': 2, 'fault': 3}        discarded=0
dag_083_n13                              fault        {'fault': 4, 'ok': 1}        discarded=0
dag_084_n14                              fault        {'ok': 2, 'fault': 3}        discarded=0
dag_085_n15                              fault        {'fault': 4, 'ok': 1}        discarded=0
dag_087_n18                              fault        {'ok': 2, 'fault': 3}        discarded=0
dag_090_n24                              fault        {'fault': 4, 'ok': 1}        discarded=0
dag_093_n30                              fault        {'ok': 2, 'fault': 3}        discarded=0
dag_094_n32                              fault        {'ok': 2, 'fault': 3}        discarded=0
dagi_000_n2                              fault        {'fault': 4, 'ok': 1}        discarded=0
dagi_001_n3                              fault        {'ok': 2, 'fault': 3}        discarded=0
dagi_003_n5                              fault        {'fault': 4, 'ok': 1}        discarded=0
dagi_009_n11                             fault        {'ok': 2, 'fault': 3}        discarded=0
dagi_010_n12                             fault        {'ok': 2, 'fault': 3}        discarded=0
dagi_011_n13                             fault        {'fault': 4, 'ok': 1}        discarded=0
dagi_013_n15                             fault        {'ok': 2, 'fault': 3}        discarded=0
dagi_014_n16                             fault        {'fault': 4, 'ok': 1}        discarded=0
dagi_016_n20                             fault        {'ok': 2, 'fault': 3}        discarded=0
dagi_018_n24                             fault        {'fault': 4, 'ok': 1}        discarded=0
dagi_019_n26                             fault        {'ok': 2, 'fault': 3}        discarded=0
dagi_020_n28                             fault        {'fault': 3, 'ok': 2}        discarded=0
dagi_021_n30                             fault        {'fault': 4, 'ok': 1}        discarded=0
dagi_023_n35                             ok           {'ok': 3, 'fault': 2}        discarded=0
regb_R000                                fault        {'fault': 4, 'ok': 1}        discarded=0
regb_R001                                fault        {'fault': 3, 'ok': 2}        discarded=0
regb_R002                                ok           {'ok': 5}                    discarded=0
regb_R003                                ok           {'ok': 5}                    discarded=0
regb_R007                                ok           {'ok': 5}                    discarded=0
regb_R015                                ok           {'ok': 5}                    discarded=0
regb_R016                                ok           {'ok': 5}                    discarded=0
regb_R020                                fault        {'fault': 3, 'ok': 2}        discarded=0
regb_R031                                ok           {'fault': 2, 'ok': 3}        discarded=0
regb_R032                                fault        {'ok': 2, 'fault': 3}        discarded=0
regb_R047                                fault        {'ok': 2, 'fault': 3}        discarded=0
regb_R048                                ok           {'ok': 5}                    discarded=0
regb_R060                                ok           {'ok': 5}                    discarded=0
regb_R061                                fault        {'fault': 3, 'ok': 2}        discarded=0
regb_R063                                ok           {'ok': 5}                    discarded=0
regb_R064                                silent_zero  {'silent_zero': 5}           discarded=0
regb_R065                                silent_zero  {'silent_zero': 5}           discarded=0
regb_R066                                silent_zero  {'silent_zero': 5}           discarded=0
regb_R067                                silent_zero  {'silent_zero': 5}           discarded=0
regb_R068                                fault        {'fault': 4, 'silent_zero': 1} discarded=0
regb_R079                                fault        {'silent_zero': 2, 'fault': 3} discarded=0
regb_R080                                silent_zero  {'silent_zero': 5}           discarded=0
regb_R095                                silent_zero  {'silent_zero': 5}           discarded=0
regb_R096                                fault        {'fault': 3, 'silent_zero': 2} discarded=0
regb_R111                                no_write     {'no_write': 5}              discarded=0
regb_R112                                silent_zero  {'silent_zero': 5}           discarded=0
regb_R126_faultarm                       fault        {'fault': 5}                 discarded=0
regb_R127_faultarm                       fault        {'fault': 5}                 discarded=0
regb_R063_poison_r63                     fault        {'fault': 3, 'ok': 2}        discarded=0
regb_R064_poison_r0                      wrong_value  {'wrong_value': 5}           discarded=0
regb_R065_poison_r1                      fault        {'fault': 3, 'wrong_value': 2} discarded=0
regb_R067_poison_r3                      wrong_value  {'wrong_value': 5}           discarded=0
regb_R005_extlsb0                        ok           {'ok': 5}                    discarded=0
regb_R005_extlsb1                        fault        {'fault': 4, 'ok': 1}        discarded=0
regb_R063_extlsb0                        ok           {'ok': 5}                    discarded=0
regb_R063_extlsb1                        ok           {'ok': 5}                    discarded=0
inl_k00                                  ok           {'ok': 5}                    discarded=0
inl_k01                                  fault        {'fault': 3, 'ok': 2}        discarded=0
inl_k03                                  ok           {'fault': 2, 'ok': 3}        discarded=0
inl_k05                                  ok           {'ok': 5}                    discarded=0
inl_k06                                  fault        {'fault': 4, 'ok': 1}        discarded=0
inl_k07                                  ok           {'ok': 5}                    discarded=0
inl_k08                                  fault        {'fault': 4, 'ok': 1}        discarded=0
inl_k09                                  fault        {'ok': 2, 'fault': 3}        discarded=0
inl_k10                                  fault        {'fault': 4, 'ok': 1}        discarded=0
inl_k11                                  ok           {'ok': 5}                    discarded=0
inl_k12                                  fault        {'fault': 4, 'ok': 1}        discarded=0
inl_k14                                  ok           {'ok': 5}                    discarded=0
inl_k15                                  ok           {'ok': 5}                    discarded=0
inl_k16                                  fault        {'fault': 3, 'ok': 2}        discarded=0
inl_k17                                  ok           {'fault': 2, 'ok': 3}        discarded=0
inl_k23                                  fault        {'ok': 2, 'fault': 3}        discarded=0
inl_k25                                  ok           {'ok': 3, 'fault': 2}        discarded=0
inl_k26                                  ok           {'ok': 4, 'fault': 1}        discarded=0
inl_k28                                  fault        {'fault': 4, 'ok': 1}        discarded=0
inl_k29                                  fault        {'fault': 3, 'ok': 2}        discarded=0
inl_k32                                  fault        {'fault': 4, 'ok': 1}        discarded=0
inl_k33                                  ok           {'ok': 5}                    discarded=0
inl_k35                                  ok           {'ok': 5}                    discarded=0
inl_k36                                  fault        {'fault': 4, 'ok': 1}        discarded=0
inl_k37                                  fault        {'ok': 2, 'fault': 3}        discarded=0
inl_k38                                  ok           {'ok': 5}                    discarded=0
inl_k39                                  ok           {'ok': 5}                    discarded=0
inl_k40                                  ok           {'ok': 5}                    discarded=0
inl_k41                                  ok           {'ok': 5}                    discarded=0
inl_k44                                  ok           {'ok': 5}                    discarded=0
inl_k45                                  ok           {'ok': 5}                    discarded=0
inl_k47                                  ok           {'ok': 5}                    discarded=0
inl_k48                                  ok           {'ok': 5}                    discarded=0
inl_mul_k24                              ok           {'ok': 5}                    discarded=0
inl_mul_k32                              ok           {'ok': 5}                    discarded=0
iaddsyn_A33_B44_N13_D9_sub               wrong_value  {'wrong_value': 3, 'fault': 2} discarded=0
iaddsyn_A127_B1_N15_D10_add              no_write     {'no_write': 5}              discarded=0
iaddsyn_A11_B22_N1_D0_add                fault        {'fault': 5}                 discarded=0
iaddsyn_A11_B22_N1_D63_add               ok           {'ok': 5}                    discarded=0
iaddsyn_A11_B22_N1_D64_add               ok           {'ok': 5}                    discarded=0
iaddsyn_A11_B22_N1_D95_add               fault        {'fault': 3, 'wrong_value': 2} discarded=0
iaddsyn_A7_B120_N4_D47_add               wrong_value  {'wrong_value': 5}           discarded=0
iaddanchor_K001                          ok           {'ok': 5}                    discarded=0
iaddanchor_K063                          ok           {'ok': 5}                    discarded=0
iaddanchor_K064                          ok           {'ok': 5}                    discarded=0
iaddanchor_K065                          ok           {'ok': 5}                    discarded=0
iaddanchor_K100                          ok           {'ok': 5}                    discarded=0
iaddanchor_K127                          ok           {'ok': 5}                    discarded=0
iaddanchor_K129                          ok           {'ok': 5}                    discarded=0
iaddanchor_K200                          ok           {'ok': 5}                    discarded=0
cf_trip3_false_arm                       ok           {'ok': 5}                    discarded=0
cf_trip5_true_arm                        ok           {'ok': 5}                    discarded=0
cf_trip0_boundary_true                   ok           {'ok': 5}                    discarded=0
cf_trip60_true_arm                       ok           {'ok': 5}                    discarded=0
adv_missing_mods_0xC0                    wrong_value  {'wrong_value': 3, 'fault': 2} discarded=0
adv_iadd_dst_reg96                       fault        {'fault': 5}                 discarded=0
adv_inline_class0                        fault        {'fault': 3, 'wrong_value': 2} discarded=0
adv_inline_top0                          wrong_value  {'wrong_value': 3, 'fault': 2} discarded=0
