  [  1/278] EXP-0001-shader-byte-extraction                raw_cells=0     derived=0     ctrl=0    rec_files=0     nonrec=62    targets=-
  [  2/278] EXP-0002-hw-identity-recon                     raw_cells=0     derived=0     ctrl=0    rec_files=0     nonrec=17    targets=-
  [  3/278] EXP-0003-hw-testbed                            raw_cells=0     derived=0     ctrl=0    rec_files=0     nonrec=11    targets=-
  [  4/278] EXP-0005-float-alu-isa                         raw_cells=0     derived=0     ctrl=0    rec_files=0     nonrec=7     targets=-
  [  5/278] EXP-0006-falu-operands                         raw_cells=0     derived=0     ctrl=0    rec_files=0     nonrec=13    targets=-
  [  6/278] EXP-0007-integer-alu                           raw_cells=0     derived=0     ctrl=0    rec_files=0     nonrec=19    targets=-
  [  7/278] EXP-0008-fragment-extraction                   raw_cells=0     derived=0     ctrl=0    rec_files=0     nonrec=35    targets=-
  [  8/278] EXP-0009-iotrace-bringup                       raw_cells=0     derived=0     ctrl=0    rec_files=0     nonrec=28    targets=-
  [  9/278] EXP-0010-control-flow                          raw_cells=0     derived=0     ctrl=0    rec_files=0     nonrec=7     targets=-
  [ 10/278] EXP-0011-compute-cmdstream                     raw_cells=0     derived=0     ctrl=0    rec_files=0     nonrec=9     targets=-
  [ 11/278] EXP-0012-memory                                raw_cells=0     derived=0     ctrl=0    rec_files=0     nonrec=59    targets=-
  [ 12/278] EXP-0013-scalar-alu                            raw_cells=0     derived=0     ctrl=0    rec_files=0     nonrec=12    targets=-
  [ 13/278] EXP-0014-graphics-cmdstream                    raw_cells=0     derived=0     ctrl=0    rec_files=0     nonrec=75    targets=-
  [ 14/278] EXP-0015-descriptors                           raw_cells=0     derived=0     ctrl=0    rec_files=0     nonrec=114   targets=-
  [ 15/278] EXP-0016-texture-isa                           raw_cells=0     derived=0     ctrl=0    rec_files=0     nonrec=5     targets=-
  [ 16/278] EXP-0017-tiling                                raw_cells=0     derived=0     ctrl=0    rec_files=0     nonrec=73    targets=-
  [ 17/278] EXP-0018-atomics-subgroup                      raw_cells=0     derived=0     ctrl=0    rec_files=0     nonrec=6     targets=-
  [ 18/278] EXP-0019-state-packets                         raw_cells=0     derived=0     ctrl=0    rec_files=0     nonrec=117   targets=-
  [ 19/278] EXP-0020-register-model                        raw_cells=0     derived=0     ctrl=0    rec_files=0     nonrec=13    targets=-
  [ 20/278] EXP-0021-tbdr-pipeline                         raw_cells=0     derived=0     ctrl=0    rec_files=0     nonrec=74    targets=-
  [ 21/278] EXP-0022-simdgroup-matrix                      raw_cells=0     derived=0     ctrl=0    rec_files=0     nonrec=8     targets=-
  [ 22/278] EXP-0023-raytracing                            raw_cells=0     derived=0     ctrl=0    rec_files=0     nonrec=10    targets=-
  [ 23/278] EXP-0024-usc-ppp-config                        raw_cells=0     derived=0     ctrl=0    rec_files=0     nonrec=70    targets=-
  [ 24/278] EXP-0025-scoreboard                            raw_cells=0     derived=0     ctrl=0    rec_files=0     nonrec=15    targets=-
  [ 25/278] EXP-0026-transcendentals                       raw_cells=0     derived=0     ctrl=0    rec_files=0     nonrec=7     targets=-
  [ 26/278] EXP-0027-indirect-query-timestamp              raw_cells=0     derived=0     ctrl=0    rec_files=0     nonrec=64    targets=-
  [ 27/278] EXP-0028-format-twiddle                        raw_cells=0     derived=0     ctrl=0    rec_files=0     nonrec=6     targets=-
  [ 28/278] EXP-0029-fragment-isa                          raw_cells=0     derived=0     ctrl=0    rec_files=0     nonrec=40    targets=-
  [ 29/278] EXP-0030-mesh                                  raw_cells=0     derived=0     ctrl=0    rec_files=1     nonrec=10    targets=-
  [ 30/278] EXP-0031-sr-abi                                raw_cells=0     derived=2     ctrl=0    rec_files=4     nonrec=6     targets=-
  [ 31/278] EXP-0033-int-bitfield                          raw_cells=0     derived=5     ctrl=0    rec_files=1     nonrec=8     targets=-
  [ 32/278] EXP-0034-texture-variants                      raw_cells=0     derived=1     ctrl=0    rec_files=1     nonrec=6     targets=-
  [ 33/278] EXP-0035-function-abi                          raw_cells=0     derived=3     ctrl=0    rec_files=1     nonrec=9     targets=-
  [ 34/278] EXP-0036-consolidation-census                  raw_cells=0     derived=0     ctrl=0    rec_files=0     nonrec=64    targets=-
  [ 35/278] EXP-0037-varying-texmath                       raw_cells=0     derived=3     ctrl=0    rec_files=1     nonrec=5     targets=-
  [ 36/278] EXP-0038-pack-carry-frame                      raw_cells=0     derived=4     ctrl=0    rec_files=1     nonrec=5     targets=-
  [ 37/278] EXP-0039-w2-merge-census                       raw_cells=0     derived=0     ctrl=0    rec_files=0     nonrec=3     targets=-
  [ 38/278] EXP-0040-obj2-merge-census                     raw_cells=0     derived=0     ctrl=0    rec_files=0     nonrec=41    targets=-
  [ 39/278] EXP-0041-scratch-helper-abi                    raw_cells=0     derived=0     ctrl=0    rec_files=1     nonrec=152   targets=G16G
  [ 40/278] EXP-0042-graphics-code-selection               raw_cells=0     derived=0     ctrl=0    rec_files=1     nonrec=2106  targets=-
  [ 41/278] EXP-0043-command-stream-framing                raw_cells=0     derived=0     ctrl=0    rec_files=2     nonrec=1174  targets=-
  [ 42/278] EXP-0044-uapi-closure-baseline                 raw_cells=0     derived=0     ctrl=0    rec_files=0     nonrec=3     targets=-
  [ 43/278] EXP-0045-uapi-field-matrix                     raw_cells=0     derived=0     ctrl=0    rec_files=1     nonrec=3     targets=-
  [ 44/278] EXP-0046-isa-synthesis-audit                   raw_cells=0     derived=0     ctrl=0    rec_files=2     nonrec=2     targets=-
  [ 45/278] EXP-0047-m4-numerical-behavior                 raw_cells=0     derived=0     ctrl=0    rec_files=4     nonrec=3     targets=-
  [ 46/278] EXP-0048-bg-eot-pbe                            raw_cells=0     derived=0     ctrl=0    rec_files=52    nonrec=136   targets=G16G
  [ 47/278] EXP-0049-command-link-structure                raw_cells=0     derived=0     ctrl=0    rec_files=692   nonrec=556   targets=G16G
  [ 48/278] EXP-0050-fragment-output-abi                   raw_cells=0     derived=0     ctrl=0    rec_files=155   nonrec=50    targets=G16G
  [ 49/278] EXP-0051-m4-synchronization-litmus             raw_cells=0     derived=0     ctrl=0    rec_files=18    nonrec=4     targets=G16G
  [ 50/278] EXP-0052-m4-timestamp-semantics                raw_cells=0     derived=0     ctrl=0    rec_files=18    nonrec=4     targets=G16G
  [ 51/278] EXP-0053-m4-indirect-api-semantics             raw_cells=0     derived=0     ctrl=0    rec_files=25    nonrec=4     targets=G16G
  [ 52/278] EXP-0054-m4-scissor-depth-bias                 raw_cells=0     derived=0     ctrl=0    rec_files=18    nonrec=6     targets=G16G
  [ 53/278] EXP-0055-m4-scissor-depth-bias-state           raw_cells=0     derived=0     ctrl=0    rec_files=89    nonrec=233   targets=G16G
  [ 54/278] EXP-0056-m4-compute-render-transition          raw_cells=0     derived=0     ctrl=0    rec_files=6     nonrec=4     targets=G16G
  [ 55/278] EXP-0057-m4-scratch-pressure-envelope          raw_cells=0     derived=0     ctrl=0    rec_files=55    nonrec=4     targets=G16G
  [ 56/278] EXP-0058-m4-compute-render-transition-fixed    raw_cells=0     derived=0     ctrl=0    rec_files=12    nonrec=15    targets=G16G
  [ 57/278] EXP-0059-isa-falu2i-property-vectors           raw_cells=0     derived=0     ctrl=0    rec_files=1     nonrec=3     targets=-
  [ 58/278] EXP-0060-isa-falu2i-bound-vectors              raw_cells=0     derived=0     ctrl=0    rec_files=3     nonrec=4     targets=-
  [ 59/278] EXP-0061-m4-sampler-boundary-matrix            raw_cells=0     derived=0     ctrl=0    rec_files=2     nonrec=3     targets=G16G
  [ 60/278] EXP-0062-m4-format-conversion-matrix           raw_cells=0     derived=0     ctrl=0    rec_files=9     nonrec=2     targets=G16G
  [ 61/278] EXP-0063-m4-sampler-boundary-fixed             raw_cells=0     derived=0     ctrl=0    rec_files=6     nonrec=3     targets=G16G
  [ 62/278] EXP-0064-m4-format-conversion-matrix-fixed     raw_cells=0     derived=0     ctrl=0    rec_files=20    nonrec=4     targets=G16G
  [ 63/278] EXP-0065-m4-sampler-filter-offcenter           raw_cells=0     derived=0     ctrl=0    rec_files=6     nonrec=3     targets=G16G
  [ 64/278] EXP-0066-m4-sampler-filter-provenance          raw_cells=0     derived=0     ctrl=0    rec_files=6     nonrec=3     targets=G16G
  [ 65/278] EXP-0067-m4-format-conversion-contract         raw_cells=0     derived=0     ctrl=0    rec_files=1     nonrec=1     targets=-
  [ 66/278] EXP-0068-m4-robustness-contract                raw_cells=0     derived=0     ctrl=0    rec_files=1     nonrec=2     targets=-
  [ 67/278] EXP-0069-isa-falu2i-modifier-vectors           raw_cells=0     derived=0     ctrl=0    rec_files=1     nonrec=2     targets=-
  [ 68/278] EXP-0070-m4-typed-format-conversion-contract   raw_cells=0     derived=0     ctrl=0    rec_files=21    nonrec=3     targets=G16G
  [ 69/278] EXP-0071-m4-vertex-fragment-abi-contract       raw_cells=0     derived=0     ctrl=0    rec_files=2     nonrec=4     targets=-
  [ 70/278] EXP-0072-m4-typed-format-conversion-batch2     raw_cells=0     derived=0     ctrl=0    rec_files=39    nonrec=5     targets=G16G
  [ 71/278] EXP-0073-m4-fp32-division-precision            raw_cells=0     derived=0     ctrl=0    rec_files=8     nonrec=4     targets=G16G
  [ 72/278] EXP-0074-m4-fp32-division-precision            raw_cells=0     derived=0     ctrl=0    rec_files=15    nonrec=4     targets=G16G
  [ 73/278] EXP-0075-m4-typed-format-conversion-batch2     raw_cells=0     derived=0     ctrl=0    rec_files=39    nonrec=5     targets=G16G
  [ 74/278] EXP-0076-m4-buffer-robustness-matrix           raw_cells=0     derived=0     ctrl=0    rec_files=17    nonrec=4     targets=G16G
  [ 75/278] EXP-0077-m4-mem-offset-semantics               raw_cells=0     derived=0     ctrl=0    rec_files=5     nonrec=5     targets=G16G
  [ 76/278] EXP-0078-m4-base-slot-census                   raw_cells=0     derived=0     ctrl=0    rec_files=9     nonrec=5     targets=G16G
  [ 77/278] EXP-0079-m4-typed-format-conversion-batch2     raw_cells=0     derived=0     ctrl=0    rec_files=83    nonrec=4     targets=G16G
  [ 78/278] EXP-0080-m4-mem-offset-semantics               raw_cells=0     derived=0     ctrl=0    rec_files=8     nonrec=5     targets=G16G
  [ 79/278] EXP-0081-m4-mem-offset-semantics               raw_cells=0     derived=0     ctrl=0    rec_files=14    nonrec=5     targets=G16G
  [ 80/278] EXP-0082-m4-mem-offset-semantics               raw_cells=0     derived=0     ctrl=0    rec_files=17    nonrec=4     targets=G16G
  [ 81/278] EXP-0083-m4-base-slot-census                   raw_cells=0     derived=0     ctrl=0    rec_files=17    nonrec=4     targets=G16G
  [ 82/278] EXP-0084-m4-dynamic-buffer-addressing          raw_cells=0     derived=0     ctrl=0    rec_files=19    nonrec=5     targets=G16G
  [ 83/278] EXP-0085-m4-memory-interlock-atomics           raw_cells=0     derived=0     ctrl=0    rec_files=21    nonrec=5     targets=G16G
  [ 84/278] EXP-0086-m4-register-liveness-bits             raw_cells=0     derived=0     ctrl=0    rec_files=15    nonrec=5     targets=G16G
  [ 85/278] EXP-0087-m4-register-move-synthesis            raw_cells=18    derived=0     ctrl=0    rec_files=16    nonrec=5     targets=G16G
  [ 86/278] EXP-0089-m4-register-lifecycle-model           raw_cells=0     derived=0     ctrl=0    rec_files=17    nonrec=4     targets=G16G
  [ 87/278] EXP-0090-m4-handbuilt-program-suite            raw_cells=0     derived=0     ctrl=0    rec_files=12    nonrec=6     targets=G16G
  [ 88/278] EXP-0091-m4-fragment-sample-discard            raw_cells=0     derived=0     ctrl=0    rec_files=314   nonrec=29    targets=G16G
  [ 89/278] EXP-0092-m4-sysval-abi                         raw_cells=0     derived=0     ctrl=0    rec_files=23    nonrec=5     targets=G16G
  [ 90/278] EXP-0093-m4-fence-barrier-interlock            raw_cells=0     derived=0     ctrl=0    rec_files=13    nonrec=4     targets=G16G
  [ 91/278] EXP-0094-m4-texture-lod-abi                    raw_cells=0     derived=0     ctrl=0    rec_files=30    nonrec=35    targets=G16G
  [ 92/278] EXP-0095-m4-texture-image-matrix               raw_cells=0     derived=0     ctrl=0    rec_files=183   nonrec=5     targets=G16G
  [ 93/278] EXP-0096-m4-threadgroup-addressing             raw_cells=0     derived=0     ctrl=0    rec_files=12    nonrec=5     targets=G16G
  [ 94/278] EXP-0097-m4-varying-capacity                   raw_cells=0     derived=0     ctrl=0    rec_files=13    nonrec=4     targets=G16G
  [ 95/278] EXP-0098-m4-gpu-driven-draws                   raw_cells=0     derived=0     ctrl=0    rec_files=19    nonrec=7     targets=G16G
  [ 96/278] EXP-0099-m4-lifetime-field-model               raw_cells=0     derived=0     ctrl=0    rec_files=12    nonrec=4     targets=G16G
  [ 97/278] EXP-0100-m4-threadgroup-addressing             raw_cells=0     derived=0     ctrl=0    rec_files=23    nonrec=4     targets=G16G
  [ 98/278] EXP-0101-m4-synthesis-blockers                 raw_cells=0     derived=6     ctrl=0    rec_files=12    nonrec=4     targets=G16G
  [ 99/278] EXP-0102-m4-int-pack-semantics                 raw_cells=0     derived=0     ctrl=0    rec_files=80    nonrec=52    targets=G16G
  [100/278] EXP-0103-m4-fp-transcendental-semantics        raw_cells=0     derived=0     ctrl=0    rec_files=106   nonrec=31    targets=G16G
  [101/278] EXP-0104-m4-controlflow-simd                   raw_cells=0     derived=0     ctrl=0    rec_files=7     nonrec=4     targets=-
  [102/278] EXP-0105-m4-encoding-registers                 raw_cells=0     derived=0     ctrl=0    rec_files=12    nonrec=4     targets=G16G
  [103/278] EXP-0106-m4-texture-isa-semantics              raw_cells=0     derived=0     ctrl=0    rec_files=121   nonrec=4     targets=G16G
  [104/278] EXP-0107-m4-scratch-helper-abi                 raw_cells=0     derived=0     ctrl=0    rec_files=18    nonrec=2645  targets=G16G
  [105/278] EXP-0108-m4-bg-eot-programs                    raw_cells=0     derived=0     ctrl=0    rec_files=39    nonrec=4     targets=G16G
  [106/278] EXP-0109-m4-stage-abi                          raw_cells=0     derived=0     ctrl=0    rec_files=18    nonrec=4     targets=G16G
  [107/278] EXP-0110-m4-command-container-packing          raw_cells=0     derived=0     ctrl=0    rec_files=14    nonrec=42    targets=G16G
  [108/278] EXP-0111-m4-fragment-semantics                 raw_cells=0     derived=0     ctrl=0    rec_files=232   nonrec=9     targets=G16G
  [109/278] EXP-0112-m4-program-generator                  raw_cells=0     derived=0     ctrl=0    rec_files=16    nonrec=16    targets=G16G
  [110/278] EXP-0113-m4-register-file-model                raw_cells=0     derived=0     ctrl=0    rec_files=13    nonrec=53    targets=G16G
  [111/278] EXP-0114-m4-texture-deferred                   raw_cells=0     derived=0     ctrl=0    rec_files=314   nonrec=6     targets=G16G
  [112/278] EXP-0115-m4-controlflow-simd-deferred          raw_cells=0     derived=0     ctrl=0    rec_files=8     nonrec=26    targets=-
  [113/278] EXP-0116-m4-command-generation                 raw_cells=0     derived=0     ctrl=0    rec_files=148   nonrec=4     targets=G16G
  [114/278] EXP-0117-m4-stage-abi-remainder                raw_cells=0     derived=0     ctrl=0    rec_files=18    nonrec=4     targets=G16G
  [115/278] EXP-0118-a18-pro-partial-render-workload       raw_cells=0     derived=0     ctrl=0    rec_files=0     nonrec=2     targets=-
  [116/278] EXP-0119-m4-lifecycle-field-map                raw_cells=0     derived=0     ctrl=0    rec_files=13    nonrec=5     targets=G16G
  [117/278] EXP-0120-m4-tvb-overflow-mechanism             raw_cells=0     derived=0     ctrl=0    rec_files=13    nonrec=1974  targets=G16G
  [118/278] EXP-0121-m4-nir-contract                       raw_cells=0     derived=0     ctrl=0    rec_files=16    nonrec=8     targets=G16G
  [119/278] EXP-0122-m4-sparse-vm-conventions              raw_cells=0     derived=0     ctrl=0    rec_files=34    nonrec=5     targets=G16G
  [120/278] EXP-0123-m4-rasterization-limits               raw_cells=0     derived=0     ctrl=0    rec_files=411   nonrec=4     targets=G16G
  [121/278] EXP-0124-m4-query-indirect-remainder           raw_cells=0     derived=0     ctrl=0    rec_files=15    nonrec=4     targets=G16G
  [122/278] EXP-0125-m4-scratch-helper-init                raw_cells=0     derived=0     ctrl=0    rec_files=42    nonrec=897   targets=G16G
  [123/278] EXP-0126-m4-uapi-field-mapping                 raw_cells=0     derived=0     ctrl=0    rec_files=12    nonrec=139   targets=G16G
  [124/278] EXP-0127-m4-shader-selection                   raw_cells=0     derived=0     ctrl=0    rec_files=12    nonrec=107   targets=G16G
  [125/278] EXP-0128-m4-generator-envelope                 raw_cells=0     derived=0     ctrl=0    rec_files=37    nonrec=63    targets=G16G
  [126/278] EXP-0129-m4-lifecycle-boundary-probe           raw_cells=0     derived=0     ctrl=0    rec_files=13    nonrec=34    targets=G16G
  [127/278] EXP-0130-m4-bg-eot-construction                raw_cells=0     derived=0     ctrl=0    rec_files=6     nonrec=4     targets=G16G
  [128/278] EXP-0131-m4-shader-container-generation        raw_cells=0     derived=0     ctrl=0    rec_files=32    nonrec=43    targets=G16G
  [129/278] EXP-0132-m4-pbe-attachment-structures          raw_cells=0     derived=0     ctrl=0    rec_files=182   nonrec=84    targets=G16G
  [130/278] EXP-0133-m4-format-capability-matrix           raw_cells=0     derived=0     ctrl=0    rec_files=6311  nonrec=57    targets=G16G
  [131/278] EXP-0134-m4-lossless-compression               raw_cells=0     derived=0     ctrl=0    rec_files=13    nonrec=9982  targets=G16G
  [132/278] EXP-0135-m4-mesh-object-shading                raw_cells=0     derived=0     ctrl=0    rec_files=9     nonrec=374   targets=G16G
  [133/278] EXP-0136-m4-unreachable-encodings              raw_cells=0     derived=0     ctrl=0    rec_files=253   nonrec=161   targets=G16G
  [134/278] EXP-0137-m4-bary-split-abi                     raw_cells=0     derived=0     ctrl=0    rec_files=17    nonrec=5     targets=G16G
  [135/278] EXP-0138-m4-emit-falu                          raw_cells=120   derived=0     ctrl=0    rec_files=33    nonrec=11    targets=G16G
  [136/278] EXP-0139-m4-emit-ialu                          raw_cells=160   derived=0     ctrl=0    rec_files=18    nonrec=5     targets=G16G
  [137/278] EXP-0140-m4-emit-mov-cf                        raw_cells=45    derived=0     ctrl=0    rec_files=13    nonrec=10    targets=G16G
  [138/278] EXP-0141-m4-emit-mem                           raw_cells=88    derived=80    ctrl=0    rec_files=62    nonrec=10    targets=G16G
  [139/278] EXP-0142-m4-emit-tex                           raw_cells=0     derived=4     ctrl=0    rec_files=2     nonrec=8     targets=-
  [140/278] EXP-0143-m4-emit-frag-simd                     raw_cells=16    derived=12    ctrl=0    rec_files=6     nonrec=19    targets=G16G
  [141/278] EXP-0144-m4-emit-pack                          raw_cells=80    derived=11    ctrl=0    rec_files=42    nonrec=28    targets=G16G
  [142/278] EXP-0145-m4-emit-bf16-half                     raw_cells=0     derived=0     ctrl=0    rec_files=4     nonrec=2     targets=-
  [143/278] EXP-0146-m4-emit-int-misc                      raw_cells=108   derived=85    ctrl=0    rec_files=14    nonrec=13    targets=-
  [144/278] EXP-0147-m4-emit-pipeline-misc                 raw_cells=40    derived=40    ctrl=0    rec_files=16    nonrec=14    targets=G16G
  [145/278] EXP-0148-m4-scaffolding-and-lengths            raw_cells=163   derived=171   ctrl=0    rec_files=201   nonrec=33    targets=-
  [146/278] EXP-0149-m4-generator-synthesis                raw_cells=0     derived=0     ctrl=0    rec_files=0     nonrec=0     targets=-
  [147/278] EXP-0150-m4-load-form-source-type              raw_cells=0     derived=0     ctrl=0    rec_files=1     nonrec=2     targets=-
  [148/278] EXP-0151-m4-emit-ialu-remainder                raw_cells=0     derived=0     ctrl=0    rec_files=0     nonrec=0     targets=-
  [149/278] EXP-0152-m4-emit-cf-mem-remainder              raw_cells=0     derived=0     ctrl=0    rec_files=0     nonrec=1     targets=-
  [150/278] EXP-0153-g17p-revalidation                     raw_cells=21    derived=171   ctrl=0    rec_files=36    nonrec=1176  targets=G17P
  [151/278] EXP-0154-g17p-emit-alu                         raw_cells=195   derived=171   ctrl=22   rec_files=30    nonrec=4     targets=G17P
  [152/278] EXP-0155-g17p-emit-tex-frag                    raw_cells=122   derived=18    ctrl=0    rec_files=21    nonrec=12    targets=G17P
  [153/278] EXP-0156-g17p-emit-cf-mem                      raw_cells=90    derived=33    ctrl=0    rec_files=79    nonrec=7     targets=G17P
  [154/278] EXP-0157-g17p-emit-misc                        raw_cells=122   derived=0     ctrl=0    rec_files=131   nonrec=84    targets=G17P
  [155/278] EXP-0158-g17p-generator-synthesis              raw_cells=0     derived=171   ctrl=0    rec_files=36    nonrec=14    targets=G17P
  [156/278] EXP-0159-g17p-questionnaire-tail               raw_cells=11    derived=11    ctrl=0    rec_files=22    nonrec=38    targets=G17P
  [157/278] EXP-0160-g17p-last-field                       raw_cells=12    derived=10    ctrl=8    rec_files=46    nonrec=7     targets=G17P
  [158/278] EXP-0161-g17p-carry-fspecial                   raw_cells=32    derived=171   ctrl=11   rec_files=55    nonrec=9     targets=G17P
  [159/278] EXP-0162-g17p-pack-and-splices                 raw_cells=31    derived=5     ctrl=0    rec_files=18    nonrec=10    targets=G17P
  [160/278] EXP-0163-g17p-inert-liveness                   raw_cells=31    derived=13    ctrl=0    rec_files=23    nonrec=7     targets=G17P
  [161/278] EXP-0164-inert-audit                           raw_cells=0     derived=836   ctrl=0    rec_files=14    nonrec=6     targets=-
  [162/278] EXP-0165-db-defect-repair                      raw_cells=0     derived=0     ctrl=0    rec_files=11    nonrec=8     targets=-
  [163/278] EXP-0166-exp0146-recovery                      raw_cells=0     derived=262   ctrl=0    rec_files=10    nonrec=5     targets=-
  [164/278] EXP-0167-g17p-synthesis-reconfirm              raw_cells=0     derived=171   ctrl=0    rec_files=26    nonrec=13    targets=G17P
  [165/278] EXP-0168-g17p-dst-resweep                      raw_cells=46    derived=218   ctrl=58   rec_files=68    nonrec=8     targets=G17P
  [166/278] EXP-0169-g17p-rerecord                         raw_cells=117   derived=236   ctrl=63   rec_files=59    nonrec=6     targets=G17P
  [167/278] EXP-0170-assemble-coverage-audit               raw_cells=0     derived=924   ctrl=0    rec_files=15    nonrec=5     targets=-
  [168/278] EXP-0171-g17p-ilogic-srca                      raw_cells=34    derived=172   ctrl=14   rec_files=23    nonrec=8     targets=G17P
  [169/278] EXP-0172-g17p-onefield-tail                    raw_cells=24    derived=176   ctrl=0    rec_files=16    nonrec=7     targets=G17P
  [170/278] EXP-0173-closure-audit                         raw_cells=0     derived=267   ctrl=0    rec_files=15    nonrec=13    targets=-
  [171/278] EXP-0174-g17p-n3mov                            raw_cells=9     derived=172   ctrl=0    rec_files=42    nonrec=4     targets=G17P
  [172/278] EXP-0175-db-defects-2                          raw_cells=0     derived=280   ctrl=0    rec_files=24    nonrec=8     targets=-
  [173/278] EXP-0176-provenance-chain                      raw_cells=0     derived=0     ctrl=0    rec_files=4     nonrec=7     targets=-
  [174/278] EXP-0177-p08-abi-assembly                      raw_cells=0     derived=28    ctrl=0    rec_files=4     nonrec=6     targets=-
  [175/278] EXP-0178-g17p-sysval-tileread                  raw_cells=23    derived=192   ctrl=12   rec_files=54    nonrec=9     targets=G17P
  [176/278] EXP-0179-g17p-call                             raw_cells=14    derived=172   ctrl=0    rec_files=103   nonrec=4     targets=G17P
  [177/278] EXP-0180-g17p-halfalu-rerecord                 raw_cells=18    derived=188   ctrl=17   rec_files=27    nonrec=5     targets=G17P
  [178/278] EXP-0181-instr-labels-defects                  raw_cells=0     derived=4     ctrl=0    rec_files=9     nonrec=6     targets=-
  [179/278] EXP-0182-tokenizer-lengths                     raw_cells=0     derived=211   ctrl=0    rec_files=11    nonrec=8     targets=-
  [180/278] EXP-0183-halfalu-descriptor                    raw_cells=0     derived=204   ctrl=0    rec_files=20    nonrec=5     targets=-
  [181/278] EXP-0184-g17p-onefield-b                       raw_cells=8     derived=176   ctrl=4    rec_files=26    nonrec=10    targets=G17P
  [182/278] EXP-0185-tooling-upstream                      raw_cells=0     derived=0     ctrl=0    rec_files=1     nonrec=8     targets=-
  [183/278] EXP-0186-docs-gap                              raw_cells=0     derived=0     ctrl=0    rec_files=2     nonrec=4     targets=-
  [184/278] EXP-0187-g17p-rtword-census                    raw_cells=4     derived=175   ctrl=0    rec_files=19    nonrec=6     targets=G17P
  [185/278] EXP-0188-g17p-dimension-carriers               raw_cells=0     derived=176   ctrl=0    rec_files=15    nonrec=6     targets=-
  [186/278] EXP-0189-closing-audit                         raw_cells=1     derived=810   ctrl=0    rec_files=21    nonrec=6     targets=-
  [187/278] EXP-0190-indexer-refilter                      raw_cells=0     derived=880   ctrl=0    rec_files=21    nonrec=4     targets=-
  [188/278] EXP-0191-detection-gate                        raw_cells=0     derived=79    ctrl=0    rec_files=3     nonrec=4     targets=-
  [189/278] EXP-0192-fault-as-movement                     raw_cells=0     derived=0     ctrl=0    rec_files=3     nonrec=4     targets=-
  [190/278] EXP-0193-stable-live-sweep                     raw_cells=0     derived=0     ctrl=0    rec_files=3     nonrec=8     targets=-
  [191/278] EXP-0194-desk-promotion-audit                  raw_cells=0     derived=1485  ctrl=0    rec_files=9     nonrec=2     targets=-
  [192/278] EXP-0195-uncited-raw-sweep                     raw_cells=0     derived=566   ctrl=0    rec_files=7     nonrec=3     targets=-
  [193/278] EXP-0196-note-integrity-audit                  raw_cells=0     derived=870   ctrl=0    rec_files=16    nonrec=5     targets=-
  [194/278] EXP-0197-citation-clause-audit                 raw_cells=0     derived=30    ctrl=0    rec_files=38    nonrec=7     targets=-
  [195/278] EXP-0198-note-audit-completion                 raw_cells=0     derived=0     ctrl=0    rec_files=17    nonrec=3     targets=-
  [196/278] EXP-0199-g17p-instruction-level                raw_cells=25    derived=0     ctrl=2    rec_files=63    nonrec=6     targets=G17P
  [197/278] EXP-0200-cfrt-word-instruction-hw              raw_cells=55    derived=175   ctrl=0    rec_files=37    nonrec=7     targets=G17P
  [198/278] EXP-0201-g17p-float-alu-sixfield               raw_cells=6     derived=178   ctrl=10   rec_files=46    nonrec=10    targets=G17P
  [199/278] EXP-0202-g17p-int-shift-convert                raw_cells=17    derived=181   ctrl=6    rec_files=33    nonrec=8     targets=G17P
  [200/278] EXP-0203-g17p-half-oracle                      raw_cells=4     derived=172   ctrl=10   rec_files=76    nonrec=7     targets=G17P
  [201/278] EXP-0204-g17p-tex-carrier-dimensions           raw_cells=9     derived=177   ctrl=0    rec_files=388   nonrec=6     targets=G17P
  [202/278] EXP-0205-g17p-simd-subgroup                    raw_cells=8     derived=180   ctrl=3    rec_files=34    nonrec=6     targets=G17P
  [203/278] EXP-0206-g17p-cf-scope                         raw_cells=10    derived=179   ctrl=5    rec_files=69    nonrec=9     targets=G17P
  [204/278] EXP-0207-g17p-frag-raster-sysval               raw_cells=14    derived=180   ctrl=26   rec_files=100   nonrec=5     targets=G17P
  [205/278] EXP-0208-axis-reclassification                 raw_cells=0     derived=1566  ctrl=0    rec_files=10    nonrec=9     targets=-
  [206/278] EXP-0209-dashboards                            raw_cells=0     derived=32    ctrl=0    rec_files=283   nonrec=18    targets=-
  [207/278] EXP-0210-quiet-confirmation                    raw_cells=0     derived=18    ctrl=0    rec_files=77    nonrec=36    targets=-
  [208/278] EXP-0211-legacy-index                          raw_cells=0     derived=556   ctrl=0    rec_files=29    nonrec=21    targets=-
  [209/278] EXP-0212-db-defect-application                 raw_cells=0     derived=172   ctrl=0    rec_files=23    nonrec=14    targets=-
  [210/278] EXP-0213-quiet-confirmation-2                  raw_cells=0     derived=16    ctrl=0    rec_files=412   nonrec=16    targets=G17P
  [211/278] EXP-0214-new-field-verdicts                    raw_cells=0     derived=0     ctrl=0    rec_files=7     nonrec=3     targets=-
  [212/278] EXP-0215-citation-repair                       raw_cells=0     derived=172   ctrl=0    rec_files=213   nonrec=1     targets=-
  [213/278] EXP-G1a-usc-sysval-uvs                         raw_cells=0     derived=0     ctrl=0    rec_files=0     nonrec=259   targets=-
  [214/278] EXP-G1b-pbe-rt-descriptor                      raw_cells=0     derived=0     ctrl=0    rec_files=0     nonrec=127   targets=-
  [215/278] EXP-M4-01-isa-census                           raw_cells=0     derived=0     ctrl=0    rec_files=0     nonrec=63    targets=-
  [216/278] EXP-M4-02-capabilities                         raw_cells=0     derived=0     ctrl=0    rec_files=0     nonrec=5     targets=-
  [217/278] EXP-M4-03-cmdstream-pipeline                   raw_cells=0     derived=0     ctrl=0    rec_files=0     nonrec=64    targets=-
  [218/278] EXP-M4-04-descriptors-tiling                   raw_cells=0     derived=0     ctrl=0    rec_files=0     nonrec=13    targets=-
  [219/278] EXP-M4-05-a18-bpp8-confirm                     raw_cells=0     derived=0     ctrl=0    rec_files=0     nonrec=16    targets=-
  [220/278] EXP-M4-06-a18-bpp12-granule                    raw_cells=0     derived=0     ctrl=0    rec_files=0     nonrec=18    targets=-
  [221/278] EXP-M4-07-tiling-coverage                      raw_cells=0     derived=0     ctrl=0    rec_files=0     nonrec=13    targets=-
  [222/278] EXP-M4-08-descriptor-coverage                  raw_cells=0     derived=0     ctrl=0    rec_files=0     nonrec=11    targets=-
  [223/278] EXP-M4-09-cmdstream-coverage                   raw_cells=0     derived=0     ctrl=0    rec_files=0     nonrec=35    targets=-
  [224/278] EXP-M4-10-isa-coverage                         raw_cells=0     derived=0     ctrl=0    rec_files=0     nonrec=8     targets=-
  [225/278] EXP-M4-11-machine-model                        raw_cells=0     derived=0     ctrl=0    rec_files=0     nonrec=23    targets=-
  [226/278] EXP-M4-12-isa-residue-closure                  raw_cells=0     derived=0     ctrl=0    rec_files=0     nonrec=5     targets=-
  [227/278] EXP-M4-13-full-corpus                          raw_cells=0     derived=140   ctrl=0    rec_files=46    nonrec=1139  targets=-
  [228/278] EXP-M4-14-a18-splice                           raw_cells=0     derived=0     ctrl=0    rec_files=1     nonrec=1     targets=-
  [229/278] EXP-M5-01-toolchain-bringup                    raw_cells=0     derived=0     ctrl=0    rec_files=0     nonrec=6     targets=-
  [230/278] EXP-M5-02-isa-census                           raw_cells=0     derived=0     ctrl=0    rec_files=1     nonrec=5     targets=-
  [231/278] EXP-M5-03-thirdparty-census                    raw_cells=0     derived=0     ctrl=0    rec_files=3     nonrec=10    targets=-
  [232/278] EXP-M5-04-capabilities                         raw_cells=0     derived=0     ctrl=0    rec_files=0     nonrec=4     targets=-
  [233/278] EXP-M5-05-coverage-restoration                 raw_cells=0     derived=0     ctrl=0    rec_files=3     nonrec=4     targets=-
  [234/278] EXP-M5-06-cmdstream-descriptors                raw_cells=0     derived=0     ctrl=0    rec_files=0     nonrec=3     targets=-
  [235/278] EXP-M5-07-isa-semantics                        raw_cells=0     derived=0     ctrl=0    rec_files=0     nonrec=2     targets=-
  [236/278] EXP-M5-08-capability-census                    raw_cells=0     derived=0     ctrl=0    rec_files=0     nonrec=2     targets=-
  [237/278] EXP-M5-09-isa-semantics2                       raw_cells=0     derived=0     ctrl=0    rec_files=0     nonrec=57    targets=-
  [238/278] EXP-M5-10-cmdstream-tiling                     raw_cells=0     derived=0     ctrl=0    rec_files=0     nonrec=8     targets=-
  [239/278] EXP-M5-11-isa-integration                      raw_cells=0     derived=0     ctrl=0    rec_files=0     nonrec=2     targets=-
  [240/278] EXP-M5-12-capability-reconcile                 raw_cells=0     derived=0     ctrl=0    rec_files=0     nonrec=2     targets=-
  [241/278] EXP-M5-13-cmdstream-remaining                  raw_cells=0     derived=0     ctrl=0    rec_files=0     nonrec=3     targets=-
  [242/278] EXP-M5-15-obj2-reconcile2                      raw_cells=0     derived=0     ctrl=0    rec_files=0     nonrec=1     targets=-
  [243/278] EXP-M5-16-texture-atomics-matrix               raw_cells=0     derived=168   ctrl=0    rec_files=1     nonrec=2     targets=-
  [244/278] EXP-M5-17-texture-operands                     raw_cells=0     derived=168   ctrl=0    rec_files=1     nonrec=16    targets=-
  [245/278] EXP-M5-18-call-abi                             raw_cells=0     derived=0     ctrl=0    rec_files=0     nonrec=2     targets=-
  [246/278] EXP-M5-19-rt-as-load                           raw_cells=0     derived=0     ctrl=0    rec_files=0     nonrec=14    targets=-
  [247/278] EXP-M5-20-coopmatrix-operands                  raw_cells=0     derived=0     ctrl=0    rec_files=0     nonrec=3     targets=-
  [248/278] EXP-M5-21-gpr-machine-model                    raw_cells=0     derived=0     ctrl=0    rec_files=0     nonrec=5     targets=-
  [249/278] EXP-M5-22-texture-binding                      raw_cells=0     derived=168   ctrl=0    rec_files=1     nonrec=9     targets=-
  [250/278] EXP-M5-23-cmdstream-opens                      raw_cells=0     derived=0     ctrl=0    rec_files=0     nonrec=4     targets=-
  [251/278] EXP-O2A-geometry-output                        raw_cells=0     derived=0     ctrl=0    rec_files=0     nonrec=117   targets=-
  [252/278] EXP-O2B-sparse-pbe-heap                        raw_cells=0     derived=0     ctrl=0    rec_files=0     nonrec=46    targets=-
  [253/278] EXP-O2C-rt-tensor-tail                         raw_cells=0     derived=5     ctrl=0    rec_files=1     nonrec=9     targets=-
  [254/278] EXP-O2D-compute-frag-tail                      raw_cells=0     derived=3     ctrl=0    rec_files=1     nonrec=8     targets=-
  [255/278] EXP-O2G-printf-meshicb-compmip                 raw_cells=0     derived=0     ctrl=0    rec_files=0     nonrec=26    targets=-
  [256/278] EXP-O2H-tessellation                           raw_cells=0     derived=0     ctrl=0    rec_files=0     nonrec=55    targets=-
  [257/278] REVIEW-M5-OBJ1-01                              raw_cells=0     derived=0     ctrl=0    rec_files=0     nonrec=1     targets=-
  [258/278] REVIEW-M5-OBJ1-02                              raw_cells=0     derived=0     ctrl=0    rec_files=0     nonrec=1     targets=-
  [259/278] REVIEW-M5-OBJ1-03                              raw_cells=0     derived=0     ctrl=0    rec_files=0     nonrec=1     targets=-
  [260/278] REVIEW-M5-OBJ1-04                              raw_cells=0     derived=0     ctrl=0    rec_files=0     nonrec=1     targets=-
  [261/278] REVIEW-M5-OBJ2-01                              raw_cells=0     derived=0     ctrl=0    rec_files=0     nonrec=1     targets=-
  [262/278] REVIEW-M5-OBJ2-02                              raw_cells=0     derived=0     ctrl=0    rec_files=0     nonrec=1     targets=-
  [263/278] REVIEW-M5-OBJ2-03                              raw_cells=0     derived=0     ctrl=0    rec_files=0     nonrec=1     targets=-
  [264/278] REVIEW-M5-OBJ3-01                              raw_cells=0     derived=0     ctrl=0    rec_files=0     nonrec=1     targets=-
  [265/278] RT-10-isa-pass2                                raw_cells=0     derived=0     ctrl=0    rec_files=0     nonrec=12    targets=-
  [266/278] RT-11-cmdstream-pipeline-pass2                 raw_cells=0     derived=0     ctrl=0    rec_files=0     nonrec=132   targets=-
  [267/278] RT-12-final-2nd-pass                           raw_cells=0     derived=0     ctrl=0    rec_files=0     nonrec=18    targets=-
  [268/278] RT-1a-FIX                                      raw_cells=0     derived=0     ctrl=0    rec_files=0     nonrec=8     targets=-
  [269/278] RT-1a-isa-operand-falsify                      raw_cells=0     derived=0     ctrl=0    rec_files=0     nonrec=7     targets=-
  [270/278] RT-1b-isa-cf-atomics-falsify                   raw_cells=0     derived=0     ctrl=0    rec_files=0     nonrec=15    targets=-
  [271/278] RT-2a-cmdstream-falsify                        raw_cells=0     derived=0     ctrl=0    rec_files=0     nonrec=141   targets=-
  [272/278] RT-3-descriptor-tiling-falsify                 raw_cells=0     derived=0     ctrl=0    rec_files=0     nonrec=139   targets=-
  [273/278] RT-4-pipeline-falsify                          raw_cells=0     derived=0     ctrl=0    rec_files=0     nonrec=111   targets=-
  [274/278] RT-5-isa-tex-simd-mat-rt-frag-falsify          raw_cells=0     derived=0     ctrl=0    rec_files=0     nonrec=15    targets=-
  [275/278] RT-6-cmdstream2-falsify                        raw_cells=0     derived=0     ctrl=0    rec_files=0     nonrec=4     targets=-
  [276/278] RT-7-machine-model-sr-abi-falsify              raw_cells=0     derived=0     ctrl=0    rec_files=0     nonrec=27    targets=-
  [277/278] RT-9-desc-tiling-pass2                         raw_cells=0     derived=0     ctrl=0    rec_files=0     nonrec=1335  targets=-
  [278/278] RT-ISA-FIX                                     raw_cells=0     derived=0     ctrl=0    rec_files=0     nonrec=4     targets=-
built 278, cached 0, total 278 experiments
