[ 85/278] EXP-0087-m4-register-move-synthesis            keys=0
[135/278] EXP-0138-m4-emit-falu                          keys=108
[136/278] EXP-0139-m4-emit-ialu                          keys=146
[137/278] EXP-0140-m4-emit-mov-cf                        keys=23
[138/278] EXP-0141-m4-emit-mem                           keys=81
[140/278] EXP-0143-m4-emit-frag-simd                     keys=5
[141/278] EXP-0144-m4-emit-pack                          keys=80
[143/278] EXP-0146-m4-emit-int-misc                      keys=95
[144/278] EXP-0147-m4-emit-pipeline-misc                 keys=32
[145/278] EXP-0148-m4-scaffolding-and-lengths            keys=0
[150/278] EXP-0153-g17p-revalidation                     keys=16
[151/278] EXP-0154-g17p-emit-alu                         keys=194
[152/278] EXP-0155-g17p-emit-tex-frag                    keys=105
[153/278] EXP-0156-g17p-emit-cf-mem                      keys=52
[154/278] EXP-0157-g17p-emit-misc                        keys=106
[156/278] EXP-0159-g17p-questionnaire-tail               keys=11
[157/278] EXP-0160-g17p-last-field                       keys=10
[158/278] EXP-0161-g17p-carry-fspecial                   keys=31
[159/278] EXP-0162-g17p-pack-and-splices                 keys=29
[160/278] EXP-0163-g17p-inert-liveness                   keys=21
[165/278] EXP-0168-g17p-dst-resweep                      keys=42
[166/278] EXP-0169-g17p-rerecord                         keys=113
[168/278] EXP-0171-g17p-ilogic-srca                      keys=27
[169/278] EXP-0172-g17p-onefield-tail                    keys=13
[171/278] EXP-0174-g17p-n3mov                            keys=9
[175/278] EXP-0178-g17p-sysval-tileread                  keys=20
[176/278] EXP-0179-g17p-call                             keys=13
[177/278] EXP-0180-g17p-halfalu-rerecord                 keys=17
[181/278] EXP-0184-g17p-onefield-b                       keys=4
[184/278] EXP-0187-g17p-rtword-census                    keys=3
[186/278] EXP-0189-closing-audit                         keys=1
[196/278] EXP-0199-g17p-instruction-level                keys=20
[197/278] EXP-0200-cfrt-word-instruction-hw              keys=3
[198/278] EXP-0201-g17p-float-alu-sixfield               keys=6
[199/278] EXP-0202-g17p-int-shift-convert                keys=9
[200/278] EXP-0203-g17p-half-oracle                      keys=4
[201/278] EXP-0204-g17p-tex-carrier-dimensions           keys=5
[202/278] EXP-0205-g17p-simd-subgroup                    keys=8
[203/278] EXP-0206-g17p-cf-scope                         keys=9
[204/278] EXP-0207-g17p-frag-raster-sysval               keys=8
wrote /Users/user/asahi_re/public/agx-re/experiments/EXP-0215-citation-repair/work/locators.json 40 experiments
