# swept 512 (256 x 2 signs). discrepancies where STATUS OK but got!=pred: 256
  DISC sign=0 b1=0x00 pred=0.00048828125 got=-6.0
  DISC sign=0 b1=0x01 pred=0.00048828125 got=0.0
  DISC sign=0 b1=0x02 pred=0.00054931640625 got=1.52587890625e-05
  DISC sign=0 b1=0x03 pred=0.00054931640625 got=0.0
  DISC sign=0 b1=0x04 pred=0.0006103515625 got=-5.0
  DISC sign=0 b1=0x05 pred=0.0006103515625 got=0.0
  DISC sign=0 b1=0x06 pred=0.00067138671875 got=1.52587890625e-05
  DISC sign=0 b1=0x07 pred=0.00067138671875 got=0.0
  DISC sign=0 b1=0x08 pred=0.000732421875 got=0.0
  DISC sign=0 b1=0x09 pred=0.000732421875 got=0.0
  DISC sign=0 b1=0x0a pred=0.00079345703125 got=0.0
  DISC sign=0 b1=0x0b pred=0.00079345703125 got=0.0
  DISC sign=0 b1=0x0c pred=0.0008544921875 got=0.0
  DISC sign=0 b1=0x0d pred=0.0008544921875 got=0.0
  DISC sign=0 b1=0x0e pred=0.00091552734375 got=0.0
  DISC sign=0 b1=0x0f pred=0.00091552734375 got=0.0
  DISC sign=0 b1=0x10 pred=0.0009765625 got=0.0
  DISC sign=0 b1=0x11 pred=0.0009765625 got=0.0
  DISC sign=0 b1=0x12 pred=0.0010986328125 got=0.0
  DISC sign=0 b1=0x13 pred=0.0010986328125 got=0.0
  DISC sign=0 b1=0x14 pred=0.001220703125 got=0.0
  DISC sign=0 b1=0x15 pred=0.001220703125 got=0.0
  DISC sign=0 b1=0x16 pred=0.0013427734375 got=0.0
  DISC sign=0 b1=0x17 pred=0.0013427734375 got=0.0
  DISC sign=0 b1=0x18 pred=0.00146484375 got=0.0
  DISC sign=0 b1=0x19 pred=0.00146484375 got=0.0
  DISC sign=0 b1=0x1a pred=0.0015869140625 got=0.0
  DISC sign=0 b1=0x1b pred=0.0015869140625 got=0.0
  DISC sign=0 b1=0x1c pred=0.001708984375 got=0.0
  DISC sign=0 b1=0x1d pred=0.001708984375 got=0.0
  DISC sign=0 b1=0x1e pred=0.0018310546875 got=0.0
  DISC sign=0 b1=0x1f pred=0.0018310546875 got=0.0
  DISC sign=0 b1=0x20 pred=0.001953125 got=0.0
  DISC sign=0 b1=0x21 pred=0.001953125 got=0.0
  DISC sign=0 b1=0x22 pred=0.002197265625 got=0.0
  DISC sign=0 b1=0x23 pred=0.002197265625 got=0.0
  DISC sign=0 b1=0x24 pred=0.00244140625 got=0.0
  DISC sign=0 b1=0x25 pred=0.00244140625 got=0.0
  DISC sign=0 b1=0x26 pred=0.002685546875 got=0.0
  DISC sign=0 b1=0x27 pred=0.002685546875 got=0.0
  DISC sign=0 b1=0x28 pred=0.0029296875 got=0.0
  DISC sign=0 b1=0x29 pred=0.0029296875 got=0.0
  DISC sign=0 b1=0x2a pred=0.003173828125 got=0.0
  DISC sign=0 b1=0x2b pred=0.003173828125 got=0.0
  DISC sign=0 b1=0x2c pred=0.00341796875 got=0.0
  DISC sign=0 b1=0x2d pred=0.00341796875 got=0.0
  DISC sign=0 b1=0x2e pred=0.003662109375 got=0.0
  DISC sign=0 b1=0x2f pred=0.003662109375 got=0.0
  DISC sign=0 b1=0x30 pred=0.00390625 got=0.0
  DISC sign=0 b1=0x31 pred=0.00390625 got=0.0
  DISC sign=0 b1=0x32 pred=0.00439453125 got=0.0
  DISC sign=0 b1=0x33 pred=0.00439453125 got=0.0
  DISC sign=0 b1=0x34 pred=0.0048828125 got=0.0
  DISC sign=0 b1=0x35 pred=0.0048828125 got=0.0
  DISC sign=0 b1=0x36 pred=0.00537109375 got=0.0
  DISC sign=0 b1=0x37 pred=0.00537109375 got=0.0
  DISC sign=0 b1=0x38 pred=0.005859375 got=0.0
  DISC sign=0 b1=0x39 pred=0.005859375 got=0.0
  DISC sign=0 b1=0x3a pred=0.00634765625 got=0.0
  DISC sign=0 b1=0x3b pred=0.00634765625 got=0.0
  DISC sign=0 b1=0x3c pred=0.0068359375 got=0.0
  DISC sign=0 b1=0x3d pred=0.0068359375 got=0.0
  DISC sign=0 b1=0x3e pred=0.00732421875 got=0.0
  DISC sign=0 b1=0x3f pred=0.00732421875 got=0.0
  DISC sign=0 b1=0x40 pred=0.0078125 got=0.0
  DISC sign=0 b1=0x41 pred=0.0078125 got=0.0
  DISC sign=0 b1=0x42 pred=0.0087890625 got=0.0
  DISC sign=0 b1=0x43 pred=0.0087890625 got=0.0
  DISC sign=0 b1=0x44 pred=0.009765625 got=0.0
  DISC sign=0 b1=0x45 pred=0.009765625 got=0.0
  DISC sign=0 b1=0x46 pred=0.0107421875 got=0.0
  DISC sign=0 b1=0x47 pred=0.0107421875 got=0.0
  DISC sign=0 b1=0x48 pred=0.01171875 got=0.0
  DISC sign=0 b1=0x49 pred=0.01171875 got=0.0
  DISC sign=0 b1=0x4a pred=0.0126953125 got=0.0
  DISC sign=0 b1=0x4b pred=0.0126953125 got=0.0
  DISC sign=0 b1=0x4c pred=0.013671875 got=0.0
  DISC sign=0 b1=0x4d pred=0.013671875 got=0.0
  DISC sign=0 b1=0x4e pred=0.0146484375 got=0.0
  DISC sign=0 b1=0x4f pred=0.0146484375 got=0.0
  DISC sign=0 b1=0x50 pred=0.015625 got=0.0
  DISC sign=0 b1=0x51 pred=0.015625 got=0.0
  DISC sign=0 b1=0x52 pred=0.017578125 got=0.0
  DISC sign=0 b1=0x53 pred=0.017578125 got=0.0
  DISC sign=0 b1=0x54 pred=0.01953125 got=0.0
  DISC sign=0 b1=0x55 pred=0.01953125 got=0.0
  DISC sign=0 b1=0x56 pred=0.021484375 got=0.0
  DISC sign=0 b1=0x57 pred=0.021484375 got=0.0
  DISC sign=0 b1=0x58 pred=0.0234375 got=0.0
  DISC sign=0 b1=0x59 pred=0.0234375 got=0.0
  DISC sign=0 b1=0x5a pred=0.025390625 got=0.0
  DISC sign=0 b1=0x5b pred=0.025390625 got=0.0
  DISC sign=0 b1=0x5c pred=0.02734375 got=0.0
  DISC sign=0 b1=0x5d pred=0.02734375 got=0.0
  DISC sign=0 b1=0x5e pred=0.029296875 got=0.0
  DISC sign=0 b1=0x5f pred=0.029296875 got=0.0
  DISC sign=0 b1=0x60 pred=0.03125 got=0.0
  DISC sign=0 b1=0x61 pred=0.03125 got=0.0
  DISC sign=0 b1=0x62 pred=0.03515625 got=0.0
  DISC sign=0 b1=0x63 pred=0.03515625 got=0.0
  DISC sign=0 b1=0x64 pred=0.0390625 got=0.0
  DISC sign=0 b1=0x65 pred=0.0390625 got=0.0
  DISC sign=0 b1=0x66 pred=0.04296875 got=0.0
  DISC sign=0 b1=0x67 pred=0.04296875 got=0.0
  DISC sign=0 b1=0x68 pred=0.046875 got=0.0
  DISC sign=0 b1=0x69 pred=0.046875 got=0.0
  DISC sign=0 b1=0x6a pred=0.05078125 got=0.0
  DISC sign=0 b1=0x6b pred=0.05078125 got=0.0
  DISC sign=0 b1=0x6c pred=0.0546875 got=0.0
  DISC sign=0 b1=0x6d pred=0.0546875 got=0.0
  DISC sign=0 b1=0x6e pred=0.05859375 got=0.0
  DISC sign=0 b1=0x6f pred=0.05859375 got=0.0
  DISC sign=0 b1=0x70 pred=0.0625 got=0.0
  DISC sign=0 b1=0x71 pred=0.0625 got=0.0
  DISC sign=0 b1=0x72 pred=0.0703125 got=0.0
  DISC sign=0 b1=0x73 pred=0.0703125 got=0.0
  DISC sign=0 b1=0x74 pred=0.078125 got=0.0
  DISC sign=0 b1=0x75 pred=0.078125 got=0.0
  DISC sign=0 b1=0x76 pred=0.0859375 got=0.0
  DISC sign=0 b1=0x77 pred=0.0859375 got=0.0
  DISC sign=0 b1=0x78 pred=0.09375 got=0.0
  DISC sign=0 b1=0x79 pred=0.09375 got=0.0
  DISC sign=0 b1=0x7a pred=0.1015625 got=0.0
  DISC sign=0 b1=0x7b pred=0.1015625 got=0.0
  DISC sign=0 b1=0x7c pred=0.109375 got=0.0
  DISC sign=0 b1=0x7d pred=0.109375 got=0.0
  DISC sign=0 b1=0x7e pred=0.1171875 got=0.0
  DISC sign=0 b1=0x7f pred=0.1171875 got=0.0
  DISC sign=1 b1=0x00 pred=-0.00048828125 got=0.0
  DISC sign=1 b1=0x01 pred=-0.00048828125 got=0.0
  DISC sign=1 b1=0x02 pred=-0.00054931640625 got=0.0
  DISC sign=1 b1=0x03 pred=-0.00054931640625 got=0.0
  DISC sign=1 b1=0x04 pred=-0.0006103515625 got=0.0
  DISC sign=1 b1=0x05 pred=-0.0006103515625 got=0.0
  DISC sign=1 b1=0x06 pred=-0.00067138671875 got=0.0
  DISC sign=1 b1=0x07 pred=-0.00067138671875 got=0.0
  DISC sign=1 b1=0x08 pred=-0.000732421875 got=0.0
  DISC sign=1 b1=0x09 pred=-0.000732421875 got=0.0
  DISC sign=1 b1=0x0a pred=-0.00079345703125 got=0.0
  DISC sign=1 b1=0x0b pred=-0.00079345703125 got=0.0
  DISC sign=1 b1=0x0c pred=-0.0008544921875 got=0.0
  DISC sign=1 b1=0x0d pred=-0.0008544921875 got=0.0
  DISC sign=1 b1=0x0e pred=-0.00091552734375 got=0.0
  DISC sign=1 b1=0x0f pred=-0.00091552734375 got=0.0
  DISC sign=1 b1=0x10 pred=-0.0009765625 got=0.0
  DISC sign=1 b1=0x11 pred=-0.0009765625 got=0.0
  DISC sign=1 b1=0x12 pred=-0.0010986328125 got=0.0
  DISC sign=1 b1=0x13 pred=-0.0010986328125 got=0.0
  DISC sign=1 b1=0x14 pred=-0.001220703125 got=0.0
  DISC sign=1 b1=0x15 pred=-0.001220703125 got=0.0
  DISC sign=1 b1=0x16 pred=-0.0013427734375 got=0.0
  DISC sign=1 b1=0x17 pred=-0.0013427734375 got=0.0
  DISC sign=1 b1=0x18 pred=-0.00146484375 got=0.0
  DISC sign=1 b1=0x19 pred=-0.00146484375 got=0.0
  DISC sign=1 b1=0x1a pred=-0.0015869140625 got=0.0
  DISC sign=1 b1=0x1b pred=-0.0015869140625 got=0.0
  DISC sign=1 b1=0x1c pred=-0.001708984375 got=0.0
  DISC sign=1 b1=0x1d pred=-0.001708984375 got=0.0
  DISC sign=1 b1=0x1e pred=-0.0018310546875 got=0.0
  DISC sign=1 b1=0x1f pred=-0.0018310546875 got=0.0
  DISC sign=1 b1=0x20 pred=-0.001953125 got=0.0
  DISC sign=1 b1=0x21 pred=-0.001953125 got=0.0
  DISC sign=1 b1=0x22 pred=-0.002197265625 got=0.0
  DISC sign=1 b1=0x23 pred=-0.002197265625 got=0.0
  DISC sign=1 b1=0x24 pred=-0.00244140625 got=0.0
  DISC sign=1 b1=0x25 pred=-0.00244140625 got=0.0
  DISC sign=1 b1=0x26 pred=-0.002685546875 got=0.0
  DISC sign=1 b1=0x27 pred=-0.002685546875 got=0.0
  DISC sign=1 b1=0x28 pred=-0.0029296875 got=0.0
  DISC sign=1 b1=0x29 pred=-0.0029296875 got=0.0
  DISC sign=1 b1=0x2a pred=-0.003173828125 got=0.0
  DISC sign=1 b1=0x2b pred=-0.003173828125 got=0.0
  DISC sign=1 b1=0x2c pred=-0.00341796875 got=0.0
  DISC sign=1 b1=0x2d pred=-0.00341796875 got=0.0
  DISC sign=1 b1=0x2e pred=-0.003662109375 got=0.0
  DISC sign=1 b1=0x2f pred=-0.003662109375 got=0.0
  DISC sign=1 b1=0x30 pred=-0.00390625 got=0.0
  DISC sign=1 b1=0x31 pred=-0.00390625 got=0.0
  DISC sign=1 b1=0x32 pred=-0.00439453125 got=0.0
  DISC sign=1 b1=0x33 pred=-0.00439453125 got=0.0
  DISC sign=1 b1=0x34 pred=-0.0048828125 got=0.0
  DISC sign=1 b1=0x35 pred=-0.0048828125 got=0.0
  DISC sign=1 b1=0x36 pred=-0.00537109375 got=0.0
  DISC sign=1 b1=0x37 pred=-0.00537109375 got=0.0
  DISC sign=1 b1=0x38 pred=-0.005859375 got=0.0
  DISC sign=1 b1=0x39 pred=-0.005859375 got=0.0
  DISC sign=1 b1=0x3a pred=-0.00634765625 got=0.0
  DISC sign=1 b1=0x3b pred=-0.00634765625 got=0.0
  DISC sign=1 b1=0x3c pred=-0.0068359375 got=0.0
  DISC sign=1 b1=0x3d pred=-0.0068359375 got=0.0
  DISC sign=1 b1=0x3e pred=-0.00732421875 got=0.0
  DISC sign=1 b1=0x3f pred=-0.00732421875 got=0.0
  DISC sign=1 b1=0x40 pred=-0.0078125 got=0.0
  DISC sign=1 b1=0x41 pred=-0.0078125 got=0.0
  DISC sign=1 b1=0x42 pred=-0.0087890625 got=0.0
  DISC sign=1 b1=0x43 pred=-0.0087890625 got=0.0
  DISC sign=1 b1=0x44 pred=-0.009765625 got=0.0
  DISC sign=1 b1=0x45 pred=-0.009765625 got=0.0
  DISC sign=1 b1=0x46 pred=-0.0107421875 got=0.0
  DISC sign=1 b1=0x47 pred=-0.0107421875 got=0.0
  DISC sign=1 b1=0x48 pred=-0.01171875 got=0.0
  DISC sign=1 b1=0x49 pred=-0.01171875 got=0.0
  DISC sign=1 b1=0x4a pred=-0.0126953125 got=0.0
  DISC sign=1 b1=0x4b pred=-0.0126953125 got=0.0
  DISC sign=1 b1=0x4c pred=-0.013671875 got=0.0
  DISC sign=1 b1=0x4d pred=-0.013671875 got=0.0
  DISC sign=1 b1=0x4e pred=-0.0146484375 got=0.0
  DISC sign=1 b1=0x4f pred=-0.0146484375 got=0.0
  DISC sign=1 b1=0x50 pred=-0.015625 got=0.0
  DISC sign=1 b1=0x51 pred=-0.015625 got=0.0
  DISC sign=1 b1=0x52 pred=-0.017578125 got=0.0
  DISC sign=1 b1=0x53 pred=-0.017578125 got=0.0
  DISC sign=1 b1=0x54 pred=-0.01953125 got=0.0
  DISC sign=1 b1=0x55 pred=-0.01953125 got=0.0
  DISC sign=1 b1=0x56 pred=-0.021484375 got=0.0
  DISC sign=1 b1=0x57 pred=-0.021484375 got=0.0
  DISC sign=1 b1=0x58 pred=-0.0234375 got=0.0
  DISC sign=1 b1=0x59 pred=-0.0234375 got=0.0
  DISC sign=1 b1=0x5a pred=-0.025390625 got=0.0
  DISC sign=1 b1=0x5b pred=-0.025390625 got=0.0
  DISC sign=1 b1=0x5c pred=-0.02734375 got=0.0
  DISC sign=1 b1=0x5d pred=-0.02734375 got=0.0
  DISC sign=1 b1=0x5e pred=-0.029296875 got=0.0
  DISC sign=1 b1=0x5f pred=-0.029296875 got=0.0
  DISC sign=1 b1=0x60 pred=-0.03125 got=0.0
  DISC sign=1 b1=0x61 pred=-0.03125 got=0.0
  DISC sign=1 b1=0x62 pred=-0.03515625 got=0.0
  DISC sign=1 b1=0x63 pred=-0.03515625 got=0.0
  DISC sign=1 b1=0x64 pred=-0.0390625 got=0.0
  DISC sign=1 b1=0x65 pred=-0.0390625 got=0.0
  DISC sign=1 b1=0x66 pred=-0.04296875 got=0.0
  DISC sign=1 b1=0x67 pred=-0.04296875 got=0.0
  DISC sign=1 b1=0x68 pred=-0.046875 got=0.0
  DISC sign=1 b1=0x69 pred=-0.046875 got=0.0
  DISC sign=1 b1=0x6a pred=-0.05078125 got=0.0
  DISC sign=1 b1=0x6b pred=-0.05078125 got=0.0
  DISC sign=1 b1=0x6c pred=-0.0546875 got=0.0
  DISC sign=1 b1=0x6d pred=-0.0546875 got=0.0
  DISC sign=1 b1=0x6e pred=-0.05859375 got=0.0
  DISC sign=1 b1=0x6f pred=-0.05859375 got=0.0
  DISC sign=1 b1=0x70 pred=-0.0625 got=0.0
  DISC sign=1 b1=0x71 pred=-0.0625 got=0.0
  DISC sign=1 b1=0x72 pred=-0.0703125 got=0.0
  DISC sign=1 b1=0x73 pred=-0.0703125 got=0.0
  DISC sign=1 b1=0x74 pred=-0.078125 got=0.0
  DISC sign=1 b1=0x75 pred=-0.078125 got=0.0
  DISC sign=1 b1=0x76 pred=-0.0859375 got=0.0
  DISC sign=1 b1=0x77 pred=-0.0859375 got=0.0
  DISC sign=1 b1=0x78 pred=-0.09375 got=0.0
  DISC sign=1 b1=0x79 pred=-0.09375 got=0.0
  DISC sign=1 b1=0x7a pred=-0.1015625 got=0.0
  DISC sign=1 b1=0x7b pred=-0.1015625 got=0.0
  DISC sign=1 b1=0x7c pred=-0.109375 got=0.0
  DISC sign=1 b1=0x7d pred=-0.109375 got=0.0
  DISC sign=1 b1=0x7e pred=-0.1171875 got=0.0
  DISC sign=1 b1=0x7f pred=-0.1171875 got=0.0
# documented example checks (sign=0):
  b1=0xb1 doc=1.0 pred=1.0 got=1.0 status=OK
  b1=0xc1 doc=2.0 pred=2.0 got=2.0 status=OK
  b1=0xb9 doc=1.5 pred=1.5 got=1.5 status=OK
  b1=0xcd doc=3.5 pred=3.5 got=3.5 status=OK
  b1=0x85 doc=0.0625 pred=0.0625 got=0.0625 status=OK
  b1=0xff doc=30.0 pred=30.0 got=30.0 status=OK
# sign=0 OK count=256 min=-6.0 max=30.0
