total bytes=980 instrs=119 named=86 length_only=1 undecoded=32
byte coverage(named+lenonly)=820/980 = 83.7%  undecoded_bytes=160 (16.3%)
--- LENGTH_ONLY (length rule fires, NO descriptor = MIS-DECODE): byte0 -> count, sample ---
  byte0=0x2b count=1 sample=2b 05 3e 63 02 48 00 00
--- UNDECODED (no length rule) byte0 leaders -> count, 16B sample ---
  byte0=0x00 count=6 sample=00 00 02 00 c9 cd a4 cf 00 08 22 df e7 80 86 56
  byte0=0x2b count=3 sample=2b 01 3b 1d 09 49 3e 21 80 22 2b 05 3b 1f 09 01
  byte0=0x54 count=2 sample=54 4c 03 9c 92 40 00 00 99 b1 34 13 80 00 59 59
  byte0=0xa2 count=2 sample=a2 97 27 14 87 14 02 02 00 96 00 00 01 00 9f 80
  byte0=0x0b count=2 sample=0b 43 ba 41 2b 47 bb 45 a7 05 54 16 03 74 4e 04
  byte0=0x07 count=2 sample=07 02 20 80 0b 45 9c 41 9f 01 54 42 03 98 08 a9
  byte0=0x3b count=2 sample=3b 1f 09 01 38 17 4b 05 3b 09 09 53 3a 4b 2b 09
  byte0=0x60 count=1 sample=60 00 00 00 9f 11 54 0a 03 00 40 89 10 04 9f 01
  byte0=0x92 count=1 sample=92 55 be 57 00 00 39 97 66 11 a0 26 a9 53 b8 65
  byte0=0xb8 count=1 sample=b8 65 39 97 66 19 a0 26 99 69 9e 59 83 54 02 00
  byte0=0x9e count=1 sample=9e 59 83 54 02 00 00 00 02 00 a9 97 a6 17 a0 26
  byte0=0x64 count=1 sample=64 c9 00 60 b9 b1 a4 d5 82 08 00 00 02 00 c9 cd
  byte0=0xd2 count=1 sample=d2 3b 6f 80 26 a0 07 02 80 4e 9f 00 54 16 03 54
  byte0=0x80 count=1 sample=80 4e 9f 00 54 16 03 54 a0 64 d1 2b 2a 00 9f 01
  byte0=0x6b count=1 sample=6b 5b 7f 3f 00 20 00 00 00 00 9f 01 54 3a 03 74
  byte0=0xbb count=1 sample=bb 5d 3b 17 9f 01 54 2c 03 74 b0 a8 17 05 1f 01
  byte0=0xb2 count=1 sample=b2 37 3e 01 07 00 9f 01 54 00 03 64 c0 e8 16 15
  byte0=0x61 count=1 sample=61 a5 60 a3 9f 01 54 00 03 00 58 a8 17 05 2f 02
  byte0=0x4b count=1 sample=4b 05 3b 09 09 53 3a 4b 2b 09 3b 0b 49 11 3e 27
  byte0=0x1b count=1 sample=1b 05 3b 03 0b 03 1b 01 e7 00 54 00 00 28 21 00
