# _agc.main len=56 region_off=7344 op-byte@0x22=orig 0x1c
# runner READY on Apple A18 Pro
0x00  OK    ACCEPTED-UNKNOWN  [0 0 0 0]
0x04  OK    fadd              [6 9 10 12]
0x05  OK    fmul              [8 18 16 35]
0x07  CMDBUF_ERROR  command buffer failed: Caused GPU Hang Error (00000003:kIOGPUCommandBufferCallbackErrorHang)
0x0c  OK    fadd              [6 9 10 12]
0x0d  OK    fmul              [8 18 16 35]
0x0f  CMDBUF_ERROR  command buffer failed: Caused GPU Hang Error (00000003:kIOGPUCommandBufferCallbackErrorHang)
0x10  OK    ACCEPTED-UNKNOWN  [0 0 0 0]
0x14  OK    fadd              [6 9 10 12]
0x15  OK    fmul              [8 18 16 35]
0x17  CMDBUF_ERROR  command buffer failed: Caused GPU Hang Error (00000003:kIOGPUCommandBufferCallbackErrorHang)
0x1c  OK    fadd              [6 9 10 12]
0x1d  OK    fmul              [8 18 16 35]
0x1f  CMDBUF_ERROR  command buffer failed: Caused GPU Hang Error (00000003:kIOGPUCommandBufferCallbackErrorHang)
0x20  OK    ACCEPTED-UNKNOWN  [0 0 0 0]
0x24  OK    fadd              [6 9 10 12]
0x25  OK    fmul              [8 18 16 35]
0x27  CMDBUF_ERROR  command buffer failed: Caused GPU Hang Error (00000003:kIOGPUCommandBufferCallbackErrorHang)
0x2c  OK    fadd              [6 9 10 12]
0x2d  OK    fmul              [8 18 16 35]
0x2f  CMDBUF_ERROR  command buffer failed: Caused GPU Hang Error (00000003:kIOGPUCommandBufferCallbackErrorHang)
0x30  OK    ACCEPTED-UNKNOWN  [0 0 0 0]
0x34  OK    fadd              [6 9 10 12]
0x35  OK    fmul              [8 18 16 35]
0x37  CMDBUF_ERROR  command buffer failed: Caused GPU Hang Error (00000003:kIOGPUCommandBufferCallbackErrorHang)
0x3c  OK    fadd              [6 9 10 12]
0x3d  OK    fmul              [8 18 16 35]
0x3f  CMDBUF_ERROR  command buffer failed: Caused GPU Hang Error (00000003:kIOGPUCommandBufferCallbackErrorHang)
0x40  OK    ACCEPTED-UNKNOWN  [0 0 0 0]
0x44  OK    fmov_a            [2 3 8 7]
0x45  OK    fmov_a            [2 3 8 7]
0x47  CMDBUF_ERROR  command buffer failed: Caused GPU Hang Error (00000003:kIOGPUCommandBufferCallbackErrorHang)
0x4f  CMDBUF_ERROR  command buffer failed: Caused GPU Hang Error (00000003:kIOGPUCommandBufferCallbackErrorHang)
0x50  OK    ACCEPTED-UNKNOWN  [0 0 0 0]
0x54  OK    fmov_a            [2 3 8 7]
0x55  OK    fmov_a            [2 3 8 7]
0x57  CMDBUF_ERROR  command buffer failed: Caused GPU Hang Error (00000003:kIOGPUCommandBufferCallbackErrorHang)
0x5f  CMDBUF_ERROR  command buffer failed: Caused GPU Hang Error (00000003:kIOGPUCommandBufferCallbackErrorHang)
0x60  OK    ACCEPTED-UNKNOWN  [0 0 0 0]
0x64  OK    fmov_a            [2 3 8 7]
0x65  OK    fmov_a            [2 3 8 7]
0x67  CMDBUF_ERROR  command buffer failed: Caused GPU Hang Error (00000003:kIOGPUCommandBufferCallbackErrorHang)
0x6f  CMDBUF_ERROR  command buffer failed: Caused GPU Hang Error (00000003:kIOGPUCommandBufferCallbackErrorHang)
0x70  OK    ACCEPTED-UNKNOWN  [0 0 0 0]
0x74  OK    fmov_a            [2 3 8 7]
0x75  OK    fmov_a            [2 3 8 7]
0x77  CMDBUF_ERROR  command buffer failed: Caused GPU Hang Error (00000003:kIOGPUCommandBufferCallbackErrorHang)
0x7f  CMDBUF_ERROR  command buffer failed: Caused GPU Hang Error (00000003:kIOGPUCommandBufferCallbackErrorHang)
0x80  OK    ACCEPTED-UNKNOWN  [0 0 0 0]
0x84  OK    fmov_a            [2 3 8 7]
0x85  OK    fmov_a            [2 3 8 7]
0x87  CMDBUF_ERROR  command buffer failed: Caused GPU Hang Error (00000003:kIOGPUCommandBufferCallbackErrorHang)
0x8f  CMDBUF_ERROR  command buffer failed: Caused GPU Hang Error (00000003:kIOGPUCommandBufferCallbackErrorHang)
0x90  OK    ACCEPTED-UNKNOWN  [0 0 0 0]
0x94  OK    fmov_a            [2 3 8 7]
0x95  OK    fmov_a            [2 3 8 7]
0x97  CMDBUF_ERROR  command buffer failed: Caused GPU Hang Error (00000003:kIOGPUCommandBufferCallbackErrorHang)
0x9f  CMDBUF_ERROR  command buffer failed: Caused GPU Hang Error (00000003:kIOGPUCommandBufferCallbackErrorHang)
0xa0  OK    ACCEPTED-UNKNOWN  [0 0 0 0]
0xa4  OK    fmov_a            [2 3 8 7]
0xa5  OK    fmov_a            [2 3 8 7]
0xa7  CMDBUF_ERROR  command buffer failed: Caused GPU Hang Error (00000003:kIOGPUCommandBufferCallbackErrorHang)
0xaf  CMDBUF_ERROR  command buffer failed: Caused GPU Hang Error (00000003:kIOGPUCommandBufferCallbackErrorHang)
0xb0  OK    ACCEPTED-UNKNOWN  [0 0 0 0]
0xb4  OK    fmov_a            [2 3 8 7]
0xb5  OK    fmov_a            [2 3 8 7]
0xb7  CMDBUF_ERROR  command buffer failed: Caused GPU Hang Error (00000003:kIOGPUCommandBufferCallbackErrorHang)
0xbf  CMDBUF_ERROR  command buffer failed: Caused GPU Hang Error (00000003:kIOGPUCommandBufferCallbackErrorHang)
0xc0  OK    ACCEPTED-UNKNOWN  [0 0 0 0]
0xc4  OK    fmov_a            [2 3 8 7]
0xc5  OK    fmov_a            [2 3 8 7]
0xc7  CMDBUF_ERROR  command buffer failed: Caused GPU Hang Error (00000003:kIOGPUCommandBufferCallbackErrorHang)
0xcf  CMDBUF_ERROR  command buffer failed: Caused GPU Hang Error (00000003:kIOGPUCommandBufferCallbackErrorHang)
0xd0  OK    ACCEPTED-UNKNOWN  [0 0 0 0]
0xd4  OK    fmov_a            [2 3 8 7]
0xd5  OK    fmov_a            [2 3 8 7]
0xd7  CMDBUF_ERROR  command buffer failed: Caused GPU Hang Error (00000003:kIOGPUCommandBufferCallbackErrorHang)
0xdf  CMDBUF_ERROR  command buffer failed: Caused GPU Hang Error (00000003:kIOGPUCommandBufferCallbackErrorHang)
0xe0  OK    ACCEPTED-UNKNOWN  [0 0 0 0]
0xe4  OK    fmov_a            [2 3 8 7]
0xe5  OK    fmov_a            [2 3 8 7]
0xe7  CMDBUF_ERROR  command buffer failed: Caused GPU Hang Error (00000003:kIOGPUCommandBufferCallbackErrorHang)
0xef  CMDBUF_ERROR  command buffer failed: Caused GPU Hang Error (00000003:kIOGPUCommandBufferCallbackErrorHang)
0xf0  OK    ACCEPTED-UNKNOWN  [0 0 0 0]
0xf4  OK    fmov_a            [2 3 8 7]
0xf5  OK    fmov_a            [2 3 8 7]
0xf7  CMDBUF_ERROR  command buffer failed: Caused GPU Hang Error (00000003:kIOGPUCommandBufferCallbackErrorHang)
0xff  CMDBUF_ERROR  command buffer failed: Caused GPU Hang Error (00000003:kIOGPUCommandBufferCallbackErrorHang)

# SUMMARY
#   ACCEPTED-UNKNOWN: 184
#   FAULT:CMDBUF_ERROR: 32
#   fadd: 8
#   fmov_a: 24
#   fmul: 8
# wrote raw/opmap.txt
