
=== icmp_eq  (nofast)  mainlen=64 ===
  toks: preamble(4) load(14) load(14) ALU(14) store(14) stop(4)
  main: 0ca010066710540200002000510100404600670044040100200051010040460012031d05268107c0208013000001e7005402020021001100009011000e000000
  ALU[0] @0x20 len=14  12031d05268107c0208013000001

=== icmp_ne  (nofast)  mainlen=64 ===
  toks: preamble(4) load(14) load(14) ALU(14) store(14) stop(4)
  main: 0ca010066710540200002000510100404600670044040100200051010040460012031d05268007c0208113000001e7005402020021001100009011000e000000
  ALU[0] @0x20 len=14  12031d05268007c0208113000001

=== icmp_lt  (nofast)  mainlen=64 ===
  toks: preamble(4) load(14) load(14) ALU(14) store(14) stop(4)
  main: 0ca010066710540200002000510100404600670044040100200051010040460012031d05228107c0208013000001e7005402020021001100009011000e000000
  ALU[0] @0x20 len=14  12031d05228107c0208013000001

=== icmp_le  (nofast)  mainlen=64 ===
  toks: preamble(4) load(14) load(14) ALU(14) store(14) stop(4)
  main: 0ca010066710540200002000510100404600670044040100200051010040460012031d05228006c0208113000001e7005402020021001100009011000e000000
  ALU[0] @0x20 len=14  12031d05228006c0208113000001

=== icmp_gt  (nofast)  mainlen=64 ===
  toks: preamble(4) load(14) load(14) ALU(14) store(14) stop(4)
  main: 0ca010066710540200002000510100404600670044040100200051010040460012031d05228106c0208013000001e7005402020021001100009011000e000000
  ALU[0] @0x20 len=14  12031d05228106c0208013000001

=== icmp_ge  (nofast)  mainlen=64 ===
  toks: preamble(4) load(14) load(14) ALU(14) store(14) stop(4)
  main: 0ca010066710540200002000510100404600670044040100200051010040460012031d05228007c0208113000001e7005402020021001100009011000e000000
  ALU[0] @0x20 len=14  12031d05228007c0208113000001

=== ucmp_lt  (nofast)  mainlen=64 ===
  toks: preamble(4) load(14) load(14) ALU(14) store(14) stop(4)
  main: 0ca010066710540200002000510100404600670044040100200051010040460012031d05228105c0208013000001e7005402020021001100009011000e000000
  ALU[0] @0x20 len=14  12031d05228105c0208013000001

=== ucmp_le  (nofast)  mainlen=64 ===
  toks: preamble(4) load(14) load(14) ALU(14) store(14) stop(4)
  main: 0ca010066710540200002000510100404600670044040100200051010040460012031d05228004c0208113000001e7005402020021001100009011000e000000
  ALU[0] @0x20 len=14  12031d05228004c0208113000001

=== ucmp_gt  (nofast)  mainlen=64 ===
  toks: preamble(4) load(14) load(14) ALU(14) store(14) stop(4)
  main: 0ca010066710540200002000510100404600670044040100200051010040460012031d05228104c0208013000001e7005402020021001100009011000e000000
  ALU[0] @0x20 len=14  12031d05228104c0208013000001

=== ucmp_ge  (nofast)  mainlen=64 ===
  toks: preamble(4) load(14) load(14) ALU(14) store(14) stop(4)
  main: 0ca010066710540200002000510100404600670044040100200051010040460012031d05228005c0208113000001e7005402020021001100009011000e000000
  ALU[0] @0x20 len=14  12031d05228005c0208113000001

=== ucmp_eq  (nofast)  mainlen=64 ===
  toks: preamble(4) load(14) load(14) ALU(14) store(14) stop(4)
  main: 0ca010066710540200002000510100404600670044040100200051010040460012031d05268107c0208013000001e7005402020021001100009011000e000000
  ALU[0] @0x20 len=14  12031d05268107c0208013000001

=== ucmp_ne  (nofast)  mainlen=64 ===
  toks: preamble(4) load(14) load(14) ALU(14) store(14) stop(4)
  main: 0ca010066710540200002000510100404600670044040100200051010040460012031d05268007c0208113000001e7005402020021001100009011000e000000
  ALU[0] @0x20 len=14  12031d05268007c0208113000001

=== fcmp_eq  (nofast)  mainlen=64 ===
  toks: preamble(4) load(14) load(14) ALU(14) store(14) stop(4)
  main: 0ca010066710540200002000510100404600670044040100200051010040460012031d05268100c0208013000001e7005402020021001100009011000e000000
  ALU[0] @0x20 len=14  12031d05268100c0208013000001

=== fcmp_ne  (nofast)  mainlen=64 ===
  toks: preamble(4) load(14) load(14) ALU(14) store(14) stop(4)
  main: 0ca010066710540200002000510100404600670044040100200051010040460012031d05268000c0208113000001e7005402020021001100009011000e000000
  ALU[0] @0x20 len=14  12031d05268000c0208113000001

=== fcmp_lt  (nofast)  mainlen=64 ===
  toks: preamble(4) load(14) load(14) ALU(14) store(14) stop(4)
  main: 0ca010066710540200002000510100404600670044040100200051010040460012031d05228103c0208013000001e7005402020021001100009011000e000000
  ALU[0] @0x20 len=14  12031d05228103c0208013000001

=== fcmp_le  (nofast)  mainlen=64 ===
  toks: preamble(4) load(14) load(14) ALU(14) store(14) stop(4)
  main: 0ca010066710540200002000510100404600670044040100200051010040460012031d05268103c0208013000001e7005402020021001100009011000e000000
  ALU[0] @0x20 len=14  12031d05268103c0208013000001

=== fcmp_gt  (nofast)  mainlen=64 ===
  toks: preamble(4) load(14) load(14) ALU(14) store(14) stop(4)
  main: 0ca010066710540200002000510100404600670044040100200051010040460012031d05228102c0208013000001e7005402020021001100009011000e000000
  ALU[0] @0x20 len=14  12031d05228102c0208013000001

=== fcmp_ge  (nofast)  mainlen=64 ===
  toks: preamble(4) load(14) load(14) ALU(14) store(14) stop(4)
  main: 0ca010066710540200002000510100404600670044040100200051010040460012031d05268102c0208013000001e7005402020021001100009011000e000000
  ALU[0] @0x20 len=14  12031d05268102c0208013000001

=== pcmp_lt  (nofast)  mainlen=46 ===
  toks: preamble(4) load(14) ALU(10) store(14) stop(4)
  main: 1ca01006671044000001200051010040460002010f8222e417c2a0c8e7005400010121001100009011000e000000
  ALU[0] @0x12 len=10  02010f8222e417c2a0c8

=== pcmp_ge  (nofast)  mainlen=46 ===
  toks: preamble(4) load(14) ALU(10) store(14) stop(4)
  main: 1ca01006671044000001200051010040460002010f8222e406c2a0c8e7005400010121001100009011000e000000
  ALU[0] @0x12 len=10  02010f8222e406c2a0c8

=== pcmp_eq  (nofast)  mainlen=46 ===
  toks: preamble(4) load(14) ALU(10) store(14) stop(4)
  main: 1ca01006671044000001200051010040460002010f8226e417c2a0c8e7005400010121001100009011000e000000
  ALU[0] @0x12 len=10  02010f8226e417c2a0c8

=== pcmp_ne  (nofast)  mainlen=46 ===
  toks: preamble(4) load(14) ALU(10) store(14) stop(4)
  main: 1ca01006671044000001200051010040460002010f82a6c817c220e4e7005400010121001100009011000e000000
  ALU[0] @0x12 len=10  02010f82a6c817c220e4

=== sel_lt  (nofast)  mainlen=56 ===
  toks: preamble(4) load(14) load(14) ALU(6) store(14) stop(4)
  main: 1ca010066710540000012000510100404600670044040101200051010040460002011e0503c0e7005400020121001100009011000e000000
  ALU[0] @0x20 len=6  02011e0503c0

=== sel_gt  (nofast)  mainlen=56 ===
  toks: preamble(4) load(14) load(14) ALU(6) store(14) stop(4)
  main: 1ca010066710540000012000510100404600670044040101200051010040460002011e0502c0e7005400020121001100009011000e000000
  ALU[0] @0x20 len=6  02011e0502c0
