
=== fma  (nofast)  mainlen=72 ===
  toks: preamble(4) load(14) load(14) load(14) ALU(8) store(14) stop(4)
  main: 1ca0100667105400000120005101004046006700540401012000510100404600670044080201200051010040460009011e05810802c0e7005400030121001100009011000e000000
  ALU[0] @0x2e len=8  09011e05810802c0

=== fma_mad  (nofast)  mainlen=72 ===
  toks: preamble(4) load(14) load(14) load(14) ALU(8) store(14) stop(4)
  main: 1ca0100667105400000120005101004046006700540401012000510100404600670044080201200051010040460009011e05810802c0e7005400030121001100009011000e000000
  ALU[0] @0x2e len=8  09011e05810802c0

=== un_fneg  (nofast)  mainlen=46 ===
  toks: preamble(4) load(14) ALU(2) stop(4) REST(22)
  main: 1ca0100667104400000120005101004046000b010e09020a00800000e7005400010121001100009011000e000000
  ALU[0] @0x12 len=2  0b01

=== un_fabs  (nofast)  mainlen=46 ===
  toks: preamble(4) load(14) ALU(2) stop(4) REST(22)
  main: 1ca0100667104400000120005101004046000b010e09020200800000e7005400010121001100009011000e000000
  ALU[0] @0x12 len=2  0b01

=== un_frcp  (nofast)  mainlen=130 ===
  toks: preamble(4) load(14) ALU(94) store(14) stop(4)
  main: 1ca0100667104400000120005101004046002981250900c23281270b83040202008000000100af005404030c024820003985360721b002084b85260f02020000000039072e8500841f01540803100428130142092f0d82060502800429892509000202010f0b83040202800800000100e7005400010121001100009011000e000000
  ALU[0] @0x12 len=94  2981250900c23281270b83040202008000000100af005404030c024820003985360721b002084b85260f02020000000039072e8500841f01540803100428130142092f0d82060502800429892509000202010f0b83040202800800000100

=== un_frsqrt  (nofast)  mainlen=134 ===
  toks: preamble(4) load(14) ALU(98) store(14) stop(4)
  main: 1ca0100667104400000120005101004046002981250b00c272812709820402020080af015404031c92400000698f218549a12d858000390f2e85118c0200590d2e8921a0020039093b0a39072e8500841f01540803080628110142092f0f8206050280042989250d000202010f09820402028008e7005400010121001100009011000e000000
  ALU[0] @0x12 len=98  2981250b00c272812709820402020080af015404031c92400000698f218549a12d858000390f2e85118c0200590d2e8921a0020039093b0a39072e8500841f01540803080628110142092f0f8206050280042989250d000202010f09820402028008

=== un_fsqrt  (nofast)  mainlen=132 ===
  toks: preamble(4) load(14) ALU(96) store(14) stop(4)
  main: 1ca0100667104400000120005101004046002981250d00c2428127098204030200802f0154040310924000003989218559a1258580007987268701880208698b268721a00208390f2a8b590b3a0d7987268701880208390f3a0b42052fb1840600022989250b000202010f09820403028008e7005400010121001100009011000e000000
  ALU[0] @0x12 len=96  2981250d00c2428127098204030200802f0154040310924000003989218559a1258580007987268701880208698b268721a00208390f2a8b590b3a0d7987268701880208390f3a0b42052fb1840600022989250b000202010f09820403028008

=== un_fexp2  (nofast)  mainlen=46 ===
  toks: preamble(4) load(14) ALU(10) store(14) stop(4)
  main: 1ca010066710440000012000510100404600af0256000200b0400000e7005400010121001100009011000e000000
  ALU[0] @0x12 len=10  af0256000200b0400000

=== un_flog2  (nofast)  mainlen=46 ===
  toks: preamble(4) load(14) ALU(10) store(14) stop(4)
  main: 1ca0100667104400000120005101004046002f0256000200b0400000e7005400010121001100009011000e000000
  ALU[0] @0x12 len=10  2f0256000200b0400000

=== un_fsin  (nofast)  mainlen=456 ===
  toks: preamble(4) load(14) ALU(23) stop(4) REST(411)
  main: 0ca0100667104402000020005101004046002b83271f0002008000000a85221d04025c80227e0000000e0f0554210f0154820100000000000a85221b05025b8201000f0554210f01546a0100000000000a85220f05020f0554010f01544e0000000000003283278022100702200c29832613208629053c070008270754040308b44803001f0154060300108c1104a7075406030cac6039832613a00639832619a00619032e17a0060f0404190f0164d40000000000001f015404030838a81701a700540403086000f01101009f015404030810e816059f0154040200108814146700440a028220005d010040420019030d1500022983258b00c08285278022100702200c398b2683009039073c11000822052f0d87040202800600000100270754040308b44803001f0154060300108c1104a7075406030cac60590b2e838006398d2683008a82872380a2a0070220a03907381127075412030cb4480300a707540603248e60590b3c070008390d2e83800a9f015404032410a81705190f3b060f060401000039b12483820800000200128527808506160222052b829602060280022f035402030892400000590519030f0604020000e700540a010021001100009011000e000000
  ALU[0] @0x12 len=23  2b83271f0002008000000a85221d04025c80227e000000

=== un_fcos  (nofast)  mainlen=462 ===
  toks: preamble(4) load(14) ALU(23) stop(4) REST(417)
  main: 0ca0100667104402000020005101004046002b83271f0002008000000a85221d04025c80227e0000000e0f0554210f0154880100000000000a85221b05025c80023e0000000c0f0554210f01546c0100000000000a85220f05020f0554010f01544e0000000000003283278022100702200c29832613208629053c070008270754040308b44803001f0154060300108c1104a7075406030cac6039832613a00639832619a00619032e17a0060f0404190f0164d40000000000001f015404030838a81701a700540403086000f01101009f015404030810e816059f0154040200108814146700440a028220005d010040420019030d1500022983258b00c08285278022100702200c398b2683009039073c11000822052f0d87040202800600000100270754040308b44803001f0154060300108c1104a7075406030cac60590b2e838006398d2683008a82872380a2a0070220a03907381127075412030cb4480300a707540603248e60590b3c070008390d2e83800a9f015404032410a81705190f3b060f060401000039b124838208000002001285238096021602800622052b829602060280022f035402030892400000590519030f0604020000e700540a010021001100009011000e000000
  ALU[0] @0x12 len=23  2b83271f0002008000000a85221d04025c80227e000000

=== un_ffloor  (nofast)  mainlen=46 ===
  toks: preamble(4) load(14) ALU(10) store(14) stop(4)
  main: 1ca0100667104400000120005101004046002f0056000200b0400200e7005400010121001100009011000e000000
  ALU[0] @0x12 len=10  2f0056000200b0400200

=== un_fceil  (nofast)  mainlen=46 ===
  toks: preamble(4) load(14) ALU(10) store(14) stop(4)
  main: 1ca0100667104400000120005101004046002f0056000200b0400400e7005400010121001100009011000e000000
  ALU[0] @0x12 len=10  2f0056000200b0400400

=== un_ftrunc  (nofast)  mainlen=46 ===
  toks: preamble(4) load(14) ALU(10) store(14) stop(4)
  main: 1ca0100667104400000120005101004046002f0056000200b0400600e7005400010121001100009011000e000000
  ALU[0] @0x12 len=10  2f0056000200b0400600

=== un_frint  (nofast)  mainlen=46 ===
  toks: preamble(4) load(14) ALU(10) store(14) stop(4)
  main: 1ca0100667104400000120005101004046002f0056000200b0400000e7005400010121001100009011000e000000
  ALU[0] @0x12 len=10  2f0056000200b0400000

=== un_fsat  (nofast)  mainlen=44 ===
  toks: preamble(4) load(14) ALU(8) store(14) stop(4)
  main: 1ca01006671044000001200051010040460009011c8101020082e7005400010121001100009011000e000000
  ALU[0] @0x12 len=8  09011c8101020082

=== un_fmov  (nofast)  mainlen=36 ===
  toks: preamble(4) load(14) store(14) stop(4)
  main: 1ca010066710440000012000510100404600e7005600010121001100009011000e000000
