
=== fmin  (nofast)  mainlen=56 ===
  toks: preamble(4) load(14) load(14) ALU(6) store(14) stop(4)
  main: 0ca010066710540200002000510100404600670044040100200051010040460012031e0501c0e7005402020021001100009011000e000000
  ALU[0] @0x20 len=6  12031e0501c0

=== fmax  (nofast)  mainlen=56 ===
  toks: preamble(4) load(14) load(14) ALU(6) store(14) stop(4)
  main: 0ca010066710540200002000510100404600670044040100200051010040460012031e0500c0e7005402020021001100009011000e000000
  ALU[0] @0x20 len=6  12031e0500c0

=== fmin_min  (nofast)  mainlen=56 ===
  toks: preamble(4) load(14) load(14) ALU(6) store(14) stop(4)
  main: 0ca010066710540200002000510100404600670044040100200051010040460012031e0501c0e7005402020021001100009011000e000000
  ALU[0] @0x20 len=6  12031e0501c0

=== fmax_max  (nofast)  mainlen=56 ===
  toks: preamble(4) load(14) load(14) ALU(6) store(14) stop(4)
  main: 0ca010066710540200002000510100404600670044040100200051010040460012031e0500c0e7005402020021001100009011000e000000
  ALU[0] @0x20 len=6  12031e0500c0

=== iand  (nofast)  mainlen=60 ===
  toks: preamble(4) load(14) load(14) ALU(10) store(14) stop(4)
  main: 1ca01006671054000001200051010040460067004404010120005101004046000b051f01000000800000e7005400020121001100009011000e000000
  ALU[0] @0x20 len=10  0b051f01000000800000

=== ior  (nofast)  mainlen=60 ===
  toks: preamble(4) load(14) load(14) ALU(10) store(14) stop(4)
  main: 1ca01006671054000001200051010040460067004404010120005101004046000b051f01020800800000e7005400020121001100009011000e000000
  ALU[0] @0x20 len=10  0b051f01020800800000

=== ixor  (nofast)  mainlen=60 ===
  toks: preamble(4) load(14) load(14) ALU(10) store(14) stop(4)
  main: 1ca01006671054000001200051010040460067004404010120005101004046000b051e01020800800000e7005400020121001100009011000e000000
  ALU[0] @0x20 len=10  0b051e01020800800000

=== inot  (nofast)  mainlen=46 ===
  toks: preamble(4) load(14) ALU(2) stop(4) REST(22)
  main: 1ca0100667104400000120005101004046000b010e00010800800000e7005400010121001100009011000e000000
  ALU[0] @0x12 len=2  0b01

=== iandn  (nofast)  mainlen=60 ===
  toks: preamble(4) load(14) load(14) ALU(10) store(14) stop(4)
  main: 1ca01006671054000001200051010040460067004404010120005101004046000b011e05020000800000e7005400020121001100009011000e000000
  ALU[0] @0x20 len=10  0b011e05020000800000

=== iorn  (nofast)  mainlen=60 ===
  toks: preamble(4) load(14) load(14) ALU(10) store(14) stop(4)
  main: 1ca01006671054000001200051010040460067004404010120005101004046000b011f05030000800000e7005400020121001100009011000e000000
  ALU[0] @0x20 len=10  0b011f05030000800000

=== ixnor  (nofast)  mainlen=60 ===
  toks: preamble(4) load(14) load(14) ALU(10) store(14) stop(4)
  main: 1ca01006671054000001200051010040460067004404010120005101004046000b011f05010000800000e7005400020121001100009011000e000000
  ALU[0] @0x20 len=10  0b011f05010000800000

=== inand  (nofast)  mainlen=60 ===
  toks: preamble(4) load(14) load(14) ALU(10) store(14) stop(4)
  main: 1ca01006671054000001200051010040460067004404010120005101004046000b051e01030800800000e7005400020121001100009011000e000000
  ALU[0] @0x20 len=10  0b051e01030800800000

=== inor  (nofast)  mainlen=60 ===
  toks: preamble(4) load(14) load(14) ALU(10) store(14) stop(4)
  main: 1ca01006671054000001200051010040460067004404010120005101004046000b051e01010000800000e7005400020121001100009011000e000000
  ALU[0] @0x20 len=10  0b051e01010000800000
