
=== cv_f2h  (nofast)  mainlen=42 ===
  toks: preamble(4) load(14) ALU(6) store(14) stop(4)
  main: 0ca01006671044020000200051010040460011031c8100c2e7005402010021000100001011000e000000
  ALU[0] @0x12 len=6  11031c8100c2

=== cv_h2f  (nofast)  mainlen=42 ===
  toks: preamble(4) load(14) ALU(6) store(14) stop(4)
  main: 1ca01006671044000001200041010040440009001c8100c2e7005400010121001100009011000e000000
  ALU[0] @0x12 len=6  09001c8100c2

=== cv_f2i  (nofast)  mainlen=46 ===
  toks: preamble(4) load(14) ALU(10) store(14) stop(4)
  main: 1ca010066710440000012000510100404600270756000200b4480300e7005400010121001100009011000e000000
  ALU[0] @0x12 len=10  270756000200b4480300

=== cv_i2f  (nofast)  mainlen=44 ===
  toks: preamble(4) load(14) ALU(8) store(14) stop(4)
  main: 1ca010066710440000012000510100404600a70756000200ac60e7005400010121001100009011000e000000
  ALU[0] @0x12 len=8  a70756000200ac60

=== cv_f2u  (nofast)  mainlen=46 ===
  toks: preamble(4) load(14) ALU(10) store(14) stop(4)
  main: 1ca010066710440000012000510100404600270756000200b4080200e7005400010121001100009011000e000000
  ALU[0] @0x12 len=10  270756000200b4080200

=== cv_u2f  (nofast)  mainlen=44 ===
  toks: preamble(4) load(14) ALU(8) store(14) stop(4)
  main: 1ca010066710440000012000510100404600a70756000200ac20e7005400010121001100009011000e000000
  ALU[0] @0x12 len=8  a70756000200ac20

=== cv_i2h  (nofast)  mainlen=44 ===
  toks: preamble(4) load(14) ALU(8) store(14) stop(4)
  main: 0ca010066710440200002000510100404600a70756020204a860e7005402010021000100001011000e000000
  ALU[0] @0x12 len=8  a70756020204a860

=== cv_h2i  (nofast)  mainlen=46 ===
  toks: preamble(4) load(14) ALU(10) store(14) stop(4)
  main: 1ca010066710440000012000410100404400270756000200ac480300e7005400010121001100009011000e000000
  ALU[0] @0x12 len=10  270756000200ac480300

=== cv_i2s  (nofast)  mainlen=46 ===
  toks: preamble(4) load(14) ALU(10) store(14) stop(4)
  main: 1ca0100667104400000120004101004046009f015600020000081303e7005400010121001100009011000e000000
  ALU[0] @0x12 len=10  9f015600020000081303

=== cv_i2c  (nofast)  mainlen=58 ===
  toks: preamble(4) load(14) ALU(22) store(14) stop(4)
  main: 1ca0100667104400000120005101004046002700560003006000f0110100a7015400020060786200e7005400010121001100009011000e000000
  ALU[0] @0x12 len=22  2700560003006000f0110100a7015400020060786200

=== cv_u2us  (nofast)  mainlen=40 ===
  toks: preamble(4) load(14) ALU(4) store(14) stop(4)
  main: 0ca01006671044020000200041010040460013000001e7005602010021001100009011000e000000
  ALU[0] @0x12 len=4  13000001

=== cv_u2uc  (nofast)  mainlen=46 ===
  toks: preamble(4) load(14) ALU(10) store(14) stop(4)
  main: 1ca0100667104400000120005101004046000b011fff100200800000e7005400010121001100009011000e000000
  ALU[0] @0x12 len=10  0b011fff100200800000

=== cv_i2u  (nofast)  mainlen=36 ===
  toks: preamble(4) load(14) store(14) stop(4)
  main: 1ca010066710440000012000510100404600e7005600010121001100009011000e000000

=== cv_bitcast  (nofast)  mainlen=36 ===
  toks: preamble(4) load(14) store(14) stop(4)
  main: 1ca010066710440000012000510100404600e7005600010121001100009011000e000000

=== cv_f2h_store  (nofast)  mainlen=42 ===
  toks: preamble(4) load(14) ALU(6) store(14) stop(4)
  main: 0ca01006671044020000200051010040460011031c0300c0e7005402010021000100001011000e000000
  ALU[0] @0x12 len=6  11031c0300c0
