
=== ishl  (nofast)  mainlen=72 ===
  toks: preamble(4) load(14) load(14) ALU(22) store(14) stop(4)
  main: 1ca01006671054040101200051010040460067004400000120001100004046002b052f9f1002008000002710540002001000f0130500e7005400020121001100009011000e000000
  ALU[0] @0x20 len=22  2b052f9f1002008000002710540002001000f0130500

=== iashr  (nofast)  mainlen=70 ===
  toks: preamble(4) load(14) load(14) ALU(20) store(14) stop(4)
  main: 1ca01006671054040101200051010040460067004400000120001100004046002b050f9f100200800000a7115400020010d8e200e7005400020121001100009011000e000000
  ALU[0] @0x20 len=20  2b050f9f100200800000a7115400020010d8e200

=== ushr  (nofast)  mainlen=72 ===
  toks: preamble(4) load(14) load(14) ALU(22) store(14) stop(4)
  main: 1ca01006671054040101200051010040460067004400000120001100004046002b052f9f100200800000a710540002001000f0130500e7005400020121001100009011000e000000
  ALU[0] @0x20 len=22  2b052f9f100200800000a710540002001000f0130500

=== ushl  (nofast)  mainlen=72 ===
  toks: preamble(4) load(14) load(14) ALU(22) store(14) stop(4)
  main: 1ca01006671054040101200051010040460067004400000120001100004046002b052f9f1002008000002710540002001000f0130500e7005400020121001100009011000e000000
  ALU[0] @0x20 len=22  2b052f9f1002008000002710540002001000f0130500

=== ishl_i  (nofast)  mainlen=46 ===
  toks: preamble(4) load(14) ALU(10) store(14) stop(4)
  main: 1ca0100667104400000120005101004046009f015600020000c81414e7005400010121001100009011000e000000
  ALU[0] @0x12 len=10  9f015600020000c81414

=== iashr_i  (nofast)  mainlen=46 ===
  toks: preamble(4) load(14) ALU(10) store(14) stop(4)
  main: 1ca010066710440000012000510100404600a7015600020008786200e7005400010121001100009011000e000000
  ALU[0] @0x12 len=10  a7015600020008786200

=== ushr_i  (nofast)  mainlen=48 ===
  toks: preamble(4) load(14) ALU(12) store(14) stop(4)
  main: 1ca010066710440000012000510100404600a700560002000800f0110100e7005400010121001100009011000e000000
  ALU[0] @0x12 len=12  a700560002000800f0110100

=== ibfe  (nofast)  mainlen=48 ===
  toks: preamble(4) load(14) ALU(12) store(14) stop(4)
  main: 1ca010066710440000012000510100404600a700560002001000f0118100e7005400010121001100009011000e000000
  ALU[0] @0x12 len=12  a700560002001000f0118100

=== ibfe_s  (nofast)  mainlen=68 ===
  toks: preamble(4) load(14) ALU(32) store(14) stop(4)
  main: 1ca010066710440400012000510100404600a700560003081200f010810022052f08260a060220809f015400020800a81705e7005400010121001100009011000e000000
  ALU[0] @0x12 len=32  a700560003081200f010810022052f08260a060220809f015400020800a81705

=== ibfi  (nofast)  mainlen=80 ===
  toks: preamble(4) load(14) load(14) ALU(30) store(14) stop(4)
  main: 1ca01006671054000001200051010040460067004404010120001100004046000b013ef90202008000002b052f9f1022000000009f015400020010e81615e7005400020121001100009011000e000000
  ALU[0] @0x20 len=30  0b013ef90202008000002b052f9f1022000000009f015400020010e81615
