== verify.py --selftest ==
SELFTEST OK (12 checks: 3 state transitions + 6 rejection cases + 1 result-schema + 1 tamper-detect + composite)
== verify.py --seqtest ==
SEQTEST OK (PRE_GPU -> RUN01_PRESENT -> [crash-safe] -> RUN02_PRESENT)
== build harness ==
== smoke gate ==
SMOKE GATE OK (record shape only, not promoted to raw/)
== capture m4-20260828-run01 ==
[OK] add_f32                                  exit=0 timed_out=False dur=0.059s lines=820
[OK] addmul_f16                               exit=0 timed_out=False dur=0.054s lines=1507
[OK] addmul_f16x2                             exit=0 timed_out=False dur=0.060s lines=750
[OK] compare_nan_f32                          exit=0 timed_out=False dur=0.029s lines=420
[OK] cos_fast_f16                             exit=0 timed_out=False dur=0.030s lines=1552
[OK] cos_fast_f32                             exit=0 timed_out=False dur=0.033s lines=1294
[OK] cos_precise_f32                          exit=0 timed_out=False dur=0.033s lines=1294
[OK] div_precise_f32                          exit=0 timed_out=False dur=0.058s lines=820
[OK] div_vs_rcp_f32                           exit=0 timed_out=False dur=0.054s lines=820
[OK] exp2_fast_f16                            exit=0 timed_out=False dur=0.033s lines=1552
[OK] exp2_fast_f32                            exit=0 timed_out=False dur=0.057s lines=1362
[OK] exp2_precise_f32                         exit=0 timed_out=False dur=0.058s lines=1362
[OK] f32_to_f16                               exit=0 timed_out=False dur=0.057s lines=1886
[OK] f32_to_int                               exit=0 timed_out=False dur=0.035s lines=1886
[OK] f32_to_int8_plain                        exit=0 timed_out=False dur=0.029s lines=1886
[OK] f32_to_int8_sat                          exit=0 timed_out=False dur=0.033s lines=1886
[OK] fma_f16                                  exit=0 timed_out=False dur=0.058s lines=2012
[OK] fma_f16x2                                exit=0 timed_out=False dur=0.057s lines=1006
[OK] fma_f32                                  exit=0 timed_out=False dur=0.034s lines=509
[OK] fquantize_f16                            exit=0 timed_out=False dur=0.059s lines=1886
[OK] log2_fast_f16                            exit=0 timed_out=False dur=0.032s lines=1552
[OK] log2_fast_f32                            exit=0 timed_out=False dur=0.055s lines=1362
[OK] log2_precise_f32                         exit=0 timed_out=False dur=0.059s lines=1362
[OK] minmax_f32                               exit=0 timed_out=False dur=0.056s lines=620
[OK] mul_f32                                  exit=0 timed_out=False dur=0.058s lines=820
[OK] rcp_fast_f16                             exit=0 timed_out=False dur=0.044s lines=65536
[OK] rcp_fast_f32                             exit=0 timed_out=False dur=0.035s lines=1886
[OK] rcp_precise_f16                          exit=0 timed_out=False dur=0.043s lines=65536
[OK] rcp_precise_f32                          exit=0 timed_out=False dur=0.059s lines=1886
[OK] rcp_precise_f32_fastmath_on              exit=0 timed_out=False dur=0.126s lines=1886
[OK] round_family_f32                         exit=0 timed_out=False dur=0.036s lines=1172
[OK] rsqrt_fast_f16                           exit=0 timed_out=False dur=0.042s lines=65536
[OK] rsqrt_fast_f32                           exit=0 timed_out=False dur=0.060s lines=1886
[OK] rsqrt_precise_f16                        exit=0 timed_out=False dur=0.048s lines=65536
[OK] rsqrt_precise_f32                        exit=0 timed_out=False dur=0.058s lines=1886
[OK] saturate_f32                             exit=0 timed_out=False dur=0.056s lines=1886
[OK] sin_fast_f16                             exit=0 timed_out=False dur=0.029s lines=1552
[OK] sin_fast_f32                             exit=0 timed_out=False dur=0.056s lines=1294
[OK] sin_precise_f32                          exit=0 timed_out=False dur=0.061s lines=1294
[OK] sincos_independent_f32                   exit=0 timed_out=False dur=0.028s lines=400
[OK] sincos_shared_f32                        exit=0 timed_out=False dur=0.032s lines=400
[OK] sqrt_fast_f16                            exit=0 timed_out=False dur=0.045s lines=65536
[OK] sqrt_fast_f32                            exit=0 timed_out=False dur=0.060s lines=1886
[OK] sqrt_precise_f16                         exit=0 timed_out=False dur=0.043s lines=65536
[OK] sqrt_precise_f32                         exit=0 timed_out=False dur=0.055s lines=1886
[OK] sqrt_vs_rsqrt_f32                        exit=0 timed_out=False dur=0.059s lines=1884
[OK] sub_f32                                  exit=0 timed_out=False dur=0.057s lines=820
run m4-20260828-run01 complete: 47 cases
