=== build ===
built
  [base] ok
  [base2] ok
  [dcmp_never] ok
  [dcmp_less] ok
  [dcmp_equal] ok
  [dcmp_lequal] ok
  [dcmp_greater] ok
  [dcmp_nequal] ok
  [dcmp_gequal] ok
  [dcmp_always] ok
  [dwr_off] ok
  [st_ref] ok
  [scmp_never] ok
  [scmp_less] ok
  [scmp_equal] ok
  [scmp_lequal] ok
  [scmp_greater] ok
  [scmp_nequal] ok
  [scmp_gequal] ok
  [scmp_always] ok
  [spass_keep] ok
  [spass_zero] ok
  [spass_replace] ok
  [spass_incrclamp] ok
  [spass_decrclamp] ok
  [spass_invert] ok
  [spass_incrwrap] ok
  [spass_decrwrap] ok
  [sfail_replace] ok
  [sfail_invert] ok
  [szfail_replace] ok
  [szfail_invert] ok
  [sref_5] ok
  [sread_0f] ok
  [swrite_0f] ok
  [sback] ok
  [bl_ref] ok
  [srgb_zero] ok
  [srgb_one] ok
  [srgb_srccolor] ok
  [srgb_1-srccolor] ok
  [srgb_srcalpha] ok
  [srgb_1-srcalpha] ok
  [srgb_dstcolor] ok
  [srgb_1-dstcolor] ok
  [srgb_dstalpha] ok
  [srgb_1-dstalpha] ok
  [srgb_srcalphasat] ok
  [srgb_blendcolor] ok
  [srgb_1-blendcolor] ok
  [srgb_blendalpha] ok
  [srgb_1-blendalpha] ok
  [drgb_zero] ok
  [drgb_one] ok
  [drgb_dstcolor] ok
  [salpha_zero] ok
  [salpha_one] ok
  [dalpha_zero] ok
  [dalpha_one] ok
  [brgbop_add] ok
  [brgbop_sub] ok
  [brgbop_revsub] ok
  [brgbop_min] ok
  [brgbop_max] ok
  [balphaop_add] ok
  [balphaop_sub] ok
  [balphaop_revsub] ok
  [balphaop_min] ok
  [balphaop_max] ok
  [wmask_0] ok
  [wmask_1] ok
  [wmask_2] ok
  [wmask_4] ok
  [wmask_8] ok
  [dref] ok
  [dual_src1color] ok
  [dual_1src1color] ok
  [dual_src1alpha] ok
  [dual_1src1alpha] ok
  [cull_front] ok
  [cull_back] ok
  [front_ccw] ok
  [fill_lines] ok
  [clip_clamp] ok
  [dbias_zero] ok
  [dbias_c] ok
  [dbias_s] ok
  [dbias_k] ok
  [dbias_all] ok
  [base_big] ok
  [vbig] ok
  [fbig] ok
=== on-device diffs ===
=== done; captures: 0
      92 ===
      91
