G17P_PARTIAL_START pid=43747 device=Apple M4 width=128 height=128 triangles=20000 vertices=60000 varying_bytes=16 submissions=48 command_queues=1 enqueue_all=0 mode=accumulate
G17P_PARTIAL_LIBRARY_BEGIN path=/Users/user/asahi_re/public/agx-re/experiments/EXP-0118-a18-pro-partial-render-workload/build/g17ppartial.metallib
G17P_PARTIAL_LIBRARY_READY
G17P_PARTIAL_PIPELINE_BEGIN
G17P_PARTIAL_PIPELINE_READY
G17P_PARTIAL_READY submission=1/48 queue=1/1 input=0x10000018200 input_size=0x10 output0=0x10000058000 output_size=0x10000
G17P_PARTIAL_ACCUM submission=1 index=0 max=1.00010955
G17P_PARTIAL_TARGET submission=1 index=0 exact_pixels=0/16384 changed_bytes=8 first=00000000
G17P_PARTIAL_ACCUM submission=1 index=1 max=2.00021911
G17P_PARTIAL_TARGET submission=1 index=1 exact_pixels=0/16384 changed_bytes=6 first=00000000
G17P_PARTIAL_ACCUM submission=1 index=2 max=2.99960876
G17P_PARTIAL_TARGET submission=1 index=2 exact_pixels=0/16384 changed_bytes=8 first=00000000
G17P_PARTIAL_ACCUM submission=1 index=3 max=4.00043821
G17P_PARTIAL_TARGET submission=1 index=3 exact_pixels=0/16384 changed_bytes=8 first=00000000
G17P_PARTIAL_ACCUM submission=1 index=4 max=5.00015926
G17P_PARTIAL_TARGET submission=1 index=4 exact_pixels=0/16384 changed_bytes=8 first=00000000
G17P_PARTIAL_ACCUM submission=1 index=5 max=5.99921751
G17P_PARTIAL_TARGET submission=1 index=5 exact_pixels=0/16384 changed_bytes=8 first=00000000
G17P_PARTIAL_ACCUM submission=1 index=6 max=6.99996996
G17P_PARTIAL_TARGET submission=1 index=6 exact_pixels=0/16384 changed_bytes=8 first=00000000
G17P_PARTIAL_ACCUM submission=1 index=7 max=8.00087643
G17P_PARTIAL_TARGET submission=1 index=7 exact_pixels=0/16384 changed_bytes=6 first=00000000
G17P_PARTIAL_SUBMISSION_DONE submission=1/48 status=4 error=none exact=1
G17P_PARTIAL_READY submission=2/48 queue=1/1 input=0x10000018200 input_size=0x10 output0=0x10000058000 output_size=0x10000
G17P_PARTIAL_ACCUM submission=2 index=0 max=1.00010955
G17P_PARTIAL_TARGET submission=2 index=0 exact_pixels=0/16384 changed_bytes=8 first=00000000
G17P_PARTIAL_ACCUM submission=2 index=1 max=2.00021911
G17P_PARTIAL_TARGET submission=2 index=1 exact_pixels=0/16384 changed_bytes=6 first=00000000
G17P_PARTIAL_ACCUM submission=2 index=2 max=2.99960876
G17P_PARTIAL_TARGET submission=2 index=2 exact_pixels=0/16384 changed_bytes=8 first=00000000
G17P_PARTIAL_ACCUM submission=2 index=3 max=4.00043821
G17P_PARTIAL_TARGET submission=2 index=3 exact_pixels=0/16384 changed_bytes=8 first=00000000
G17P_PARTIAL_ACCUM submission=2 index=4 max=5.00015926
G17P_PARTIAL_TARGET submission=2 index=4 exact_pixels=0/16384 changed_bytes=8 first=00000000
G17P_PARTIAL_ACCUM submission=2 index=5 max=5.99921751
G17P_PARTIAL_TARGET submission=2 index=5 exact_pixels=0/16384 changed_bytes=8 first=00000000
G17P_PARTIAL_ACCUM submission=2 index=6 max=6.99996996
G17P_PARTIAL_TARGET submission=2 index=6 exact_pixels=0/16384 changed_bytes=8 first=00000000
G17P_PARTIAL_ACCUM submission=2 index=7 max=8.00087643
G17P_PARTIAL_TARGET submission=2 index=7 exact_pixels=0/16384 changed_bytes=6 first=00000000
G17P_PARTIAL_SUBMISSION_DONE submission=2/48 status=4 error=none exact=1
G17P_PARTIAL_READY submission=3/48 queue=1/1 input=0x10000018200 input_size=0x10 output0=0x10000058000 output_size=0x10000
G17P_PARTIAL_ACCUM submission=3 index=0 max=1.00010955
G17P_PARTIAL_TARGET submission=3 index=0 exact_pixels=0/16384 changed_bytes=8 first=00000000
G17P_PARTIAL_ACCUM submission=3 index=1 max=2.00021911
G17P_PARTIAL_TARGET submission=3 index=1 exact_pixels=0/16384 changed_bytes=6 first=00000000
G17P_PARTIAL_ACCUM submission=3 index=2 max=2.99960876
G17P_PARTIAL_TARGET submission=3 index=2 exact_pixels=0/16384 changed_bytes=8 first=00000000
G17P_PARTIAL_ACCUM submission=3 index=3 max=4.00043821
G17P_PARTIAL_TARGET submission=3 index=3 exact_pixels=0/16384 changed_bytes=8 first=00000000
G17P_PARTIAL_ACCUM submission=3 index=4 max=5.00015926
G17P_PARTIAL_TARGET submission=3 index=4 exact_pixels=0/16384 changed_bytes=8 first=00000000
G17P_PARTIAL_ACCUM submission=3 index=5 max=5.99921751
G17P_PARTIAL_TARGET submission=3 index=5 exact_pixels=0/16384 changed_bytes=8 first=00000000
G17P_PARTIAL_ACCUM submission=3 index=6 max=6.99996996
G17P_PARTIAL_TARGET submission=3 index=6 exact_pixels=0/16384 changed_bytes=8 first=00000000
G17P_PARTIAL_ACCUM submission=3 index=7 max=8.00087643
G17P_PARTIAL_TARGET submission=3 index=7 exact_pixels=0/16384 changed_bytes=6 first=00000000
G17P_PARTIAL_SUBMISSION_DONE submission=3/48 status=4 error=none exact=1
G17P_PARTIAL_READY submission=4/48 queue=1/1 input=0x10000018200 input_size=0x10 output0=0x10000058000 output_size=0x10000
G17P_PARTIAL_ACCUM submission=4 index=0 max=1.00010955
G17P_PARTIAL_TARGET submission=4 index=0 exact_pixels=0/16384 changed_bytes=8 first=00000000
G17P_PARTIAL_ACCUM submission=4 index=1 max=2.00021911
G17P_PARTIAL_TARGET submission=4 index=1 exact_pixels=0/16384 changed_bytes=6 first=00000000
G17P_PARTIAL_ACCUM submission=4 index=2 max=2.99960876
G17P_PARTIAL_TARGET submission=4 index=2 exact_pixels=0/16384 changed_bytes=8 first=00000000
G17P_PARTIAL_ACCUM submission=4 index=3 max=4.00043821
G17P_PARTIAL_TARGET submission=4 index=3 exact_pixels=0/16384 changed_bytes=8 first=00000000
G17P_PARTIAL_ACCUM submission=4 index=4 max=5.00015926
G17P_PARTIAL_TARGET submission=4 index=4 exact_pixels=0/16384 changed_bytes=8 first=00000000
G17P_PARTIAL_ACCUM submission=4 index=5 max=5.99921751
G17P_PARTIAL_TARGET submission=4 index=5 exact_pixels=0/16384 changed_bytes=8 first=00000000
G17P_PARTIAL_ACCUM submission=4 index=6 max=6.99996996
G17P_PARTIAL_TARGET submission=4 index=6 exact_pixels=0/16384 changed_bytes=8 first=00000000
G17P_PARTIAL_ACCUM submission=4 index=7 max=8.00087643
G17P_PARTIAL_TARGET submission=4 index=7 exact_pixels=0/16384 changed_bytes=6 first=00000000
G17P_PARTIAL_SUBMISSION_DONE submission=4/48 status=4 error=none exact=1
G17P_PARTIAL_READY submission=5/48 queue=1/1 input=0x10000018200 input_size=0x10 output0=0x10000058000 output_size=0x10000
G17P_PARTIAL_ACCUM submission=5 index=0 max=1.00010955
G17P_PARTIAL_TARGET submission=5 index=0 exact_pixels=0/16384 changed_bytes=8 first=00000000
G17P_PARTIAL_ACCUM submission=5 index=1 max=2.00021911
G17P_PARTIAL_TARGET submission=5 index=1 exact_pixels=0/16384 changed_bytes=6 first=00000000
G17P_PARTIAL_ACCUM submission=5 index=2 max=2.99960876
G17P_PARTIAL_TARGET submission=5 index=2 exact_pixels=0/16384 changed_bytes=8 first=00000000
G17P_PARTIAL_ACCUM submission=5 index=3 max=4.00043821
G17P_PARTIAL_TARGET submission=5 index=3 exact_pixels=0/16384 changed_bytes=8 first=00000000
G17P_PARTIAL_ACCUM submission=5 index=4 max=5.00015926
G17P_PARTIAL_TARGET submission=5 index=4 exact_pixels=0/16384 changed_bytes=8 first=00000000
G17P_PARTIAL_ACCUM submission=5 index=5 max=5.99921751
G17P_PARTIAL_TARGET submission=5 index=5 exact_pixels=0/16384 changed_bytes=8 first=00000000
G17P_PARTIAL_ACCUM submission=5 index=6 max=6.99996996
G17P_PARTIAL_TARGET submission=5 index=6 exact_pixels=0/16384 changed_bytes=8 first=00000000
G17P_PARTIAL_ACCUM submission=5 index=7 max=8.00087643
G17P_PARTIAL_TARGET submission=5 index=7 exact_pixels=0/16384 changed_bytes=6 first=00000000
G17P_PARTIAL_SUBMISSION_DONE submission=5/48 status=4 error=none exact=1
G17P_PARTIAL_READY submission=6/48 queue=1/1 input=0x10000018200 input_size=0x10 output0=0x10000058000 output_size=0x10000
G17P_PARTIAL_ACCUM submission=6 index=0 max=1.00010955
G17P_PARTIAL_TARGET submission=6 index=0 exact_pixels=0/16384 changed_bytes=8 first=00000000
G17P_PARTIAL_ACCUM submission=6 index=1 max=2.00021911
G17P_PARTIAL_TARGET submission=6 index=1 exact_pixels=0/16384 changed_bytes=6 first=00000000
G17P_PARTIAL_ACCUM submission=6 index=2 max=2.99960876
G17P_PARTIAL_TARGET submission=6 index=2 exact_pixels=0/16384 changed_bytes=8 first=00000000
G17P_PARTIAL_ACCUM submission=6 index=3 max=4.00043821
G17P_PARTIAL_TARGET submission=6 index=3 exact_pixels=0/16384 changed_bytes=8 first=00000000
G17P_PARTIAL_ACCUM submission=6 index=4 max=5.00015926
G17P_PARTIAL_TARGET submission=6 index=4 exact_pixels=0/16384 changed_bytes=8 first=00000000
G17P_PARTIAL_ACCUM submission=6 index=5 max=5.99921751
G17P_PARTIAL_TARGET submission=6 index=5 exact_pixels=0/16384 changed_bytes=8 first=00000000
G17P_PARTIAL_ACCUM submission=6 index=6 max=6.99996996
G17P_PARTIAL_TARGET submission=6 index=6 exact_pixels=0/16384 changed_bytes=8 first=00000000
G17P_PARTIAL_ACCUM submission=6 index=7 max=8.00087643
G17P_PARTIAL_TARGET submission=6 index=7 exact_pixels=0/16384 changed_bytes=6 first=00000000
G17P_PARTIAL_SUBMISSION_DONE submission=6/48 status=4 error=none exact=1
G17P_PARTIAL_READY submission=7/48 queue=1/1 input=0x10000018200 input_size=0x10 output0=0x10000058000 output_size=0x10000
G17P_PARTIAL_ACCUM submission=7 index=0 max=1.00010955
G17P_PARTIAL_TARGET submission=7 index=0 exact_pixels=0/16384 changed_bytes=8 first=00000000
G17P_PARTIAL_ACCUM submission=7 index=1 max=2.00021911
G17P_PARTIAL_TARGET submission=7 index=1 exact_pixels=0/16384 changed_bytes=6 first=00000000
G17P_PARTIAL_ACCUM submission=7 index=2 max=2.99960876
G17P_PARTIAL_TARGET submission=7 index=2 exact_pixels=0/16384 changed_bytes=8 first=00000000
G17P_PARTIAL_ACCUM submission=7 index=3 max=4.00043821
G17P_PARTIAL_TARGET submission=7 index=3 exact_pixels=0/16384 changed_bytes=8 first=00000000
G17P_PARTIAL_ACCUM submission=7 index=4 max=5.00015926
G17P_PARTIAL_TARGET submission=7 index=4 exact_pixels=0/16384 changed_bytes=8 first=00000000
G17P_PARTIAL_ACCUM submission=7 index=5 max=5.99921751
G17P_PARTIAL_TARGET submission=7 index=5 exact_pixels=0/16384 changed_bytes=8 first=00000000
G17P_PARTIAL_ACCUM submission=7 index=6 max=6.99996996
G17P_PARTIAL_TARGET submission=7 index=6 exact_pixels=0/16384 changed_bytes=8 first=00000000
G17P_PARTIAL_ACCUM submission=7 index=7 max=8.00087643
G17P_PARTIAL_TARGET submission=7 index=7 exact_pixels=0/16384 changed_bytes=6 first=00000000
G17P_PARTIAL_SUBMISSION_DONE submission=7/48 status=4 error=none exact=1
G17P_PARTIAL_READY submission=8/48 queue=1/1 input=0x10000018200 input_size=0x10 output0=0x10000058000 output_size=0x10000
G17P_PARTIAL_ACCUM submission=8 index=0 max=1.00010955
G17P_PARTIAL_TARGET submission=8 index=0 exact_pixels=0/16384 changed_bytes=8 first=00000000
G17P_PARTIAL_ACCUM submission=8 index=1 max=2.00021911
G17P_PARTIAL_TARGET submission=8 index=1 exact_pixels=0/16384 changed_bytes=6 first=00000000
G17P_PARTIAL_ACCUM submission=8 index=2 max=2.99960876
G17P_PARTIAL_TARGET submission=8 index=2 exact_pixels=0/16384 changed_bytes=8 first=00000000
G17P_PARTIAL_ACCUM submission=8 index=3 max=4.00043821
G17P_PARTIAL_TARGET submission=8 index=3 exact_pixels=0/16384 changed_bytes=8 first=00000000
G17P_PARTIAL_ACCUM submission=8 index=4 max=5.00015926
G17P_PARTIAL_TARGET submission=8 index=4 exact_pixels=0/16384 changed_bytes=8 first=00000000
G17P_PARTIAL_ACCUM submission=8 index=5 max=5.99921751
G17P_PARTIAL_TARGET submission=8 index=5 exact_pixels=0/16384 changed_bytes=8 first=00000000
G17P_PARTIAL_ACCUM submission=8 index=6 max=6.99996996
G17P_PARTIAL_TARGET submission=8 index=6 exact_pixels=0/16384 changed_bytes=8 first=00000000
G17P_PARTIAL_ACCUM submission=8 index=7 max=8.00087643
G17P_PARTIAL_TARGET submission=8 index=7 exact_pixels=0/16384 changed_bytes=6 first=00000000
G17P_PARTIAL_SUBMISSION_DONE submission=8/48 status=4 error=none exact=1
G17P_PARTIAL_READY submission=9/48 queue=1/1 input=0x10000018200 input_size=0x10 output0=0x10000058000 output_size=0x10000
G17P_PARTIAL_ACCUM submission=9 index=0 max=1.00010955
G17P_PARTIAL_TARGET submission=9 index=0 exact_pixels=0/16384 changed_bytes=8 first=00000000
G17P_PARTIAL_ACCUM submission=9 index=1 max=2.00021911
G17P_PARTIAL_TARGET submission=9 index=1 exact_pixels=0/16384 changed_bytes=6 first=00000000
G17P_PARTIAL_ACCUM submission=9 index=2 max=2.99960876
G17P_PARTIAL_TARGET submission=9 index=2 exact_pixels=0/16384 changed_bytes=8 first=00000000
G17P_PARTIAL_ACCUM submission=9 index=3 max=4.00043821
G17P_PARTIAL_TARGET submission=9 index=3 exact_pixels=0/16384 changed_bytes=8 first=00000000
G17P_PARTIAL_ACCUM submission=9 index=4 max=5.00015926
G17P_PARTIAL_TARGET submission=9 index=4 exact_pixels=0/16384 changed_bytes=8 first=00000000
G17P_PARTIAL_ACCUM submission=9 index=5 max=5.99921751
G17P_PARTIAL_TARGET submission=9 index=5 exact_pixels=0/16384 changed_bytes=8 first=00000000
G17P_PARTIAL_ACCUM submission=9 index=6 max=6.99996996
G17P_PARTIAL_TARGET submission=9 index=6 exact_pixels=0/16384 changed_bytes=8 first=00000000
G17P_PARTIAL_ACCUM submission=9 index=7 max=8.00087643
G17P_PARTIAL_TARGET submission=9 index=7 exact_pixels=0/16384 changed_bytes=6 first=00000000
G17P_PARTIAL_SUBMISSION_DONE submission=9/48 status=4 error=none exact=1
G17P_PARTIAL_READY submission=10/48 queue=1/1 input=0x10000018200 input_size=0x10 output0=0x10000058000 output_size=0x10000
G17P_PARTIAL_ACCUM submission=10 index=0 max=1.00010955
G17P_PARTIAL_TARGET submission=10 index=0 exact_pixels=0/16384 changed_bytes=8 first=00000000
G17P_PARTIAL_ACCUM submission=10 index=1 max=2.00021911
G17P_PARTIAL_TARGET submission=10 index=1 exact_pixels=0/16384 changed_bytes=6 first=00000000
G17P_PARTIAL_ACCUM submission=10 index=2 max=2.99960876
G17P_PARTIAL_TARGET submission=10 index=2 exact_pixels=0/16384 changed_bytes=8 first=00000000
G17P_PARTIAL_ACCUM submission=10 index=3 max=4.00043821
G17P_PARTIAL_TARGET submission=10 index=3 exact_pixels=0/16384 changed_bytes=8 first=00000000
G17P_PARTIAL_ACCUM submission=10 index=4 max=5.00015926
G17P_PARTIAL_TARGET submission=10 index=4 exact_pixels=0/16384 changed_bytes=8 first=00000000
G17P_PARTIAL_ACCUM submission=10 index=5 max=5.99921751
G17P_PARTIAL_TARGET submission=10 index=5 exact_pixels=0/16384 changed_bytes=8 first=00000000
G17P_PARTIAL_ACCUM submission=10 index=6 max=6.99996996
G17P_PARTIAL_TARGET submission=10 index=6 exact_pixels=0/16384 changed_bytes=8 first=00000000
G17P_PARTIAL_ACCUM submission=10 index=7 max=8.00087643
G17P_PARTIAL_TARGET submission=10 index=7 exact_pixels=0/16384 changed_bytes=6 first=00000000
G17P_PARTIAL_SUBMISSION_DONE submission=10/48 status=4 error=none exact=1
G17P_PARTIAL_READY submission=11/48 queue=1/1 input=0x10000018200 input_size=0x10 output0=0x10000058000 output_size=0x10000
G17P_PARTIAL_ACCUM submission=11 index=0 max=1.00010955
G17P_PARTIAL_TARGET submission=11 index=0 exact_pixels=0/16384 changed_bytes=8 first=00000000
G17P_PARTIAL_ACCUM submission=11 index=1 max=2.00021911
G17P_PARTIAL_TARGET submission=11 index=1 exact_pixels=0/16384 changed_bytes=6 first=00000000
G17P_PARTIAL_ACCUM submission=11 index=2 max=2.99960876
G17P_PARTIAL_TARGET submission=11 index=2 exact_pixels=0/16384 changed_bytes=8 first=00000000
G17P_PARTIAL_ACCUM submission=11 index=3 max=4.00043821
G17P_PARTIAL_TARGET submission=11 index=3 exact_pixels=0/16384 changed_bytes=8 first=00000000
G17P_PARTIAL_ACCUM submission=11 index=4 max=5.00015926
G17P_PARTIAL_TARGET submission=11 index=4 exact_pixels=0/16384 changed_bytes=8 first=00000000
G17P_PARTIAL_ACCUM submission=11 index=5 max=5.99921751
G17P_PARTIAL_TARGET submission=11 index=5 exact_pixels=0/16384 changed_bytes=8 first=00000000
G17P_PARTIAL_ACCUM submission=11 index=6 max=6.99996996
G17P_PARTIAL_TARGET submission=11 index=6 exact_pixels=0/16384 changed_bytes=8 first=00000000
G17P_PARTIAL_ACCUM submission=11 index=7 max=8.00087643
G17P_PARTIAL_TARGET submission=11 index=7 exact_pixels=0/16384 changed_bytes=6 first=00000000
G17P_PARTIAL_SUBMISSION_DONE submission=11/48 status=4 error=none exact=1
G17P_PARTIAL_READY submission=12/48 queue=1/1 input=0x10000018200 input_size=0x10 output0=0x10000058000 output_size=0x10000
G17P_PARTIAL_ACCUM submission=12 index=0 max=1.00010955
G17P_PARTIAL_TARGET submission=12 index=0 exact_pixels=0/16384 changed_bytes=8 first=00000000
G17P_PARTIAL_ACCUM submission=12 index=1 max=2.00021911
G17P_PARTIAL_TARGET submission=12 index=1 exact_pixels=0/16384 changed_bytes=6 first=00000000
G17P_PARTIAL_ACCUM submission=12 index=2 max=2.99960876
G17P_PARTIAL_TARGET submission=12 index=2 exact_pixels=0/16384 changed_bytes=8 first=00000000
G17P_PARTIAL_ACCUM submission=12 index=3 max=4.00043821
G17P_PARTIAL_TARGET submission=12 index=3 exact_pixels=0/16384 changed_bytes=8 first=00000000
G17P_PARTIAL_ACCUM submission=12 index=4 max=5.00015926
G17P_PARTIAL_TARGET submission=12 index=4 exact_pixels=0/16384 changed_bytes=8 first=00000000
G17P_PARTIAL_ACCUM submission=12 index=5 max=5.99921751
G17P_PARTIAL_TARGET submission=12 index=5 exact_pixels=0/16384 changed_bytes=8 first=00000000
G17P_PARTIAL_ACCUM submission=12 index=6 max=6.99996996
G17P_PARTIAL_TARGET submission=12 index=6 exact_pixels=0/16384 changed_bytes=8 first=00000000
G17P_PARTIAL_ACCUM submission=12 index=7 max=8.00087643
G17P_PARTIAL_TARGET submission=12 index=7 exact_pixels=0/16384 changed_bytes=6 first=00000000
G17P_PARTIAL_SUBMISSION_DONE submission=12/48 status=4 error=none exact=1
G17P_PARTIAL_READY submission=13/48 queue=1/1 input=0x10000018200 input_size=0x10 output0=0x10000058000 output_size=0x10000
G17P_PARTIAL_ACCUM submission=13 index=0 max=1.00010955
G17P_PARTIAL_TARGET submission=13 index=0 exact_pixels=0/16384 changed_bytes=8 first=00000000
G17P_PARTIAL_ACCUM submission=13 index=1 max=2.00021911
G17P_PARTIAL_TARGET submission=13 index=1 exact_pixels=0/16384 changed_bytes=6 first=00000000
G17P_PARTIAL_ACCUM submission=13 index=2 max=2.99960876
G17P_PARTIAL_TARGET submission=13 index=2 exact_pixels=0/16384 changed_bytes=8 first=00000000
G17P_PARTIAL_ACCUM submission=13 index=3 max=4.00043821
G17P_PARTIAL_TARGET submission=13 index=3 exact_pixels=0/16384 changed_bytes=8 first=00000000
G17P_PARTIAL_ACCUM submission=13 index=4 max=5.00015926
G17P_PARTIAL_TARGET submission=13 index=4 exact_pixels=0/16384 changed_bytes=8 first=00000000
G17P_PARTIAL_ACCUM submission=13 index=5 max=5.99921751
G17P_PARTIAL_TARGET submission=13 index=5 exact_pixels=0/16384 changed_bytes=8 first=00000000
G17P_PARTIAL_ACCUM submission=13 index=6 max=6.99996996
G17P_PARTIAL_TARGET submission=13 index=6 exact_pixels=0/16384 changed_bytes=8 first=00000000
G17P_PARTIAL_ACCUM submission=13 index=7 max=8.00087643
G17P_PARTIAL_TARGET submission=13 index=7 exact_pixels=0/16384 changed_bytes=6 first=00000000
G17P_PARTIAL_SUBMISSION_DONE submission=13/48 status=4 error=none exact=1
G17P_PARTIAL_READY submission=14/48 queue=1/1 input=0x10000018200 input_size=0x10 output0=0x10000058000 output_size=0x10000
G17P_PARTIAL_ACCUM submission=14 index=0 max=1.00010955
G17P_PARTIAL_TARGET submission=14 index=0 exact_pixels=0/16384 changed_bytes=8 first=00000000
G17P_PARTIAL_ACCUM submission=14 index=1 max=2.00021911
G17P_PARTIAL_TARGET submission=14 index=1 exact_pixels=0/16384 changed_bytes=6 first=00000000
G17P_PARTIAL_ACCUM submission=14 index=2 max=2.99960876
G17P_PARTIAL_TARGET submission=14 index=2 exact_pixels=0/16384 changed_bytes=8 first=00000000
G17P_PARTIAL_ACCUM submission=14 index=3 max=4.00043821
G17P_PARTIAL_TARGET submission=14 index=3 exact_pixels=0/16384 changed_bytes=8 first=00000000
G17P_PARTIAL_ACCUM submission=14 index=4 max=5.00015926
G17P_PARTIAL_TARGET submission=14 index=4 exact_pixels=0/16384 changed_bytes=8 first=00000000
G17P_PARTIAL_ACCUM submission=14 index=5 max=5.99921751
G17P_PARTIAL_TARGET submission=14 index=5 exact_pixels=0/16384 changed_bytes=8 first=00000000
G17P_PARTIAL_ACCUM submission=14 index=6 max=6.99996996
G17P_PARTIAL_TARGET submission=14 index=6 exact_pixels=0/16384 changed_bytes=8 first=00000000
G17P_PARTIAL_ACCUM submission=14 index=7 max=8.00087643
G17P_PARTIAL_TARGET submission=14 index=7 exact_pixels=0/16384 changed_bytes=6 first=00000000
G17P_PARTIAL_SUBMISSION_DONE submission=14/48 status=4 error=none exact=1
G17P_PARTIAL_READY submission=15/48 queue=1/1 input=0x10000018200 input_size=0x10 output0=0x10000058000 output_size=0x10000
G17P_PARTIAL_ACCUM submission=15 index=0 max=1.00010955
G17P_PARTIAL_TARGET submission=15 index=0 exact_pixels=0/16384 changed_bytes=8 first=00000000
G17P_PARTIAL_ACCUM submission=15 index=1 max=2.00021911
G17P_PARTIAL_TARGET submission=15 index=1 exact_pixels=0/16384 changed_bytes=6 first=00000000
G17P_PARTIAL_ACCUM submission=15 index=2 max=2.99960876
G17P_PARTIAL_TARGET submission=15 index=2 exact_pixels=0/16384 changed_bytes=8 first=00000000
G17P_PARTIAL_ACCUM submission=15 index=3 max=4.00043821
G17P_PARTIAL_TARGET submission=15 index=3 exact_pixels=0/16384 changed_bytes=8 first=00000000
G17P_PARTIAL_ACCUM submission=15 index=4 max=5.00015926
G17P_PARTIAL_TARGET submission=15 index=4 exact_pixels=0/16384 changed_bytes=8 first=00000000
G17P_PARTIAL_ACCUM submission=15 index=5 max=5.99921751
G17P_PARTIAL_TARGET submission=15 index=5 exact_pixels=0/16384 changed_bytes=8 first=00000000
G17P_PARTIAL_ACCUM submission=15 index=6 max=6.99996996
G17P_PARTIAL_TARGET submission=15 index=6 exact_pixels=0/16384 changed_bytes=8 first=00000000
G17P_PARTIAL_ACCUM submission=15 index=7 max=8.00087643
G17P_PARTIAL_TARGET submission=15 index=7 exact_pixels=0/16384 changed_bytes=6 first=00000000
G17P_PARTIAL_SUBMISSION_DONE submission=15/48 status=4 error=none exact=1
G17P_PARTIAL_READY submission=16/48 queue=1/1 input=0x10000018200 input_size=0x10 output0=0x10000058000 output_size=0x10000
G17P_PARTIAL_ACCUM submission=16 index=0 max=1.00010955
G17P_PARTIAL_TARGET submission=16 index=0 exact_pixels=0/16384 changed_bytes=8 first=00000000
G17P_PARTIAL_ACCUM submission=16 index=1 max=2.00021911
G17P_PARTIAL_TARGET submission=16 index=1 exact_pixels=0/16384 changed_bytes=6 first=00000000
G17P_PARTIAL_ACCUM submission=16 index=2 max=2.99960876
G17P_PARTIAL_TARGET submission=16 index=2 exact_pixels=0/16384 changed_bytes=8 first=00000000
G17P_PARTIAL_ACCUM submission=16 index=3 max=4.00043821
G17P_PARTIAL_TARGET submission=16 index=3 exact_pixels=0/16384 changed_bytes=8 first=00000000
G17P_PARTIAL_ACCUM submission=16 index=4 max=5.00015926
G17P_PARTIAL_TARGET submission=16 index=4 exact_pixels=0/16384 changed_bytes=8 first=00000000
G17P_PARTIAL_ACCUM submission=16 index=5 max=5.99921751
G17P_PARTIAL_TARGET submission=16 index=5 exact_pixels=0/16384 changed_bytes=8 first=00000000
G17P_PARTIAL_ACCUM submission=16 index=6 max=6.99996996
G17P_PARTIAL_TARGET submission=16 index=6 exact_pixels=0/16384 changed_bytes=8 first=00000000
G17P_PARTIAL_ACCUM submission=16 index=7 max=8.00087643
G17P_PARTIAL_TARGET submission=16 index=7 exact_pixels=0/16384 changed_bytes=6 first=00000000
G17P_PARTIAL_SUBMISSION_DONE submission=16/48 status=4 error=none exact=1
G17P_PARTIAL_READY submission=17/48 queue=1/1 input=0x10000018200 input_size=0x10 output0=0x10000058000 output_size=0x10000
G17P_PARTIAL_ACCUM submission=17 index=0 max=1.00010955
G17P_PARTIAL_TARGET submission=17 index=0 exact_pixels=0/16384 changed_bytes=8 first=00000000
G17P_PARTIAL_ACCUM submission=17 index=1 max=2.00021911
G17P_PARTIAL_TARGET submission=17 index=1 exact_pixels=0/16384 changed_bytes=6 first=00000000
G17P_PARTIAL_ACCUM submission=17 index=2 max=2.99960876
G17P_PARTIAL_TARGET submission=17 index=2 exact_pixels=0/16384 changed_bytes=8 first=00000000
G17P_PARTIAL_ACCUM submission=17 index=3 max=4.00043821
G17P_PARTIAL_TARGET submission=17 index=3 exact_pixels=0/16384 changed_bytes=8 first=00000000
G17P_PARTIAL_ACCUM submission=17 index=4 max=5.00015926
G17P_PARTIAL_TARGET submission=17 index=4 exact_pixels=0/16384 changed_bytes=8 first=00000000
G17P_PARTIAL_ACCUM submission=17 index=5 max=5.99921751
G17P_PARTIAL_TARGET submission=17 index=5 exact_pixels=0/16384 changed_bytes=8 first=00000000
G17P_PARTIAL_ACCUM submission=17 index=6 max=6.99996996
G17P_PARTIAL_TARGET submission=17 index=6 exact_pixels=0/16384 changed_bytes=8 first=00000000
G17P_PARTIAL_ACCUM submission=17 index=7 max=8.00087643
G17P_PARTIAL_TARGET submission=17 index=7 exact_pixels=0/16384 changed_bytes=6 first=00000000
G17P_PARTIAL_SUBMISSION_DONE submission=17/48 status=4 error=none exact=1
G17P_PARTIAL_READY submission=18/48 queue=1/1 input=0x10000018200 input_size=0x10 output0=0x10000058000 output_size=0x10000
G17P_PARTIAL_ACCUM submission=18 index=0 max=1.00010955
G17P_PARTIAL_TARGET submission=18 index=0 exact_pixels=0/16384 changed_bytes=8 first=00000000
G17P_PARTIAL_ACCUM submission=18 index=1 max=2.00021911
G17P_PARTIAL_TARGET submission=18 index=1 exact_pixels=0/16384 changed_bytes=6 first=00000000
G17P_PARTIAL_ACCUM submission=18 index=2 max=2.99960876
G17P_PARTIAL_TARGET submission=18 index=2 exact_pixels=0/16384 changed_bytes=8 first=00000000
G17P_PARTIAL_ACCUM submission=18 index=3 max=4.00043821
G17P_PARTIAL_TARGET submission=18 index=3 exact_pixels=0/16384 changed_bytes=8 first=00000000
G17P_PARTIAL_ACCUM submission=18 index=4 max=5.00015926
G17P_PARTIAL_TARGET submission=18 index=4 exact_pixels=0/16384 changed_bytes=8 first=00000000
G17P_PARTIAL_ACCUM submission=18 index=5 max=5.99921751
G17P_PARTIAL_TARGET submission=18 index=5 exact_pixels=0/16384 changed_bytes=8 first=00000000
G17P_PARTIAL_ACCUM submission=18 index=6 max=6.99996996
G17P_PARTIAL_TARGET submission=18 index=6 exact_pixels=0/16384 changed_bytes=8 first=00000000
G17P_PARTIAL_ACCUM submission=18 index=7 max=8.00087643
G17P_PARTIAL_TARGET submission=18 index=7 exact_pixels=0/16384 changed_bytes=6 first=00000000
G17P_PARTIAL_SUBMISSION_DONE submission=18/48 status=4 error=none exact=1
G17P_PARTIAL_READY submission=19/48 queue=1/1 input=0x10000018200 input_size=0x10 output0=0x10000058000 output_size=0x10000
G17P_PARTIAL_ACCUM submission=19 index=0 max=1.00010955
G17P_PARTIAL_TARGET submission=19 index=0 exact_pixels=0/16384 changed_bytes=8 first=00000000
G17P_PARTIAL_ACCUM submission=19 index=1 max=2.00021911
G17P_PARTIAL_TARGET submission=19 index=1 exact_pixels=0/16384 changed_bytes=6 first=00000000
G17P_PARTIAL_ACCUM submission=19 index=2 max=2.99960876
G17P_PARTIAL_TARGET submission=19 index=2 exact_pixels=0/16384 changed_bytes=8 first=00000000
G17P_PARTIAL_ACCUM submission=19 index=3 max=4.00043821
G17P_PARTIAL_TARGET submission=19 index=3 exact_pixels=0/16384 changed_bytes=8 first=00000000
G17P_PARTIAL_ACCUM submission=19 index=4 max=5.00015926
G17P_PARTIAL_TARGET submission=19 index=4 exact_pixels=0/16384 changed_bytes=8 first=00000000
G17P_PARTIAL_ACCUM submission=19 index=5 max=5.99921751
G17P_PARTIAL_TARGET submission=19 index=5 exact_pixels=0/16384 changed_bytes=8 first=00000000
G17P_PARTIAL_ACCUM submission=19 index=6 max=6.99996996
G17P_PARTIAL_TARGET submission=19 index=6 exact_pixels=0/16384 changed_bytes=8 first=00000000
G17P_PARTIAL_ACCUM submission=19 index=7 max=8.00087643
G17P_PARTIAL_TARGET submission=19 index=7 exact_pixels=0/16384 changed_bytes=6 first=00000000
G17P_PARTIAL_SUBMISSION_DONE submission=19/48 status=4 error=none exact=1
G17P_PARTIAL_READY submission=20/48 queue=1/1 input=0x10000018200 input_size=0x10 output0=0x10000058000 output_size=0x10000
G17P_PARTIAL_ACCUM submission=20 index=0 max=1.00010955
G17P_PARTIAL_TARGET submission=20 index=0 exact_pixels=0/16384 changed_bytes=8 first=00000000
G17P_PARTIAL_ACCUM submission=20 index=1 max=2.00021911
G17P_PARTIAL_TARGET submission=20 index=1 exact_pixels=0/16384 changed_bytes=6 first=00000000
G17P_PARTIAL_ACCUM submission=20 index=2 max=2.99960876
G17P_PARTIAL_TARGET submission=20 index=2 exact_pixels=0/16384 changed_bytes=8 first=00000000
G17P_PARTIAL_ACCUM submission=20 index=3 max=4.00043821
G17P_PARTIAL_TARGET submission=20 index=3 exact_pixels=0/16384 changed_bytes=8 first=00000000
G17P_PARTIAL_ACCUM submission=20 index=4 max=5.00015926
G17P_PARTIAL_TARGET submission=20 index=4 exact_pixels=0/16384 changed_bytes=8 first=00000000
G17P_PARTIAL_ACCUM submission=20 index=5 max=5.99921751
G17P_PARTIAL_TARGET submission=20 index=5 exact_pixels=0/16384 changed_bytes=8 first=00000000
G17P_PARTIAL_ACCUM submission=20 index=6 max=6.99996996
G17P_PARTIAL_TARGET submission=20 index=6 exact_pixels=0/16384 changed_bytes=8 first=00000000
G17P_PARTIAL_ACCUM submission=20 index=7 max=8.00087643
G17P_PARTIAL_TARGET submission=20 index=7 exact_pixels=0/16384 changed_bytes=6 first=00000000
G17P_PARTIAL_SUBMISSION_DONE submission=20/48 status=4 error=none exact=1
G17P_PARTIAL_READY submission=21/48 queue=1/1 input=0x10000018200 input_size=0x10 output0=0x10000058000 output_size=0x10000
G17P_PARTIAL_ACCUM submission=21 index=0 max=1.00010955
G17P_PARTIAL_TARGET submission=21 index=0 exact_pixels=0/16384 changed_bytes=8 first=00000000
G17P_PARTIAL_ACCUM submission=21 index=1 max=2.00021911
G17P_PARTIAL_TARGET submission=21 index=1 exact_pixels=0/16384 changed_bytes=6 first=00000000
G17P_PARTIAL_ACCUM submission=21 index=2 max=2.99960876
G17P_PARTIAL_TARGET submission=21 index=2 exact_pixels=0/16384 changed_bytes=8 first=00000000
G17P_PARTIAL_ACCUM submission=21 index=3 max=4.00043821
G17P_PARTIAL_TARGET submission=21 index=3 exact_pixels=0/16384 changed_bytes=8 first=00000000
G17P_PARTIAL_ACCUM submission=21 index=4 max=5.00015926
G17P_PARTIAL_TARGET submission=21 index=4 exact_pixels=0/16384 changed_bytes=8 first=00000000
G17P_PARTIAL_ACCUM submission=21 index=5 max=5.99921751
G17P_PARTIAL_TARGET submission=21 index=5 exact_pixels=0/16384 changed_bytes=8 first=00000000
G17P_PARTIAL_ACCUM submission=21 index=6 max=6.99996996
G17P_PARTIAL_TARGET submission=21 index=6 exact_pixels=0/16384 changed_bytes=8 first=00000000
G17P_PARTIAL_ACCUM submission=21 index=7 max=8.00087643
G17P_PARTIAL_TARGET submission=21 index=7 exact_pixels=0/16384 changed_bytes=6 first=00000000
G17P_PARTIAL_SUBMISSION_DONE submission=21/48 status=4 error=none exact=1
G17P_PARTIAL_READY submission=22/48 queue=1/1 input=0x10000018200 input_size=0x10 output0=0x10000058000 output_size=0x10000
G17P_PARTIAL_ACCUM submission=22 index=0 max=1.00010955
G17P_PARTIAL_TARGET submission=22 index=0 exact_pixels=0/16384 changed_bytes=8 first=00000000
G17P_PARTIAL_ACCUM submission=22 index=1 max=2.00021911
G17P_PARTIAL_TARGET submission=22 index=1 exact_pixels=0/16384 changed_bytes=6 first=00000000
G17P_PARTIAL_ACCUM submission=22 index=2 max=2.99960876
G17P_PARTIAL_TARGET submission=22 index=2 exact_pixels=0/16384 changed_bytes=8 first=00000000
G17P_PARTIAL_ACCUM submission=22 index=3 max=4.00043821
G17P_PARTIAL_TARGET submission=22 index=3 exact_pixels=0/16384 changed_bytes=8 first=00000000
G17P_PARTIAL_ACCUM submission=22 index=4 max=5.00015926
G17P_PARTIAL_TARGET submission=22 index=4 exact_pixels=0/16384 changed_bytes=8 first=00000000
G17P_PARTIAL_ACCUM submission=22 index=5 max=5.99921751
G17P_PARTIAL_TARGET submission=22 index=5 exact_pixels=0/16384 changed_bytes=8 first=00000000
G17P_PARTIAL_ACCUM submission=22 index=6 max=6.99996996
G17P_PARTIAL_TARGET submission=22 index=6 exact_pixels=0/16384 changed_bytes=8 first=00000000
G17P_PARTIAL_ACCUM submission=22 index=7 max=8.00087643
G17P_PARTIAL_TARGET submission=22 index=7 exact_pixels=0/16384 changed_bytes=6 first=00000000
G17P_PARTIAL_SUBMISSION_DONE submission=22/48 status=4 error=none exact=1
G17P_PARTIAL_READY submission=23/48 queue=1/1 input=0x10000018200 input_size=0x10 output0=0x10000058000 output_size=0x10000
G17P_PARTIAL_ACCUM submission=23 index=0 max=1.00010955
G17P_PARTIAL_TARGET submission=23 index=0 exact_pixels=0/16384 changed_bytes=8 first=00000000
G17P_PARTIAL_ACCUM submission=23 index=1 max=2.00021911
G17P_PARTIAL_TARGET submission=23 index=1 exact_pixels=0/16384 changed_bytes=6 first=00000000
G17P_PARTIAL_ACCUM submission=23 index=2 max=2.99960876
G17P_PARTIAL_TARGET submission=23 index=2 exact_pixels=0/16384 changed_bytes=8 first=00000000
G17P_PARTIAL_ACCUM submission=23 index=3 max=4.00043821
G17P_PARTIAL_TARGET submission=23 index=3 exact_pixels=0/16384 changed_bytes=8 first=00000000
G17P_PARTIAL_ACCUM submission=23 index=4 max=5.00015926
G17P_PARTIAL_TARGET submission=23 index=4 exact_pixels=0/16384 changed_bytes=8 first=00000000
G17P_PARTIAL_ACCUM submission=23 index=5 max=5.99921751
G17P_PARTIAL_TARGET submission=23 index=5 exact_pixels=0/16384 changed_bytes=8 first=00000000
G17P_PARTIAL_ACCUM submission=23 index=6 max=6.99996996
G17P_PARTIAL_TARGET submission=23 index=6 exact_pixels=0/16384 changed_bytes=8 first=00000000
G17P_PARTIAL_ACCUM submission=23 index=7 max=8.00087643
G17P_PARTIAL_TARGET submission=23 index=7 exact_pixels=0/16384 changed_bytes=6 first=00000000
G17P_PARTIAL_SUBMISSION_DONE submission=23/48 status=4 error=none exact=1
G17P_PARTIAL_READY submission=24/48 queue=1/1 input=0x10000018200 input_size=0x10 output0=0x10000058000 output_size=0x10000
G17P_PARTIAL_ACCUM submission=24 index=0 max=1.00010955
G17P_PARTIAL_TARGET submission=24 index=0 exact_pixels=0/16384 changed_bytes=8 first=00000000
G17P_PARTIAL_ACCUM submission=24 index=1 max=2.00021911
G17P_PARTIAL_TARGET submission=24 index=1 exact_pixels=0/16384 changed_bytes=6 first=00000000
G17P_PARTIAL_ACCUM submission=24 index=2 max=2.99960876
G17P_PARTIAL_TARGET submission=24 index=2 exact_pixels=0/16384 changed_bytes=8 first=00000000
G17P_PARTIAL_ACCUM submission=24 index=3 max=4.00043821
G17P_PARTIAL_TARGET submission=24 index=3 exact_pixels=0/16384 changed_bytes=8 first=00000000
G17P_PARTIAL_ACCUM submission=24 index=4 max=5.00015926
G17P_PARTIAL_TARGET submission=24 index=4 exact_pixels=0/16384 changed_bytes=8 first=00000000
G17P_PARTIAL_ACCUM submission=24 index=5 max=5.99921751
G17P_PARTIAL_TARGET submission=24 index=5 exact_pixels=0/16384 changed_bytes=8 first=00000000
G17P_PARTIAL_ACCUM submission=24 index=6 max=6.99996996
G17P_PARTIAL_TARGET submission=24 index=6 exact_pixels=0/16384 changed_bytes=8 first=00000000
G17P_PARTIAL_ACCUM submission=24 index=7 max=8.00087643
G17P_PARTIAL_TARGET submission=24 index=7 exact_pixels=0/16384 changed_bytes=6 first=00000000
G17P_PARTIAL_SUBMISSION_DONE submission=24/48 status=4 error=none exact=1
G17P_PARTIAL_READY submission=25/48 queue=1/1 input=0x10000018200 input_size=0x10 output0=0x10000058000 output_size=0x10000
G17P_PARTIAL_ACCUM submission=25 index=0 max=1.00010955
G17P_PARTIAL_TARGET submission=25 index=0 exact_pixels=0/16384 changed_bytes=8 first=00000000
G17P_PARTIAL_ACCUM submission=25 index=1 max=2.00021911
G17P_PARTIAL_TARGET submission=25 index=1 exact_pixels=0/16384 changed_bytes=6 first=00000000
G17P_PARTIAL_ACCUM submission=25 index=2 max=2.99960876
G17P_PARTIAL_TARGET submission=25 index=2 exact_pixels=0/16384 changed_bytes=8 first=00000000
G17P_PARTIAL_ACCUM submission=25 index=3 max=4.00043821
G17P_PARTIAL_TARGET submission=25 index=3 exact_pixels=0/16384 changed_bytes=8 first=00000000
G17P_PARTIAL_ACCUM submission=25 index=4 max=5.00015926
G17P_PARTIAL_TARGET submission=25 index=4 exact_pixels=0/16384 changed_bytes=8 first=00000000
G17P_PARTIAL_ACCUM submission=25 index=5 max=5.99921751
G17P_PARTIAL_TARGET submission=25 index=5 exact_pixels=0/16384 changed_bytes=8 first=00000000
G17P_PARTIAL_ACCUM submission=25 index=6 max=6.99996996
G17P_PARTIAL_TARGET submission=25 index=6 exact_pixels=0/16384 changed_bytes=8 first=00000000
G17P_PARTIAL_ACCUM submission=25 index=7 max=8.00087643
G17P_PARTIAL_TARGET submission=25 index=7 exact_pixels=0/16384 changed_bytes=6 first=00000000
G17P_PARTIAL_SUBMISSION_DONE submission=25/48 status=4 error=none exact=1
G17P_PARTIAL_READY submission=26/48 queue=1/1 input=0x10000018200 input_size=0x10 output0=0x10000058000 output_size=0x10000
G17P_PARTIAL_ACCUM submission=26 index=0 max=1.00010955
G17P_PARTIAL_TARGET submission=26 index=0 exact_pixels=0/16384 changed_bytes=8 first=00000000
G17P_PARTIAL_ACCUM submission=26 index=1 max=2.00021911
G17P_PARTIAL_TARGET submission=26 index=1 exact_pixels=0/16384 changed_bytes=6 first=00000000
G17P_PARTIAL_ACCUM submission=26 index=2 max=2.99960876
G17P_PARTIAL_TARGET submission=26 index=2 exact_pixels=0/16384 changed_bytes=8 first=00000000
G17P_PARTIAL_ACCUM submission=26 index=3 max=4.00043821
G17P_PARTIAL_TARGET submission=26 index=3 exact_pixels=0/16384 changed_bytes=8 first=00000000
G17P_PARTIAL_ACCUM submission=26 index=4 max=5.00015926
G17P_PARTIAL_TARGET submission=26 index=4 exact_pixels=0/16384 changed_bytes=8 first=00000000
G17P_PARTIAL_ACCUM submission=26 index=5 max=5.99921751
G17P_PARTIAL_TARGET submission=26 index=5 exact_pixels=0/16384 changed_bytes=8 first=00000000
G17P_PARTIAL_ACCUM submission=26 index=6 max=6.99996996
G17P_PARTIAL_TARGET submission=26 index=6 exact_pixels=0/16384 changed_bytes=8 first=00000000
G17P_PARTIAL_ACCUM submission=26 index=7 max=8.00087643
G17P_PARTIAL_TARGET submission=26 index=7 exact_pixels=0/16384 changed_bytes=6 first=00000000
G17P_PARTIAL_SUBMISSION_DONE submission=26/48 status=4 error=none exact=1
G17P_PARTIAL_READY submission=27/48 queue=1/1 input=0x10000018200 input_size=0x10 output0=0x10000058000 output_size=0x10000
G17P_PARTIAL_ACCUM submission=27 index=0 max=1.00010955
G17P_PARTIAL_TARGET submission=27 index=0 exact_pixels=0/16384 changed_bytes=8 first=00000000
G17P_PARTIAL_ACCUM submission=27 index=1 max=2.00021911
G17P_PARTIAL_TARGET submission=27 index=1 exact_pixels=0/16384 changed_bytes=6 first=00000000
G17P_PARTIAL_ACCUM submission=27 index=2 max=2.99960876
G17P_PARTIAL_TARGET submission=27 index=2 exact_pixels=0/16384 changed_bytes=8 first=00000000
G17P_PARTIAL_ACCUM submission=27 index=3 max=4.00043821
G17P_PARTIAL_TARGET submission=27 index=3 exact_pixels=0/16384 changed_bytes=8 first=00000000
G17P_PARTIAL_ACCUM submission=27 index=4 max=5.00015926
G17P_PARTIAL_TARGET submission=27 index=4 exact_pixels=0/16384 changed_bytes=8 first=00000000
G17P_PARTIAL_ACCUM submission=27 index=5 max=5.99921751
G17P_PARTIAL_TARGET submission=27 index=5 exact_pixels=0/16384 changed_bytes=8 first=00000000
G17P_PARTIAL_ACCUM submission=27 index=6 max=6.99996996
G17P_PARTIAL_TARGET submission=27 index=6 exact_pixels=0/16384 changed_bytes=8 first=00000000
G17P_PARTIAL_ACCUM submission=27 index=7 max=8.00087643
G17P_PARTIAL_TARGET submission=27 index=7 exact_pixels=0/16384 changed_bytes=6 first=00000000
G17P_PARTIAL_SUBMISSION_DONE submission=27/48 status=4 error=none exact=1
G17P_PARTIAL_READY submission=28/48 queue=1/1 input=0x10000018200 input_size=0x10 output0=0x10000058000 output_size=0x10000
G17P_PARTIAL_ACCUM submission=28 index=0 max=1.00010955
G17P_PARTIAL_TARGET submission=28 index=0 exact_pixels=0/16384 changed_bytes=8 first=00000000
G17P_PARTIAL_ACCUM submission=28 index=1 max=2.00021911
G17P_PARTIAL_TARGET submission=28 index=1 exact_pixels=0/16384 changed_bytes=6 first=00000000
G17P_PARTIAL_ACCUM submission=28 index=2 max=2.99960876
G17P_PARTIAL_TARGET submission=28 index=2 exact_pixels=0/16384 changed_bytes=8 first=00000000
G17P_PARTIAL_ACCUM submission=28 index=3 max=4.00043821
G17P_PARTIAL_TARGET submission=28 index=3 exact_pixels=0/16384 changed_bytes=8 first=00000000
G17P_PARTIAL_ACCUM submission=28 index=4 max=5.00015926
G17P_PARTIAL_TARGET submission=28 index=4 exact_pixels=0/16384 changed_bytes=8 first=00000000
G17P_PARTIAL_ACCUM submission=28 index=5 max=5.99921751
G17P_PARTIAL_TARGET submission=28 index=5 exact_pixels=0/16384 changed_bytes=8 first=00000000
G17P_PARTIAL_ACCUM submission=28 index=6 max=6.99996996
G17P_PARTIAL_TARGET submission=28 index=6 exact_pixels=0/16384 changed_bytes=8 first=00000000
G17P_PARTIAL_ACCUM submission=28 index=7 max=8.00087643
G17P_PARTIAL_TARGET submission=28 index=7 exact_pixels=0/16384 changed_bytes=6 first=00000000
G17P_PARTIAL_SUBMISSION_DONE submission=28/48 status=4 error=none exact=1
G17P_PARTIAL_READY submission=29/48 queue=1/1 input=0x10000018200 input_size=0x10 output0=0x10000058000 output_size=0x10000
G17P_PARTIAL_ACCUM submission=29 index=0 max=1.00010955
G17P_PARTIAL_TARGET submission=29 index=0 exact_pixels=0/16384 changed_bytes=8 first=00000000
G17P_PARTIAL_ACCUM submission=29 index=1 max=2.00021911
G17P_PARTIAL_TARGET submission=29 index=1 exact_pixels=0/16384 changed_bytes=6 first=00000000
G17P_PARTIAL_ACCUM submission=29 index=2 max=2.99960876
G17P_PARTIAL_TARGET submission=29 index=2 exact_pixels=0/16384 changed_bytes=8 first=00000000
G17P_PARTIAL_ACCUM submission=29 index=3 max=4.00043821
G17P_PARTIAL_TARGET submission=29 index=3 exact_pixels=0/16384 changed_bytes=8 first=00000000
G17P_PARTIAL_ACCUM submission=29 index=4 max=5.00015926
G17P_PARTIAL_TARGET submission=29 index=4 exact_pixels=0/16384 changed_bytes=8 first=00000000
G17P_PARTIAL_ACCUM submission=29 index=5 max=5.99921751
G17P_PARTIAL_TARGET submission=29 index=5 exact_pixels=0/16384 changed_bytes=8 first=00000000
G17P_PARTIAL_ACCUM submission=29 index=6 max=6.99996996
G17P_PARTIAL_TARGET submission=29 index=6 exact_pixels=0/16384 changed_bytes=8 first=00000000
G17P_PARTIAL_ACCUM submission=29 index=7 max=8.00087643
G17P_PARTIAL_TARGET submission=29 index=7 exact_pixels=0/16384 changed_bytes=6 first=00000000
G17P_PARTIAL_SUBMISSION_DONE submission=29/48 status=4 error=none exact=1
G17P_PARTIAL_READY submission=30/48 queue=1/1 input=0x10000018200 input_size=0x10 output0=0x10000058000 output_size=0x10000
G17P_PARTIAL_ACCUM submission=30 index=0 max=1.00010955
G17P_PARTIAL_TARGET submission=30 index=0 exact_pixels=0/16384 changed_bytes=8 first=00000000
G17P_PARTIAL_ACCUM submission=30 index=1 max=2.00021911
G17P_PARTIAL_TARGET submission=30 index=1 exact_pixels=0/16384 changed_bytes=6 first=00000000
G17P_PARTIAL_ACCUM submission=30 index=2 max=2.99960876
G17P_PARTIAL_TARGET submission=30 index=2 exact_pixels=0/16384 changed_bytes=8 first=00000000
G17P_PARTIAL_ACCUM submission=30 index=3 max=4.00043821
G17P_PARTIAL_TARGET submission=30 index=3 exact_pixels=0/16384 changed_bytes=8 first=00000000
G17P_PARTIAL_ACCUM submission=30 index=4 max=5.00015926
G17P_PARTIAL_TARGET submission=30 index=4 exact_pixels=0/16384 changed_bytes=8 first=00000000
G17P_PARTIAL_ACCUM submission=30 index=5 max=5.99921751
G17P_PARTIAL_TARGET submission=30 index=5 exact_pixels=0/16384 changed_bytes=8 first=00000000
G17P_PARTIAL_ACCUM submission=30 index=6 max=6.99996996
G17P_PARTIAL_TARGET submission=30 index=6 exact_pixels=0/16384 changed_bytes=8 first=00000000
G17P_PARTIAL_ACCUM submission=30 index=7 max=8.00087643
G17P_PARTIAL_TARGET submission=30 index=7 exact_pixels=0/16384 changed_bytes=6 first=00000000
G17P_PARTIAL_SUBMISSION_DONE submission=30/48 status=4 error=none exact=1
G17P_PARTIAL_READY submission=31/48 queue=1/1 input=0x10000018200 input_size=0x10 output0=0x10000058000 output_size=0x10000
G17P_PARTIAL_ACCUM submission=31 index=0 max=1.00010955
G17P_PARTIAL_TARGET submission=31 index=0 exact_pixels=0/16384 changed_bytes=8 first=00000000
G17P_PARTIAL_ACCUM submission=31 index=1 max=2.00021911
G17P_PARTIAL_TARGET submission=31 index=1 exact_pixels=0/16384 changed_bytes=6 first=00000000
G17P_PARTIAL_ACCUM submission=31 index=2 max=2.99960876
G17P_PARTIAL_TARGET submission=31 index=2 exact_pixels=0/16384 changed_bytes=8 first=00000000
G17P_PARTIAL_ACCUM submission=31 index=3 max=4.00043821
G17P_PARTIAL_TARGET submission=31 index=3 exact_pixels=0/16384 changed_bytes=8 first=00000000
G17P_PARTIAL_ACCUM submission=31 index=4 max=5.00015926
G17P_PARTIAL_TARGET submission=31 index=4 exact_pixels=0/16384 changed_bytes=8 first=00000000
G17P_PARTIAL_ACCUM submission=31 index=5 max=5.99921751
G17P_PARTIAL_TARGET submission=31 index=5 exact_pixels=0/16384 changed_bytes=8 first=00000000
G17P_PARTIAL_ACCUM submission=31 index=6 max=6.99996996
G17P_PARTIAL_TARGET submission=31 index=6 exact_pixels=0/16384 changed_bytes=8 first=00000000
G17P_PARTIAL_ACCUM submission=31 index=7 max=8.00087643
G17P_PARTIAL_TARGET submission=31 index=7 exact_pixels=0/16384 changed_bytes=6 first=00000000
G17P_PARTIAL_SUBMISSION_DONE submission=31/48 status=4 error=none exact=1
G17P_PARTIAL_READY submission=32/48 queue=1/1 input=0x10000018200 input_size=0x10 output0=0x10000058000 output_size=0x10000
G17P_PARTIAL_ACCUM submission=32 index=0 max=1.00010955
G17P_PARTIAL_TARGET submission=32 index=0 exact_pixels=0/16384 changed_bytes=8 first=00000000
G17P_PARTIAL_ACCUM submission=32 index=1 max=2.00021911
G17P_PARTIAL_TARGET submission=32 index=1 exact_pixels=0/16384 changed_bytes=6 first=00000000
G17P_PARTIAL_ACCUM submission=32 index=2 max=2.99960876
G17P_PARTIAL_TARGET submission=32 index=2 exact_pixels=0/16384 changed_bytes=8 first=00000000
G17P_PARTIAL_ACCUM submission=32 index=3 max=4.00043821
G17P_PARTIAL_TARGET submission=32 index=3 exact_pixels=0/16384 changed_bytes=8 first=00000000
G17P_PARTIAL_ACCUM submission=32 index=4 max=5.00015926
G17P_PARTIAL_TARGET submission=32 index=4 exact_pixels=0/16384 changed_bytes=8 first=00000000
G17P_PARTIAL_ACCUM submission=32 index=5 max=5.99921751
G17P_PARTIAL_TARGET submission=32 index=5 exact_pixels=0/16384 changed_bytes=8 first=00000000
G17P_PARTIAL_ACCUM submission=32 index=6 max=6.99996996
G17P_PARTIAL_TARGET submission=32 index=6 exact_pixels=0/16384 changed_bytes=8 first=00000000
G17P_PARTIAL_ACCUM submission=32 index=7 max=8.00087643
G17P_PARTIAL_TARGET submission=32 index=7 exact_pixels=0/16384 changed_bytes=6 first=00000000
G17P_PARTIAL_SUBMISSION_DONE submission=32/48 status=4 error=none exact=1
G17P_PARTIAL_READY submission=33/48 queue=1/1 input=0x10000018200 input_size=0x10 output0=0x10000058000 output_size=0x10000
G17P_PARTIAL_ACCUM submission=33 index=0 max=0
G17P_PARTIAL_TARGET submission=33 index=0 exact_pixels=0/16384 changed_bytes=0 first=00000000
G17P_PARTIAL_ACCUM submission=33 index=1 max=0
G17P_PARTIAL_TARGET submission=33 index=1 exact_pixels=0/16384 changed_bytes=0 first=00000000
G17P_PARTIAL_ACCUM submission=33 index=2 max=0
G17P_PARTIAL_TARGET submission=33 index=2 exact_pixels=0/16384 changed_bytes=0 first=00000000
G17P_PARTIAL_ACCUM submission=33 index=3 max=0
G17P_PARTIAL_TARGET submission=33 index=3 exact_pixels=0/16384 changed_bytes=0 first=00000000
G17P_PARTIAL_ACCUM submission=33 index=4 max=0
G17P_PARTIAL_TARGET submission=33 index=4 exact_pixels=0/16384 changed_bytes=0 first=00000000
G17P_PARTIAL_ACCUM submission=33 index=5 max=0
G17P_PARTIAL_TARGET submission=33 index=5 exact_pixels=0/16384 changed_bytes=0 first=00000000
G17P_PARTIAL_ACCUM submission=33 index=6 max=0
G17P_PARTIAL_TARGET submission=33 index=6 exact_pixels=0/16384 changed_bytes=0 first=00000000
G17P_PARTIAL_ACCUM submission=33 index=7 max=0
G17P_PARTIAL_TARGET submission=33 index=7 exact_pixels=0/16384 changed_bytes=0 first=00000000
G17P_PARTIAL_SUBMISSION_DONE submission=33/48 status=5 error=Discarded (victim of GPU error/recovery) (00000005:kIOGPUCommandBufferCallbackErrorInnocentVictim) exact=0
G17P_PARTIAL_DONE status=5 error=Discarded (victim of GPU error/recovery) (00000005:kIOGPUCommandBufferCallbackErrorInnocentVictim) exact=0 submissions=33/48
