DEVICE Apple A18 Pro
TESS patch=quad level=8.00 bulge=0.250 cpu_factors=0 partition=int w=96 h=96 iters=1
VA controlpoints  = 0x0000010000018200  le=0082010000010000
VA tessfactors    = 0x0000010000018300  le=0083010000010000
VA level          = 0x0000010000018400  le=0084010000010000
VA bulge          = 0x0000010000018500  le=0085010000010000
NCP 4 FACTOR_BYTES 12
SUBMIT iter=0 begin
SUBMIT iter=0 done status=4
COVERED 5776 of 9216
ROW   0 ................................................
ROW   3 ................................................
ROW   6 ................................................
ROW   9 ................................................
ROW  12 .....######################################.....
ROW  15 .....######################################.....
ROW  18 .....######################################.....
ROW  21 .....######################################.....
ROW  24 .....######################################.....
ROW  27 .....######################################.....
ROW  30 .....######################################.....
ROW  33 .....######################################.....
ROW  36 .....######################################.....
ROW  39 .....######################################.....
ROW  42 .....######################################.....
ROW  45 .....######################################.....
ROW  48 .....######################################.....
ROW  51 .....######################################.....
ROW  54 .....######################################.....
ROW  57 .....######################################.....
ROW  60 .....######################################.....
ROW  63 .....######################################.....
ROW  66 .....######################################.....
ROW  69 .....######################################.....
ROW  72 .....######################################.....
ROW  75 .....######################################.....
ROW  78 .....######################################.....
ROW  81 .....######################################.....
ROW  84 .....######################################.....
ROW  87 ................................................
ROW  90 ................................................
ROW  93 ................................................
CENTER 48 48 bgra=007a7cff
STATUS OK
