DEVICE Apple A18 Pro
TESS patch=tri level=1.00 bulge=0.000 cpu_factors=1 partition=int w=64 h=64 iters=1
VA controlpoints  = 0x0000010000018200  le=0082010000010000
VA tessfactors    = 0x0000010000018300  le=0083010000010000
VA level          = 0x0000010000018400  le=0084010000010000
VA bulge          = 0x0000010000018500  le=0085010000010000
NCP 3 FACTOR_BYTES 8
SUBMIT iter=0 begin
SUBMIT iter=0 done status=4
COVERED 1352 of 4096
ROW   0 ................................................................
ROW   2 ................................................................
ROW   4 ................................................................
ROW   6 ................................................................
ROW   8 ...............................##...............................
ROW  10 ..............................####..............................
ROW  12 .............................######.............................
ROW  14 ............................########............................
ROW  16 ...........................##########...........................
ROW  18 ..........................############..........................
ROW  20 .........................##############.........................
ROW  22 ........................################........................
ROW  24 .......................##################.......................
ROW  26 ......................####################......................
ROW  28 .....................######################.....................
ROW  30 ....................########################....................
ROW  32 ...................##########################...................
ROW  34 ..................############################..................
ROW  36 .................##############################.................
ROW  38 ................################################................
ROW  40 ...............##################################...............
ROW  42 ..............####################################..............
ROW  44 .............######################################.............
ROW  46 ............########################################............
ROW  48 ...........##########################################...........
ROW  50 ..........############################################..........
ROW  52 .........##############################################.........
ROW  54 ........################################################........
ROW  56 .......##################################################.......
ROW  58 ................................................................
ROW  60 ................................................................
ROW  62 ................................................................
CENTER 32 32 bgra=7d433fff
STATUS OK
