# source=kernels/dstc.metal ALU@0x20 len=10 bytes=9f015606020010a81105
# sweeping rel=0x8 (abs 0x28)  A=[12, 20, 7, 100] B=[3, 6, 5, 8]  fixed=
0x00  OK  zero       [0 0 0 0]  raw=00000000000000000000000000000000
0x01  OK  zero       [0 0 0 0]  raw=00000000000000000000000000000000
0x02  OK  zero       [0 0 0 0]  raw=00000000000000000000000000000000
0x03  OK  zero       [0 0 0 0]  raw=00000000000000000000000000000000
0x04  OK  zero       [0 0 0 0]  raw=00000000000000000000000000000000
0x05  OK  zero       [0 0 0 0]  raw=00000000000000000000000000000000
0x06  OK  zero       [0 0 0 0]  raw=00000000000000000000000000000000
0x07  OK  zero       [0 0 0 0]  raw=00000000000000000000000000000000
0x08  OK  zero       [0 0 0 0]  raw=00000000000000000000000000000000
0x09  OK  zero       [0 0 0 0]  raw=00000000000000000000000000000000
0x0a  OK  zero       [0 0 0 0]  raw=00000000000000000000000000000000
0x0b  OK  zero       [0 0 0 0]  raw=00000000000000000000000000000000
0x0c  OK  zero       [0 0 0 0]  raw=00000000000000000000000000000000
0x0d  OK  zero       [0 0 0 0]  raw=00000000000000000000000000000000
0x0e  OK  zero       [0 0 0 0]  raw=00000000000000000000000000000000
0x0f  OK  zero       [0 0 0 0]  raw=00000000000000000000000000000000
0x10  OK  OTHER      [195 326 117 1608]  raw=c3000000460100007500000048060000
0x11  OK  a+b        [15 26 12 108]  raw=0f0000001a0000000c0000006c000000
0x12  OK  OTHER      [195 326 117 1608]  raw=c3000000460100007500000048060000
0x13  OK  a+b        [15 26 12 108]  raw=0f0000001a0000000c0000006c000000
0x14  OK  OTHER      [195 326 117 1608]  raw=c3000000460100007500000048060000
0x15  OK  a+b        [15 26 12 108]  raw=0f0000001a0000000c0000006c000000
0x16  OK  OTHER      [195 326 117 1608]  raw=c3000000460100007500000048060000
0x17  OK  a+b        [15 26 12 108]  raw=0f0000001a0000000c0000006c000000
0x18  OK  OTHER      [195 326 117 1608]  raw=c3000000460100007500000048060000
0x19  OK  a+b        [15 26 12 108]  raw=0f0000001a0000000c0000006c000000
0x1a  OK  OTHER      [195 326 117 1608]  raw=c3000000460100007500000048060000
0x1b  OK  a+b        [15 26 12 108]  raw=0f0000001a0000000c0000006c000000
0x1c  OK  OTHER      [195 326 117 1608]  raw=c3000000460100007500000048060000
0x1d  OK  a+b        [15 26 12 108]  raw=0f0000001a0000000c0000006c000000
0x1e  OK  OTHER      [195 326 117 1608]  raw=c3000000460100007500000048060000
0x1f  OK  a+b        [15 26 12 108]  raw=0f0000001a0000000c0000006c000000
0x20  OK  zero       [0 0 0 0]  raw=00000000000000000000000000000000
0x21  OK  zero       [0 0 0 0]  raw=00000000000000000000000000000000
0x22  OK  zero       [0 0 0 0]  raw=00000000000000000000000000000000
0x23  OK  zero       [0 0 0 0]  raw=00000000000000000000000000000000
0x24  OK  zero       [0 0 0 0]  raw=00000000000000000000000000000000
0x25  OK  zero       [0 0 0 0]  raw=00000000000000000000000000000000
0x26  OK  zero       [0 0 0 0]  raw=00000000000000000000000000000000
0x27  OK  zero       [0 0 0 0]  raw=00000000000000000000000000000000
0x28  OK  zero       [0 0 0 0]  raw=00000000000000000000000000000000
0x29  OK  zero       [0 0 0 0]  raw=00000000000000000000000000000000
0x2a  OK  zero       [0 0 0 0]  raw=00000000000000000000000000000000
0x2b  OK  zero       [0 0 0 0]  raw=00000000000000000000000000000000
0x2c  OK  zero       [0 0 0 0]  raw=00000000000000000000000000000000
0x2d  OK  zero       [0 0 0 0]  raw=00000000000000000000000000000000
0x2e  OK  zero       [0 0 0 0]  raw=00000000000000000000000000000000
0x2f  OK  zero       [0 0 0 0]  raw=00000000000000000000000000000000
0x30  OK  OTHER      [195 326 117 1608]  raw=c3000000460100007500000048060000
0x31  OK  a+b        [15 26 12 108]  raw=0f0000001a0000000c0000006c000000
0x32  OK  OTHER      [195 326 117 1608]  raw=c3000000460100007500000048060000
0x33  OK  a+b        [15 26 12 108]  raw=0f0000001a0000000c0000006c000000
0x34  OK  OTHER      [195 326 117 1608]  raw=c3000000460100007500000048060000
0x35  OK  a+b        [15 26 12 108]  raw=0f0000001a0000000c0000006c000000
0x36  OK  OTHER      [195 326 117 1608]  raw=c3000000460100007500000048060000
0x37  OK  a+b        [15 26 12 108]  raw=0f0000001a0000000c0000006c000000
0x38  OK  OTHER      [195 326 117 1608]  raw=c3000000460100007500000048060000
0x39  OK  a+b        [15 26 12 108]  raw=0f0000001a0000000c0000006c000000
0x3a  OK  OTHER      [195 326 117 1608]  raw=c3000000460100007500000048060000
0x3b  OK  a+b        [15 26 12 108]  raw=0f0000001a0000000c0000006c000000
0x3c  OK  OTHER      [195 326 117 1608]  raw=c3000000460100007500000048060000
0x3d  OK  a+b        [15 26 12 108]  raw=0f0000001a0000000c0000006c000000
0x3e  OK  OTHER      [195 326 117 1608]  raw=c3000000460100007500000048060000
0x3f  OK  a+b        [15 26 12 108]  raw=0f0000001a0000000c0000006c000000
0x40  OK  zero       [0 0 0 0]  raw=00000000000000000000000000000000
0x41  OK  zero       [0 0 0 0]  raw=00000000000000000000000000000000
0x42  OK  zero       [0 0 0 0]  raw=00000000000000000000000000000000
0x43  OK  zero       [0 0 0 0]  raw=00000000000000000000000000000000
0x44  OK  zero       [0 0 0 0]  raw=00000000000000000000000000000000
0x45  OK  zero       [0 0 0 0]  raw=00000000000000000000000000000000
0x46  OK  zero       [0 0 0 0]  raw=00000000000000000000000000000000
0x47  OK  zero       [0 0 0 0]  raw=00000000000000000000000000000000
0x48  OK  zero       [0 0 0 0]  raw=00000000000000000000000000000000
0x49  OK  zero       [0 0 0 0]  raw=00000000000000000000000000000000
0x4a  OK  zero       [0 0 0 0]  raw=00000000000000000000000000000000
0x4b  OK  zero       [0 0 0 0]  raw=00000000000000000000000000000000
0x4c  OK  zero       [0 0 0 0]  raw=00000000000000000000000000000000
0x4d  OK  zero       [0 0 0 0]  raw=00000000000000000000000000000000
0x4e  OK  zero       [0 0 0 0]  raw=00000000000000000000000000000000
0x4f  OK  zero       [0 0 0 0]  raw=00000000000000000000000000000000
0x50  OK  OTHER      [195 326 117 1608]  raw=c3000000460100007500000048060000
0x51  OK  a+b        [15 26 12 108]  raw=0f0000001a0000000c0000006c000000
0x52  OK  OTHER      [195 326 117 1608]  raw=c3000000460100007500000048060000
0x53  OK  a+b        [15 26 12 108]  raw=0f0000001a0000000c0000006c000000
0x54  OK  OTHER      [195 326 117 1608]  raw=c3000000460100007500000048060000
0x55  OK  a+b        [15 26 12 108]  raw=0f0000001a0000000c0000006c000000
0x56  OK  OTHER      [195 326 117 1608]  raw=c3000000460100007500000048060000
0x57  OK  a+b        [15 26 12 108]  raw=0f0000001a0000000c0000006c000000
0x58  OK  OTHER      [195 326 117 1608]  raw=c3000000460100007500000048060000
0x59  OK  a+b        [15 26 12 108]  raw=0f0000001a0000000c0000006c000000
0x5a  OK  OTHER      [195 326 117 1608]  raw=c3000000460100007500000048060000
0x5b  OK  a+b        [15 26 12 108]  raw=0f0000001a0000000c0000006c000000
0x5c  OK  OTHER      [195 326 117 1608]  raw=c3000000460100007500000048060000
0x5d  OK  a+b        [15 26 12 108]  raw=0f0000001a0000000c0000006c000000
0x5e  OK  OTHER      [195 326 117 1608]  raw=c3000000460100007500000048060000
0x5f  OK  a+b        [15 26 12 108]  raw=0f0000001a0000000c0000006c000000
0x60  OK  zero       [0 0 0 0]  raw=00000000000000000000000000000000
0x61  OK  zero       [0 0 0 0]  raw=00000000000000000000000000000000
0x62  OK  zero       [0 0 0 0]  raw=00000000000000000000000000000000
0x63  OK  zero       [0 0 0 0]  raw=00000000000000000000000000000000
0x64  OK  zero       [0 0 0 0]  raw=00000000000000000000000000000000
0x65  OK  zero       [0 0 0 0]  raw=00000000000000000000000000000000
0x66  OK  zero       [0 0 0 0]  raw=00000000000000000000000000000000
0x67  OK  zero       [0 0 0 0]  raw=00000000000000000000000000000000
0x68  OK  zero       [0 0 0 0]  raw=00000000000000000000000000000000
0x69  OK  zero       [0 0 0 0]  raw=00000000000000000000000000000000
0x6a  OK  zero       [0 0 0 0]  raw=00000000000000000000000000000000
0x6b  OK  zero       [0 0 0 0]  raw=00000000000000000000000000000000
0x6c  OK  zero       [0 0 0 0]  raw=00000000000000000000000000000000
0x6d  OK  zero       [0 0 0 0]  raw=00000000000000000000000000000000
0x6e  OK  zero       [0 0 0 0]  raw=00000000000000000000000000000000
0x6f  OK  zero       [0 0 0 0]  raw=00000000000000000000000000000000
0x70  OK  OTHER      [195 326 117 1608]  raw=c3000000460100007500000048060000
0x71  OK  a+b        [15 26 12 108]  raw=0f0000001a0000000c0000006c000000
0x72  OK  OTHER      [195 326 117 1608]  raw=c3000000460100007500000048060000
0x73  OK  a+b        [15 26 12 108]  raw=0f0000001a0000000c0000006c000000
0x74  OK  OTHER      [195 326 117 1608]  raw=c3000000460100007500000048060000
0x75  OK  a+b        [15 26 12 108]  raw=0f0000001a0000000c0000006c000000
0x76  OK  OTHER      [195 326 117 1608]  raw=c3000000460100007500000048060000
0x77  OK  a+b        [15 26 12 108]  raw=0f0000001a0000000c0000006c000000
0x78  OK  OTHER      [195 326 117 1608]  raw=c3000000460100007500000048060000
0x79  OK  a+b        [15 26 12 108]  raw=0f0000001a0000000c0000006c000000
0x7a  OK  OTHER      [195 326 117 1608]  raw=c3000000460100007500000048060000
0x7b  OK  a+b        [15 26 12 108]  raw=0f0000001a0000000c0000006c000000
0x7c  OK  OTHER      [195 326 117 1608]  raw=c3000000460100007500000048060000
0x7d  OK  a+b        [15 26 12 108]  raw=0f0000001a0000000c0000006c000000
0x7e  OK  OTHER      [195 326 117 1608]  raw=c3000000460100007500000048060000
0x7f  OK  a+b        [15 26 12 108]  raw=0f0000001a0000000c0000006c000000
0x80  OK  zero       [0 0 0 0]  raw=00000000000000000000000000000000
0x81  OK  zero       [0 0 0 0]  raw=00000000000000000000000000000000
0x82  OK  zero       [0 0 0 0]  raw=00000000000000000000000000000000
0x83  OK  zero       [0 0 0 0]  raw=00000000000000000000000000000000
0x84  OK  zero       [0 0 0 0]  raw=00000000000000000000000000000000
0x85  OK  zero       [0 0 0 0]  raw=00000000000000000000000000000000
0x86  OK  zero       [0 0 0 0]  raw=00000000000000000000000000000000
0x87  OK  zero       [0 0 0 0]  raw=00000000000000000000000000000000
0x88  OK  zero       [0 0 0 0]  raw=00000000000000000000000000000000
0x89  OK  zero       [0 0 0 0]  raw=00000000000000000000000000000000
0x8a  OK  zero       [0 0 0 0]  raw=00000000000000000000000000000000
0x8b  OK  zero       [0 0 0 0]  raw=00000000000000000000000000000000
0x8c  OK  zero       [0 0 0 0]  raw=00000000000000000000000000000000
0x8d  OK  zero       [0 0 0 0]  raw=00000000000000000000000000000000
0x8e  OK  zero       [0 0 0 0]  raw=00000000000000000000000000000000
0x8f  OK  zero       [0 0 0 0]  raw=00000000000000000000000000000000
0x90  OK  OTHER      [195 326 117 1608]  raw=c3000000460100007500000048060000
0x91  OK  a+b        [15 26 12 108]  raw=0f0000001a0000000c0000006c000000
0x92  OK  OTHER      [195 326 117 1608]  raw=c3000000460100007500000048060000
0x93  OK  a+b        [15 26 12 108]  raw=0f0000001a0000000c0000006c000000
0x94  OK  OTHER      [195 326 117 1608]  raw=c3000000460100007500000048060000
0x95  OK  a+b        [15 26 12 108]  raw=0f0000001a0000000c0000006c000000
0x96  OK  OTHER      [195 326 117 1608]  raw=c3000000460100007500000048060000
0x97  OK  a+b        [15 26 12 108]  raw=0f0000001a0000000c0000006c000000
0x98  OK  OTHER      [195 326 117 1608]  raw=c3000000460100007500000048060000
0x99  OK  a+b        [15 26 12 108]  raw=0f0000001a0000000c0000006c000000
0x9a  OK  OTHER      [195 326 117 1608]  raw=c3000000460100007500000048060000
0x9b  OK  a+b        [15 26 12 108]  raw=0f0000001a0000000c0000006c000000
0x9c  OK  OTHER      [195 326 117 1608]  raw=c3000000460100007500000048060000
0x9d  OK  a+b        [15 26 12 108]  raw=0f0000001a0000000c0000006c000000
0x9e  OK  OTHER      [195 326 117 1608]  raw=c3000000460100007500000048060000
0x9f  OK  a+b        [15 26 12 108]  raw=0f0000001a0000000c0000006c000000
0xa0  OK  zero       [0 0 0 0]  raw=00000000000000000000000000000000
0xa1  OK  zero       [0 0 0 0]  raw=00000000000000000000000000000000
0xa2  OK  zero       [0 0 0 0]  raw=00000000000000000000000000000000
0xa3  OK  zero       [0 0 0 0]  raw=00000000000000000000000000000000
0xa4  OK  zero       [0 0 0 0]  raw=00000000000000000000000000000000
0xa5  OK  zero       [0 0 0 0]  raw=00000000000000000000000000000000
0xa6  OK  zero       [0 0 0 0]  raw=00000000000000000000000000000000
0xa7  OK  zero       [0 0 0 0]  raw=00000000000000000000000000000000
0xa8  OK  zero       [0 0 0 0]  raw=00000000000000000000000000000000
0xa9  OK  zero       [0 0 0 0]  raw=00000000000000000000000000000000
0xaa  OK  zero       [0 0 0 0]  raw=00000000000000000000000000000000
0xab  OK  zero       [0 0 0 0]  raw=00000000000000000000000000000000
0xac  OK  zero       [0 0 0 0]  raw=00000000000000000000000000000000
0xad  OK  zero       [0 0 0 0]  raw=00000000000000000000000000000000
0xae  OK  zero       [0 0 0 0]  raw=00000000000000000000000000000000
0xaf  OK  zero       [0 0 0 0]  raw=00000000000000000000000000000000
0xb0  OK  OTHER      [195 326 117 1608]  raw=c3000000460100007500000048060000
0xb1  OK  a+b        [15 26 12 108]  raw=0f0000001a0000000c0000006c000000
0xb2  OK  OTHER      [195 326 117 1608]  raw=c3000000460100007500000048060000
0xb3  OK  a+b        [15 26 12 108]  raw=0f0000001a0000000c0000006c000000
0xb4  OK  OTHER      [195 326 117 1608]  raw=c3000000460100007500000048060000
0xb5  OK  a+b        [15 26 12 108]  raw=0f0000001a0000000c0000006c000000
0xb6  OK  OTHER      [195 326 117 1608]  raw=c3000000460100007500000048060000
0xb7  OK  a+b        [15 26 12 108]  raw=0f0000001a0000000c0000006c000000
0xb8  OK  OTHER      [195 326 117 1608]  raw=c3000000460100007500000048060000
0xb9  OK  a+b        [15 26 12 108]  raw=0f0000001a0000000c0000006c000000
0xba  OK  OTHER      [195 326 117 1608]  raw=c3000000460100007500000048060000
0xbb  OK  a+b        [15 26 12 108]  raw=0f0000001a0000000c0000006c000000
0xbc  OK  OTHER      [195 326 117 1608]  raw=c3000000460100007500000048060000
0xbd  OK  a+b        [15 26 12 108]  raw=0f0000001a0000000c0000006c000000
0xbe  OK  OTHER      [195 326 117 1608]  raw=c3000000460100007500000048060000
0xbf  OK  a+b        [15 26 12 108]  raw=0f0000001a0000000c0000006c000000
0xc0  OK  zero       [0 0 0 0]  raw=00000000000000000000000000000000
0xc1  OK  zero       [0 0 0 0]  raw=00000000000000000000000000000000
0xc2  OK  zero       [0 0 0 0]  raw=00000000000000000000000000000000
0xc3  OK  zero       [0 0 0 0]  raw=00000000000000000000000000000000
0xc4  OK  zero       [0 0 0 0]  raw=00000000000000000000000000000000
0xc5  OK  zero       [0 0 0 0]  raw=00000000000000000000000000000000
0xc6  OK  zero       [0 0 0 0]  raw=00000000000000000000000000000000
0xc7  OK  zero       [0 0 0 0]  raw=00000000000000000000000000000000
0xc8  OK  zero       [0 0 0 0]  raw=00000000000000000000000000000000
0xc9  OK  zero       [0 0 0 0]  raw=00000000000000000000000000000000
0xca  OK  zero       [0 0 0 0]  raw=00000000000000000000000000000000
0xcb  OK  zero       [0 0 0 0]  raw=00000000000000000000000000000000
0xcc  OK  zero       [0 0 0 0]  raw=00000000000000000000000000000000
0xcd  OK  zero       [0 0 0 0]  raw=00000000000000000000000000000000
0xce  OK  zero       [0 0 0 0]  raw=00000000000000000000000000000000
0xcf  OK  zero       [0 0 0 0]  raw=00000000000000000000000000000000
0xd0  OK  OTHER      [195 326 117 1608]  raw=c3000000460100007500000048060000
0xd1  OK  a+b        [15 26 12 108]  raw=0f0000001a0000000c0000006c000000
0xd2  OK  OTHER      [195 326 117 1608]  raw=c3000000460100007500000048060000
0xd3  OK  a+b        [15 26 12 108]  raw=0f0000001a0000000c0000006c000000
0xd4  OK  OTHER      [195 326 117 1608]  raw=c3000000460100007500000048060000
0xd5  OK  a+b        [15 26 12 108]  raw=0f0000001a0000000c0000006c000000
0xd6  OK  OTHER      [195 326 117 1608]  raw=c3000000460100007500000048060000
0xd7  OK  a+b        [15 26 12 108]  raw=0f0000001a0000000c0000006c000000
0xd8  OK  OTHER      [195 326 117 1608]  raw=c3000000460100007500000048060000
0xd9  OK  a+b        [15 26 12 108]  raw=0f0000001a0000000c0000006c000000
0xda  OK  OTHER      [195 326 117 1608]  raw=c3000000460100007500000048060000
0xdb  OK  a+b        [15 26 12 108]  raw=0f0000001a0000000c0000006c000000
0xdc  OK  OTHER      [195 326 117 1608]  raw=c3000000460100007500000048060000
0xdd  OK  a+b        [15 26 12 108]  raw=0f0000001a0000000c0000006c000000
0xde  OK  OTHER      [195 326 117 1608]  raw=c3000000460100007500000048060000
0xdf  OK  a+b        [15 26 12 108]  raw=0f0000001a0000000c0000006c000000
0xe0  OK  zero       [0 0 0 0]  raw=00000000000000000000000000000000
0xe1  OK  zero       [0 0 0 0]  raw=00000000000000000000000000000000
0xe2  OK  zero       [0 0 0 0]  raw=00000000000000000000000000000000
0xe3  OK  zero       [0 0 0 0]  raw=00000000000000000000000000000000
0xe4  OK  zero       [0 0 0 0]  raw=00000000000000000000000000000000
0xe5  OK  zero       [0 0 0 0]  raw=00000000000000000000000000000000
0xe6  OK  zero       [0 0 0 0]  raw=00000000000000000000000000000000
0xe7  OK  zero       [0 0 0 0]  raw=00000000000000000000000000000000
0xe8  OK  zero       [0 0 0 0]  raw=00000000000000000000000000000000
0xe9  OK  zero       [0 0 0 0]  raw=00000000000000000000000000000000
0xea  OK  zero       [0 0 0 0]  raw=00000000000000000000000000000000
0xeb  OK  zero       [0 0 0 0]  raw=00000000000000000000000000000000
0xec  OK  zero       [0 0 0 0]  raw=00000000000000000000000000000000
0xed  OK  zero       [0 0 0 0]  raw=00000000000000000000000000000000
0xee  OK  zero       [0 0 0 0]  raw=00000000000000000000000000000000
0xef  OK  zero       [0 0 0 0]  raw=00000000000000000000000000000000
0xf0  OK  OTHER      [195 326 117 1608]  raw=c3000000460100007500000048060000
0xf1  OK  a+b        [15 26 12 108]  raw=0f0000001a0000000c0000006c000000
0xf2  OK  OTHER      [195 326 117 1608]  raw=c3000000460100007500000048060000
0xf3  OK  a+b        [15 26 12 108]  raw=0f0000001a0000000c0000006c000000
0xf4  OK  OTHER      [195 326 117 1608]  raw=c3000000460100007500000048060000
0xf5  OK  a+b        [15 26 12 108]  raw=0f0000001a0000000c0000006c000000
0xf6  OK  OTHER      [195 326 117 1608]  raw=c3000000460100007500000048060000
0xf7  OK  a+b        [15 26 12 108]  raw=0f0000001a0000000c0000006c000000
0xf8  OK  OTHER      [195 326 117 1608]  raw=c3000000460100007500000048060000
0xf9  OK  a+b        [15 26 12 108]  raw=0f0000001a0000000c0000006c000000
0xfa  OK  OTHER      [195 326 117 1608]  raw=c3000000460100007500000048060000
0xfb  OK  a+b        [15 26 12 108]  raw=0f0000001a0000000c0000006c000000
0xfc  OK  OTHER      [195 326 117 1608]  raw=c3000000460100007500000048060000
0xfd  OK  a+b        [15 26 12 108]  raw=0f0000001a0000000c0000006c000000
0xfe  OK  OTHER      [195 326 117 1608]  raw=c3000000460100007500000048060000
0xff  OK  a+b        [15 26 12 108]  raw=0f0000001a0000000c0000006c000000
# SUMMARY: OTHER=64, a+b=64, zero=128
