# source=kernels/dstc.metal ALU@0x20 len=10 bytes=9f015606020010a81105
# sweeping rel=0x7 (abs 0x27)  A=[12, 20, 7, 100] B=[3, 6, 5, 8]  fixed=
0x00  OK  a+b        [15 26 12 108]  raw=0f0000001a0000000c0000006c000000
0x01  OK  min        [3 6 5 8]  raw=03000000060000000500000008000000
0x02  OK  min        [3 6 5 8]  raw=03000000060000000500000008000000
0x03  FAULT:CMDBUF_ERROR
0x04  OK  a+b        [15 26 12 108]  raw=0f0000001a0000000c0000006c000000
0x05  OK  min        [3 6 5 8]  raw=03000000060000000500000008000000
0x06  OK  min        [3 6 5 8]  raw=03000000060000000500000008000000
0x07  FAULT:CMDBUF_ERROR
0x08  OK  a+b        [15 26 12 108]  raw=0f0000001a0000000c0000006c000000
0x09  OK  min        [3 6 5 8]  raw=03000000060000000500000008000000
0x0a  OK  min        [3 6 5 8]  raw=03000000060000000500000008000000
0x0b  FAULT:CMDBUF_ERROR
0x0c  OK  a+b        [15 26 12 108]  raw=0f0000001a0000000c0000006c000000
0x0d  OK  min        [3 6 5 8]  raw=03000000060000000500000008000000
0x0e  OK  min        [3 6 5 8]  raw=03000000060000000500000008000000
0x0f  FAULT:CMDBUF_ERROR
0x10  OK  a+b        [15 26 12 108]  raw=0f0000001a0000000c0000006c000000
0x11  OK  min        [3 6 5 8]  raw=03000000060000000500000008000000
0x12  OK  min        [3 6 5 8]  raw=03000000060000000500000008000000
0x13  FAULT:CMDBUF_ERROR
0x14  OK  a+b        [15 26 12 108]  raw=0f0000001a0000000c0000006c000000
0x15  OK  min        [3 6 5 8]  raw=03000000060000000500000008000000
0x16  OK  min        [3 6 5 8]  raw=03000000060000000500000008000000
0x17  FAULT:CMDBUF_ERROR
0x18  OK  a+b        [15 26 12 108]  raw=0f0000001a0000000c0000006c000000
0x19  OK  min        [3 6 5 8]  raw=03000000060000000500000008000000
0x1a  OK  min        [3 6 5 8]  raw=03000000060000000500000008000000
0x1b  FAULT:CMDBUF_ERROR
0x1c  OK  a+b        [15 26 12 108]  raw=0f0000001a0000000c0000006c000000
0x1d  OK  min        [3 6 5 8]  raw=03000000060000000500000008000000
0x1e  OK  min        [3 6 5 8]  raw=03000000060000000500000008000000
0x1f  FAULT:CMDBUF_ERROR
0x20  OK  a+b        [15 26 12 108]  raw=0f0000001a0000000c0000006c000000
0x21  OK  min        [3 6 5 8]  raw=03000000060000000500000008000000
0x22  OK  min        [3 6 5 8]  raw=03000000060000000500000008000000
0x23  FAULT:CMDBUF_ERROR
0x24  OK  a+b        [15 26 12 108]  raw=0f0000001a0000000c0000006c000000
0x25  OK  min        [3 6 5 8]  raw=03000000060000000500000008000000
0x26  OK  min        [3 6 5 8]  raw=03000000060000000500000008000000
0x27  FAULT:CMDBUF_ERROR
0x28  OK  a+b        [15 26 12 108]  raw=0f0000001a0000000c0000006c000000
0x29  OK  min        [3 6 5 8]  raw=03000000060000000500000008000000
0x2a  OK  min        [3 6 5 8]  raw=03000000060000000500000008000000
0x2b  FAULT:CMDBUF_ERROR
0x2c  OK  a+b        [15 26 12 108]  raw=0f0000001a0000000c0000006c000000
0x2d  OK  min        [3 6 5 8]  raw=03000000060000000500000008000000
0x2e  OK  min        [3 6 5 8]  raw=03000000060000000500000008000000
0x2f  FAULT:CMDBUF_ERROR
0x30  OK  a+b        [15 26 12 108]  raw=0f0000001a0000000c0000006c000000
0x31  OK  min        [3 6 5 8]  raw=03000000060000000500000008000000
0x32  OK  min        [3 6 5 8]  raw=03000000060000000500000008000000
0x33  FAULT:CMDBUF_ERROR
0x34  OK  a+b        [15 26 12 108]  raw=0f0000001a0000000c0000006c000000
0x35  OK  min        [3 6 5 8]  raw=03000000060000000500000008000000
0x36  OK  min        [3 6 5 8]  raw=03000000060000000500000008000000
0x37  FAULT:CMDBUF_ERROR
0x38  OK  a+b        [15 26 12 108]  raw=0f0000001a0000000c0000006c000000
0x39  OK  min        [3 6 5 8]  raw=03000000060000000500000008000000
0x3a  OK  min        [3 6 5 8]  raw=03000000060000000500000008000000
0x3b  FAULT:CMDBUF_ERROR
0x3c  OK  a+b        [15 26 12 108]  raw=0f0000001a0000000c0000006c000000
0x3d  OK  min        [3 6 5 8]  raw=03000000060000000500000008000000
0x3e  OK  min        [3 6 5 8]  raw=03000000060000000500000008000000
0x3f  FAULT:CMDBUF_ERROR
0x40  OK  a+b        [15 26 12 108]  raw=0f0000001a0000000c0000006c000000
0x41  OK  min        [3 6 5 8]  raw=03000000060000000500000008000000
0x42  OK  min        [3 6 5 8]  raw=03000000060000000500000008000000
0x43  FAULT:CMDBUF_ERROR
0x44  OK  a+b        [15 26 12 108]  raw=0f0000001a0000000c0000006c000000
0x45  OK  min        [3 6 5 8]  raw=03000000060000000500000008000000
0x46  OK  min        [3 6 5 8]  raw=03000000060000000500000008000000
0x47  FAULT:CMDBUF_ERROR
0x48  OK  a+b        [15 26 12 108]  raw=0f0000001a0000000c0000006c000000
0x49  OK  min        [3 6 5 8]  raw=03000000060000000500000008000000
0x4a  OK  min        [3 6 5 8]  raw=03000000060000000500000008000000
0x4b  FAULT:CMDBUF_ERROR
0x4c  OK  a+b        [15 26 12 108]  raw=0f0000001a0000000c0000006c000000
0x4d  OK  min        [3 6 5 8]  raw=03000000060000000500000008000000
0x4e  OK  min        [3 6 5 8]  raw=03000000060000000500000008000000
0x4f  FAULT:CMDBUF_ERROR
0x50  OK  a+b        [15 26 12 108]  raw=0f0000001a0000000c0000006c000000
0x51  OK  min        [3 6 5 8]  raw=03000000060000000500000008000000
0x52  OK  min        [3 6 5 8]  raw=03000000060000000500000008000000
0x53  FAULT:CMDBUF_ERROR
0x54  OK  a+b        [15 26 12 108]  raw=0f0000001a0000000c0000006c000000
0x55  OK  min        [3 6 5 8]  raw=03000000060000000500000008000000
0x56  OK  min        [3 6 5 8]  raw=03000000060000000500000008000000
0x57  FAULT:CMDBUF_ERROR
0x58  OK  a+b        [15 26 12 108]  raw=0f0000001a0000000c0000006c000000
0x59  OK  min        [3 6 5 8]  raw=03000000060000000500000008000000
0x5a  OK  min        [3 6 5 8]  raw=03000000060000000500000008000000
0x5b  FAULT:CMDBUF_ERROR
0x5c  OK  a+b        [15 26 12 108]  raw=0f0000001a0000000c0000006c000000
0x5d  OK  min        [3 6 5 8]  raw=03000000060000000500000008000000
0x5e  OK  min        [3 6 5 8]  raw=03000000060000000500000008000000
0x5f  FAULT:CMDBUF_ERROR
0x60  OK  a+b        [15 26 12 108]  raw=0f0000001a0000000c0000006c000000
0x61  OK  min        [3 6 5 8]  raw=03000000060000000500000008000000
0x62  OK  min        [3 6 5 8]  raw=03000000060000000500000008000000
0x63  FAULT:CMDBUF_ERROR
0x64  OK  a+b        [15 26 12 108]  raw=0f0000001a0000000c0000006c000000
0x65  OK  min        [3 6 5 8]  raw=03000000060000000500000008000000
0x66  OK  min        [3 6 5 8]  raw=03000000060000000500000008000000
0x67  FAULT:CMDBUF_ERROR
0x68  OK  a+b        [15 26 12 108]  raw=0f0000001a0000000c0000006c000000
0x69  OK  min        [3 6 5 8]  raw=03000000060000000500000008000000
0x6a  OK  min        [3 6 5 8]  raw=03000000060000000500000008000000
0x6b  FAULT:CMDBUF_ERROR
0x6c  OK  a+b        [15 26 12 108]  raw=0f0000001a0000000c0000006c000000
0x6d  OK  min        [3 6 5 8]  raw=03000000060000000500000008000000
0x6e  OK  min        [3 6 5 8]  raw=03000000060000000500000008000000
0x6f  FAULT:CMDBUF_ERROR
0x70  OK  a+b        [15 26 12 108]  raw=0f0000001a0000000c0000006c000000
0x71  OK  min        [3 6 5 8]  raw=03000000060000000500000008000000
0x72  OK  min        [3 6 5 8]  raw=03000000060000000500000008000000
0x73  FAULT:CMDBUF_ERROR
0x74  OK  a+b        [15 26 12 108]  raw=0f0000001a0000000c0000006c000000
0x75  OK  min        [3 6 5 8]  raw=03000000060000000500000008000000
0x76  OK  min        [3 6 5 8]  raw=03000000060000000500000008000000
0x77  FAULT:CMDBUF_ERROR
0x78  OK  a+b        [15 26 12 108]  raw=0f0000001a0000000c0000006c000000
0x79  OK  min        [3 6 5 8]  raw=03000000060000000500000008000000
0x7a  OK  min        [3 6 5 8]  raw=03000000060000000500000008000000
0x7b  FAULT:CMDBUF_ERROR
0x7c  OK  a+b        [15 26 12 108]  raw=0f0000001a0000000c0000006c000000
0x7d  OK  min        [3 6 5 8]  raw=03000000060000000500000008000000
0x7e  OK  min        [3 6 5 8]  raw=03000000060000000500000008000000
0x7f  FAULT:CMDBUF_ERROR
0x80  OK  a+b        [15 26 12 108]  raw=0f0000001a0000000c0000006c000000
0x81  OK  min        [3 6 5 8]  raw=03000000060000000500000008000000
0x82  OK  min        [3 6 5 8]  raw=03000000060000000500000008000000
0x83  FAULT:CMDBUF_ERROR
0x84  OK  a+b        [15 26 12 108]  raw=0f0000001a0000000c0000006c000000
0x85  OK  min        [3 6 5 8]  raw=03000000060000000500000008000000
0x86  OK  min        [3 6 5 8]  raw=03000000060000000500000008000000
0x87  FAULT:CMDBUF_ERROR
0x88  OK  a+b        [15 26 12 108]  raw=0f0000001a0000000c0000006c000000
0x89  OK  min        [3 6 5 8]  raw=03000000060000000500000008000000
0x8a  OK  min        [3 6 5 8]  raw=03000000060000000500000008000000
0x8b  FAULT:CMDBUF_ERROR
0x8c  OK  a+b        [15 26 12 108]  raw=0f0000001a0000000c0000006c000000
0x8d  OK  min        [3 6 5 8]  raw=03000000060000000500000008000000
0x8e  OK  min        [3 6 5 8]  raw=03000000060000000500000008000000
0x8f  FAULT:CMDBUF_ERROR
0x90  OK  a+b        [15 26 12 108]  raw=0f0000001a0000000c0000006c000000
0x91  OK  min        [3 6 5 8]  raw=03000000060000000500000008000000
0x92  OK  min        [3 6 5 8]  raw=03000000060000000500000008000000
0x93  FAULT:CMDBUF_ERROR
0x94  OK  a+b        [15 26 12 108]  raw=0f0000001a0000000c0000006c000000
0x95  OK  min        [3 6 5 8]  raw=03000000060000000500000008000000
0x96  OK  min        [3 6 5 8]  raw=03000000060000000500000008000000
0x97  FAULT:CMDBUF_ERROR
0x98  OK  a+b        [15 26 12 108]  raw=0f0000001a0000000c0000006c000000
0x99  OK  min        [3 6 5 8]  raw=03000000060000000500000008000000
0x9a  OK  min        [3 6 5 8]  raw=03000000060000000500000008000000
0x9b  FAULT:CMDBUF_ERROR
0x9c  OK  a+b        [15 26 12 108]  raw=0f0000001a0000000c0000006c000000
0x9d  OK  min        [3 6 5 8]  raw=03000000060000000500000008000000
0x9e  OK  min        [3 6 5 8]  raw=03000000060000000500000008000000
0x9f  FAULT:CMDBUF_ERROR
0xa0  OK  a+b        [15 26 12 108]  raw=0f0000001a0000000c0000006c000000
0xa1  OK  min        [3 6 5 8]  raw=03000000060000000500000008000000
0xa2  OK  min        [3 6 5 8]  raw=03000000060000000500000008000000
0xa3  FAULT:CMDBUF_ERROR
0xa4  OK  a+b        [15 26 12 108]  raw=0f0000001a0000000c0000006c000000
0xa5  OK  min        [3 6 5 8]  raw=03000000060000000500000008000000
0xa6  OK  min        [3 6 5 8]  raw=03000000060000000500000008000000
0xa7  FAULT:CMDBUF_ERROR
0xa8  OK  a+b        [15 26 12 108]  raw=0f0000001a0000000c0000006c000000
0xa9  OK  min        [3 6 5 8]  raw=03000000060000000500000008000000
0xaa  OK  min        [3 6 5 8]  raw=03000000060000000500000008000000
0xab  FAULT:CMDBUF_ERROR
0xac  OK  a+b        [15 26 12 108]  raw=0f0000001a0000000c0000006c000000
0xad  OK  min        [3 6 5 8]  raw=03000000060000000500000008000000
0xae  OK  min        [3 6 5 8]  raw=03000000060000000500000008000000
0xaf  FAULT:CMDBUF_ERROR
0xb0  OK  a+b        [15 26 12 108]  raw=0f0000001a0000000c0000006c000000
0xb1  OK  min        [3 6 5 8]  raw=03000000060000000500000008000000
0xb2  OK  min        [3 6 5 8]  raw=03000000060000000500000008000000
0xb3  FAULT:CMDBUF_ERROR
0xb4  OK  a+b        [15 26 12 108]  raw=0f0000001a0000000c0000006c000000
0xb5  OK  min        [3 6 5 8]  raw=03000000060000000500000008000000
0xb6  OK  min        [3 6 5 8]  raw=03000000060000000500000008000000
0xb7  FAULT:CMDBUF_ERROR
0xb8  OK  a+b        [15 26 12 108]  raw=0f0000001a0000000c0000006c000000
0xb9  OK  min        [3 6 5 8]  raw=03000000060000000500000008000000
0xba  OK  min        [3 6 5 8]  raw=03000000060000000500000008000000
0xbb  FAULT:CMDBUF_ERROR
0xbc  OK  a+b        [15 26 12 108]  raw=0f0000001a0000000c0000006c000000
0xbd  OK  min        [3 6 5 8]  raw=03000000060000000500000008000000
0xbe  OK  min        [3 6 5 8]  raw=03000000060000000500000008000000
0xbf  FAULT:CMDBUF_ERROR
0xc0  OK  a+b        [15 26 12 108]  raw=0f0000001a0000000c0000006c000000
0xc1  OK  min        [3 6 5 8]  raw=03000000060000000500000008000000
0xc2  OK  min        [3 6 5 8]  raw=03000000060000000500000008000000
0xc3  FAULT:CMDBUF_ERROR
0xc4  OK  a+b        [15 26 12 108]  raw=0f0000001a0000000c0000006c000000
0xc5  OK  min        [3 6 5 8]  raw=03000000060000000500000008000000
0xc6  OK  min        [3 6 5 8]  raw=03000000060000000500000008000000
0xc7  FAULT:CMDBUF_ERROR
0xc8  OK  a+b        [15 26 12 108]  raw=0f0000001a0000000c0000006c000000
0xc9  OK  min        [3 6 5 8]  raw=03000000060000000500000008000000
0xca  OK  min        [3 6 5 8]  raw=03000000060000000500000008000000
0xcb  FAULT:CMDBUF_ERROR
0xcc  OK  a+b        [15 26 12 108]  raw=0f0000001a0000000c0000006c000000
0xcd  OK  min        [3 6 5 8]  raw=03000000060000000500000008000000
0xce  OK  min        [3 6 5 8]  raw=03000000060000000500000008000000
0xcf  FAULT:CMDBUF_ERROR
0xd0  OK  a+b        [15 26 12 108]  raw=0f0000001a0000000c0000006c000000
0xd1  OK  min        [3 6 5 8]  raw=03000000060000000500000008000000
0xd2  OK  min        [3 6 5 8]  raw=03000000060000000500000008000000
0xd3  FAULT:CMDBUF_ERROR
0xd4  OK  a+b        [15 26 12 108]  raw=0f0000001a0000000c0000006c000000
0xd5  OK  min        [3 6 5 8]  raw=03000000060000000500000008000000
0xd6  OK  min        [3 6 5 8]  raw=03000000060000000500000008000000
0xd7  FAULT:CMDBUF_ERROR
0xd8  OK  a+b        [15 26 12 108]  raw=0f0000001a0000000c0000006c000000
0xd9  OK  min        [3 6 5 8]  raw=03000000060000000500000008000000
0xda  OK  min        [3 6 5 8]  raw=03000000060000000500000008000000
0xdb  FAULT:CMDBUF_ERROR
0xdc  OK  a+b        [15 26 12 108]  raw=0f0000001a0000000c0000006c000000
0xdd  OK  min        [3 6 5 8]  raw=03000000060000000500000008000000
0xde  OK  min        [3 6 5 8]  raw=03000000060000000500000008000000
0xdf  FAULT:CMDBUF_ERROR
0xe0  OK  a+b        [15 26 12 108]  raw=0f0000001a0000000c0000006c000000
0xe1  OK  min        [3 6 5 8]  raw=03000000060000000500000008000000
0xe2  OK  min        [3 6 5 8]  raw=03000000060000000500000008000000
0xe3  FAULT:CMDBUF_ERROR
0xe4  OK  a+b        [15 26 12 108]  raw=0f0000001a0000000c0000006c000000
0xe5  OK  min        [3 6 5 8]  raw=03000000060000000500000008000000
0xe6  OK  min        [3 6 5 8]  raw=03000000060000000500000008000000
0xe7  FAULT:CMDBUF_ERROR
0xe8  OK  a+b        [15 26 12 108]  raw=0f0000001a0000000c0000006c000000
0xe9  OK  min        [3 6 5 8]  raw=03000000060000000500000008000000
0xea  OK  min        [3 6 5 8]  raw=03000000060000000500000008000000
0xeb  FAULT:CMDBUF_ERROR
0xec  OK  a+b        [15 26 12 108]  raw=0f0000001a0000000c0000006c000000
0xed  OK  min        [3 6 5 8]  raw=03000000060000000500000008000000
0xee  OK  min        [3 6 5 8]  raw=03000000060000000500000008000000
0xef  FAULT:CMDBUF_ERROR
0xf0  OK  a+b        [15 26 12 108]  raw=0f0000001a0000000c0000006c000000
0xf1  OK  min        [3 6 5 8]  raw=03000000060000000500000008000000
0xf2  OK  min        [3 6 5 8]  raw=03000000060000000500000008000000
0xf3  FAULT:CMDBUF_ERROR
0xf4  OK  a+b        [15 26 12 108]  raw=0f0000001a0000000c0000006c000000
0xf5  OK  min        [3 6 5 8]  raw=03000000060000000500000008000000
0xf6  OK  min        [3 6 5 8]  raw=03000000060000000500000008000000
0xf7  FAULT:CMDBUF_ERROR
0xf8  OK  a+b        [15 26 12 108]  raw=0f0000001a0000000c0000006c000000
0xf9  OK  min        [3 6 5 8]  raw=03000000060000000500000008000000
0xfa  OK  min        [3 6 5 8]  raw=03000000060000000500000008000000
0xfb  FAULT:CMDBUF_ERROR
0xfc  OK  a+b        [15 26 12 108]  raw=0f0000001a0000000c0000006c000000
0xfd  OK  min        [3 6 5 8]  raw=03000000060000000500000008000000
0xfe  OK  min        [3 6 5 8]  raw=03000000060000000500000008000000
0xff  FAULT:CMDBUF_ERROR
# SUMMARY: FAULT:CMDBUF_ERROR=64, a+b=64, min=128
