
=== iadd  (nofast)  mainlen=60 ===
  toks: preamble(4) load(14) load(14) ALU(10) store(14) stop(4)
  main: 1ca01006671054000001200051010040460067004404010120005101004046009f015600020800a81705e7005400020121001100009011000e000000
  ALU[0] @0x20 len=10  9f015600020800a81705
        bits: b0=10011111 b1=00000001 b2=01010110 b3=00000000 b4=00000010 b5=00001000 b6=00000000 b7=10101000 b8=00010111 b9=00000101

=== isub  (nofast)  mainlen=60 ===
  toks: preamble(4) load(14) load(14) ALU(10) store(14) stop(4)
  main: 1ca01006671054000001200051010040460067004404010120005101004046001f015600020010a81705e7005400020121001100009011000e000000
  ALU[0] @0x20 len=10  1f015600020010a81705
        bits: b0=00011111 b1=00000001 b2=01010110 b3=00000000 b4=00000010 b5=00000000 b6=00010000 b7=10101000 b8=00010111 b9=00000101

=== imul  (nofast)  mainlen=62 ===
  toks: preamble(4) load(14) load(14) ALU(12) store(14) stop(4)
  main: 1ca01006671054000001200051010040460067004404010120005101004046009f00560002080000d0260a00e7005400020121001100009011000e000000
  ALU[0] @0x20 len=12  9f00560002080000d0260a00
        bits: b0=10011111 b1=00000000 b2=01010110 b3=00000000 b4=00000010 b5=00001000 b6=00000000 b7=00000000 b8=11010000 b9=00100110 b10=00001010 b11=00000000

=== uadd  (nofast)  mainlen=60 ===
  toks: preamble(4) load(14) load(14) ALU(10) store(14) stop(4)
  main: 1ca01006671054000001200051010040460067004404010120005101004046009f015600020800a81705e7005400020121001100009011000e000000
  ALU[0] @0x20 len=10  9f015600020800a81705
        bits: b0=10011111 b1=00000001 b2=01010110 b3=00000000 b4=00000010 b5=00001000 b6=00000000 b7=10101000 b8=00010111 b9=00000101

=== usub  (nofast)  mainlen=60 ===
  toks: preamble(4) load(14) load(14) ALU(10) store(14) stop(4)
  main: 1ca01006671054000001200051010040460067004404010120005101004046001f015600020010a81705e7005400020121001100009011000e000000
  ALU[0] @0x20 len=10  1f015600020010a81705
        bits: b0=00011111 b1=00000001 b2=01010110 b3=00000000 b4=00000010 b5=00000000 b6=00010000 b7=10101000 b8=00010111 b9=00000101

=== umul  (nofast)  mainlen=62 ===
  toks: preamble(4) load(14) load(14) ALU(12) store(14) stop(4)
  main: 1ca01006671054000001200051010040460067004404010120005101004046009f00560002080000d0260a00e7005400020121001100009011000e000000
  ALU[0] @0x20 len=12  9f00560002080000d0260a00
        bits: b0=10011111 b1=00000000 b2=01010110 b3=00000000 b4=00000010 b5=00001000 b6=00000000 b7=00000000 b8=11010000 b9=00100110 b10=00001010 b11=00000000

=== iand  (nofast)  mainlen=60 ===
  toks: preamble(4) load(14) load(14) ALU(10) store(14) stop(4)
  main: 1ca01006671054000001200051010040460067004404010120005101004046000b051f01000000800000e7005400020121001100009011000e000000
  ALU[0] @0x20 len=10  0b051f01000000800000
        bits: b0=00001011 b1=00000101 b2=00011111 b3=00000001 b4=00000000 b5=00000000 b6=00000000 b7=10000000 b8=00000000 b9=00000000

=== ior  (nofast)  mainlen=60 ===
  toks: preamble(4) load(14) load(14) ALU(10) store(14) stop(4)
  main: 1ca01006671054000001200051010040460067004404010120005101004046000b051f01020800800000e7005400020121001100009011000e000000
  ALU[0] @0x20 len=10  0b051f01020800800000
        bits: b0=00001011 b1=00000101 b2=00011111 b3=00000001 b4=00000010 b5=00001000 b6=00000000 b7=10000000 b8=00000000 b9=00000000

=== ixor  (nofast)  mainlen=60 ===
  toks: preamble(4) load(14) load(14) ALU(10) store(14) stop(4)
  main: 1ca01006671054000001200051010040460067004404010120005101004046000b051e01020800800000e7005400020121001100009011000e000000
  ALU[0] @0x20 len=10  0b051e01020800800000
        bits: b0=00001011 b1=00000101 b2=00011110 b3=00000001 b4=00000010 b5=00001000 b6=00000000 b7=10000000 b8=00000000 b9=00000000

=== imin  (nofast)  mainlen=56 ===
  toks: preamble(4) load(14) load(14) ALU(6) store(14) stop(4)
  main: 1ca010066710540000012000510100404600670044040101200051010040460002011e0507c0e7005400020121001100009011000e000000
  ALU[0] @0x20 len=6  02011e0507c0
        bits: b0=00000010 b1=00000001 b2=00011110 b3=00000101 b4=00000111 b5=11000000

=== imax  (nofast)  mainlen=56 ===
  toks: preamble(4) load(14) load(14) ALU(6) store(14) stop(4)
  main: 1ca010066710540000012000510100404600670044040101200051010040460002011e0506c0e7005400020121001100009011000e000000
  ALU[0] @0x20 len=6  02011e0506c0
        bits: b0=00000010 b1=00000001 b2=00011110 b3=00000101 b4=00000110 b5=11000000

=== umin  (nofast)  mainlen=56 ===
  toks: preamble(4) load(14) load(14) ALU(6) store(14) stop(4)
  main: 1ca010066710540000012000510100404600670044040101200051010040460002011e0505c0e7005400020121001100009011000e000000
  ALU[0] @0x20 len=6  02011e0505c0
        bits: b0=00000010 b1=00000001 b2=00011110 b3=00000101 b4=00000101 b5=11000000

=== umax  (nofast)  mainlen=56 ===
  toks: preamble(4) load(14) load(14) ALU(6) store(14) stop(4)
  main: 1ca010066710540000012000510100404600670044040101200051010040460002011e0504c0e7005400020121001100009011000e000000
  ALU[0] @0x20 len=6  02011e0504c0
        bits: b0=00000010 b1=00000001 b2=00011110 b3=00000101 b4=00000100 b5=11000000

=== addimm1  (nofast)  mainlen=46 ===
  toks: preamble(4) load(14) ALU(10) store(14) stop(4)
  main: 1ca0100667104400000120005101004046009f015600020200881504e7005400010121001100009011000e000000
  ALU[0] @0x12 len=10  9f015600020200881504
        bits: b0=10011111 b1=00000001 b2=01010110 b3=00000000 b4=00000010 b5=00000010 b6=00000000 b7=10001000 b8=00010101 b9=00000100

=== addimm5  (nofast)  mainlen=46 ===
  toks: preamble(4) load(14) ALU(10) store(14) stop(4)
  main: 1ca0100667104400000120005101004046009f015600020a00881504e7005400010121001100009011000e000000
  ALU[0] @0x12 len=10  9f015600020a00881504
        bits: b0=10011111 b1=00000001 b2=01010110 b3=00000000 b4=00000010 b5=00001010 b6=00000000 b7=10001000 b8=00010101 b9=00000100

=== addimm255  (nofast)  mainlen=46 ===
  toks: preamble(4) load(14) ALU(10) store(14) stop(4)
  main: 1ca0100667104400000120005101004046009f01560002fe01881504e7005400010121001100009011000e000000
  ALU[0] @0x12 len=10  9f01560002fe01881504
        bits: b0=10011111 b1=00000001 b2=01010110 b3=00000000 b4=00000010 b5=11111110 b6=00000001 b7=10001000 b8=00010101 b9=00000100

=== addimm256  (nofast)  mainlen=46 ===
  toks: preamble(4) load(14) ALU(10) store(14) stop(4)
  main: 1ca0100667104400000120005101004046009f015600020020a81701e7005400010121001100009011000e000000
  ALU[0] @0x12 len=10  9f015600020020a81701
        bits: b0=10011111 b1=00000001 b2=01010110 b3=00000000 b4=00000010 b5=00000000 b6=00100000 b7=10101000 b8=00010111 b9=00000001

=== andimm  (nofast)  mainlen=46 ===
  toks: preamble(4) load(14) ALU(10) store(14) stop(4)
  main: 1ca0100667104400000120005101004046000b011fff100200800000e7005400010121001100009011000e000000
  ALU[0] @0x12 len=10  0b011fff100200800000
        bits: b0=00001011 b1=00000001 b2=00011111 b3=11111111 b4=00010000 b5=00000010 b6=00000000 b7=10000000 b8=00000000 b9=00000000

=== orimm  (nofast)  mainlen=46 ===
  toks: preamble(4) load(14) ALU(10) store(14) stop(4)
  main: 1ca0100667104400000120005101004046000b010f08020a00800000e7005400010121001100009011000e000000
  ALU[0] @0x12 len=10  0b010f08020a00800000
        bits: b0=00001011 b1=00000001 b2=00001111 b3=00001000 b4=00000010 b5=00001010 b6=00000000 b7=10000000 b8=00000000 b9=00000000

=== xorimm  (nofast)  mainlen=46 ===
  toks: preamble(4) load(14) ALU(2) stop(4) REST(22)
  main: 1ca0100667104400000120005101004046000b010e87120a00800000e7005400010121001100009011000e000000
  ALU[0] @0x12 len=2  0b01
        bits: b0=00001011 b1=00000001

=== shlimm3  (nofast)  mainlen=46 ===
  toks: preamble(4) load(14) ALU(10) store(14) stop(4)
  main: 1ca0100667104400000120005101004046009f015600020000c81414e7005400010121001100009011000e000000
  ALU[0] @0x12 len=10  9f015600020000c81414
        bits: b0=10011111 b1=00000001 b2=01010110 b3=00000000 b4=00000010 b5=00000000 b6=00000000 b7=11001000 b8=00010100 b9=00010100

=== shrimm2  (nofast)  mainlen=46 ===
  toks: preamble(4) load(14) ALU(10) store(14) stop(4)
  main: 1ca010066710440000012000510100404600a7015600020008786200e7005400010121001100009011000e000000
  ALU[0] @0x12 len=10  a7015600020008786200
        bits: b0=10100111 b1=00000001 b2=01010110 b3=00000000 b4=00000010 b5=00000000 b6=00001000 b7=01111000 b8=01100010 b9=00000000

=== dstc  (nofast)  mainlen=88 ===
  toks: preamble(4) load(14) load(14) ALU(10) store(14) store(14) store(14) stop(4)
  main: 1ca01006671054040001200051010040460067004400010120005101004046009f015606020010a81105e700540602012000110000901100e700540403012000110000901100e7005400040121001100009011000e000000
  ALU[0] @0x20 len=10  9f015606020010a81105
        bits: b0=10011111 b1=00000001 b2=01010110 b3=00000110 b4=00000010 b5=00000000 b6=00010000 b7=10101000 b8=00010001 b9=00000101

=== imad  (nofast)  mainlen=76 ===
  toks: preamble(4) load(14) load(14) load(14) ALU(12) store(14) stop(4)
  main: 1ca010066710540000012000510100404600670054040101200051010040460067004408020120005101004046009f00560002080040d02f2a00e7005400030121001100009011000e000000
  ALU[0] @0x2e len=12  9f00560002080040d02f2a00
        bits: b0=10011111 b1=00000000 b2=01010110 b3=00000000 b4=00000010 b5=00001000 b6=00000000 b7=01000000 b8=11010000 b9=00101111 b10=00101010 b11=00000000

=== ibfe  (nofast)  mainlen=48 ===
  toks: preamble(4) load(14) ALU(12) store(14) stop(4)
  main: 1ca010066710440000012000510100404600a700560002001000f0118100e7005400010121001100009011000e000000
  ALU[0] @0x12 len=12  a700560002001000f0118100
        bits: b0=10100111 b1=00000000 b2=01010110 b3=00000000 b4=00000010 b5=00000000 b6=00010000 b7=00000000 b8=11110000 b9=00010001 b10=10000001 b11=00000000

=== ipopcount  (nofast)  mainlen=44 ===
  toks: preamble(4) load(14) ALU(8) store(14) stop(4)
  main: 1ca0100667104400000120005101004046002705560002005c04e7005400010121001100009011000e000000
  ALU[0] @0x12 len=8  2705560002005c04
        bits: b0=00100111 b1=00000101 b2=01010110 b3=00000000 b4=00000010 b5=00000000 b6=01011100 b7=00000100

=== icmp_lt  (nofast)  mainlen=64 ===
  toks: preamble(4) load(14) load(14) ALU(14) store(14) stop(4)
  main: 0ca010066710540200002000510100404600670044040100200051010040460012031d05228107c0208013000001e7005402020021001100009011000e000000
  ALU[0] @0x20 len=14  12031d05228107c0208013000001
        bits: b0=00010010 b1=00000011 b2=00011101 b3=00000101 b4=00100010 b5=10000001 b6=00000111 b7=11000000 b8=00100000 b9=10000000 b10=00010011 b11=00000000 b12=00000000 b13=00000001

=== icmp_eq  (nofast)  mainlen=64 ===
  toks: preamble(4) load(14) load(14) ALU(14) store(14) stop(4)
  main: 0ca010066710540200002000510100404600670044040100200051010040460012031d05268107c0208013000001e7005402020021001100009011000e000000
  ALU[0] @0x20 len=14  12031d05268107c0208013000001
        bits: b0=00010010 b1=00000011 b2=00011101 b3=00000101 b4=00100110 b5=10000001 b6=00000111 b7=11000000 b8=00100000 b9=10000000 b10=00010011 b11=00000000 b12=00000000 b13=00000001

=== icmp_gt  (nofast)  mainlen=64 ===
  toks: preamble(4) load(14) load(14) ALU(14) store(14) stop(4)
  main: 0ca010066710540200002000510100404600670044040100200051010040460012031d05228106c0208013000001e7005402020021001100009011000e000000
  ALU[0] @0x20 len=14  12031d05228106c0208013000001
        bits: b0=00010010 b1=00000011 b2=00011101 b3=00000101 b4=00100010 b5=10000001 b6=00000110 b7=11000000 b8=00100000 b9=10000000 b10=00010011 b11=00000000 b12=00000000 b13=00000001

=== ucmp_lt  (nofast)  mainlen=64 ===
  toks: preamble(4) load(14) load(14) ALU(14) store(14) stop(4)
  main: 0ca010066710540200002000510100404600670044040100200051010040460012031d05228105c0208013000001e7005402020021001100009011000e000000
  ALU[0] @0x20 len=14  12031d05228105c0208013000001
        bits: b0=00010010 b1=00000011 b2=00011101 b3=00000101 b4=00100010 b5=10000001 b6=00000101 b7=11000000 b8=00100000 b9=10000000 b10=00010011 b11=00000000 b12=00000000 b13=00000001
