# source=kernels/iadd.metal ALU@0x20 len=10 bytes=9f015600020800a81705
# sweeping rel=0x0 (abs 0x20)  A=[12, 20, 7, 100] B=[3, 6, 5, 8]  fixed=
0x00  OK  zero       [0 0 0 0]  raw=00000000000000000000000000000000
0x01  OK  zero       [0 0 0 0]  raw=00000000000000000000000000000000
0x02  OK  zero       [0 0 0 0]  raw=00000000000000000000000000000000
0x03  OK  zero       [0 0 0 0]  raw=00000000000000000000000000000000
0x04  FAULT:CMDBUF_ERROR
0x05  OK  zero       [0 0 0 0]  raw=00000000000000000000000000000000
0x06  FAULT:CMDBUF_ERROR
0x07  OK  zero       [0 0 0 0]  raw=00000000000000000000000000000000
0x08  OK  zero       [0 0 0 0]  raw=00000000000000000000000000000000
0x09  OK  zero       [0 0 0 0]  raw=00000000000000000000000000000000
0x0a  OK  zero       [0 0 0 0]  raw=00000000000000000000000000000000
0x0b  OK  zero       [0 0 0 0]  raw=00000000000000000000000000000000
0x0c  FAULT:CMDBUF_ERROR
0x0d  OK  zero       [0 0 0 0]  raw=00000000000000000000000000000000
0x0e  OK  zero       [0 0 0 0]  raw=00000000000000000000000000000000
0x0f  OK  max        [12 20 7 100]  raw=0c000000140000000700000064000000
0x10  OK  zero       [0 0 0 0]  raw=00000000000000000000000000000000
0x11  OK  zero       [0 0 0 0]  raw=00000000000000000000000000000000
0x12  OK  zero       [0 0 0 0]  raw=00000000000000000000000000000000
0x13  OK  zero       [0 0 0 0]  raw=00000000000000000000000000000000
0x14  FAULT:CMDBUF_ERROR
0x15  OK  zero       [0 0 0 0]  raw=00000000000000000000000000000000
0x16  FAULT:CMDBUF_ERROR
0x17  FAULT:CMDBUF_ERROR
0x18  OK  zero       [0 0 0 0]  raw=00000000000000000000000000000000
0x19  OK  zero       [0 0 0 0]  raw=00000000000000000000000000000000
0x1a  OK  zero       [0 0 0 0]  raw=00000000000000000000000000000000
0x1b  OK  zero       [0 0 0 0]  raw=00000000000000000000000000000000
0x1c  FAULT:CMDBUF_ERROR
0x1d  OK  zero       [0 0 0 0]  raw=00000000000000000000000000000000
0x1e  OK  zero       [0 0 0 0]  raw=00000000000000000000000000000000
0x1f  OK  b-a        [-9 -14 -2 -92]  raw=f7fffffff2fffffffeffffffa4ffffff
0x20  OK  zero       [0 0 0 0]  raw=00000000000000000000000000000000
0x21  OK  zero       [0 0 0 0]  raw=00000000000000000000000000000000
0x22  OK  zero       [0 0 0 0]  raw=00000000000000000000000000000000
0x23  OK  zero       [0 0 0 0]  raw=00000000000000000000000000000000
0x24  FAULT:CMDBUF_ERROR
0x25  OK  zero       [0 0 0 0]  raw=00000000000000000000000000000000
0x26  FAULT:CMDBUF_ERROR
0x27  OK  zero       [0 0 0 0]  raw=00000000000000000000000000000000
0x28  OK  zero       [0 0 0 0]  raw=00000000000000000000000000000000
0x29  OK  zero       [0 0 0 0]  raw=00000000000000000000000000000000
0x2a  OK  zero       [0 0 0 0]  raw=00000000000000000000000000000000
0x2b  OK  zero       [0 0 0 0]  raw=00000000000000000000000000000000
0x2c  FAULT:CMDBUF_ERROR
0x2d  OK  zero       [0 0 0 0]  raw=00000000000000000000000000000000
0x2e  OK  zero       [0 0 0 0]  raw=00000000000000000000000000000000
0x2f  OK  max        [12 20 7 100]  raw=0c000000140000000700000064000000
0x30  OK  zero       [0 0 0 0]  raw=00000000000000000000000000000000
0x31  OK  zero       [0 0 0 0]  raw=00000000000000000000000000000000
0x32  OK  zero       [0 0 0 0]  raw=00000000000000000000000000000000
0x33  OK  zero       [0 0 0 0]  raw=00000000000000000000000000000000
0x34  FAULT:CMDBUF_ERROR
0x35  OK  zero       [0 0 0 0]  raw=00000000000000000000000000000000
0x36  FAULT:CMDBUF_ERROR
0x37  OK  zero       [0 0 0 0]  raw=00000000000000000000000000000000
0x38  OK  zero       [0 0 0 0]  raw=00000000000000000000000000000000
0x39  OK  zero       [0 0 0 0]  raw=00000000000000000000000000000000
0x3a  OK  zero       [0 0 0 0]  raw=00000000000000000000000000000000
0x3b  OK  zero       [0 0 0 0]  raw=00000000000000000000000000000000
0x3c  FAULT:CMDBUF_ERROR
0x3d  OK  zero       [0 0 0 0]  raw=00000000000000000000000000000000
0x3e  OK  zero       [0 0 0 0]  raw=00000000000000000000000000000000
0x3f  OK  zero       [0 0 0 0]  raw=00000000000000000000000000000000
0x40  OK  zero       [0 0 0 0]  raw=00000000000000000000000000000000
0x41  OK  zero       [0 0 0 0]  raw=00000000000000000000000000000000
0x42  OK  zero       [0 0 0 0]  raw=00000000000000000000000000000000
0x43  OK  zero       [0 0 0 0]  raw=00000000000000000000000000000000
0x44  FAULT:CMDBUF_ERROR
0x45  OK  zero       [0 0 0 0]  raw=00000000000000000000000000000000
0x46  FAULT:CMDBUF_ERROR
0x47  OK  zero       [0 0 0 0]  raw=00000000000000000000000000000000
0x48  OK  zero       [0 0 0 0]  raw=00000000000000000000000000000000
0x49  OK  zero       [0 0 0 0]  raw=00000000000000000000000000000000
0x4a  OK  zero       [0 0 0 0]  raw=00000000000000000000000000000000
0x4b  OK  zero       [0 0 0 0]  raw=00000000000000000000000000000000
0x4c  FAULT:CMDBUF_ERROR
0x4d  OK  zero       [0 0 0 0]  raw=00000000000000000000000000000000
0x4e  OK  zero       [0 0 0 0]  raw=00000000000000000000000000000000
0x4f  OK  zero       [0 0 0 0]  raw=00000000000000000000000000000000
0x50  OK  zero       [0 0 0 0]  raw=00000000000000000000000000000000
0x51  OK  zero       [0 0 0 0]  raw=00000000000000000000000000000000
0x52  OK  zero       [0 0 0 0]  raw=00000000000000000000000000000000
0x53  OK  zero       [0 0 0 0]  raw=00000000000000000000000000000000
0x54  FAULT:CMDBUF_ERROR
0x55  OK  zero       [0 0 0 0]  raw=00000000000000000000000000000000
0x56  FAULT:CMDBUF_ERROR
0x57  OK  zero       [0 0 0 0]  raw=00000000000000000000000000000000
0x58  OK  zero       [0 0 0 0]  raw=00000000000000000000000000000000
0x59  OK  zero       [0 0 0 0]  raw=00000000000000000000000000000000
0x5a  OK  zero       [0 0 0 0]  raw=00000000000000000000000000000000
0x5b  OK  zero       [0 0 0 0]  raw=00000000000000000000000000000000
0x5c  FAULT:CMDBUF_ERROR
0x5d  OK  zero       [0 0 0 0]  raw=00000000000000000000000000000000
0x5e  OK  zero       [0 0 0 0]  raw=00000000000000000000000000000000
0x5f  OK  zero       [0 0 0 0]  raw=00000000000000000000000000000000
0x60  OK  zero       [0 0 0 0]  raw=00000000000000000000000000000000
0x61  OK  zero       [0 0 0 0]  raw=00000000000000000000000000000000
0x62  OK  zero       [0 0 0 0]  raw=00000000000000000000000000000000
0x63  OK  zero       [0 0 0 0]  raw=00000000000000000000000000000000
0x64  FAULT:CMDBUF_ERROR
0x65  OK  zero       [0 0 0 0]  raw=00000000000000000000000000000000
0x66  FAULT:CMDBUF_ERROR
0x67  OK  zero       [0 0 0 0]  raw=00000000000000000000000000000000
0x68  OK  zero       [0 0 0 0]  raw=00000000000000000000000000000000
0x69  OK  zero       [0 0 0 0]  raw=00000000000000000000000000000000
0x6a  OK  zero       [0 0 0 0]  raw=00000000000000000000000000000000
0x6b  OK  zero       [0 0 0 0]  raw=00000000000000000000000000000000
0x6c  FAULT:CMDBUF_ERROR
0x6d  OK  zero       [0 0 0 0]  raw=00000000000000000000000000000000
0x6e  OK  zero       [0 0 0 0]  raw=00000000000000000000000000000000
0x6f  OK  zero       [0 0 0 0]  raw=00000000000000000000000000000000
0x70  OK  zero       [0 0 0 0]  raw=00000000000000000000000000000000
0x71  OK  zero       [0 0 0 0]  raw=00000000000000000000000000000000
0x72  OK  zero       [0 0 0 0]  raw=00000000000000000000000000000000
0x73  OK  zero       [0 0 0 0]  raw=00000000000000000000000000000000
0x74  FAULT:CMDBUF_ERROR
0x75  OK  zero       [0 0 0 0]  raw=00000000000000000000000000000000
0x76  FAULT:CMDBUF_ERROR
0x77  FAULT:CMDBUF_ERROR
0x78  OK  zero       [0 0 0 0]  raw=00000000000000000000000000000000
0x79  OK  zero       [0 0 0 0]  raw=00000000000000000000000000000000
0x7a  OK  zero       [0 0 0 0]  raw=00000000000000000000000000000000
0x7b  OK  zero       [0 0 0 0]  raw=00000000000000000000000000000000
0x7c  FAULT:CMDBUF_ERROR
0x7d  OK  zero       [0 0 0 0]  raw=00000000000000000000000000000000
0x7e  OK  zero       [0 0 0 0]  raw=00000000000000000000000000000000
0x7f  FAULT:CMDBUF_ERROR
0x80  OK  zero       [0 0 0 0]  raw=00000000000000000000000000000000
0x81  OK  zero       [0 0 0 0]  raw=00000000000000000000000000000000
0x82  OK  zero       [0 0 0 0]  raw=00000000000000000000000000000000
0x83  OK  zero       [0 0 0 0]  raw=00000000000000000000000000000000
0x84  FAULT:CMDBUF_ERROR
0x85  OK  zero       [0 0 0 0]  raw=00000000000000000000000000000000
0x86  FAULT:CMDBUF_ERROR
0x87  OK  zero       [0 0 0 0]  raw=00000000000000000000000000000000
0x88  OK  zero       [0 0 0 0]  raw=00000000000000000000000000000000
0x89  OK  zero       [0 0 0 0]  raw=00000000000000000000000000000000
0x8a  OK  zero       [0 0 0 0]  raw=00000000000000000000000000000000
0x8b  OK  zero       [0 0 0 0]  raw=00000000000000000000000000000000
0x8c  FAULT:CMDBUF_ERROR
0x8d  OK  zero       [0 0 0 0]  raw=00000000000000000000000000000000
0x8e  OK  zero       [0 0 0 0]  raw=00000000000000000000000000000000
0x8f  FAULT:CMDBUF_ERROR
0x90  OK  zero       [0 0 0 0]  raw=00000000000000000000000000000000
0x91  OK  zero       [0 0 0 0]  raw=00000000000000000000000000000000
0x92  OK  zero       [0 0 0 0]  raw=00000000000000000000000000000000
0x93  OK  zero       [0 0 0 0]  raw=00000000000000000000000000000000
0x94  FAULT:CMDBUF_ERROR
0x95  OK  zero       [0 0 0 0]  raw=00000000000000000000000000000000
0x96  FAULT:CMDBUF_ERROR
0x97  OK  zero       [0 0 0 0]  raw=00000000000000000000000000000000
0x98  OK  zero       [0 0 0 0]  raw=00000000000000000000000000000000
0x99  OK  zero       [0 0 0 0]  raw=00000000000000000000000000000000
0x9a  OK  zero       [0 0 0 0]  raw=00000000000000000000000000000000
0x9b  OK  zero       [0 0 0 0]  raw=00000000000000000000000000000000
0x9c  FAULT:CMDBUF_ERROR
0x9d  OK  zero       [0 0 0 0]  raw=00000000000000000000000000000000
0x9e  OK  zero       [0 0 0 0]  raw=00000000000000000000000000000000
0x9f  OK  a+b        [15 26 12 108]  raw=0f0000001a0000000c0000006c000000
0xa0  OK  zero       [0 0 0 0]  raw=00000000000000000000000000000000
0xa1  OK  zero       [0 0 0 0]  raw=00000000000000000000000000000000
0xa2  OK  zero       [0 0 0 0]  raw=00000000000000000000000000000000
0xa3  OK  zero       [0 0 0 0]  raw=00000000000000000000000000000000
0xa4  FAULT:CMDBUF_ERROR
0xa5  OK  zero       [0 0 0 0]  raw=00000000000000000000000000000000
0xa6  FAULT:CMDBUF_ERROR
0xa7  OK  OTHER      [4 4 4 4]  raw=04000000040000000400000004000000
0xa8  OK  zero       [0 0 0 0]  raw=00000000000000000000000000000000
0xa9  OK  zero       [0 0 0 0]  raw=00000000000000000000000000000000
0xaa  OK  zero       [0 0 0 0]  raw=00000000000000000000000000000000
0xab  OK  zero       [0 0 0 0]  raw=00000000000000000000000000000000
0xac  FAULT:CMDBUF_ERROR
0xad  OK  zero       [0 0 0 0]  raw=00000000000000000000000000000000
0xae  OK  zero       [0 0 0 0]  raw=00000000000000000000000000000000
0xaf  OK  max        [12 20 7 100]  raw=0c000000140000000700000064000000
0xb0  OK  zero       [0 0 0 0]  raw=00000000000000000000000000000000
0xb1  OK  zero       [0 0 0 0]  raw=00000000000000000000000000000000
0xb2  OK  zero       [0 0 0 0]  raw=00000000000000000000000000000000
0xb3  OK  zero       [0 0 0 0]  raw=00000000000000000000000000000000
0xb4  FAULT:CMDBUF_ERROR
0xb5  OK  zero       [0 0 0 0]  raw=00000000000000000000000000000000
0xb6  FAULT:CMDBUF_ERROR
0xb7  OK  zero       [0 0 0 0]  raw=00000000000000000000000000000000
0xb8  OK  zero       [0 0 0 0]  raw=00000000000000000000000000000000
0xb9  OK  zero       [0 0 0 0]  raw=00000000000000000000000000000000
0xba  OK  zero       [0 0 0 0]  raw=00000000000000000000000000000000
0xbb  OK  zero       [0 0 0 0]  raw=00000000000000000000000000000000
0xbc  FAULT:CMDBUF_ERROR
0xbd  OK  zero       [0 0 0 0]  raw=00000000000000000000000000000000
0xbe  OK  zero       [0 0 0 0]  raw=00000000000000000000000000000000
0xbf  OK  zero       [0 0 0 0]  raw=00000000000000000000000000000000
0xc0  OK  zero       [0 0 0 0]  raw=00000000000000000000000000000000
0xc1  OK  zero       [0 0 0 0]  raw=00000000000000000000000000000000
0xc2  OK  zero       [0 0 0 0]  raw=00000000000000000000000000000000
0xc3  OK  zero       [0 0 0 0]  raw=00000000000000000000000000000000
0xc4  FAULT:CMDBUF_ERROR
0xc5  OK  zero       [0 0 0 0]  raw=00000000000000000000000000000000
0xc6  FAULT:CMDBUF_ERROR
0xc7  OK  zero       [0 0 0 0]  raw=00000000000000000000000000000000
0xc8  OK  zero       [0 0 0 0]  raw=00000000000000000000000000000000
0xc9  OK  zero       [0 0 0 0]  raw=00000000000000000000000000000000
0xca  OK  zero       [0 0 0 0]  raw=00000000000000000000000000000000
0xcb  OK  zero       [0 0 0 0]  raw=00000000000000000000000000000000
0xcc  FAULT:CMDBUF_ERROR
0xcd  OK  zero       [0 0 0 0]  raw=00000000000000000000000000000000
0xce  OK  zero       [0 0 0 0]  raw=00000000000000000000000000000000
0xcf  OK  zero       [0 0 0 0]  raw=00000000000000000000000000000000
0xd0  OK  zero       [0 0 0 0]  raw=00000000000000000000000000000000
0xd1  OK  zero       [0 0 0 0]  raw=00000000000000000000000000000000
0xd2  OK  zero       [0 0 0 0]  raw=00000000000000000000000000000000
0xd3  OK  zero       [0 0 0 0]  raw=00000000000000000000000000000000
0xd4  FAULT:CMDBUF_ERROR
0xd5  OK  zero       [0 0 0 0]  raw=00000000000000000000000000000000
0xd6  FAULT:CMDBUF_ERROR
0xd7  OK  zero       [0 0 0 0]  raw=00000000000000000000000000000000
0xd8  OK  zero       [0 0 0 0]  raw=00000000000000000000000000000000
0xd9  OK  zero       [0 0 0 0]  raw=00000000000000000000000000000000
0xda  OK  zero       [0 0 0 0]  raw=00000000000000000000000000000000
0xdb  OK  zero       [0 0 0 0]  raw=00000000000000000000000000000000
0xdc  FAULT:CMDBUF_ERROR
0xdd  OK  zero       [0 0 0 0]  raw=00000000000000000000000000000000
0xde  OK  zero       [0 0 0 0]  raw=00000000000000000000000000000000
0xdf  OK  zero       [0 0 0 0]  raw=00000000000000000000000000000000
0xe0  OK  zero       [0 0 0 0]  raw=00000000000000000000000000000000
0xe1  OK  zero       [0 0 0 0]  raw=00000000000000000000000000000000
0xe2  OK  zero       [0 0 0 0]  raw=00000000000000000000000000000000
0xe3  OK  zero       [0 0 0 0]  raw=00000000000000000000000000000000
0xe4  FAULT:CMDBUF_ERROR
0xe5  OK  zero       [0 0 0 0]  raw=00000000000000000000000000000000
0xe6  FAULT:CMDBUF_ERROR
0xe7  OK  zero       [0 0 0 0]  raw=00000000000000000000000000000000
0xe8  OK  zero       [0 0 0 0]  raw=00000000000000000000000000000000
0xe9  OK  zero       [0 0 0 0]  raw=00000000000000000000000000000000
0xea  OK  zero       [0 0 0 0]  raw=00000000000000000000000000000000
0xeb  OK  zero       [0 0 0 0]  raw=00000000000000000000000000000000
0xec  FAULT:CMDBUF_ERROR
0xed  OK  zero       [0 0 0 0]  raw=00000000000000000000000000000000
0xee  OK  zero       [0 0 0 0]  raw=00000000000000000000000000000000
0xef  OK  max        [12 20 7 100]  raw=0c000000140000000700000064000000
0xf0  OK  zero       [0 0 0 0]  raw=00000000000000000000000000000000
0xf1  OK  zero       [0 0 0 0]  raw=00000000000000000000000000000000
0xf2  OK  zero       [0 0 0 0]  raw=00000000000000000000000000000000
0xf3  OK  zero       [0 0 0 0]  raw=00000000000000000000000000000000
0xf4  FAULT:CMDBUF_ERROR
0xf5  OK  zero       [0 0 0 0]  raw=00000000000000000000000000000000
0xf6  FAULT:CMDBUF_ERROR
0xf7  OK  zero       [0 0 0 0]  raw=00000000000000000000000000000000
0xf8  OK  zero       [0 0 0 0]  raw=00000000000000000000000000000000
0xf9  OK  zero       [0 0 0 0]  raw=00000000000000000000000000000000
0xfa  OK  zero       [0 0 0 0]  raw=00000000000000000000000000000000
0xfb  OK  zero       [0 0 0 0]  raw=00000000000000000000000000000000
0xfc  FAULT:CMDBUF_ERROR
0xfd  OK  zero       [0 0 0 0]  raw=00000000000000000000000000000000
0xfe  OK  zero       [0 0 0 0]  raw=00000000000000000000000000000000
0xff  OK  zero       [0 0 0 0]  raw=00000000000000000000000000000000
# SUMMARY: FAULT:CMDBUF_ERROR=52, OTHER=1, a+b=1, b-a=1, max=4, zero=197
