# source=kernels/iadd.metal ALU@0x20 len=10 bytes=9f015600020800a81705
# sweeping rel=0x9 (abs 0x29)  A=[12, 20, 7, 100] B=[3, 6, 5, 8]  fixed=
0x00  OK  OTHER      [232192 232192 232192 232192]  raw=008b0300008b0300008b0300008b0300
0x01  OK  OTHER      [115971 115974 115973 115976]  raw=03c5010006c5010005c5010008c50100
0x02  OK  OTHER      [232192 232192 232192 232192]  raw=008b0300008b0300008b0300008b0300
0x03  OK  OTHER      [115971 115974 115973 115976]  raw=03c5010006c5010005c5010008c50100
0x04  OK  OTHER      [116236 116244 116231 116324]  raw=0cc6010014c6010007c6010064c60100
0x05  OK  a+b        [15 26 12 108]  raw=0f0000001a0000000c0000006c000000
0x06  OK  OTHER      [116236 116244 116231 116324]  raw=0cc6010014c6010007c6010064c60100
0x07  OK  a+b        [15 26 12 108]  raw=0f0000001a0000000c0000006c000000
0x08  OK  OTHER      [232192 232192 232192 232192]  raw=008b0300008b0300008b0300008b0300
0x09  OK  OTHER      [115971 115974 115973 115976]  raw=03c5010006c5010005c5010008c50100
0x0a  OK  OTHER      [232192 232192 232192 232192]  raw=008b0300008b0300008b0300008b0300
0x0b  OK  OTHER      [115971 115974 115973 115976]  raw=03c5010006c5010005c5010008c50100
0x0c  OK  OTHER      [116236 116244 116231 116324]  raw=0cc6010014c6010007c6010064c60100
0x0d  OK  a+b        [15 26 12 108]  raw=0f0000001a0000000c0000006c000000
0x0e  OK  OTHER      [116236 116244 116231 116324]  raw=0cc6010014c6010007c6010064c60100
0x0f  OK  a+b        [15 26 12 108]  raw=0f0000001a0000000c0000006c000000
0x10  OK  OTHER      [232192 232192 232192 232192]  raw=008b0300008b0300008b0300008b0300
0x11  OK  OTHER      [115971 115974 115973 115976]  raw=03c5010006c5010005c5010008c50100
0x12  OK  OTHER      [232192 232192 232192 232192]  raw=008b0300008b0300008b0300008b0300
0x13  OK  OTHER      [115971 115974 115973 115976]  raw=03c5010006c5010005c5010008c50100
0x14  OK  OTHER      [116236 116244 116231 116324]  raw=0cc6010014c6010007c6010064c60100
0x15  OK  a+b        [15 26 12 108]  raw=0f0000001a0000000c0000006c000000
0x16  OK  OTHER      [116236 116244 116231 116324]  raw=0cc6010014c6010007c6010064c60100
0x17  OK  a+b        [15 26 12 108]  raw=0f0000001a0000000c0000006c000000
0x18  OK  OTHER      [232192 232192 232192 232192]  raw=008b0300008b0300008b0300008b0300
0x19  OK  OTHER      [115971 115974 115973 115976]  raw=03c5010006c5010005c5010008c50100
0x1a  OK  OTHER      [232192 232192 232192 232192]  raw=008b0300008b0300008b0300008b0300
0x1b  OK  OTHER      [115971 115974 115973 115976]  raw=03c5010006c5010005c5010008c50100
0x1c  OK  OTHER      [116236 116244 116231 116324]  raw=0cc6010014c6010007c6010064c60100
0x1d  OK  a+b        [15 26 12 108]  raw=0f0000001a0000000c0000006c000000
0x1e  OK  OTHER      [116236 116244 116231 116324]  raw=0cc6010014c6010007c6010064c60100
0x1f  OK  a+b        [15 26 12 108]  raw=0f0000001a0000000c0000006c000000
0x20  OK  OTHER      [232192 232192 232192 232192]  raw=008b0300008b0300008b0300008b0300
0x21  OK  OTHER      [115971 115974 115973 115976]  raw=03c5010006c5010005c5010008c50100
0x22  OK  OTHER      [232192 232192 232192 232192]  raw=008b0300008b0300008b0300008b0300
0x23  OK  OTHER      [115971 115974 115973 115976]  raw=03c5010006c5010005c5010008c50100
0x24  OK  OTHER      [116236 116244 116231 116324]  raw=0cc6010014c6010007c6010064c60100
0x25  OK  a+b        [15 26 12 108]  raw=0f0000001a0000000c0000006c000000
0x26  OK  OTHER      [116236 116244 116231 116324]  raw=0cc6010014c6010007c6010064c60100
0x27  OK  a+b        [15 26 12 108]  raw=0f0000001a0000000c0000006c000000
0x28  OK  OTHER      [232192 232192 232192 232192]  raw=008b0300008b0300008b0300008b0300
0x29  OK  OTHER      [115971 115974 115973 115976]  raw=03c5010006c5010005c5010008c50100
0x2a  OK  OTHER      [232192 232192 232192 232192]  raw=008b0300008b0300008b0300008b0300
0x2b  OK  OTHER      [115971 115974 115973 115976]  raw=03c5010006c5010005c5010008c50100
0x2c  OK  OTHER      [116236 116244 116231 116324]  raw=0cc6010014c6010007c6010064c60100
0x2d  OK  a+b        [15 26 12 108]  raw=0f0000001a0000000c0000006c000000
0x2e  OK  OTHER      [116236 116244 116231 116324]  raw=0cc6010014c6010007c6010064c60100
0x2f  OK  a+b        [15 26 12 108]  raw=0f0000001a0000000c0000006c000000
0x30  OK  OTHER      [232192 232192 232192 232192]  raw=008b0300008b0300008b0300008b0300
0x31  OK  OTHER      [115971 115974 115973 115976]  raw=03c5010006c5010005c5010008c50100
0x32  OK  OTHER      [232192 232192 232192 232192]  raw=008b0300008b0300008b0300008b0300
0x33  OK  OTHER      [115971 115974 115973 115976]  raw=03c5010006c5010005c5010008c50100
0x34  OK  OTHER      [116236 116244 116231 116324]  raw=0cc6010014c6010007c6010064c60100
0x35  OK  a+b        [15 26 12 108]  raw=0f0000001a0000000c0000006c000000
0x36  OK  OTHER      [116236 116244 116231 116324]  raw=0cc6010014c6010007c6010064c60100
0x37  OK  a+b        [15 26 12 108]  raw=0f0000001a0000000c0000006c000000
0x38  OK  OTHER      [232192 232192 232192 232192]  raw=008b0300008b0300008b0300008b0300
0x39  OK  OTHER      [115971 115974 115973 115976]  raw=03c5010006c5010005c5010008c50100
0x3a  OK  OTHER      [232192 232192 232192 232192]  raw=008b0300008b0300008b0300008b0300
0x3b  OK  OTHER      [115971 115974 115973 115976]  raw=03c5010006c5010005c5010008c50100
0x3c  OK  OTHER      [116236 116244 116231 116324]  raw=0cc6010014c6010007c6010064c60100
0x3d  OK  a+b        [15 26 12 108]  raw=0f0000001a0000000c0000006c000000
0x3e  OK  OTHER      [116236 116244 116231 116324]  raw=0cc6010014c6010007c6010064c60100
0x3f  OK  a+b        [15 26 12 108]  raw=0f0000001a0000000c0000006c000000
0x40  OK  OTHER      [232192 232192 232192 232192]  raw=008b0300008b0300008b0300008b0300
0x41  OK  OTHER      [115971 115974 115973 115976]  raw=03c5010006c5010005c5010008c50100
0x42  OK  OTHER      [232192 232192 232192 232192]  raw=008b0300008b0300008b0300008b0300
0x43  OK  OTHER      [115971 115974 115973 115976]  raw=03c5010006c5010005c5010008c50100
0x44  OK  OTHER      [116236 116244 116231 116324]  raw=0cc6010014c6010007c6010064c60100
0x45  OK  a+b        [15 26 12 108]  raw=0f0000001a0000000c0000006c000000
0x46  OK  OTHER      [116236 116244 116231 116324]  raw=0cc6010014c6010007c6010064c60100
0x47  OK  a+b        [15 26 12 108]  raw=0f0000001a0000000c0000006c000000
0x48  OK  OTHER      [232192 232192 232192 232192]  raw=008b0300008b0300008b0300008b0300
0x49  OK  OTHER      [115971 115974 115973 115976]  raw=03c5010006c5010005c5010008c50100
0x4a  OK  OTHER      [232192 232192 232192 232192]  raw=008b0300008b0300008b0300008b0300
0x4b  OK  OTHER      [115971 115974 115973 115976]  raw=03c5010006c5010005c5010008c50100
0x4c  OK  OTHER      [116236 116244 116231 116324]  raw=0cc6010014c6010007c6010064c60100
0x4d  OK  a+b        [15 26 12 108]  raw=0f0000001a0000000c0000006c000000
0x4e  OK  OTHER      [116236 116244 116231 116324]  raw=0cc6010014c6010007c6010064c60100
0x4f  OK  a+b        [15 26 12 108]  raw=0f0000001a0000000c0000006c000000
0x50  OK  OTHER      [232192 232192 232192 232192]  raw=008b0300008b0300008b0300008b0300
0x51  OK  OTHER      [115971 115974 115973 115976]  raw=03c5010006c5010005c5010008c50100
0x52  OK  OTHER      [232192 232192 232192 232192]  raw=008b0300008b0300008b0300008b0300
0x53  OK  OTHER      [115971 115974 115973 115976]  raw=03c5010006c5010005c5010008c50100
0x54  OK  OTHER      [116236 116244 116231 116324]  raw=0cc6010014c6010007c6010064c60100
0x55  OK  a+b        [15 26 12 108]  raw=0f0000001a0000000c0000006c000000
0x56  OK  OTHER      [116236 116244 116231 116324]  raw=0cc6010014c6010007c6010064c60100
0x57  OK  a+b        [15 26 12 108]  raw=0f0000001a0000000c0000006c000000
0x58  OK  OTHER      [232192 232192 232192 232192]  raw=008b0300008b0300008b0300008b0300
0x59  OK  OTHER      [115971 115974 115973 115976]  raw=03c5010006c5010005c5010008c50100
0x5a  OK  OTHER      [232192 232192 232192 232192]  raw=008b0300008b0300008b0300008b0300
0x5b  OK  OTHER      [115971 115974 115973 115976]  raw=03c5010006c5010005c5010008c50100
0x5c  OK  OTHER      [116236 116244 116231 116324]  raw=0cc6010014c6010007c6010064c60100
0x5d  OK  a+b        [15 26 12 108]  raw=0f0000001a0000000c0000006c000000
0x5e  OK  OTHER      [116236 116244 116231 116324]  raw=0cc6010014c6010007c6010064c60100
0x5f  OK  a+b        [15 26 12 108]  raw=0f0000001a0000000c0000006c000000
0x60  OK  OTHER      [232192 232192 232192 232192]  raw=008b0300008b0300008b0300008b0300
0x61  OK  OTHER      [115971 115974 115973 115976]  raw=03c5010006c5010005c5010008c50100
0x62  OK  OTHER      [232192 232192 232192 232192]  raw=008b0300008b0300008b0300008b0300
0x63  OK  OTHER      [115971 115974 115973 115976]  raw=03c5010006c5010005c5010008c50100
0x64  OK  OTHER      [116236 116244 116231 116324]  raw=0cc6010014c6010007c6010064c60100
0x65  OK  a+b        [15 26 12 108]  raw=0f0000001a0000000c0000006c000000
0x66  OK  OTHER      [116236 116244 116231 116324]  raw=0cc6010014c6010007c6010064c60100
0x67  OK  a+b        [15 26 12 108]  raw=0f0000001a0000000c0000006c000000
0x68  OK  OTHER      [232192 232192 232192 232192]  raw=008b0300008b0300008b0300008b0300
0x69  OK  OTHER      [115971 115974 115973 115976]  raw=03c5010006c5010005c5010008c50100
0x6a  OK  OTHER      [232192 232192 232192 232192]  raw=008b0300008b0300008b0300008b0300
0x6b  OK  OTHER      [115971 115974 115973 115976]  raw=03c5010006c5010005c5010008c50100
0x6c  OK  OTHER      [116236 116244 116231 116324]  raw=0cc6010014c6010007c6010064c60100
0x6d  OK  a+b        [15 26 12 108]  raw=0f0000001a0000000c0000006c000000
0x6e  OK  OTHER      [116236 116244 116231 116324]  raw=0cc6010014c6010007c6010064c60100
0x6f  OK  a+b        [15 26 12 108]  raw=0f0000001a0000000c0000006c000000
0x70  OK  OTHER      [232192 232192 232192 232192]  raw=008b0300008b0300008b0300008b0300
0x71  OK  OTHER      [115971 115974 115973 115976]  raw=03c5010006c5010005c5010008c50100
0x72  OK  OTHER      [232192 232192 232192 232192]  raw=008b0300008b0300008b0300008b0300
0x73  OK  OTHER      [115971 115974 115973 115976]  raw=03c5010006c5010005c5010008c50100
0x74  OK  OTHER      [116236 116244 116231 116324]  raw=0cc6010014c6010007c6010064c60100
0x75  OK  a+b        [15 26 12 108]  raw=0f0000001a0000000c0000006c000000
0x76  OK  OTHER      [116236 116244 116231 116324]  raw=0cc6010014c6010007c6010064c60100
0x77  OK  a+b        [15 26 12 108]  raw=0f0000001a0000000c0000006c000000
0x78  OK  OTHER      [232192 232192 232192 232192]  raw=008b0300008b0300008b0300008b0300
0x79  OK  OTHER      [115971 115974 115973 115976]  raw=03c5010006c5010005c5010008c50100
0x7a  OK  OTHER      [232192 232192 232192 232192]  raw=008b0300008b0300008b0300008b0300
0x7b  OK  OTHER      [115971 115974 115973 115976]  raw=03c5010006c5010005c5010008c50100
0x7c  OK  OTHER      [116236 116244 116231 116324]  raw=0cc6010014c6010007c6010064c60100
0x7d  OK  a+b        [15 26 12 108]  raw=0f0000001a0000000c0000006c000000
0x7e  OK  OTHER      [116236 116244 116231 116324]  raw=0cc6010014c6010007c6010064c60100
0x7f  OK  a+b        [15 26 12 108]  raw=0f0000001a0000000c0000006c000000
0x80  OK  OTHER      [232192 232192 232192 232192]  raw=008b0300008b0300008b0300008b0300
0x81  OK  OTHER      [115971 115974 115973 115976]  raw=03c5010006c5010005c5010008c50100
0x82  OK  OTHER      [232192 232192 232192 232192]  raw=008b0300008b0300008b0300008b0300
0x83  OK  OTHER      [115971 115974 115973 115976]  raw=03c5010006c5010005c5010008c50100
0x84  OK  OTHER      [116236 116244 116231 116324]  raw=0cc6010014c6010007c6010064c60100
0x85  OK  a+b        [15 26 12 108]  raw=0f0000001a0000000c0000006c000000
0x86  OK  OTHER      [116236 116244 116231 116324]  raw=0cc6010014c6010007c6010064c60100
0x87  OK  a+b        [15 26 12 108]  raw=0f0000001a0000000c0000006c000000
0x88  OK  OTHER      [232192 232192 232192 232192]  raw=008b0300008b0300008b0300008b0300
0x89  OK  OTHER      [115971 115974 115973 115976]  raw=03c5010006c5010005c5010008c50100
0x8a  OK  OTHER      [232192 232192 232192 232192]  raw=008b0300008b0300008b0300008b0300
0x8b  OK  OTHER      [115971 115974 115973 115976]  raw=03c5010006c5010005c5010008c50100
0x8c  OK  OTHER      [116236 116244 116231 116324]  raw=0cc6010014c6010007c6010064c60100
0x8d  OK  a+b        [15 26 12 108]  raw=0f0000001a0000000c0000006c000000
0x8e  OK  OTHER      [116236 116244 116231 116324]  raw=0cc6010014c6010007c6010064c60100
0x8f  OK  a+b        [15 26 12 108]  raw=0f0000001a0000000c0000006c000000
0x90  OK  OTHER      [232192 232192 232192 232192]  raw=008b0300008b0300008b0300008b0300
0x91  OK  OTHER      [115971 115974 115973 115976]  raw=03c5010006c5010005c5010008c50100
0x92  OK  OTHER      [232192 232192 232192 232192]  raw=008b0300008b0300008b0300008b0300
0x93  OK  OTHER      [115971 115974 115973 115976]  raw=03c5010006c5010005c5010008c50100
0x94  OK  OTHER      [116236 116244 116231 116324]  raw=0cc6010014c6010007c6010064c60100
0x95  OK  a+b        [15 26 12 108]  raw=0f0000001a0000000c0000006c000000
0x96  OK  OTHER      [116236 116244 116231 116324]  raw=0cc6010014c6010007c6010064c60100
0x97  OK  a+b        [15 26 12 108]  raw=0f0000001a0000000c0000006c000000
0x98  OK  OTHER      [232192 232192 232192 232192]  raw=008b0300008b0300008b0300008b0300
0x99  OK  OTHER      [115971 115974 115973 115976]  raw=03c5010006c5010005c5010008c50100
0x9a  OK  OTHER      [232192 232192 232192 232192]  raw=008b0300008b0300008b0300008b0300
0x9b  OK  OTHER      [115971 115974 115973 115976]  raw=03c5010006c5010005c5010008c50100
0x9c  OK  OTHER      [116236 116244 116231 116324]  raw=0cc6010014c6010007c6010064c60100
0x9d  OK  a+b        [15 26 12 108]  raw=0f0000001a0000000c0000006c000000
0x9e  OK  OTHER      [116236 116244 116231 116324]  raw=0cc6010014c6010007c6010064c60100
0x9f  OK  a+b        [15 26 12 108]  raw=0f0000001a0000000c0000006c000000
0xa0  OK  OTHER      [232192 232192 232192 232192]  raw=008b0300008b0300008b0300008b0300
0xa1  OK  OTHER      [115971 115974 115973 115976]  raw=03c5010006c5010005c5010008c50100
0xa2  OK  OTHER      [232192 232192 232192 232192]  raw=008b0300008b0300008b0300008b0300
0xa3  OK  OTHER      [115971 115974 115973 115976]  raw=03c5010006c5010005c5010008c50100
0xa4  OK  OTHER      [116236 116244 116231 116324]  raw=0cc6010014c6010007c6010064c60100
0xa5  OK  a+b        [15 26 12 108]  raw=0f0000001a0000000c0000006c000000
0xa6  OK  OTHER      [116236 116244 116231 116324]  raw=0cc6010014c6010007c6010064c60100
0xa7  OK  a+b        [15 26 12 108]  raw=0f0000001a0000000c0000006c000000
0xa8  OK  OTHER      [232192 232192 232192 232192]  raw=008b0300008b0300008b0300008b0300
0xa9  OK  OTHER      [115971 115974 115973 115976]  raw=03c5010006c5010005c5010008c50100
0xaa  OK  OTHER      [232192 232192 232192 232192]  raw=008b0300008b0300008b0300008b0300
0xab  OK  OTHER      [115971 115974 115973 115976]  raw=03c5010006c5010005c5010008c50100
0xac  OK  OTHER      [116236 116244 116231 116324]  raw=0cc6010014c6010007c6010064c60100
0xad  OK  a+b        [15 26 12 108]  raw=0f0000001a0000000c0000006c000000
0xae  OK  OTHER      [116236 116244 116231 116324]  raw=0cc6010014c6010007c6010064c60100
0xaf  OK  a+b        [15 26 12 108]  raw=0f0000001a0000000c0000006c000000
0xb0  OK  OTHER      [232192 232192 232192 232192]  raw=008b0300008b0300008b0300008b0300
0xb1  OK  OTHER      [115971 115974 115973 115976]  raw=03c5010006c5010005c5010008c50100
0xb2  OK  OTHER      [232192 232192 232192 232192]  raw=008b0300008b0300008b0300008b0300
0xb3  OK  OTHER      [115971 115974 115973 115976]  raw=03c5010006c5010005c5010008c50100
0xb4  OK  OTHER      [116236 116244 116231 116324]  raw=0cc6010014c6010007c6010064c60100
0xb5  OK  a+b        [15 26 12 108]  raw=0f0000001a0000000c0000006c000000
0xb6  OK  OTHER      [116236 116244 116231 116324]  raw=0cc6010014c6010007c6010064c60100
0xb7  OK  a+b        [15 26 12 108]  raw=0f0000001a0000000c0000006c000000
0xb8  OK  OTHER      [232192 232192 232192 232192]  raw=008b0300008b0300008b0300008b0300
0xb9  OK  OTHER      [115971 115974 115973 115976]  raw=03c5010006c5010005c5010008c50100
0xba  OK  OTHER      [232192 232192 232192 232192]  raw=008b0300008b0300008b0300008b0300
0xbb  OK  OTHER      [115971 115974 115973 115976]  raw=03c5010006c5010005c5010008c50100
0xbc  OK  OTHER      [116236 116244 116231 116324]  raw=0cc6010014c6010007c6010064c60100
0xbd  OK  a+b        [15 26 12 108]  raw=0f0000001a0000000c0000006c000000
0xbe  OK  OTHER      [116236 116244 116231 116324]  raw=0cc6010014c6010007c6010064c60100
0xbf  OK  a+b        [15 26 12 108]  raw=0f0000001a0000000c0000006c000000
0xc0  OK  OTHER      [232192 232192 232192 232192]  raw=008b0300008b0300008b0300008b0300
0xc1  OK  OTHER      [115971 115974 115973 115976]  raw=03c5010006c5010005c5010008c50100
0xc2  OK  OTHER      [232192 232192 232192 232192]  raw=008b0300008b0300008b0300008b0300
0xc3  OK  OTHER      [115971 115974 115973 115976]  raw=03c5010006c5010005c5010008c50100
0xc4  OK  OTHER      [116236 116244 116231 116324]  raw=0cc6010014c6010007c6010064c60100
0xc5  OK  a+b        [15 26 12 108]  raw=0f0000001a0000000c0000006c000000
0xc6  OK  OTHER      [116236 116244 116231 116324]  raw=0cc6010014c6010007c6010064c60100
0xc7  OK  a+b        [15 26 12 108]  raw=0f0000001a0000000c0000006c000000
0xc8  OK  OTHER      [232192 232192 232192 232192]  raw=008b0300008b0300008b0300008b0300
0xc9  OK  OTHER      [115971 115974 115973 115976]  raw=03c5010006c5010005c5010008c50100
0xca  OK  OTHER      [232192 232192 232192 232192]  raw=008b0300008b0300008b0300008b0300
0xcb  OK  OTHER      [115971 115974 115973 115976]  raw=03c5010006c5010005c5010008c50100
0xcc  OK  OTHER      [116236 116244 116231 116324]  raw=0cc6010014c6010007c6010064c60100
0xcd  OK  a+b        [15 26 12 108]  raw=0f0000001a0000000c0000006c000000
0xce  OK  OTHER      [116236 116244 116231 116324]  raw=0cc6010014c6010007c6010064c60100
0xcf  OK  a+b        [15 26 12 108]  raw=0f0000001a0000000c0000006c000000
0xd0  OK  OTHER      [232192 232192 232192 232192]  raw=008b0300008b0300008b0300008b0300
0xd1  OK  OTHER      [115971 115974 115973 115976]  raw=03c5010006c5010005c5010008c50100
0xd2  OK  OTHER      [232192 232192 232192 232192]  raw=008b0300008b0300008b0300008b0300
0xd3  OK  OTHER      [115971 115974 115973 115976]  raw=03c5010006c5010005c5010008c50100
0xd4  OK  OTHER      [116236 116244 116231 116324]  raw=0cc6010014c6010007c6010064c60100
0xd5  OK  a+b        [15 26 12 108]  raw=0f0000001a0000000c0000006c000000
0xd6  OK  OTHER      [116236 116244 116231 116324]  raw=0cc6010014c6010007c6010064c60100
0xd7  OK  a+b        [15 26 12 108]  raw=0f0000001a0000000c0000006c000000
0xd8  OK  OTHER      [232192 232192 232192 232192]  raw=008b0300008b0300008b0300008b0300
0xd9  OK  OTHER      [115971 115974 115973 115976]  raw=03c5010006c5010005c5010008c50100
0xda  OK  OTHER      [232192 232192 232192 232192]  raw=008b0300008b0300008b0300008b0300
0xdb  OK  OTHER      [115971 115974 115973 115976]  raw=03c5010006c5010005c5010008c50100
0xdc  OK  OTHER      [116236 116244 116231 116324]  raw=0cc6010014c6010007c6010064c60100
0xdd  OK  a+b        [15 26 12 108]  raw=0f0000001a0000000c0000006c000000
0xde  OK  OTHER      [116236 116244 116231 116324]  raw=0cc6010014c6010007c6010064c60100
0xdf  OK  a+b        [15 26 12 108]  raw=0f0000001a0000000c0000006c000000
0xe0  OK  OTHER      [232192 232192 232192 232192]  raw=008b0300008b0300008b0300008b0300
0xe1  OK  OTHER      [115971 115974 115973 115976]  raw=03c5010006c5010005c5010008c50100
0xe2  OK  OTHER      [232192 232192 232192 232192]  raw=008b0300008b0300008b0300008b0300
0xe3  OK  OTHER      [115971 115974 115973 115976]  raw=03c5010006c5010005c5010008c50100
0xe4  OK  OTHER      [116236 116244 116231 116324]  raw=0cc6010014c6010007c6010064c60100
0xe5  OK  a+b        [15 26 12 108]  raw=0f0000001a0000000c0000006c000000
0xe6  OK  OTHER      [116236 116244 116231 116324]  raw=0cc6010014c6010007c6010064c60100
0xe7  OK  a+b        [15 26 12 108]  raw=0f0000001a0000000c0000006c000000
0xe8  OK  OTHER      [232192 232192 232192 232192]  raw=008b0300008b0300008b0300008b0300
0xe9  OK  OTHER      [115971 115974 115973 115976]  raw=03c5010006c5010005c5010008c50100
0xea  OK  OTHER      [232192 232192 232192 232192]  raw=008b0300008b0300008b0300008b0300
0xeb  OK  OTHER      [115971 115974 115973 115976]  raw=03c5010006c5010005c5010008c50100
0xec  OK  OTHER      [116236 116244 116231 116324]  raw=0cc6010014c6010007c6010064c60100
0xed  OK  a+b        [15 26 12 108]  raw=0f0000001a0000000c0000006c000000
0xee  OK  OTHER      [116236 116244 116231 116324]  raw=0cc6010014c6010007c6010064c60100
0xef  OK  a+b        [15 26 12 108]  raw=0f0000001a0000000c0000006c000000
0xf0  OK  OTHER      [232192 232192 232192 232192]  raw=008b0300008b0300008b0300008b0300
0xf1  OK  OTHER      [115971 115974 115973 115976]  raw=03c5010006c5010005c5010008c50100
0xf2  OK  OTHER      [232192 232192 232192 232192]  raw=008b0300008b0300008b0300008b0300
0xf3  OK  OTHER      [115971 115974 115973 115976]  raw=03c5010006c5010005c5010008c50100
0xf4  OK  OTHER      [116236 116244 116231 116324]  raw=0cc6010014c6010007c6010064c60100
0xf5  OK  a+b        [15 26 12 108]  raw=0f0000001a0000000c0000006c000000
0xf6  OK  OTHER      [116236 116244 116231 116324]  raw=0cc6010014c6010007c6010064c60100
0xf7  OK  a+b        [15 26 12 108]  raw=0f0000001a0000000c0000006c000000
0xf8  OK  OTHER      [232192 232192 232192 232192]  raw=008b0300008b0300008b0300008b0300
0xf9  OK  OTHER      [115971 115974 115973 115976]  raw=03c5010006c5010005c5010008c50100
0xfa  OK  OTHER      [232192 232192 232192 232192]  raw=008b0300008b0300008b0300008b0300
0xfb  OK  OTHER      [115971 115974 115973 115976]  raw=03c5010006c5010005c5010008c50100
0xfc  OK  OTHER      [116236 116244 116231 116324]  raw=0cc6010014c6010007c6010064c60100
0xfd  OK  a+b        [15 26 12 108]  raw=0f0000001a0000000c0000006c000000
0xfe  OK  OTHER      [116236 116244 116231 116324]  raw=0cc6010014c6010007c6010064c60100
0xff  OK  a+b        [15 26 12 108]  raw=0f0000001a0000000c0000006c000000
# SUMMARY: OTHER=192, a+b=64
