# source=kernels/imin.metal ALU@0x20 len=6 bytes=02011e0507c0
# sweeping rel=0x4 (abs 0x24)  A=[12, 20, 7, 100] B=[3, 6, 5, 8]  fixed=
0x00  OK  min        [3 6 5 8]  raw=03000000060000000500000008000000
0x01  OK  min        [3 6 5 8]  raw=03000000060000000500000008000000
0x02  OK  min        [3 6 5 8]  raw=03000000060000000500000008000000
0x03  OK  min        [3 6 5 8]  raw=03000000060000000500000008000000
0x04  OK  max        [12 20 7 100]  raw=0c000000140000000700000064000000
0x05  OK  min        [3 6 5 8]  raw=03000000060000000500000008000000
0x06  OK  max        [12 20 7 100]  raw=0c000000140000000700000064000000
0x07  OK  min        [3 6 5 8]  raw=03000000060000000500000008000000
0x08  OK  min        [3 6 5 8]  raw=03000000060000000500000008000000
0x09  OK  min        [3 6 5 8]  raw=03000000060000000500000008000000
0x0a  OK  min        [3 6 5 8]  raw=03000000060000000500000008000000
0x0b  OK  min        [3 6 5 8]  raw=03000000060000000500000008000000
0x0c  OK  max        [12 20 7 100]  raw=0c000000140000000700000064000000
0x0d  OK  min        [3 6 5 8]  raw=03000000060000000500000008000000
0x0e  OK  max        [12 20 7 100]  raw=0c000000140000000700000064000000
0x0f  OK  min        [3 6 5 8]  raw=03000000060000000500000008000000
0x10  OK  min        [3 6 5 8]  raw=03000000060000000500000008000000
0x11  OK  min        [3 6 5 8]  raw=03000000060000000500000008000000
0x12  OK  min        [3 6 5 8]  raw=03000000060000000500000008000000
0x13  OK  min        [3 6 5 8]  raw=03000000060000000500000008000000
0x14  OK  max        [12 20 7 100]  raw=0c000000140000000700000064000000
0x15  OK  min        [3 6 5 8]  raw=03000000060000000500000008000000
0x16  OK  max        [12 20 7 100]  raw=0c000000140000000700000064000000
0x17  OK  min        [3 6 5 8]  raw=03000000060000000500000008000000
0x18  OK  min        [3 6 5 8]  raw=03000000060000000500000008000000
0x19  OK  min        [3 6 5 8]  raw=03000000060000000500000008000000
0x1a  OK  min        [3 6 5 8]  raw=03000000060000000500000008000000
0x1b  OK  min        [3 6 5 8]  raw=03000000060000000500000008000000
0x1c  OK  max        [12 20 7 100]  raw=0c000000140000000700000064000000
0x1d  OK  min        [3 6 5 8]  raw=03000000060000000500000008000000
0x1e  OK  max        [12 20 7 100]  raw=0c000000140000000700000064000000
0x1f  OK  min        [3 6 5 8]  raw=03000000060000000500000008000000
0x20  OK  zero       [0 0 0 0]  raw=00000000000000000000000000000000
0x21  OK  zero       [0 0 0 0]  raw=00000000000000000000000000000000
0x22  OK  zero       [0 0 0 0]  raw=00000000000000000000000000000000
0x23  OK  zero       [0 0 0 0]  raw=00000000000000000000000000000000
0x24  OK  zero       [0 0 0 0]  raw=00000000000000000000000000000000
0x25  OK  zero       [0 0 0 0]  raw=00000000000000000000000000000000
0x26  OK  zero       [0 0 0 0]  raw=00000000000000000000000000000000
0x27  OK  zero       [0 0 0 0]  raw=00000000000000000000000000000000
0x28  OK  zero       [0 0 0 0]  raw=00000000000000000000000000000000
0x29  OK  zero       [0 0 0 0]  raw=00000000000000000000000000000000
0x2a  OK  zero       [0 0 0 0]  raw=00000000000000000000000000000000
0x2b  OK  zero       [0 0 0 0]  raw=00000000000000000000000000000000
0x2c  OK  zero       [0 0 0 0]  raw=00000000000000000000000000000000
0x2d  OK  zero       [0 0 0 0]  raw=00000000000000000000000000000000
0x2e  OK  zero       [0 0 0 0]  raw=00000000000000000000000000000000
0x2f  OK  zero       [0 0 0 0]  raw=00000000000000000000000000000000
0x30  OK  zero       [0 0 0 0]  raw=00000000000000000000000000000000
0x31  OK  zero       [0 0 0 0]  raw=00000000000000000000000000000000
0x32  OK  zero       [0 0 0 0]  raw=00000000000000000000000000000000
0x33  OK  zero       [0 0 0 0]  raw=00000000000000000000000000000000
0x34  OK  zero       [0 0 0 0]  raw=00000000000000000000000000000000
0x35  OK  zero       [0 0 0 0]  raw=00000000000000000000000000000000
0x36  OK  zero       [0 0 0 0]  raw=00000000000000000000000000000000
0x37  OK  zero       [0 0 0 0]  raw=00000000000000000000000000000000
0x38  OK  zero       [0 0 0 0]  raw=00000000000000000000000000000000
0x39  OK  zero       [0 0 0 0]  raw=00000000000000000000000000000000
0x3a  OK  zero       [0 0 0 0]  raw=00000000000000000000000000000000
0x3b  OK  zero       [0 0 0 0]  raw=00000000000000000000000000000000
0x3c  OK  zero       [0 0 0 0]  raw=00000000000000000000000000000000
0x3d  OK  zero       [0 0 0 0]  raw=00000000000000000000000000000000
0x3e  OK  zero       [0 0 0 0]  raw=00000000000000000000000000000000
0x3f  OK  zero       [0 0 0 0]  raw=00000000000000000000000000000000
0x40  OK  zero       [0 0 0 0]  raw=00000000000000000000000000000000
0x41  OK  zero       [0 0 0 0]  raw=00000000000000000000000000000000
0x42  OK  zero       [0 0 0 0]  raw=00000000000000000000000000000000
0x43  OK  zero       [0 0 0 0]  raw=00000000000000000000000000000000
0x44  OK  zero       [0 0 0 0]  raw=00000000000000000000000000000000
0x45  OK  zero       [0 0 0 0]  raw=00000000000000000000000000000000
0x46  OK  zero       [0 0 0 0]  raw=00000000000000000000000000000000
0x47  OK  zero       [0 0 0 0]  raw=00000000000000000000000000000000
0x48  OK  zero       [0 0 0 0]  raw=00000000000000000000000000000000
0x49  OK  zero       [0 0 0 0]  raw=00000000000000000000000000000000
0x4a  OK  zero       [0 0 0 0]  raw=00000000000000000000000000000000
0x4b  OK  zero       [0 0 0 0]  raw=00000000000000000000000000000000
0x4c  OK  zero       [0 0 0 0]  raw=00000000000000000000000000000000
0x4d  OK  zero       [0 0 0 0]  raw=00000000000000000000000000000000
0x4e  OK  zero       [0 0 0 0]  raw=00000000000000000000000000000000
0x4f  OK  zero       [0 0 0 0]  raw=00000000000000000000000000000000
0x50  OK  zero       [0 0 0 0]  raw=00000000000000000000000000000000
0x51  OK  zero       [0 0 0 0]  raw=00000000000000000000000000000000
0x52  OK  zero       [0 0 0 0]  raw=00000000000000000000000000000000
0x53  OK  zero       [0 0 0 0]  raw=00000000000000000000000000000000
0x54  OK  zero       [0 0 0 0]  raw=00000000000000000000000000000000
0x55  OK  zero       [0 0 0 0]  raw=00000000000000000000000000000000
0x56  OK  zero       [0 0 0 0]  raw=00000000000000000000000000000000
0x57  OK  zero       [0 0 0 0]  raw=00000000000000000000000000000000
0x58  OK  zero       [0 0 0 0]  raw=00000000000000000000000000000000
0x59  OK  zero       [0 0 0 0]  raw=00000000000000000000000000000000
0x5a  OK  zero       [0 0 0 0]  raw=00000000000000000000000000000000
0x5b  OK  zero       [0 0 0 0]  raw=00000000000000000000000000000000
0x5c  OK  zero       [0 0 0 0]  raw=00000000000000000000000000000000
0x5d  OK  zero       [0 0 0 0]  raw=00000000000000000000000000000000
0x5e  OK  zero       [0 0 0 0]  raw=00000000000000000000000000000000
0x5f  OK  zero       [0 0 0 0]  raw=00000000000000000000000000000000
0x60  OK  zero       [0 0 0 0]  raw=00000000000000000000000000000000
0x61  OK  zero       [0 0 0 0]  raw=00000000000000000000000000000000
0x62  OK  zero       [0 0 0 0]  raw=00000000000000000000000000000000
0x63  OK  zero       [0 0 0 0]  raw=00000000000000000000000000000000
0x64  OK  zero       [0 0 0 0]  raw=00000000000000000000000000000000
0x65  OK  zero       [0 0 0 0]  raw=00000000000000000000000000000000
0x66  OK  zero       [0 0 0 0]  raw=00000000000000000000000000000000
0x67  OK  zero       [0 0 0 0]  raw=00000000000000000000000000000000
0x68  OK  zero       [0 0 0 0]  raw=00000000000000000000000000000000
0x69  OK  zero       [0 0 0 0]  raw=00000000000000000000000000000000
0x6a  OK  zero       [0 0 0 0]  raw=00000000000000000000000000000000
0x6b  OK  zero       [0 0 0 0]  raw=00000000000000000000000000000000
0x6c  OK  zero       [0 0 0 0]  raw=00000000000000000000000000000000
0x6d  OK  zero       [0 0 0 0]  raw=00000000000000000000000000000000
0x6e  OK  zero       [0 0 0 0]  raw=00000000000000000000000000000000
0x6f  OK  zero       [0 0 0 0]  raw=00000000000000000000000000000000
0x70  OK  zero       [0 0 0 0]  raw=00000000000000000000000000000000
0x71  OK  zero       [0 0 0 0]  raw=00000000000000000000000000000000
0x72  OK  zero       [0 0 0 0]  raw=00000000000000000000000000000000
0x73  OK  zero       [0 0 0 0]  raw=00000000000000000000000000000000
0x74  OK  zero       [0 0 0 0]  raw=00000000000000000000000000000000
0x75  OK  zero       [0 0 0 0]  raw=00000000000000000000000000000000
0x76  OK  zero       [0 0 0 0]  raw=00000000000000000000000000000000
0x77  OK  zero       [0 0 0 0]  raw=00000000000000000000000000000000
0x78  OK  zero       [0 0 0 0]  raw=00000000000000000000000000000000
0x79  OK  zero       [0 0 0 0]  raw=00000000000000000000000000000000
0x7a  OK  zero       [0 0 0 0]  raw=00000000000000000000000000000000
0x7b  OK  zero       [0 0 0 0]  raw=00000000000000000000000000000000
0x7c  OK  zero       [0 0 0 0]  raw=00000000000000000000000000000000
0x7d  OK  zero       [0 0 0 0]  raw=00000000000000000000000000000000
0x7e  OK  zero       [0 0 0 0]  raw=00000000000000000000000000000000
0x7f  OK  zero       [0 0 0 0]  raw=00000000000000000000000000000000
0x80  OK  min        [3 6 5 8]  raw=03000000060000000500000008000000
0x81  OK  min        [3 6 5 8]  raw=03000000060000000500000008000000
0x82  OK  min        [3 6 5 8]  raw=03000000060000000500000008000000
0x83  OK  min        [3 6 5 8]  raw=03000000060000000500000008000000
0x84  OK  min        [3 6 5 8]  raw=03000000060000000500000008000000
0x85  OK  zero       [0 0 0 0]  raw=00000000000000000000000000000000
0x86  OK  min        [3 6 5 8]  raw=03000000060000000500000008000000
0x87  OK  zero       [0 0 0 0]  raw=00000000000000000000000000000000
0x88  OK  min        [3 6 5 8]  raw=03000000060000000500000008000000
0x89  OK  min        [3 6 5 8]  raw=03000000060000000500000008000000
0x8a  OK  min        [3 6 5 8]  raw=03000000060000000500000008000000
0x8b  OK  min        [3 6 5 8]  raw=03000000060000000500000008000000
0x8c  OK  min        [3 6 5 8]  raw=03000000060000000500000008000000
0x8d  OK  zero       [0 0 0 0]  raw=00000000000000000000000000000000
0x8e  OK  min        [3 6 5 8]  raw=03000000060000000500000008000000
0x8f  OK  zero       [0 0 0 0]  raw=00000000000000000000000000000000
0x90  OK  min        [3 6 5 8]  raw=03000000060000000500000008000000
0x91  OK  min        [3 6 5 8]  raw=03000000060000000500000008000000
0x92  OK  min        [3 6 5 8]  raw=03000000060000000500000008000000
0x93  OK  min        [3 6 5 8]  raw=03000000060000000500000008000000
0x94  OK  min        [3 6 5 8]  raw=03000000060000000500000008000000
0x95  OK  zero       [0 0 0 0]  raw=00000000000000000000000000000000
0x96  OK  min        [3 6 5 8]  raw=03000000060000000500000008000000
0x97  OK  zero       [0 0 0 0]  raw=00000000000000000000000000000000
0x98  OK  min        [3 6 5 8]  raw=03000000060000000500000008000000
0x99  OK  min        [3 6 5 8]  raw=03000000060000000500000008000000
0x9a  OK  min        [3 6 5 8]  raw=03000000060000000500000008000000
0x9b  OK  min        [3 6 5 8]  raw=03000000060000000500000008000000
0x9c  OK  min        [3 6 5 8]  raw=03000000060000000500000008000000
0x9d  OK  zero       [0 0 0 0]  raw=00000000000000000000000000000000
0x9e  OK  min        [3 6 5 8]  raw=03000000060000000500000008000000
0x9f  OK  zero       [0 0 0 0]  raw=00000000000000000000000000000000
0xa0  OK  max        [12 20 7 100]  raw=0c000000140000000700000064000000
0xa1  OK  max        [12 20 7 100]  raw=0c000000140000000700000064000000
0xa2  OK  max        [12 20 7 100]  raw=0c000000140000000700000064000000
0xa3  OK  max        [12 20 7 100]  raw=0c000000140000000700000064000000
0xa4  OK  max        [12 20 7 100]  raw=0c000000140000000700000064000000
0xa5  OK  max        [12 20 7 100]  raw=0c000000140000000700000064000000
0xa6  OK  max        [12 20 7 100]  raw=0c000000140000000700000064000000
0xa7  OK  max        [12 20 7 100]  raw=0c000000140000000700000064000000
0xa8  OK  max        [12 20 7 100]  raw=0c000000140000000700000064000000
0xa9  OK  max        [12 20 7 100]  raw=0c000000140000000700000064000000
0xaa  OK  max        [12 20 7 100]  raw=0c000000140000000700000064000000
0xab  OK  max        [12 20 7 100]  raw=0c000000140000000700000064000000
0xac  OK  max        [12 20 7 100]  raw=0c000000140000000700000064000000
0xad  OK  max        [12 20 7 100]  raw=0c000000140000000700000064000000
0xae  OK  max        [12 20 7 100]  raw=0c000000140000000700000064000000
0xaf  OK  max        [12 20 7 100]  raw=0c000000140000000700000064000000
0xb0  OK  max        [12 20 7 100]  raw=0c000000140000000700000064000000
0xb1  OK  max        [12 20 7 100]  raw=0c000000140000000700000064000000
0xb2  OK  max        [12 20 7 100]  raw=0c000000140000000700000064000000
0xb3  OK  max        [12 20 7 100]  raw=0c000000140000000700000064000000
0xb4  OK  max        [12 20 7 100]  raw=0c000000140000000700000064000000
0xb5  OK  max        [12 20 7 100]  raw=0c000000140000000700000064000000
0xb6  OK  max        [12 20 7 100]  raw=0c000000140000000700000064000000
0xb7  OK  max        [12 20 7 100]  raw=0c000000140000000700000064000000
0xb8  OK  max        [12 20 7 100]  raw=0c000000140000000700000064000000
0xb9  OK  max        [12 20 7 100]  raw=0c000000140000000700000064000000
0xba  OK  max        [12 20 7 100]  raw=0c000000140000000700000064000000
0xbb  OK  max        [12 20 7 100]  raw=0c000000140000000700000064000000
0xbc  OK  max        [12 20 7 100]  raw=0c000000140000000700000064000000
0xbd  OK  max        [12 20 7 100]  raw=0c000000140000000700000064000000
0xbe  OK  max        [12 20 7 100]  raw=0c000000140000000700000064000000
0xbf  OK  max        [12 20 7 100]  raw=0c000000140000000700000064000000
0xc0  OK  max        [12 20 7 100]  raw=0c000000140000000700000064000000
0xc1  OK  max        [12 20 7 100]  raw=0c000000140000000700000064000000
0xc2  OK  max        [12 20 7 100]  raw=0c000000140000000700000064000000
0xc3  OK  max        [12 20 7 100]  raw=0c000000140000000700000064000000
0xc4  OK  max        [12 20 7 100]  raw=0c000000140000000700000064000000
0xc5  OK  max        [12 20 7 100]  raw=0c000000140000000700000064000000
0xc6  OK  max        [12 20 7 100]  raw=0c000000140000000700000064000000
0xc7  OK  max        [12 20 7 100]  raw=0c000000140000000700000064000000
0xc8  OK  max        [12 20 7 100]  raw=0c000000140000000700000064000000
0xc9  OK  max        [12 20 7 100]  raw=0c000000140000000700000064000000
0xca  OK  max        [12 20 7 100]  raw=0c000000140000000700000064000000
0xcb  OK  max        [12 20 7 100]  raw=0c000000140000000700000064000000
0xcc  OK  max        [12 20 7 100]  raw=0c000000140000000700000064000000
0xcd  OK  max        [12 20 7 100]  raw=0c000000140000000700000064000000
0xce  OK  max        [12 20 7 100]  raw=0c000000140000000700000064000000
0xcf  OK  max        [12 20 7 100]  raw=0c000000140000000700000064000000
0xd0  OK  max        [12 20 7 100]  raw=0c000000140000000700000064000000
0xd1  OK  max        [12 20 7 100]  raw=0c000000140000000700000064000000
0xd2  OK  max        [12 20 7 100]  raw=0c000000140000000700000064000000
0xd3  OK  max        [12 20 7 100]  raw=0c000000140000000700000064000000
0xd4  OK  max        [12 20 7 100]  raw=0c000000140000000700000064000000
0xd5  OK  max        [12 20 7 100]  raw=0c000000140000000700000064000000
0xd6  OK  max        [12 20 7 100]  raw=0c000000140000000700000064000000
0xd7  OK  max        [12 20 7 100]  raw=0c000000140000000700000064000000
0xd8  OK  max        [12 20 7 100]  raw=0c000000140000000700000064000000
0xd9  OK  max        [12 20 7 100]  raw=0c000000140000000700000064000000
0xda  OK  max        [12 20 7 100]  raw=0c000000140000000700000064000000
0xdb  OK  max        [12 20 7 100]  raw=0c000000140000000700000064000000
0xdc  OK  max        [12 20 7 100]  raw=0c000000140000000700000064000000
0xdd  OK  max        [12 20 7 100]  raw=0c000000140000000700000064000000
0xde  OK  max        [12 20 7 100]  raw=0c000000140000000700000064000000
0xdf  OK  max        [12 20 7 100]  raw=0c000000140000000700000064000000
0xe0  OK  max        [12 20 7 100]  raw=0c000000140000000700000064000000
0xe1  OK  max        [12 20 7 100]  raw=0c000000140000000700000064000000
0xe2  OK  max        [12 20 7 100]  raw=0c000000140000000700000064000000
0xe3  OK  max        [12 20 7 100]  raw=0c000000140000000700000064000000
0xe4  OK  max        [12 20 7 100]  raw=0c000000140000000700000064000000
0xe5  OK  max        [12 20 7 100]  raw=0c000000140000000700000064000000
0xe6  OK  max        [12 20 7 100]  raw=0c000000140000000700000064000000
0xe7  OK  max        [12 20 7 100]  raw=0c000000140000000700000064000000
0xe8  OK  max        [12 20 7 100]  raw=0c000000140000000700000064000000
0xe9  OK  max        [12 20 7 100]  raw=0c000000140000000700000064000000
0xea  OK  max        [12 20 7 100]  raw=0c000000140000000700000064000000
0xeb  OK  max        [12 20 7 100]  raw=0c000000140000000700000064000000
0xec  OK  max        [12 20 7 100]  raw=0c000000140000000700000064000000
0xed  OK  max        [12 20 7 100]  raw=0c000000140000000700000064000000
0xee  OK  max        [12 20 7 100]  raw=0c000000140000000700000064000000
0xef  OK  max        [12 20 7 100]  raw=0c000000140000000700000064000000
0xf0  OK  max        [12 20 7 100]  raw=0c000000140000000700000064000000
0xf1  OK  max        [12 20 7 100]  raw=0c000000140000000700000064000000
0xf2  OK  max        [12 20 7 100]  raw=0c000000140000000700000064000000
0xf3  OK  max        [12 20 7 100]  raw=0c000000140000000700000064000000
0xf4  OK  max        [12 20 7 100]  raw=0c000000140000000700000064000000
0xf5  OK  max        [12 20 7 100]  raw=0c000000140000000700000064000000
0xf6  OK  max        [12 20 7 100]  raw=0c000000140000000700000064000000
0xf7  OK  max        [12 20 7 100]  raw=0c000000140000000700000064000000
0xf8  OK  max        [12 20 7 100]  raw=0c000000140000000700000064000000
0xf9  OK  max        [12 20 7 100]  raw=0c000000140000000700000064000000
0xfa  OK  max        [12 20 7 100]  raw=0c000000140000000700000064000000
0xfb  OK  max        [12 20 7 100]  raw=0c000000140000000700000064000000
0xfc  OK  max        [12 20 7 100]  raw=0c000000140000000700000064000000
0xfd  OK  max        [12 20 7 100]  raw=0c000000140000000700000064000000
0xfe  OK  max        [12 20 7 100]  raw=0c000000140000000700000064000000
0xff  OK  max        [12 20 7 100]  raw=0c000000140000000700000064000000
# SUMMARY: max=104, min=48, zero=104
