SMOKE OK
[1/111] hsync_nonindexed_cpu_baseline_r0: status=OK verdict=PASS
[2/111] hsync_nonindexed_cpu_baseline_r1: status=OK verdict=PASS
[3/111] hsync_nonindexed_encoder_order_r0: status=OK verdict=PASS
[4/111] hsync_nonindexed_encoder_order_r1: status=OK verdict=PASS
[5/111] hsync_nonindexed_fence_sym_r0: status=OK verdict=PASS
[6/111] hsync_nonindexed_fence_sym_r1: status=OK verdict=PASS
[7/111] hsync_nonindexed_unsync_split_r0: status=OK verdict=N/A
[8/111] hsync_nonindexed_unsync_split_r1: status=OK verdict=N/A
[9/111] hsync_nonindexed_unsync_split_r2: status=OK verdict=N/A
[10/111] hsync_nonindexed_unsync_split_r3: status=OK verdict=N/A
[11/111] hsync_nonindexed_asym_producer_r0: status=OK verdict=N/A
[12/111] hsync_nonindexed_asym_producer_r1: status=OK verdict=N/A
[13/111] hsync_nonindexed_asym_producer_r2: status=OK verdict=N/A
[14/111] hsync_nonindexed_asym_producer_r3: status=OK verdict=N/A
[15/111] hsync_nonindexed_asym_consumer_r0: status=OK verdict=N/A
[16/111] hsync_nonindexed_asym_consumer_r1: status=OK verdict=N/A
[17/111] hsync_nonindexed_asym_consumer_r2: status=OK verdict=N/A
[18/111] hsync_nonindexed_asym_consumer_r3: status=OK verdict=N/A
[19/111] hsync_indexed_cpu_baseline_r0: status=OK verdict=PASS
[20/111] hsync_indexed_cpu_baseline_r1: status=OK verdict=PASS
[21/111] hsync_indexed_encoder_order_r0: status=OK verdict=PASS
[22/111] hsync_indexed_encoder_order_r1: status=OK verdict=PASS
[23/111] hsync_indexed_fence_sym_r0: status=OK verdict=PASS
[24/111] hsync_indexed_fence_sym_r1: status=OK verdict=PASS
[25/111] hsync_indexed_unsync_split_r0: status=OK verdict=N/A
[26/111] hsync_indexed_unsync_split_r1: status=OK verdict=N/A
[27/111] hsync_indexed_unsync_split_r2: status=OK verdict=N/A
[28/111] hsync_indexed_unsync_split_r3: status=OK verdict=N/A
[29/111] hsync_indexed_asym_producer_r0: status=OK verdict=N/A
[30/111] hsync_indexed_asym_producer_r1: status=OK verdict=N/A
[31/111] hsync_indexed_asym_producer_r2: status=OK verdict=N/A
[32/111] hsync_indexed_asym_producer_r3: status=OK verdict=N/A
[33/111] hsync_indexed_asym_consumer_r0: status=OK verdict=N/A
[34/111] hsync_indexed_asym_consumer_r1: status=OK verdict=N/A
[35/111] hsync_indexed_asym_consumer_r2: status=OK verdict=N/A
[36/111] hsync_indexed_asym_consumer_r3: status=OK verdict=N/A
[37/111] hfields_baseline_nonindexed: status=OK verdict=PASS
[38/111] hfields_vc_zero: status=OK verdict=PASS
[39/111] hfields_vc_one: status=OK verdict=PASS
[40/111] hfields_vc_full_capacity: status=OK verdict=PASS
[41/111] hfields_ic_zero: status=OK verdict=PASS
[42/111] hfields_ic_four: status=OK verdict=PASS
[43/111] hfields_baseinstance5_ic3: status=OK verdict=PASS
[44/111] hfields_vertexstart10: status=OK verdict=PASS
[45/111] hfields_indirect_offset_misaligned: status=OK verdict=PASS
[46/111] hfields_indexed_baseline32: status=OK verdict=PASS
[47/111] hfields_indexed_restart_sentinel: status=OK verdict=PASS
[48/111] hfields_indexed_16bit: status=OK verdict=PASS
[49/111] hfields_indexed_negative_basevertex: status=OK verdict=PASS
[50/111] hfields_indexed_vc_zero: status=OK verdict=PASS
[51/111] hfields_indexed_ic_four: status=OK verdict=PASS
[52/111] hfields_indexed_offset_misaligned: status=OK verdict=PASS
[53/111] hicbrange_len_zero: status=OK verdict=PASS
[54/111] hicbrange_full: status=OK verdict=PASS
[55/111] hicbrange_prefix: status=OK verdict=PASS
[56/111] hicbrange_suffix: status=OK verdict=PASS
[57/111] hicbrange_middle: status=OK verdict=PASS
[58/111] hicbrange_oversized_length: status=OK verdict=PASS
[59/111] hicbrange_loc_at_max_len0: status=OK verdict=PASS
[60/111] hicbrange_loc_at_max_len1: status=OK verdict=PASS
[61/111] hicbrange_loc_past_max: status=CMDBUF_ERROR verdict=PASS
[62/111] hicbmax_1024: status=OK verdict=PASS
[63/111] hicbmax_65536: status=OK verdict=PASS
[64/111] hicbmax_1048576: status=OK verdict=PASS
[65/111] hicbmax_4194304: status=OK verdict=PASS
[66/111] hicbmax_8388608: status=HARNESS_CRASH verdict=PASS
[67/111] xfbcap_cap_exact_fit_r0: status=OK verdict=PASS
[68/111] xfbcap_cap_exact_fit_r1: status=OK verdict=PASS
[69/111] xfbcap_cap_one_short_r0: status=OK verdict=PASS
[70/111] xfbcap_cap_one_short_r1: status=OK verdict=PASS
[71/111] xfbcap_cap_way_under_r0: status=OK verdict=PASS
[72/111] xfbcap_cap_way_under_r1: status=OK verdict=PASS
[73/111] xfbcap_cap_zero_r0: status=OK verdict=PASS
[74/111] xfbcap_cap_zero_r1: status=OK verdict=PASS
[75/111] xfbcap_cap_huge_r0: status=OK verdict=PASS
[76/111] xfbcap_cap_huge_r1: status=OK verdict=PASS
[77/111] xfbcap_vpp1_cap_exact_r0: status=OK verdict=PASS
[78/111] xfbcap_vpp1_cap_exact_r1: status=OK verdict=PASS
[79/111] xfbcap_vpp1_cap_one_short_r0: status=OK verdict=PASS
[80/111] xfbcap_vpp1_cap_one_short_r1: status=OK verdict=PASS
[81/111] xfbcap_interleaved_2attr_r0: status=OK verdict=PASS
[82/111] xfbcap_interleaved_2attr_r1: status=OK verdict=PASS
[83/111] xfbcap_misaligned_stride_off_r0: status=OK verdict=PASS
[84/111] xfbcap_misaligned_stride_off_r1: status=OK verdict=PASS
[85/111] xfbmulti_all4_active_r0: status=OK verdict=PASS
[86/111] xfbmulti_all4_active_r1: status=OK verdict=PASS
[87/111] xfbmulti_alternate_pairs_r0: status=OK verdict=PASS
[88/111] xfbmulti_alternate_pairs_r1: status=OK verdict=PASS
[89/111] xfbmulti_gsshaped_replay0_r0: status=OK verdict=PASS
[90/111] xfbmulti_gsshaped_replay0_r1: status=OK verdict=PASS
[91/111] xfbmulti_gsshaped_replay1_r0: status=OK verdict=PASS
[92/111] xfbmulti_gsshaped_replay1_r1: status=OK verdict=PASS
[93/111] xfbmulti_passthrough_vpp1_r0: status=OK verdict=PASS
[94/111] xfbmulti_passthrough_vpp1_r1: status=OK verdict=PASS
[95/111] xfbdiscard_discard_off_r0: status=OK verdict=PASS
[96/111] xfbdiscard_discard_off_r1: status=OK verdict=PASS
[97/111] xfbdiscard_discard_on_r0: status=OK verdict=PASS
[98/111] xfbdiscard_discard_on_r1: status=OK verdict=PASS
[99/111] xfbsync_encoder_order_r0: status=OK verdict=PASS
[100/111] xfbsync_encoder_order_r1: status=OK verdict=PASS
[101/111] xfbsync_fence_sym_r0: status=OK verdict=PASS
[102/111] xfbsync_fence_sym_r1: status=OK verdict=PASS
[103/111] xfbsync_unsync_split_r0: status=OK verdict=N/A
[104/111] xfbsync_unsync_split_r1: status=OK verdict=N/A
[105/111] xfbsync_unsync_split_r2: status=OK verdict=N/A
[106/111] xfbsync_asym_producer_r0: status=OK verdict=N/A
[107/111] xfbsync_asym_producer_r1: status=OK verdict=N/A
[108/111] xfbsync_asym_producer_r2: status=OK verdict=N/A
[109/111] xfbsync_asym_consumer_r0: status=OK verdict=N/A
[110/111] xfbsync_asym_consumer_r1: status=OK verdict=N/A
[111/111] xfbsync_asym_consumer_r2: status=OK verdict=N/A
DONE {'PASS': 78, 'FAIL': 0, 'TIMEOUT': 0, 'N/A': 33}
