# iotrace init pid=3710 dump_dir=comp_maps max_struct=65536 max_map=1048576 dump_atexit=0 n_dump_sel=0 only_conn=0x0
OPEN class=IOSurfaceRoot type=0 -> conn=1a03 ret=0x0
CALL seq=1 fn=Method conn=1a03 class=IOSurfaceRoot sel=13(0xd) inScalarCnt=0 inStructCnt=0
RET  seq=1 conn=1a03 sel=13(0xd) ret=0x0 outStructCnt=40
  OUT.struct len=40
  OUT 000000: ff3f 0000 7f00 0000 0080 0000 0000 0000 
  OUT 000010: 0040 0000 0000 0000 0040 0000 0000 0000 
  OUT 000020: 0000 0100 0000 0000                     
CALL seq=2 fn=Method conn=1a03 class=IOSurfaceRoot sel=44(0x2c) inScalarCnt=1 inStructCnt=0 inScalars=[0xe6a]
RET  seq=2 conn=1a03 sel=44(0x2c) ret=0xe00002f0 outStructCnt=0
OPEN class=AGXAcceleratorG17P type=1048581 -> conn=3903 ret=0x0
CALL seq=3 fn=Struct conn=3903 class=AGXAcceleratorG17P sel=2(0x2) inScalarCnt=0 inStructCnt=0
RET  seq=3 conn=3903 sel=2(0x2) ret=0x0 outStructCnt=536
  OUT.struct len=536
  OUT 000000: 0080 8400 0100 0000 0800 0000 0800 0000 
  OUT 000010: 0000 0000 8000 0000 0000 0000 0400 0000 
  OUT 000020: 0800 0000 0c00 0000 1000 0000 1400 0000 
  OUT 000030: 1800 0000 1c00 0000 2000 0000 2400 0000 
  OUT 000040: 2800 0000 2c00 0000 3000 0000 3400 0000 
  OUT 000050: 3800 0000 3c00 0000 4000 0000 4400 0000 
  OUT 000060: 4800 0000 4c00 0000 5000 0000 5400 0000 
  OUT 000070: 5800 0000 5c00 0000 6000 0000 6400 0000 
  OUT 000080: 6800 0000 6c00 0000 7000 0000 7400 0000 
  OUT 000090: 7800 0000 7c00 0000 8000 0000 8400 0000 
  OUT 0000a0: 8800 0000 8c00 0000 9000 0000 9400 0000 
  OUT 0000b0: 9800 0000 9c00 0000 a000 0000 a400 0000 
  OUT 0000c0: a800 0000 ac00 0000 b000 0000 b400 0000 
  OUT 0000d0: b800 0000 bc00 0000 c000 0000 c400 0000 
  OUT 0000e0: c800 0000 cc00 0000 d000 0000 d400 0000 
  OUT 0000f0: d800 0000 dc00 0000 e000 0000 e400 0000 
  OUT 000100: e800 0000 ec00 0000 f000 0000 f400 0000 
  OUT 000110: f800 0000 fc00 0000 0001 0000 0401 0000 
  OUT 000120: 0801 0000 0c01 0000 1001 0000 1401 0000 
  OUT 000130: 1801 0000 1c01 0000 2001 0000 2401 0000 
  OUT 000140: 2801 0000 2c01 0000 3001 0000 3401 0000 
  OUT 000150: 3801 0000 3c01 0000 4001 0000 4401 0000 
  OUT 000160: 4801 0000 4c01 0000 5001 0000 5401 0000 
  OUT 000170: 5801 0000 5c01 0000 6001 0000 6401 0000 
  OUT 000180: 6801 0000 6c01 0000 7001 0000 7401 0000 
  OUT 000190: 7801 0000 7c01 0000 8001 0000 8401 0000 
  OUT 0001a0: 8801 0000 8c01 0000 9001 0000 9401 0000 
  OUT 0001b0: 9801 0000 9c01 0000 a001 0000 a401 0000 
  OUT 0001c0: a801 0000 ac01 0000 b001 0000 b401 0000 
  OUT 0001d0: b801 0000 bc01 0000 c001 0000 c401 0000 
  OUT 0001e0: c801 0000 cc01 0000 d001 0000 d401 0000 
  OUT 0001f0: d801 0000 dc01 0000 e001 0000 e401 0000 
  OUT 000200: e801 0000 ec01 0000 f001 0000 f401 0000 
  OUT 000210: f801 0000 fc01 0000                     
CALL seq=4 fn=Struct conn=3903 class=AGXAcceleratorG17P sel=0(0x0) inScalarCnt=0 inStructCnt=0
RET  seq=4 conn=3903 sel=0(0x0) ret=0x0 outStructCnt=64
  OUT.struct len=64
  OUT 000000: 4043 0000 0000 0000 0000 0000 0000 0000 
  OUT 000010: 0000 0000 0000 0000 0200 0000 0000 0000 
  OUT 000020: 0080 5555 0100 0000 0000 0000 0100 0000 
  OUT 000030: 0000 0000 0000 0000 0000 0000 0000 0000 
CALL seq=5 fn=Struct conn=3903 class=AGXAcceleratorG17P sel=5(0x5) inScalarCnt=0 inStructCnt=0
RET  seq=5 conn=3903 sel=5(0x5) ret=0x0 outStructCnt=32
  OUT.struct len=32
  OUT 000000: eb99 1b5a 0000 0000 00c0 8500 0100 0000 
  OUT 000010: 0000 8500 0100 0000 0040 0000 0000 0000 
CALL seq=6 fn=Method conn=1a03 class=IOSurfaceRoot sel=32(0x20) inScalarCnt=0 inStructCnt=0
RET  seq=6 conn=1a03 sel=32(0x20) ret=0x0 outScalars=[0x100798000]
CALL seq=7 fn=Struct conn=3903 class=AGXAcceleratorG17P sel=258(0x102) inScalarCnt=0 inStructCnt=0
RET  seq=7 conn=3903 sel=258(0x102) ret=0x0 outStructCnt=456
  OUT.struct len=456
  OUT 000000: 0000 0000 0000 0000 0000 0000 0000 0000 
  OUT 000010: 0000 0000 0000 0000 0000 0000 0000 0000 
  OUT 000020: 0000 0000 0000 0000 0000 0000 0000 0000 
  OUT 000030: 0000 0000 0000 0000 0000 0000 0000 0000 
  OUT 000040: 0000 0000 0000 0000 0000 0000 0000 0000 
  OUT 000050: 0000 0000 0000 0000 0000 0000 0000 0000 
  OUT 000060: 0000 0000 0000 0000 0000 0000 0000 0000 
  OUT 000070: 0000 0000 0000 0000 0000 0000 0000 0000 
  OUT 000080: 0000 0000 0000 0000 0000 0000 0000 0000 
  OUT 000090: 0000 0000 0000 0000 0000 0000 0000 0000 
  OUT 0000a0: 0000 0000 0000 0000 0000 0000 0000 0000 
  OUT 0000b0: 0000 0000 0000 0000 0000 0000 0000 0000 
  OUT 0000c0: 0000 0000 0000 0000 4a75 6e20 2039 2032 
  OUT 0000d0: 3032 3620 3232 3a35 343a 3038 0000 0000 
  OUT 0000e0: 0000 0000 0000 0000 7265 6c65 6173 6500 
  OUT 0000f0: 0000 0000 0000 0000 0000 0000 0000 0000 
  OUT 000100: 0000 0000 0000 0000 0000 0000 0000 0000 
  OUT 000110: 0000 0000 0000 0000 0000 0000 0000 0000 
  OUT 000120: 0000 0000 0000 0000 0000 0000 0000 0000 
  OUT 000130: 0000 0000 0000 0000 0000 0000 0000 0000 
  OUT 000140: 0000 0000 0000 0000 0000 0000 0000 0000 
  OUT 000150: 0000 0000 0000 0000 0000 0000 0000 0000 
  OUT 000160: 0000 0000 0000 0000 0000 0000 0000 0000 
  OUT 000170: 0000 0000 0000 0000 0000 0000 0000 0000 
  OUT 000180: 0000 0000 0000 0000 0000 0000 0000 0000 
  OUT 000190: 0000 0000 0000 0000 0000 0000 0000 0000 
  OUT 0001a0: 0000 0000 0000 0000 4a37 3030 4150 0000 
  OUT 0001b0: 0000 0000 0000 0000 0000 0000 0000 0000 
  OUT 0001c0: 0000 0000 0000 0000                     
CALL seq=8 fn=Struct conn=3903 class=AGXAcceleratorG17P sel=256(0x100) inScalarCnt=0 inStructCnt=0
RET  seq=8 conn=3903 sel=256(0x100) ret=0x0 outStructCnt=152
  OUT.struct len=152
  OUT 000000: 0000 0000 0000 0000 0000 0000 0000 0000 
  OUT 000010: 3d00 0000 0000 0000 0000 0000 0000 0000 
  OUT 000020: 1e00 0000 0400 0000 0000 0000 0000 0000 
  OUT 000030: 0600 0000 0200 0000 0200 0000 0200 0000 
  OUT 000040: 0000 0000 0600 0000 0200 0000 0300 0000 
  OUT 000050: 0300 0000 0200 0000 0300 0000 0300 0000 
  OUT 000060: 1000 0000 0100 0000 0100 0000 0100 0000 
  OUT 000070: 0100 0000 0600 0000 0600 0000 0000 0000 
  OUT 000080: 0000 0000 0101 0100 0000 0000 0000 0300 
  OUT 000090: 0000 0000 0000 0000                     
CALL seq=9 fn=Method conn=3903 class=AGXAcceleratorG17P sel=9(0x9) inScalarCnt=0 inStructCnt=104
  IN.struct len=104
  IN 000000: 0000 0000 0000 0000 0100 0100 0100 0000 
  IN 000010: 0101 0001 3004 0000 0000 0000 0000 0000 
  IN 000020: 0000 0000 0000 0000 0000 0000 0000 0000 
  IN 000030: 0000 0000 0000 0000 0000 0000 0000 0000 
  IN 000040: 0000 0000 0000 0000 0000 0100 0000 0000 
  IN 000050: 0000 0000 0000 0000 0000 0008 1800 0000 
  IN 000060: 0000 0000 0000 0000                     
RET  seq=9 conn=3903 sel=9(0x9) ret=0x0 outStructCnt=88
  OUT.struct len=88
  OUT 000000: 0000 0000 0001 0000 0040 8600 0100 0000 
  OUT 000010: c000 8500 0100 0000 0000 0000 0000 0000 
  OUT 000020: 0000 0000 0100 0000 0000 0100 0000 0000 
  OUT 000030: ec99 1b5a 0000 0000 358a 0000 0000 0000 
  OUT 000040: 0000 0000 0000 0000 0000 0000 0000 0000 
  OUT 000050: 0000 0100 0000 0000                     
CALL seq=10 fn=Struct conn=3903 class=AGXAcceleratorG17P sel=261(0x105) inScalarCnt=0 inStructCnt=72
  IN.struct len=72
  IN 000000: 0b00 0000 0000 0000 0000 0000 0000 0000 
  IN 000010: 0000 0000 0000 0000 0000 0000 0000 0000 
  IN 000020: 0000 0000 0000 0000 0000 0000 0000 0000 
  IN 000030: 0000 0000 0000 0000 0000 0000 0000 0000 
  IN 000040: 0000 0000 0000 0000                     
RET  seq=10 conn=3903 sel=261(0x105) ret=0x0 outStructCnt=72
  OUT.struct len=72
  OUT 000000: 0b00 0000 0000 0000 0000 0000 0000 0000 
  OUT 000010: 0000 0000 0000 0000 0000 0000 0000 0000 
  OUT 000020: 0000 0000 0000 0000 0000 0000 0000 0000 
  OUT 000030: 0200 0000 0000 0000 0000 0000 0000 0000 
  OUT 000040: 0000 0000 0000 0000                     
CALL seq=11 fn=Method conn=3903 class=AGXAcceleratorG17P sel=9(0x9) inScalarCnt=0 inStructCnt=104
  IN.struct len=104
  IN 000000: 0000 0000 0000 0000 0100 0100 0100 0000 
  IN 000010: 0101 0001 7004 0000 0000 0000 0000 0000 
  IN 000020: 0000 0000 0000 0000 0000 0000 0000 0000 
  IN 000030: 0100 0000 0000 0000 0000 0000 0000 0000 
  IN 000040: 0000 0000 0000 0000 0038 0000 0000 0000 
  IN 000050: 0000 0000 0000 0000 0000 0058 1800 0000 
  IN 000060: 0000 0000 0000 0000                     
RET  seq=11 conn=3903 sel=9(0x9) ret=0x0 outStructCnt=88
  OUT.struct len=88
  OUT 000000: 0000 0000 6f00 0000 0040 8700 0100 0000 
  OUT 000010: 8001 8500 0100 0000 0000 0000 0000 0000 
  OUT 000020: 0000 0000 0200 0000 0040 0000 0000 0000 
  OUT 000030: ed99 1b5a 0000 0000 368a 0000 0000 0000 
  OUT 000040: 0000 0000 0000 0000 0000 0000 0000 0000 
  OUT 000050: 0040 0000 0000 0000                     
CALL seq=12 fn=Method conn=3903 class=AGXAcceleratorG17P sel=9(0x9) inScalarCnt=0 inStructCnt=104
  IN.struct len=104
  IN 000000: 0000 0000 0000 0000 0100 0100 0100 0000 
  IN 000010: 0101 0001 3004 0000 0000 0000 0000 0000 
  IN 000020: 0000 0000 0000 0000 0000 0000 0000 0000 
  IN 000030: 0000 0000 0000 0000 0000 0000 0000 0000 
  IN 000040: 0000 0000 0000 0000 0000 0100 0000 0000 
  IN 000050: 0000 0000 0000 0000 0000 0008 1800 0000 
  IN 000060: 0000 0000 0000 0000                     
RET  seq=12 conn=3903 sel=9(0x9) ret=0x0 outStructCnt=88
  OUT.struct len=88
  OUT 000000: 0080 0100 0001 0000 0080 9200 0100 0000 
  OUT 000010: 4002 8500 0100 0000 0000 0000 0000 0000 
  OUT 000020: 0000 0000 0300 0000 0000 0100 0000 0000 
  OUT 000030: ee99 1b5a 0000 0000 378a 0000 0000 0000 
  OUT 000040: 0000 0000 0000 0000 0000 0000 0000 0000 
  OUT 000050: 0000 0100 0000 0000                     
CALL seq=13 fn=Method conn=3903 class=AGXAcceleratorG17P sel=9(0x9) inScalarCnt=0 inStructCnt=104
  IN.struct len=104
  IN 000000: 0000 0000 0000 0000 0100 0100 0100 0000 
  IN 000010: 0101 0001 7004 0000 0000 0000 0000 0000 
  IN 000020: 0000 0000 0000 0000 0000 0000 0000 0000 
  IN 000030: 0100 0000 0000 0000 0000 0000 0000 0000 
  IN 000040: 0000 0000 0000 0000 0000 0200 0000 0000 
  IN 000050: 0000 0000 0000 0000 0000 0000 0000 0000 
  IN 000060: 8809 3b07 0100 0000                     
RET  seq=13 conn=3903 sel=9(0x9) ret=0x0 outStructCnt=88
  OUT.struct len=88
  OUT 000000: 0000 0300 0001 0000 0080 9300 0100 0000 
  OUT 000010: 0003 8500 0100 0000 0000 0000 0000 0000 
  OUT 000020: 0000 0000 0400 0000 0000 0200 0000 0000 
  OUT 000030: ef99 1b5a 0000 0000 388a 0000 0000 0000 
  OUT 000040: 0000 0000 0000 0000 0000 0000 0000 0000 
  OUT 000050: 0000 0200 0000 0000                     
CALL seq=14 fn=Method conn=3903 class=AGXAcceleratorG17P sel=9(0x9) inScalarCnt=0 inStructCnt=104
  IN.struct len=104
  IN 000000: 8000 0000 0000 0000 0100 0100 0100 0000 
  IN 000010: 0101 0001 300c 0000 0000 0000 0000 0000 
  IN 000020: 0000 0000 0000 0000 0000 0000 0000 0000 
  IN 000030: 0000 0000 0000 0000 0080 9300 0100 0000 
  IN 000040: 0080 9300 0100 0000 0000 0200 0000 0000 
  IN 000050: 0400 0000 0000 0000 0000 0000 0000 0000 
  IN 000060: 8809 3b07 0100 0000                     
RET  seq=14 conn=3903 sel=9(0x9) ret=0x0 outStructCnt=88
  OUT.struct len=88
  OUT 000000: 0000 0300 0001 0000 0000 0000 0000 0000 
  OUT 000010: c003 8500 0100 0000 0000 0000 0000 0000 
  OUT 000020: 0000 0000 0500 0000 0000 0200 0000 0000 
  OUT 000030: f099 1b5a 0000 0000 388a 0000 0000 0000 
  OUT 000040: 0000 0000 0000 0000 0000 0000 0000 0000 
  OUT 000050: 0000 0200 0000 0000                     
CALL seq=15 fn=Method conn=3903 class=AGXAcceleratorG17P sel=9(0x9) inScalarCnt=0 inStructCnt=104
  IN.struct len=104
  IN 000000: 8000 0000 0000 0000 0100 0100 0100 0000 
  IN 000010: 0101 0001 300c 0000 0000 0000 0000 0000 
  IN 000020: 0000 0000 0000 0000 0000 0000 0000 0000 
  IN 000030: 0000 0000 0000 0000 0081 9300 0100 0000 
  IN 000040: 0080 9300 0100 0000 0000 0200 0000 0000 
  IN 000050: 0400 0000 0000 0000 0000 0000 0000 0000 
  IN 000060: 8809 3b07 0100 0000                     
RET  seq=15 conn=3903 sel=9(0x9) ret=0x0 outStructCnt=88
  OUT.struct len=88
  OUT 000000: 0001 0300 0001 0000 0000 0000 0000 0000 
  OUT 000010: 8004 8500 0100 0000 0000 0000 0000 0000 
  OUT 000020: 0000 0000 0600 0000 0000 0200 0000 0000 
  OUT 000030: f199 1b5a 0000 0000 388a 0000 0000 0000 
  OUT 000040: 0000 0000 0000 0000 0000 0000 0000 0000 
  OUT 000050: 00ff 0100 0000 0000                     
CALL seq=16 fn=Method conn=3903 class=AGXAcceleratorG17P sel=9(0x9) inScalarCnt=0 inStructCnt=104
  IN.struct len=104
  IN 000000: 8000 0000 0000 0000 0100 0100 0100 0000 
  IN 000010: 0101 0001 300c 0000 0000 0000 0000 0000 
  IN 000020: 0000 0000 0000 0000 0000 0000 0000 0000 
  IN 000030: 0000 0000 0000 0000 0082 9300 0100 0000 
  IN 000040: 0080 9300 0100 0000 0000 0200 0000 0000 
  IN 000050: 0400 0000 0000 0000 0000 0000 0000 0000 
  IN 000060: 8809 3b07 0100 0000                     
RET  seq=16 conn=3903 sel=9(0x9) ret=0x0 outStructCnt=88
  OUT.struct len=88
  OUT 000000: 0002 0300 0001 0000 0000 0000 0000 0000 
  OUT 000010: 4005 8500 0100 0000 0000 0000 0000 0000 
  OUT 000020: 0000 0000 0700 0000 0000 0200 0000 0000 
  OUT 000030: f299 1b5a 0000 0000 388a 0000 0000 0000 
  OUT 000040: 0000 0000 0000 0000 0000 0000 0000 0000 
  OUT 000050: 00fe 0100 0000 0000                     
CALL seq=17 fn=Method conn=3903 class=AGXAcceleratorG17P sel=7(0x7) inScalarCnt=0 inStructCnt=1040
  IN.struct len=1040
  IN 000000: 2f55 7365 7273 2f75 7365 722f 636c 6561 
  IN 000010: 6e72 6f6f 6d5f 776f 726b 2f65 7870 3030 
  IN 000020: 3039 2f69 6f68 656c 6c6f 5f63 6f6d 7075 
  IN 000030: 7465 0000 0000 0000 0000 0000 0000 0000 
  IN 000040: 0000 0000 0000 0000 0000 0000 0000 0000 
  IN 000050: 0000 0000 0000 0000 0000 0000 0000 0000 
  IN 000060: 0000 0000 0000 0000 0000 0000 0000 0000 
  IN 000070: 0000 0000 0000 0000 0000 0000 0000 0000 
  IN 000080: 0000 0000 0000 0000 0000 0000 0000 0000 
  IN 000090: 0000 0000 0000 0000 0000 0000 0000 0000 
  IN 0000a0: 0000 0000 0000 0000 0000 0000 0000 0000 
  IN 0000b0: 0000 0000 0000 0000 0000 0000 0000 0000 
  IN 0000c0: 0000 0000 0000 0000 0000 0000 0000 0000 
  IN 0000d0: 0000 0000 0000 0000 0000 0000 0000 0000 
  IN 0000e0: 0000 0000 0000 0000 0000 0000 0000 0000 
  IN 0000f0: 0000 0000 0000 0000 0000 0000 0000 0000 
  IN 000100: 0000 0000 0000 0000 0000 0000 0000 0000 
  IN 000110: 0000 0000 0000 0000 0000 0000 0000 0000 
  IN 000120: 0000 0000 0000 0000 0000 0000 0000 0000 
  IN 000130: 0000 0000 0000 0000 0000 0000 0000 0000 
  IN 000140: 0000 0000 0000 0000 0000 0000 0000 0000 
  IN 000150: 0000 0000 0000 0000 0000 0000 0000 0000 
  IN 000160: 0000 0000 0000 0000 0000 0000 0000 0000 
  IN 000170: 0000 0000 0000 0000 0000 0000 0000 0000 
  IN 000180: 0000 0000 0000 0000 0000 0000 0000 0000 
  IN 000190: 0000 0000 0000 0000 0000 0000 0000 0000 
  IN 0001a0: 0000 0000 0000 0000 0000 0000 0000 0000 
  IN 0001b0: 0000 0000 0000 0000 0000 0000 0000 0000 
  IN 0001c0: 0000 0000 0000 0000 0000 0000 0000 0000 
  IN 0001d0: 0000 0000 0000 0000 0000 0000 0000 0000 
  IN 0001e0: 0000 0000 0000 0000 0000 0000 0000 0000 
  IN 0001f0: 0000 0000 0000 0000 0000 0000 0000 0000 
  IN 000200: 0000 0000 0000 0000 0000 0000 0000 0000 
  IN 000210: 0000 0000 0000 0000 0000 0000 0000 0000 
  IN 000220: 0000 0000 0000 0000 0000 0000 0000 0000 
  IN 000230: 0000 0000 0000 0000 0000 0000 0000 0000 
  IN 000240: 0000 0000 0000 0000 0000 0000 0000 0000 
  IN 000250: 0000 0000 0000 0000 0000 0000 0000 0000 
  IN 000260: 0000 0000 0000 0000 0000 0000 0000 0000 
  IN 000270: 0000 0000 0000 0000 0000 0000 0000 0000 
  IN 000280: 0000 0000 0000 0000 0000 0000 0000 0000 
  IN 000290: 0000 0000 0000 0000 0000 0000 0000 0000 
  IN 0002a0: 0000 0000 0000 0000 0000 0000 0000 0000 
  IN 0002b0: 0000 0000 0000 0000 0000 0000 0000 0000 
  IN 0002c0: 0000 0000 0000 0000 0000 0000 0000 0000 
  IN 0002d0: 0000 0000 0000 0000 0000 0000 0000 0000 
  IN 0002e0: 0000 0000 0000 0000 0000 0000 0000 0000 
  IN 0002f0: 0000 0000 0000 0000 0000 0000 0000 0000 
  IN 000300: 0000 0000 0000 0000 0000 0000 0000 0000 
  IN 000310: 0000 0000 0000 0000 0000 0000 0000 0000 
  IN 000320: 0000 0000 0000 0000 0000 0000 0000 0000 
  IN 000330: 0000 0000 0000 0000 0000 0000 0000 0000 
  IN 000340: 0000 0000 0000 0000 0000 0000 0000 0000 
  IN 000350: 0000 0000 0000 0000 0000 0000 0000 0000 
  IN 000360: 0000 0000 0000 0000 0000 0000 0000 0000 
  IN 000370: 0000 0000 0000 0000 0000 0000 0000 0000 
  IN 000380: 0000 0000 0000 0000 0000 0000 0000 0000 
  IN 000390: 0000 0000 0000 0000 0000 0000 0000 0000 
  IN 0003a0: 0000 0000 0000 0000 0000 0000 0000 0000 
  IN 0003b0: 0000 0000 0000 0000 0000 0000 0000 0000 
  IN 0003c0: 0000 0000 0000 0000 0000 0000 002f 5573 
  IN 0003d0: 6572 732f 7573 6572 2f63 6c65 616e 726f 
  IN 0003e0: 6f6d 5f77 6f72 6b2f 6578 7030 3030 392f 
  IN 0003f0: 696f 6865 6c6c 6f5f 636f 6d70 7574 6500 
  IN 000400: 0200 0000 0000 0000 ffff ffff 0100 0000 
RET  seq=17 conn=3903 sel=7(0x7) ret=0x0 outStructCnt=16
  OUT.struct len=16
  OUT 000000: 0100 0000 0000 0000 f399 1b5a 0000 0000 
CALL seq=18 fn=Method conn=3903 class=AGXAcceleratorG17P sel=16(0x10) inScalarCnt=2 inStructCnt=0 inScalars=[0x100,0x28]
RET  seq=18 conn=3903 sel=16(0x10) ret=0x0 outStructCnt=16
  OUT.struct len=16
  OUT 000000: 0080 9500 0100 0000 0100 0000 0000 0000 
CALL seq=19 fn=Method conn=3903 class=AGXAcceleratorG17P sel=28(0x1c) inScalarCnt=2 inStructCnt=0 inScalars=[0x1,0x1]
RET  seq=19 conn=3903 sel=28(0x1c) ret=0x0
CALL seq=20 fn=Method conn=3903 class=AGXAcceleratorG17P sel=9(0x9) inScalarCnt=0 inStructCnt=104
  IN.struct len=104
  IN 000000: 8000 0000 0000 0000 0100 0100 0100 0000 
  IN 000010: 0101 0001 300c 0000 0000 0000 0000 0000 
  IN 000020: 0000 0000 0000 0000 0000 0000 0000 0000 
  IN 000030: 0000 0000 0000 0000 0083 9300 0100 0000 
  IN 000040: 0080 9300 0100 0000 0000 0200 0000 0000 
  IN 000050: 0400 0000 0000 0000 0000 0000 1800 0000 
  IN 000060: 4015 3b07 0100 0000                     
RET  seq=20 conn=3903 sel=9(0x9) ret=0x0 outStructCnt=88
  OUT.struct len=88
  OUT 000000: 0003 0300 0001 0000 0000 0000 0000 0000 
  OUT 000010: 0006 8500 0100 0000 0000 0000 0000 0000 
  OUT 000020: 0000 0000 0800 0000 0000 0200 0000 0000 
  OUT 000030: f699 1b5a 0000 0000 388a 0000 0000 0000 
  OUT 000040: 0000 0000 0000 0000 0000 0000 0000 0000 
  OUT 000050: 00fd 0100 0000 0000                     
CALL seq=21 fn=Method conn=3903 class=AGXAcceleratorG17P sel=9(0x9) inScalarCnt=0 inStructCnt=104
  IN.struct len=104
  IN 000000: 8000 0000 0000 0000 0100 0100 0100 0000 
  IN 000010: 0101 0001 300c 0000 0000 0000 0000 0000 
  IN 000020: 0000 0000 0000 0000 0000 0000 0000 0000 
  IN 000030: 0000 0000 0000 0000 0085 9300 0100 0000 
  IN 000040: 0080 9300 0100 0000 0000 0200 0000 0000 
  IN 000050: 0400 0000 0000 0000 0000 0000 1800 0000 
  IN 000060: 4015 3b07 0100 0000                     
RET  seq=21 conn=3903 sel=9(0x9) ret=0x0 outStructCnt=88
  OUT.struct len=88
  OUT 000000: 0005 0300 0001 0000 0000 0000 0000 0000 
  OUT 000010: c006 8500 0100 0000 0000 0000 0000 0000 
  OUT 000020: 0000 0000 0900 0000 0000 0200 0000 0000 
  OUT 000030: f799 1b5a 0000 0000 388a 0000 0000 0000 
  OUT 000040: 0000 0000 0000 0000 0000 0000 0000 0000 
  OUT 000050: 00fb 0100 0000 0000                     
CALL seq=22 fn=Method conn=3903 class=AGXAcceleratorG17P sel=9(0x9) inScalarCnt=0 inStructCnt=104
  IN.struct len=104
  IN 000000: 8000 0000 0000 0000 0100 0100 0100 0000 
  IN 000010: 0101 0001 300c 0000 0000 0000 0000 0000 
  IN 000020: 0000 0000 0000 0000 0000 0000 0000 0000 
  IN 000030: 0000 0000 0000 0000 0087 9300 0100 0000 
  IN 000040: 0080 9300 0100 0000 0000 0200 0000 0000 
  IN 000050: 0400 0000 0000 0000 0000 0000 1800 0000 
  IN 000060: b85c c856 0b00 0000                     
RET  seq=22 conn=3903 sel=9(0x9) ret=0x0 outStructCnt=88
  OUT.struct len=88
  OUT 000000: 0007 0300 0001 0000 0000 0000 0000 0000 
  OUT 000010: 8007 8500 0100 0000 0000 0000 0000 0000 
  OUT 000020: 0000 0000 0a00 0000 0000 0200 0000 0000 
  OUT 000030: f899 1b5a 0000 0000 388a 0000 0000 0000 
  OUT 000040: 0000 0000 0000 0000 0000 0000 0000 0000 
  OUT 000050: 00f9 0100 0000 0000                     
CALL seq=23 fn=Method conn=3903 class=AGXAcceleratorG17P sel=9(0x9) inScalarCnt=0 inStructCnt=104
  IN.struct len=104
  IN 000000: 8000 0000 0000 0000 0100 0100 0100 0000 
  IN 000010: 0101 0001 300c 0000 0000 0000 0000 0000 
  IN 000020: 0000 0000 0000 0000 0000 0000 0000 0000 
  IN 000030: 0000 0000 0000 0000 0088 9300 0100 0000 
  IN 000040: 0080 9300 0100 0000 0000 0200 0000 0000 
  IN 000050: 0400 0000 0000 0000 0000 0000 1800 0000 
  IN 000060: 1062 c856 0b00 0000                     
RET  seq=23 conn=3903 sel=9(0x9) ret=0x0 outStructCnt=88
  OUT.struct len=88
  OUT 000000: 0008 0300 0001 0000 0000 0000 0000 0000 
  OUT 000010: 4008 8500 0100 0000 0000 0000 0000 0000 
  OUT 000020: 0000 0000 0b00 0000 0000 0200 0000 0000 
  OUT 000030: f999 1b5a 0000 0000 388a 0000 0000 0000 
  OUT 000040: 0000 0000 0000 0000 0000 0000 0000 0000 
  OUT 000050: 00f8 0100 0000 0000                     
CALL seq=24 fn=Method conn=3903 class=AGXAcceleratorG17P sel=9(0x9) inScalarCnt=0 inStructCnt=104
  IN.struct len=104
  IN 000000: 8000 0000 0000 0000 0100 0100 0100 0000 
  IN 000010: 0101 0001 300c 0000 0000 0000 0000 0000 
  IN 000020: 0000 0000 0000 0000 0000 0000 0000 0000 
  IN 000030: 0000 0000 0000 0000 008a 9300 0100 0000 
  IN 000040: 0080 9300 0100 0000 0000 0200 0000 0000 
  IN 000050: 0400 0000 0000 0000 0000 0000 1800 0000 
  IN 000060: 3065 c856 0b00 0000                     
RET  seq=24 conn=3903 sel=9(0x9) ret=0x0 outStructCnt=88
  OUT.struct len=88
  OUT 000000: 000a 0300 0001 0000 0000 0000 0000 0000 
  OUT 000010: 0009 8500 0100 0000 0000 0000 0000 0000 
  OUT 000020: 0000 0000 0c00 0000 0000 0200 0000 0000 
  OUT 000030: fa99 1b5a 0000 0000 388a 0000 0000 0000 
  OUT 000040: 0000 0000 0000 0000 0000 0000 0000 0000 
  OUT 000050: 00f6 0100 0000 0000                     
CALL seq=25 fn=Method conn=3903 class=AGXAcceleratorG17P sel=9(0x9) inScalarCnt=0 inStructCnt=104
  IN.struct len=104
  IN 000000: 8000 0000 0000 0000 0100 0100 0100 0000 
  IN 000010: 0101 0001 300c 0000 0000 0000 0000 0000 
  IN 000020: 0000 0000 0000 0000 0000 0000 0000 0000 
  IN 000030: 0000 0000 0000 0000 008b 9300 0100 0000 
  IN 000040: 0080 9300 0100 0000 0000 0200 0000 0000 
  IN 000050: 0400 0000 0000 0000 0000 0000 1800 0000 
  IN 000060: 5068 c856 0b00 0000                     
RET  seq=25 conn=3903 sel=9(0x9) ret=0x0 outStructCnt=88
  OUT.struct len=88
  OUT 000000: 000b 0300 0001 0000 0000 0000 0000 0000 
  OUT 000010: c009 8500 0100 0000 0000 0000 0000 0000 
  OUT 000020: 0000 0000 0d00 0000 0000 0200 0000 0000 
  OUT 000030: fb99 1b5a 0000 0000 388a 0000 0000 0000 
  OUT 000040: 0000 0000 0000 0000 0000 0000 0000 0000 
  OUT 000050: 00f5 0100 0000 0000                     
CALL seq=26 fn=Method conn=3903 class=AGXAcceleratorG17P sel=9(0x9) inScalarCnt=0 inStructCnt=104
  IN.struct len=104
  IN 000000: 8000 0000 0000 0000 0100 0100 0100 0000 
  IN 000010: 0101 0001 300c 0000 0000 0000 0000 0000 
  IN 000020: 0000 0000 0000 0000 0000 0000 0000 0000 
  IN 000030: 0000 0000 0000 0000 008c 9300 0100 0000 
  IN 000040: 0080 9300 0100 0000 0000 0200 0000 0000 
  IN 000050: 0400 0000 0000 0000 0000 0000 1800 0000 
  IN 000060: 706b c856 0b00 0000                     
RET  seq=26 conn=3903 sel=9(0x9) ret=0x0 outStructCnt=88
  OUT.struct len=88
  OUT 000000: 000c 0300 0001 0000 0000 0000 0000 0000 
  OUT 000010: 800a 8500 0100 0000 0000 0000 0000 0000 
  OUT 000020: 0000 0000 0e00 0000 0000 0200 0000 0000 
  OUT 000030: fc99 1b5a 0000 0000 388a 0000 0000 0000 
  OUT 000040: 0000 0000 0000 0000 0000 0000 0000 0000 
  OUT 000050: 00f4 0100 0000 0000                     
CALL seq=27 fn=Method conn=3903 class=AGXAcceleratorG17P sel=9(0x9) inScalarCnt=0 inStructCnt=104
  IN.struct len=104
  IN 000000: 8000 0000 0000 0000 0100 0100 0100 0000 
  IN 000010: 0101 0001 300c 0000 0000 0000 0000 0000 
  IN 000020: 0000 0000 0000 0000 0000 0000 0000 0000 
  IN 000030: 0000 0000 0000 0000 009c 9300 0100 0000 
  IN 000040: 0080 9300 0100 0000 0000 0200 0000 0000 
  IN 000050: 0400 0000 0000 0000 0000 0000 1800 0000 
  IN 000060: 906e c856 0b00 0000                     
RET  seq=27 conn=3903 sel=9(0x9) ret=0x0 outStructCnt=88
  OUT.struct len=88
  OUT 000000: 001c 0300 0001 0000 0000 0000 0000 0000 
  OUT 000010: 400b 8500 0100 0000 0000 0000 0000 0000 
  OUT 000020: 0000 0000 0f00 0000 0000 0200 0000 0000 
  OUT 000030: fd99 1b5a 0000 0000 388a 0000 0000 0000 
  OUT 000040: 0000 0000 0000 0000 0000 0000 0000 0000 
  OUT 000050: 00e4 0100 0000 0000                     
CALL seq=28 fn=Method conn=3903 class=AGXAcceleratorG17P sel=9(0x9) inScalarCnt=0 inStructCnt=104
  IN.struct len=104
  IN 000000: 8000 0000 0000 0000 0100 0100 0100 0000 
  IN 000010: 0101 0001 300c 0000 0000 0000 0000 0000 
  IN 000020: 0000 0000 0000 0000 0000 0000 0000 0000 
  IN 000030: 0000 0000 0000 0000 009d 9300 0100 0000 
  IN 000040: 0080 9300 0100 0000 0000 0200 0000 0000 
  IN 000050: 0400 0000 0000 0000 0000 0000 1800 0000 
  IN 000060: 9871 c856 0b00 0000                     
RET  seq=28 conn=3903 sel=9(0x9) ret=0x0 outStructCnt=88
  OUT.struct len=88
  OUT 000000: 001d 0300 0001 0000 0000 0000 0000 0000 
  OUT 000010: 000c 8500 0100 0000 0000 0000 0000 0000 
  OUT 000020: 0000 0000 1000 0000 0000 0200 0000 0000 
  OUT 000030: fe99 1b5a 0000 0000 388a 0000 0000 0000 
  OUT 000040: 0000 0000 0000 0000 0000 0000 0000 0000 
  OUT 000050: 00e3 0100 0000 0000                     
CALL seq=29 fn=Method conn=3903 class=AGXAcceleratorG17P sel=9(0x9) inScalarCnt=0 inStructCnt=104
  IN.struct len=104
  IN 000000: 8000 0000 0000 0000 0100 0100 0100 0000 
  IN 000010: 0101 0001 300c 0000 0000 0000 0000 0000 
  IN 000020: 0000 0000 0000 0000 0000 0000 0000 0000 
  IN 000030: 0000 0000 0000 0000 009e 9300 0100 0000 
  IN 000040: 0080 9300 0100 0000 0000 0200 0000 0000 
  IN 000050: 0400 0000 0000 0000 0000 0000 1800 0000 
  IN 000060: a074 c856 0b00 0000                     
RET  seq=29 conn=3903 sel=9(0x9) ret=0x0 outStructCnt=88
  OUT.struct len=88
  OUT 000000: 001e 0300 0001 0000 0000 0000 0000 0000 
  OUT 000010: c00c 8500 0100 0000 0000 0000 0000 0000 
  OUT 000020: 0000 0000 1100 0000 0000 0200 0000 0000 
  OUT 000030: ff99 1b5a 0000 0000 388a 0000 0000 0000 
  OUT 000040: 0000 0000 0000 0000 0000 0000 0000 0000 
  OUT 000050: 00e2 0100 0000 0000                     
CALL seq=30 fn=Method conn=3903 class=AGXAcceleratorG17P sel=9(0x9) inScalarCnt=0 inStructCnt=104
  IN.struct len=104
  IN 000000: 8000 0000 0000 0000 0100 0100 0100 0000 
  IN 000010: 0101 0001 300c 0000 0000 0000 0000 0000 
  IN 000020: 0000 0000 0000 0000 0000 0000 0000 0000 
  IN 000030: 0000 0000 0000 0000 009f 9300 0100 0000 
  IN 000040: 0080 9300 0100 0000 0000 0200 0000 0000 
  IN 000050: 0400 0000 0000 0000 0000 0000 1800 0000 
  IN 000060: a877 c856 0b00 0000                     
RET  seq=30 conn=3903 sel=9(0x9) ret=0x0 outStructCnt=88
  OUT.struct len=88
  OUT 000000: 001f 0300 0001 0000 0000 0000 0000 0000 
  OUT 000010: 800d 8500 0100 0000 0000 0000 0000 0000 
  OUT 000020: 0000 0000 1200 0000 0000 0200 0000 0000 
  OUT 000030: 009a 1b5a 0000 0000 388a 0000 0000 0000 
  OUT 000040: 0000 0000 0000 0000 0000 0000 0000 0000 
  OUT 000050: 00e1 0100 0000 0000                     
CALL seq=31 fn=Method conn=3903 class=AGXAcceleratorG17P sel=9(0x9) inScalarCnt=0 inStructCnt=104
  IN.struct len=104
  IN 000000: 8000 0000 0000 0000 0100 0100 0100 0000 
  IN 000010: 0101 0001 300c 0000 0000 0000 0000 0000 
  IN 000020: 0000 0000 0000 0000 0000 0000 0000 0000 
  IN 000030: 0000 0000 0000 0000 00a7 9300 0100 0000 
  IN 000040: 0080 9300 0100 0000 0000 0200 0000 0000 
  IN 000050: 0400 0000 0000 0000 0000 0000 1800 0000 
  IN 000060: b07a c856 0b00 0000                     
RET  seq=31 conn=3903 sel=9(0x9) ret=0x0 outStructCnt=88
  OUT.struct len=88
  OUT 000000: 0027 0300 0001 0000 0000 0000 0000 0000 
  OUT 000010: 400e 8500 0100 0000 0000 0000 0000 0000 
  OUT 000020: 0000 0000 1300 0000 0000 0200 0000 0000 
  OUT 000030: 019a 1b5a 0000 0000 388a 0000 0000 0000 
  OUT 000040: 0000 0000 0000 0000 0000 0000 0000 0000 
  OUT 000050: 00d9 0100 0000 0000                     
CALL seq=32 fn=Method conn=3903 class=AGXAcceleratorG17P sel=9(0x9) inScalarCnt=0 inStructCnt=104
  IN.struct len=104
  IN 000000: 0000 0000 0000 0000 0100 0100 0100 0000 
  IN 000010: 0101 0001 3084 0000 0000 0000 0000 0000 
  IN 000020: 0000 0000 0000 0000 0000 0000 0000 0000 
  IN 000030: 0000 0000 0000 0000 0000 0000 0000 0000 
  IN 000040: 0000 0000 0000 0000 0000 0100 0000 0000 
  IN 000050: 0000 0000 0000 0000 0000 0038 1800 0000 
  IN 000060: 0000 0000 0000 0000                     
RET  seq=32 conn=3903 sel=9(0x9) ret=0x0 outStructCnt=88
  OUT.struct len=88
  OUT 000000: 0000 0000 0000 0000 00c0 9500 0100 0000 
  OUT 000010: 000f 8500 0100 0000 0000 0000 0000 0000 
  OUT 000020: 0000 0000 1400 0000 0000 0100 0000 0000 
  OUT 000030: 029a 1b5a 0000 0000 3b8a 0000 0000 0000 
  OUT 000040: 0000 0000 0000 0000 0000 0000 0000 0000 
  OUT 000050: 0000 0100 0000 0000                     
CALL seq=33 fn=Method conn=3903 class=AGXAcceleratorG17P sel=9(0x9) inScalarCnt=0 inStructCnt=104
  IN.struct len=104
  IN 000000: 8000 0000 0000 0000 0100 0100 0100 0000 
  IN 000010: 0101 0001 300c 0000 0000 0000 0000 0000 
  IN 000020: 0000 0000 0000 0000 0000 0000 0000 0000 
  IN 000030: 0000 0000 0000 0000 00a8 9300 0100 0000 
  IN 000040: 0080 9300 0100 0000 0000 0200 0000 0000 
  IN 000050: 0400 0000 0000 0000 0000 0000 1800 0000 
  IN 000060: 8809 3b07 0100 0000                     
RET  seq=33 conn=3903 sel=9(0x9) ret=0x0 outStructCnt=88
  OUT.struct len=88
  OUT 000000: 0028 0300 0001 0000 0000 0000 0000 0000 
  OUT 000010: c00f 8500 0100 0000 0000 0000 0000 0000 
  OUT 000020: 0000 0000 1500 0000 0000 0200 0000 0000 
  OUT 000030: 039a 1b5a 0000 0000 388a 0000 0000 0000 
  OUT 000040: 0000 0000 0000 0000 0000 0000 0000 0000 
  OUT 000050: 00d8 0100 0000 0000                     
CALL seq=34 fn=Method conn=3903 class=AGXAcceleratorG17P sel=9(0x9) inScalarCnt=0 inStructCnt=104
  IN.struct len=104
  IN 000000: 0000 0000 0000 0000 0100 0100 0100 0000 
  IN 000010: 0101 0001 7004 0000 0000 0000 0000 0000 
  IN 000020: 0000 0000 0000 0000 0000 0000 0000 0000 
  IN 000030: 0100 0000 0000 0000 0000 0000 0000 0000 
  IN 000040: 0000 0000 0000 0000 0000 0200 0000 0000 
  IN 000050: 0000 0000 0000 0000 0000 0000 0000 0000 
  IN 000060: 8809 3b07 0100 0000                     
RET  seq=34 conn=3903 sel=9(0x9) ret=0x0 outStructCnt=88
  OUT.struct len=88
  OUT 000000: 0080 0500 0001 0000 00c0 9600 0100 0000 
  OUT 000010: 8010 8500 0100 0000 0000 0000 0000 0000 
  OUT 000020: 0000 0000 1600 0000 0000 0200 0000 0000 
  OUT 000030: 049a 1b5a 0000 0000 3c8a 0000 0000 0000 
  OUT 000040: 0000 0000 0000 0000 0000 0000 0000 0000 
  OUT 000050: 0000 0200 0000 0000                     
CALL seq=35 fn=Method conn=3903 class=AGXAcceleratorG17P sel=9(0x9) inScalarCnt=0 inStructCnt=104
  IN.struct len=104
  IN 000000: 8000 0000 0000 0000 0100 0100 0100 0000 
  IN 000010: 0101 0001 300c 0000 0000 0000 0000 0000 
  IN 000020: 0000 0000 0000 0000 0000 0000 0000 0000 
  IN 000030: 0000 0000 0000 0000 00c0 9600 0100 0000 
  IN 000040: 00c0 9600 0100 0000 0000 0200 0000 0000 
  IN 000050: 1600 0000 0000 0000 0000 0000 1800 0000 
  IN 000060: 0040 c856 0b00 0000                     
RET  seq=35 conn=3903 sel=9(0x9) ret=0x0 outStructCnt=88
  OUT.struct len=88
  OUT 000000: 0080 0500 0001 0000 0000 0000 0000 0000 
  OUT 000010: 4011 8500 0100 0000 0000 0000 0000 0000 
  OUT 000020: 0000 0000 1700 0000 0000 0200 0000 0000 
  OUT 000030: 059a 1b5a 0000 0000 3c8a 0000 0000 0000 
  OUT 000040: 0000 0000 0000 0000 0000 0000 0000 0000 
  OUT 000050: 0000 0200 0000 0000                     
CALL seq=36 fn=Struct conn=3903 class=AGXAcceleratorG17P sel=6(0x6) inScalarCnt=0 inStructCnt=0
RET  seq=36 conn=3903 sel=6(0x6) ret=0x0 outStructCnt=16
  OUT.struct len=16
  OUT 000000: 069a 1b5a 0000 0000 069a 1b5b 0000 0000 
CALL seq=37 fn=Method conn=3903 class=AGXAcceleratorG17P sel=14(0xe) inScalarCnt=2 inStructCnt=0 inScalars=[0x4000,0x0]
RET  seq=37 conn=3903 sel=14(0xe) ret=0x0 outStructCnt=16
  OUT.struct len=16
  OUT 000000: 00c0 9800 0100 0000 0040 0000 0100 0000 
CALL seq=38 fn=Method conn=3903 class=AGXAcceleratorG17P sel=14(0xe) inScalarCnt=2 inStructCnt=0 inScalars=[0x4000,0x1]
RET  seq=38 conn=3903 sel=14(0xe) ret=0x0 outStructCnt=16
  OUT.struct len=16
  OUT 000000: 0000 9900 0100 0000 0040 0000 0200 0000 
CALL seq=39 fn=Method conn=3903 class=AGXAcceleratorG17P sel=9(0x9) inScalarCnt=0 inStructCnt=104
  IN.struct len=104
  IN 000000: 0000 0000 0000 0000 0080 0100 0100 0000 
  IN 000010: 0101 0001 3044 0000 0000 0000 0000 0000 
  IN 000020: 0000 0000 0000 0000 0000 0000 0000 0000 
  IN 000030: 0000 0000 0000 0000 0000 0000 0000 0000 
  IN 000040: 0000 0000 0000 0000 0080 0000 0000 0000 
  IN 000050: 0000 0000 0000 0000 0000 0008 4800 0000 
  IN 000060: 0000 0000 0000 0000                     
RET  seq=39 conn=3903 sel=9(0x9) ret=0x0 outStructCnt=88
  OUT.struct len=88
  OUT 000000: 0000 0800 0001 0000 0040 9900 0100 0000 
  OUT 000010: 0012 8500 0100 0000 0000 0000 0000 0000 
  OUT 000020: 0000 0000 1800 0000 0080 0000 0000 0000 
  OUT 000030: 069a 1b5b 0000 0000 3d8a 0000 0000 0000 
  OUT 000040: 0000 0000 0000 0000 0000 0000 0000 0000 
  OUT 000050: 0080 0000 0000 0000                     
CALL seq=40 fn=Method conn=3903 class=AGXAcceleratorG17P sel=9(0x9) inScalarCnt=0 inStructCnt=104
  IN.struct len=104
  IN 000000: 0000 0000 0000 0000 0080 0100 0100 0000 
  IN 000010: 0101 0001 3044 0000 0000 0000 0000 0000 
  IN 000020: 0000 0000 0000 0000 0000 0000 0000 0000 
  IN 000030: 0000 0000 0000 0000 0000 0000 0000 0000 
  IN 000040: 0000 0000 0000 0000 0080 0000 0000 0000 
  IN 000050: 0000 0000 0000 0000 0000 0018 0000 0000 
  IN 000060: 0000 0000 0000 0000                     
RET  seq=40 conn=3903 sel=9(0x9) ret=0x0 outStructCnt=88
  OUT.struct len=88
  OUT 000000: 0000 0900 0001 0000 00c0 9900 0100 0000 
  OUT 000010: c012 8500 0100 0000 0000 0000 0000 0000 
  OUT 000020: 0000 0000 1900 0000 0080 0000 0000 0000 
  OUT 000030: 079a 1b5b 0000 0000 3e8a 0000 0000 0000 
  OUT 000040: 0000 0000 0000 0000 0000 0000 0000 0000 
  OUT 000050: 0080 0000 0000 0000                     
CALL seq=41 fn=Method conn=3903 class=AGXAcceleratorG17P sel=9(0x9) inScalarCnt=0 inStructCnt=104
  IN.struct len=104
  IN 000000: 0000 0000 0000 0000 0080 0100 0100 0000 
  IN 000010: 0101 0001 3044 0000 0000 0000 0000 0000 
  IN 000020: 0000 0000 0000 0000 0000 0000 0000 0000 
  IN 000030: 0000 0000 0000 0000 0000 0000 0000 0000 
  IN 000040: 0000 0000 0000 0000 0080 0000 0000 0000 
  IN 000050: 0000 0000 0000 0000 0000 0008 0000 0000 
  IN 000060: 0000 0000 0000 0000                     
RET  seq=41 conn=3903 sel=9(0x9) ret=0x0 outStructCnt=88
  OUT.struct len=88
  OUT 000000: 0000 0a00 0001 0000 0040 9a00 0100 0000 
  OUT 000010: 8013 8500 0100 0000 0000 0000 0000 0000 
  OUT 000020: 0000 0000 1a00 0000 0080 0000 0000 0000 
  OUT 000030: 089a 1b5b 0000 0000 3f8a 0000 0000 0000 
  OUT 000040: 0000 0000 0000 0000 0000 0000 0000 0000 
  OUT 000050: 0080 0000 0000 0000                     
CALL seq=42 fn=Method conn=3903 class=AGXAcceleratorG17P sel=9(0x9) inScalarCnt=0 inStructCnt=104
  IN.struct len=104
  IN 000000: 0000 0000 0000 0000 0080 0100 0100 0000 
  IN 000010: 0101 0001 3044 0000 0000 0000 0000 0000 
  IN 000020: 0000 0000 0000 0000 0000 0000 0000 0000 
  IN 000030: 0000 0000 0000 0000 0000 0000 0000 0000 
  IN 000040: 0000 0000 0000 0000 0080 0000 0000 0000 
  IN 000050: 0000 0000 0000 0000 0000 0008 4000 0000 
  IN 000060: 0000 0000 0000 0000                     
RET  seq=42 conn=3903 sel=9(0x9) ret=0x0 outStructCnt=88
  OUT.struct len=88
  OUT 000000: 0000 0b00 0001 0000 00c0 9a00 0100 0000 
  OUT 000010: 4014 8500 0100 0000 0000 0000 0000 0000 
  OUT 000020: 0000 0000 1b00 0000 0080 0000 0000 0000 
  OUT 000030: 099a 1b5b 0000 0000 408a 0000 0000 0000 
  OUT 000040: 0000 0000 0000 0000 0000 0000 0000 0000 
  OUT 000050: 0080 0000 0000 0000                     
CALL seq=43 fn=Method conn=3903 class=AGXAcceleratorG17P sel=9(0x9) inScalarCnt=0 inStructCnt=104
  IN.struct len=104
  IN 000000: 0000 0000 0000 0000 0080 0100 0100 0000 
  IN 000010: 0101 0001 3044 0000 0000 0000 0000 0000 
  IN 000020: 0000 0000 0000 0000 0000 0000 0000 0000 
  IN 000030: 0000 0000 0000 0000 0000 0000 0000 0000 
  IN 000040: 0000 0000 0000 0000 0080 0000 0000 0000 
  IN 000050: 0000 0000 0000 0000 0000 0008 0000 0000 
  IN 000060: 0000 0000 0000 0000                     
RET  seq=43 conn=3903 sel=9(0x9) ret=0x0 outStructCnt=88
  OUT.struct len=88
  OUT 000000: 0000 0c00 0001 0000 0040 9b00 0100 0000 
  OUT 000010: 0015 8500 0100 0000 0000 0000 0000 0000 
  OUT 000020: 0000 0000 1c00 0000 0080 0000 0000 0000 
  OUT 000030: 0a9a 1b5b 0000 0000 418a 0000 0000 0000 
  OUT 000040: 0000 0000 0000 0000 0000 0000 0000 0000 
  OUT 000050: 0080 0000 0000 0000                     
CALL seq=44 fn=Method conn=3903 class=AGXAcceleratorG17P sel=9(0x9) inScalarCnt=0 inStructCnt=104
  IN.struct len=104
  IN 000000: 0000 0000 0000 0000 0080 0100 0100 0000 
  IN 000010: 0101 0001 3044 0000 0000 0000 0000 0000 
  IN 000020: 0000 0000 0000 0000 0000 0000 0000 0000 
  IN 000030: 0000 0000 0000 0000 0000 0000 0000 0000 
  IN 000040: 0000 0000 0000 0000 0080 0000 0000 0000 
  IN 000050: 0000 0000 0000 0000 0000 0008 0000 0000 
  IN 000060: 0000 0000 0000 0000                     
RET  seq=44 conn=3903 sel=9(0x9) ret=0x0 outStructCnt=88
  OUT.struct len=88
  OUT 000000: 0000 0d00 0001 0000 00c0 9b00 0100 0000 
  OUT 000010: c015 8500 0100 0000 0000 0000 0000 0000 
  OUT 000020: 0000 0000 1d00 0000 0080 0000 0000 0000 
  OUT 000030: 0b9a 1b5b 0000 0000 428a 0000 0000 0000 
  OUT 000040: 0000 0000 0000 0000 0000 0000 0000 0000 
  OUT 000050: 0080 0000 0000 0000                     
CALL seq=45 fn=Method conn=3903 class=AGXAcceleratorG17P sel=9(0x9) inScalarCnt=0 inStructCnt=104
  IN.struct len=104
  IN 000000: 0000 0000 0000 0000 8094 0100 0100 0000 
  IN 000010: 0101 0001 3044 0000 0000 0000 0000 0000 
  IN 000020: 0000 0000 0000 0000 0000 0000 0000 0000 
  IN 000030: 0000 0000 0000 0000 0000 0000 0000 0000 
  IN 000040: 0000 0000 0000 0000 8094 0000 0000 0000 
  IN 000050: 0000 0000 0000 0000 0000 0018 0000 0000 
  IN 000060: 0000 0000 0000 0000                     
RET  seq=45 conn=3903 sel=9(0x9) ret=0x0 outStructCnt=88
  OUT.struct len=88
  OUT 000000: 0000 0e00 0001 0000 0040 9c00 0100 0000 
  OUT 000010: 8016 8500 0100 0000 0000 0000 0000 0000 
  OUT 000020: 0000 0000 1e00 0000 00c0 0000 0000 0000 
  OUT 000030: 0c9a 1b5b 0000 0000 438a 0000 0000 0000 
  OUT 000040: 0000 0000 0000 0000 0000 0000 0000 0000 
  OUT 000050: 00c0 0000 0000 0000                     
BODUMP begin reason=sigusr1 n_bo=28
BODUMP handle=0 gpu_va=0x10000000000 cpu=0x100864000 size=0x10000 read=0x10000 -> comp_maps/bo_sigusr1_h0_va10000000000_cpu100864000_sz10000.hex
BODUMP handle=0 gpu_va=0x6f00000000 cpu=0x100874000 size=0x3800 read=0x3800 -> comp_maps/bo_sigusr1_h0_va6f00000000_cpu100874000_sz3800.hex
BODUMP handle=0 gpu_va=0x10000018000 cpu=0x100928000 size=0x10000 read=0x10000 -> comp_maps/bo_sigusr1_h0_va10000018000_cpu100928000_sz10000.hex
BODUMP handle=0 gpu_va=0x10000030000 cpu=0x100938000 size=0x20000 read=0x20000 -> comp_maps/bo_sigusr1_h0_va10000030000_cpu100938000_sz20000.hex
BODUMP handle=0 gpu_va=0x10000030100 cpu=0x100938100 size=0x20000 read=0x20000 -> comp_maps/bo_sigusr1_h0_va10000030100_cpu100938100_sz20000.hex
BODUMP handle=0 gpu_va=0x10000030200 cpu=0x100938200 size=0x20000 read=0x20000 -> comp_maps/bo_sigusr1_h0_va10000030200_cpu100938200_sz20000.hex
BODUMP handle=0 gpu_va=0x10000030300 cpu=0x100938300 size=0x20000 read=0x20000 -> comp_maps/bo_sigusr1_h0_va10000030300_cpu100938300_sz20000.hex
BODUMP handle=0 gpu_va=0x10000030500 cpu=0x100938500 size=0x20000 read=0x20000 -> comp_maps/bo_sigusr1_h0_va10000030500_cpu100938500_sz20000.hex
BODUMP handle=0 gpu_va=0x10000030700 cpu=0x100938700 size=0x20000 read=0x20000 -> comp_maps/bo_sigusr1_h0_va10000030700_cpu100938700_sz20000.hex
BODUMP handle=0 gpu_va=0x10000030800 cpu=0x100938800 size=0x20000 read=0x20000 -> comp_maps/bo_sigusr1_h0_va10000030800_cpu100938800_sz20000.hex
BODUMP handle=0 gpu_va=0x10000030a00 cpu=0x100938a00 size=0x20000 read=0x20000 -> comp_maps/bo_sigusr1_h0_va10000030a00_cpu100938a00_sz20000.hex
BODUMP handle=0 gpu_va=0x10000030b00 cpu=0x100938b00 size=0x20000 read=0x20000 -> comp_maps/bo_sigusr1_h0_va10000030b00_cpu100938b00_sz20000.hex
BODUMP handle=0 gpu_va=0x10000030c00 cpu=0x100938c00 size=0x20000 read=0x20000 -> comp_maps/bo_sigusr1_h0_va10000030c00_cpu100938c00_sz20000.hex
BODUMP handle=0 gpu_va=0x10000031c00 cpu=0x100939c00 size=0x20000 read=0x20000 -> comp_maps/bo_sigusr1_h0_va10000031c00_cpu100939c00_sz20000.hex
BODUMP handle=0 gpu_va=0x10000031d00 cpu=0x100939d00 size=0x20000 read=0x20000 -> comp_maps/bo_sigusr1_h0_va10000031d00_cpu100939d00_sz20000.hex
BODUMP handle=0 gpu_va=0x10000031e00 cpu=0x100939e00 size=0x20000 read=0x20000 -> comp_maps/bo_sigusr1_h0_va10000031e00_cpu100939e00_sz20000.hex
BODUMP handle=0 gpu_va=0x10000031f00 cpu=0x100939f00 size=0x20000 read=0x20000 -> comp_maps/bo_sigusr1_h0_va10000031f00_cpu100939f00_sz20000.hex
BODUMP handle=0 gpu_va=0x10000032700 cpu=0x10093a700 size=0x20000 read=0x20000 -> comp_maps/bo_sigusr1_h0_va10000032700_cpu10093a700_sz20000.hex
BODUMP handle=0 gpu_va=0x0 cpu=0x10095c000 size=0x10000 read=0x10000 -> comp_maps/bo_sigusr1_h0_va0_cpu10095c000_sz10000.hex
BODUMP handle=0 gpu_va=0x10000032800 cpu=0x10093a800 size=0x20000 read=0x20000 -> comp_maps/bo_sigusr1_h0_va10000032800_cpu10093a800_sz20000.hex
BODUMP handle=0 gpu_va=0x10000058000 cpu=0x10096c000 size=0x20000 read=0x20000 -> comp_maps/bo_sigusr1_h0_va10000058000_cpu10096c000_sz20000.hex
BODUMP handle=0 gpu_va=0x10000080000 cpu=0x100994000 size=0x8000 read=0x8000 -> comp_maps/bo_sigusr1_h0_va10000080000_cpu100994000_sz8000.hex
BODUMP handle=0 gpu_va=0x10000090000 cpu=0x10099c000 size=0x8000 read=0x8000 -> comp_maps/bo_sigusr1_h0_va10000090000_cpu10099c000_sz8000.hex
BODUMP handle=0 gpu_va=0x100000a0000 cpu=0x1009a4000 size=0x8000 read=0x8000 -> comp_maps/bo_sigusr1_h0_va100000a0000_cpu1009a4000_sz8000.hex
BODUMP handle=0 gpu_va=0x100000b0000 cpu=0x1009ac000 size=0x8000 read=0x8000 -> comp_maps/bo_sigusr1_h0_va100000b0000_cpu1009ac000_sz8000.hex
BODUMP handle=0 gpu_va=0x100000c0000 cpu=0x1009b4000 size=0x8000 read=0x8000 -> comp_maps/bo_sigusr1_h0_va100000c0000_cpu1009b4000_sz8000.hex
BODUMP handle=0 gpu_va=0x100000d0000 cpu=0x1009bc000 size=0x8000 read=0x8000 -> comp_maps/bo_sigusr1_h0_va100000d0000_cpu1009bc000_sz8000.hex
BODUMP handle=0 gpu_va=0x100000e0000 cpu=0x1009c4000 size=0x9480 read=0x9480 -> comp_maps/bo_sigusr1_h0_va100000e0000_cpu1009c4000_sz9480.hex
BODUMP end reason=sigusr1
CALL seq=46 fn=Method conn=3903 class=AGXAcceleratorG17P sel=8(0x8) inScalarCnt=1 inStructCnt=0 inScalars=[0x1]
CALL seq=47 fn=Method conn=3903 class=AGXAcceleratorG17P sel=17(0x11) inScalarCnt=1 inStructCnt=0 inScalars=[0x1]
RET  seq=47 conn=3903 sel=17(0x11) ret=0x0
RET  seq=47 conn=3903 sel=8(0x8) ret=0x0
CALL seq=48 fn=Scalar conn=3903 class=AGXAcceleratorG17P sel=15(0xf) inScalarCnt=1 inStructCnt=0 inScalars=[0x2]
RET  seq=48 conn=3903 sel=15(0xf) ret=0x0
CALL seq=49 fn=Scalar conn=3903 class=AGXAcceleratorG17P sel=15(0xf) inScalarCnt=1 inStructCnt=0 inScalars=[0x1]
RET  seq=49 conn=3903 sel=15(0xf) ret=0x0
