# maptrace metadata_always_on=1 allowlisted_full_dump=0 allbo_prefix_cap=16384 pointer_following=0
SERVICE_OPEN class=IOSurfaceRoot type=0 conn=0xf03
CALL class=IOSurfaceRoot sel=13 ret=0x0 in_struct=0x0 out_struct=0x28
CALL class=IOSurfaceRoot sel=44 ret=0xe00002f0 in_struct=0x0 out_struct=0x0
SERVICE_OPEN class=AGXAcceleratorG16G type=1048581 conn=0x3e03
CALL class=IOSurfaceRoot sel=32 ret=0x0 in_struct=0x0 out_struct=0x0
CALL class=AGXAcceleratorG16G sel=9 ret=0x0 in_struct=0x68 out_struct=0x58
RESOURCE_MAP class=AGXAcceleratorG16G gpu_va=0x10000000000 size=0x10000 handle=0 cpu_present=0 outcpu_present=1
CALL class=AGXAcceleratorG16G sel=9 ret=0x0 in_struct=0x68 out_struct=0x58
RESOURCE_MAP class=AGXAcceleratorG16G gpu_va=0x6f00000000 size=0x3800 handle=0 cpu_present=0 outcpu_present=1
CALL class=IOSurfaceRoot sel=32 ret=0x0 in_struct=0x0 out_struct=0x0
CALL class=AGXAcceleratorG16G sel=7 ret=0x0 in_struct=0x410 out_struct=0x10
CALL class=AGXAcceleratorG16G sel=16 ret=0x0 in_struct=0x0 out_struct=0x10
CALL class=AGXAcceleratorG16G sel=28 ret=0x0 in_struct=0x0 out_struct=0x0
CALL class=AGXAcceleratorG16G sel=9 ret=0x0 in_struct=0x68 out_struct=0x58
RESOURCE_MAP class=AGXAcceleratorG16G gpu_va=0x10000018000 size=0x20000 handle=0 cpu_present=0 outcpu_present=1
CALL class=AGXAcceleratorG16G sel=9 ret=0x0 in_struct=0x68 out_struct=0x58
RESOURCE_MAP class=AGXAcceleratorG16G gpu_va=0x10000018000 size=0x20000 handle=0 cpu_present=1 outcpu_present=0
CALL class=AGXAcceleratorG16G sel=9 ret=0x0 in_struct=0x68 out_struct=0x58
RESOURCE_MAP class=AGXAcceleratorG16G gpu_va=0x10000018200 size=0x20000 handle=0 cpu_present=1 outcpu_present=0
CALL class=AGXAcceleratorG16G sel=9 ret=0x0 in_struct=0x68 out_struct=0x58
RESOURCE_MAP class=AGXAcceleratorG16G gpu_va=0x10000018400 size=0x20000 handle=0 cpu_present=1 outcpu_present=0
CALL class=AGXAcceleratorG16G sel=9 ret=0x0 in_struct=0x68 out_struct=0x58
RESOURCE_MAP class=AGXAcceleratorG16G gpu_va=0x10000018500 size=0x20000 handle=0 cpu_present=1 outcpu_present=0
CALL class=AGXAcceleratorG16G sel=9 ret=0x0 in_struct=0x68 out_struct=0x58
RESOURCE_MAP class=AGXAcceleratorG16G gpu_va=0x10000018700 size=0x20000 handle=0 cpu_present=1 outcpu_present=0
CALL class=AGXAcceleratorG16G sel=9 ret=0x0 in_struct=0x68 out_struct=0x58
RESOURCE_MAP class=AGXAcceleratorG16G gpu_va=0x10000018800 size=0x20000 handle=0 cpu_present=1 outcpu_present=0
CALL class=AGXAcceleratorG16G sel=9 ret=0x0 in_struct=0x68 out_struct=0x58
RESOURCE_MAP class=AGXAcceleratorG16G gpu_va=0x10000018900 size=0x20000 handle=0 cpu_present=1 outcpu_present=0
CALL class=AGXAcceleratorG16G sel=9 ret=0x0 in_struct=0x68 out_struct=0x58
RESOURCE_MAP class=AGXAcceleratorG16G gpu_va=0x10000019900 size=0x20000 handle=0 cpu_present=1 outcpu_present=0
CALL class=AGXAcceleratorG16G sel=9 ret=0x0 in_struct=0x68 out_struct=0x58
RESOURCE_MAP class=AGXAcceleratorG16G gpu_va=0x10000019a00 size=0x20000 handle=0 cpu_present=1 outcpu_present=0
CALL class=AGXAcceleratorG16G sel=9 ret=0x0 in_struct=0x68 out_struct=0x58
RESOURCE_MAP class=AGXAcceleratorG16G gpu_va=0x10000019b00 size=0x20000 handle=0 cpu_present=1 outcpu_present=0
CALL class=AGXAcceleratorG16G sel=9 ret=0x0 in_struct=0x68 out_struct=0x58
RESOURCE_MAP class=AGXAcceleratorG16G gpu_va=0x10000019c00 size=0x20000 handle=0 cpu_present=1 outcpu_present=0
CALL class=AGXAcceleratorG16G sel=9 ret=0x0 in_struct=0x68 out_struct=0x58
RESOURCE_MAP class=AGXAcceleratorG16G gpu_va=0x1000001a400 size=0x20000 handle=0 cpu_present=1 outcpu_present=0
CALL class=AGXAcceleratorG16G sel=9 ret=0x0 in_struct=0x68 out_struct=0x58
RESOURCE_MAP class=AGXAcceleratorG16G gpu_va=0x10000040000 size=0x10000 handle=0 cpu_present=0 outcpu_present=1
CALL class=AGXAcceleratorG16G sel=9 ret=0x0 in_struct=0x68 out_struct=0x58
RESOURCE_MAP class=AGXAcceleratorG16G gpu_va=0x0 size=0x10000 handle=0 cpu_present=0 outcpu_present=1
CALL class=AGXAcceleratorG16G sel=9 ret=0x0 in_struct=0x68 out_struct=0x58
RESOURCE_MAP class=AGXAcceleratorG16G gpu_va=0x1000001a500 size=0x20000 handle=0 cpu_present=1 outcpu_present=0
CALL class=AGXAcceleratorG16G sel=9 ret=0x0 in_struct=0x68 out_struct=0x58
RESOURCE_MAP class=AGXAcceleratorG16G gpu_va=0x10000058000 size=0x20000 handle=0 cpu_present=0 outcpu_present=1
CALL class=AGXAcceleratorG16G sel=9 ret=0x0 in_struct=0x68 out_struct=0x58
RESOURCE_MAP class=AGXAcceleratorG16G gpu_va=0x10000058000 size=0x20000 handle=0 cpu_present=1 outcpu_present=0
CALL class=AGXAcceleratorG16G sel=17 ret=0x0 in_struct=0x0 out_struct=0x0
CALL class=AGXAcceleratorG16G sel=8 ret=0x0 in_struct=0x0 out_struct=0x0
