[2026-08-30T21:38:07Z] === EXP-0204: push
[2026-08-30T21:38:08Z] push rc=0
[2026-08-30T21:38:08Z] === EXP-0204: verify repo==neo (this experiment has no verify_remote.py)
repo==neo: 36/36 blobs match
[2026-08-30T21:38:09Z] === EXP-0204 capture 1/4: tex_sample+tex_write, shuffle seed 11 (its own quietconfirm.sh recipe)
=== e0204_c1  start 2026-08-30T21:38:09Z
__DRIVE_START=2026-08-30T21:38:11Z
{
 "run_id": "g17p_quiet_C1",
 "cases": 9013,
 "hangs": 0,
 "cascade": [
  [
   "tex_write@twdyn/1",
   "amode",
   9012
  ]
 ],
 "elapsed_s": 20.4,
 "restarts": {
  "mscmp": 0,
  "msfilt": 0,
  "msfixl": 0,
  "msgath": 0,
  "mslodq": 0,
  "msread": 0,
  "twbuf": 0,
  "twcomp": 0,
  "twcube": 0,
  "twdyn": 0,
  "twmip": 0
 }
}
__DRIVE_END=2026-08-30T21:38:31Z
__DRIVE_RC=0
=== e0204_c1  end   2026-08-30T21:38:34Z
{"QUIET": true, "samples": 12, "span_s": 22.5, "max_foreign_runner": 0, "max_foreign_legacy_incl_compiler_svc": 0, "Q1b_compiler_svc_max": 6, "Q1b_compiler_svc_all_new_since_start": true, "Q2_recovery_stable": false, "recovery_first_last": [21778, 21785], "Q3_submitter_pids": [328, 36813, 36825, 36827], "Q4_sampler_alive": true, "loadavg_max": 0.58984375, "busy_count_values": [0], "ioreg_errors": 0}
[2026-08-30T21:38:34Z] === EXP-0204 capture 2/4: same arms, reverse order
=== e0204_c2  start 2026-08-30T21:38:34Z
__DRIVE_START=2026-08-30T21:38:36Z
{
 "run_id": "g17p_quiet_C2",
 "cases": 5241,
 "hangs": 0,
 "cascade": [
  [
   "tex_write@twdyn/0",
   "amode",
   5240
  ]
 ],
 "elapsed_s": 16.4,
 "restarts": {
  "mscmp": 0,
  "msfilt": 0,
  "msfixl": 0,
  "msgath": 0,
  "mslodq": 0,
  "msread": 0,
  "twbuf": 0,
  "twcomp": 0,
  "twcube": 0,
  "twdyn": 0,
  "twmip": 0
 }
}
__DRIVE_END=2026-08-30T21:38:53Z
__DRIVE_RC=0
=== e0204_c2  end   2026-08-30T21:38:55Z
{"QUIET": true, "samples": 10, "span_s": 18.4, "max_foreign_runner": 0, "max_foreign_legacy_incl_compiler_svc": 0, "Q1b_compiler_svc_max": 0, "Q1b_compiler_svc_all_new_since_start": null, "Q2_recovery_stable": false, "recovery_first_last": [21785, 21789], "Q3_submitter_pids": [36825, 36946, 36952, 36953], "Q4_sampler_alive": true, "loadavg_max": 0.86474609375, "busy_count_values": [0], "ioreg_errors": 0}
[2026-08-30T21:38:55Z] === EXP-0204 capture 3/4: tex_deriv mapping pass, forward, 900 s budget
=== e0204_d1  start 2026-08-30T21:38:55Z
__DRIVE_START=2026-08-30T21:38:58Z
{
 "run_id": "g17p_quiet_A2runD1",
 "cases": 468,
 "hangs": 48,
 "cascade": [],
 "elapsed_s": 111.1,
 "restarts": {
  "deriv": 0,
  "deriv2": 0
 }
}
__DRIVE_END=2026-08-30T21:40:49Z
__DRIVE_RC=0
=== e0204_d1  end   2026-08-30T21:40:51Z
{"QUIET": true, "samples": 56, "span_s": 113.5, "max_foreign_runner": 0, "max_foreign_legacy_incl_compiler_svc": 0, "Q1b_compiler_svc_max": 0, "Q1b_compiler_svc_all_new_since_start": null, "Q2_recovery_stable": false, "recovery_first_last": [21789, 21933], "Q3_submitter_pids": [328, 36952, 37016, 37017], "Q4_sampler_alive": true, "loadavg_max": 1.046875, "busy_count_values": [0], "ioreg_errors": 0}
[2026-08-30T21:40:51Z] === EXP-0204 capture 4/4: tex_deriv mapping pass, reverse, 900 s budget
=== e0204_d2  start 2026-08-30T21:40:51Z
__DRIVE_START=2026-08-30T21:40:54Z
{
 "run_id": "g17p_quiet_A2runD2",
 "cases": 246,
 "hangs": 48,
 "cascade": [],
 "elapsed_s": 110.6,
 "restarts": {
  "deriv": 0,
  "deriv2": 0
 }
}
__DRIVE_END=2026-08-30T21:42:44Z
__DRIVE_RC=0
=== e0204_d2  end   2026-08-30T21:42:47Z
{"QUIET": true, "samples": 56, "span_s": 113.5, "max_foreign_runner": 0, "max_foreign_legacy_incl_compiler_svc": 0, "Q1b_compiler_svc_max": 0, "Q1b_compiler_svc_all_new_since_start": null, "Q2_recovery_stable": false, "recovery_first_last": [21933, 22077], "Q3_submitter_pids": [328, 37017, 37173, 37174], "Q4_sampler_alive": true, "loadavg_max": 1.2373046875, "busy_count_values": [0], "ioreg_errors": 0}
[2026-08-30T21:42:47Z] === EXP-0204 pull (ONLY the new run dirs)
-n g17p_quiet_C1 
    9014
-n g17p_quiet_C2 
    5242
-n g17p_quiet_A2runD1 
     468
-n g17p_quiet_A2runD2 
     246
[2026-08-30T21:42:53Z] === QUEUE 3 COMPLETE
