# maptrace metadata_always_on=1 allowlisted_full_dump=0 allbo_prefix_cap=16384 pointer_following=0
SERVICE_OPEN class=IOSurfaceRoot type=0 conn=0x1b03
CALL class=IOSurfaceRoot sel=13 ret=0x0 in_struct=0x0 out_struct=0x28
CALL class=IOSurfaceRoot sel=44 ret=0xe00002f0 in_struct=0x0 out_struct=0x0
SERVICE_OPEN class=AGXAcceleratorG16G type=1048581 conn=0x3c03
CALL class=IOSurfaceRoot sel=32 ret=0x0 in_struct=0x0 out_struct=0x0
CALL class=AGXAcceleratorG16G sel=9 ret=0x0 in_struct=0x68 out_struct=0x58
RESOURCE_MAP class=AGXAcceleratorG16G gpu_va=0x10000000000 size=0x10000 handle=0 cpu_present=0 outcpu_present=1
CALL class=AGXAcceleratorG16G sel=9 ret=0x0 in_struct=0x68 out_struct=0x58
RESOURCE_MAP class=AGXAcceleratorG16G gpu_va=0x6f00000000 size=0x3800 handle=0 cpu_present=0 outcpu_present=1
CALL class=AGXAcceleratorG16G sel=7 ret=0x0 in_struct=0x410 out_struct=0x10
CALL class=AGXAcceleratorG16G sel=16 ret=0x0 in_struct=0x0 out_struct=0x10
CALL class=AGXAcceleratorG16G sel=28 ret=0x0 in_struct=0x0 out_struct=0x0
CALL class=AGXAcceleratorG16G sel=9 ret=0x0 in_struct=0x68 out_struct=0x58
RESOURCE_MAP class=AGXAcceleratorG16G gpu_va=0x10000018000 size=0x20000 handle=0 cpu_present=0 outcpu_present=1
CALL class=AGXAcceleratorG16G sel=9 ret=0x0 in_struct=0x68 out_struct=0x58
RESOURCE_MAP class=AGXAcceleratorG16G gpu_va=0x10000018000 size=0x20000 handle=0 cpu_present=1 outcpu_present=0
CALL class=AGXAcceleratorG16G sel=9 ret=0x0 in_struct=0x68 out_struct=0x58
RESOURCE_MAP class=AGXAcceleratorG16G gpu_va=0x10000018200 size=0x20000 handle=0 cpu_present=1 outcpu_present=0
CALL class=AGXAcceleratorG16G sel=9 ret=0x0 in_struct=0x68 out_struct=0x58
RESOURCE_MAP class=AGXAcceleratorG16G gpu_va=0x10000018400 size=0x20000 handle=0 cpu_present=1 outcpu_present=0
CALL class=AGXAcceleratorG16G sel=9 ret=0x0 in_struct=0x68 out_struct=0x58
RESOURCE_MAP class=AGXAcceleratorG16G gpu_va=0x10000018500 size=0x20000 handle=0 cpu_present=1 outcpu_present=0
CALL class=AGXAcceleratorG16G sel=9 ret=0x0 in_struct=0x68 out_struct=0x58
RESOURCE_MAP class=AGXAcceleratorG16G gpu_va=0x10000018700 size=0x20000 handle=0 cpu_present=1 outcpu_present=0
CALL class=AGXAcceleratorG16G sel=9 ret=0x0 in_struct=0x68 out_struct=0x58
RESOURCE_MAP class=AGXAcceleratorG16G gpu_va=0x10000018800 size=0x20000 handle=0 cpu_present=1 outcpu_present=0
CALL class=AGXAcceleratorG16G sel=9 ret=0x0 in_struct=0x68 out_struct=0x58
RESOURCE_MAP class=AGXAcceleratorG16G gpu_va=0x10000018900 size=0x20000 handle=0 cpu_present=1 outcpu_present=0
CALL class=AGXAcceleratorG16G sel=9 ret=0x0 in_struct=0x68 out_struct=0x58
RESOURCE_MAP class=AGXAcceleratorG16G gpu_va=0x10000019900 size=0x20000 handle=0 cpu_present=1 outcpu_present=0
CALL class=AGXAcceleratorG16G sel=9 ret=0x0 in_struct=0x68 out_struct=0x58
RESOURCE_MAP class=AGXAcceleratorG16G gpu_va=0x10000019a00 size=0x20000 handle=0 cpu_present=1 outcpu_present=0
CALL class=AGXAcceleratorG16G sel=9 ret=0x0 in_struct=0x68 out_struct=0x58
RESOURCE_MAP class=AGXAcceleratorG16G gpu_va=0x10000019b00 size=0x20000 handle=0 cpu_present=1 outcpu_present=0
CALL class=AGXAcceleratorG16G sel=9 ret=0x0 in_struct=0x68 out_struct=0x58
RESOURCE_MAP class=AGXAcceleratorG16G gpu_va=0x10000019c00 size=0x20000 handle=0 cpu_present=1 outcpu_present=0
CALL class=AGXAcceleratorG16G sel=9 ret=0x0 in_struct=0x68 out_struct=0x58
RESOURCE_MAP class=AGXAcceleratorG16G gpu_va=0x1000001a400 size=0x20000 handle=0 cpu_present=1 outcpu_present=0
CALL class=AGXAcceleratorG16G sel=9 ret=0x0 in_struct=0x68 out_struct=0x58
RESOURCE_MAP class=AGXAcceleratorG16G gpu_va=0x10000040000 size=0x10000 handle=0 cpu_present=0 outcpu_present=1
CALL class=AGXAcceleratorG16G sel=9 ret=0x0 in_struct=0x68 out_struct=0x58
RESOURCE_MAP class=AGXAcceleratorG16G gpu_va=0x0 size=0x10000 handle=0 cpu_present=0 outcpu_present=1
CALL class=AGXAcceleratorG16G sel=9 ret=0x0 in_struct=0x68 out_struct=0x58
RESOURCE_MAP class=AGXAcceleratorG16G gpu_va=0x1000001a500 size=0x20000 handle=0 cpu_present=1 outcpu_present=0
CALL class=AGXAcceleratorG16G sel=9 ret=0x0 in_struct=0x68 out_struct=0x58
RESOURCE_MAP class=AGXAcceleratorG16G gpu_va=0x10000058000 size=0x20000 handle=0 cpu_present=0 outcpu_present=1
CALL class=AGXAcceleratorG16G sel=9 ret=0x0 in_struct=0x68 out_struct=0x58
RESOURCE_MAP class=AGXAcceleratorG16G gpu_va=0x10000058000 size=0x20000 handle=0 cpu_present=1 outcpu_present=0
CALL class=AGXAcceleratorG16G sel=9 ret=0x0 in_struct=0x68 out_struct=0x58
RESOURCE_MAP class=AGXAcceleratorG16G gpu_va=0x1000001c500 size=0x20000 handle=0 cpu_present=1 outcpu_present=0
CALL class=AGXAcceleratorG16G sel=9 ret=0x0 in_struct=0x68 out_struct=0x58
RESOURCE_MAP class=AGXAcceleratorG16G gpu_va=0x10000080000 size=0x4000 handle=0 cpu_present=0 outcpu_present=1
CALL class=AGXAcceleratorG16G sel=14 ret=0x0 in_struct=0x0 out_struct=0x10
CALL class=AGXAcceleratorG16G sel=14 ret=0x0 in_struct=0x0 out_struct=0x10
CALL class=AGXAcceleratorG16G sel=9 ret=0x0 in_struct=0x68 out_struct=0x58
RESOURCE_MAP class=AGXAcceleratorG16G gpu_va=0x10000088000 size=0x8000 handle=0 cpu_present=0 outcpu_present=1
CALL class=AGXAcceleratorG16G sel=9 ret=0x0 in_struct=0x68 out_struct=0x58
RESOURCE_MAP class=AGXAcceleratorG16G gpu_va=0x10000098000 size=0x8000 handle=0 cpu_present=0 outcpu_present=1
CALL class=AGXAcceleratorG16G sel=9 ret=0x0 in_struct=0x68 out_struct=0x58
RESOURCE_MAP class=AGXAcceleratorG16G gpu_va=0x100000a8000 size=0x8000 handle=0 cpu_present=0 outcpu_present=1
CALL class=AGXAcceleratorG16G sel=9 ret=0x0 in_struct=0x68 out_struct=0x58
RESOURCE_MAP class=AGXAcceleratorG16G gpu_va=0x100000b8000 size=0x8000 handle=0 cpu_present=0 outcpu_present=1
CALL class=AGXAcceleratorG16G sel=9 ret=0x0 in_struct=0x68 out_struct=0x58
RESOURCE_MAP class=AGXAcceleratorG16G gpu_va=0x100000c8000 size=0x8000 handle=0 cpu_present=0 outcpu_present=1
CALL class=AGXAcceleratorG16G sel=9 ret=0x0 in_struct=0x68 out_struct=0x58
RESOURCE_MAP class=AGXAcceleratorG16G gpu_va=0x100000d8000 size=0x8000 handle=0 cpu_present=0 outcpu_present=1
CALL class=AGXAcceleratorG16G sel=9 ret=0x0 in_struct=0x68 out_struct=0x58
RESOURCE_MAP class=AGXAcceleratorG16G gpu_va=0x100000e8000 size=0x9480 handle=0 cpu_present=0 outcpu_present=1
ALLBO_PREFIX_DUMP gpu_va=0x10000000000 size=0x10000 class=AGXAcceleratorG16G kr=0x0 got=0x4000 path=/Users/user/asahi_re/public/agx-re/experiments/EXP-0107-m4-scratch-helper-abi/raw/m4-20260827-run01/dumps/O_cs_k1536_g1024_t32/allbo/bo_va10000000000_sz10000.hex
ALLBO_PREFIX_DUMP gpu_va=0x6f00000000 size=0x3800 class=AGXAcceleratorG16G kr=0x0 got=0x3800 path=/Users/user/asahi_re/public/agx-re/experiments/EXP-0107-m4-scratch-helper-abi/raw/m4-20260827-run01/dumps/O_cs_k1536_g1024_t32/allbo/bo_va6f00000000_sz3800.hex
ALLBO_PREFIX_DUMP gpu_va=0x10000018000 size=0x20000 class=AGXAcceleratorG16G kr=0x0 got=0x4000 path=/Users/user/asahi_re/public/agx-re/experiments/EXP-0107-m4-scratch-helper-abi/raw/m4-20260827-run01/dumps/O_cs_k1536_g1024_t32/allbo/bo_va10000018000_sz20000.hex
ALLBO_PREFIX_DUMP gpu_va=0x10000018200 size=0x20000 class=AGXAcceleratorG16G kr=0x0 got=0x4000 path=/Users/user/asahi_re/public/agx-re/experiments/EXP-0107-m4-scratch-helper-abi/raw/m4-20260827-run01/dumps/O_cs_k1536_g1024_t32/allbo/bo_va10000018200_sz20000.hex
ALLBO_PREFIX_DUMP gpu_va=0x10000018400 size=0x20000 class=AGXAcceleratorG16G kr=0x0 got=0x4000 path=/Users/user/asahi_re/public/agx-re/experiments/EXP-0107-m4-scratch-helper-abi/raw/m4-20260827-run01/dumps/O_cs_k1536_g1024_t32/allbo/bo_va10000018400_sz20000.hex
ALLBO_PREFIX_DUMP gpu_va=0x10000018500 size=0x20000 class=AGXAcceleratorG16G kr=0x0 got=0x4000 path=/Users/user/asahi_re/public/agx-re/experiments/EXP-0107-m4-scratch-helper-abi/raw/m4-20260827-run01/dumps/O_cs_k1536_g1024_t32/allbo/bo_va10000018500_sz20000.hex
ALLBO_PREFIX_DUMP gpu_va=0x10000018700 size=0x20000 class=AGXAcceleratorG16G kr=0x0 got=0x4000 path=/Users/user/asahi_re/public/agx-re/experiments/EXP-0107-m4-scratch-helper-abi/raw/m4-20260827-run01/dumps/O_cs_k1536_g1024_t32/allbo/bo_va10000018700_sz20000.hex
ALLBO_PREFIX_DUMP gpu_va=0x10000018800 size=0x20000 class=AGXAcceleratorG16G kr=0x0 got=0x4000 path=/Users/user/asahi_re/public/agx-re/experiments/EXP-0107-m4-scratch-helper-abi/raw/m4-20260827-run01/dumps/O_cs_k1536_g1024_t32/allbo/bo_va10000018800_sz20000.hex
ALLBO_PREFIX_DUMP gpu_va=0x10000018900 size=0x20000 class=AGXAcceleratorG16G kr=0x0 got=0x4000 path=/Users/user/asahi_re/public/agx-re/experiments/EXP-0107-m4-scratch-helper-abi/raw/m4-20260827-run01/dumps/O_cs_k1536_g1024_t32/allbo/bo_va10000018900_sz20000.hex
ALLBO_PREFIX_DUMP gpu_va=0x10000019900 size=0x20000 class=AGXAcceleratorG16G kr=0x0 got=0x4000 path=/Users/user/asahi_re/public/agx-re/experiments/EXP-0107-m4-scratch-helper-abi/raw/m4-20260827-run01/dumps/O_cs_k1536_g1024_t32/allbo/bo_va10000019900_sz20000.hex
ALLBO_PREFIX_DUMP gpu_va=0x10000019a00 size=0x20000 class=AGXAcceleratorG16G kr=0x0 got=0x4000 path=/Users/user/asahi_re/public/agx-re/experiments/EXP-0107-m4-scratch-helper-abi/raw/m4-20260827-run01/dumps/O_cs_k1536_g1024_t32/allbo/bo_va10000019a00_sz20000.hex
ALLBO_PREFIX_DUMP gpu_va=0x10000019b00 size=0x20000 class=AGXAcceleratorG16G kr=0x0 got=0x4000 path=/Users/user/asahi_re/public/agx-re/experiments/EXP-0107-m4-scratch-helper-abi/raw/m4-20260827-run01/dumps/O_cs_k1536_g1024_t32/allbo/bo_va10000019b00_sz20000.hex
ALLBO_PREFIX_DUMP gpu_va=0x10000019c00 size=0x20000 class=AGXAcceleratorG16G kr=0x0 got=0x4000 path=/Users/user/asahi_re/public/agx-re/experiments/EXP-0107-m4-scratch-helper-abi/raw/m4-20260827-run01/dumps/O_cs_k1536_g1024_t32/allbo/bo_va10000019c00_sz20000.hex
ALLBO_PREFIX_DUMP gpu_va=0x1000001a400 size=0x20000 class=AGXAcceleratorG16G kr=0x0 got=0x4000 path=/Users/user/asahi_re/public/agx-re/experiments/EXP-0107-m4-scratch-helper-abi/raw/m4-20260827-run01/dumps/O_cs_k1536_g1024_t32/allbo/bo_va1000001a400_sz20000.hex
ALLBO_PREFIX_DUMP gpu_va=0x10000040000 size=0x10000 class=AGXAcceleratorG16G kr=0x0 got=0x4000 path=/Users/user/asahi_re/public/agx-re/experiments/EXP-0107-m4-scratch-helper-abi/raw/m4-20260827-run01/dumps/O_cs_k1536_g1024_t32/allbo/bo_va10000040000_sz10000.hex
ALLBO_PREFIX_DUMP gpu_va=0x0 size=0x10000 class=AGXAcceleratorG16G kr=0x0 got=0x4000 path=/Users/user/asahi_re/public/agx-re/experiments/EXP-0107-m4-scratch-helper-abi/raw/m4-20260827-run01/dumps/O_cs_k1536_g1024_t32/allbo/bo_va0_sz10000.hex
ALLBO_PREFIX_DUMP gpu_va=0x1000001a500 size=0x20000 class=AGXAcceleratorG16G kr=0x0 got=0x4000 path=/Users/user/asahi_re/public/agx-re/experiments/EXP-0107-m4-scratch-helper-abi/raw/m4-20260827-run01/dumps/O_cs_k1536_g1024_t32/allbo/bo_va1000001a500_sz20000.hex
ALLBO_PREFIX_DUMP gpu_va=0x10000058000 size=0x20000 class=AGXAcceleratorG16G kr=0x0 got=0x4000 path=/Users/user/asahi_re/public/agx-re/experiments/EXP-0107-m4-scratch-helper-abi/raw/m4-20260827-run01/dumps/O_cs_k1536_g1024_t32/allbo/bo_va10000058000_sz20000.hex
ALLBO_PREFIX_DUMP gpu_va=0x1000001c500 size=0x20000 class=AGXAcceleratorG16G kr=0x0 got=0x4000 path=/Users/user/asahi_re/public/agx-re/experiments/EXP-0107-m4-scratch-helper-abi/raw/m4-20260827-run01/dumps/O_cs_k1536_g1024_t32/allbo/bo_va1000001c500_sz20000.hex
ALLBO_PREFIX_DUMP gpu_va=0x10000080000 size=0x4000 class=AGXAcceleratorG16G kr=0x0 got=0x4000 path=/Users/user/asahi_re/public/agx-re/experiments/EXP-0107-m4-scratch-helper-abi/raw/m4-20260827-run01/dumps/O_cs_k1536_g1024_t32/allbo/bo_va10000080000_sz4000.hex
ALLBO_PREFIX_DUMP gpu_va=0x10000088000 size=0x8000 class=AGXAcceleratorG16G kr=0x0 got=0x4000 path=/Users/user/asahi_re/public/agx-re/experiments/EXP-0107-m4-scratch-helper-abi/raw/m4-20260827-run01/dumps/O_cs_k1536_g1024_t32/allbo/bo_va10000088000_sz8000.hex
ALLBO_PREFIX_DUMP gpu_va=0x10000098000 size=0x8000 class=AGXAcceleratorG16G kr=0x0 got=0x4000 path=/Users/user/asahi_re/public/agx-re/experiments/EXP-0107-m4-scratch-helper-abi/raw/m4-20260827-run01/dumps/O_cs_k1536_g1024_t32/allbo/bo_va10000098000_sz8000.hex
ALLBO_PREFIX_DUMP gpu_va=0x100000a8000 size=0x8000 class=AGXAcceleratorG16G kr=0x0 got=0x4000 path=/Users/user/asahi_re/public/agx-re/experiments/EXP-0107-m4-scratch-helper-abi/raw/m4-20260827-run01/dumps/O_cs_k1536_g1024_t32/allbo/bo_va100000a8000_sz8000.hex
ALLBO_PREFIX_DUMP gpu_va=0x100000b8000 size=0x8000 class=AGXAcceleratorG16G kr=0x0 got=0x4000 path=/Users/user/asahi_re/public/agx-re/experiments/EXP-0107-m4-scratch-helper-abi/raw/m4-20260827-run01/dumps/O_cs_k1536_g1024_t32/allbo/bo_va100000b8000_sz8000.hex
ALLBO_PREFIX_DUMP gpu_va=0x100000c8000 size=0x8000 class=AGXAcceleratorG16G kr=0x0 got=0x4000 path=/Users/user/asahi_re/public/agx-re/experiments/EXP-0107-m4-scratch-helper-abi/raw/m4-20260827-run01/dumps/O_cs_k1536_g1024_t32/allbo/bo_va100000c8000_sz8000.hex
ALLBO_PREFIX_DUMP gpu_va=0x100000d8000 size=0x8000 class=AGXAcceleratorG16G kr=0x0 got=0x4000 path=/Users/user/asahi_re/public/agx-re/experiments/EXP-0107-m4-scratch-helper-abi/raw/m4-20260827-run01/dumps/O_cs_k1536_g1024_t32/allbo/bo_va100000d8000_sz8000.hex
ALLBO_PREFIX_DUMP gpu_va=0x100000e8000 size=0x9480 class=AGXAcceleratorG16G kr=0x0 got=0x4000 path=/Users/user/asahi_re/public/agx-re/experiments/EXP-0107-m4-scratch-helper-abi/raw/m4-20260827-run01/dumps/O_cs_k1536_g1024_t32/allbo/bo_va100000e8000_sz9480.hex
# dump_all complete nbo=27
CALL class=AGXAcceleratorG16G sel=17 ret=0x0 in_struct=0x0 out_struct=0x0
CALL class=AGXAcceleratorG16G sel=8 ret=0x0 in_struct=0x0 out_struct=0x0
