# maptrace metadata_always_on=1 allowlisted_full_dump=0 allbo_prefix_cap=16384 pointer_following=0
SERVICE_OPEN class=IOSurfaceRoot type=0 conn=0xb03
CALL class=IOSurfaceRoot sel=13 ret=0x0 in_struct=0x0 out_struct=0x28
CALL class=IOSurfaceRoot sel=44 ret=0xe00002f0 in_struct=0x0 out_struct=0x0
SERVICE_OPEN class=AGXAcceleratorG16G type=1048581 conn=0x3d03
CALL class=IOSurfaceRoot sel=32 ret=0x0 in_struct=0x0 out_struct=0x0
CALL class=AGXAcceleratorG16G sel=9 ret=0x0 in_struct=0x68 out_struct=0x58
RESOURCE_MAP class=AGXAcceleratorG16G gpu_va=0x10000000000 size=0x10000 handle=0 cpu_present=0 outcpu_present=1
CALL class=AGXAcceleratorG16G sel=9 ret=0x0 in_struct=0x68 out_struct=0x58
RESOURCE_MAP class=AGXAcceleratorG16G gpu_va=0x6f00000000 size=0x3800 handle=0 cpu_present=0 outcpu_present=1
CALL class=IOSurfaceRoot sel=32 ret=0x0 in_struct=0x0 out_struct=0x0
CALL class=AGXAcceleratorG16G sel=7 ret=0x0 in_struct=0x410 out_struct=0x10
CALL class=AGXAcceleratorG16G sel=16 ret=0x0 in_struct=0x0 out_struct=0x10
CALL class=AGXAcceleratorG16G sel=28 ret=0x0 in_struct=0x0 out_struct=0x0
CALL class=AGXAcceleratorG16G sel=9 ret=0x0 in_struct=0x68 out_struct=0x58
RESOURCE_MAP class=AGXAcceleratorG16G gpu_va=0x10000018000 size=0x20000 handle=0 cpu_present=0 outcpu_present=1
CALL class=AGXAcceleratorG16G sel=9 ret=0x0 in_struct=0x68 out_struct=0x58
RESOURCE_MAP class=AGXAcceleratorG16G gpu_va=0x10000018000 size=0x20000 handle=0 cpu_present=1 outcpu_present=0
CALL class=AGXAcceleratorG16G sel=9 ret=0x0 in_struct=0x68 out_struct=0x58
RESOURCE_MAP class=AGXAcceleratorG16G gpu_va=0x10000018200 size=0x20000 handle=0 cpu_present=1 outcpu_present=0
CALL class=AGXAcceleratorG16G sel=9 ret=0x0 in_struct=0x68 out_struct=0x58
RESOURCE_MAP class=AGXAcceleratorG16G gpu_va=0x10000018400 size=0x20000 handle=0 cpu_present=1 outcpu_present=0
CALL class=AGXAcceleratorG16G sel=9 ret=0x0 in_struct=0x68 out_struct=0x58
RESOURCE_MAP class=AGXAcceleratorG16G gpu_va=0x10000018500 size=0x20000 handle=0 cpu_present=1 outcpu_present=0
CALL class=AGXAcceleratorG16G sel=9 ret=0x0 in_struct=0x68 out_struct=0x58
RESOURCE_MAP class=AGXAcceleratorG16G gpu_va=0x10000018700 size=0x20000 handle=0 cpu_present=1 outcpu_present=0
CALL class=AGXAcceleratorG16G sel=9 ret=0x0 in_struct=0x68 out_struct=0x58
RESOURCE_MAP class=AGXAcceleratorG16G gpu_va=0x10000018800 size=0x20000 handle=0 cpu_present=1 outcpu_present=0
CALL class=AGXAcceleratorG16G sel=9 ret=0x0 in_struct=0x68 out_struct=0x58
RESOURCE_MAP class=AGXAcceleratorG16G gpu_va=0x10000018900 size=0x20000 handle=0 cpu_present=1 outcpu_present=0
CALL class=AGXAcceleratorG16G sel=9 ret=0x0 in_struct=0x68 out_struct=0x58
RESOURCE_MAP class=AGXAcceleratorG16G gpu_va=0x10000019900 size=0x20000 handle=0 cpu_present=1 outcpu_present=0
CALL class=AGXAcceleratorG16G sel=9 ret=0x0 in_struct=0x68 out_struct=0x58
RESOURCE_MAP class=AGXAcceleratorG16G gpu_va=0x10000019a00 size=0x20000 handle=0 cpu_present=1 outcpu_present=0
CALL class=AGXAcceleratorG16G sel=9 ret=0x0 in_struct=0x68 out_struct=0x58
RESOURCE_MAP class=AGXAcceleratorG16G gpu_va=0x10000019b00 size=0x20000 handle=0 cpu_present=1 outcpu_present=0
CALL class=AGXAcceleratorG16G sel=9 ret=0x0 in_struct=0x68 out_struct=0x58
RESOURCE_MAP class=AGXAcceleratorG16G gpu_va=0x10000019c00 size=0x20000 handle=0 cpu_present=1 outcpu_present=0
CALL class=AGXAcceleratorG16G sel=9 ret=0x0 in_struct=0x68 out_struct=0x58
RESOURCE_MAP class=AGXAcceleratorG16G gpu_va=0x1000001a400 size=0x20000 handle=0 cpu_present=1 outcpu_present=0
CALL class=AGXAcceleratorG16G sel=9 ret=0x0 in_struct=0x68 out_struct=0x58
RESOURCE_MAP class=AGXAcceleratorG16G gpu_va=0x10000040000 size=0x10000 handle=0 cpu_present=0 outcpu_present=1
CALL class=AGXAcceleratorG16G sel=9 ret=0x0 in_struct=0x68 out_struct=0x58
RESOURCE_MAP class=AGXAcceleratorG16G gpu_va=0x0 size=0x10000 handle=0 cpu_present=0 outcpu_present=1
CALL class=AGXAcceleratorG16G sel=9 ret=0x0 in_struct=0x68 out_struct=0x58
RESOURCE_MAP class=AGXAcceleratorG16G gpu_va=0x1000001a500 size=0x20000 handle=0 cpu_present=1 outcpu_present=0
CALL class=AGXAcceleratorG16G sel=9 ret=0x0 in_struct=0x68 out_struct=0x58
RESOURCE_MAP class=AGXAcceleratorG16G gpu_va=0x10000058000 size=0x20000 handle=0 cpu_present=0 outcpu_present=1
CALL class=AGXAcceleratorG16G sel=9 ret=0x0 in_struct=0x68 out_struct=0x58
RESOURCE_MAP class=AGXAcceleratorG16G gpu_va=0x10000058000 size=0x20000 handle=0 cpu_present=1 outcpu_present=0
CALL class=AGXAcceleratorG16G sel=9 ret=0x0 in_struct=0x68 out_struct=0x58
RESOURCE_MAP class=AGXAcceleratorG16G gpu_va=0x10000080000 size=0x4000 handle=0 cpu_present=0 outcpu_present=1
CALL class=AGXAcceleratorG16G sel=9 ret=0x0 in_struct=0x68 out_struct=0x58
RESOURCE_MAP class=AGXAcceleratorG16G gpu_va=0x1000001c500 size=0x20000 handle=0 cpu_present=1 outcpu_present=0
CALL class=AGXAcceleratorG16G sel=14 ret=0x0 in_struct=0x0 out_struct=0x10
CALL class=AGXAcceleratorG16G sel=14 ret=0x0 in_struct=0x0 out_struct=0x10
CALL class=AGXAcceleratorG16G sel=9 ret=0x0 in_struct=0x68 out_struct=0x58
RESOURCE_MAP class=AGXAcceleratorG16G gpu_va=0x10000088000 size=0x74000 handle=0 cpu_present=0 outcpu_present=1
CALL class=AGXAcceleratorG16G sel=9 ret=0x0 in_struct=0x68 out_struct=0x58
RESOURCE_MAP class=AGXAcceleratorG16G gpu_va=0x18000 size=0x8000 handle=0 cpu_present=0 outcpu_present=1
CALL class=AGXAcceleratorG16G sel=9 ret=0x0 in_struct=0x68 out_struct=0x58
RESOURCE_MAP class=AGXAcceleratorG16G gpu_va=0x28000 size=0x8000 handle=0 cpu_present=0 outcpu_present=1
CALL class=AGXAcceleratorG16G sel=9 ret=0x0 in_struct=0x68 out_struct=0x58
RESOURCE_MAP class=AGXAcceleratorG16G gpu_va=0x38000 size=0x8000 handle=0 cpu_present=0 outcpu_present=1
CALL class=AGXAcceleratorG16G sel=9 ret=0x0 in_struct=0x68 out_struct=0x58
RESOURCE_MAP class=AGXAcceleratorG16G gpu_va=0x10000100000 size=0x8000 handle=0 cpu_present=0 outcpu_present=1
CALL class=AGXAcceleratorG16G sel=9 ret=0x0 in_struct=0x68 out_struct=0x58
RESOURCE_MAP class=AGXAcceleratorG16G gpu_va=0x10000110000 size=0x8000 handle=0 cpu_present=0 outcpu_present=1
CALL class=AGXAcceleratorG16G sel=9 ret=0x0 in_struct=0x68 out_struct=0x58
RESOURCE_MAP class=AGXAcceleratorG16G gpu_va=0x10000120000 size=0x8000 handle=0 cpu_present=0 outcpu_present=1
CALL class=AGXAcceleratorG16G sel=9 ret=0x0 in_struct=0x68 out_struct=0x58
RESOURCE_MAP class=AGXAcceleratorG16G gpu_va=0x10000130000 size=0x8000 handle=0 cpu_present=0 outcpu_present=1
CALL class=AGXAcceleratorG16G sel=9 ret=0x0 in_struct=0x68 out_struct=0x58
RESOURCE_MAP class=AGXAcceleratorG16G gpu_va=0x10000140000 size=0x100000 handle=0 cpu_present=0 outcpu_present=1
CALL class=AGXAcceleratorG16G sel=9 ret=0x0 in_struct=0x68 out_struct=0x58
RESOURCE_MAP class=AGXAcceleratorG16G gpu_va=0x48000 size=0x8000 handle=0 cpu_present=0 outcpu_present=1
CALL class=AGXAcceleratorG16G sel=9 ret=0x0 in_struct=0x68 out_struct=0x58
RESOURCE_MAP class=AGXAcceleratorG16G gpu_va=0x10000248000 size=0x8000 handle=0 cpu_present=0 outcpu_present=1
CALL class=AGXAcceleratorG16G sel=9 ret=0x0 in_struct=0x68 out_struct=0x58
RESOURCE_MAP class=AGXAcceleratorG16G gpu_va=0x10000258000 size=0x8000 handle=0 cpu_present=0 outcpu_present=1
CALL class=AGXAcceleratorG16G sel=9 ret=0x0 in_struct=0x68 out_struct=0x58
RESOURCE_MAP class=AGXAcceleratorG16G gpu_va=0x10000268000 size=0x8000 handle=0 cpu_present=0 outcpu_present=1
CALL class=AGXAcceleratorG16G sel=9 ret=0x0 in_struct=0x68 out_struct=0x58
RESOURCE_MAP class=AGXAcceleratorG16G gpu_va=0x10000278000 size=0x8000 handle=0 cpu_present=0 outcpu_present=1
CALL class=AGXAcceleratorG16G sel=9 ret=0x0 in_struct=0x68 out_struct=0x58
RESOURCE_MAP class=AGXAcceleratorG16G gpu_va=0x10000288000 size=0x8000 handle=0 cpu_present=0 outcpu_present=1
CALL class=AGXAcceleratorG16G sel=9 ret=0x0 in_struct=0x68 out_struct=0x58
RESOURCE_MAP class=AGXAcceleratorG16G gpu_va=0x58000 size=0x8000 handle=0 cpu_present=0 outcpu_present=1
CALL class=AGXAcceleratorG16G sel=9 ret=0x0 in_struct=0x68 out_struct=0x58
RESOURCE_MAP class=AGXAcceleratorG16G gpu_va=0x68000 size=0x88e0 handle=0 cpu_present=0 outcpu_present=1
CALL class=AGXAcceleratorG16G sel=9 ret=0x0 in_struct=0x68 out_struct=0x58
RESOURCE_MAP class=AGXAcceleratorG16G gpu_va=0x10000298000 size=0xc0000 handle=0 cpu_present=0 outcpu_present=1
ALLBO_PREFIX_DUMP gpu_va=0x10000000000 size=0x10000 class=AGXAcceleratorG16G kr=0x0 got=0x4000 path=/Users/user/asahi_re/public/agx-re/experiments/EXP-0107-m4-scratch-helper-abi/raw/m4-20260827-run01/dumps/S_fs_k6144/allbo/bo_va10000000000_sz10000.hex
ALLBO_PREFIX_DUMP gpu_va=0x6f00000000 size=0x3800 class=AGXAcceleratorG16G kr=0x0 got=0x3800 path=/Users/user/asahi_re/public/agx-re/experiments/EXP-0107-m4-scratch-helper-abi/raw/m4-20260827-run01/dumps/S_fs_k6144/allbo/bo_va6f00000000_sz3800.hex
ALLBO_PREFIX_DUMP gpu_va=0x10000018000 size=0x20000 class=AGXAcceleratorG16G kr=0x0 got=0x4000 path=/Users/user/asahi_re/public/agx-re/experiments/EXP-0107-m4-scratch-helper-abi/raw/m4-20260827-run01/dumps/S_fs_k6144/allbo/bo_va10000018000_sz20000.hex
ALLBO_PREFIX_DUMP gpu_va=0x10000018200 size=0x20000 class=AGXAcceleratorG16G kr=0x0 got=0x4000 path=/Users/user/asahi_re/public/agx-re/experiments/EXP-0107-m4-scratch-helper-abi/raw/m4-20260827-run01/dumps/S_fs_k6144/allbo/bo_va10000018200_sz20000.hex
ALLBO_PREFIX_DUMP gpu_va=0x10000018400 size=0x20000 class=AGXAcceleratorG16G kr=0x0 got=0x4000 path=/Users/user/asahi_re/public/agx-re/experiments/EXP-0107-m4-scratch-helper-abi/raw/m4-20260827-run01/dumps/S_fs_k6144/allbo/bo_va10000018400_sz20000.hex
ALLBO_PREFIX_DUMP gpu_va=0x10000018500 size=0x20000 class=AGXAcceleratorG16G kr=0x0 got=0x4000 path=/Users/user/asahi_re/public/agx-re/experiments/EXP-0107-m4-scratch-helper-abi/raw/m4-20260827-run01/dumps/S_fs_k6144/allbo/bo_va10000018500_sz20000.hex
ALLBO_PREFIX_DUMP gpu_va=0x10000018700 size=0x20000 class=AGXAcceleratorG16G kr=0x0 got=0x4000 path=/Users/user/asahi_re/public/agx-re/experiments/EXP-0107-m4-scratch-helper-abi/raw/m4-20260827-run01/dumps/S_fs_k6144/allbo/bo_va10000018700_sz20000.hex
ALLBO_PREFIX_DUMP gpu_va=0x10000018800 size=0x20000 class=AGXAcceleratorG16G kr=0x0 got=0x4000 path=/Users/user/asahi_re/public/agx-re/experiments/EXP-0107-m4-scratch-helper-abi/raw/m4-20260827-run01/dumps/S_fs_k6144/allbo/bo_va10000018800_sz20000.hex
ALLBO_PREFIX_DUMP gpu_va=0x10000018900 size=0x20000 class=AGXAcceleratorG16G kr=0x0 got=0x4000 path=/Users/user/asahi_re/public/agx-re/experiments/EXP-0107-m4-scratch-helper-abi/raw/m4-20260827-run01/dumps/S_fs_k6144/allbo/bo_va10000018900_sz20000.hex
ALLBO_PREFIX_DUMP gpu_va=0x10000019900 size=0x20000 class=AGXAcceleratorG16G kr=0x0 got=0x4000 path=/Users/user/asahi_re/public/agx-re/experiments/EXP-0107-m4-scratch-helper-abi/raw/m4-20260827-run01/dumps/S_fs_k6144/allbo/bo_va10000019900_sz20000.hex
ALLBO_PREFIX_DUMP gpu_va=0x10000019a00 size=0x20000 class=AGXAcceleratorG16G kr=0x0 got=0x4000 path=/Users/user/asahi_re/public/agx-re/experiments/EXP-0107-m4-scratch-helper-abi/raw/m4-20260827-run01/dumps/S_fs_k6144/allbo/bo_va10000019a00_sz20000.hex
ALLBO_PREFIX_DUMP gpu_va=0x10000019b00 size=0x20000 class=AGXAcceleratorG16G kr=0x0 got=0x4000 path=/Users/user/asahi_re/public/agx-re/experiments/EXP-0107-m4-scratch-helper-abi/raw/m4-20260827-run01/dumps/S_fs_k6144/allbo/bo_va10000019b00_sz20000.hex
ALLBO_PREFIX_DUMP gpu_va=0x10000019c00 size=0x20000 class=AGXAcceleratorG16G kr=0x0 got=0x4000 path=/Users/user/asahi_re/public/agx-re/experiments/EXP-0107-m4-scratch-helper-abi/raw/m4-20260827-run01/dumps/S_fs_k6144/allbo/bo_va10000019c00_sz20000.hex
ALLBO_PREFIX_DUMP gpu_va=0x1000001a400 size=0x20000 class=AGXAcceleratorG16G kr=0x0 got=0x4000 path=/Users/user/asahi_re/public/agx-re/experiments/EXP-0107-m4-scratch-helper-abi/raw/m4-20260827-run01/dumps/S_fs_k6144/allbo/bo_va1000001a400_sz20000.hex
ALLBO_PREFIX_DUMP gpu_va=0x10000040000 size=0x10000 class=AGXAcceleratorG16G kr=0x0 got=0x4000 path=/Users/user/asahi_re/public/agx-re/experiments/EXP-0107-m4-scratch-helper-abi/raw/m4-20260827-run01/dumps/S_fs_k6144/allbo/bo_va10000040000_sz10000.hex
ALLBO_PREFIX_DUMP gpu_va=0x0 size=0x10000 class=AGXAcceleratorG16G kr=0x0 got=0x4000 path=/Users/user/asahi_re/public/agx-re/experiments/EXP-0107-m4-scratch-helper-abi/raw/m4-20260827-run01/dumps/S_fs_k6144/allbo/bo_va0_sz10000.hex
ALLBO_PREFIX_DUMP gpu_va=0x1000001a500 size=0x20000 class=AGXAcceleratorG16G kr=0x0 got=0x4000 path=/Users/user/asahi_re/public/agx-re/experiments/EXP-0107-m4-scratch-helper-abi/raw/m4-20260827-run01/dumps/S_fs_k6144/allbo/bo_va1000001a500_sz20000.hex
ALLBO_PREFIX_DUMP gpu_va=0x10000058000 size=0x20000 class=AGXAcceleratorG16G kr=0x0 got=0x4000 path=/Users/user/asahi_re/public/agx-re/experiments/EXP-0107-m4-scratch-helper-abi/raw/m4-20260827-run01/dumps/S_fs_k6144/allbo/bo_va10000058000_sz20000.hex
ALLBO_PREFIX_DUMP gpu_va=0x10000080000 size=0x4000 class=AGXAcceleratorG16G kr=0x0 got=0x4000 path=/Users/user/asahi_re/public/agx-re/experiments/EXP-0107-m4-scratch-helper-abi/raw/m4-20260827-run01/dumps/S_fs_k6144/allbo/bo_va10000080000_sz4000.hex
ALLBO_PREFIX_DUMP gpu_va=0x1000001c500 size=0x20000 class=AGXAcceleratorG16G kr=0x0 got=0x4000 path=/Users/user/asahi_re/public/agx-re/experiments/EXP-0107-m4-scratch-helper-abi/raw/m4-20260827-run01/dumps/S_fs_k6144/allbo/bo_va1000001c500_sz20000.hex
ALLBO_PREFIX_DUMP gpu_va=0x10000088000 size=0x74000 class=AGXAcceleratorG16G kr=0x0 got=0x4000 path=/Users/user/asahi_re/public/agx-re/experiments/EXP-0107-m4-scratch-helper-abi/raw/m4-20260827-run01/dumps/S_fs_k6144/allbo/bo_va10000088000_sz74000.hex
ALLBO_PREFIX_DUMP gpu_va=0x18000 size=0x8000 class=AGXAcceleratorG16G kr=0x0 got=0x4000 path=/Users/user/asahi_re/public/agx-re/experiments/EXP-0107-m4-scratch-helper-abi/raw/m4-20260827-run01/dumps/S_fs_k6144/allbo/bo_va18000_sz8000.hex
ALLBO_PREFIX_DUMP gpu_va=0x28000 size=0x8000 class=AGXAcceleratorG16G kr=0x0 got=0x4000 path=/Users/user/asahi_re/public/agx-re/experiments/EXP-0107-m4-scratch-helper-abi/raw/m4-20260827-run01/dumps/S_fs_k6144/allbo/bo_va28000_sz8000.hex
ALLBO_PREFIX_DUMP gpu_va=0x38000 size=0x8000 class=AGXAcceleratorG16G kr=0x0 got=0x4000 path=/Users/user/asahi_re/public/agx-re/experiments/EXP-0107-m4-scratch-helper-abi/raw/m4-20260827-run01/dumps/S_fs_k6144/allbo/bo_va38000_sz8000.hex
ALLBO_PREFIX_DUMP gpu_va=0x10000100000 size=0x8000 class=AGXAcceleratorG16G kr=0x0 got=0x4000 path=/Users/user/asahi_re/public/agx-re/experiments/EXP-0107-m4-scratch-helper-abi/raw/m4-20260827-run01/dumps/S_fs_k6144/allbo/bo_va10000100000_sz8000.hex
ALLBO_PREFIX_DUMP gpu_va=0x10000110000 size=0x8000 class=AGXAcceleratorG16G kr=0x0 got=0x4000 path=/Users/user/asahi_re/public/agx-re/experiments/EXP-0107-m4-scratch-helper-abi/raw/m4-20260827-run01/dumps/S_fs_k6144/allbo/bo_va10000110000_sz8000.hex
ALLBO_PREFIX_DUMP gpu_va=0x10000120000 size=0x8000 class=AGXAcceleratorG16G kr=0x0 got=0x4000 path=/Users/user/asahi_re/public/agx-re/experiments/EXP-0107-m4-scratch-helper-abi/raw/m4-20260827-run01/dumps/S_fs_k6144/allbo/bo_va10000120000_sz8000.hex
ALLBO_PREFIX_DUMP gpu_va=0x10000130000 size=0x8000 class=AGXAcceleratorG16G kr=0x0 got=0x4000 path=/Users/user/asahi_re/public/agx-re/experiments/EXP-0107-m4-scratch-helper-abi/raw/m4-20260827-run01/dumps/S_fs_k6144/allbo/bo_va10000130000_sz8000.hex
ALLBO_PREFIX_DUMP gpu_va=0x10000140000 size=0x100000 class=AGXAcceleratorG16G kr=0x0 got=0x4000 path=/Users/user/asahi_re/public/agx-re/experiments/EXP-0107-m4-scratch-helper-abi/raw/m4-20260827-run01/dumps/S_fs_k6144/allbo/bo_va10000140000_sz100000.hex
ALLBO_PREFIX_DUMP gpu_va=0x48000 size=0x8000 class=AGXAcceleratorG16G kr=0x0 got=0x4000 path=/Users/user/asahi_re/public/agx-re/experiments/EXP-0107-m4-scratch-helper-abi/raw/m4-20260827-run01/dumps/S_fs_k6144/allbo/bo_va48000_sz8000.hex
ALLBO_PREFIX_DUMP gpu_va=0x10000248000 size=0x8000 class=AGXAcceleratorG16G kr=0x0 got=0x4000 path=/Users/user/asahi_re/public/agx-re/experiments/EXP-0107-m4-scratch-helper-abi/raw/m4-20260827-run01/dumps/S_fs_k6144/allbo/bo_va10000248000_sz8000.hex
ALLBO_PREFIX_DUMP gpu_va=0x10000258000 size=0x8000 class=AGXAcceleratorG16G kr=0x0 got=0x4000 path=/Users/user/asahi_re/public/agx-re/experiments/EXP-0107-m4-scratch-helper-abi/raw/m4-20260827-run01/dumps/S_fs_k6144/allbo/bo_va10000258000_sz8000.hex
ALLBO_PREFIX_DUMP gpu_va=0x10000268000 size=0x8000 class=AGXAcceleratorG16G kr=0x0 got=0x4000 path=/Users/user/asahi_re/public/agx-re/experiments/EXP-0107-m4-scratch-helper-abi/raw/m4-20260827-run01/dumps/S_fs_k6144/allbo/bo_va10000268000_sz8000.hex
ALLBO_PREFIX_DUMP gpu_va=0x10000278000 size=0x8000 class=AGXAcceleratorG16G kr=0x0 got=0x4000 path=/Users/user/asahi_re/public/agx-re/experiments/EXP-0107-m4-scratch-helper-abi/raw/m4-20260827-run01/dumps/S_fs_k6144/allbo/bo_va10000278000_sz8000.hex
ALLBO_PREFIX_DUMP gpu_va=0x10000288000 size=0x8000 class=AGXAcceleratorG16G kr=0x0 got=0x4000 path=/Users/user/asahi_re/public/agx-re/experiments/EXP-0107-m4-scratch-helper-abi/raw/m4-20260827-run01/dumps/S_fs_k6144/allbo/bo_va10000288000_sz8000.hex
ALLBO_PREFIX_DUMP gpu_va=0x58000 size=0x8000 class=AGXAcceleratorG16G kr=0x0 got=0x4000 path=/Users/user/asahi_re/public/agx-re/experiments/EXP-0107-m4-scratch-helper-abi/raw/m4-20260827-run01/dumps/S_fs_k6144/allbo/bo_va58000_sz8000.hex
ALLBO_PREFIX_DUMP gpu_va=0x68000 size=0x88e0 class=AGXAcceleratorG16G kr=0x0 got=0x4000 path=/Users/user/asahi_re/public/agx-re/experiments/EXP-0107-m4-scratch-helper-abi/raw/m4-20260827-run01/dumps/S_fs_k6144/allbo/bo_va68000_sz88e0.hex
ALLBO_PREFIX_DUMP gpu_va=0x10000298000 size=0xc0000 class=AGXAcceleratorG16G kr=0x0 got=0x4000 path=/Users/user/asahi_re/public/agx-re/experiments/EXP-0107-m4-scratch-helper-abi/raw/m4-20260827-run01/dumps/S_fs_k6144/allbo/bo_va10000298000_szc0000.hex
# dump_all complete nbo=38
CALL class=AGXAcceleratorG16G sel=17 ret=0x0 in_struct=0x0 out_struct=0x0
CALL class=AGXAcceleratorG16G sel=8 ret=0x0 in_struct=0x0 out_struct=0x0
