# iotrace init pid=83309 dump_dir=/Users/user/asahi_re/public/agx-re/experiments/EXP-0136-m4-unreachable-encodings/work/gen/m4_20260828_run01/d_aniso_ratio64_real16/dump max_struct=65536 max_map=1048576 dump_atexit=0 n_dump_sel=0 only_conn=0x0
OPEN class=IOSurfaceRoot type=0 -> conn=1c03 ret=0x0
CALL seq=1 fn=Method conn=1c03 class=IOSurfaceRoot sel=13(0xd) inScalarCnt=0 inStructCnt=0
RET  seq=1 conn=1c03 sel=13(0xd) ret=0x0 outStructCnt=40
  OUT.struct len=40
  OUT 000000: ff3f 0000 7f00 0000 0080 0000 0000 0000 
  OUT 000010: 0040 0000 0000 0000 0040 0000 0000 0000 
  OUT 000020: 0000 0100 0000 0000                     
MEMENTRY size=0x40000 offset=0x106b84000 perm=0x400001 parent=0x0 -> handle=0xc03 ret=0x0
CALL seq=2 fn=Method conn=1c03 class=IOSurfaceRoot sel=44(0x2c) inScalarCnt=1 inStructCnt=0 inScalars=[0x6d4]
RET  seq=2 conn=1c03 sel=44(0x2c) ret=0xe00002f0 outStructCnt=0
OPEN class=AGXAcceleratorG16G type=1048581 -> conn=3c03 ret=0x0
CALL seq=3 fn=Struct conn=3c03 class=AGXAcceleratorG16G sel=2(0x2) inScalarCnt=0 inStructCnt=0
RET  seq=3 conn=3c03 sel=2(0x2) ret=0x0 outStructCnt=536
  OUT.struct len=536
  OUT 000000: 0080 2502 0100 0000 0800 0000 0800 0000 
  OUT 000010: 0000 0000 8000 0000 0000 0000 0400 0000 
  OUT 000020: 0800 0000 0c00 0000 1000 0000 1400 0000 
  OUT 000030: 1800 0000 1c00 0000 2000 0000 2400 0000 
  OUT 000040: 2800 0000 2c00 0000 3000 0000 3400 0000 
  OUT 000050: 3800 0000 3c00 0000 4000 0000 4400 0000 
  OUT 000060: 4800 0000 4c00 0000 5000 0000 5400 0000 
  OUT 000070: 5800 0000 5c00 0000 6000 0000 6400 0000 
  OUT 000080: 6800 0000 6c00 0000 7000 0000 7400 0000 
  OUT 000090: 7800 0000 7c00 0000 8000 0000 8400 0000 
  OUT 0000a0: 8800 0000 8c00 0000 9000 0000 9400 0000 
  OUT 0000b0: 9800 0000 9c00 0000 a000 0000 a400 0000 
  OUT 0000c0: a800 0000 ac00 0000 b000 0000 b400 0000 
  OUT 0000d0: b800 0000 bc00 0000 c000 0000 c400 0000 
  OUT 0000e0: c800 0000 cc00 0000 d000 0000 d400 0000 
  OUT 0000f0: d800 0000 dc00 0000 e000 0000 e400 0000 
  OUT 000100: e800 0000 ec00 0000 f000 0000 f400 0000 
  OUT 000110: f800 0000 fc00 0000 0001 0000 0401 0000 
  OUT 000120: 0801 0000 0c01 0000 1001 0000 1401 0000 
  OUT 000130: 1801 0000 1c01 0000 2001 0000 2401 0000 
  OUT 000140: 2801 0000 2c01 0000 3001 0000 3401 0000 
  OUT 000150: 3801 0000 3c01 0000 4001 0000 4401 0000 
  OUT 000160: 4801 0000 4c01 0000 5001 0000 5401 0000 
  OUT 000170: 5801 0000 5c01 0000 6001 0000 6401 0000 
  OUT 000180: 6801 0000 6c01 0000 7001 0000 7401 0000 
  OUT 000190: 7801 0000 7c01 0000 8001 0000 8401 0000 
  OUT 0001a0: 8801 0000 8c01 0000 9001 0000 9401 0000 
  OUT 0001b0: 9801 0000 9c01 0000 a001 0000 a401 0000 
  OUT 0001c0: a801 0000 ac01 0000 b001 0000 b401 0000 
  OUT 0001d0: b801 0000 bc01 0000 c001 0000 c401 0000 
  OUT 0001e0: c801 0000 cc01 0000 d001 0000 d401 0000 
  OUT 0001f0: d801 0000 dc01 0000 e001 0000 e401 0000 
  OUT 000200: e801 0000 ec01 0000 f001 0000 f401 0000 
  OUT 000210: f801 0000 fc01 0000                     
CALL seq=4 fn=Struct conn=3c03 class=AGXAcceleratorG16G sel=0(0x0) inScalarCnt=0 inStructCnt=0
RET  seq=4 conn=3c03 sel=0(0x0) ret=0x0 outStructCnt=64
  OUT.struct len=64
  OUT 000000: 4043 0000 0000 0000 0000 0000 0000 0000 
  OUT 000010: 0000 0000 0000 0000 0200 0000 0000 0000 
  OUT 000020: 00c0 c2f5 0200 0000 0000 5238 0200 0000 
  OUT 000030: 0000 0000 0000 0000 0000 0000 0000 0000 
CALL seq=5 fn=Struct conn=3c03 class=AGXAcceleratorG16G sel=5(0x5) inScalarCnt=0 inStructCnt=0
RET  seq=5 conn=3c03 sel=5(0x5) ret=0x0 outStructCnt=32
  OUT.struct len=32
  OUT 000000: 9477 59ec 2700 0000 0040 7002 0100 0000 
  OUT 000010: 0080 6f02 0100 0000 0040 0000 0000 0000 
CALL seq=6 fn=Method conn=1c03 class=IOSurfaceRoot sel=32(0x20) inScalarCnt=0 inStructCnt=0
RET  seq=6 conn=1c03 sel=32(0x20) ret=0x0 outScalars=[0x102224000]
CALL seq=7 fn=Struct conn=3c03 class=AGXAcceleratorG16G sel=258(0x102) inScalarCnt=0 inStructCnt=0
RET  seq=7 conn=3c03 sel=258(0x102) ret=0x0 outStructCnt=456
  OUT.struct len=456
  OUT 000000: 0000 0000 0000 0000 0000 0000 0000 0000 
  OUT 000010: 0000 0000 0000 0000 0000 0000 0000 0000 
  OUT 000020: 0000 0000 0000 0000 0000 0000 0000 0000 
  OUT 000030: 0000 0000 0000 0000 0000 0000 0000 0000 
  OUT 000040: 0000 0000 0000 0000 0000 0000 0000 0000 
  OUT 000050: 0000 0000 0000 0000 0000 0000 0000 0000 
  OUT 000060: 0000 0000 0000 0000 0000 0000 0000 0000 
  OUT 000070: 0000 0000 0000 0000 0000 0000 0000 0000 
  OUT 000080: 0000 0000 0000 0000 0000 0000 0000 0000 
  OUT 000090: 0000 0000 0000 0000 0000 0000 0000 0000 
  OUT 0000a0: 0000 0000 0000 0000 0000 0000 0000 0000 
  OUT 0000b0: 0000 0000 0000 0000 0000 0000 0000 0000 
  OUT 0000c0: 0000 0000 0000 0000 4a75 6c20 3331 2032 
  OUT 0000d0: 3032 3620 3232 3a34 333a 3233 0000 0000 
  OUT 0000e0: 0000 0000 0000 0000 7265 6c65 6173 6520 
  OUT 0000f0: 6665 6e64 6572 5f73 6372 6174 6368 5f72 
  OUT 000100: 616d 5f72 6574 656e 7469 6f6e 0000 0000 
  OUT 000110: 0000 0000 0000 0000 0000 0000 0000 0000 
  OUT 000120: 0000 0000 0000 0000 0000 0000 0000 0000 
  OUT 000130: 0000 0000 0000 0000 0000 0000 0000 0000 
  OUT 000140: 0000 0000 0000 0000 0000 0000 0000 0000 
  OUT 000150: 0000 0000 0000 0000 0000 0000 0000 0000 
  OUT 000160: 0000 0000 0000 0000 0000 0000 0000 0000 
  OUT 000170: 0000 0000 0000 0000 0000 0000 0000 0000 
  OUT 000180: 0000 0000 0000 0000 0000 0000 0000 0000 
  OUT 000190: 0000 0000 0000 0000 0000 0000 0000 0000 
  OUT 0001a0: 0000 0000 0000 0000 4a37 3733 6741 5000 
  OUT 0001b0: 0000 0000 0000 0000 0000 0000 0000 0000 
  OUT 0001c0: 0000 0000 0000 0000                     
CALL seq=8 fn=Struct conn=3c03 class=AGXAcceleratorG16G sel=256(0x100) inScalarCnt=0 inStructCnt=0
RET  seq=8 conn=3c03 sel=256(0x100) ret=0x0 outStructCnt=152
  OUT.struct len=152
  OUT 000000: 0000 0000 0000 0000 0000 0000 0000 0000 
  OUT 000010: ff03 0000 0000 0000 0000 0000 0000 0000 
  OUT 000020: 1b00 0000 0400 0000 0000 0000 0000 0000 
  OUT 000030: 0a00 0000 0400 0000 0400 0000 0400 0000 
  OUT 000040: 0000 0000 0a00 0000 0200 0000 0300 0000 
  OUT 000050: 0300 0000 0200 0000 0300 0000 0300 0000 
  OUT 000060: 1000 0000 0100 0000 0100 0000 0100 0000 
  OUT 000070: 0100 0000 0a00 0000 0a00 0000 0000 0000 
  OUT 000080: 0000 0000 0001 0100 0000 0000 0000 0300 
  OUT 000090: 0000 0000 0000 0000                     
CALL seq=9 fn=Method conn=3c03 class=AGXAcceleratorG16G sel=9(0x9) inScalarCnt=0 inStructCnt=104
  IN.struct len=104
  IN 000000: 0000 0000 0000 0000 0100 0100 0100 0000 
  IN 000010: 0101 0001 3004 0000 0000 0000 0000 0000 
  IN 000020: 0000 0000 0000 0000 0000 0000 0000 0000 
  IN 000030: 0000 0000 0000 0000 0000 0000 0000 0000 
  IN 000040: 0000 0000 0000 0000 0000 0100 0000 0000 
  IN 000050: 0000 0000 0000 0000 0000 0008 1800 0000 
  IN 000060: 0000 0000 0000 0000                     
RET  seq=9 conn=3c03 sel=9(0x9) ret=0x0 outStructCnt=88
  OUT.struct len=88
  OUT 000000: 0000 0000 0001 0000 00c0 7002 0100 0000 
  OUT 000010: c080 6f02 0100 0000 0000 0000 0000 0000 
  OUT 000020: 0000 0000 0100 0000 0000 0100 0000 0000 
  OUT 000030: 9577 59ec 2700 0000 1d2a 0e00 0000 0000 
  OUT 000040: 0000 0000 0000 0000 0000 0000 0000 0000 
  OUT 000050: 0000 0100 0000 0000                     
CALL seq=10 fn=Struct conn=3c03 class=AGXAcceleratorG16G sel=261(0x105) inScalarCnt=0 inStructCnt=72
  IN.struct len=72
  IN 000000: 0b00 0000 0000 0000 0000 0000 0000 0000 
  IN 000010: 0000 0000 0000 0000 0000 0000 0000 0000 
  IN 000020: 0000 0000 0000 0000 0000 0000 0000 0000 
  IN 000030: 0000 0000 0000 0000 0000 0000 0000 0000 
  IN 000040: 0000 0000 0000 0000                     
RET  seq=10 conn=3c03 sel=261(0x105) ret=0x0 outStructCnt=72
  OUT.struct len=72
  OUT 000000: 0b00 0000 0000 0000 0000 0000 0000 0000 
  OUT 000010: 0000 0000 0000 0000 0000 0000 0000 0000 
  OUT 000020: 0000 0000 0000 0000 0000 0000 0000 0000 
  OUT 000030: 0200 0000 0000 0000 0000 0000 0000 0000 
  OUT 000040: 0000 0000 0000 0000                     
CALL seq=11 fn=Method conn=3c03 class=AGXAcceleratorG16G sel=9(0x9) inScalarCnt=0 inStructCnt=104
  IN.struct len=104
  IN 000000: 0000 0000 0000 0000 0100 0100 0100 0000 
  IN 000010: 0101 0001 7004 0000 0000 0000 0000 0000 
  IN 000020: 0000 0000 0000 0000 0000 0000 0000 0000 
  IN 000030: 0100 0000 0000 0000 0000 0000 0000 0000 
  IN 000040: 0000 0000 0000 0000 0038 0000 0000 0000 
  IN 000050: 0000 0000 0000 0000 0000 0058 1800 0000 
  IN 000060: 0000 0000 0000 0000                     
RET  seq=11 conn=3c03 sel=9(0x9) ret=0x0 outStructCnt=88
  OUT.struct len=88
  OUT 000000: 0000 0000 6f00 0000 00c0 7102 0100 0000 
  OUT 000010: 8081 6f02 0100 0000 0000 0000 0000 0000 
  OUT 000020: 0000 0000 0200 0000 0040 0000 0000 0000 
  OUT 000030: 9677 59ec 2700 0000 1e2a 0e00 0000 0000 
  OUT 000040: 0000 0000 0000 0000 0000 0000 0000 0000 
  OUT 000050: 0040 0000 0000 0000                     
CALL seq=12 fn=Method conn=3c03 class=AGXAcceleratorG16G sel=9(0x9) inScalarCnt=0 inStructCnt=104
  IN.struct len=104
  IN 000000: 0000 0000 0000 0000 0100 0100 0100 0000 
  IN 000010: 0101 0001 7004 0000 0000 0000 0000 0000 
  IN 000020: 0000 0000 0000 0000 0000 0000 0000 0000 
  IN 000030: 0100 0000 0000 0000 0000 0000 0000 0000 
  IN 000040: 0000 0000 0000 0000 0000 0200 0000 0000 
  IN 000050: 0000 0000 0000 0000 0000 0000 0000 0000 
  IN 000060: 8849 ce08 0100 0000                     
RET  seq=12 conn=3c03 sel=9(0x9) ret=0x0 outStructCnt=88
  OUT.struct len=88
  OUT 000000: 0080 0100 0001 0000 0080 c406 0100 0000 
  OUT 000010: 4082 6f02 0100 0000 0000 0000 0000 0000 
  OUT 000020: 0000 0000 0300 0000 0000 0200 0000 0000 
  OUT 000030: 9d77 59ec 2700 0000 1f2a 0e00 0000 0000 
  OUT 000040: 0000 0000 0000 0000 0000 0000 0000 0000 
  OUT 000050: 0000 0200 0000 0000                     
CALL seq=13 fn=Method conn=3c03 class=AGXAcceleratorG16G sel=9(0x9) inScalarCnt=0 inStructCnt=104
  IN.struct len=104
  IN 000000: 8000 0000 0000 0000 0100 0100 0100 0000 
  IN 000010: 0101 0001 300c 0000 0000 0000 0000 0000 
  IN 000020: 0000 0000 0000 0000 0000 0000 0000 0000 
  IN 000030: 0000 0000 0000 0000 0080 c406 0100 0000 
  IN 000040: 0080 c406 0100 0000 0000 0200 0000 0000 
  IN 000050: 0300 0000 0000 0000 0000 0000 1800 0000 
  IN 000060: 4055 ce08 0100 0000                     
RET  seq=13 conn=3c03 sel=9(0x9) ret=0x0 outStructCnt=88
  OUT.struct len=88
  OUT 000000: 0080 0100 0001 0000 0000 0000 0000 0000 
  OUT 000010: 0083 6f02 0100 0000 0000 0000 0000 0000 
  OUT 000020: 0000 0000 0400 0000 0000 0200 0000 0000 
  OUT 000030: 9e77 59ec 2700 0000 1f2a 0e00 0000 0000 
  OUT 000040: 0000 0000 0000 0000 0000 0000 0000 0000 
  OUT 000050: 0000 0200 0000 0000                     
CALL seq=14 fn=Method conn=3c03 class=AGXAcceleratorG16G sel=9(0x9) inScalarCnt=0 inStructCnt=104
  IN.struct len=104
  IN 000000: 8000 0000 0000 0000 0100 0100 0100 0000 
  IN 000010: 0101 0001 300c 0000 0000 0000 0000 0000 
  IN 000020: 0000 0000 0000 0000 0000 0000 0000 0000 
  IN 000030: 0000 0000 0000 0000 0082 c406 0100 0000 
  IN 000040: 0080 c406 0100 0000 0000 0200 0000 0000 
  IN 000050: 0300 0000 0000 0000 0000 0000 1800 0000 
  IN 000060: 4055 ce08 0100 0000                     
RET  seq=14 conn=3c03 sel=9(0x9) ret=0x0 outStructCnt=88
  OUT.struct len=88
  OUT 000000: 0082 0100 0001 0000 0000 0000 0000 0000 
  OUT 000010: c083 6f02 0100 0000 0000 0000 0000 0000 
  OUT 000020: 0000 0000 0500 0000 0000 0200 0000 0000 
  OUT 000030: 9f77 59ec 2700 0000 1f2a 0e00 0000 0000 
  OUT 000040: 0000 0000 0000 0000 0000 0000 0000 0000 
  OUT 000050: 00fe 0100 0000 0000                     
CALL seq=15 fn=Method conn=3c03 class=AGXAcceleratorG16G sel=9(0x9) inScalarCnt=0 inStructCnt=104
  IN.struct len=104
  IN 000000: 8000 0000 0000 0000 0100 0100 0100 0000 
  IN 000010: 0101 0001 300c 0000 0000 0000 0000 0000 
  IN 000020: 0000 0000 0000 0000 0000 0000 0000 0000 
  IN 000030: 0000 0000 0000 0000 0084 c406 0100 0000 
  IN 000040: 0080 c406 0100 0000 0000 0200 0000 0000 
  IN 000050: 0300 0000 0000 0000 0000 0000 1800 0000 
  IN 000060: b81c cc76 0a00 0000                     
RET  seq=15 conn=3c03 sel=9(0x9) ret=0x0 outStructCnt=88
  OUT.struct len=88
  OUT 000000: 0084 0100 0001 0000 0000 0000 0000 0000 
  OUT 000010: 8084 6f02 0100 0000 0000 0000 0000 0000 
  OUT 000020: 0000 0000 0600 0000 0000 0200 0000 0000 
  OUT 000030: a077 59ec 2700 0000 1f2a 0e00 0000 0000 
  OUT 000040: 0000 0000 0000 0000 0000 0000 0000 0000 
  OUT 000050: 00fc 0100 0000 0000                     
CALL seq=16 fn=Method conn=3c03 class=AGXAcceleratorG16G sel=9(0x9) inScalarCnt=0 inStructCnt=104
  IN.struct len=104
  IN 000000: 8000 0000 0000 0000 0100 0100 0100 0000 
  IN 000010: 0101 0001 300c 0000 0000 0000 0000 0000 
  IN 000020: 0000 0000 0000 0000 0000 0000 0000 0000 
  IN 000030: 0000 0000 0000 0000 0085 c406 0100 0000 
  IN 000040: 0080 c406 0100 0000 0000 0200 0000 0000 
  IN 000050: 0300 0000 0000 0000 0000 0000 1800 0000 
  IN 000060: 1022 cc76 0a00 0000                     
RET  seq=16 conn=3c03 sel=9(0x9) ret=0x0 outStructCnt=88
  OUT.struct len=88
  OUT 000000: 0085 0100 0001 0000 0000 0000 0000 0000 
  OUT 000010: 4085 6f02 0100 0000 0000 0000 0000 0000 
  OUT 000020: 0000 0000 0700 0000 0000 0200 0000 0000 
  OUT 000030: a177 59ec 2700 0000 1f2a 0e00 0000 0000 
  OUT 000040: 0000 0000 0000 0000 0000 0000 0000 0000 
  OUT 000050: 00fb 0100 0000 0000                     
CALL seq=17 fn=Method conn=3c03 class=AGXAcceleratorG16G sel=9(0x9) inScalarCnt=0 inStructCnt=104
  IN.struct len=104
  IN 000000: 8000 0000 0000 0000 0100 0100 0100 0000 
  IN 000010: 0101 0001 300c 0000 0000 0000 0000 0000 
  IN 000020: 0000 0000 0000 0000 0000 0000 0000 0000 
  IN 000030: 0000 0000 0000 0000 0087 c406 0100 0000 
  IN 000040: 0080 c406 0100 0000 0000 0200 0000 0000 
  IN 000050: 0300 0000 0000 0000 0000 0000 1800 0000 
  IN 000060: 3025 cc76 0a00 0000                     
RET  seq=17 conn=3c03 sel=9(0x9) ret=0x0 outStructCnt=88
  OUT.struct len=88
  OUT 000000: 0087 0100 0001 0000 0000 0000 0000 0000 
  OUT 000010: 0086 6f02 0100 0000 0000 0000 0000 0000 
  OUT 000020: 0000 0000 0800 0000 0000 0200 0000 0000 
  OUT 000030: a277 59ec 2700 0000 1f2a 0e00 0000 0000 
  OUT 000040: 0000 0000 0000 0000 0000 0000 0000 0000 
  OUT 000050: 00f9 0100 0000 0000                     
CALL seq=18 fn=Method conn=3c03 class=AGXAcceleratorG16G sel=9(0x9) inScalarCnt=0 inStructCnt=104
  IN.struct len=104
  IN 000000: 8000 0000 0000 0000 0100 0100 0100 0000 
  IN 000010: 0101 0001 300c 0000 0000 0000 0000 0000 
  IN 000020: 0000 0000 0000 0000 0000 0000 0000 0000 
  IN 000030: 0000 0000 0000 0000 0088 c406 0100 0000 
  IN 000040: 0080 c406 0100 0000 0000 0200 0000 0000 
  IN 000050: 0300 0000 0000 0000 0000 0000 1800 0000 
  IN 000060: 5028 cc76 0a00 0000                     
RET  seq=18 conn=3c03 sel=9(0x9) ret=0x0 outStructCnt=88
  OUT.struct len=88
  OUT 000000: 0088 0100 0001 0000 0000 0000 0000 0000 
  OUT 000010: c086 6f02 0100 0000 0000 0000 0000 0000 
  OUT 000020: 0000 0000 0900 0000 0000 0200 0000 0000 
  OUT 000030: a377 59ec 2700 0000 1f2a 0e00 0000 0000 
  OUT 000040: 0000 0000 0000 0000 0000 0000 0000 0000 
  OUT 000050: 00f8 0100 0000 0000                     
CALL seq=19 fn=Method conn=3c03 class=AGXAcceleratorG16G sel=9(0x9) inScalarCnt=0 inStructCnt=104
  IN.struct len=104
  IN 000000: 8000 0000 0000 0000 0100 0100 0100 0000 
  IN 000010: 0101 0001 300c 0000 0000 0000 0000 0000 
  IN 000020: 0000 0000 0000 0000 0000 0000 0000 0000 
  IN 000030: 0000 0000 0000 0000 0089 c406 0100 0000 
  IN 000040: 0080 c406 0100 0000 0000 0200 0000 0000 
  IN 000050: 0300 0000 0000 0000 0000 0000 1800 0000 
  IN 000060: 702b cc76 0a00 0000                     
RET  seq=19 conn=3c03 sel=9(0x9) ret=0x0 outStructCnt=88
  OUT.struct len=88
  OUT 000000: 0089 0100 0001 0000 0000 0000 0000 0000 
  OUT 000010: 8087 6f02 0100 0000 0000 0000 0000 0000 
  OUT 000020: 0000 0000 0a00 0000 0000 0200 0000 0000 
  OUT 000030: a477 59ec 2700 0000 1f2a 0e00 0000 0000 
  OUT 000040: 0000 0000 0000 0000 0000 0000 0000 0000 
  OUT 000050: 00f7 0100 0000 0000                     
CALL seq=20 fn=Method conn=3c03 class=AGXAcceleratorG16G sel=9(0x9) inScalarCnt=0 inStructCnt=104
  IN.struct len=104
  IN 000000: 8000 0000 0000 0000 0100 0100 0100 0000 
  IN 000010: 0101 0001 300c 0000 0000 0000 0000 0000 
  IN 000020: 0000 0000 0000 0000 0000 0000 0000 0000 
  IN 000030: 0000 0000 0000 0000 0099 c406 0100 0000 
  IN 000040: 0080 c406 0100 0000 0000 0200 0000 0000 
  IN 000050: 0300 0000 0000 0000 0000 0000 1800 0000 
  IN 000060: 902e cc76 0a00 0000                     
RET  seq=20 conn=3c03 sel=9(0x9) ret=0x0 outStructCnt=88
  OUT.struct len=88
  OUT 000000: 0099 0100 0001 0000 0000 0000 0000 0000 
  OUT 000010: 4088 6f02 0100 0000 0000 0000 0000 0000 
  OUT 000020: 0000 0000 0b00 0000 0000 0200 0000 0000 
  OUT 000030: a577 59ec 2700 0000 1f2a 0e00 0000 0000 
  OUT 000040: 0000 0000 0000 0000 0000 0000 0000 0000 
  OUT 000050: 00e7 0100 0000 0000                     
CALL seq=21 fn=Method conn=3c03 class=AGXAcceleratorG16G sel=9(0x9) inScalarCnt=0 inStructCnt=104
  IN.struct len=104
  IN 000000: 8000 0000 0000 0000 0100 0100 0100 0000 
  IN 000010: 0101 0001 300c 0000 0000 0000 0000 0000 
  IN 000020: 0000 0000 0000 0000 0000 0000 0000 0000 
  IN 000030: 0000 0000 0000 0000 009a c406 0100 0000 
  IN 000040: 0080 c406 0100 0000 0000 0200 0000 0000 
  IN 000050: 0300 0000 0000 0000 0000 0000 1800 0000 
  IN 000060: 9831 cc76 0a00 0000                     
RET  seq=21 conn=3c03 sel=9(0x9) ret=0x0 outStructCnt=88
  OUT.struct len=88
  OUT 000000: 009a 0100 0001 0000 0000 0000 0000 0000 
  OUT 000010: 0089 6f02 0100 0000 0000 0000 0000 0000 
  OUT 000020: 0000 0000 0c00 0000 0000 0200 0000 0000 
  OUT 000030: a677 59ec 2700 0000 1f2a 0e00 0000 0000 
  OUT 000040: 0000 0000 0000 0000 0000 0000 0000 0000 
  OUT 000050: 00e6 0100 0000 0000                     
CALL seq=22 fn=Method conn=3c03 class=AGXAcceleratorG16G sel=9(0x9) inScalarCnt=0 inStructCnt=104
  IN.struct len=104
  IN 000000: 8000 0000 0000 0000 0100 0100 0100 0000 
  IN 000010: 0101 0001 300c 0000 0000 0000 0000 0000 
  IN 000020: 0000 0000 0000 0000 0000 0000 0000 0000 
  IN 000030: 0000 0000 0000 0000 009b c406 0100 0000 
  IN 000040: 0080 c406 0100 0000 0000 0200 0000 0000 
  IN 000050: 0300 0000 0000 0000 0000 0000 1800 0000 
  IN 000060: a034 cc76 0a00 0000                     
RET  seq=22 conn=3c03 sel=9(0x9) ret=0x0 outStructCnt=88
  OUT.struct len=88
  OUT 000000: 009b 0100 0001 0000 0000 0000 0000 0000 
  OUT 000010: c089 6f02 0100 0000 0000 0000 0000 0000 
  OUT 000020: 0000 0000 0d00 0000 0000 0200 0000 0000 
  OUT 000030: a777 59ec 2700 0000 1f2a 0e00 0000 0000 
  OUT 000040: 0000 0000 0000 0000 0000 0000 0000 0000 
  OUT 000050: 00e5 0100 0000 0000                     
CALL seq=23 fn=Method conn=3c03 class=AGXAcceleratorG16G sel=9(0x9) inScalarCnt=0 inStructCnt=104
  IN.struct len=104
  IN 000000: 8000 0000 0000 0000 0100 0100 0100 0000 
  IN 000010: 0101 0001 300c 0000 0000 0000 0000 0000 
  IN 000020: 0000 0000 0000 0000 0000 0000 0000 0000 
  IN 000030: 0000 0000 0000 0000 009c c406 0100 0000 
  IN 000040: 0080 c406 0100 0000 0000 0200 0000 0000 
  IN 000050: 0300 0000 0000 0000 0000 0000 1800 0000 
  IN 000060: a837 cc76 0a00 0000                     
RET  seq=23 conn=3c03 sel=9(0x9) ret=0x0 outStructCnt=88
  OUT.struct len=88
  OUT 000000: 009c 0100 0001 0000 0000 0000 0000 0000 
  OUT 000010: 808a 6f02 0100 0000 0000 0000 0000 0000 
  OUT 000020: 0000 0000 0e00 0000 0000 0200 0000 0000 
  OUT 000030: a877 59ec 2700 0000 1f2a 0e00 0000 0000 
  OUT 000040: 0000 0000 0000 0000 0000 0000 0000 0000 
  OUT 000050: 00e4 0100 0000 0000                     
CALL seq=24 fn=Method conn=3c03 class=AGXAcceleratorG16G sel=9(0x9) inScalarCnt=0 inStructCnt=104
  IN.struct len=104
  IN 000000: 8000 0000 0000 0000 0100 0100 0100 0000 
  IN 000010: 0101 0001 300c 0000 0000 0000 0000 0000 
  IN 000020: 0000 0000 0000 0000 0000 0000 0000 0000 
  IN 000030: 0000 0000 0000 0000 00a4 c406 0100 0000 
  IN 000040: 0080 c406 0100 0000 0000 0200 0000 0000 
  IN 000050: 0300 0000 0000 0000 0000 0000 1800 0000 
  IN 000060: b03a cc76 0a00 0000                     
RET  seq=24 conn=3c03 sel=9(0x9) ret=0x0 outStructCnt=88
  OUT.struct len=88
  OUT 000000: 00a4 0100 0001 0000 0000 0000 0000 0000 
  OUT 000010: 408b 6f02 0100 0000 0000 0000 0000 0000 
  OUT 000020: 0000 0000 0f00 0000 0000 0200 0000 0000 
  OUT 000030: a977 59ec 2700 0000 1f2a 0e00 0000 0000 
  OUT 000040: 0000 0000 0000 0000 0000 0000 0000 0000 
  OUT 000050: 00dc 0100 0000 0000                     
CALL seq=25 fn=Method conn=3c03 class=AGXAcceleratorG16G sel=9(0x9) inScalarCnt=0 inStructCnt=104
  IN.struct len=104
  IN 000000: 0000 0000 0000 0000 0100 0100 0100 0000 
  IN 000010: 0101 0001 3004 0000 0000 0000 0000 0000 
  IN 000020: 0000 0000 0000 0000 0000 0000 0000 0000 
  IN 000030: 0000 0000 0000 0000 0000 0000 0000 0000 
  IN 000040: 0000 0000 0000 0000 0000 0100 0000 0000 
  IN 000050: 0000 0000 0000 0000 0000 0008 1800 0000 
  IN 000060: 0000 0000 0000 0000                     
RET  seq=25 conn=3c03 sel=9(0x9) ret=0x0 outStructCnt=88
  OUT.struct len=88
  OUT 000000: 0000 0400 0001 0000 0080 c606 0100 0000 
  OUT 000010: 008c 6f02 0100 0000 0000 0000 0000 0000 
  OUT 000020: 0000 0000 1000 0000 0000 0100 0000 0000 
  OUT 000030: aa77 59ec 2700 0000 202a 0e00 0000 0000 
  OUT 000040: 0000 0000 0000 0000 0000 0000 0000 0000 
  OUT 000050: 0000 0100 0000 0000                     
CALL seq=26 fn=Method conn=3c03 class=AGXAcceleratorG16G sel=9(0x9) inScalarCnt=0 inStructCnt=104
  IN.struct len=104
  IN 000000: 0000 0000 0000 0000 0100 0100 0100 0000 
  IN 000010: 0101 0001 3084 0000 0000 0000 0000 0000 
  IN 000020: 0000 0000 0000 0000 0000 0000 0000 0000 
  IN 000030: 0000 0000 0000 0000 0000 0000 0000 0000 
  IN 000040: 0000 0000 0000 0000 0000 0100 0000 0000 
  IN 000050: 0000 0000 0000 0000 0000 0038 1800 0000 
  IN 000060: 0000 0000 0000 0000                     
RET  seq=26 conn=3c03 sel=9(0x9) ret=0x0 outStructCnt=88
  OUT.struct len=88
  OUT 000000: 0000 0000 0000 0000 0080 c706 0100 0000 
  OUT 000010: c08c 6f02 0100 0000 0000 0000 0000 0000 
  OUT 000020: 0000 0000 1100 0000 0000 0100 0000 0000 
  OUT 000030: ab77 59ec 2700 0000 212a 0e00 0000 0000 
  OUT 000040: 0000 0000 0000 0000 0000 0000 0000 0000 
  OUT 000050: 0000 0100 0000 0000                     
CALL seq=27 fn=Method conn=3c03 class=AGXAcceleratorG16G sel=9(0x9) inScalarCnt=0 inStructCnt=104
  IN.struct len=104
  IN 000000: 8000 0000 0000 0000 0100 0100 0100 0000 
  IN 000010: 0101 0001 300c 0000 0000 0000 0000 0000 
  IN 000020: 0000 0000 0000 0000 0000 0000 0000 0000 
  IN 000030: 0000 0000 0000 0000 00a5 c406 0100 0000 
  IN 000040: 0080 c406 0100 0000 0000 0200 0000 0000 
  IN 000050: 0300 0000 0000 0000 0000 0000 1800 0000 
  IN 000060: 8849 ce08 0100 0000                     
RET  seq=27 conn=3c03 sel=9(0x9) ret=0x0 outStructCnt=88
  OUT.struct len=88
  OUT 000000: 00a5 0100 0001 0000 0000 0000 0000 0000 
  OUT 000010: 808d 6f02 0100 0000 0000 0000 0000 0000 
  OUT 000020: 0000 0000 1200 0000 0000 0200 0000 0000 
  OUT 000030: ac77 59ec 2700 0000 1f2a 0e00 0000 0000 
  OUT 000040: 0000 0000 0000 0000 0000 0000 0000 0000 
  OUT 000050: 00db 0100 0000 0000                     
CALL seq=28 fn=Method conn=3c03 class=AGXAcceleratorG16G sel=9(0x9) inScalarCnt=0 inStructCnt=104
  IN.struct len=104
  IN 000000: 0000 0000 0000 0000 0100 0100 0100 0000 
  IN 000010: 0101 0001 7004 0000 0000 0000 0000 0000 
  IN 000020: 0000 0000 0000 0000 0000 0000 0000 0000 
  IN 000030: 0100 0000 0000 0000 0000 0000 0000 0000 
  IN 000040: 0000 0000 0000 0000 0000 0200 0000 0000 
  IN 000050: 0000 0000 0000 0000 0000 0000 0000 0000 
  IN 000060: 8849 ce08 0100 0000                     
RET  seq=28 conn=3c03 sel=9(0x9) ret=0x0 outStructCnt=88
  OUT.struct len=88
  OUT 000000: 0080 0500 0001 0000 0080 c806 0100 0000 
  OUT 000010: 408e 6f02 0100 0000 0000 0000 0000 0000 
  OUT 000020: 0000 0000 1300 0000 0000 0200 0000 0000 
  OUT 000030: ad77 59ec 2700 0000 222a 0e00 0000 0000 
  OUT 000040: 0000 0000 0000 0000 0000 0000 0000 0000 
  OUT 000050: 0000 0200 0000 0000                     
CALL seq=29 fn=Method conn=3c03 class=AGXAcceleratorG16G sel=9(0x9) inScalarCnt=0 inStructCnt=104
  IN.struct len=104
  IN 000000: 8000 0000 0000 0000 0100 0100 0100 0000 
  IN 000010: 0101 0001 300c 0000 0000 0000 0000 0000 
  IN 000020: 0000 0000 0000 0000 0000 0000 0000 0000 
  IN 000030: 0000 0000 0000 0000 0080 c806 0100 0000 
  IN 000040: 0080 c806 0100 0000 0000 0200 0000 0000 
  IN 000050: 1300 0000 0000 0000 0000 0000 1800 0000 
  IN 000060: 8849 ce08 0100 0000                     
RET  seq=29 conn=3c03 sel=9(0x9) ret=0x0 outStructCnt=88
  OUT.struct len=88
  OUT 000000: 0080 0500 0001 0000 0000 0000 0000 0000 
  OUT 000010: 008f 6f02 0100 0000 0000 0000 0000 0000 
  OUT 000020: 0000 0000 1400 0000 0000 0200 0000 0000 
  OUT 000030: ae77 59ec 2700 0000 222a 0e00 0000 0000 
  OUT 000040: 0000 0000 0000 0000 0000 0000 0000 0000 
  OUT 000050: 0000 0200 0000 0000                     
CALL seq=30 fn=Method conn=3c03 class=AGXAcceleratorG16G sel=9(0x9) inScalarCnt=0 inStructCnt=104
  IN.struct len=104
  IN 000000: 8000 0000 0000 0000 2000 2000 0100 0000 
  IN 000010: 0106 0004 300c 0000 0000 0000 0000 0000 
  IN 000020: 0000 0000 0000 0000 0000 0000 0000 0000 
  IN 000030: 0000 0000 0000 0000 00c5 c406 0100 0000 
  IN 000040: 0080 c406 0100 0000 0000 0200 0000 0000 
  IN 000050: 0300 0000 0000 0000 008f 0883 0500 0000 
  IN 000060: 0040 0000 0000 0000                     
RET  seq=30 conn=3c03 sel=9(0x9) ret=0x0 outStructCnt=88
  OUT.struct len=88
  OUT 000000: 00c5 0100 0001 0000 0000 0000 0000 0000 
  OUT 000010: c08f 6f02 0100 0000 0000 0000 0000 0000 
  OUT 000020: 0000 0000 1500 0000 0000 0200 0000 0000 
  OUT 000030: af77 59ec 2700 0000 1f2a 0e00 0000 0000 
  OUT 000040: 0000 0000 0000 0000 0000 0000 0000 0000 
  OUT 000050: 00bb 0100 0000 0000                     
CALL seq=31 fn=Method conn=1c03 class=IOSurfaceRoot sel=32(0x20) inScalarCnt=0 inStructCnt=0
RET  seq=31 conn=1c03 sel=32(0x20) ret=0x0 outScalars=[0x102224000]
CALL seq=32 fn=Method conn=3c03 class=AGXAcceleratorG16G sel=9(0x9) inScalarCnt=0 inStructCnt=104
  IN.struct len=104
  IN 000000: 8000 0000 0000 0000 0100 0100 0100 0000 
  IN 000010: 0101 0001 300c 0000 0000 0000 0000 0000 
  IN 000020: 0000 0000 0000 0000 0000 0000 0000 0000 
  IN 000030: 0000 0000 0000 0000 00dd c406 0100 0000 
  IN 000040: 0080 c406 0100 0000 0000 0200 0000 0000 
  IN 000050: 0300 0000 0000 0000 0000 0000 0000 0000 
  IN 000060: 8849 ce08 0100 0000                     
RET  seq=32 conn=3c03 sel=9(0x9) ret=0x0 outStructCnt=88
  OUT.struct len=88
  OUT 000000: 00dd 0100 0001 0000 0000 0000 0000 0000 
  OUT 000010: 8090 6f02 0100 0000 0000 0000 0000 0000 
  OUT 000020: 0000 0000 1600 0000 0000 0200 0000 0000 
  OUT 000030: c077 59ec 2700 0000 1f2a 0e00 0000 0000 
  OUT 000040: 0000 0000 0000 0000 0000 0000 0000 0000 
  OUT 000050: 00a3 0100 0000 0000                     
CALL seq=33 fn=Method conn=3c03 class=AGXAcceleratorG16G sel=7(0x7) inScalarCnt=0 inStructCnt=1040
  IN.struct len=1040
  IN 000000: 2f55 7365 7273 2f75 7365 722f 6173 6168 
  IN 000010: 695f 7265 2f70 7562 6c69 632f 6167 782d 
  IN 000020: 7265 2f65 7870 6572 696d 656e 7473 2f45 
  IN 000030: 5850 2d30 3133 362d 6d34 2d75 6e72 6561 
  IN 000040: 6368 6162 6c65 2d65 6e63 6f64 696e 6773 
  IN 000050: 2f77 6f72 6b2f 6269 6e2f 6465 7363 7061 
  IN 000060: 7463 6800 0000 0000 0000 0000 0000 0000 
  IN 000070: 0000 0000 0000 0000 0000 0000 0000 0000 
  IN 000080: 0000 0000 0000 0000 0000 0000 0000 0000 
  IN 000090: 0000 0000 0000 0000 0000 0000 0000 0000 
  IN 0000a0: 0000 0000 0000 0000 0000 0000 0000 0000 
  IN 0000b0: 0000 0000 0000 0000 0000 0000 0000 0000 
  IN 0000c0: 0000 0000 0000 0000 0000 0000 0000 0000 
  IN 0000d0: 0000 0000 0000 0000 0000 0000 0000 0000 
  IN 0000e0: 0000 0000 0000 0000 0000 0000 0000 0000 
  IN 0000f0: 0000 0000 0000 0000 0000 0000 0000 0000 
  IN 000100: 0000 0000 0000 0000 0000 0000 0000 0000 
  IN 000110: 0000 0000 0000 0000 0000 0000 0000 0000 
  IN 000120: 0000 0000 0000 0000 0000 0000 0000 0000 
  IN 000130: 0000 0000 0000 0000 0000 0000 0000 0000 
  IN 000140: 0000 0000 0000 0000 0000 0000 0000 0000 
  IN 000150: 0000 0000 0000 0000 0000 0000 0000 0000 
  IN 000160: 0000 0000 0000 0000 0000 0000 0000 0000 
  IN 000170: 0000 0000 0000 0000 0000 0000 0000 0000 
  IN 000180: 0000 0000 0000 0000 0000 0000 0000 0000 
  IN 000190: 0000 0000 0000 0000 0000 0000 0000 0000 
  IN 0001a0: 0000 0000 0000 0000 0000 0000 0000 0000 
  IN 0001b0: 0000 0000 0000 0000 0000 0000 0000 0000 
  IN 0001c0: 0000 0000 0000 0000 0000 0000 0000 0000 
  IN 0001d0: 0000 0000 0000 0000 0000 0000 0000 0000 
  IN 0001e0: 0000 0000 0000 0000 0000 0000 0000 0000 
  IN 0001f0: 0000 0000 0000 0000 0000 0000 0000 0000 
  IN 000200: 0000 0000 0000 0000 0000 0000 0000 0000 
  IN 000210: 0000 0000 0000 0000 0000 0000 0000 0000 
  IN 000220: 0000 0000 0000 0000 0000 0000 0000 0000 
  IN 000230: 0000 0000 0000 0000 0000 0000 0000 0000 
  IN 000240: 0000 0000 0000 0000 0000 0000 0000 0000 
  IN 000250: 0000 0000 0000 0000 0000 0000 0000 0000 
  IN 000260: 0000 0000 0000 0000 0000 0000 0000 0000 
  IN 000270: 0000 0000 0000 0000 0000 0000 0000 0000 
  IN 000280: 0000 0000 0000 0000 0000 0000 0000 0000 
  IN 000290: 0000 0000 0000 0000 0000 0000 0000 0000 
  IN 0002a0: 0000 0000 0000 0000 0000 0000 0000 0000 
  IN 0002b0: 0000 0000 0000 0000 0000 0000 0000 0000 
  IN 0002c0: 0000 0000 0000 0000 0000 0000 0000 0000 
  IN 0002d0: 0000 0000 0000 0000 0000 0000 0000 0000 
  IN 0002e0: 0000 0000 0000 0000 0000 0000 0000 0000 
  IN 0002f0: 0000 0000 0000 0000 0000 0000 0000 0000 
  IN 000300: 0000 0000 0000 0000 0000 0000 0000 0000 
  IN 000310: 0000 0000 0000 0000 0000 0000 0000 0000 
  IN 000320: 0000 0000 0000 0000 0000 0000 0000 0000 
  IN 000330: 0000 0000 0000 0000 0000 0000 0000 0000 
  IN 000340: 0000 0000 0000 0000 0000 0000 0000 0000 
  IN 000350: 0000 0000 0000 0000 0000 0000 0000 0000 
  IN 000360: 0000 0000 0000 0000 0000 0000 0000 0000 
  IN 000370: 0000 0000 0000 0000 0000 0000 0000 0000 
  IN 000380: 0000 0000 0000 0000 0000 0000 0000 0000 
  IN 000390: 0000 0000 0000 0000 0000 0000 2f55 7365 
  IN 0003a0: 7273 2f75 7365 722f 6173 6168 695f 7265 
  IN 0003b0: 2f70 7562 6c69 632f 6167 782d 7265 2f65 
  IN 0003c0: 7870 6572 696d 656e 7473 2f45 5850 2d30 
  IN 0003d0: 3133 362d 6d34 2d75 6e72 6561 6368 6162 
  IN 0003e0: 6c65 2d65 6e63 6f64 696e 6773 2f77 6f72 
  IN 0003f0: 6b2f 6269 6e2f 6465 7363 7061 7463 6800 
  IN 000400: 0200 0000 0000 0000 ffff ffff 0100 0000 
RET  seq=33 conn=3c03 sel=7(0x7) ret=0x0 outStructCnt=16
  OUT.struct len=16
  OUT 000000: 0100 0000 0000 0000 c177 59ec 2700 0000 
CALL seq=34 fn=Method conn=3c03 class=AGXAcceleratorG16G sel=16(0x10) inScalarCnt=2 inStructCnt=0 inScalars=[0x100,0x28]
RET  seq=34 conn=3c03 sel=16(0x10) ret=0x0 outStructCnt=16
  OUT.struct len=16
  OUT 000000: 0000 c907 0100 0000 0100 0000 0000 0000 
CALL seq=35 fn=Method conn=3c03 class=AGXAcceleratorG16G sel=28(0x1c) inScalarCnt=2 inStructCnt=0 inScalars=[0x1,0x1]
RET  seq=35 conn=3c03 sel=28(0x1c) ret=0x0
CALL seq=36 fn=Struct conn=3c03 class=AGXAcceleratorG16G sel=6(0x6) inScalarCnt=0 inStructCnt=0
RET  seq=36 conn=3c03 sel=6(0x6) ret=0x0 outStructCnt=16
  OUT.struct len=16
  OUT 000000: c477 59ec 2700 0000 c477 59ed 2700 0000 
CALL seq=37 fn=Method conn=3c03 class=AGXAcceleratorG16G sel=14(0xe) inScalarCnt=2 inStructCnt=0 inScalars=[0x4000,0x0]
RET  seq=37 conn=3c03 sel=14(0xe) ret=0x0 outStructCnt=16
  OUT.struct len=16
  OUT 000000: 0040 c907 0100 0000 0040 0000 0100 0000 
CALL seq=38 fn=Method conn=3c03 class=AGXAcceleratorG16G sel=14(0xe) inScalarCnt=2 inStructCnt=0 inScalars=[0x4000,0x1]
RET  seq=38 conn=3c03 sel=14(0xe) ret=0x0 outStructCnt=16
  OUT.struct len=16
  OUT 000000: 0080 c907 0100 0000 0040 0000 0200 0000 
CALL seq=39 fn=Method conn=3c03 class=AGXAcceleratorG16G sel=9(0x9) inScalarCnt=0 inStructCnt=104
  IN.struct len=104
  IN 000000: 0000 0000 0000 0000 0080 0100 0100 0000 
  IN 000010: 0101 0001 3044 0000 0000 0000 0000 0000 
  IN 000020: 0000 0000 0000 0000 0000 0000 0000 0000 
  IN 000030: 0000 0000 0000 0000 0000 0000 0000 0000 
  IN 000040: 0000 0000 0000 0000 0080 0000 0000 0000 
  IN 000050: 0000 0000 0000 0000 0000 0008 4800 0000 
  IN 000060: 0000 0000 0000 0000                     
RET  seq=39 conn=3c03 sel=9(0x9) ret=0x0 outStructCnt=88
  OUT.struct len=88
  OUT 000000: 0000 0800 0001 0000 00c0 c907 0100 0000 
  OUT 000010: 4091 6f02 0100 0000 0000 0000 0000 0000 
  OUT 000020: 0000 0000 1700 0000 0080 0000 0000 0000 
  OUT 000030: c477 59ed 2700 0000 252a 0e00 0000 0000 
  OUT 000040: 0000 0000 0000 0000 0000 0000 0000 0000 
  OUT 000050: 0080 0000 0000 0000                     
CALL seq=40 fn=Method conn=3c03 class=AGXAcceleratorG16G sel=9(0x9) inScalarCnt=0 inStructCnt=104
  IN.struct len=104
  IN 000000: 0000 0000 0000 0000 0080 0100 0100 0000 
  IN 000010: 0101 0001 3044 0000 0000 0000 0000 0000 
  IN 000020: 0000 0000 0000 0000 0000 0000 0000 0000 
  IN 000030: 0000 0000 0000 0000 0000 0000 0000 0000 
  IN 000040: 0000 0000 0000 0000 0080 0000 0000 0000 
  IN 000050: 0000 0000 0000 0000 0000 0018 0000 0000 
  IN 000060: 0000 0000 0000 0000                     
RET  seq=40 conn=3c03 sel=9(0x9) ret=0x0 outStructCnt=88
  OUT.struct len=88
  OUT 000000: 0000 0900 0001 0000 0040 ca07 0100 0000 
  OUT 000010: 0092 6f02 0100 0000 0000 0000 0000 0000 
  OUT 000020: 0000 0000 1800 0000 0080 0000 0000 0000 
  OUT 000030: c577 59ed 2700 0000 262a 0e00 0000 0000 
  OUT 000040: 0000 0000 0000 0000 0000 0000 0000 0000 
  OUT 000050: 0080 0000 0000 0000                     
CALL seq=41 fn=Method conn=3c03 class=AGXAcceleratorG16G sel=9(0x9) inScalarCnt=0 inStructCnt=104
  IN.struct len=104
  IN 000000: 0000 0000 0000 0000 0080 0100 0100 0000 
  IN 000010: 0101 0001 3044 0000 0000 0000 0000 0000 
  IN 000020: 0000 0000 0000 0000 0000 0000 0000 0000 
  IN 000030: 0000 0000 0000 0000 0000 0000 0000 0000 
  IN 000040: 0000 0000 0000 0000 0080 0000 0000 0000 
  IN 000050: 0000 0000 0000 0000 0000 0008 0000 0000 
  IN 000060: 0000 0000 0000 0000                     
RET  seq=41 conn=3c03 sel=9(0x9) ret=0x0 outStructCnt=88
  OUT.struct len=88
  OUT 000000: 0000 0a00 0001 0000 00c0 ca07 0100 0000 
  OUT 000010: c092 6f02 0100 0000 0000 0000 0000 0000 
  OUT 000020: 0000 0000 1900 0000 0080 0000 0000 0000 
  OUT 000030: c677 59ed 2700 0000 272a 0e00 0000 0000 
  OUT 000040: 0000 0000 0000 0000 0000 0000 0000 0000 
  OUT 000050: 0080 0000 0000 0000                     
CALL seq=42 fn=Method conn=3c03 class=AGXAcceleratorG16G sel=9(0x9) inScalarCnt=0 inStructCnt=104
  IN.struct len=104
  IN 000000: 0000 0000 0000 0000 0080 0100 0100 0000 
  IN 000010: 0101 0001 3044 0000 0000 0000 0000 0000 
  IN 000020: 0000 0000 0000 0000 0000 0000 0000 0000 
  IN 000030: 0000 0000 0000 0000 0000 0000 0000 0000 
  IN 000040: 0000 0000 0000 0000 0080 0000 0000 0000 
  IN 000050: 0000 0000 0000 0000 0000 0008 4000 0000 
  IN 000060: 0000 0000 0000 0000                     
RET  seq=42 conn=3c03 sel=9(0x9) ret=0x0 outStructCnt=88
  OUT.struct len=88
  OUT 000000: 0000 0b00 0001 0000 0040 cb07 0100 0000 
  OUT 000010: 8093 6f02 0100 0000 0000 0000 0000 0000 
  OUT 000020: 0000 0000 1a00 0000 0080 0000 0000 0000 
  OUT 000030: c777 59ed 2700 0000 282a 0e00 0000 0000 
  OUT 000040: 0000 0000 0000 0000 0000 0000 0000 0000 
  OUT 000050: 0080 0000 0000 0000                     
CALL seq=43 fn=Method conn=3c03 class=AGXAcceleratorG16G sel=9(0x9) inScalarCnt=0 inStructCnt=104
  IN.struct len=104
  IN 000000: 0000 0000 0000 0000 0080 0100 0100 0000 
  IN 000010: 0101 0001 3044 0000 0000 0000 0000 0000 
  IN 000020: 0000 0000 0000 0000 0000 0000 0000 0000 
  IN 000030: 0000 0000 0000 0000 0000 0000 0000 0000 
  IN 000040: 0000 0000 0000 0000 0080 0000 0000 0000 
  IN 000050: 0000 0000 0000 0000 0000 0008 0000 0000 
  IN 000060: 0000 0000 0000 0000                     
RET  seq=43 conn=3c03 sel=9(0x9) ret=0x0 outStructCnt=88
  OUT.struct len=88
  OUT 000000: 0000 0c00 0001 0000 00c0 cb07 0100 0000 
  OUT 000010: 4094 6f02 0100 0000 0000 0000 0000 0000 
  OUT 000020: 0000 0000 1b00 0000 0080 0000 0000 0000 
  OUT 000030: c877 59ed 2700 0000 292a 0e00 0000 0000 
  OUT 000040: 0000 0000 0000 0000 0000 0000 0000 0000 
  OUT 000050: 0080 0000 0000 0000                     
CALL seq=44 fn=Method conn=3c03 class=AGXAcceleratorG16G sel=9(0x9) inScalarCnt=0 inStructCnt=104
  IN.struct len=104
  IN 000000: 0000 0000 0000 0000 0080 0100 0100 0000 
  IN 000010: 0101 0001 3044 0000 0000 0000 0000 0000 
  IN 000020: 0000 0000 0000 0000 0000 0000 0000 0000 
  IN 000030: 0000 0000 0000 0000 0000 0000 0000 0000 
  IN 000040: 0000 0000 0000 0000 0080 0000 0000 0000 
  IN 000050: 0000 0000 0000 0000 0000 0008 0000 0000 
  IN 000060: 0000 0000 0000 0000                     
RET  seq=44 conn=3c03 sel=9(0x9) ret=0x0 outStructCnt=88
  OUT.struct len=88
  OUT 000000: 0000 0d00 0001 0000 0040 cc07 0100 0000 
  OUT 000010: 0095 6f02 0100 0000 0000 0000 0000 0000 
  OUT 000020: 0000 0000 1c00 0000 0080 0000 0000 0000 
  OUT 000030: c977 59ed 2700 0000 2a2a 0e00 0000 0000 
  OUT 000040: 0000 0000 0000 0000 0000 0000 0000 0000 
  OUT 000050: 0080 0000 0000 0000                     
CALL seq=45 fn=Method conn=3c03 class=AGXAcceleratorG16G sel=9(0x9) inScalarCnt=0 inStructCnt=104
  IN.struct len=104
  IN 000000: 0000 0000 0000 0000 8094 0100 0100 0000 
  IN 000010: 0101 0001 3044 0000 0000 0000 0000 0000 
  IN 000020: 0000 0000 0000 0000 0000 0000 0000 0000 
  IN 000030: 0000 0000 0000 0000 0000 0000 0000 0000 
  IN 000040: 0000 0000 0000 0000 8094 0000 0000 0000 
  IN 000050: 0000 0000 0000 0000 0000 0018 0000 0000 
  IN 000060: 0000 0000 0000 0000                     
RET  seq=45 conn=3c03 sel=9(0x9) ret=0x0 outStructCnt=88
  OUT.struct len=88
  OUT 000000: 0000 0e00 0001 0000 00c0 cc07 0100 0000 
  OUT 000010: c095 6f02 0100 0000 0000 0000 0000 0000 
  OUT 000020: 0000 0000 1d00 0000 00c0 0000 0000 0000 
  OUT 000030: ca77 59ed 2700 0000 2b2a 0e00 0000 0000 
  OUT 000040: 0000 0000 0000 0000 0000 0000 0000 0000 
  OUT 000050: 00c0 0000 0000 0000                     
BODUMP begin reason=sigusr1 n_bo=27
BODUMP handle=0 gpu_va=0x10000000000 cpu=0x10270c000 size=0x10000 read=0x10000 -> /Users/user/asahi_re/public/agx-re/experiments/EXP-0136-m4-unreachable-encodings/work/gen/m4_20260828_run01/d_aniso_ratio64_real16/dump/bo_sigusr1_h0_va10000000000_cpu10270c000_sz10000.hex
BODUMP handle=0 gpu_va=0x6f00000000 cpu=0x10271c000 size=0x3800 read=0x3800 -> /Users/user/asahi_re/public/agx-re/experiments/EXP-0136-m4-unreachable-encodings/work/gen/m4_20260828_run01/d_aniso_ratio64_real16/dump/bo_sigusr1_h0_va6f00000000_cpu10271c000_sz3800.hex
BODUMP handle=0 gpu_va=0x10000018000 cpu=0x106c48000 size=0x20000 read=0x20000 -> /Users/user/asahi_re/public/agx-re/experiments/EXP-0136-m4-unreachable-encodings/work/gen/m4_20260828_run01/d_aniso_ratio64_real16/dump/bo_sigusr1_h0_va10000018000_cpu106c48000_sz20000.hex
BODUMP handle=0 gpu_va=0x10000018200 cpu=0x106c48200 size=0x20000 read=0x20000 -> /Users/user/asahi_re/public/agx-re/experiments/EXP-0136-m4-unreachable-encodings/work/gen/m4_20260828_run01/d_aniso_ratio64_real16/dump/bo_sigusr1_h0_va10000018200_cpu106c48200_sz20000.hex
BODUMP handle=0 gpu_va=0x10000018400 cpu=0x106c48400 size=0x20000 read=0x20000 -> /Users/user/asahi_re/public/agx-re/experiments/EXP-0136-m4-unreachable-encodings/work/gen/m4_20260828_run01/d_aniso_ratio64_real16/dump/bo_sigusr1_h0_va10000018400_cpu106c48400_sz20000.hex
BODUMP handle=0 gpu_va=0x10000018500 cpu=0x106c48500 size=0x20000 read=0x20000 -> /Users/user/asahi_re/public/agx-re/experiments/EXP-0136-m4-unreachable-encodings/work/gen/m4_20260828_run01/d_aniso_ratio64_real16/dump/bo_sigusr1_h0_va10000018500_cpu106c48500_sz20000.hex
BODUMP handle=0 gpu_va=0x10000018700 cpu=0x106c48700 size=0x20000 read=0x20000 -> /Users/user/asahi_re/public/agx-re/experiments/EXP-0136-m4-unreachable-encodings/work/gen/m4_20260828_run01/d_aniso_ratio64_real16/dump/bo_sigusr1_h0_va10000018700_cpu106c48700_sz20000.hex
BODUMP handle=0 gpu_va=0x10000018800 cpu=0x106c48800 size=0x20000 read=0x20000 -> /Users/user/asahi_re/public/agx-re/experiments/EXP-0136-m4-unreachable-encodings/work/gen/m4_20260828_run01/d_aniso_ratio64_real16/dump/bo_sigusr1_h0_va10000018800_cpu106c48800_sz20000.hex
BODUMP handle=0 gpu_va=0x10000018900 cpu=0x106c48900 size=0x20000 read=0x20000 -> /Users/user/asahi_re/public/agx-re/experiments/EXP-0136-m4-unreachable-encodings/work/gen/m4_20260828_run01/d_aniso_ratio64_real16/dump/bo_sigusr1_h0_va10000018900_cpu106c48900_sz20000.hex
BODUMP handle=0 gpu_va=0x10000019900 cpu=0x106c49900 size=0x20000 read=0x20000 -> /Users/user/asahi_re/public/agx-re/experiments/EXP-0136-m4-unreachable-encodings/work/gen/m4_20260828_run01/d_aniso_ratio64_real16/dump/bo_sigusr1_h0_va10000019900_cpu106c49900_sz20000.hex
BODUMP handle=0 gpu_va=0x10000019a00 cpu=0x106c49a00 size=0x20000 read=0x20000 -> /Users/user/asahi_re/public/agx-re/experiments/EXP-0136-m4-unreachable-encodings/work/gen/m4_20260828_run01/d_aniso_ratio64_real16/dump/bo_sigusr1_h0_va10000019a00_cpu106c49a00_sz20000.hex
BODUMP handle=0 gpu_va=0x10000019b00 cpu=0x106c49b00 size=0x20000 read=0x20000 -> /Users/user/asahi_re/public/agx-re/experiments/EXP-0136-m4-unreachable-encodings/work/gen/m4_20260828_run01/d_aniso_ratio64_real16/dump/bo_sigusr1_h0_va10000019b00_cpu106c49b00_sz20000.hex
BODUMP handle=0 gpu_va=0x10000019c00 cpu=0x106c49c00 size=0x20000 read=0x20000 -> /Users/user/asahi_re/public/agx-re/experiments/EXP-0136-m4-unreachable-encodings/work/gen/m4_20260828_run01/d_aniso_ratio64_real16/dump/bo_sigusr1_h0_va10000019c00_cpu106c49c00_sz20000.hex
BODUMP handle=0 gpu_va=0x1000001a400 cpu=0x106c4a400 size=0x20000 read=0x20000 -> /Users/user/asahi_re/public/agx-re/experiments/EXP-0136-m4-unreachable-encodings/work/gen/m4_20260828_run01/d_aniso_ratio64_real16/dump/bo_sigusr1_h0_va1000001a400_cpu106c4a400_sz20000.hex
BODUMP handle=0 gpu_va=0x10000040000 cpu=0x106c68000 size=0x10000 read=0x10000 -> /Users/user/asahi_re/public/agx-re/experiments/EXP-0136-m4-unreachable-encodings/work/gen/m4_20260828_run01/d_aniso_ratio64_real16/dump/bo_sigusr1_h0_va10000040000_cpu106c68000_sz10000.hex
BODUMP handle=0 gpu_va=0x0 cpu=0x106c78000 size=0x10000 read=0x10000 -> /Users/user/asahi_re/public/agx-re/experiments/EXP-0136-m4-unreachable-encodings/work/gen/m4_20260828_run01/d_aniso_ratio64_real16/dump/bo_sigusr1_h0_va0_cpu106c78000_sz10000.hex
BODUMP handle=0 gpu_va=0x1000001a500 cpu=0x106c4a500 size=0x20000 read=0x20000 -> /Users/user/asahi_re/public/agx-re/experiments/EXP-0136-m4-unreachable-encodings/work/gen/m4_20260828_run01/d_aniso_ratio64_real16/dump/bo_sigusr1_h0_va1000001a500_cpu106c4a500_sz20000.hex
BODUMP handle=0 gpu_va=0x10000058000 cpu=0x106c88000 size=0x20000 read=0x20000 -> /Users/user/asahi_re/public/agx-re/experiments/EXP-0136-m4-unreachable-encodings/work/gen/m4_20260828_run01/d_aniso_ratio64_real16/dump/bo_sigusr1_h0_va10000058000_cpu106c88000_sz20000.hex
BODUMP handle=0 gpu_va=0x1000001c500 cpu=0x106c4c500 size=0x20000 read=0x20000 -> /Users/user/asahi_re/public/agx-re/experiments/EXP-0136-m4-unreachable-encodings/work/gen/m4_20260828_run01/d_aniso_ratio64_real16/dump/bo_sigusr1_h0_va1000001c500_cpu106c4c500_sz20000.hex
BODUMP handle=0 gpu_va=0x1000001dd00 cpu=0x106c4dd00 size=0x20000 read=0x20000 -> /Users/user/asahi_re/public/agx-re/experiments/EXP-0136-m4-unreachable-encodings/work/gen/m4_20260828_run01/d_aniso_ratio64_real16/dump/bo_sigusr1_h0_va1000001dd00_cpu106c4dd00_sz20000.hex
BODUMP handle=0 gpu_va=0x10000080000 cpu=0x107c9c000 size=0x8000 read=0x8000 -> /Users/user/asahi_re/public/agx-re/experiments/EXP-0136-m4-unreachable-encodings/work/gen/m4_20260828_run01/d_aniso_ratio64_real16/dump/bo_sigusr1_h0_va10000080000_cpu107c9c000_sz8000.hex
BODUMP handle=0 gpu_va=0x10000090000 cpu=0x107ca4000 size=0x8000 read=0x8000 -> /Users/user/asahi_re/public/agx-re/experiments/EXP-0136-m4-unreachable-encodings/work/gen/m4_20260828_run01/d_aniso_ratio64_real16/dump/bo_sigusr1_h0_va10000090000_cpu107ca4000_sz8000.hex
BODUMP handle=0 gpu_va=0x100000a0000 cpu=0x107cac000 size=0x8000 read=0x8000 -> /Users/user/asahi_re/public/agx-re/experiments/EXP-0136-m4-unreachable-encodings/work/gen/m4_20260828_run01/d_aniso_ratio64_real16/dump/bo_sigusr1_h0_va100000a0000_cpu107cac000_sz8000.hex
BODUMP handle=0 gpu_va=0x100000b0000 cpu=0x107cb4000 size=0x8000 read=0x8000 -> /Users/user/asahi_re/public/agx-re/experiments/EXP-0136-m4-unreachable-encodings/work/gen/m4_20260828_run01/d_aniso_ratio64_real16/dump/bo_sigusr1_h0_va100000b0000_cpu107cb4000_sz8000.hex
BODUMP handle=0 gpu_va=0x100000c0000 cpu=0x107cbc000 size=0x8000 read=0x8000 -> /Users/user/asahi_re/public/agx-re/experiments/EXP-0136-m4-unreachable-encodings/work/gen/m4_20260828_run01/d_aniso_ratio64_real16/dump/bo_sigusr1_h0_va100000c0000_cpu107cbc000_sz8000.hex
BODUMP handle=0 gpu_va=0x100000d0000 cpu=0x107cc4000 size=0x8000 read=0x8000 -> /Users/user/asahi_re/public/agx-re/experiments/EXP-0136-m4-unreachable-encodings/work/gen/m4_20260828_run01/d_aniso_ratio64_real16/dump/bo_sigusr1_h0_va100000d0000_cpu107cc4000_sz8000.hex
BODUMP handle=0 gpu_va=0x100000e0000 cpu=0x107ccc000 size=0x9480 read=0x9480 -> /Users/user/asahi_re/public/agx-re/experiments/EXP-0136-m4-unreachable-encodings/work/gen/m4_20260828_run01/d_aniso_ratio64_real16/dump/bo_sigusr1_h0_va100000e0000_cpu107ccc000_sz9480.hex
BODUMP end reason=sigusr1
MAPDUMP reason=sigusr1 seq=45 conn=0 memType=0x00005e15 addr=0x102704000 size=0x4000 read=0x4000 -> /Users/user/asahi_re/public/agx-re/experiments/EXP-0136-m4-unreachable-encodings/work/gen/m4_20260828_run01/d_aniso_ratio64_real16/dump/map_seq000045_conn0_type00005e15_at102704000_sz4000.hex
MAPDUMP reason=sigusr1 seq=45 conn=0 memType=0x00005e15 addr=0x1026f8000 size=0x4000 read=0x4000 -> /Users/user/asahi_re/public/agx-re/experiments/EXP-0136-m4-unreachable-encodings/work/gen/m4_20260828_run01/d_aniso_ratio64_real16/dump/map_seq000045_conn0_type00005e15_at1026f8000_sz4000.hex
BODUMP begin reason=sigusr1 n_bo=27
BODUMP handle=0 gpu_va=0x10000000000 cpu=0x10270c000 size=0x10000 read=0x10000 -> /Users/user/asahi_re/public/agx-re/experiments/EXP-0136-m4-unreachable-encodings/work/gen/m4_20260828_run01/d_aniso_ratio64_real16/dump/bo_sigusr1_h0_va10000000000_cpu10270c000_sz10000.hex
BODUMP handle=0 gpu_va=0x6f00000000 cpu=0x10271c000 size=0x3800 read=0x3800 -> /Users/user/asahi_re/public/agx-re/experiments/EXP-0136-m4-unreachable-encodings/work/gen/m4_20260828_run01/d_aniso_ratio64_real16/dump/bo_sigusr1_h0_va6f00000000_cpu10271c000_sz3800.hex
BODUMP handle=0 gpu_va=0x10000018000 cpu=0x106c48000 size=0x20000 read=0x20000 -> /Users/user/asahi_re/public/agx-re/experiments/EXP-0136-m4-unreachable-encodings/work/gen/m4_20260828_run01/d_aniso_ratio64_real16/dump/bo_sigusr1_h0_va10000018000_cpu106c48000_sz20000.hex
BODUMP handle=0 gpu_va=0x10000018200 cpu=0x106c48200 size=0x20000 read=0x20000 -> /Users/user/asahi_re/public/agx-re/experiments/EXP-0136-m4-unreachable-encodings/work/gen/m4_20260828_run01/d_aniso_ratio64_real16/dump/bo_sigusr1_h0_va10000018200_cpu106c48200_sz20000.hex
BODUMP handle=0 gpu_va=0x10000018400 cpu=0x106c48400 size=0x20000 read=0x20000 -> /Users/user/asahi_re/public/agx-re/experiments/EXP-0136-m4-unreachable-encodings/work/gen/m4_20260828_run01/d_aniso_ratio64_real16/dump/bo_sigusr1_h0_va10000018400_cpu106c48400_sz20000.hex
BODUMP handle=0 gpu_va=0x10000018500 cpu=0x106c48500 size=0x20000 read=0x20000 -> /Users/user/asahi_re/public/agx-re/experiments/EXP-0136-m4-unreachable-encodings/work/gen/m4_20260828_run01/d_aniso_ratio64_real16/dump/bo_sigusr1_h0_va10000018500_cpu106c48500_sz20000.hex
BODUMP handle=0 gpu_va=0x10000018700 cpu=0x106c48700 size=0x20000 read=0x20000 -> /Users/user/asahi_re/public/agx-re/experiments/EXP-0136-m4-unreachable-encodings/work/gen/m4_20260828_run01/d_aniso_ratio64_real16/dump/bo_sigusr1_h0_va10000018700_cpu106c48700_sz20000.hex
BODUMP handle=0 gpu_va=0x10000018800 cpu=0x106c48800 size=0x20000 read=0x20000 -> /Users/user/asahi_re/public/agx-re/experiments/EXP-0136-m4-unreachable-encodings/work/gen/m4_20260828_run01/d_aniso_ratio64_real16/dump/bo_sigusr1_h0_va10000018800_cpu106c48800_sz20000.hex
BODUMP handle=0 gpu_va=0x10000018900 cpu=0x106c48900 size=0x20000 read=0x20000 -> /Users/user/asahi_re/public/agx-re/experiments/EXP-0136-m4-unreachable-encodings/work/gen/m4_20260828_run01/d_aniso_ratio64_real16/dump/bo_sigusr1_h0_va10000018900_cpu106c48900_sz20000.hex
BODUMP handle=0 gpu_va=0x10000019900 cpu=0x106c49900 size=0x20000 read=0x20000 -> /Users/user/asahi_re/public/agx-re/experiments/EXP-0136-m4-unreachable-encodings/work/gen/m4_20260828_run01/d_aniso_ratio64_real16/dump/bo_sigusr1_h0_va10000019900_cpu106c49900_sz20000.hex
BODUMP handle=0 gpu_va=0x10000019a00 cpu=0x106c49a00 size=0x20000 read=0x20000 -> /Users/user/asahi_re/public/agx-re/experiments/EXP-0136-m4-unreachable-encodings/work/gen/m4_20260828_run01/d_aniso_ratio64_real16/dump/bo_sigusr1_h0_va10000019a00_cpu106c49a00_sz20000.hex
BODUMP handle=0 gpu_va=0x10000019b00 cpu=0x106c49b00 size=0x20000 read=0x20000 -> /Users/user/asahi_re/public/agx-re/experiments/EXP-0136-m4-unreachable-encodings/work/gen/m4_20260828_run01/d_aniso_ratio64_real16/dump/bo_sigusr1_h0_va10000019b00_cpu106c49b00_sz20000.hex
BODUMP handle=0 gpu_va=0x10000019c00 cpu=0x106c49c00 size=0x20000 read=0x20000 -> /Users/user/asahi_re/public/agx-re/experiments/EXP-0136-m4-unreachable-encodings/work/gen/m4_20260828_run01/d_aniso_ratio64_real16/dump/bo_sigusr1_h0_va10000019c00_cpu106c49c00_sz20000.hex
BODUMP handle=0 gpu_va=0x1000001a400 cpu=0x106c4a400 size=0x20000 read=0x20000 -> /Users/user/asahi_re/public/agx-re/experiments/EXP-0136-m4-unreachable-encodings/work/gen/m4_20260828_run01/d_aniso_ratio64_real16/dump/bo_sigusr1_h0_va1000001a400_cpu106c4a400_sz20000.hex
BODUMP handle=0 gpu_va=0x10000040000 cpu=0x106c68000 size=0x10000 read=0x10000 -> /Users/user/asahi_re/public/agx-re/experiments/EXP-0136-m4-unreachable-encodings/work/gen/m4_20260828_run01/d_aniso_ratio64_real16/dump/bo_sigusr1_h0_va10000040000_cpu106c68000_sz10000.hex
BODUMP handle=0 gpu_va=0x0 cpu=0x106c78000 size=0x10000 read=0x10000 -> /Users/user/asahi_re/public/agx-re/experiments/EXP-0136-m4-unreachable-encodings/work/gen/m4_20260828_run01/d_aniso_ratio64_real16/dump/bo_sigusr1_h0_va0_cpu106c78000_sz10000.hex
BODUMP handle=0 gpu_va=0x1000001a500 cpu=0x106c4a500 size=0x20000 read=0x20000 -> /Users/user/asahi_re/public/agx-re/experiments/EXP-0136-m4-unreachable-encodings/work/gen/m4_20260828_run01/d_aniso_ratio64_real16/dump/bo_sigusr1_h0_va1000001a500_cpu106c4a500_sz20000.hex
BODUMP handle=0 gpu_va=0x10000058000 cpu=0x106c88000 size=0x20000 read=0x20000 -> /Users/user/asahi_re/public/agx-re/experiments/EXP-0136-m4-unreachable-encodings/work/gen/m4_20260828_run01/d_aniso_ratio64_real16/dump/bo_sigusr1_h0_va10000058000_cpu106c88000_sz20000.hex
BODUMP handle=0 gpu_va=0x1000001c500 cpu=0x106c4c500 size=0x20000 read=0x20000 -> /Users/user/asahi_re/public/agx-re/experiments/EXP-0136-m4-unreachable-encodings/work/gen/m4_20260828_run01/d_aniso_ratio64_real16/dump/bo_sigusr1_h0_va1000001c500_cpu106c4c500_sz20000.hex
BODUMP handle=0 gpu_va=0x1000001dd00 cpu=0x106c4dd00 size=0x20000 read=0x20000 -> /Users/user/asahi_re/public/agx-re/experiments/EXP-0136-m4-unreachable-encodings/work/gen/m4_20260828_run01/d_aniso_ratio64_real16/dump/bo_sigusr1_h0_va1000001dd00_cpu106c4dd00_sz20000.hex
BODUMP handle=0 gpu_va=0x10000080000 cpu=0x107c9c000 size=0x8000 read=0x8000 -> /Users/user/asahi_re/public/agx-re/experiments/EXP-0136-m4-unreachable-encodings/work/gen/m4_20260828_run01/d_aniso_ratio64_real16/dump/bo_sigusr1_h0_va10000080000_cpu107c9c000_sz8000.hex
BODUMP handle=0 gpu_va=0x10000090000 cpu=0x107ca4000 size=0x8000 read=0x8000 -> /Users/user/asahi_re/public/agx-re/experiments/EXP-0136-m4-unreachable-encodings/work/gen/m4_20260828_run01/d_aniso_ratio64_real16/dump/bo_sigusr1_h0_va10000090000_cpu107ca4000_sz8000.hex
BODUMP handle=0 gpu_va=0x100000a0000 cpu=0x107cac000 size=0x8000 read=0x8000 -> /Users/user/asahi_re/public/agx-re/experiments/EXP-0136-m4-unreachable-encodings/work/gen/m4_20260828_run01/d_aniso_ratio64_real16/dump/bo_sigusr1_h0_va100000a0000_cpu107cac000_sz8000.hex
BODUMP handle=0 gpu_va=0x100000b0000 cpu=0x107cb4000 size=0x8000 read=0x8000 -> /Users/user/asahi_re/public/agx-re/experiments/EXP-0136-m4-unreachable-encodings/work/gen/m4_20260828_run01/d_aniso_ratio64_real16/dump/bo_sigusr1_h0_va100000b0000_cpu107cb4000_sz8000.hex
BODUMP handle=0 gpu_va=0x100000c0000 cpu=0x107cbc000 size=0x8000 read=0x8000 -> /Users/user/asahi_re/public/agx-re/experiments/EXP-0136-m4-unreachable-encodings/work/gen/m4_20260828_run01/d_aniso_ratio64_real16/dump/bo_sigusr1_h0_va100000c0000_cpu107cbc000_sz8000.hex
BODUMP handle=0 gpu_va=0x100000d0000 cpu=0x107cc4000 size=0x8000 read=0x8000 -> /Users/user/asahi_re/public/agx-re/experiments/EXP-0136-m4-unreachable-encodings/work/gen/m4_20260828_run01/d_aniso_ratio64_real16/dump/bo_sigusr1_h0_va100000d0000_cpu107cc4000_sz8000.hex
BODUMP handle=0 gpu_va=0x100000e0000 cpu=0x107ccc000 size=0x9480 read=0x9480 -> /Users/user/asahi_re/public/agx-re/experiments/EXP-0136-m4-unreachable-encodings/work/gen/m4_20260828_run01/d_aniso_ratio64_real16/dump/bo_sigusr1_h0_va100000e0000_cpu107ccc000_sz9480.hex
BODUMP end reason=sigusr1
MAPDUMP reason=sigusr1 seq=45 conn=0 memType=0x00005e15 addr=0x102704000 size=0x4000 read=0x4000 -> /Users/user/asahi_re/public/agx-re/experiments/EXP-0136-m4-unreachable-encodings/work/gen/m4_20260828_run01/d_aniso_ratio64_real16/dump/map_seq000045_conn0_type00005e15_at102704000_sz4000.hex
MAPDUMP reason=sigusr1 seq=45 conn=0 memType=0x00005e15 addr=0x1026f8000 size=0x4000 read=0x4000 -> /Users/user/asahi_re/public/agx-re/experiments/EXP-0136-m4-unreachable-encodings/work/gen/m4_20260828_run01/d_aniso_ratio64_real16/dump/map_seq000045_conn0_type00005e15_at1026f8000_sz4000.hex
BODUMP begin reason=sigusr1 n_bo=27
BODUMP handle=0 gpu_va=0x10000000000 cpu=0x10270c000 size=0x10000 read=0x10000 -> /Users/user/asahi_re/public/agx-re/experiments/EXP-0136-m4-unreachable-encodings/work/gen/m4_20260828_run01/d_aniso_ratio64_real16/dump/bo_sigusr1_h0_va10000000000_cpu10270c000_sz10000.hex
BODUMP handle=0 gpu_va=0x6f00000000 cpu=0x10271c000 size=0x3800 read=0x3800 -> /Users/user/asahi_re/public/agx-re/experiments/EXP-0136-m4-unreachable-encodings/work/gen/m4_20260828_run01/d_aniso_ratio64_real16/dump/bo_sigusr1_h0_va6f00000000_cpu10271c000_sz3800.hex
BODUMP handle=0 gpu_va=0x10000018000 cpu=0x106c48000 size=0x20000 read=0x20000 -> /Users/user/asahi_re/public/agx-re/experiments/EXP-0136-m4-unreachable-encodings/work/gen/m4_20260828_run01/d_aniso_ratio64_real16/dump/bo_sigusr1_h0_va10000018000_cpu106c48000_sz20000.hex
BODUMP handle=0 gpu_va=0x10000018200 cpu=0x106c48200 size=0x20000 read=0x20000 -> /Users/user/asahi_re/public/agx-re/experiments/EXP-0136-m4-unreachable-encodings/work/gen/m4_20260828_run01/d_aniso_ratio64_real16/dump/bo_sigusr1_h0_va10000018200_cpu106c48200_sz20000.hex
BODUMP handle=0 gpu_va=0x10000018400 cpu=0x106c48400 size=0x20000 read=0x20000 -> /Users/user/asahi_re/public/agx-re/experiments/EXP-0136-m4-unreachable-encodings/work/gen/m4_20260828_run01/d_aniso_ratio64_real16/dump/bo_sigusr1_h0_va10000018400_cpu106c48400_sz20000.hex
BODUMP handle=0 gpu_va=0x10000018500 cpu=0x106c48500 size=0x20000 read=0x20000 -> /Users/user/asahi_re/public/agx-re/experiments/EXP-0136-m4-unreachable-encodings/work/gen/m4_20260828_run01/d_aniso_ratio64_real16/dump/bo_sigusr1_h0_va10000018500_cpu106c48500_sz20000.hex
BODUMP handle=0 gpu_va=0x10000018700 cpu=0x106c48700 size=0x20000 read=0x20000 -> /Users/user/asahi_re/public/agx-re/experiments/EXP-0136-m4-unreachable-encodings/work/gen/m4_20260828_run01/d_aniso_ratio64_real16/dump/bo_sigusr1_h0_va10000018700_cpu106c48700_sz20000.hex
BODUMP handle=0 gpu_va=0x10000018800 cpu=0x106c48800 size=0x20000 read=0x20000 -> /Users/user/asahi_re/public/agx-re/experiments/EXP-0136-m4-unreachable-encodings/work/gen/m4_20260828_run01/d_aniso_ratio64_real16/dump/bo_sigusr1_h0_va10000018800_cpu106c48800_sz20000.hex
BODUMP handle=0 gpu_va=0x10000018900 cpu=0x106c48900 size=0x20000 read=0x20000 -> /Users/user/asahi_re/public/agx-re/experiments/EXP-0136-m4-unreachable-encodings/work/gen/m4_20260828_run01/d_aniso_ratio64_real16/dump/bo_sigusr1_h0_va10000018900_cpu106c48900_sz20000.hex
BODUMP handle=0 gpu_va=0x10000019900 cpu=0x106c49900 size=0x20000 read=0x20000 -> /Users/user/asahi_re/public/agx-re/experiments/EXP-0136-m4-unreachable-encodings/work/gen/m4_20260828_run01/d_aniso_ratio64_real16/dump/bo_sigusr1_h0_va10000019900_cpu106c49900_sz20000.hex
BODUMP handle=0 gpu_va=0x10000019a00 cpu=0x106c49a00 size=0x20000 read=0x20000 -> /Users/user/asahi_re/public/agx-re/experiments/EXP-0136-m4-unreachable-encodings/work/gen/m4_20260828_run01/d_aniso_ratio64_real16/dump/bo_sigusr1_h0_va10000019a00_cpu106c49a00_sz20000.hex
BODUMP handle=0 gpu_va=0x10000019b00 cpu=0x106c49b00 size=0x20000 read=0x20000 -> /Users/user/asahi_re/public/agx-re/experiments/EXP-0136-m4-unreachable-encodings/work/gen/m4_20260828_run01/d_aniso_ratio64_real16/dump/bo_sigusr1_h0_va10000019b00_cpu106c49b00_sz20000.hex
BODUMP handle=0 gpu_va=0x10000019c00 cpu=0x106c49c00 size=0x20000 read=0x20000 -> /Users/user/asahi_re/public/agx-re/experiments/EXP-0136-m4-unreachable-encodings/work/gen/m4_20260828_run01/d_aniso_ratio64_real16/dump/bo_sigusr1_h0_va10000019c00_cpu106c49c00_sz20000.hex
BODUMP handle=0 gpu_va=0x1000001a400 cpu=0x106c4a400 size=0x20000 read=0x20000 -> /Users/user/asahi_re/public/agx-re/experiments/EXP-0136-m4-unreachable-encodings/work/gen/m4_20260828_run01/d_aniso_ratio64_real16/dump/bo_sigusr1_h0_va1000001a400_cpu106c4a400_sz20000.hex
BODUMP handle=0 gpu_va=0x10000040000 cpu=0x106c68000 size=0x10000 read=0x10000 -> /Users/user/asahi_re/public/agx-re/experiments/EXP-0136-m4-unreachable-encodings/work/gen/m4_20260828_run01/d_aniso_ratio64_real16/dump/bo_sigusr1_h0_va10000040000_cpu106c68000_sz10000.hex
BODUMP handle=0 gpu_va=0x0 cpu=0x106c78000 size=0x10000 read=0x10000 -> /Users/user/asahi_re/public/agx-re/experiments/EXP-0136-m4-unreachable-encodings/work/gen/m4_20260828_run01/d_aniso_ratio64_real16/dump/bo_sigusr1_h0_va0_cpu106c78000_sz10000.hex
BODUMP handle=0 gpu_va=0x1000001a500 cpu=0x106c4a500 size=0x20000 read=0x20000 -> /Users/user/asahi_re/public/agx-re/experiments/EXP-0136-m4-unreachable-encodings/work/gen/m4_20260828_run01/d_aniso_ratio64_real16/dump/bo_sigusr1_h0_va1000001a500_cpu106c4a500_sz20000.hex
BODUMP handle=0 gpu_va=0x10000058000 cpu=0x106c88000 size=0x20000 read=0x20000 -> /Users/user/asahi_re/public/agx-re/experiments/EXP-0136-m4-unreachable-encodings/work/gen/m4_20260828_run01/d_aniso_ratio64_real16/dump/bo_sigusr1_h0_va10000058000_cpu106c88000_sz20000.hex
BODUMP handle=0 gpu_va=0x1000001c500 cpu=0x106c4c500 size=0x20000 read=0x20000 -> /Users/user/asahi_re/public/agx-re/experiments/EXP-0136-m4-unreachable-encodings/work/gen/m4_20260828_run01/d_aniso_ratio64_real16/dump/bo_sigusr1_h0_va1000001c500_cpu106c4c500_sz20000.hex
BODUMP handle=0 gpu_va=0x1000001dd00 cpu=0x106c4dd00 size=0x20000 read=0x20000 -> /Users/user/asahi_re/public/agx-re/experiments/EXP-0136-m4-unreachable-encodings/work/gen/m4_20260828_run01/d_aniso_ratio64_real16/dump/bo_sigusr1_h0_va1000001dd00_cpu106c4dd00_sz20000.hex
BODUMP handle=0 gpu_va=0x10000080000 cpu=0x107c9c000 size=0x8000 read=0x8000 -> /Users/user/asahi_re/public/agx-re/experiments/EXP-0136-m4-unreachable-encodings/work/gen/m4_20260828_run01/d_aniso_ratio64_real16/dump/bo_sigusr1_h0_va10000080000_cpu107c9c000_sz8000.hex
BODUMP handle=0 gpu_va=0x10000090000 cpu=0x107ca4000 size=0x8000 read=0x8000 -> /Users/user/asahi_re/public/agx-re/experiments/EXP-0136-m4-unreachable-encodings/work/gen/m4_20260828_run01/d_aniso_ratio64_real16/dump/bo_sigusr1_h0_va10000090000_cpu107ca4000_sz8000.hex
BODUMP handle=0 gpu_va=0x100000a0000 cpu=0x107cac000 size=0x8000 read=0x8000 -> /Users/user/asahi_re/public/agx-re/experiments/EXP-0136-m4-unreachable-encodings/work/gen/m4_20260828_run01/d_aniso_ratio64_real16/dump/bo_sigusr1_h0_va100000a0000_cpu107cac000_sz8000.hex
BODUMP handle=0 gpu_va=0x100000b0000 cpu=0x107cb4000 size=0x8000 read=0x8000 -> /Users/user/asahi_re/public/agx-re/experiments/EXP-0136-m4-unreachable-encodings/work/gen/m4_20260828_run01/d_aniso_ratio64_real16/dump/bo_sigusr1_h0_va100000b0000_cpu107cb4000_sz8000.hex
BODUMP handle=0 gpu_va=0x100000c0000 cpu=0x107cbc000 size=0x8000 read=0x8000 -> /Users/user/asahi_re/public/agx-re/experiments/EXP-0136-m4-unreachable-encodings/work/gen/m4_20260828_run01/d_aniso_ratio64_real16/dump/bo_sigusr1_h0_va100000c0000_cpu107cbc000_sz8000.hex
BODUMP handle=0 gpu_va=0x100000d0000 cpu=0x107cc4000 size=0x8000 read=0x8000 -> /Users/user/asahi_re/public/agx-re/experiments/EXP-0136-m4-unreachable-encodings/work/gen/m4_20260828_run01/d_aniso_ratio64_real16/dump/bo_sigusr1_h0_va100000d0000_cpu107cc4000_sz8000.hex
BODUMP handle=0 gpu_va=0x100000e0000 cpu=0x107ccc000 size=0x9480 read=0x9480 -> /Users/user/asahi_re/public/agx-re/experiments/EXP-0136-m4-unreachable-encodings/work/gen/m4_20260828_run01/d_aniso_ratio64_real16/dump/bo_sigusr1_h0_va100000e0000_cpu107ccc000_sz9480.hex
BODUMP end reason=sigusr1
MAPDUMP reason=sigusr1 seq=45 conn=0 memType=0x00005e15 addr=0x102704000 size=0x4000 read=0x4000 -> /Users/user/asahi_re/public/agx-re/experiments/EXP-0136-m4-unreachable-encodings/work/gen/m4_20260828_run01/d_aniso_ratio64_real16/dump/map_seq000045_conn0_type00005e15_at102704000_sz4000.hex
MAPDUMP reason=sigusr1 seq=45 conn=0 memType=0x00005e15 addr=0x1026f8000 size=0x4000 read=0x4000 -> /Users/user/asahi_re/public/agx-re/experiments/EXP-0136-m4-unreachable-encodings/work/gen/m4_20260828_run01/d_aniso_ratio64_real16/dump/map_seq000045_conn0_type00005e15_at1026f8000_sz4000.hex
BODUMP begin reason=sigusr1 n_bo=27
BODUMP handle=0 gpu_va=0x10000000000 cpu=0x10270c000 size=0x10000 read=0x10000 -> /Users/user/asahi_re/public/agx-re/experiments/EXP-0136-m4-unreachable-encodings/work/gen/m4_20260828_run01/d_aniso_ratio64_real16/dump/bo_sigusr1_h0_va10000000000_cpu10270c000_sz10000.hex
BODUMP handle=0 gpu_va=0x6f00000000 cpu=0x10271c000 size=0x3800 read=0x3800 -> /Users/user/asahi_re/public/agx-re/experiments/EXP-0136-m4-unreachable-encodings/work/gen/m4_20260828_run01/d_aniso_ratio64_real16/dump/bo_sigusr1_h0_va6f00000000_cpu10271c000_sz3800.hex
BODUMP handle=0 gpu_va=0x10000018000 cpu=0x106c48000 size=0x20000 read=0x20000 -> /Users/user/asahi_re/public/agx-re/experiments/EXP-0136-m4-unreachable-encodings/work/gen/m4_20260828_run01/d_aniso_ratio64_real16/dump/bo_sigusr1_h0_va10000018000_cpu106c48000_sz20000.hex
BODUMP handle=0 gpu_va=0x10000018200 cpu=0x106c48200 size=0x20000 read=0x20000 -> /Users/user/asahi_re/public/agx-re/experiments/EXP-0136-m4-unreachable-encodings/work/gen/m4_20260828_run01/d_aniso_ratio64_real16/dump/bo_sigusr1_h0_va10000018200_cpu106c48200_sz20000.hex
BODUMP handle=0 gpu_va=0x10000018400 cpu=0x106c48400 size=0x20000 read=0x20000 -> /Users/user/asahi_re/public/agx-re/experiments/EXP-0136-m4-unreachable-encodings/work/gen/m4_20260828_run01/d_aniso_ratio64_real16/dump/bo_sigusr1_h0_va10000018400_cpu106c48400_sz20000.hex
BODUMP handle=0 gpu_va=0x10000018500 cpu=0x106c48500 size=0x20000 read=0x20000 -> /Users/user/asahi_re/public/agx-re/experiments/EXP-0136-m4-unreachable-encodings/work/gen/m4_20260828_run01/d_aniso_ratio64_real16/dump/bo_sigusr1_h0_va10000018500_cpu106c48500_sz20000.hex
BODUMP handle=0 gpu_va=0x10000018700 cpu=0x106c48700 size=0x20000 read=0x20000 -> /Users/user/asahi_re/public/agx-re/experiments/EXP-0136-m4-unreachable-encodings/work/gen/m4_20260828_run01/d_aniso_ratio64_real16/dump/bo_sigusr1_h0_va10000018700_cpu106c48700_sz20000.hex
BODUMP handle=0 gpu_va=0x10000018800 cpu=0x106c48800 size=0x20000 read=0x20000 -> /Users/user/asahi_re/public/agx-re/experiments/EXP-0136-m4-unreachable-encodings/work/gen/m4_20260828_run01/d_aniso_ratio64_real16/dump/bo_sigusr1_h0_va10000018800_cpu106c48800_sz20000.hex
BODUMP handle=0 gpu_va=0x10000018900 cpu=0x106c48900 size=0x20000 read=0x20000 -> /Users/user/asahi_re/public/agx-re/experiments/EXP-0136-m4-unreachable-encodings/work/gen/m4_20260828_run01/d_aniso_ratio64_real16/dump/bo_sigusr1_h0_va10000018900_cpu106c48900_sz20000.hex
BODUMP handle=0 gpu_va=0x10000019900 cpu=0x106c49900 size=0x20000 read=0x20000 -> /Users/user/asahi_re/public/agx-re/experiments/EXP-0136-m4-unreachable-encodings/work/gen/m4_20260828_run01/d_aniso_ratio64_real16/dump/bo_sigusr1_h0_va10000019900_cpu106c49900_sz20000.hex
BODUMP handle=0 gpu_va=0x10000019a00 cpu=0x106c49a00 size=0x20000 read=0x20000 -> /Users/user/asahi_re/public/agx-re/experiments/EXP-0136-m4-unreachable-encodings/work/gen/m4_20260828_run01/d_aniso_ratio64_real16/dump/bo_sigusr1_h0_va10000019a00_cpu106c49a00_sz20000.hex
BODUMP handle=0 gpu_va=0x10000019b00 cpu=0x106c49b00 size=0x20000 read=0x20000 -> /Users/user/asahi_re/public/agx-re/experiments/EXP-0136-m4-unreachable-encodings/work/gen/m4_20260828_run01/d_aniso_ratio64_real16/dump/bo_sigusr1_h0_va10000019b00_cpu106c49b00_sz20000.hex
BODUMP handle=0 gpu_va=0x10000019c00 cpu=0x106c49c00 size=0x20000 read=0x20000 -> /Users/user/asahi_re/public/agx-re/experiments/EXP-0136-m4-unreachable-encodings/work/gen/m4_20260828_run01/d_aniso_ratio64_real16/dump/bo_sigusr1_h0_va10000019c00_cpu106c49c00_sz20000.hex
BODUMP handle=0 gpu_va=0x1000001a400 cpu=0x106c4a400 size=0x20000 read=0x20000 -> /Users/user/asahi_re/public/agx-re/experiments/EXP-0136-m4-unreachable-encodings/work/gen/m4_20260828_run01/d_aniso_ratio64_real16/dump/bo_sigusr1_h0_va1000001a400_cpu106c4a400_sz20000.hex
BODUMP handle=0 gpu_va=0x10000040000 cpu=0x106c68000 size=0x10000 read=0x10000 -> /Users/user/asahi_re/public/agx-re/experiments/EXP-0136-m4-unreachable-encodings/work/gen/m4_20260828_run01/d_aniso_ratio64_real16/dump/bo_sigusr1_h0_va10000040000_cpu106c68000_sz10000.hex
BODUMP handle=0 gpu_va=0x0 cpu=0x106c78000 size=0x10000 read=0x10000 -> /Users/user/asahi_re/public/agx-re/experiments/EXP-0136-m4-unreachable-encodings/work/gen/m4_20260828_run01/d_aniso_ratio64_real16/dump/bo_sigusr1_h0_va0_cpu106c78000_sz10000.hex
BODUMP handle=0 gpu_va=0x1000001a500 cpu=0x106c4a500 size=0x20000 read=0x20000 -> /Users/user/asahi_re/public/agx-re/experiments/EXP-0136-m4-unreachable-encodings/work/gen/m4_20260828_run01/d_aniso_ratio64_real16/dump/bo_sigusr1_h0_va1000001a500_cpu106c4a500_sz20000.hex
BODUMP handle=0 gpu_va=0x10000058000 cpu=0x106c88000 size=0x20000 read=0x20000 -> /Users/user/asahi_re/public/agx-re/experiments/EXP-0136-m4-unreachable-encodings/work/gen/m4_20260828_run01/d_aniso_ratio64_real16/dump/bo_sigusr1_h0_va10000058000_cpu106c88000_sz20000.hex
BODUMP handle=0 gpu_va=0x1000001c500 cpu=0x106c4c500 size=0x20000 read=0x20000 -> /Users/user/asahi_re/public/agx-re/experiments/EXP-0136-m4-unreachable-encodings/work/gen/m4_20260828_run01/d_aniso_ratio64_real16/dump/bo_sigusr1_h0_va1000001c500_cpu106c4c500_sz20000.hex
BODUMP handle=0 gpu_va=0x1000001dd00 cpu=0x106c4dd00 size=0x20000 read=0x20000 -> /Users/user/asahi_re/public/agx-re/experiments/EXP-0136-m4-unreachable-encodings/work/gen/m4_20260828_run01/d_aniso_ratio64_real16/dump/bo_sigusr1_h0_va1000001dd00_cpu106c4dd00_sz20000.hex
BODUMP handle=0 gpu_va=0x10000080000 cpu=0x107c9c000 size=0x8000 read=0x8000 -> /Users/user/asahi_re/public/agx-re/experiments/EXP-0136-m4-unreachable-encodings/work/gen/m4_20260828_run01/d_aniso_ratio64_real16/dump/bo_sigusr1_h0_va10000080000_cpu107c9c000_sz8000.hex
BODUMP handle=0 gpu_va=0x10000090000 cpu=0x107ca4000 size=0x8000 read=0x8000 -> /Users/user/asahi_re/public/agx-re/experiments/EXP-0136-m4-unreachable-encodings/work/gen/m4_20260828_run01/d_aniso_ratio64_real16/dump/bo_sigusr1_h0_va10000090000_cpu107ca4000_sz8000.hex
BODUMP handle=0 gpu_va=0x100000a0000 cpu=0x107cac000 size=0x8000 read=0x8000 -> /Users/user/asahi_re/public/agx-re/experiments/EXP-0136-m4-unreachable-encodings/work/gen/m4_20260828_run01/d_aniso_ratio64_real16/dump/bo_sigusr1_h0_va100000a0000_cpu107cac000_sz8000.hex
BODUMP handle=0 gpu_va=0x100000b0000 cpu=0x107cb4000 size=0x8000 read=0x8000 -> /Users/user/asahi_re/public/agx-re/experiments/EXP-0136-m4-unreachable-encodings/work/gen/m4_20260828_run01/d_aniso_ratio64_real16/dump/bo_sigusr1_h0_va100000b0000_cpu107cb4000_sz8000.hex
BODUMP handle=0 gpu_va=0x100000c0000 cpu=0x107cbc000 size=0x8000 read=0x8000 -> /Users/user/asahi_re/public/agx-re/experiments/EXP-0136-m4-unreachable-encodings/work/gen/m4_20260828_run01/d_aniso_ratio64_real16/dump/bo_sigusr1_h0_va100000c0000_cpu107cbc000_sz8000.hex
BODUMP handle=0 gpu_va=0x100000d0000 cpu=0x107cc4000 size=0x8000 read=0x8000 -> /Users/user/asahi_re/public/agx-re/experiments/EXP-0136-m4-unreachable-encodings/work/gen/m4_20260828_run01/d_aniso_ratio64_real16/dump/bo_sigusr1_h0_va100000d0000_cpu107cc4000_sz8000.hex
BODUMP handle=0 gpu_va=0x100000e0000 cpu=0x107ccc000 size=0x9480 read=0x9480 -> /Users/user/asahi_re/public/agx-re/experiments/EXP-0136-m4-unreachable-encodings/work/gen/m4_20260828_run01/d_aniso_ratio64_real16/dump/bo_sigusr1_h0_va100000e0000_cpu107ccc000_sz9480.hex
BODUMP end reason=sigusr1
MAPDUMP reason=sigusr1 seq=45 conn=0 memType=0x00005e15 addr=0x102704000 size=0x4000 read=0x4000 -> /Users/user/asahi_re/public/agx-re/experiments/EXP-0136-m4-unreachable-encodings/work/gen/m4_20260828_run01/d_aniso_ratio64_real16/dump/map_seq000045_conn0_type00005e15_at102704000_sz4000.hex
MAPDUMP reason=sigusr1 seq=45 conn=0 memType=0x00005e15 addr=0x1026f8000 size=0x4000 read=0x4000 -> /Users/user/asahi_re/public/agx-re/experiments/EXP-0136-m4-unreachable-encodings/work/gen/m4_20260828_run01/d_aniso_ratio64_real16/dump/map_seq000045_conn0_type00005e15_at1026f8000_sz4000.hex
