# EXP-0132 wtrace known_roles=8 unknown_bo_content=HASH_ONLY pointer_following=0 direct_snapshot_entry=wtrace_snapshot_now max_read_tries=6
SERVICE_OPEN class=IOSurfaceRoot type=0
CALL class=IOSurfaceRoot sel=13 ret=0x0 in_struct=0x0 out_struct=0x28
CALL class=IOSurfaceRoot sel=44 ret=0xe00002f0 in_struct=0x0 out_struct=0x0
SERVICE_OPEN class=AGXAcceleratorG16G type=1048581
CALL class=IOSurfaceRoot sel=32 ret=0x0 in_struct=0x0 out_struct=0x0
CALL class=AGXAcceleratorG16G sel=9 ret=0x0 in_struct=0x68 out_struct=0x58
RESOURCE_MAP class=AGXAcceleratorG16G va=0x10000000000 size=0x10000 handle=0 cpu_present=0 outcpu_present=1 known=0
CALL class=AGXAcceleratorG16G sel=9 ret=0x0 in_struct=0x68 out_struct=0x58
RESOURCE_MAP class=AGXAcceleratorG16G va=0x6f00000000 size=0x3800 handle=0 cpu_present=0 outcpu_present=1 known=0
CALL class=AGXAcceleratorG16G sel=9 ret=0x0 in_struct=0x68 out_struct=0x58
RESOURCE_MAP class=AGXAcceleratorG16G va=0x10000018000 size=0x20000 handle=0 cpu_present=0 outcpu_present=1 known=0
CALL class=AGXAcceleratorG16G sel=9 ret=0x0 in_struct=0x68 out_struct=0x58
RESOURCE_MAP class=AGXAcceleratorG16G va=0x10000018000 size=0x20000 handle=0 cpu_present=1 outcpu_present=0 known=0
CALL class=AGXAcceleratorG16G sel=9 ret=0x0 in_struct=0x68 out_struct=0x58
RESOURCE_MAP class=AGXAcceleratorG16G va=0x10000040000 size=0x10000 handle=0 cpu_present=0 outcpu_present=1 known=0
CALL class=AGXAcceleratorG16G sel=9 ret=0x0 in_struct=0x68 out_struct=0x58
RESOURCE_MAP class=AGXAcceleratorG16G va=0x0 size=0x10000 handle=0 cpu_present=0 outcpu_present=1 known=0
CALL class=AGXAcceleratorG16G sel=9 ret=0x0 in_struct=0x68 out_struct=0x58
RESOURCE_MAP class=AGXAcceleratorG16G va=0x10000018200 size=0x20000 handle=0 cpu_present=1 outcpu_present=0 known=1
CALL class=AGXAcceleratorG16G sel=9 ret=0x0 in_struct=0x68 out_struct=0x58
RESOURCE_MAP class=AGXAcceleratorG16G va=0x1000001a200 size=0x20000 handle=0 cpu_present=1 outcpu_present=0 known=0
CALL class=AGXAcceleratorG16G sel=9 ret=0x0 in_struct=0x68 out_struct=0x58
RESOURCE_MAP class=AGXAcceleratorG16G va=0x1000001a400 size=0x20000 handle=0 cpu_present=1 outcpu_present=0 known=0
CALL class=AGXAcceleratorG16G sel=9 ret=0x0 in_struct=0x68 out_struct=0x58
RESOURCE_MAP class=AGXAcceleratorG16G va=0x1000001a600 size=0x20000 handle=0 cpu_present=1 outcpu_present=0 known=0
CALL class=AGXAcceleratorG16G sel=7 ret=0x0 in_struct=0x410 out_struct=0x10
CALL class=AGXAcceleratorG16G sel=16 ret=0x0 in_struct=0x0 out_struct=0x10
CALL class=AGXAcceleratorG16G sel=28 ret=0x0 in_struct=0x0 out_struct=0x0
CALL class=AGXAcceleratorG16G sel=9 ret=0x0 in_struct=0x68 out_struct=0x58
RESOURCE_MAP class=AGXAcceleratorG16G va=0x1000001a700 size=0x20000 handle=0 cpu_present=1 outcpu_present=0 known=0
CALL class=AGXAcceleratorG16G sel=9 ret=0x0 in_struct=0x68 out_struct=0x58
RESOURCE_MAP class=AGXAcceleratorG16G va=0x1000001a800 size=0x20000 handle=0 cpu_present=1 outcpu_present=0 known=0
CALL class=AGXAcceleratorG16G sel=9 ret=0x0 in_struct=0x68 out_struct=0x58
RESOURCE_MAP class=AGXAcceleratorG16G va=0x1000001a900 size=0x20000 handle=0 cpu_present=1 outcpu_present=0 known=0
CALL class=AGXAcceleratorG16G sel=9 ret=0x0 in_struct=0x68 out_struct=0x58
RESOURCE_MAP class=AGXAcceleratorG16G va=0x1000001b900 size=0x20000 handle=0 cpu_present=1 outcpu_present=0 known=0
CALL class=AGXAcceleratorG16G sel=9 ret=0x0 in_struct=0x68 out_struct=0x58
RESOURCE_MAP class=AGXAcceleratorG16G va=0x1000001ba00 size=0x20000 handle=0 cpu_present=1 outcpu_present=0 known=0
CALL class=AGXAcceleratorG16G sel=9 ret=0x0 in_struct=0x68 out_struct=0x58
RESOURCE_MAP class=AGXAcceleratorG16G va=0x1000001bb00 size=0x20000 handle=0 cpu_present=1 outcpu_present=0 known=0
CALL class=AGXAcceleratorG16G sel=9 ret=0x0 in_struct=0x68 out_struct=0x58
RESOURCE_MAP class=AGXAcceleratorG16G va=0x1000001bc00 size=0x20000 handle=0 cpu_present=1 outcpu_present=0 known=0
CALL class=AGXAcceleratorG16G sel=9 ret=0x0 in_struct=0x68 out_struct=0x58
RESOURCE_MAP class=AGXAcceleratorG16G va=0x1000001c400 size=0x20000 handle=0 cpu_present=1 outcpu_present=0 known=0
CALL class=AGXAcceleratorG16G sel=9 ret=0x0 in_struct=0x68 out_struct=0x58
RESOURCE_MAP class=AGXAcceleratorG16G va=0x1000001c500 size=0x20000 handle=0 cpu_present=1 outcpu_present=0 known=0
CALL class=AGXAcceleratorG16G sel=9 ret=0x0 in_struct=0x68 out_struct=0x58
RESOURCE_MAP class=AGXAcceleratorG16G va=0x10000058000 size=0x20000 handle=0 cpu_present=0 outcpu_present=1 known=0
CALL class=AGXAcceleratorG16G sel=9 ret=0x0 in_struct=0x68 out_struct=0x58
RESOURCE_MAP class=AGXAcceleratorG16G va=0x10000058000 size=0x20000 handle=0 cpu_present=1 outcpu_present=0 known=0
CALL class=AGXAcceleratorG16G sel=14 ret=0x0 in_struct=0x0 out_struct=0x10
CALL class=AGXAcceleratorG16G sel=14 ret=0x0 in_struct=0x0 out_struct=0x10
CALL class=AGXAcceleratorG16G sel=9 ret=0x0 in_struct=0x68 out_struct=0x58
RESOURCE_MAP class=AGXAcceleratorG16G va=0x10000080000 size=0x74000 handle=0 cpu_present=0 outcpu_present=1 known=0
CALL class=AGXAcceleratorG16G sel=9 ret=0x0 in_struct=0x68 out_struct=0x58
RESOURCE_MAP class=AGXAcceleratorG16G va=0x18000 size=0x8000 handle=0 cpu_present=0 outcpu_present=1 known=1
CALL class=AGXAcceleratorG16G sel=9 ret=0x0 in_struct=0x68 out_struct=0x58
RESOURCE_MAP class=AGXAcceleratorG16G va=0x28000 size=0x8000 handle=0 cpu_present=0 outcpu_present=1 known=0
CALL class=AGXAcceleratorG16G sel=9 ret=0x0 in_struct=0x68 out_struct=0x58
RESOURCE_MAP class=AGXAcceleratorG16G va=0x38000 size=0x8000 handle=0 cpu_present=0 outcpu_present=1 known=0
CALL class=AGXAcceleratorG16G sel=9 ret=0x0 in_struct=0x68 out_struct=0x58
RESOURCE_MAP class=AGXAcceleratorG16G va=0x100000f8000 size=0x8000 handle=0 cpu_present=0 outcpu_present=1 known=0
CALL class=AGXAcceleratorG16G sel=9 ret=0x0 in_struct=0x68 out_struct=0x58
RESOURCE_MAP class=AGXAcceleratorG16G va=0x10000108000 size=0x8000 handle=0 cpu_present=0 outcpu_present=1 known=0
CALL class=AGXAcceleratorG16G sel=9 ret=0x0 in_struct=0x68 out_struct=0x58
RESOURCE_MAP class=AGXAcceleratorG16G va=0x10000118000 size=0x8000 handle=0 cpu_present=0 outcpu_present=1 known=0
CALL class=AGXAcceleratorG16G sel=9 ret=0x0 in_struct=0x68 out_struct=0x58
RESOURCE_MAP class=AGXAcceleratorG16G va=0x10000128000 size=0x8000 handle=0 cpu_present=0 outcpu_present=1 known=1
CALL class=AGXAcceleratorG16G sel=9 ret=0x0 in_struct=0x68 out_struct=0x58
RESOURCE_MAP class=AGXAcceleratorG16G va=0x10000138000 size=0x100000 handle=0 cpu_present=0 outcpu_present=1 known=0
CALL class=AGXAcceleratorG16G sel=9 ret=0x0 in_struct=0x68 out_struct=0x58
RESOURCE_MAP class=AGXAcceleratorG16G va=0x48000 size=0x8000 handle=0 cpu_present=0 outcpu_present=1 known=0
CALL class=AGXAcceleratorG16G sel=9 ret=0x0 in_struct=0x68 out_struct=0x58
RESOURCE_MAP class=AGXAcceleratorG16G va=0x10000240000 size=0x8000 handle=0 cpu_present=0 outcpu_present=1 known=0
CALL class=AGXAcceleratorG16G sel=9 ret=0x0 in_struct=0x68 out_struct=0x58
RESOURCE_MAP class=AGXAcceleratorG16G va=0x10000250000 size=0x8000 handle=0 cpu_present=0 outcpu_present=1 known=0
CALL class=AGXAcceleratorG16G sel=9 ret=0x0 in_struct=0x68 out_struct=0x58
RESOURCE_MAP class=AGXAcceleratorG16G va=0x10000260000 size=0x8000 handle=0 cpu_present=0 outcpu_present=1 known=0
CALL class=AGXAcceleratorG16G sel=9 ret=0x0 in_struct=0x68 out_struct=0x58
RESOURCE_MAP class=AGXAcceleratorG16G va=0x10000270000 size=0x8000 handle=0 cpu_present=0 outcpu_present=1 known=0
CALL class=AGXAcceleratorG16G sel=9 ret=0x0 in_struct=0x68 out_struct=0x58
RESOURCE_MAP class=AGXAcceleratorG16G va=0x10000280000 size=0x8000 handle=0 cpu_present=0 outcpu_present=1 known=0
CALL class=AGXAcceleratorG16G sel=9 ret=0x0 in_struct=0x68 out_struct=0x58
RESOURCE_MAP class=AGXAcceleratorG16G va=0x58000 size=0x8000 handle=0 cpu_present=0 outcpu_present=1 known=1
CALL class=AGXAcceleratorG16G sel=9 ret=0x0 in_struct=0x68 out_struct=0x58
RESOURCE_MAP class=AGXAcceleratorG16G va=0x68000 size=0x88e0 handle=0 cpu_present=0 outcpu_present=1 known=1
CALL class=AGXAcceleratorG16G sel=9 ret=0x0 in_struct=0x68 out_struct=0x58
RESOURCE_MAP class=AGXAcceleratorG16G va=0x10000290000 size=0xc0000 handle=0 cpu_present=0 outcpu_present=1 known=0
SNAPSHOT va=0x0 size=0x10000 role=unnamed-descriptor-candidate captured=0 cap=0x8000 got=0x8000 tries=1 sha256=509b068ecd4c21a737ef7f976344651fc1ec3139ff4356a2b3b1b37b9e870d2d
SNAPSHOT va=0x18000 size=0x8000 role=vdm-command-state captured=1 cap=0x8000 got=0x8000 tries=1 sha256=342eb5c0a4c91f2b5f3d2f9ec26eee0167c2edd49affef23c2974c4f84a8baad
SNAPSHOT va=0x28000 size=0x8000 role=unnamed-descriptor-candidate captured=0 cap=0x8000 got=0x8000 tries=1 sha256=c35020473aed1b4642cd726cad727b63fff2824ad68cedd7ffb73c7cbd890479
SNAPSHOT va=0x38000 size=0x8000 role=unnamed-descriptor-candidate captured=0 cap=0x8000 got=0x8000 tries=1 sha256=c35020473aed1b4642cd726cad727b63fff2824ad68cedd7ffb73c7cbd890479
SNAPSHOT va=0x48000 size=0x8000 role=unnamed-descriptor-candidate captured=0 cap=0x8000 got=0x8000 tries=1 sha256=76e983b8f2356ce8cbb86c8ed435cae84f3e6d93d075011e1f6d8e78ef6450e0
SNAPSHOT va=0x58000 size=0x8000 role=fixed-function-render-state captured=1 cap=0x8000 got=0x8000 tries=1 sha256=2bd7a41b87077a68dfbab50c242d27aea06ea5fdfcfc2526c90b9085177a0646
SNAPSHOT va=0x68000 size=0x88e0 role=tiling-state captured=1 cap=0x88e0 got=0x88e0 tries=1 sha256=fa098bf26875d39b04d11860b717b095719ddc4082e9237ce4a8880e9b490891
SNAPSHOT va=0x6f00000000 size=0x3800 role=unnamed-descriptor-candidate captured=0 cap=0x3800 got=0x3800 tries=1 sha256=90b446c6472fde83a94e15bcef5e4b2ea20522db2c242448f6a825bb2a3f42b1
SNAPSHOT va=0x10000000000 size=0x10000 role=unnamed-descriptor-candidate captured=0 cap=0x8000 got=0x8000 tries=1 sha256=a08dffe1a7b091abc685895d8aaaf149d33d17cf84f43f09d3690c9bc9721ffc
SNAPSHOT va=0x10000018000 size=0x20000 role=unnamed-descriptor-candidate captured=0 cap=0x8000 got=0x8000 tries=1 sha256=1b0739c21690ed747400e3c03aba1c42c10108c92f34e730530f8c7421bbc870
SNAPSHOT va=0x10000018200 size=0x20000 role=mrt-attachment-descriptors captured=1 cap=0x20000 got=0x20000 tries=1 sha256=f85c67751937a79dbdd8fbce094dbf8020d9d1be8086fef9893b6bbc77771bf4
SNAPSHOT va=0x1000001a200 size=0x20000 role=unnamed-descriptor-candidate captured=0 cap=0x8000 got=0x8000 tries=1 sha256=02dacd69264d3f2219086acd65294baa6cd93918d2f6110f34e20b9c86891bce
SNAPSHOT va=0x1000001a400 size=0x20000 role=unnamed-descriptor-candidate captured=0 cap=0x8000 got=0x8000 tries=1 sha256=050c1bb99d25c0fc31d3294602bf48b794e5bf0ec8798a5ef2f1a6c1c213d25f
SNAPSHOT va=0x1000001a600 size=0x20000 role=unnamed-descriptor-candidate captured=0 cap=0x8000 got=0x8000 tries=1 sha256=309a48a41097d00834e564578e3e627c49d25d2b95a83422f253fadabb23567f
SNAPSHOT va=0x1000001a700 size=0x20000 role=unnamed-descriptor-candidate captured=0 cap=0x8000 got=0x8000 tries=1 sha256=c2e0c7212d0e34513cac1f7024792c468eaa452bb54747a6f2e3eb6fed081d4c
SNAPSHOT va=0x1000001a800 size=0x20000 role=unnamed-descriptor-candidate captured=0 cap=0x8000 got=0x8000 tries=1 sha256=351ea4211a81ab262f868c499be3f5a04b3592283b3420a042c214a6fc087cc7
SNAPSHOT va=0x1000001a900 size=0x20000 role=unnamed-descriptor-candidate captured=0 cap=0x8000 got=0x8000 tries=1 sha256=84634f0267c6deea6bcbdc8f308561dc9863d6f9db0c8f721427ddd280b6eb95
SNAPSHOT va=0x1000001b900 size=0x20000 role=unnamed-descriptor-candidate captured=0 cap=0x8000 got=0x8000 tries=1 sha256=06762a33500341aca9205de75854c47ebff6a280966c812cf16a02585a86e333
SNAPSHOT va=0x1000001ba00 size=0x20000 role=unnamed-descriptor-candidate captured=0 cap=0x8000 got=0x8000 tries=1 sha256=05c981362eca95e0e63310ed851d3d34209307a8e11fb53bd9abf22d98eccb9e
SNAPSHOT va=0x1000001bb00 size=0x20000 role=unnamed-descriptor-candidate captured=0 cap=0x8000 got=0x8000 tries=1 sha256=371c09c6f42dad42433a267f2e411b95cef3edf0de6d739f6b6c800786d61b4a
SNAPSHOT va=0x1000001bc00 size=0x20000 role=unnamed-descriptor-candidate captured=0 cap=0x8000 got=0x8000 tries=1 sha256=8b93c996992fefe717332fa455a20f1e7b3f9c68b3baffcfed12b002e7087607
SNAPSHOT va=0x1000001c400 size=0x20000 role=unnamed-descriptor-candidate captured=0 cap=0x8000 got=0x8000 tries=1 sha256=9e9e7fcc160a256b8da7c747205290b679282834fb74101d12bc187be0699e5d
SNAPSHOT va=0x1000001c500 size=0x20000 role=unnamed-descriptor-candidate captured=0 cap=0x8000 got=0x8000 tries=1 sha256=571489fddb685d7d116bc10a908ac2f33251ba4e7c681352b807797088445cbe
SNAPSHOT va=0x10000040000 size=0x10000 role=unnamed-descriptor-candidate captured=1 cap=0x10000 got=0x10000 tries=1 sha256=5314e7cc29982aec4b627dad9781e70e5f6eca176c735d28280405511a3613e3
SNAPSHOT va=0x10000058000 size=0x20000 role=unnamed-descriptor-candidate captured=1 cap=0x20000 got=0x20000 tries=1 sha256=fa43239bcee7b97ca62f007cc68487560a39e19f74f3dde7486db3f98df8e471
SNAPSHOT va=0x10000080000 size=0x74000 role=unnamed-descriptor-candidate captured=0 cap=0x8000 got=0x8000 tries=1 sha256=f1bf8fab9ae19e358c4f82f2a5604c64bd996c3bd2fb5706119a3a17b4e31dc8
SNAPSHOT va=0x100000f8000 size=0x8000 role=unnamed-descriptor-candidate captured=1 cap=0x8000 got=0x8000 tries=1 sha256=0275c46f89ae646454bb03196302b13b1c5f988690138cb4079ca4dbff484104
SNAPSHOT va=0x10000108000 size=0x8000 role=unnamed-descriptor-candidate captured=1 cap=0x8000 got=0x8000 tries=1 sha256=26416641fc969f921d40dcc4867bc95616a051d2f77974118a0cfe5421a39095
SNAPSHOT va=0x10000118000 size=0x8000 role=unnamed-descriptor-candidate captured=1 cap=0x8000 got=0x8000 tries=1 sha256=d7242d3ccdafd760232edfde67dfdefed9881f67a6ea937c30e431113f7136f7
SNAPSHOT va=0x10000128000 size=0x8000 role=clear-color-arena captured=1 cap=0x8000 got=0x8000 tries=1 sha256=4879bbfd84282db331cf9078e67235c162512013d5a23bf7a8188910ba000da7
SNAPSHOT va=0x10000138000 size=0x100000 role=unnamed-descriptor-candidate captured=0 cap=0x8000 got=0x8000 tries=1 sha256=4b34af25711f378b25134071bcc8b642c441051e61024cac40b9bbd603d77eba
SNAPSHOT va=0x10000240000 size=0x8000 role=unnamed-descriptor-candidate captured=1 cap=0x8000 got=0x8000 tries=1 sha256=6e73a999e97199317e58a5b7f716c9f2abc8a4a271e3eab4e3101d1f79901a19
SNAPSHOT va=0x10000250000 size=0x8000 role=unnamed-descriptor-candidate captured=1 cap=0x8000 got=0x8000 tries=1 sha256=c35020473aed1b4642cd726cad727b63fff2824ad68cedd7ffb73c7cbd890479
SNAPSHOT va=0x10000260000 size=0x8000 role=unnamed-descriptor-candidate captured=1 cap=0x8000 got=0x8000 tries=1 sha256=c35020473aed1b4642cd726cad727b63fff2824ad68cedd7ffb73c7cbd890479
SNAPSHOT va=0x10000270000 size=0x8000 role=unnamed-descriptor-candidate captured=1 cap=0x8000 got=0x8000 tries=1 sha256=c35020473aed1b4642cd726cad727b63fff2824ad68cedd7ffb73c7cbd890479
SNAPSHOT va=0x10000280000 size=0x8000 role=unnamed-descriptor-candidate captured=1 cap=0x8000 got=0x8000 tries=1 sha256=c35020473aed1b4642cd726cad727b63fff2824ad68cedd7ffb73c7cbd890479
SNAPSHOT va=0x10000290000 size=0xc0000 role=unnamed-descriptor-candidate captured=0 cap=0x8000 got=0x8000 tries=1 sha256=c35020473aed1b4642cd726cad727b63fff2824ad68cedd7ffb73c7cbd890479
CALL class=AGXAcceleratorG16G sel=17 ret=0x0 in_struct=0x0 out_struct=0x0
CALL class=AGXAcceleratorG16G sel=8 ret=0x0 in_struct=0x0 out_struct=0x0
