# iotrace init pid=68271 dump_dir=iotrace_maps max_struct=65536 max_map=1048576 dump_atexit=0 n_dump_sel=0 only_conn=0x0
OPEN class=IOSurfaceRoot type=0 -> conn=c03 ret=0x0
CALL seq=1 fn=Method conn=c03 class=IOSurfaceRoot sel=13(0xd) inScalarCnt=0 inStructCnt=0
RET  seq=1 conn=c03 sel=13(0xd) ret=0x0 outStructCnt=40
  OUT.struct len=40
  OUT 000000: ff3f 0000 7f00 0000 0080 0000 0000 0000 
  OUT 000010: 0040 0000 0000 0000 0040 0000 0000 0000 
  OUT 000020: 0000 0100 0000 0000                     
MEMENTRY size=0x40000 offset=0x105660000 perm=0x400001 parent=0x0 -> handle=0x1a03 ret=0x0
CALL seq=2 fn=Method conn=c03 class=IOSurfaceRoot sel=44(0x2c) inScalarCnt=1 inStructCnt=0 inScalars=[0x6d4]
RET  seq=2 conn=c03 sel=44(0x2c) ret=0xe00002f0 outStructCnt=0
OPEN class=AGXAcceleratorG16G type=1048581 -> conn=2f03 ret=0x0
CALL seq=3 fn=Struct conn=2f03 class=AGXAcceleratorG16G sel=2(0x2) inScalarCnt=0 inStructCnt=0
RET  seq=3 conn=2f03 sel=2(0x2) ret=0x0 outStructCnt=536
  OUT.struct len=536
  OUT 000000: 0000 f700 0100 0000 0800 0000 0800 0000 
  OUT 000010: 0000 0000 8000 0000 0000 0000 0400 0000 
  OUT 000020: 0800 0000 0c00 0000 1000 0000 1400 0000 
  OUT 000030: 1800 0000 1c00 0000 2000 0000 2400 0000 
  OUT 000040: 2800 0000 2c00 0000 3000 0000 3400 0000 
  OUT 000050: 3800 0000 3c00 0000 4000 0000 4400 0000 
  OUT 000060: 4800 0000 4c00 0000 5000 0000 5400 0000 
  OUT 000070: 5800 0000 5c00 0000 6000 0000 6400 0000 
  OUT 000080: 6800 0000 6c00 0000 7000 0000 7400 0000 
  OUT 000090: 7800 0000 7c00 0000 8000 0000 8400 0000 
  OUT 0000a0: 8800 0000 8c00 0000 9000 0000 9400 0000 
  OUT 0000b0: 9800 0000 9c00 0000 a000 0000 a400 0000 
  OUT 0000c0: a800 0000 ac00 0000 b000 0000 b400 0000 
  OUT 0000d0: b800 0000 bc00 0000 c000 0000 c400 0000 
  OUT 0000e0: c800 0000 cc00 0000 d000 0000 d400 0000 
  OUT 0000f0: d800 0000 dc00 0000 e000 0000 e400 0000 
  OUT 000100: e800 0000 ec00 0000 f000 0000 f400 0000 
  OUT 000110: f800 0000 fc00 0000 0001 0000 0401 0000 
  OUT 000120: 0801 0000 0c01 0000 1001 0000 1401 0000 
  OUT 000130: 1801 0000 1c01 0000 2001 0000 2401 0000 
  OUT 000140: 2801 0000 2c01 0000 3001 0000 3401 0000 
  OUT 000150: 3801 0000 3c01 0000 4001 0000 4401 0000 
  OUT 000160: 4801 0000 4c01 0000 5001 0000 5401 0000 
  OUT 000170: 5801 0000 5c01 0000 6001 0000 6401 0000 
  OUT 000180: 6801 0000 6c01 0000 7001 0000 7401 0000 
  OUT 000190: 7801 0000 7c01 0000 8001 0000 8401 0000 
  OUT 0001a0: 8801 0000 8c01 0000 9001 0000 9401 0000 
  OUT 0001b0: 9801 0000 9c01 0000 a001 0000 a401 0000 
  OUT 0001c0: a801 0000 ac01 0000 b001 0000 b401 0000 
  OUT 0001d0: b801 0000 bc01 0000 c001 0000 c401 0000 
  OUT 0001e0: c801 0000 cc01 0000 d001 0000 d401 0000 
  OUT 0001f0: d801 0000 dc01 0000 e001 0000 e401 0000 
  OUT 000200: e801 0000 ec01 0000 f001 0000 f401 0000 
  OUT 000210: f801 0000 fc01 0000                     
CALL seq=4 fn=Struct conn=2f03 class=AGXAcceleratorG16G sel=0(0x0) inScalarCnt=0 inStructCnt=0
RET  seq=4 conn=2f03 sel=0(0x0) ret=0x0 outStructCnt=64
  OUT.struct len=64
  OUT 000000: 4043 0000 0000 0000 0000 0000 0000 0000 
  OUT 000010: 0000 0000 0000 0000 0200 0000 0000 0000 
  OUT 000020: 00c0 c2f5 0200 0000 0000 5238 0200 0000 
  OUT 000030: 0000 0000 0000 0000 0000 0000 0000 0000 
CALL seq=5 fn=Struct conn=2f03 class=AGXAcceleratorG16G sel=5(0x5) inScalarCnt=0 inStructCnt=0
RET  seq=5 conn=2f03 sel=5(0x5) ret=0x0 outStructCnt=32
  OUT.struct len=32
  OUT 000000: ce0f 50de 2000 0000 0040 f800 0100 0000 
  OUT 000010: 0080 f700 0100 0000 0040 0000 0000 0000 
CALL seq=6 fn=Method conn=c03 class=IOSurfaceRoot sel=32(0x20) inScalarCnt=0 inStructCnt=0
RET  seq=6 conn=c03 sel=32(0x20) ret=0x0 outScalars=[0x100d08000]
CALL seq=7 fn=Struct conn=2f03 class=AGXAcceleratorG16G sel=258(0x102) inScalarCnt=0 inStructCnt=0
RET  seq=7 conn=2f03 sel=258(0x102) ret=0x0 outStructCnt=456
  OUT.struct len=456
  OUT 000000: 0000 0000 0000 0000 0000 0000 0000 0000 
  OUT 000010: 0000 0000 0000 0000 0000 0000 0000 0000 
  OUT 000020: 0000 0000 0000 0000 0000 0000 0000 0000 
  OUT 000030: 0000 0000 0000 0000 0000 0000 0000 0000 
  OUT 000040: 0000 0000 0000 0000 0000 0000 0000 0000 
  OUT 000050: 0000 0000 0000 0000 0000 0000 0000 0000 
  OUT 000060: 0000 0000 0000 0000 0000 0000 0000 0000 
  OUT 000070: 0000 0000 0000 0000 0000 0000 0000 0000 
  OUT 000080: 0000 0000 0000 0000 0000 0000 0000 0000 
  OUT 000090: 0000 0000 0000 0000 0000 0000 0000 0000 
  OUT 0000a0: 0000 0000 0000 0000 0000 0000 0000 0000 
  OUT 0000b0: 0000 0000 0000 0000 0000 0000 0000 0000 
  OUT 0000c0: 0000 0000 0000 0000 4a75 6c20 3331 2032 
  OUT 0000d0: 3032 3620 3232 3a34 333a 3233 0000 0000 
  OUT 0000e0: 0000 0000 0000 0000 7265 6c65 6173 6520 
  OUT 0000f0: 6665 6e64 6572 5f73 6372 6174 6368 5f72 
  OUT 000100: 616d 5f72 6574 656e 7469 6f6e 0000 0000 
  OUT 000110: 0000 0000 0000 0000 0000 0000 0000 0000 
  OUT 000120: 0000 0000 0000 0000 0000 0000 0000 0000 
  OUT 000130: 0000 0000 0000 0000 0000 0000 0000 0000 
  OUT 000140: 0000 0000 0000 0000 0000 0000 0000 0000 
  OUT 000150: 0000 0000 0000 0000 0000 0000 0000 0000 
  OUT 000160: 0000 0000 0000 0000 0000 0000 0000 0000 
  OUT 000170: 0000 0000 0000 0000 0000 0000 0000 0000 
  OUT 000180: 0000 0000 0000 0000 0000 0000 0000 0000 
  OUT 000190: 0000 0000 0000 0000 0000 0000 0000 0000 
  OUT 0001a0: 0000 0000 0000 0000 4a37 3733 6741 5000 
  OUT 0001b0: 0000 0000 0000 0000 0000 0000 0000 0000 
  OUT 0001c0: 0000 0000 0000 0000                     
CALL seq=8 fn=Struct conn=2f03 class=AGXAcceleratorG16G sel=256(0x100) inScalarCnt=0 inStructCnt=0
RET  seq=8 conn=2f03 sel=256(0x100) ret=0x0 outStructCnt=152
  OUT.struct len=152
  OUT 000000: 0000 0000 0000 0000 0000 0000 0000 0000 
  OUT 000010: ff03 0000 0000 0000 0000 0000 0000 0000 
  OUT 000020: 1b00 0000 0400 0000 0000 0000 0000 0000 
  OUT 000030: 0a00 0000 0400 0000 0400 0000 0400 0000 
  OUT 000040: 0000 0000 0a00 0000 0200 0000 0300 0000 
  OUT 000050: 0300 0000 0200 0000 0300 0000 0300 0000 
  OUT 000060: 1000 0000 0100 0000 0100 0000 0100 0000 
  OUT 000070: 0100 0000 0a00 0000 0a00 0000 0000 0000 
  OUT 000080: 0000 0000 0001 0100 0000 0000 0000 0300 
  OUT 000090: 0000 0000 0000 0000                     
CALL seq=9 fn=Method conn=2f03 class=AGXAcceleratorG16G sel=9(0x9) inScalarCnt=0 inStructCnt=104
  IN.struct len=104
  IN 000000: 0000 0000 0000 0000 0100 0100 0100 0000 
  IN 000010: 0101 0001 3004 0000 0000 0000 0000 0000 
  IN 000020: 0000 0000 0000 0000 0000 0000 0000 0000 
  IN 000030: 0000 0000 0000 0000 0000 0000 0000 0000 
  IN 000040: 0000 0000 0000 0000 0000 0100 0000 0000 
  IN 000050: 0000 0000 0000 0000 0000 0008 1800 0000 
  IN 000060: 0000 0000 0000 0000                     
RET  seq=9 conn=2f03 sel=9(0x9) ret=0x0 outStructCnt=88
  OUT.struct len=88
  OUT 000000: 0000 0000 0001 0000 0000 7205 0100 0000 
  OUT 000010: c080 f700 0100 0000 0000 0000 0000 0000 
  OUT 000020: 0000 0000 0100 0000 0000 0100 0000 0000 
  OUT 000030: cf0f 50de 2000 0000 7a39 0c00 0000 0000 
  OUT 000040: 0000 0000 0000 0000 0000 0000 0000 0000 
  OUT 000050: 0000 0100 0000 0000                     
CALL seq=10 fn=Struct conn=2f03 class=AGXAcceleratorG16G sel=261(0x105) inScalarCnt=0 inStructCnt=72
  IN.struct len=72
  IN 000000: 0b00 0000 0000 0000 0000 0000 0000 0000 
  IN 000010: 0000 0000 0000 0000 0000 0000 0000 0000 
  IN 000020: 0000 0000 0000 0000 0000 0000 0000 0000 
  IN 000030: 0000 0000 0000 0000 0000 0000 0000 0000 
  IN 000040: 0000 0000 0000 0000                     
RET  seq=10 conn=2f03 sel=261(0x105) ret=0x0 outStructCnt=72
  OUT.struct len=72
  OUT 000000: 0b00 0000 0000 0000 0000 0000 0000 0000 
  OUT 000010: 0000 0000 0000 0000 0000 0000 0000 0000 
  OUT 000020: 0000 0000 0000 0000 0000 0000 0000 0000 
  OUT 000030: 0200 0000 0000 0000 0000 0000 0000 0000 
  OUT 000040: 0000 0000 0000 0000                     
CALL seq=11 fn=Method conn=2f03 class=AGXAcceleratorG16G sel=9(0x9) inScalarCnt=0 inStructCnt=104
  IN.struct len=104
  IN 000000: 0000 0000 0000 0000 0100 0100 0100 0000 
  IN 000010: 0101 0001 7004 0000 0000 0000 0000 0000 
  IN 000020: 0000 0000 0000 0000 0000 0000 0000 0000 
  IN 000030: 0100 0000 0000 0000 0000 0000 0000 0000 
  IN 000040: 0000 0000 0000 0000 0038 0000 0000 0000 
  IN 000050: 0000 0000 0000 0000 0000 0058 1800 0000 
  IN 000060: 0000 0000 0000 0000                     
RET  seq=11 conn=2f03 sel=9(0x9) ret=0x0 outStructCnt=88
  OUT.struct len=88
  OUT 000000: 0000 0000 6f00 0000 00c0 f800 0100 0000 
  OUT 000010: 8081 f700 0100 0000 0000 0000 0000 0000 
  OUT 000020: 0000 0000 0200 0000 0040 0000 0000 0000 
  OUT 000030: d00f 50de 2000 0000 7b39 0c00 0000 0000 
  OUT 000040: 0000 0000 0000 0000 0000 0000 0000 0000 
  OUT 000050: 0040 0000 0000 0000                     
CALL seq=12 fn=Method conn=2f03 class=AGXAcceleratorG16G sel=9(0x9) inScalarCnt=0 inStructCnt=104
  IN.struct len=104
  IN 000000: 0000 0000 0000 0000 0100 0100 0100 0000 
  IN 000010: 0101 0001 3004 0000 0000 0000 0000 0000 
  IN 000020: 0000 0000 0000 0000 0000 0000 0000 0000 
  IN 000030: 0000 0000 0000 0000 0000 0000 0000 0000 
  IN 000040: 0000 0000 0000 0000 0000 0100 0000 0000 
  IN 000050: 0000 0000 0000 0000 0000 0008 1800 0000 
  IN 000060: 0000 0000 0000 0000                     
RET  seq=12 conn=2f03 sel=9(0x9) ret=0x0 outStructCnt=88
  OUT.struct len=88
  OUT 000000: 0080 0100 0001 0000 0080 2306 0100 0000 
  OUT 000010: 4082 f700 0100 0000 0000 0000 0000 0000 
  OUT 000020: 0000 0000 0300 0000 0000 0100 0000 0000 
  OUT 000030: df0f 50de 2000 0000 7c39 0c00 0000 0000 
  OUT 000040: 0000 0000 0000 0000 0000 0000 0000 0000 
  OUT 000050: 0000 0100 0000 0000                     
CALL seq=13 fn=Method conn=2f03 class=AGXAcceleratorG16G sel=9(0x9) inScalarCnt=0 inStructCnt=104
  IN.struct len=104
  IN 000000: 0000 0000 0000 0000 0100 0100 0100 0000 
  IN 000010: 0101 0001 7004 0000 0000 0000 0000 0000 
  IN 000020: 0000 0000 0000 0000 0000 0000 0000 0000 
  IN 000030: 0100 0000 0000 0000 0000 0000 0000 0000 
  IN 000040: 0000 0000 0000 0000 0000 0200 0000 0000 
  IN 000050: 0000 0000 0000 0000 0000 0000 0000 0000 
  IN 000060: 8809 7c07 0100 0000                     
RET  seq=13 conn=2f03 sel=9(0x9) ret=0x0 outStructCnt=88
  OUT.struct len=88
  OUT 000000: 0000 0300 0001 0000 0080 2406 0100 0000 
  OUT 000010: 0083 f700 0100 0000 0000 0000 0000 0000 
  OUT 000020: 0000 0000 0400 0000 0000 0200 0000 0000 
  OUT 000030: e00f 50de 2000 0000 7d39 0c00 0000 0000 
  OUT 000040: 0000 0000 0000 0000 0000 0000 0000 0000 
  OUT 000050: 0000 0200 0000 0000                     
CALL seq=14 fn=Method conn=2f03 class=AGXAcceleratorG16G sel=9(0x9) inScalarCnt=0 inStructCnt=104
  IN.struct len=104
  IN 000000: 8000 0000 0000 0000 0100 0100 0100 0000 
  IN 000010: 0101 0001 300c 0000 0000 0000 0000 0000 
  IN 000020: 0000 0000 0000 0000 0000 0000 0000 0000 
  IN 000030: 0000 0000 0000 0000 0080 2406 0100 0000 
  IN 000040: 0080 2406 0100 0000 0000 0200 0000 0000 
  IN 000050: 0400 0000 0000 0000 0000 0000 0000 0000 
  IN 000060: 8809 7c07 0100 0000                     
RET  seq=14 conn=2f03 sel=9(0x9) ret=0x0 outStructCnt=88
  OUT.struct len=88
  OUT 000000: 0000 0300 0001 0000 0000 0000 0000 0000 
  OUT 000010: c083 f700 0100 0000 0000 0000 0000 0000 
  OUT 000020: 0000 0000 0500 0000 0000 0200 0000 0000 
  OUT 000030: e10f 50de 2000 0000 7d39 0c00 0000 0000 
  OUT 000040: 0000 0000 0000 0000 0000 0000 0000 0000 
  OUT 000050: 0000 0200 0000 0000                     
CALL seq=15 fn=Method conn=2f03 class=AGXAcceleratorG16G sel=9(0x9) inScalarCnt=0 inStructCnt=104
  IN.struct len=104
  IN 000000: 8000 0000 0000 0000 0100 0100 0100 0000 
  IN 000010: 0101 0001 300c 0000 0000 0000 0000 0000 
  IN 000020: 0000 0000 0000 0000 0000 0000 0000 0000 
  IN 000030: 0000 0000 0000 0000 0081 2406 0100 0000 
  IN 000040: 0080 2406 0100 0000 0000 0200 0000 0000 
  IN 000050: 0400 0000 0000 0000 0000 0000 0000 0000 
  IN 000060: 8809 7c07 0100 0000                     
RET  seq=15 conn=2f03 sel=9(0x9) ret=0x0 outStructCnt=88
  OUT.struct len=88
  OUT 000000: 0001 0300 0001 0000 0000 0000 0000 0000 
  OUT 000010: 8084 f700 0100 0000 0000 0000 0000 0000 
  OUT 000020: 0000 0000 0600 0000 0000 0200 0000 0000 
  OUT 000030: e20f 50de 2000 0000 7d39 0c00 0000 0000 
  OUT 000040: 0000 0000 0000 0000 0000 0000 0000 0000 
  OUT 000050: 00ff 0100 0000 0000                     
CALL seq=16 fn=Method conn=2f03 class=AGXAcceleratorG16G sel=9(0x9) inScalarCnt=0 inStructCnt=104
  IN.struct len=104
  IN 000000: 8000 0000 0000 0000 0100 0100 0100 0000 
  IN 000010: 0101 0001 300c 0000 0000 0000 0000 0000 
  IN 000020: 0000 0000 0000 0000 0000 0000 0000 0000 
  IN 000030: 0000 0000 0000 0000 0082 2406 0100 0000 
  IN 000040: 0080 2406 0100 0000 0000 0200 0000 0000 
  IN 000050: 0400 0000 0000 0000 0000 0000 0000 0000 
  IN 000060: 8809 7c07 0100 0000                     
RET  seq=16 conn=2f03 sel=9(0x9) ret=0x0 outStructCnt=88
  OUT.struct len=88
  OUT 000000: 0002 0300 0001 0000 0000 0000 0000 0000 
  OUT 000010: 4085 f700 0100 0000 0000 0000 0000 0000 
  OUT 000020: 0000 0000 0700 0000 0000 0200 0000 0000 
  OUT 000030: e30f 50de 2000 0000 7d39 0c00 0000 0000 
  OUT 000040: 0000 0000 0000 0000 0000 0000 0000 0000 
  OUT 000050: 00fe 0100 0000 0000                     
CALL seq=17 fn=Method conn=2f03 class=AGXAcceleratorG16G sel=7(0x7) inScalarCnt=0 inStructCnt=1040
  IN.struct len=1040
  IN 000000: 2f55 7365 7273 2f75 7365 722f 6173 6168 
  IN 000010: 695f 7265 2f70 7562 6c69 632f 6167 782d 
  IN 000020: 7265 2f65 7870 6572 696d 656e 7473 2f45 
  IN 000030: 5850 2d30 3133 352d 6d34 2d6d 6573 682d 
  IN 000040: 6f62 6a65 6374 2d73 6861 6469 6e67 2f77 
  IN 000050: 6f72 6b2f 6269 6e2f 696f 6865 6c6c 6f5f 
  IN 000060: 636f 6d70 7574 6500 0000 0000 0000 0000 
  IN 000070: 0000 0000 0000 0000 0000 0000 0000 0000 
  IN 000080: 0000 0000 0000 0000 0000 0000 0000 0000 
  IN 000090: 0000 0000 0000 0000 0000 0000 0000 0000 
  IN 0000a0: 0000 0000 0000 0000 0000 0000 0000 0000 
  IN 0000b0: 0000 0000 0000 0000 0000 0000 0000 0000 
  IN 0000c0: 0000 0000 0000 0000 0000 0000 0000 0000 
  IN 0000d0: 0000 0000 0000 0000 0000 0000 0000 0000 
  IN 0000e0: 0000 0000 0000 0000 0000 0000 0000 0000 
  IN 0000f0: 0000 0000 0000 0000 0000 0000 0000 0000 
  IN 000100: 0000 0000 0000 0000 0000 0000 0000 0000 
  IN 000110: 0000 0000 0000 0000 0000 0000 0000 0000 
  IN 000120: 0000 0000 0000 0000 0000 0000 0000 0000 
  IN 000130: 0000 0000 0000 0000 0000 0000 0000 0000 
  IN 000140: 0000 0000 0000 0000 0000 0000 0000 0000 
  IN 000150: 0000 0000 0000 0000 0000 0000 0000 0000 
  IN 000160: 0000 0000 0000 0000 0000 0000 0000 0000 
  IN 000170: 0000 0000 0000 0000 0000 0000 0000 0000 
  IN 000180: 0000 0000 0000 0000 0000 0000 0000 0000 
  IN 000190: 0000 0000 0000 0000 0000 0000 0000 0000 
  IN 0001a0: 0000 0000 0000 0000 0000 0000 0000 0000 
  IN 0001b0: 0000 0000 0000 0000 0000 0000 0000 0000 
  IN 0001c0: 0000 0000 0000 0000 0000 0000 0000 0000 
  IN 0001d0: 0000 0000 0000 0000 0000 0000 0000 0000 
  IN 0001e0: 0000 0000 0000 0000 0000 0000 0000 0000 
  IN 0001f0: 0000 0000 0000 0000 0000 0000 0000 0000 
  IN 000200: 0000 0000 0000 0000 0000 0000 0000 0000 
  IN 000210: 0000 0000 0000 0000 0000 0000 0000 0000 
  IN 000220: 0000 0000 0000 0000 0000 0000 0000 0000 
  IN 000230: 0000 0000 0000 0000 0000 0000 0000 0000 
  IN 000240: 0000 0000 0000 0000 0000 0000 0000 0000 
  IN 000250: 0000 0000 0000 0000 0000 0000 0000 0000 
  IN 000260: 0000 0000 0000 0000 0000 0000 0000 0000 
  IN 000270: 0000 0000 0000 0000 0000 0000 0000 0000 
  IN 000280: 0000 0000 0000 0000 0000 0000 0000 0000 
  IN 000290: 0000 0000 0000 0000 0000 0000 0000 0000 
  IN 0002a0: 0000 0000 0000 0000 0000 0000 0000 0000 
  IN 0002b0: 0000 0000 0000 0000 0000 0000 0000 0000 
  IN 0002c0: 0000 0000 0000 0000 0000 0000 0000 0000 
  IN 0002d0: 0000 0000 0000 0000 0000 0000 0000 0000 
  IN 0002e0: 0000 0000 0000 0000 0000 0000 0000 0000 
  IN 0002f0: 0000 0000 0000 0000 0000 0000 0000 0000 
  IN 000300: 0000 0000 0000 0000 0000 0000 0000 0000 
  IN 000310: 0000 0000 0000 0000 0000 0000 0000 0000 
  IN 000320: 0000 0000 0000 0000 0000 0000 0000 0000 
  IN 000330: 0000 0000 0000 0000 0000 0000 0000 0000 
  IN 000340: 0000 0000 0000 0000 0000 0000 0000 0000 
  IN 000350: 0000 0000 0000 0000 0000 0000 0000 0000 
  IN 000360: 0000 0000 0000 0000 0000 0000 0000 0000 
  IN 000370: 0000 0000 0000 0000 0000 0000 0000 0000 
  IN 000380: 0000 0000 0000 0000 0000 0000 0000 0000 
  IN 000390: 0000 0000 0000 0000 2f55 7365 7273 2f75 
  IN 0003a0: 7365 722f 6173 6168 695f 7265 2f70 7562 
  IN 0003b0: 6c69 632f 6167 782d 7265 2f65 7870 6572 
  IN 0003c0: 696d 656e 7473 2f45 5850 2d30 3133 352d 
  IN 0003d0: 6d34 2d6d 6573 682d 6f62 6a65 6374 2d73 
  IN 0003e0: 6861 6469 6e67 2f77 6f72 6b2f 6269 6e2f 
  IN 0003f0: 696f 6865 6c6c 6f5f 636f 6d70 7574 6500 
  IN 000400: 0200 0000 0000 0000 ffff ffff 0100 0000 
RET  seq=17 conn=2f03 sel=7(0x7) ret=0x0 outStructCnt=16
  OUT.struct len=16
  OUT 000000: 0100 0000 0000 0000 e40f 50de 2000 0000 
CALL seq=18 fn=Method conn=2f03 class=AGXAcceleratorG16G sel=16(0x10) inScalarCnt=2 inStructCnt=0 inScalars=[0x100,0x28]
RET  seq=18 conn=2f03 sel=16(0x10) ret=0x0 outStructCnt=16
  OUT.struct len=16
  OUT 000000: 0080 2606 0100 0000 0100 0000 0000 0000 
CALL seq=19 fn=Method conn=2f03 class=AGXAcceleratorG16G sel=28(0x1c) inScalarCnt=2 inStructCnt=0 inScalars=[0x1,0x1]
RET  seq=19 conn=2f03 sel=28(0x1c) ret=0x0
CALL seq=20 fn=Method conn=2f03 class=AGXAcceleratorG16G sel=9(0x9) inScalarCnt=0 inStructCnt=104
  IN.struct len=104
  IN 000000: 8000 0000 0000 0000 0100 0100 0100 0000 
  IN 000010: 0101 0001 300c 0000 0000 0000 0000 0000 
  IN 000020: 0000 0000 0000 0000 0000 0000 0000 0000 
  IN 000030: 0000 0000 0000 0000 0083 2406 0100 0000 
  IN 000040: 0080 2406 0100 0000 0000 0200 0000 0000 
  IN 000050: 0400 0000 0000 0000 0000 0000 1800 0000 
  IN 000060: 4015 7c07 0100 0000                     
RET  seq=20 conn=2f03 sel=9(0x9) ret=0x0 outStructCnt=88
  OUT.struct len=88
  OUT 000000: 0003 0300 0001 0000 0000 0000 0000 0000 
  OUT 000010: 0086 f700 0100 0000 0000 0000 0000 0000 
  OUT 000020: 0000 0000 0800 0000 0000 0200 0000 0000 
  OUT 000030: e70f 50de 2000 0000 7d39 0c00 0000 0000 
  OUT 000040: 0000 0000 0000 0000 0000 0000 0000 0000 
  OUT 000050: 00fd 0100 0000 0000                     
CALL seq=21 fn=Method conn=2f03 class=AGXAcceleratorG16G sel=9(0x9) inScalarCnt=0 inStructCnt=104
  IN.struct len=104
  IN 000000: 8000 0000 0000 0000 0100 0100 0100 0000 
  IN 000010: 0101 0001 300c 0000 0000 0000 0000 0000 
  IN 000020: 0000 0000 0000 0000 0000 0000 0000 0000 
  IN 000030: 0000 0000 0000 0000 0085 2406 0100 0000 
  IN 000040: 0080 2406 0100 0000 0000 0200 0000 0000 
  IN 000050: 0400 0000 0000 0000 0000 0000 1800 0000 
  IN 000060: 4015 7c07 0100 0000                     
RET  seq=21 conn=2f03 sel=9(0x9) ret=0x0 outStructCnt=88
  OUT.struct len=88
  OUT 000000: 0005 0300 0001 0000 0000 0000 0000 0000 
  OUT 000010: c086 f700 0100 0000 0000 0000 0000 0000 
  OUT 000020: 0000 0000 0900 0000 0000 0200 0000 0000 
  OUT 000030: e80f 50de 2000 0000 7d39 0c00 0000 0000 
  OUT 000040: 0000 0000 0000 0000 0000 0000 0000 0000 
  OUT 000050: 00fb 0100 0000 0000                     
CALL seq=22 fn=Method conn=2f03 class=AGXAcceleratorG16G sel=9(0x9) inScalarCnt=0 inStructCnt=104
  IN.struct len=104
  IN 000000: 8000 0000 0000 0000 0100 0100 0100 0000 
  IN 000010: 0101 0001 300c 0000 0000 0000 0000 0000 
  IN 000020: 0000 0000 0000 0000 0000 0000 0000 0000 
  IN 000030: 0000 0000 0000 0000 0087 2406 0100 0000 
  IN 000040: 0080 2406 0100 0000 0000 0200 0000 0000 
  IN 000050: 0400 0000 0000 0000 0000 0000 1800 0000 
  IN 000060: b89c c966 0700 0000                     
RET  seq=22 conn=2f03 sel=9(0x9) ret=0x0 outStructCnt=88
  OUT.struct len=88
  OUT 000000: 0007 0300 0001 0000 0000 0000 0000 0000 
  OUT 000010: 8087 f700 0100 0000 0000 0000 0000 0000 
  OUT 000020: 0000 0000 0a00 0000 0000 0200 0000 0000 
  OUT 000030: e90f 50de 2000 0000 7d39 0c00 0000 0000 
  OUT 000040: 0000 0000 0000 0000 0000 0000 0000 0000 
  OUT 000050: 00f9 0100 0000 0000                     
CALL seq=23 fn=Method conn=2f03 class=AGXAcceleratorG16G sel=9(0x9) inScalarCnt=0 inStructCnt=104
  IN.struct len=104
  IN 000000: 8000 0000 0000 0000 0100 0100 0100 0000 
  IN 000010: 0101 0001 300c 0000 0000 0000 0000 0000 
  IN 000020: 0000 0000 0000 0000 0000 0000 0000 0000 
  IN 000030: 0000 0000 0000 0000 0088 2406 0100 0000 
  IN 000040: 0080 2406 0100 0000 0000 0200 0000 0000 
  IN 000050: 0400 0000 0000 0000 0000 0000 1800 0000 
  IN 000060: 10a2 c966 0700 0000                     
RET  seq=23 conn=2f03 sel=9(0x9) ret=0x0 outStructCnt=88
  OUT.struct len=88
  OUT 000000: 0008 0300 0001 0000 0000 0000 0000 0000 
  OUT 000010: 4088 f700 0100 0000 0000 0000 0000 0000 
  OUT 000020: 0000 0000 0b00 0000 0000 0200 0000 0000 
  OUT 000030: ea0f 50de 2000 0000 7d39 0c00 0000 0000 
  OUT 000040: 0000 0000 0000 0000 0000 0000 0000 0000 
  OUT 000050: 00f8 0100 0000 0000                     
CALL seq=24 fn=Method conn=2f03 class=AGXAcceleratorG16G sel=9(0x9) inScalarCnt=0 inStructCnt=104
  IN.struct len=104
  IN 000000: 8000 0000 0000 0000 0100 0100 0100 0000 
  IN 000010: 0101 0001 300c 0000 0000 0000 0000 0000 
  IN 000020: 0000 0000 0000 0000 0000 0000 0000 0000 
  IN 000030: 0000 0000 0000 0000 008a 2406 0100 0000 
  IN 000040: 0080 2406 0100 0000 0000 0200 0000 0000 
  IN 000050: 0400 0000 0000 0000 0000 0000 1800 0000 
  IN 000060: 30a5 c966 0700 0000                     
RET  seq=24 conn=2f03 sel=9(0x9) ret=0x0 outStructCnt=88
  OUT.struct len=88
  OUT 000000: 000a 0300 0001 0000 0000 0000 0000 0000 
  OUT 000010: 0089 f700 0100 0000 0000 0000 0000 0000 
  OUT 000020: 0000 0000 0c00 0000 0000 0200 0000 0000 
  OUT 000030: eb0f 50de 2000 0000 7d39 0c00 0000 0000 
  OUT 000040: 0000 0000 0000 0000 0000 0000 0000 0000 
  OUT 000050: 00f6 0100 0000 0000                     
CALL seq=25 fn=Method conn=2f03 class=AGXAcceleratorG16G sel=9(0x9) inScalarCnt=0 inStructCnt=104
  IN.struct len=104
  IN 000000: 8000 0000 0000 0000 0100 0100 0100 0000 
  IN 000010: 0101 0001 300c 0000 0000 0000 0000 0000 
  IN 000020: 0000 0000 0000 0000 0000 0000 0000 0000 
  IN 000030: 0000 0000 0000 0000 008b 2406 0100 0000 
  IN 000040: 0080 2406 0100 0000 0000 0200 0000 0000 
  IN 000050: 0400 0000 0000 0000 0000 0000 1800 0000 
  IN 000060: 50a8 c966 0700 0000                     
RET  seq=25 conn=2f03 sel=9(0x9) ret=0x0 outStructCnt=88
  OUT.struct len=88
  OUT 000000: 000b 0300 0001 0000 0000 0000 0000 0000 
  OUT 000010: c089 f700 0100 0000 0000 0000 0000 0000 
  OUT 000020: 0000 0000 0d00 0000 0000 0200 0000 0000 
  OUT 000030: ec0f 50de 2000 0000 7d39 0c00 0000 0000 
  OUT 000040: 0000 0000 0000 0000 0000 0000 0000 0000 
  OUT 000050: 00f5 0100 0000 0000                     
CALL seq=26 fn=Method conn=2f03 class=AGXAcceleratorG16G sel=9(0x9) inScalarCnt=0 inStructCnt=104
  IN.struct len=104
  IN 000000: 8000 0000 0000 0000 0100 0100 0100 0000 
  IN 000010: 0101 0001 300c 0000 0000 0000 0000 0000 
  IN 000020: 0000 0000 0000 0000 0000 0000 0000 0000 
  IN 000030: 0000 0000 0000 0000 008c 2406 0100 0000 
  IN 000040: 0080 2406 0100 0000 0000 0200 0000 0000 
  IN 000050: 0400 0000 0000 0000 0000 0000 1800 0000 
  IN 000060: 70ab c966 0700 0000                     
RET  seq=26 conn=2f03 sel=9(0x9) ret=0x0 outStructCnt=88
  OUT.struct len=88
  OUT 000000: 000c 0300 0001 0000 0000 0000 0000 0000 
  OUT 000010: 808a f700 0100 0000 0000 0000 0000 0000 
  OUT 000020: 0000 0000 0e00 0000 0000 0200 0000 0000 
  OUT 000030: ed0f 50de 2000 0000 7d39 0c00 0000 0000 
  OUT 000040: 0000 0000 0000 0000 0000 0000 0000 0000 
  OUT 000050: 00f4 0100 0000 0000                     
CALL seq=27 fn=Method conn=2f03 class=AGXAcceleratorG16G sel=9(0x9) inScalarCnt=0 inStructCnt=104
  IN.struct len=104
  IN 000000: 8000 0000 0000 0000 0100 0100 0100 0000 
  IN 000010: 0101 0001 300c 0000 0000 0000 0000 0000 
  IN 000020: 0000 0000 0000 0000 0000 0000 0000 0000 
  IN 000030: 0000 0000 0000 0000 009c 2406 0100 0000 
  IN 000040: 0080 2406 0100 0000 0000 0200 0000 0000 
  IN 000050: 0400 0000 0000 0000 0000 0000 1800 0000 
  IN 000060: 90ae c966 0700 0000                     
RET  seq=27 conn=2f03 sel=9(0x9) ret=0x0 outStructCnt=88
  OUT.struct len=88
  OUT 000000: 001c 0300 0001 0000 0000 0000 0000 0000 
  OUT 000010: 408b f700 0100 0000 0000 0000 0000 0000 
  OUT 000020: 0000 0000 0f00 0000 0000 0200 0000 0000 
  OUT 000030: ee0f 50de 2000 0000 7d39 0c00 0000 0000 
  OUT 000040: 0000 0000 0000 0000 0000 0000 0000 0000 
  OUT 000050: 00e4 0100 0000 0000                     
CALL seq=28 fn=Method conn=2f03 class=AGXAcceleratorG16G sel=9(0x9) inScalarCnt=0 inStructCnt=104
  IN.struct len=104
  IN 000000: 8000 0000 0000 0000 0100 0100 0100 0000 
  IN 000010: 0101 0001 300c 0000 0000 0000 0000 0000 
  IN 000020: 0000 0000 0000 0000 0000 0000 0000 0000 
  IN 000030: 0000 0000 0000 0000 009d 2406 0100 0000 
  IN 000040: 0080 2406 0100 0000 0000 0200 0000 0000 
  IN 000050: 0400 0000 0000 0000 0000 0000 1800 0000 
  IN 000060: 98b1 c966 0700 0000                     
RET  seq=28 conn=2f03 sel=9(0x9) ret=0x0 outStructCnt=88
  OUT.struct len=88
  OUT 000000: 001d 0300 0001 0000 0000 0000 0000 0000 
  OUT 000010: 008c f700 0100 0000 0000 0000 0000 0000 
  OUT 000020: 0000 0000 1000 0000 0000 0200 0000 0000 
  OUT 000030: ef0f 50de 2000 0000 7d39 0c00 0000 0000 
  OUT 000040: 0000 0000 0000 0000 0000 0000 0000 0000 
  OUT 000050: 00e3 0100 0000 0000                     
CALL seq=29 fn=Method conn=2f03 class=AGXAcceleratorG16G sel=9(0x9) inScalarCnt=0 inStructCnt=104
  IN.struct len=104
  IN 000000: 8000 0000 0000 0000 0100 0100 0100 0000 
  IN 000010: 0101 0001 300c 0000 0000 0000 0000 0000 
  IN 000020: 0000 0000 0000 0000 0000 0000 0000 0000 
  IN 000030: 0000 0000 0000 0000 009e 2406 0100 0000 
  IN 000040: 0080 2406 0100 0000 0000 0200 0000 0000 
  IN 000050: 0400 0000 0000 0000 0000 0000 1800 0000 
  IN 000060: a0b4 c966 0700 0000                     
RET  seq=29 conn=2f03 sel=9(0x9) ret=0x0 outStructCnt=88
  OUT.struct len=88
  OUT 000000: 001e 0300 0001 0000 0000 0000 0000 0000 
  OUT 000010: c08c f700 0100 0000 0000 0000 0000 0000 
  OUT 000020: 0000 0000 1100 0000 0000 0200 0000 0000 
  OUT 000030: f00f 50de 2000 0000 7d39 0c00 0000 0000 
  OUT 000040: 0000 0000 0000 0000 0000 0000 0000 0000 
  OUT 000050: 00e2 0100 0000 0000                     
CALL seq=30 fn=Method conn=2f03 class=AGXAcceleratorG16G sel=9(0x9) inScalarCnt=0 inStructCnt=104
  IN.struct len=104
  IN 000000: 8000 0000 0000 0000 0100 0100 0100 0000 
  IN 000010: 0101 0001 300c 0000 0000 0000 0000 0000 
  IN 000020: 0000 0000 0000 0000 0000 0000 0000 0000 
  IN 000030: 0000 0000 0000 0000 009f 2406 0100 0000 
  IN 000040: 0080 2406 0100 0000 0000 0200 0000 0000 
  IN 000050: 0400 0000 0000 0000 0000 0000 1800 0000 
  IN 000060: a8b7 c966 0700 0000                     
RET  seq=30 conn=2f03 sel=9(0x9) ret=0x0 outStructCnt=88
  OUT.struct len=88
  OUT 000000: 001f 0300 0001 0000 0000 0000 0000 0000 
  OUT 000010: 808d f700 0100 0000 0000 0000 0000 0000 
  OUT 000020: 0000 0000 1200 0000 0000 0200 0000 0000 
  OUT 000030: f10f 50de 2000 0000 7d39 0c00 0000 0000 
  OUT 000040: 0000 0000 0000 0000 0000 0000 0000 0000 
  OUT 000050: 00e1 0100 0000 0000                     
CALL seq=31 fn=Method conn=2f03 class=AGXAcceleratorG16G sel=9(0x9) inScalarCnt=0 inStructCnt=104
  IN.struct len=104
  IN 000000: 8000 0000 0000 0000 0100 0100 0100 0000 
  IN 000010: 0101 0001 300c 0000 0000 0000 0000 0000 
  IN 000020: 0000 0000 0000 0000 0000 0000 0000 0000 
  IN 000030: 0000 0000 0000 0000 00a7 2406 0100 0000 
  IN 000040: 0080 2406 0100 0000 0000 0200 0000 0000 
  IN 000050: 0400 0000 0000 0000 0000 0000 1800 0000 
  IN 000060: b0ba c966 0700 0000                     
RET  seq=31 conn=2f03 sel=9(0x9) ret=0x0 outStructCnt=88
  OUT.struct len=88
  OUT 000000: 0027 0300 0001 0000 0000 0000 0000 0000 
  OUT 000010: 408e f700 0100 0000 0000 0000 0000 0000 
  OUT 000020: 0000 0000 1300 0000 0000 0200 0000 0000 
  OUT 000030: f20f 50de 2000 0000 7d39 0c00 0000 0000 
  OUT 000040: 0000 0000 0000 0000 0000 0000 0000 0000 
  OUT 000050: 00d9 0100 0000 0000                     
CALL seq=32 fn=Method conn=2f03 class=AGXAcceleratorG16G sel=9(0x9) inScalarCnt=0 inStructCnt=104
  IN.struct len=104
  IN 000000: 0000 0000 0000 0000 0100 0100 0100 0000 
  IN 000010: 0101 0001 3084 0000 0000 0000 0000 0000 
  IN 000020: 0000 0000 0000 0000 0000 0000 0000 0000 
  IN 000030: 0000 0000 0000 0000 0000 0000 0000 0000 
  IN 000040: 0000 0000 0000 0000 0000 0100 0000 0000 
  IN 000050: 0000 0000 0000 0000 0000 0038 1800 0000 
  IN 000060: 0000 0000 0000 0000                     
RET  seq=32 conn=2f03 sel=9(0x9) ret=0x0 outStructCnt=88
  OUT.struct len=88
  OUT 000000: 0000 0000 0000 0000 00c0 2606 0100 0000 
  OUT 000010: 008f f700 0100 0000 0000 0000 0000 0000 
  OUT 000020: 0000 0000 1400 0000 0000 0100 0000 0000 
  OUT 000030: f30f 50de 2000 0000 8039 0c00 0000 0000 
  OUT 000040: 0000 0000 0000 0000 0000 0000 0000 0000 
  OUT 000050: 0000 0100 0000 0000                     
CALL seq=33 fn=Method conn=2f03 class=AGXAcceleratorG16G sel=9(0x9) inScalarCnt=0 inStructCnt=104
  IN.struct len=104
  IN 000000: 8000 0000 0000 0000 0100 0100 0100 0000 
  IN 000010: 0101 0001 300c 0000 0000 0000 0000 0000 
  IN 000020: 0000 0000 0000 0000 0000 0000 0000 0000 
  IN 000030: 0000 0000 0000 0000 00a8 2406 0100 0000 
  IN 000040: 0080 2406 0100 0000 0000 0200 0000 0000 
  IN 000050: 0400 0000 0000 0000 0000 0000 1800 0000 
  IN 000060: 8809 7c07 0100 0000                     
RET  seq=33 conn=2f03 sel=9(0x9) ret=0x0 outStructCnt=88
  OUT.struct len=88
  OUT 000000: 0028 0300 0001 0000 0000 0000 0000 0000 
  OUT 000010: c08f f700 0100 0000 0000 0000 0000 0000 
  OUT 000020: 0000 0000 1500 0000 0000 0200 0000 0000 
  OUT 000030: f40f 50de 2000 0000 7d39 0c00 0000 0000 
  OUT 000040: 0000 0000 0000 0000 0000 0000 0000 0000 
  OUT 000050: 00d8 0100 0000 0000                     
CALL seq=34 fn=Method conn=2f03 class=AGXAcceleratorG16G sel=9(0x9) inScalarCnt=0 inStructCnt=104
  IN.struct len=104
  IN 000000: 0000 0000 0000 0000 0100 0100 0100 0000 
  IN 000010: 0101 0001 7004 0000 0000 0000 0000 0000 
  IN 000020: 0000 0000 0000 0000 0000 0000 0000 0000 
  IN 000030: 0100 0000 0000 0000 0000 0000 0000 0000 
  IN 000040: 0000 0000 0000 0000 0000 0200 0000 0000 
  IN 000050: 0000 0000 0000 0000 0000 0000 0000 0000 
  IN 000060: 8809 7c07 0100 0000                     
RET  seq=34 conn=2f03 sel=9(0x9) ret=0x0 outStructCnt=88
  OUT.struct len=88
  OUT 000000: 0080 0500 0001 0000 00c0 2706 0100 0000 
  OUT 000010: 8090 f700 0100 0000 0000 0000 0000 0000 
  OUT 000020: 0000 0000 1600 0000 0000 0200 0000 0000 
  OUT 000030: f50f 50de 2000 0000 8139 0c00 0000 0000 
  OUT 000040: 0000 0000 0000 0000 0000 0000 0000 0000 
  OUT 000050: 0000 0200 0000 0000                     
CALL seq=35 fn=Method conn=2f03 class=AGXAcceleratorG16G sel=9(0x9) inScalarCnt=0 inStructCnt=104
  IN.struct len=104
  IN 000000: 8000 0000 0000 0000 0100 0100 0100 0000 
  IN 000010: 0101 0001 300c 0000 0000 0000 0000 0000 
  IN 000020: 0000 0000 0000 0000 0000 0000 0000 0000 
  IN 000030: 0000 0000 0000 0000 00c0 2706 0100 0000 
  IN 000040: 00c0 2706 0100 0000 0000 0200 0000 0000 
  IN 000050: 1600 0000 0000 0000 0000 0000 1800 0000 
  IN 000060: 0080 c966 0700 0000                     
RET  seq=35 conn=2f03 sel=9(0x9) ret=0x0 outStructCnt=88
  OUT.struct len=88
  OUT 000000: 0080 0500 0001 0000 0000 0000 0000 0000 
  OUT 000010: 4091 f700 0100 0000 0000 0000 0000 0000 
  OUT 000020: 0000 0000 1700 0000 0000 0200 0000 0000 
  OUT 000030: f60f 50de 2000 0000 8139 0c00 0000 0000 
  OUT 000040: 0000 0000 0000 0000 0000 0000 0000 0000 
  OUT 000050: 0000 0200 0000 0000                     
CALL seq=36 fn=Struct conn=2f03 class=AGXAcceleratorG16G sel=6(0x6) inScalarCnt=0 inStructCnt=0
RET  seq=36 conn=2f03 sel=6(0x6) ret=0x0 outStructCnt=16
  OUT.struct len=16
  OUT 000000: f70f 50de 2000 0000 f70f 50df 2000 0000 
CALL seq=37 fn=Method conn=2f03 class=AGXAcceleratorG16G sel=14(0xe) inScalarCnt=2 inStructCnt=0 inScalars=[0x4000,0x0]
RET  seq=37 conn=2f03 sel=14(0xe) ret=0x0 outStructCnt=16
  OUT.struct len=16
  OUT 000000: 00c0 2906 0100 0000 0040 0000 0100 0000 
CALL seq=38 fn=Method conn=2f03 class=AGXAcceleratorG16G sel=14(0xe) inScalarCnt=2 inStructCnt=0 inScalars=[0x4000,0x1]
RET  seq=38 conn=2f03 sel=14(0xe) ret=0x0 outStructCnt=16
  OUT.struct len=16
  OUT 000000: 0000 2a06 0100 0000 0040 0000 0200 0000 
CALL seq=39 fn=Method conn=2f03 class=AGXAcceleratorG16G sel=9(0x9) inScalarCnt=0 inStructCnt=104
  IN.struct len=104
  IN 000000: 0000 0000 0000 0000 0080 0100 0100 0000 
  IN 000010: 0101 0001 3044 0000 0000 0000 0000 0000 
  IN 000020: 0000 0000 0000 0000 0000 0000 0000 0000 
  IN 000030: 0000 0000 0000 0000 0000 0000 0000 0000 
  IN 000040: 0000 0000 0000 0000 0080 0000 0000 0000 
  IN 000050: 0000 0000 0000 0000 0000 0008 4800 0000 
  IN 000060: 0000 0000 0000 0000                     
RET  seq=39 conn=2f03 sel=9(0x9) ret=0x0 outStructCnt=88
  OUT.struct len=88
  OUT 000000: 0000 0800 0001 0000 0040 2a06 0100 0000 
  OUT 000010: 0092 f700 0100 0000 0000 0000 0000 0000 
  OUT 000020: 0000 0000 1800 0000 0080 0000 0000 0000 
  OUT 000030: f70f 50df 2000 0000 8239 0c00 0000 0000 
  OUT 000040: 0000 0000 0000 0000 0000 0000 0000 0000 
  OUT 000050: 0080 0000 0000 0000                     
CALL seq=40 fn=Method conn=2f03 class=AGXAcceleratorG16G sel=9(0x9) inScalarCnt=0 inStructCnt=104
  IN.struct len=104
  IN 000000: 0000 0000 0000 0000 0080 0100 0100 0000 
  IN 000010: 0101 0001 3044 0000 0000 0000 0000 0000 
  IN 000020: 0000 0000 0000 0000 0000 0000 0000 0000 
  IN 000030: 0000 0000 0000 0000 0000 0000 0000 0000 
  IN 000040: 0000 0000 0000 0000 0080 0000 0000 0000 
  IN 000050: 0000 0000 0000 0000 0000 0018 0000 0000 
  IN 000060: 0000 0000 0000 0000                     
RET  seq=40 conn=2f03 sel=9(0x9) ret=0x0 outStructCnt=88
  OUT.struct len=88
  OUT 000000: 0000 0900 0001 0000 00c0 2a06 0100 0000 
  OUT 000010: c092 f700 0100 0000 0000 0000 0000 0000 
  OUT 000020: 0000 0000 1900 0000 0080 0000 0000 0000 
  OUT 000030: f80f 50df 2000 0000 8339 0c00 0000 0000 
  OUT 000040: 0000 0000 0000 0000 0000 0000 0000 0000 
  OUT 000050: 0080 0000 0000 0000                     
CALL seq=41 fn=Method conn=2f03 class=AGXAcceleratorG16G sel=9(0x9) inScalarCnt=0 inStructCnt=104
  IN.struct len=104
  IN 000000: 0000 0000 0000 0000 0080 0100 0100 0000 
  IN 000010: 0101 0001 3044 0000 0000 0000 0000 0000 
  IN 000020: 0000 0000 0000 0000 0000 0000 0000 0000 
  IN 000030: 0000 0000 0000 0000 0000 0000 0000 0000 
  IN 000040: 0000 0000 0000 0000 0080 0000 0000 0000 
  IN 000050: 0000 0000 0000 0000 0000 0008 0000 0000 
  IN 000060: 0000 0000 0000 0000                     
RET  seq=41 conn=2f03 sel=9(0x9) ret=0x0 outStructCnt=88
  OUT.struct len=88
  OUT 000000: 0000 0a00 0001 0000 0040 2b06 0100 0000 
  OUT 000010: 8093 f700 0100 0000 0000 0000 0000 0000 
  OUT 000020: 0000 0000 1a00 0000 0080 0000 0000 0000 
  OUT 000030: f90f 50df 2000 0000 8439 0c00 0000 0000 
  OUT 000040: 0000 0000 0000 0000 0000 0000 0000 0000 
  OUT 000050: 0080 0000 0000 0000                     
CALL seq=42 fn=Method conn=2f03 class=AGXAcceleratorG16G sel=9(0x9) inScalarCnt=0 inStructCnt=104
  IN.struct len=104
  IN 000000: 0000 0000 0000 0000 0080 0100 0100 0000 
  IN 000010: 0101 0001 3044 0000 0000 0000 0000 0000 
  IN 000020: 0000 0000 0000 0000 0000 0000 0000 0000 
  IN 000030: 0000 0000 0000 0000 0000 0000 0000 0000 
  IN 000040: 0000 0000 0000 0000 0080 0000 0000 0000 
  IN 000050: 0000 0000 0000 0000 0000 0008 4000 0000 
  IN 000060: 0000 0000 0000 0000                     
RET  seq=42 conn=2f03 sel=9(0x9) ret=0x0 outStructCnt=88
  OUT.struct len=88
  OUT 000000: 0000 0b00 0001 0000 00c0 2b06 0100 0000 
  OUT 000010: 4094 f700 0100 0000 0000 0000 0000 0000 
  OUT 000020: 0000 0000 1b00 0000 0080 0000 0000 0000 
  OUT 000030: fa0f 50df 2000 0000 8539 0c00 0000 0000 
  OUT 000040: 0000 0000 0000 0000 0000 0000 0000 0000 
  OUT 000050: 0080 0000 0000 0000                     
CALL seq=43 fn=Method conn=2f03 class=AGXAcceleratorG16G sel=9(0x9) inScalarCnt=0 inStructCnt=104
  IN.struct len=104
  IN 000000: 0000 0000 0000 0000 0080 0100 0100 0000 
  IN 000010: 0101 0001 3044 0000 0000 0000 0000 0000 
  IN 000020: 0000 0000 0000 0000 0000 0000 0000 0000 
  IN 000030: 0000 0000 0000 0000 0000 0000 0000 0000 
  IN 000040: 0000 0000 0000 0000 0080 0000 0000 0000 
  IN 000050: 0000 0000 0000 0000 0000 0008 0000 0000 
  IN 000060: 0000 0000 0000 0000                     
RET  seq=43 conn=2f03 sel=9(0x9) ret=0x0 outStructCnt=88
  OUT.struct len=88
  OUT 000000: 0000 0c00 0001 0000 0040 2c06 0100 0000 
  OUT 000010: 0095 f700 0100 0000 0000 0000 0000 0000 
  OUT 000020: 0000 0000 1c00 0000 0080 0000 0000 0000 
  OUT 000030: fb0f 50df 2000 0000 8639 0c00 0000 0000 
  OUT 000040: 0000 0000 0000 0000 0000 0000 0000 0000 
  OUT 000050: 0080 0000 0000 0000                     
CALL seq=44 fn=Method conn=2f03 class=AGXAcceleratorG16G sel=9(0x9) inScalarCnt=0 inStructCnt=104
  IN.struct len=104
  IN 000000: 0000 0000 0000 0000 0080 0100 0100 0000 
  IN 000010: 0101 0001 3044 0000 0000 0000 0000 0000 
  IN 000020: 0000 0000 0000 0000 0000 0000 0000 0000 
  IN 000030: 0000 0000 0000 0000 0000 0000 0000 0000 
  IN 000040: 0000 0000 0000 0000 0080 0000 0000 0000 
  IN 000050: 0000 0000 0000 0000 0000 0008 0000 0000 
  IN 000060: 0000 0000 0000 0000                     
RET  seq=44 conn=2f03 sel=9(0x9) ret=0x0 outStructCnt=88
  OUT.struct len=88
  OUT 000000: 0000 0d00 0001 0000 00c0 2c06 0100 0000 
  OUT 000010: c095 f700 0100 0000 0000 0000 0000 0000 
  OUT 000020: 0000 0000 1d00 0000 0080 0000 0000 0000 
  OUT 000030: fc0f 50df 2000 0000 8739 0c00 0000 0000 
  OUT 000040: 0000 0000 0000 0000 0000 0000 0000 0000 
  OUT 000050: 0080 0000 0000 0000                     
CALL seq=45 fn=Method conn=2f03 class=AGXAcceleratorG16G sel=9(0x9) inScalarCnt=0 inStructCnt=104
  IN.struct len=104
  IN 000000: 0000 0000 0000 0000 8094 0100 0100 0000 
  IN 000010: 0101 0001 3044 0000 0000 0000 0000 0000 
  IN 000020: 0000 0000 0000 0000 0000 0000 0000 0000 
  IN 000030: 0000 0000 0000 0000 0000 0000 0000 0000 
  IN 000040: 0000 0000 0000 0000 8094 0000 0000 0000 
  IN 000050: 0000 0000 0000 0000 0000 0018 0000 0000 
  IN 000060: 0000 0000 0000 0000                     
RET  seq=45 conn=2f03 sel=9(0x9) ret=0x0 outStructCnt=88
  OUT.struct len=88
  OUT 000000: 0000 0e00 0001 0000 0040 2d06 0100 0000 
  OUT 000010: 8096 f700 0100 0000 0000 0000 0000 0000 
  OUT 000020: 0000 0000 1e00 0000 00c0 0000 0000 0000 
  OUT 000030: fd0f 50df 2000 0000 8839 0c00 0000 0000 
  OUT 000040: 0000 0000 0000 0000 0000 0000 0000 0000 
  OUT 000050: 00c0 0000 0000 0000                     
CALL seq=46 fn=Method conn=2f03 class=AGXAcceleratorG16G sel=8(0x8) inScalarCnt=1 inStructCnt=0 inScalars=[0x1]
CALL seq=47 fn=Method conn=2f03 class=AGXAcceleratorG16G sel=17(0x11) inScalarCnt=1 inStructCnt=0 inScalars=[0x1]
RET  seq=47 conn=2f03 sel=17(0x11) ret=0x0
RET  seq=47 conn=2f03 sel=8(0x8) ret=0x0
CALL seq=48 fn=Scalar conn=2f03 class=AGXAcceleratorG16G sel=15(0xf) inScalarCnt=1 inStructCnt=0 inScalars=[0x2]
RET  seq=48 conn=2f03 sel=15(0xf) ret=0x0
CALL seq=49 fn=Scalar conn=2f03 class=AGXAcceleratorG16G sel=15(0xf) inScalarCnt=1 inStructCnt=0 inScalars=[0x1]
RET  seq=49 conn=2f03 sel=15(0xf) ret=0x0
