# iotrace init pid=48508 dump_dir=/Users/user/asahi_re/public/agx-re/experiments/EXP-0120-m4-tvb-overflow-mechanism/raw/m4_20260828_run02/cases/C-WH1024/iotrace_maps max_struct=65536 max_map=16384 dump_atexit=0 n_dump_sel=0 only_conn=0x0
OPEN class=IOSurfaceRoot type=0 -> conn=b03 ret=0x0
CALL seq=1 fn=Method conn=b03 class=IOSurfaceRoot sel=13(0xd) inScalarCnt=0 inStructCnt=0
RET  seq=1 conn=b03 sel=13(0xd) ret=0x0 outStructCnt=40
  OUT.struct len=40
  OUT 000000: ff3f 0000 7f00 0000 0080 0000 0000 0000 
  OUT 000010: 0040 0000 0000 0000 0040 0000 0000 0000 
  OUT 000020: 0000 0100 0000 0000                     
MEMENTRY size=0x40000 offset=0x1001f8000 perm=0x400001 parent=0x0 -> handle=0x1703 ret=0x0
CALL seq=2 fn=Method conn=b03 class=IOSurfaceRoot sel=44(0x2c) inScalarCnt=1 inStructCnt=0 inScalars=[0x6d4]
RET  seq=2 conn=b03 sel=44(0x2c) ret=0xe00002f0 outStructCnt=0
OPEN class=AGXAcceleratorG16G type=1048581 -> conn=3c03 ret=0x0
CALL seq=3 fn=Struct conn=3c03 class=AGXAcceleratorG16G sel=2(0x2) inScalarCnt=0 inStructCnt=0
RET  seq=3 conn=3c03 sel=2(0x2) ret=0x0 outStructCnt=536
  OUT.struct len=536
  OUT 000000: 0080 2e00 0100 0000 0800 0000 0800 0000 
  OUT 000010: 0000 0000 8000 0000 0000 0000 0400 0000 
  OUT 000020: 0800 0000 0c00 0000 1000 0000 1400 0000 
  OUT 000030: 1800 0000 1c00 0000 2000 0000 2400 0000 
  OUT 000040: 2800 0000 2c00 0000 3000 0000 3400 0000 
  OUT 000050: 3800 0000 3c00 0000 4000 0000 4400 0000 
  OUT 000060: 4800 0000 4c00 0000 5000 0000 5400 0000 
  OUT 000070: 5800 0000 5c00 0000 6000 0000 6400 0000 
  OUT 000080: 6800 0000 6c00 0000 7000 0000 7400 0000 
  OUT 000090: 7800 0000 7c00 0000 8000 0000 8400 0000 
  OUT 0000a0: 8800 0000 8c00 0000 9000 0000 9400 0000 
  OUT 0000b0: 9800 0000 9c00 0000 a000 0000 a400 0000 
  OUT 0000c0: a800 0000 ac00 0000 b000 0000 b400 0000 
  OUT 0000d0: b800 0000 bc00 0000 c000 0000 c400 0000 
  OUT 0000e0: c800 0000 cc00 0000 d000 0000 d400 0000 
  OUT 0000f0: d800 0000 dc00 0000 e000 0000 e400 0000 
  OUT 000100: e800 0000 ec00 0000 f000 0000 f400 0000 
  OUT 000110: f800 0000 fc00 0000 0001 0000 0401 0000 
  OUT 000120: 0801 0000 0c01 0000 1001 0000 1401 0000 
  OUT 000130: 1801 0000 1c01 0000 2001 0000 2401 0000 
  OUT 000140: 2801 0000 2c01 0000 3001 0000 3401 0000 
  OUT 000150: 3801 0000 3c01 0000 4001 0000 4401 0000 
  OUT 000160: 4801 0000 4c01 0000 5001 0000 5401 0000 
  OUT 000170: 5801 0000 5c01 0000 6001 0000 6401 0000 
  OUT 000180: 6801 0000 6c01 0000 7001 0000 7401 0000 
  OUT 000190: 7801 0000 7c01 0000 8001 0000 8401 0000 
  OUT 0001a0: 8801 0000 8c01 0000 9001 0000 9401 0000 
  OUT 0001b0: 9801 0000 9c01 0000 a001 0000 a401 0000 
  OUT 0001c0: a801 0000 ac01 0000 b001 0000 b401 0000 
  OUT 0001d0: b801 0000 bc01 0000 c001 0000 c401 0000 
  OUT 0001e0: c801 0000 cc01 0000 d001 0000 d401 0000 
  OUT 0001f0: d801 0000 dc01 0000 e001 0000 e401 0000 
  OUT 000200: e801 0000 ec01 0000 f001 0000 f401 0000 
  OUT 000210: f801 0000 fc01 0000                     
CALL seq=4 fn=Struct conn=3c03 class=AGXAcceleratorG16G sel=0(0x0) inScalarCnt=0 inStructCnt=0
RET  seq=4 conn=3c03 sel=0(0x0) ret=0x0 outStructCnt=64
  OUT.struct len=64
  OUT 000000: 4043 0000 0000 0000 0000 0000 0000 0000 
  OUT 000010: 0000 0000 0000 0000 0200 0000 0000 0000 
  OUT 000020: 00c0 c2f5 0200 0000 0000 5238 0200 0000 
  OUT 000030: 0000 0000 0000 0000 0000 0000 0000 0000 
CALL seq=5 fn=Struct conn=3c03 class=AGXAcceleratorG16G sel=5(0x5) inScalarCnt=0 inStructCnt=0
RET  seq=5 conn=3c03 sel=5(0x5) ret=0x0 outStructCnt=32
  OUT.struct len=32
  OUT 000000: 18ba 334a 1500 0000 00c0 2f00 0100 0000 
  OUT 000010: 0000 2f00 0100 0000 0040 0000 0000 0000 
CALL seq=6 fn=Method conn=b03 class=IOSurfaceRoot sel=32(0x20) inScalarCnt=0 inStructCnt=0
RET  seq=6 conn=b03 sel=32(0x20) ret=0x0 outScalars=[0x1001f4000]
CALL seq=7 fn=Struct conn=3c03 class=AGXAcceleratorG16G sel=258(0x102) inScalarCnt=0 inStructCnt=0
RET  seq=7 conn=3c03 sel=258(0x102) ret=0x0 outStructCnt=456
  OUT.struct len=456
  OUT 000000: 0000 0000 0000 0000 0000 0000 0000 0000 
  OUT 000010: 0000 0000 0000 0000 0000 0000 0000 0000 
  OUT 000020: 0000 0000 0000 0000 0000 0000 0000 0000 
  OUT 000030: 0000 0000 0000 0000 0000 0000 0000 0000 
  OUT 000040: 0000 0000 0000 0000 0000 0000 0000 0000 
  OUT 000050: 0000 0000 0000 0000 0000 0000 0000 0000 
  OUT 000060: 0000 0000 0000 0000 0000 0000 0000 0000 
  OUT 000070: 0000 0000 0000 0000 0000 0000 0000 0000 
  OUT 000080: 0000 0000 0000 0000 0000 0000 0000 0000 
  OUT 000090: 0000 0000 0000 0000 0000 0000 0000 0000 
  OUT 0000a0: 0000 0000 0000 0000 0000 0000 0000 0000 
  OUT 0000b0: 0000 0000 0000 0000 0000 0000 0000 0000 
  OUT 0000c0: 0000 0000 0000 0000 4a75 6c20 3331 2032 
  OUT 0000d0: 3032 3620 3232 3a34 333a 3233 0000 0000 
  OUT 0000e0: 0000 0000 0000 0000 7265 6c65 6173 6520 
  OUT 0000f0: 6665 6e64 6572 5f73 6372 6174 6368 5f72 
  OUT 000100: 616d 5f72 6574 656e 7469 6f6e 0000 0000 
  OUT 000110: 0000 0000 0000 0000 0000 0000 0000 0000 
  OUT 000120: 0000 0000 0000 0000 0000 0000 0000 0000 
  OUT 000130: 0000 0000 0000 0000 0000 0000 0000 0000 
  OUT 000140: 0000 0000 0000 0000 0000 0000 0000 0000 
  OUT 000150: 0000 0000 0000 0000 0000 0000 0000 0000 
  OUT 000160: 0000 0000 0000 0000 0000 0000 0000 0000 
  OUT 000170: 0000 0000 0000 0000 0000 0000 0000 0000 
  OUT 000180: 0000 0000 0000 0000 0000 0000 0000 0000 
  OUT 000190: 0000 0000 0000 0000 0000 0000 0000 0000 
  OUT 0001a0: 0000 0000 0000 0000 4a37 3733 6741 5000 
  OUT 0001b0: 0000 0000 0000 0000 0000 0000 0000 0000 
  OUT 0001c0: 0000 0000 0000 0000                     
CALL seq=8 fn=Struct conn=3c03 class=AGXAcceleratorG16G sel=256(0x100) inScalarCnt=0 inStructCnt=0
RET  seq=8 conn=3c03 sel=256(0x100) ret=0x0 outStructCnt=152
  OUT.struct len=152
  OUT 000000: 0000 0000 0000 0000 0000 0000 0000 0000 
  OUT 000010: ff03 0000 0000 0000 0000 0000 0000 0000 
  OUT 000020: 1b00 0000 0400 0000 0000 0000 0000 0000 
  OUT 000030: 0a00 0000 0400 0000 0400 0000 0400 0000 
  OUT 000040: 0000 0000 0a00 0000 0200 0000 0300 0000 
  OUT 000050: 0300 0000 0200 0000 0300 0000 0300 0000 
  OUT 000060: 1000 0000 0100 0000 0100 0000 0100 0000 
  OUT 000070: 0100 0000 0a00 0000 0a00 0000 0000 0000 
  OUT 000080: 0000 0000 0001 0100 0000 0000 0000 0300 
  OUT 000090: 0000 0000 0000 0000                     
CALL seq=9 fn=Method conn=3c03 class=AGXAcceleratorG16G sel=9(0x9) inScalarCnt=0 inStructCnt=104
  IN.struct len=104
  IN 000000: 0000 0000 0000 0000 0100 0100 0100 0000 
  IN 000010: 0101 0001 3004 0000 0000 0000 0000 0000 
  IN 000020: 0000 0000 0000 0000 0000 0000 0000 0000 
  IN 000030: 0000 0000 0000 0000 0000 0000 0000 0000 
  IN 000040: 0000 0000 0000 0000 0000 0100 0000 0000 
  IN 000050: 0000 0000 0000 0000 0000 0008 1800 0000 
  IN 000060: 0000 0000 0000 0000                     
RET  seq=9 conn=3c03 sel=9(0x9) ret=0x0 outStructCnt=88
  OUT.struct len=88
  OUT 000000: 0000 0000 0001 0000 0040 3000 0100 0000 
  OUT 000010: c000 2f00 0100 0000 0000 0000 0000 0000 
  OUT 000020: 0000 0000 0100 0000 0000 0100 0000 0000 
  OUT 000030: 19ba 334a 1500 0000 ac37 0700 0000 0000 
  OUT 000040: 0000 0000 0000 0000 0000 0000 0000 0000 
  OUT 000050: 0000 0100 0000 0000                     
CALL seq=10 fn=Struct conn=3c03 class=AGXAcceleratorG16G sel=261(0x105) inScalarCnt=0 inStructCnt=72
  IN.struct len=72
  IN 000000: 0b00 0000 0000 0000 0000 0000 0000 0000 
  IN 000010: 0000 0000 0000 0000 0000 0000 0000 0000 
  IN 000020: 0000 0000 0000 0000 0000 0000 0000 0000 
  IN 000030: 0000 0000 0000 0000 0000 0000 0000 0000 
  IN 000040: 0000 0000 0000 0000                     
RET  seq=10 conn=3c03 sel=261(0x105) ret=0x0 outStructCnt=72
  OUT.struct len=72
  OUT 000000: 0b00 0000 0000 0000 0000 0000 0000 0000 
  OUT 000010: 0000 0000 0000 0000 0000 0000 0000 0000 
  OUT 000020: 0000 0000 0000 0000 0000 0000 0000 0000 
  OUT 000030: 0200 0000 0000 0000 0000 0000 0000 0000 
  OUT 000040: 0000 0000 0000 0000                     
CALL seq=11 fn=Method conn=3c03 class=AGXAcceleratorG16G sel=9(0x9) inScalarCnt=0 inStructCnt=104
  IN.struct len=104
  IN 000000: 0000 0000 0000 0000 0100 0100 0100 0000 
  IN 000010: 0101 0001 7004 0000 0000 0000 0000 0000 
  IN 000020: 0000 0000 0000 0000 0000 0000 0000 0000 
  IN 000030: 0100 0000 0000 0000 0000 0000 0000 0000 
  IN 000040: 0000 0000 0000 0000 0038 0000 0000 0000 
  IN 000050: 0000 0000 0000 0000 0000 0058 1800 0000 
  IN 000060: 0000 0000 0000 0000                     
RET  seq=11 conn=3c03 sel=9(0x9) ret=0x0 outStructCnt=88
  OUT.struct len=88
  OUT 000000: 0000 0000 6f00 0000 0040 3100 0100 0000 
  OUT 000010: 8001 2f00 0100 0000 0000 0000 0000 0000 
  OUT 000020: 0000 0000 0200 0000 0040 0000 0000 0000 
  OUT 000030: 1aba 334a 1500 0000 ad37 0700 0000 0000 
  OUT 000040: 0000 0000 0000 0000 0000 0000 0000 0000 
  OUT 000050: 0040 0000 0000 0000                     
CALL seq=12 fn=Method conn=3c03 class=AGXAcceleratorG16G sel=9(0x9) inScalarCnt=0 inStructCnt=104
  IN.struct len=104
  IN 000000: 0000 0000 0000 0000 0100 0100 0100 0000 
  IN 000010: 0101 0001 7004 0000 0000 0000 0000 0000 
  IN 000020: 0000 0000 0000 0000 0000 0000 0000 0000 
  IN 000030: 0100 0000 0000 0000 0000 0000 0000 0000 
  IN 000040: 0000 0000 0000 0000 0000 0200 0000 0000 
  IN 000050: 0000 0000 0000 0000 0000 0000 0000 0000 
  IN 000060: 8809 f206 0100 0000                     
RET  seq=12 conn=3c03 sel=9(0x9) ret=0x0 outStructCnt=88
  OUT.struct len=88
  OUT 000000: 0080 0100 0001 0000 00c0 3200 0100 0000 
  OUT 000010: 4002 2f00 0100 0000 0000 0000 0000 0000 
  OUT 000020: 0000 0000 0300 0000 0000 0200 0000 0000 
  OUT 000030: 1fba 334a 1500 0000 ae37 0700 0000 0000 
  OUT 000040: 0000 0000 0000 0000 0000 0000 0000 0000 
  OUT 000050: 0000 0200 0000 0000                     
CALL seq=13 fn=Method conn=3c03 class=AGXAcceleratorG16G sel=9(0x9) inScalarCnt=0 inStructCnt=104
  IN.struct len=104
  IN 000000: 8000 0000 0000 0000 0100 0100 0100 0000 
  IN 000010: 0101 0001 300c 0000 0000 0000 0000 0000 
  IN 000020: 0000 0000 0000 0000 0000 0000 0000 0000 
  IN 000030: 0000 0000 0000 0000 00c0 3200 0100 0000 
  IN 000040: 00c0 3200 0100 0000 0000 0200 0000 0000 
  IN 000050: 0300 0000 0000 0000 0000 0000 1800 0000 
  IN 000060: 4015 f206 0100 0000                     
RET  seq=13 conn=3c03 sel=9(0x9) ret=0x0 outStructCnt=88
  OUT.struct len=88
  OUT 000000: 0080 0100 0001 0000 0000 0000 0000 0000 
  OUT 000010: 0003 2f00 0100 0000 0000 0000 0000 0000 
  OUT 000020: 0000 0000 0400 0000 0000 0200 0000 0000 
  OUT 000030: 20ba 334a 1500 0000 ae37 0700 0000 0000 
  OUT 000040: 0000 0000 0000 0000 0000 0000 0000 0000 
  OUT 000050: 0000 0200 0000 0000                     
CALL seq=14 fn=Method conn=3c03 class=AGXAcceleratorG16G sel=9(0x9) inScalarCnt=0 inStructCnt=104
  IN.struct len=104
  IN 000000: 0000 0000 0000 0000 0100 0100 0100 0000 
  IN 000010: 0101 0001 3004 0000 0000 0000 0000 0000 
  IN 000020: 0000 0000 0000 0000 0000 0000 0000 0000 
  IN 000030: 0000 0000 0000 0000 0000 0000 0000 0000 
  IN 000040: 0000 0000 0000 0000 0000 0100 0000 0000 
  IN 000050: 0000 0000 0000 0000 0000 0008 1800 0000 
  IN 000060: 0000 0000 0000 0000                     
RET  seq=14 conn=3c03 sel=9(0x9) ret=0x0 outStructCnt=88
  OUT.struct len=88
  OUT 000000: 0000 0400 0001 0000 00c0 3400 0100 0000 
  OUT 000010: c003 2f00 0100 0000 0000 0000 0000 0000 
  OUT 000020: 0000 0000 0500 0000 0000 0100 0000 0000 
  OUT 000030: 21ba 334a 1500 0000 af37 0700 0000 0000 
  OUT 000040: 0000 0000 0000 0000 0000 0000 0000 0000 
  OUT 000050: 0000 0100 0000 0000                     
CALL seq=15 fn=Method conn=3c03 class=AGXAcceleratorG16G sel=9(0x9) inScalarCnt=0 inStructCnt=104
  IN.struct len=104
  IN 000000: 0000 0000 0000 0000 0100 0100 0100 0000 
  IN 000010: 0101 0001 3084 0000 0000 0000 0000 0000 
  IN 000020: 0000 0000 0000 0000 0000 0000 0000 0000 
  IN 000030: 0000 0000 0000 0000 0000 0000 0000 0000 
  IN 000040: 0000 0000 0000 0000 0000 0100 0000 0000 
  IN 000050: 0000 0000 0000 0000 0000 0038 1800 0000 
  IN 000060: 0000 0000 0000 0000                     
RET  seq=15 conn=3c03 sel=9(0x9) ret=0x0 outStructCnt=88
  OUT.struct len=88
  OUT 000000: 0000 0000 0000 0000 00c0 3500 0100 0000 
  OUT 000010: 8004 2f00 0100 0000 0000 0000 0000 0000 
  OUT 000020: 0000 0000 0600 0000 0000 0100 0000 0000 
  OUT 000030: 22ba 334a 1500 0000 b037 0700 0000 0000 
  OUT 000040: 0000 0000 0000 0000 0000 0000 0000 0000 
  OUT 000050: 0000 0100 0000 0000                     
CALL seq=16 fn=Method conn=3c03 class=AGXAcceleratorG16G sel=9(0x9) inScalarCnt=0 inStructCnt=104
  IN.struct len=104
  IN 000000: 8000 0000 0000 0000 0100 0100 0100 0000 
  IN 000010: 0101 0001 300c 0000 0000 0000 0000 0000 
  IN 000020: 0000 0000 0000 0000 0000 0000 0000 0000 
  IN 000030: 0000 0000 0000 0000 00c2 3200 0100 0000 
  IN 000040: 00c0 3200 0100 0000 0000 0200 0000 0000 
  IN 000050: 0300 0000 0000 0000 0000 0000 0000 0000 
  IN 000060: 8809 f206 0100 0000                     
RET  seq=16 conn=3c03 sel=9(0x9) ret=0x0 outStructCnt=88
  OUT.struct len=88
  OUT 000000: 0082 0100 0001 0000 0000 0000 0000 0000 
  OUT 000010: 4005 2f00 0100 0000 0000 0000 0000 0000 
  OUT 000020: 0000 0000 0700 0000 0000 0200 0000 0000 
  OUT 000030: 23ba 334a 1500 0000 ae37 0700 0000 0000 
  OUT 000040: 0000 0000 0000 0000 0000 0000 0000 0000 
  OUT 000050: 00fe 0100 0000 0000                     
CALL seq=17 fn=Method conn=3c03 class=AGXAcceleratorG16G sel=9(0x9) inScalarCnt=0 inStructCnt=104
  IN.struct len=104
  IN 000000: 0000 0000 0000 0000 0100 0100 0100 0000 
  IN 000010: 0101 0001 7004 0000 0000 0000 0000 0000 
  IN 000020: 0000 0000 0000 0000 0000 0000 0000 0000 
  IN 000030: 0100 0000 0000 0000 0000 0000 0000 0000 
  IN 000040: 0000 0000 0000 0000 0000 4000 0000 0000 
  IN 000050: 0000 0000 0000 0000 0000 0000 0000 0000 
  IN 000060: 8809 f206 0100 0000                     
RET  seq=17 conn=3c03 sel=9(0x9) ret=0x0 outStructCnt=88
  OUT.struct len=88
  OUT 000000: 0080 0500 0001 0000 00c0 1405 0100 0000 
  OUT 000010: 0006 2f00 0100 0000 0000 0000 0000 0000 
  OUT 000020: 0000 0000 0800 0000 0000 4000 0000 0000 
  OUT 000030: 24ba 334a 1500 0000 b137 0700 0000 0000 
  OUT 000040: 0000 0000 0000 0000 0000 0000 0000 0000 
  OUT 000050: 0000 4000 0000 0000                     
CALL seq=18 fn=Method conn=3c03 class=AGXAcceleratorG16G sel=9(0x9) inScalarCnt=0 inStructCnt=104
  IN.struct len=104
  IN 000000: 8000 0000 0000 0000 0100 0100 0100 0000 
  IN 000010: 0101 0001 300c 0000 0000 0000 0000 0000 
  IN 000020: 0000 0000 0000 0000 0000 0000 0000 0000 
  IN 000030: 0000 0000 0000 0000 00c3 3200 0100 0000 
  IN 000040: 00c0 3200 0100 0000 0000 0200 0000 0000 
  IN 000050: 0300 0000 0000 0000 0000 0000 1800 0000 
  IN 000060: 4015 f206 0100 0000                     
RET  seq=18 conn=3c03 sel=9(0x9) ret=0x0 outStructCnt=88
  OUT.struct len=88
  OUT 000000: 0083 0100 0001 0000 0000 0000 0000 0000 
  OUT 000010: c006 2f00 0100 0000 0000 0000 0000 0000 
  OUT 000020: 0000 0000 0900 0000 0000 0200 0000 0000 
  OUT 000030: 25ba 334a 1500 0000 ae37 0700 0000 0000 
  OUT 000040: 0000 0000 0000 0000 0000 0000 0000 0000 
  OUT 000050: 00fd 0100 0000 0000                     
CALL seq=19 fn=Method conn=3c03 class=AGXAcceleratorG16G sel=9(0x9) inScalarCnt=0 inStructCnt=104
  IN.struct len=104
  IN 000000: 8000 0000 0000 0000 0100 0100 0100 0000 
  IN 000010: 0101 0001 300c 0000 0000 0000 0000 0000 
  IN 000020: 0000 0000 0000 0000 0000 0000 0000 0000 
  IN 000030: 0000 0000 0000 0000 00c5 3200 0100 0000 
  IN 000040: 00c0 3200 0100 0000 0000 0200 0000 0000 
  IN 000050: 0300 0000 0000 0000 0000 0000 1800 0000 
  IN 000060: b8dc 0947 0700 0000                     
RET  seq=19 conn=3c03 sel=9(0x9) ret=0x0 outStructCnt=88
  OUT.struct len=88
  OUT 000000: 0085 0100 0001 0000 0000 0000 0000 0000 
  OUT 000010: 8007 2f00 0100 0000 0000 0000 0000 0000 
  OUT 000020: 0000 0000 0a00 0000 0000 0200 0000 0000 
  OUT 000030: 26ba 334a 1500 0000 ae37 0700 0000 0000 
  OUT 000040: 0000 0000 0000 0000 0000 0000 0000 0000 
  OUT 000050: 00fb 0100 0000 0000                     
CALL seq=20 fn=Method conn=3c03 class=AGXAcceleratorG16G sel=9(0x9) inScalarCnt=0 inStructCnt=104
  IN.struct len=104
  IN 000000: 8000 0000 0000 0000 0100 0100 0100 0000 
  IN 000010: 0101 0001 300c 0000 0000 0000 0000 0000 
  IN 000020: 0000 0000 0000 0000 0000 0000 0000 0000 
  IN 000030: 0000 0000 0000 0000 00c7 3200 0100 0000 
  IN 000040: 00c0 3200 0100 0000 0000 0200 0000 0000 
  IN 000050: 0300 0000 0000 0000 0000 0000 1800 0000 
  IN 000060: b8dc 0947 0700 0000                     
RET  seq=20 conn=3c03 sel=9(0x9) ret=0x0 outStructCnt=88
  OUT.struct len=88
  OUT 000000: 0087 0100 0001 0000 0000 0000 0000 0000 
  OUT 000010: 4008 2f00 0100 0000 0000 0000 0000 0000 
  OUT 000020: 0000 0000 0b00 0000 0000 0200 0000 0000 
  OUT 000030: 27ba 334a 1500 0000 ae37 0700 0000 0000 
  OUT 000040: 0000 0000 0000 0000 0000 0000 0000 0000 
  OUT 000050: 00f9 0100 0000 0000                     
CALL seq=21 fn=Method conn=3c03 class=AGXAcceleratorG16G sel=9(0x9) inScalarCnt=0 inStructCnt=104
  IN.struct len=104
  IN 000000: 0000 0000 0000 0000 0100 0100 0100 0000 
  IN 000010: 0101 0001 7004 0000 0000 0000 0000 0000 
  IN 000020: 0000 0000 0000 0000 0000 0000 0000 0000 
  IN 000030: 0100 0000 0000 0000 0000 0000 0000 0000 
  IN 000040: 0000 0000 0000 0000 0000 4000 0000 0000 
  IN 000050: 0000 0000 0000 0000 0000 0000 0000 0000 
  IN 000060: 8809 f206 0100 0000                     
RET  seq=21 conn=3c03 sel=9(0x9) ret=0x0 outStructCnt=88
  OUT.struct len=88
  OUT 000000: 0000 4600 0001 0000 00c0 5405 0100 0000 
  OUT 000010: 0009 2f00 0100 0000 0000 0000 0000 0000 
  OUT 000020: 0000 0000 0c00 0000 0000 4000 0000 0000 
  OUT 000030: 28ba 334a 1500 0000 b237 0700 0000 0000 
  OUT 000040: 0000 0000 0000 0000 0000 0000 0000 0000 
  OUT 000050: 0000 4000 0000 0000                     
CALL seq=22 fn=Method conn=3c03 class=AGXAcceleratorG16G sel=9(0x9) inScalarCnt=0 inStructCnt=104
  IN.struct len=104
  IN 000000: 0000 0000 0000 0000 0100 0100 0100 0000 
  IN 000010: 0101 0001 7004 0000 0000 0000 0000 0000 
  IN 000020: 0000 0000 0000 0000 0000 0000 0000 0000 
  IN 000030: 0100 0000 0000 0000 0000 0000 0000 0000 
  IN 000040: 0000 0000 0000 0000 0000 4000 0000 0000 
  IN 000050: 0000 0000 0000 0000 0000 0000 0000 0000 
  IN 000060: 0cc1 ffff 0f00 0000                     
RET  seq=22 conn=3c03 sel=9(0x9) ret=0x0 outStructCnt=88
  OUT.struct len=88
  OUT 000000: 0080 8600 0001 0000 00c0 9405 0100 0000 
  OUT 000010: c009 2f00 0100 0000 0000 0000 0000 0000 
  OUT 000020: 0000 0000 0d00 0000 0000 4000 0000 0000 
  OUT 000030: 29ba 334a 1500 0000 b337 0700 0000 0000 
  OUT 000040: 0000 0000 0000 0000 0000 0000 0000 0000 
  OUT 000050: 0000 4000 0000 0000                     
CALL seq=23 fn=Method conn=3c03 class=AGXAcceleratorG16G sel=9(0x9) inScalarCnt=0 inStructCnt=104
  IN.struct len=104
  IN 000000: 0000 0000 0000 0000 0100 0100 0100 0000 
  IN 000010: 0101 0001 7004 0000 0000 0000 0000 0000 
  IN 000020: 0000 0000 0000 0000 0000 0000 0000 0000 
  IN 000030: 0100 0000 0000 0000 0000 0000 0000 0000 
  IN 000040: 0000 0000 0000 0000 0000 4000 0000 0000 
  IN 000050: 0000 0000 0000 0000 0000 0000 0000 0000 
  IN 000060: 0cc1 ffff 0f00 0000                     
RET  seq=23 conn=3c03 sel=9(0x9) ret=0x0 outStructCnt=88
  OUT.struct len=88
  OUT 000000: 0000 c700 0001 0000 00c0 d405 0100 0000 
  OUT 000010: 800a 2f00 0100 0000 0000 0000 0000 0000 
  OUT 000020: 0000 0000 0e00 0000 0000 4000 0000 0000 
  OUT 000030: 2aba 334a 1500 0000 b437 0700 0000 0000 
  OUT 000040: 0000 0000 0000 0000 0000 0000 0000 0000 
  OUT 000050: 0000 4000 0000 0000                     
CALL seq=24 fn=Method conn=3c03 class=AGXAcceleratorG16G sel=9(0x9) inScalarCnt=0 inStructCnt=104
  IN.struct len=104
  IN 000000: 0000 0000 0000 0000 0100 0100 0100 0000 
  IN 000010: 0101 0001 7004 0000 0000 0000 0000 0000 
  IN 000020: 0000 0000 0000 0000 0000 0000 0000 0000 
  IN 000030: 0100 0000 0000 0000 0000 0000 0000 0000 
  IN 000040: 0000 0000 0000 0000 0000 4000 0000 0000 
  IN 000050: 0000 0000 0000 0000 0000 0000 0000 0000 
  IN 000060: 0cc1 ffff 0f00 0000                     
RET  seq=24 conn=3c03 sel=9(0x9) ret=0x0 outStructCnt=88
  OUT.struct len=88
  OUT 000000: 0080 0701 0001 0000 00c0 1406 0100 0000 
  OUT 000010: 400b 2f00 0100 0000 0000 0000 0000 0000 
  OUT 000020: 0000 0000 0f00 0000 0000 4000 0000 0000 
  OUT 000030: 2bba 334a 1500 0000 b537 0700 0000 0000 
  OUT 000040: 0000 0000 0000 0000 0000 0000 0000 0000 
  OUT 000050: 0000 4000 0000 0000                     
CALL seq=25 fn=Method conn=3c03 class=AGXAcceleratorG16G sel=9(0x9) inScalarCnt=0 inStructCnt=104
  IN.struct len=104
  IN 000000: 0000 0000 0000 0000 0100 0100 0100 0000 
  IN 000010: 0101 0001 7004 0000 0000 0000 0000 0000 
  IN 000020: 0000 0000 0000 0000 0000 0000 0000 0000 
  IN 000030: 0100 0000 0000 0000 0000 0000 0000 0000 
  IN 000040: 0000 0000 0000 0000 0000 4000 0000 0000 
  IN 000050: 0000 0000 0000 0000 0000 0000 0000 0000 
  IN 000060: 0cc1 ffff 0f00 0000                     
RET  seq=25 conn=3c03 sel=9(0x9) ret=0x0 outStructCnt=88
  OUT.struct len=88
  OUT 000000: 0000 4801 0001 0000 0080 240b 0100 0000 
  OUT 000010: 000c 2f00 0100 0000 0000 0000 0000 0000 
  OUT 000020: 0000 0000 1000 0000 0000 4000 0000 0000 
  OUT 000030: 2cba 334a 1500 0000 b637 0700 0000 0000 
  OUT 000040: 0000 0000 0000 0000 0000 0000 0000 0000 
  OUT 000050: 0000 4000 0000 0000                     
CALL seq=26 fn=Method conn=3c03 class=AGXAcceleratorG16G sel=9(0x9) inScalarCnt=0 inStructCnt=104
  IN.struct len=104
  IN 000000: 0000 0000 0000 0000 0100 0100 0100 0000 
  IN 000010: 0101 0001 7004 0000 0000 0000 0000 0000 
  IN 000020: 0000 0000 0000 0000 0000 0000 0000 0000 
  IN 000030: 0100 0000 0000 0000 0000 0000 0000 0000 
  IN 000040: 0000 0000 0000 0000 0000 4000 0000 0000 
  IN 000050: 0000 0000 0000 0000 0000 0000 0000 0000 
  IN 000060: 0cc1 ffff 0f00 0000                     
RET  seq=26 conn=3c03 sel=9(0x9) ret=0x0 outStructCnt=88
  OUT.struct len=88
  OUT 000000: 0080 8801 0001 0000 0080 640b 0100 0000 
  OUT 000010: c00c 2f00 0100 0000 0000 0000 0000 0000 
  OUT 000020: 0000 0000 1100 0000 0000 4000 0000 0000 
  OUT 000030: 2dba 334a 1500 0000 b737 0700 0000 0000 
  OUT 000040: 0000 0000 0000 0000 0000 0000 0000 0000 
  OUT 000050: 0000 4000 0000 0000                     
CALL seq=27 fn=Method conn=3c03 class=AGXAcceleratorG16G sel=9(0x9) inScalarCnt=0 inStructCnt=104
  IN.struct len=104
  IN 000000: 0000 0000 0000 0000 0100 0100 0100 0000 
  IN 000010: 0101 0001 7004 0000 0000 0000 0000 0000 
  IN 000020: 0000 0000 0000 0000 0000 0000 0000 0000 
  IN 000030: 0100 0000 0000 0000 0000 0000 0000 0000 
  IN 000040: 0000 0000 0000 0000 0000 4000 0000 0000 
  IN 000050: 0000 0000 0000 0000 0000 0000 0000 0000 
  IN 000060: 0cc1 ffff 0f00 0000                     
RET  seq=27 conn=3c03 sel=9(0x9) ret=0x0 outStructCnt=88
  OUT.struct len=88
  OUT 000000: 0000 c901 0001 0000 0080 a40b 0100 0000 
  OUT 000010: 800d 2f00 0100 0000 0000 0000 0000 0000 
  OUT 000020: 0000 0000 1200 0000 0000 4000 0000 0000 
  OUT 000030: 2eba 334a 1500 0000 b837 0700 0000 0000 
  OUT 000040: 0000 0000 0000 0000 0000 0000 0000 0000 
  OUT 000050: 0000 4000 0000 0000                     
CALL seq=28 fn=Method conn=3c03 class=AGXAcceleratorG16G sel=7(0x7) inScalarCnt=0 inStructCnt=1040
  IN.struct len=1040
  IN 000000: 2f55 7365 7273 2f75 7365 722f 6173 6168 
  IN 000010: 695f 7265 2f70 7562 6c69 632f 6167 782d 
  IN 000020: 7265 2f65 7870 6572 696d 656e 7473 2f45 
  IN 000030: 5850 2d30 3131 382d 6131 382d 7072 6f2d 
  IN 000040: 7061 7274 6961 6c2d 7265 6e64 6572 2d77 
  IN 000050: 6f72 6b6c 6f61 642f 6275 696c 642f 7061 
  IN 000060: 7274 6961 6c5f 7265 6e64 6572 0000 0000 
  IN 000070: 0000 0000 0000 0000 0000 0000 0000 0000 
  IN 000080: 0000 0000 0000 0000 0000 0000 0000 0000 
  IN 000090: 0000 0000 0000 0000 0000 0000 0000 0000 
  IN 0000a0: 0000 0000 0000 0000 0000 0000 0000 0000 
  IN 0000b0: 0000 0000 0000 0000 0000 0000 0000 0000 
  IN 0000c0: 0000 0000 0000 0000 0000 0000 0000 0000 
  IN 0000d0: 0000 0000 0000 0000 0000 0000 0000 0000 
  IN 0000e0: 0000 0000 0000 0000 0000 0000 0000 0000 
  IN 0000f0: 0000 0000 0000 0000 0000 0000 0000 0000 
  IN 000100: 0000 0000 0000 0000 0000 0000 0000 0000 
  IN 000110: 0000 0000 0000 0000 0000 0000 0000 0000 
  IN 000120: 0000 0000 0000 0000 0000 0000 0000 0000 
  IN 000130: 0000 0000 0000 0000 0000 0000 0000 0000 
  IN 000140: 0000 0000 0000 0000 0000 0000 0000 0000 
  IN 000150: 0000 0000 0000 0000 0000 0000 0000 0000 
  IN 000160: 0000 0000 0000 0000 0000 0000 0000 0000 
  IN 000170: 0000 0000 0000 0000 0000 0000 0000 0000 
  IN 000180: 0000 0000 0000 0000 0000 0000 0000 0000 
  IN 000190: 0000 0000 0000 0000 0000 0000 0000 0000 
  IN 0001a0: 0000 0000 0000 0000 0000 0000 0000 0000 
  IN 0001b0: 0000 0000 0000 0000 0000 0000 0000 0000 
  IN 0001c0: 0000 0000 0000 0000 0000 0000 0000 0000 
  IN 0001d0: 0000 0000 0000 0000 0000 0000 0000 0000 
  IN 0001e0: 0000 0000 0000 0000 0000 0000 0000 0000 
  IN 0001f0: 0000 0000 0000 0000 0000 0000 0000 0000 
  IN 000200: 0000 0000 0000 0000 0000 0000 0000 0000 
  IN 000210: 0000 0000 0000 0000 0000 0000 0000 0000 
  IN 000220: 0000 0000 0000 0000 0000 0000 0000 0000 
  IN 000230: 0000 0000 0000 0000 0000 0000 0000 0000 
  IN 000240: 0000 0000 0000 0000 0000 0000 0000 0000 
  IN 000250: 0000 0000 0000 0000 0000 0000 0000 0000 
  IN 000260: 0000 0000 0000 0000 0000 0000 0000 0000 
  IN 000270: 0000 0000 0000 0000 0000 0000 0000 0000 
  IN 000280: 0000 0000 0000 0000 0000 0000 0000 0000 
  IN 000290: 0000 0000 0000 0000 0000 0000 0000 0000 
  IN 0002a0: 0000 0000 0000 0000 0000 0000 0000 0000 
  IN 0002b0: 0000 0000 0000 0000 0000 0000 0000 0000 
  IN 0002c0: 0000 0000 0000 0000 0000 0000 0000 0000 
  IN 0002d0: 0000 0000 0000 0000 0000 0000 0000 0000 
  IN 0002e0: 0000 0000 0000 0000 0000 0000 0000 0000 
  IN 0002f0: 0000 0000 0000 0000 0000 0000 0000 0000 
  IN 000300: 0000 0000 0000 0000 0000 0000 0000 0000 
  IN 000310: 0000 0000 0000 0000 0000 0000 0000 0000 
  IN 000320: 0000 0000 0000 0000 0000 0000 0000 0000 
  IN 000330: 0000 0000 0000 0000 0000 0000 0000 0000 
  IN 000340: 0000 0000 0000 0000 0000 0000 0000 0000 
  IN 000350: 0000 0000 0000 0000 0000 0000 0000 0000 
  IN 000360: 0000 0000 0000 0000 0000 0000 0000 0000 
  IN 000370: 0000 0000 0000 0000 0000 0000 0000 0000 
  IN 000380: 0000 0000 0000 0000 0000 0000 0000 0000 
  IN 000390: 0000 002f 5573 6572 732f 7573 6572 2f61 
  IN 0003a0: 7361 6869 5f72 652f 7075 626c 6963 2f61 
  IN 0003b0: 6778 2d72 652f 6578 7065 7269 6d65 6e74 
  IN 0003c0: 732f 4558 502d 3031 3138 2d61 3138 2d70 
  IN 0003d0: 726f 2d70 6172 7469 616c 2d72 656e 6465 
  IN 0003e0: 722d 776f 726b 6c6f 6164 2f62 7569 6c64 
  IN 0003f0: 2f70 6172 7469 616c 5f72 656e 6465 7200 
  IN 000400: 0200 0000 0000 0000 ffff ffff 0100 0000 
RET  seq=28 conn=3c03 sel=7(0x7) ret=0x0 outStructCnt=16
  OUT.struct len=16
  OUT 000000: 0100 0000 0000 0000 2fba 334a 1500 0000 
CALL seq=29 fn=Method conn=3c03 class=AGXAcceleratorG16G sel=16(0x10) inScalarCnt=2 inStructCnt=0 inScalars=[0x100,0x28]
RET  seq=29 conn=3c03 sel=16(0x10) ret=0x0 outStructCnt=16
  OUT.struct len=16
  OUT 000000: 00c0 3600 0100 0000 0100 0000 0000 0000 
CALL seq=30 fn=Method conn=3c03 class=AGXAcceleratorG16G sel=28(0x1c) inScalarCnt=2 inStructCnt=0 inScalars=[0x1,0x1]
RET  seq=30 conn=3c03 sel=28(0x1c) ret=0x0
CALL seq=31 fn=Method conn=3c03 class=AGXAcceleratorG16G sel=9(0x9) inScalarCnt=0 inStructCnt=104
  IN.struct len=104
  IN 000000: 8000 0000 0000 0000 0100 0100 0100 0000 
  IN 000010: 0101 0001 300c 0000 0000 0000 0000 0000 
  IN 000020: 0000 0000 0000 0000 0000 0000 0000 0000 
  IN 000030: 0000 0000 0000 0000 00c8 3200 0100 0000 
  IN 000040: 00c0 3200 0100 0000 0000 0200 0000 0000 
  IN 000050: 0300 0000 0000 0000 0000 0000 1800 0000 
  IN 000060: 30e5 0947 0700 0000                     
RET  seq=31 conn=3c03 sel=9(0x9) ret=0x0 outStructCnt=88
  OUT.struct len=88
  OUT 000000: 0088 0100 0001 0000 0000 0000 0000 0000 
  OUT 000010: 400e 2f00 0100 0000 0000 0000 0000 0000 
  OUT 000020: 0000 0000 1300 0000 0000 0200 0000 0000 
  OUT 000030: 32ba 334a 1500 0000 ae37 0700 0000 0000 
  OUT 000040: 0000 0000 0000 0000 0000 0000 0000 0000 
  OUT 000050: 00f8 0100 0000 0000                     
CALL seq=32 fn=Method conn=3c03 class=AGXAcceleratorG16G sel=9(0x9) inScalarCnt=0 inStructCnt=104
  IN.struct len=104
  IN 000000: 8000 0000 0000 0000 0100 0100 0100 0000 
  IN 000010: 0101 0001 300c 0000 0000 0000 0000 0000 
  IN 000020: 0000 0000 0000 0000 0000 0000 0000 0000 
  IN 000030: 0000 0000 0000 0000 00c9 3200 0100 0000 
  IN 000040: 00c0 3200 0100 0000 0000 0200 0000 0000 
  IN 000050: 0300 0000 0000 0000 0000 0000 1800 0000 
  IN 000060: 50e8 0947 0700 0000                     
RET  seq=32 conn=3c03 sel=9(0x9) ret=0x0 outStructCnt=88
  OUT.struct len=88
  OUT 000000: 0089 0100 0001 0000 0000 0000 0000 0000 
  OUT 000010: 000f 2f00 0100 0000 0000 0000 0000 0000 
  OUT 000020: 0000 0000 1400 0000 0000 0200 0000 0000 
  OUT 000030: 33ba 334a 1500 0000 ae37 0700 0000 0000 
  OUT 000040: 0000 0000 0000 0000 0000 0000 0000 0000 
  OUT 000050: 00f7 0100 0000 0000                     
CALL seq=33 fn=Method conn=3c03 class=AGXAcceleratorG16G sel=9(0x9) inScalarCnt=0 inStructCnt=104
  IN.struct len=104
  IN 000000: 8000 0000 0000 0000 0100 0100 0100 0000 
  IN 000010: 0101 0001 300c 0000 0000 0000 0000 0000 
  IN 000020: 0000 0000 0000 0000 0000 0000 0000 0000 
  IN 000030: 0000 0000 0000 0000 00ca 3200 0100 0000 
  IN 000040: 00c0 3200 0100 0000 0000 0200 0000 0000 
  IN 000050: 0300 0000 0000 0000 0000 0000 1800 0000 
  IN 000060: 70eb 0947 0700 0000                     
RET  seq=33 conn=3c03 sel=9(0x9) ret=0x0 outStructCnt=88
  OUT.struct len=88
  OUT 000000: 008a 0100 0001 0000 0000 0000 0000 0000 
  OUT 000010: c00f 2f00 0100 0000 0000 0000 0000 0000 
  OUT 000020: 0000 0000 1500 0000 0000 0200 0000 0000 
  OUT 000030: 34ba 334a 1500 0000 ae37 0700 0000 0000 
  OUT 000040: 0000 0000 0000 0000 0000 0000 0000 0000 
  OUT 000050: 00f6 0100 0000 0000                     
CALL seq=34 fn=Method conn=3c03 class=AGXAcceleratorG16G sel=9(0x9) inScalarCnt=0 inStructCnt=104
  IN.struct len=104
  IN 000000: 8000 0000 0000 0000 0100 0100 0100 0000 
  IN 000010: 0101 0001 300c 0000 0000 0000 0000 0000 
  IN 000020: 0000 0000 0000 0000 0000 0000 0000 0000 
  IN 000030: 0000 0000 0000 0000 00da 3200 0100 0000 
  IN 000040: 00c0 3200 0100 0000 0000 0200 0000 0000 
  IN 000050: 0300 0000 0000 0000 0000 0000 1800 0000 
  IN 000060: 90ee 0947 0700 0000                     
RET  seq=34 conn=3c03 sel=9(0x9) ret=0x0 outStructCnt=88
  OUT.struct len=88
  OUT 000000: 009a 0100 0001 0000 0000 0000 0000 0000 
  OUT 000010: 8010 2f00 0100 0000 0000 0000 0000 0000 
  OUT 000020: 0000 0000 1600 0000 0000 0200 0000 0000 
  OUT 000030: 35ba 334a 1500 0000 ae37 0700 0000 0000 
  OUT 000040: 0000 0000 0000 0000 0000 0000 0000 0000 
  OUT 000050: 00e6 0100 0000 0000                     
CALL seq=35 fn=Method conn=3c03 class=AGXAcceleratorG16G sel=9(0x9) inScalarCnt=0 inStructCnt=104
  IN.struct len=104
  IN 000000: 8000 0000 0000 0000 0100 0100 0100 0000 
  IN 000010: 0101 0001 300c 0000 0000 0000 0000 0000 
  IN 000020: 0000 0000 0000 0000 0000 0000 0000 0000 
  IN 000030: 0000 0000 0000 0000 00db 3200 0100 0000 
  IN 000040: 00c0 3200 0100 0000 0000 0200 0000 0000 
  IN 000050: 0300 0000 0000 0000 0000 0000 1800 0000 
  IN 000060: 98f1 0947 0700 0000                     
RET  seq=35 conn=3c03 sel=9(0x9) ret=0x0 outStructCnt=88
  OUT.struct len=88
  OUT 000000: 009b 0100 0001 0000 0000 0000 0000 0000 
  OUT 000010: 4011 2f00 0100 0000 0000 0000 0000 0000 
  OUT 000020: 0000 0000 1700 0000 0000 0200 0000 0000 
  OUT 000030: 36ba 334a 1500 0000 ae37 0700 0000 0000 
  OUT 000040: 0000 0000 0000 0000 0000 0000 0000 0000 
  OUT 000050: 00e5 0100 0000 0000                     
CALL seq=36 fn=Method conn=3c03 class=AGXAcceleratorG16G sel=9(0x9) inScalarCnt=0 inStructCnt=104
  IN.struct len=104
  IN 000000: 8000 0000 0000 0000 0100 0100 0100 0000 
  IN 000010: 0101 0001 300c 0000 0000 0000 0000 0000 
  IN 000020: 0000 0000 0000 0000 0000 0000 0000 0000 
  IN 000030: 0000 0000 0000 0000 00dc 3200 0100 0000 
  IN 000040: 00c0 3200 0100 0000 0000 0200 0000 0000 
  IN 000050: 0300 0000 0000 0000 0000 0000 1800 0000 
  IN 000060: a0f4 0947 0700 0000                     
RET  seq=36 conn=3c03 sel=9(0x9) ret=0x0 outStructCnt=88
  OUT.struct len=88
  OUT 000000: 009c 0100 0001 0000 0000 0000 0000 0000 
  OUT 000010: 0012 2f00 0100 0000 0000 0000 0000 0000 
  OUT 000020: 0000 0000 1800 0000 0000 0200 0000 0000 
  OUT 000030: 37ba 334a 1500 0000 ae37 0700 0000 0000 
  OUT 000040: 0000 0000 0000 0000 0000 0000 0000 0000 
  OUT 000050: 00e4 0100 0000 0000                     
CALL seq=37 fn=Method conn=3c03 class=AGXAcceleratorG16G sel=9(0x9) inScalarCnt=0 inStructCnt=104
  IN.struct len=104
  IN 000000: 8000 0000 0000 0000 0100 0100 0100 0000 
  IN 000010: 0101 0001 300c 0000 0000 0000 0000 0000 
  IN 000020: 0000 0000 0000 0000 0000 0000 0000 0000 
  IN 000030: 0000 0000 0000 0000 00dd 3200 0100 0000 
  IN 000040: 00c0 3200 0100 0000 0000 0200 0000 0000 
  IN 000050: 0300 0000 0000 0000 0000 0000 1800 0000 
  IN 000060: a8f7 0947 0700 0000                     
RET  seq=37 conn=3c03 sel=9(0x9) ret=0x0 outStructCnt=88
  OUT.struct len=88
  OUT 000000: 009d 0100 0001 0000 0000 0000 0000 0000 
  OUT 000010: c012 2f00 0100 0000 0000 0000 0000 0000 
  OUT 000020: 0000 0000 1900 0000 0000 0200 0000 0000 
  OUT 000030: 38ba 334a 1500 0000 ae37 0700 0000 0000 
  OUT 000040: 0000 0000 0000 0000 0000 0000 0000 0000 
  OUT 000050: 00e3 0100 0000 0000                     
CALL seq=38 fn=Method conn=3c03 class=AGXAcceleratorG16G sel=9(0x9) inScalarCnt=0 inStructCnt=104
  IN.struct len=104
  IN 000000: 8000 0000 0000 0000 0100 0100 0100 0000 
  IN 000010: 0101 0001 300c 0000 0000 0000 0000 0000 
  IN 000020: 0000 0000 0000 0000 0000 0000 0000 0000 
  IN 000030: 0000 0000 0000 0000 00e5 3200 0100 0000 
  IN 000040: 00c0 3200 0100 0000 0000 0200 0000 0000 
  IN 000050: 0300 0000 0000 0000 0000 0000 1800 0000 
  IN 000060: b0fa 0947 0700 0000                     
RET  seq=38 conn=3c03 sel=9(0x9) ret=0x0 outStructCnt=88
  OUT.struct len=88
  OUT 000000: 00a5 0100 0001 0000 0000 0000 0000 0000 
  OUT 000010: 8013 2f00 0100 0000 0000 0000 0000 0000 
  OUT 000020: 0000 0000 1a00 0000 0000 0200 0000 0000 
  OUT 000030: 39ba 334a 1500 0000 ae37 0700 0000 0000 
  OUT 000040: 0000 0000 0000 0000 0000 0000 0000 0000 
  OUT 000050: 00db 0100 0000 0000                     
CALL seq=39 fn=Method conn=3c03 class=AGXAcceleratorG16G sel=9(0x9) inScalarCnt=0 inStructCnt=104
  IN.struct len=104
  IN 000000: 8000 0000 0000 0000 0100 0100 0100 0000 
  IN 000010: 0101 0001 300c 0000 0000 0000 0000 0000 
  IN 000020: 0000 0000 0000 0000 0000 0000 0000 0000 
  IN 000030: 0000 0000 0000 0000 00e6 3200 0100 0000 
  IN 000040: 00c0 3200 0100 0000 0000 0200 0000 0000 
  IN 000050: 0300 0000 0000 0000 0000 0000 1800 0000 
  IN 000060: 8809 f206 0100 0000                     
RET  seq=39 conn=3c03 sel=9(0x9) ret=0x0 outStructCnt=88
  OUT.struct len=88
  OUT 000000: 00a6 0100 0001 0000 0000 0000 0000 0000 
  OUT 000010: 4014 2f00 0100 0000 0000 0000 0000 0000 
  OUT 000020: 0000 0000 1b00 0000 0000 0200 0000 0000 
  OUT 000030: 3aba 334a 1500 0000 ae37 0700 0000 0000 
  OUT 000040: 0000 0000 0000 0000 0000 0000 0000 0000 
  OUT 000050: 00da 0100 0000 0000                     
CALL seq=40 fn=Method conn=3c03 class=AGXAcceleratorG16G sel=9(0x9) inScalarCnt=0 inStructCnt=104
  IN.struct len=104
  IN 000000: 0000 0000 0000 0000 0100 0100 0100 0000 
  IN 000010: 0101 0001 7004 0000 0000 0000 0000 0000 
  IN 000020: 0000 0000 0000 0000 0000 0000 0000 0000 
  IN 000030: 0100 0000 0000 0000 0000 0000 0000 0000 
  IN 000040: 0000 0000 0000 0000 0000 0200 0000 0000 
  IN 000050: 0000 0000 0000 0000 0000 0000 0000 0000 
  IN 000060: 8809 f206 0100 0000                     
RET  seq=40 conn=3c03 sel=9(0x9) ret=0x0 outStructCnt=88
  OUT.struct len=88
  OUT 000000: 0080 0902 0001 0000 0000 3700 0100 0000 
  OUT 000010: 0015 2f00 0100 0000 0000 0000 0000 0000 
  OUT 000020: 0000 0000 1c00 0000 0000 0200 0000 0000 
  OUT 000030: 3bba 334a 1500 0000 bb37 0700 0000 0000 
  OUT 000040: 0000 0000 0000 0000 0000 0000 0000 0000 
  OUT 000050: 0000 0200 0000 0000                     
CALL seq=41 fn=Method conn=3c03 class=AGXAcceleratorG16G sel=9(0x9) inScalarCnt=0 inStructCnt=104
  IN.struct len=104
  IN 000000: 8000 0000 0000 0000 0100 0100 0100 0000 
  IN 000010: 0101 0001 300c 0000 0000 0000 0000 0000 
  IN 000020: 0000 0000 0000 0000 0000 0000 0000 0000 
  IN 000030: 0000 0000 0000 0000 0000 3700 0100 0000 
  IN 000040: 0000 3700 0100 0000 0000 0200 0000 0000 
  IN 000050: 1c00 0000 0000 0000 0000 0000 1800 0000 
  IN 000060: 00c0 0947 0700 0000                     
RET  seq=41 conn=3c03 sel=9(0x9) ret=0x0 outStructCnt=88
  OUT.struct len=88
  OUT 000000: 0080 0902 0001 0000 0000 0000 0000 0000 
  OUT 000010: c015 2f00 0100 0000 0000 0000 0000 0000 
  OUT 000020: 0000 0000 1d00 0000 0000 0200 0000 0000 
  OUT 000030: 3cba 334a 1500 0000 bb37 0700 0000 0000 
  OUT 000040: 0000 0000 0000 0000 0000 0000 0000 0000 
  OUT 000050: 0000 0200 0000 0000                     
CALL seq=42 fn=Struct conn=3c03 class=AGXAcceleratorG16G sel=6(0x6) inScalarCnt=0 inStructCnt=0
RET  seq=42 conn=3c03 sel=6(0x6) ret=0x0 outStructCnt=16
  OUT.struct len=16
  OUT 000000: 3dba 334a 1500 0000 3dba 334b 1500 0000 
CALL seq=43 fn=Method conn=3c03 class=AGXAcceleratorG16G sel=14(0xe) inScalarCnt=2 inStructCnt=0 inScalars=[0x4000,0x0]
RET  seq=43 conn=3c03 sel=14(0xe) ret=0x0 outStructCnt=16
  OUT.struct len=16
  OUT 000000: 0000 3900 0100 0000 0040 0000 0100 0000 
CALL seq=44 fn=Method conn=3c03 class=AGXAcceleratorG16G sel=14(0xe) inScalarCnt=2 inStructCnt=0 inScalars=[0x4000,0x1]
RET  seq=44 conn=3c03 sel=14(0xe) ret=0x0 outStructCnt=16
  OUT.struct len=16
  OUT 000000: 0040 3900 0100 0000 0040 0000 0200 0000 
CALL seq=45 fn=Method conn=3c03 class=AGXAcceleratorG16G sel=9(0x9) inScalarCnt=0 inStructCnt=104
  IN.struct len=104
  IN 000000: 0000 0000 0000 0000 0100 0100 0100 0000 
  IN 000010: 0101 0001 3004 0000 0000 0000 0000 0000 
  IN 000020: 0000 0000 0000 0000 0000 0000 0000 0000 
  IN 000030: 0000 0000 0000 0000 0000 0000 0000 0000 
  IN 000040: 0000 0000 0000 0000 0040 0700 0000 0000 
  IN 000050: 0000 0000 0000 0000 0000 0008 1800 0000 
  IN 000060: 0000 0000 0000 0000                     
RET  seq=45 conn=3c03 sel=9(0x9) ret=0x0 outStructCnt=88
  OUT.struct len=88
  OUT 000000: 0000 0c02 0001 0000 0080 3900 0100 0000 
  OUT 000010: 8016 2f00 0100 0000 0000 0000 0000 0000 
  OUT 000020: 0000 0000 1e00 0000 0040 0700 0000 0000 
  OUT 000030: 3dba 334b 1500 0000 bc37 0700 0000 0000 
  OUT 000040: 0000 0000 0000 0000 0000 0000 0000 0000 
  OUT 000050: 0040 0700 0000 0000                     
CALL seq=46 fn=Method conn=3c03 class=AGXAcceleratorG16G sel=9(0x9) inScalarCnt=0 inStructCnt=104
  IN.struct len=104
  IN 000000: 0000 0000 0000 0000 0080 0100 0100 0000 
  IN 000010: 0101 0001 30c4 0000 0000 0000 0000 0000 
  IN 000020: 0000 0000 0000 0000 0000 0000 0000 0000 
  IN 000030: 0000 0000 0000 0000 0000 0000 0000 0000 
  IN 000040: 0000 0000 0000 0000 0080 0000 0000 0000 
  IN 000050: 0000 0000 0000 0000 0000 0038 0000 0000 
  IN 000060: 0000 0000 0000 0000                     
RET  seq=46 conn=3c03 sel=9(0x9) ret=0x0 outStructCnt=88
  OUT.struct len=88
  OUT 000000: 0080 0100 0000 0000 00c0 4000 0100 0000 
  OUT 000010: 4017 2f00 0100 0000 0000 0000 0000 0000 
  OUT 000020: 0000 0000 1f00 0000 0080 0000 0000 0000 
  OUT 000030: 3eba 334b 1500 0000 bd37 0700 0000 0000 
  OUT 000040: 0000 0000 0000 0000 0000 0000 0000 0000 
  OUT 000050: 0080 0000 0000 0000                     
CALL seq=47 fn=Method conn=3c03 class=AGXAcceleratorG16G sel=9(0x9) inScalarCnt=0 inStructCnt=104
  IN.struct len=104
  IN 000000: 0000 0000 0000 0000 0080 0100 0100 0000 
  IN 000010: 0101 0001 30c4 0000 0000 0000 0000 0000 
  IN 000020: 0000 0000 0000 0000 0000 0000 0000 0000 
  IN 000030: 0000 0000 0000 0000 0000 0000 0000 0000 
  IN 000040: 0000 0000 0000 0000 0080 0000 0000 0000 
  IN 000050: 0000 0000 0000 0000 0000 0038 0000 0000 
  IN 000060: 0000 0000 0000 0000                     
RET  seq=47 conn=3c03 sel=9(0x9) ret=0x0 outStructCnt=88
  OUT.struct len=88
  OUT 000000: 0080 0200 0000 0000 0040 4100 0100 0000 
  OUT 000010: 0018 2f00 0100 0000 0000 0000 0000 0000 
  OUT 000020: 0000 0000 2000 0000 0080 0000 0000 0000 
  OUT 000030: 3fba 334b 1500 0000 be37 0700 0000 0000 
  OUT 000040: 0000 0000 0000 0000 0000 0000 0000 0000 
  OUT 000050: 0080 0000 0000 0000                     
CALL seq=48 fn=Method conn=3c03 class=AGXAcceleratorG16G sel=9(0x9) inScalarCnt=0 inStructCnt=104
  IN.struct len=104
  IN 000000: 0000 0000 0000 0000 0080 0100 0100 0000 
  IN 000010: 0101 0001 30c4 0000 0000 0000 0000 0000 
  IN 000020: 0000 0000 0000 0000 0000 0000 0000 0000 
  IN 000030: 0000 0000 0000 0000 0000 0000 0000 0000 
  IN 000040: 0000 0000 0000 0000 0080 0000 0000 0000 
  IN 000050: 0000 0000 0000 0000 0000 0038 0000 0000 
  IN 000060: 0000 0000 0000 0000                     
RET  seq=48 conn=3c03 sel=9(0x9) ret=0x0 outStructCnt=88
  OUT.struct len=88
  OUT 000000: 0080 0300 0000 0000 00c0 4100 0100 0000 
  OUT 000010: c018 2f00 0100 0000 0000 0000 0000 0000 
  OUT 000020: 0000 0000 2100 0000 0080 0000 0000 0000 
  OUT 000030: 40ba 334b 1500 0000 bf37 0700 0000 0000 
  OUT 000040: 0000 0000 0000 0000 0000 0000 0000 0000 
  OUT 000050: 0080 0000 0000 0000                     
CALL seq=49 fn=Method conn=3c03 class=AGXAcceleratorG16G sel=9(0x9) inScalarCnt=0 inStructCnt=104
  IN.struct len=104
  IN 000000: 0000 0000 0000 0000 0080 0100 0100 0000 
  IN 000010: 0101 0001 3044 0000 0000 0000 0000 0000 
  IN 000020: 0000 0000 0000 0000 0000 0000 0000 0000 
  IN 000030: 0000 0000 0000 0000 0000 0000 0000 0000 
  IN 000040: 0000 0000 0000 0000 0080 0000 0000 0000 
  IN 000050: 0000 0000 0000 0000 0000 0008 4800 0000 
  IN 000060: 0000 0000 0000 0000                     
RET  seq=49 conn=3c03 sel=9(0x9) ret=0x0 outStructCnt=88
  OUT.struct len=88
  OUT 000000: 0080 1302 0001 0000 0040 4200 0100 0000 
  OUT 000010: 8019 2f00 0100 0000 0000 0000 0000 0000 
  OUT 000020: 0000 0000 2200 0000 0080 0000 0000 0000 
  OUT 000030: 41ba 334b 1500 0000 c037 0700 0000 0000 
  OUT 000040: 0000 0000 0000 0000 0000 0000 0000 0000 
  OUT 000050: 0080 0000 0000 0000                     
CALL seq=50 fn=Method conn=3c03 class=AGXAcceleratorG16G sel=9(0x9) inScalarCnt=0 inStructCnt=104
  IN.struct len=104
  IN 000000: 0000 0000 0000 0000 0080 0100 0100 0000 
  IN 000010: 0101 0001 3044 0000 0000 0000 0000 0000 
  IN 000020: 0000 0000 0000 0000 0000 0000 0000 0000 
  IN 000030: 0000 0000 0000 0000 0000 0000 0000 0000 
  IN 000040: 0000 0000 0000 0000 0080 0000 0000 0000 
  IN 000050: 0000 0000 0000 0000 0000 0008 0000 0000 
  IN 000060: 0000 0000 0000 0000                     
RET  seq=50 conn=3c03 sel=9(0x9) ret=0x0 outStructCnt=88
  OUT.struct len=88
  OUT 000000: 0080 1402 0001 0000 00c0 4200 0100 0000 
  OUT 000010: 401a 2f00 0100 0000 0000 0000 0000 0000 
  OUT 000020: 0000 0000 2300 0000 0080 0000 0000 0000 
  OUT 000030: 42ba 334b 1500 0000 c137 0700 0000 0000 
  OUT 000040: 0000 0000 0000 0000 0000 0000 0000 0000 
  OUT 000050: 0080 0000 0000 0000                     
CALL seq=51 fn=Method conn=3c03 class=AGXAcceleratorG16G sel=9(0x9) inScalarCnt=0 inStructCnt=104
  IN.struct len=104
  IN 000000: 0000 0000 0000 0000 0080 0100 0100 0000 
  IN 000010: 0101 0001 3044 0000 0000 0000 0000 0000 
  IN 000020: 0000 0000 0000 0000 0000 0000 0000 0000 
  IN 000030: 0000 0000 0000 0000 0000 0000 0000 0000 
  IN 000040: 0000 0000 0000 0000 0080 0000 0000 0000 
  IN 000050: 0000 0000 0000 0000 0000 0018 0000 0000 
  IN 000060: 0000 0000 0000 0000                     
RET  seq=51 conn=3c03 sel=9(0x9) ret=0x0 outStructCnt=88
  OUT.struct len=88
  OUT 000000: 0080 1502 0001 0000 0040 4300 0100 0000 
  OUT 000010: 001b 2f00 0100 0000 0000 0000 0000 0000 
  OUT 000020: 0000 0000 2400 0000 0080 0000 0000 0000 
  OUT 000030: 45ba 334b 1500 0000 c237 0700 0000 0000 
  OUT 000040: 0000 0000 0000 0000 0000 0000 0000 0000 
  OUT 000050: 0080 0000 0000 0000                     
CALL seq=52 fn=Method conn=3c03 class=AGXAcceleratorG16G sel=9(0x9) inScalarCnt=0 inStructCnt=104
  IN.struct len=104
  IN 000000: 0000 0000 0000 0000 0080 0100 0100 0000 
  IN 000010: 0101 0001 3044 0000 0000 0000 0000 0000 
  IN 000020: 0000 0000 0000 0000 0000 0000 0000 0000 
  IN 000030: 0000 0000 0000 0000 0000 0000 0000 0000 
  IN 000040: 0000 0000 0000 0000 0080 0000 0000 0000 
  IN 000050: 0000 0000 0000 0000 0000 0018 0000 0000 
  IN 000060: 0000 0000 0000 0000                     
RET  seq=52 conn=3c03 sel=9(0x9) ret=0x0 outStructCnt=88
  OUT.struct len=88
  OUT 000000: 0080 1602 0001 0000 00c0 4300 0100 0000 
  OUT 000010: c01b 2f00 0100 0000 0000 0000 0000 0000 
  OUT 000020: 0000 0000 2500 0000 0080 0000 0000 0000 
  OUT 000030: 46ba 334b 1500 0000 c337 0700 0000 0000 
  OUT 000040: 0000 0000 0000 0000 0000 0000 0000 0000 
  OUT 000050: 0080 0000 0000 0000                     
CALL seq=53 fn=Method conn=3c03 class=AGXAcceleratorG16G sel=9(0x9) inScalarCnt=0 inStructCnt=104
  IN.struct len=104
  IN 000000: 0000 0000 0000 0000 0000 0100 0100 0000 
  IN 000010: 0101 0001 3044 0000 0000 0000 0000 0000 
  IN 000020: 0000 0000 0000 0000 0000 0000 0000 0000 
  IN 000030: 0000 0000 0000 0000 0000 0000 0000 0000 
  IN 000040: 0000 0000 0000 0000 0000 1000 0000 0000 
  IN 000050: 0000 0000 0000 0000 0000 0018 0000 0000 
  IN 000060: 0000 0000 0000 0000                     
RET  seq=53 conn=3c03 sel=9(0x9) ret=0x0 outStructCnt=88
  OUT.struct len=88
  OUT 000000: 0080 1702 0001 0000 00c0 5406 0100 0000 
  OUT 000010: 801c 2f00 0100 0000 0000 0000 0000 0000 
  OUT 000020: 0000 0000 2600 0000 0000 1000 0000 0000 
  OUT 000030: 47ba 334b 1500 0000 c437 0700 0000 0000 
  OUT 000040: 0000 0000 0000 0000 0000 0000 0000 0000 
  OUT 000050: 0000 1000 0000 0000                     
CALL seq=54 fn=Method conn=3c03 class=AGXAcceleratorG16G sel=9(0x9) inScalarCnt=0 inStructCnt=104
  IN.struct len=104
  IN 000000: 0000 0000 0000 0000 0080 0100 0100 0000 
  IN 000010: 0101 0001 30c4 0000 0000 0000 0000 0000 
  IN 000020: 0000 0000 0000 0000 0000 0000 0000 0000 
  IN 000030: 0000 0000 0000 0000 0000 0000 0000 0000 
  IN 000040: 0000 0000 0000 0000 0080 0000 0000 0000 
  IN 000050: 0000 0000 0000 0000 0000 0038 0000 0000 
  IN 000060: 0000 0000 0000 0000                     
RET  seq=54 conn=3c03 sel=9(0x9) ret=0x0 outStructCnt=88
  OUT.struct len=88
  OUT 000000: 0080 0400 0000 0000 0040 4400 0100 0000 
  OUT 000010: 401d 2f00 0100 0000 0000 0000 0000 0000 
  OUT 000020: 0000 0000 2700 0000 0080 0000 0000 0000 
  OUT 000030: 4cba 334b 1500 0000 c537 0700 0000 0000 
  OUT 000040: 0000 0000 0000 0000 0000 0000 0000 0000 
  OUT 000050: 0080 0000 0000 0000                     
CALL seq=55 fn=Method conn=3c03 class=AGXAcceleratorG16G sel=9(0x9) inScalarCnt=0 inStructCnt=104
  IN.struct len=104
  IN 000000: 0000 0000 0000 0000 0080 0100 0100 0000 
  IN 000010: 0101 0001 3044 0000 0000 0000 0000 0000 
  IN 000020: 0000 0000 0000 0000 0000 0000 0000 0000 
  IN 000030: 0000 0000 0000 0000 0000 0000 0000 0000 
  IN 000040: 0000 0000 0000 0000 0080 0000 0000 0000 
  IN 000050: 0000 0000 0000 0000 0000 0018 0000 0000 
  IN 000060: 0000 0000 0000 0000                     
RET  seq=55 conn=3c03 sel=9(0x9) ret=0x0 outStructCnt=88
  OUT.struct len=88
  OUT 000000: 0000 2802 0001 0000 00c0 4400 0100 0000 
  OUT 000010: 001e 2f00 0100 0000 0000 0000 0000 0000 
  OUT 000020: 0000 0000 2800 0000 0080 0000 0000 0000 
  OUT 000030: 53ba 334b 1500 0000 c637 0700 0000 0000 
  OUT 000040: 0000 0000 0000 0000 0000 0000 0000 0000 
  OUT 000050: 0080 0000 0000 0000                     
CALL seq=56 fn=Method conn=3c03 class=AGXAcceleratorG16G sel=9(0x9) inScalarCnt=0 inStructCnt=104
  IN.struct len=104
  IN 000000: 0000 0000 0000 0000 0080 0100 0100 0000 
  IN 000010: 0101 0001 3044 0000 0000 0000 0000 0000 
  IN 000020: 0000 0000 0000 0000 0000 0000 0000 0000 
  IN 000030: 0000 0000 0000 0000 0000 0000 0000 0000 
  IN 000040: 0000 0000 0000 0000 0080 0000 0000 0000 
  IN 000050: 0000 0000 0000 0000 0000 0008 0000 0000 
  IN 000060: 0000 0000 0000 0000                     
RET  seq=56 conn=3c03 sel=9(0x9) ret=0x0 outStructCnt=88
  OUT.struct len=88
  OUT 000000: 0000 2902 0001 0000 0040 4500 0100 0000 
  OUT 000010: c01e 2f00 0100 0000 0000 0000 0000 0000 
  OUT 000020: 0000 0000 2900 0000 0080 0000 0000 0000 
  OUT 000030: 56ba 334b 1500 0000 c737 0700 0000 0000 
  OUT 000040: 0000 0000 0000 0000 0000 0000 0000 0000 
  OUT 000050: 0080 0000 0000 0000                     
CALL seq=57 fn=Method conn=3c03 class=AGXAcceleratorG16G sel=9(0x9) inScalarCnt=0 inStructCnt=104
  IN.struct len=104
  IN 000000: 0000 0000 0000 0000 0080 0100 0100 0000 
  IN 000010: 0101 0001 3044 0000 0000 0000 0000 0000 
  IN 000020: 0000 0000 0000 0000 0000 0000 0000 0000 
  IN 000030: 0000 0000 0000 0000 0000 0000 0000 0000 
  IN 000040: 0000 0000 0000 0000 0080 0000 0000 0000 
  IN 000050: 0000 0000 0000 0000 0000 0008 0000 0000 
  IN 000060: 0000 0000 0000 0000                     
RET  seq=57 conn=3c03 sel=9(0x9) ret=0x0 outStructCnt=88
  OUT.struct len=88
  OUT 000000: 0000 2a02 0001 0000 00c0 4500 0100 0000 
  OUT 000010: 801f 2f00 0100 0000 0000 0000 0000 0000 
  OUT 000020: 0000 0000 2a00 0000 0080 0000 0000 0000 
  OUT 000030: 57ba 334b 1500 0000 c837 0700 0000 0000 
  OUT 000040: 0000 0000 0000 0000 0000 0000 0000 0000 
  OUT 000050: 0080 0000 0000 0000                     
CALL seq=58 fn=Method conn=3c03 class=AGXAcceleratorG16G sel=9(0x9) inScalarCnt=0 inStructCnt=104
  IN.struct len=104
  IN 000000: 0000 0000 0000 0000 0080 0100 0100 0000 
  IN 000010: 0101 0001 3044 0000 0000 0000 0000 0000 
  IN 000020: 0000 0000 0000 0000 0000 0000 0000 0000 
  IN 000030: 0000 0000 0000 0000 0000 0000 0000 0000 
  IN 000040: 0000 0000 0000 0000 0080 0000 0000 0000 
  IN 000050: 0000 0000 0000 0000 0000 0008 0000 0000 
  IN 000060: 0000 0000 0000 0000                     
RET  seq=58 conn=3c03 sel=9(0x9) ret=0x0 outStructCnt=88
  OUT.struct len=88
  OUT 000000: 0000 2b02 0001 0000 0040 4600 0100 0000 
  OUT 000010: 4020 2f00 0100 0000 0000 0000 0000 0000 
  OUT 000020: 0000 0000 2b00 0000 0080 0000 0000 0000 
  OUT 000030: 58ba 334b 1500 0000 c937 0700 0000 0000 
  OUT 000040: 0000 0000 0000 0000 0000 0000 0000 0000 
  OUT 000050: 0080 0000 0000 0000                     
CALL seq=59 fn=Method conn=3c03 class=AGXAcceleratorG16G sel=9(0x9) inScalarCnt=0 inStructCnt=104
  IN.struct len=104
  IN 000000: 0000 0000 0000 0000 0080 0100 0100 0000 
  IN 000010: 0101 0001 3044 0000 0000 0000 0000 0000 
  IN 000020: 0000 0000 0000 0000 0000 0000 0000 0000 
  IN 000030: 0000 0000 0000 0000 0000 0000 0000 0000 
  IN 000040: 0000 0000 0000 0000 0080 0000 0000 0000 
  IN 000050: 0000 0000 0000 0000 0000 0008 0000 0000 
  IN 000060: 0000 0000 0000 0000                     
RET  seq=59 conn=3c03 sel=9(0x9) ret=0x0 outStructCnt=88
  OUT.struct len=88
  OUT 000000: 0000 2c02 0001 0000 00c0 4600 0100 0000 
  OUT 000010: 0021 2f00 0100 0000 0000 0000 0000 0000 
  OUT 000020: 0000 0000 2c00 0000 0080 0000 0000 0000 
  OUT 000030: 59ba 334b 1500 0000 ca37 0700 0000 0000 
  OUT 000040: 0000 0000 0000 0000 0000 0000 0000 0000 
  OUT 000050: 0080 0000 0000 0000                     
CALL seq=60 fn=Method conn=3c03 class=AGXAcceleratorG16G sel=9(0x9) inScalarCnt=0 inStructCnt=104
  IN.struct len=104
  IN 000000: 0000 0000 0000 0000 0080 0100 0100 0000 
  IN 000010: 0101 0001 30c4 0000 0000 0000 0000 0000 
  IN 000020: 0000 0000 0000 0000 0000 0000 0000 0000 
  IN 000030: 0000 0000 0000 0000 0000 0000 0000 0000 
  IN 000040: 0000 0000 0000 0000 0080 0000 0000 0000 
  IN 000050: 0000 0000 0000 0000 0000 0048 0000 0000 
  IN 000060: 0000 0000 0000 0000                     
RET  seq=60 conn=3c03 sel=9(0x9) ret=0x0 outStructCnt=88
  OUT.struct len=88
  OUT 000000: 0080 0500 0000 0000 0040 4700 0100 0000 
  OUT 000010: c021 2f00 0100 0000 0000 0000 0000 0000 
  OUT 000020: 0000 0000 2d00 0000 0080 0000 0000 0000 
  OUT 000030: 5aba 334b 1500 0000 cb37 0700 0000 0000 
  OUT 000040: 0000 0000 0000 0000 0000 0000 0000 0000 
  OUT 000050: 0080 0000 0000 0000                     
CALL seq=61 fn=Method conn=3c03 class=AGXAcceleratorG16G sel=9(0x9) inScalarCnt=0 inStructCnt=104
  IN.struct len=104
  IN 000000: 0000 0000 0000 0000 e088 0100 0100 0000 
  IN 000010: 0101 0001 30c4 0000 0000 0000 0000 0000 
  IN 000020: 0000 0000 0000 0000 0000 0000 0000 0000 
  IN 000030: 0000 0000 0000 0000 0000 0000 0000 0000 
  IN 000040: 0000 0000 0000 0000 e088 0000 0000 0000 
  IN 000050: 0000 0000 0000 0000 0000 0048 0000 0000 
  IN 000060: 0000 0000 0000 0000                     
RET  seq=61 conn=3c03 sel=9(0x9) ret=0x0 outStructCnt=88
  OUT.struct len=88
  OUT 000000: 0080 0600 0000 0000 00c0 4700 0100 0000 
  OUT 000010: 8022 2f00 0100 0000 0000 0000 0000 0000 
  OUT 000020: 0000 0000 2e00 0000 00c0 0000 0000 0000 
  OUT 000030: 5bba 334b 1500 0000 cc37 0700 0000 0000 
  OUT 000040: 0000 0000 0000 0000 0000 0000 0000 0000 
  OUT 000050: 00c0 0000 0000 0000                     
CALL seq=62 fn=Method conn=3c03 class=AGXAcceleratorG16G sel=9(0x9) inScalarCnt=0 inStructCnt=104
  IN.struct len=104
  IN 000000: 0000 0000 0000 0000 0000 0100 0100 0000 
  IN 000010: 0101 0001 3044 0000 0000 0000 0000 0000 
  IN 000020: 0000 0000 0000 0000 0000 0000 0000 0000 
  IN 000030: 0000 0000 0000 0000 0000 0000 0000 0000 
  IN 000040: 0000 0000 0000 0000 0000 0c00 0000 0000 
  IN 000050: 0000 0000 0000 0000 0000 0008 0000 0000 
  IN 000060: 0000 0000 0000 0000                     
RET  seq=62 conn=3c03 sel=9(0x9) ret=0x0 outStructCnt=88
  OUT.struct len=88
  OUT 000000: 0000 2d02 0001 0000 0080 e40b 0100 0000 
  OUT 000010: 4023 2f00 0100 0000 0000 0000 0000 0000 
  OUT 000020: 0000 0000 2f00 0000 0000 0c00 0000 0000 
  OUT 000030: 5cba 334b 1500 0000 cd37 0700 0000 0000 
  OUT 000040: 0000 0000 0000 0000 0000 0000 0000 0000 
  OUT 000050: 0000 0c00 0000 0000                     
BODUMP begin reason=sigusr1 n_bo=45
BODUMP handle=0 gpu_va=0x10000000000 cpu=0x100304000 size=0x10000 read=0x4000 -> /Users/user/asahi_re/public/agx-re/experiments/EXP-0120-m4-tvb-overflow-mechanism/raw/m4_20260828_run02/cases/C-WH1024/iotrace_maps/bo_sigusr1_h0_va10000000000_cpu100304000_sz10000.hex
BODUMP handle=0 gpu_va=0x6f00000000 cpu=0x100314000 size=0x3800 read=0x3800 -> /Users/user/asahi_re/public/agx-re/experiments/EXP-0120-m4-tvb-overflow-mechanism/raw/m4_20260828_run02/cases/C-WH1024/iotrace_maps/bo_sigusr1_h0_va6f00000000_cpu100314000_sz3800.hex
BODUMP handle=0 gpu_va=0x10000018000 cpu=0x10032c000 size=0x20000 read=0x4000 -> /Users/user/asahi_re/public/agx-re/experiments/EXP-0120-m4-tvb-overflow-mechanism/raw/m4_20260828_run02/cases/C-WH1024/iotrace_maps/bo_sigusr1_h0_va10000018000_cpu10032c000_sz20000.hex
BODUMP handle=0 gpu_va=0x10000040000 cpu=0x10034c000 size=0x10000 read=0x4000 -> /Users/user/asahi_re/public/agx-re/experiments/EXP-0120-m4-tvb-overflow-mechanism/raw/m4_20260828_run02/cases/C-WH1024/iotrace_maps/bo_sigusr1_h0_va10000040000_cpu10034c000_sz10000.hex
BODUMP handle=0 gpu_va=0x0 cpu=0x10035c000 size=0x10000 read=0x4000 -> /Users/user/asahi_re/public/agx-re/experiments/EXP-0120-m4-tvb-overflow-mechanism/raw/m4_20260828_run02/cases/C-WH1024/iotrace_maps/bo_sigusr1_h0_va0_cpu10035c000_sz10000.hex
BODUMP handle=0 gpu_va=0x10000018200 cpu=0x10032c200 size=0x20000 read=0x4000 -> /Users/user/asahi_re/public/agx-re/experiments/EXP-0120-m4-tvb-overflow-mechanism/raw/m4_20260828_run02/cases/C-WH1024/iotrace_maps/bo_sigusr1_h0_va10000018200_cpu10032c200_sz20000.hex
BODUMP handle=0 gpu_va=0x10000058000 cpu=0x10514c000 size=0x400000 read=0x4000 -> /Users/user/asahi_re/public/agx-re/experiments/EXP-0120-m4-tvb-overflow-mechanism/raw/m4_20260828_run02/cases/C-WH1024/iotrace_maps/bo_sigusr1_h0_va10000058000_cpu10514c000_sz400000.hex
BODUMP handle=0 gpu_va=0x10000018300 cpu=0x10032c300 size=0x20000 read=0x4000 -> /Users/user/asahi_re/public/agx-re/experiments/EXP-0120-m4-tvb-overflow-mechanism/raw/m4_20260828_run02/cases/C-WH1024/iotrace_maps/bo_sigusr1_h0_va10000018300_cpu10032c300_sz20000.hex
BODUMP handle=0 gpu_va=0x10000018500 cpu=0x10032c500 size=0x20000 read=0x4000 -> /Users/user/asahi_re/public/agx-re/experiments/EXP-0120-m4-tvb-overflow-mechanism/raw/m4_20260828_run02/cases/C-WH1024/iotrace_maps/bo_sigusr1_h0_va10000018500_cpu10032c500_sz20000.hex
BODUMP handle=0 gpu_va=0x10000018700 cpu=0x10032c700 size=0x20000 read=0x4000 -> /Users/user/asahi_re/public/agx-re/experiments/EXP-0120-m4-tvb-overflow-mechanism/raw/m4_20260828_run02/cases/C-WH1024/iotrace_maps/bo_sigusr1_h0_va10000018700_cpu10032c700_sz20000.hex
BODUMP handle=0 gpu_va=0x10000460000 cpu=0x10554c000 size=0x400000 read=0x4000 -> /Users/user/asahi_re/public/agx-re/experiments/EXP-0120-m4-tvb-overflow-mechanism/raw/m4_20260828_run02/cases/C-WH1024/iotrace_maps/bo_sigusr1_h0_va10000460000_cpu10554c000_sz400000.hex
BODUMP handle=0 gpu_va=0x10000868000 cpu=0x10594c000 size=0x400000 read=0x4000 -> /Users/user/asahi_re/public/agx-re/experiments/EXP-0120-m4-tvb-overflow-mechanism/raw/m4_20260828_run02/cases/C-WH1024/iotrace_maps/bo_sigusr1_h0_va10000868000_cpu10594c000_sz400000.hex
BODUMP handle=0 gpu_va=0x10000c70000 cpu=0x105d4c000 size=0x400000 read=0x4000 -> /Users/user/asahi_re/public/agx-re/experiments/EXP-0120-m4-tvb-overflow-mechanism/raw/m4_20260828_run02/cases/C-WH1024/iotrace_maps/bo_sigusr1_h0_va10000c70000_cpu105d4c000_sz400000.hex
BODUMP handle=0 gpu_va=0x10001078000 cpu=0x10614c000 size=0x400000 read=0x4000 -> /Users/user/asahi_re/public/agx-re/experiments/EXP-0120-m4-tvb-overflow-mechanism/raw/m4_20260828_run02/cases/C-WH1024/iotrace_maps/bo_sigusr1_h0_va10001078000_cpu10614c000_sz400000.hex
BODUMP handle=0 gpu_va=0x10001480000 cpu=0x10b248000 size=0x400000 read=0x4000 -> /Users/user/asahi_re/public/agx-re/experiments/EXP-0120-m4-tvb-overflow-mechanism/raw/m4_20260828_run02/cases/C-WH1024/iotrace_maps/bo_sigusr1_h0_va10001480000_cpu10b248000_sz400000.hex
BODUMP handle=0 gpu_va=0x10001888000 cpu=0x10b648000 size=0x400000 read=0x4000 -> /Users/user/asahi_re/public/agx-re/experiments/EXP-0120-m4-tvb-overflow-mechanism/raw/m4_20260828_run02/cases/C-WH1024/iotrace_maps/bo_sigusr1_h0_va10001888000_cpu10b648000_sz400000.hex
BODUMP handle=0 gpu_va=0x10001c90000 cpu=0x10ba48000 size=0x400000 read=0x4000 -> /Users/user/asahi_re/public/agx-re/experiments/EXP-0120-m4-tvb-overflow-mechanism/raw/m4_20260828_run02/cases/C-WH1024/iotrace_maps/bo_sigusr1_h0_va10001c90000_cpu10ba48000_sz400000.hex
BODUMP handle=0 gpu_va=0x10000018800 cpu=0x10032c800 size=0x20000 read=0x4000 -> /Users/user/asahi_re/public/agx-re/experiments/EXP-0120-m4-tvb-overflow-mechanism/raw/m4_20260828_run02/cases/C-WH1024/iotrace_maps/bo_sigusr1_h0_va10000018800_cpu10032c800_sz20000.hex
BODUMP handle=0 gpu_va=0x10000018900 cpu=0x10032c900 size=0x20000 read=0x4000 -> /Users/user/asahi_re/public/agx-re/experiments/EXP-0120-m4-tvb-overflow-mechanism/raw/m4_20260828_run02/cases/C-WH1024/iotrace_maps/bo_sigusr1_h0_va10000018900_cpu10032c900_sz20000.hex
BODUMP handle=0 gpu_va=0x10000018a00 cpu=0x10032ca00 size=0x20000 read=0x4000 -> /Users/user/asahi_re/public/agx-re/experiments/EXP-0120-m4-tvb-overflow-mechanism/raw/m4_20260828_run02/cases/C-WH1024/iotrace_maps/bo_sigusr1_h0_va10000018a00_cpu10032ca00_sz20000.hex
BODUMP handle=0 gpu_va=0x10000019a00 cpu=0x10032da00 size=0x20000 read=0x4000 -> /Users/user/asahi_re/public/agx-re/experiments/EXP-0120-m4-tvb-overflow-mechanism/raw/m4_20260828_run02/cases/C-WH1024/iotrace_maps/bo_sigusr1_h0_va10000019a00_cpu10032da00_sz20000.hex
BODUMP handle=0 gpu_va=0x10000019b00 cpu=0x10032db00 size=0x20000 read=0x4000 -> /Users/user/asahi_re/public/agx-re/experiments/EXP-0120-m4-tvb-overflow-mechanism/raw/m4_20260828_run02/cases/C-WH1024/iotrace_maps/bo_sigusr1_h0_va10000019b00_cpu10032db00_sz20000.hex
BODUMP handle=0 gpu_va=0x10000019c00 cpu=0x10032dc00 size=0x20000 read=0x4000 -> /Users/user/asahi_re/public/agx-re/experiments/EXP-0120-m4-tvb-overflow-mechanism/raw/m4_20260828_run02/cases/C-WH1024/iotrace_maps/bo_sigusr1_h0_va10000019c00_cpu10032dc00_sz20000.hex
BODUMP handle=0 gpu_va=0x10000019d00 cpu=0x10032dd00 size=0x20000 read=0x4000 -> /Users/user/asahi_re/public/agx-re/experiments/EXP-0120-m4-tvb-overflow-mechanism/raw/m4_20260828_run02/cases/C-WH1024/iotrace_maps/bo_sigusr1_h0_va10000019d00_cpu10032dd00_sz20000.hex
BODUMP handle=0 gpu_va=0x1000001a500 cpu=0x10032e500 size=0x20000 read=0x4000 -> /Users/user/asahi_re/public/agx-re/experiments/EXP-0120-m4-tvb-overflow-mechanism/raw/m4_20260828_run02/cases/C-WH1024/iotrace_maps/bo_sigusr1_h0_va1000001a500_cpu10032e500_sz20000.hex
BODUMP handle=0 gpu_va=0x1000001a600 cpu=0x10032e600 size=0x20000 read=0x4000 -> /Users/user/asahi_re/public/agx-re/experiments/EXP-0120-m4-tvb-overflow-mechanism/raw/m4_20260828_run02/cases/C-WH1024/iotrace_maps/bo_sigusr1_h0_va1000001a600_cpu10032e600_sz20000.hex
BODUMP handle=0 gpu_va=0x10002098000 cpu=0x100370000 size=0x20000 read=0x4000 -> /Users/user/asahi_re/public/agx-re/experiments/EXP-0120-m4-tvb-overflow-mechanism/raw/m4_20260828_run02/cases/C-WH1024/iotrace_maps/bo_sigusr1_h0_va10002098000_cpu100370000_sz20000.hex
BODUMP handle=0 gpu_va=0x100020c0000 cpu=0x100398000 size=0x74000 read=0x4000 -> /Users/user/asahi_re/public/agx-re/experiments/EXP-0120-m4-tvb-overflow-mechanism/raw/m4_20260828_run02/cases/C-WH1024/iotrace_maps/bo_sigusr1_h0_va100020c0000_cpu100398000_sz74000.hex
BODUMP handle=0 gpu_va=0x18000 cpu=0x10040c000 size=0x8000 read=0x4000 -> /Users/user/asahi_re/public/agx-re/experiments/EXP-0120-m4-tvb-overflow-mechanism/raw/m4_20260828_run02/cases/C-WH1024/iotrace_maps/bo_sigusr1_h0_va18000_cpu10040c000_sz8000.hex
BODUMP handle=0 gpu_va=0x28000 cpu=0x100414000 size=0x8000 read=0x4000 -> /Users/user/asahi_re/public/agx-re/experiments/EXP-0120-m4-tvb-overflow-mechanism/raw/m4_20260828_run02/cases/C-WH1024/iotrace_maps/bo_sigusr1_h0_va28000_cpu100414000_sz8000.hex
BODUMP handle=0 gpu_va=0x38000 cpu=0x10041c000 size=0x8000 read=0x4000 -> /Users/user/asahi_re/public/agx-re/experiments/EXP-0120-m4-tvb-overflow-mechanism/raw/m4_20260828_run02/cases/C-WH1024/iotrace_maps/bo_sigusr1_h0_va38000_cpu10041c000_sz8000.hex
BODUMP handle=0 gpu_va=0x10002138000 cpu=0x100424000 size=0x8000 read=0x4000 -> /Users/user/asahi_re/public/agx-re/experiments/EXP-0120-m4-tvb-overflow-mechanism/raw/m4_20260828_run02/cases/C-WH1024/iotrace_maps/bo_sigusr1_h0_va10002138000_cpu100424000_sz8000.hex
BODUMP handle=0 gpu_va=0x10002148000 cpu=0x10042c000 size=0x8000 read=0x4000 -> /Users/user/asahi_re/public/agx-re/experiments/EXP-0120-m4-tvb-overflow-mechanism/raw/m4_20260828_run02/cases/C-WH1024/iotrace_maps/bo_sigusr1_h0_va10002148000_cpu10042c000_sz8000.hex
BODUMP handle=0 gpu_va=0x10002158000 cpu=0x100434000 size=0x8000 read=0x4000 -> /Users/user/asahi_re/public/agx-re/experiments/EXP-0120-m4-tvb-overflow-mechanism/raw/m4_20260828_run02/cases/C-WH1024/iotrace_maps/bo_sigusr1_h0_va10002158000_cpu100434000_sz8000.hex
BODUMP handle=0 gpu_va=0x10002168000 cpu=0x10043c000 size=0x8000 read=0x4000 -> /Users/user/asahi_re/public/agx-re/experiments/EXP-0120-m4-tvb-overflow-mechanism/raw/m4_20260828_run02/cases/C-WH1024/iotrace_maps/bo_sigusr1_h0_va10002168000_cpu10043c000_sz8000.hex
BODUMP handle=0 gpu_va=0x10002178000 cpu=0x10654c000 size=0x100000 read=0x4000 -> /Users/user/asahi_re/public/agx-re/experiments/EXP-0120-m4-tvb-overflow-mechanism/raw/m4_20260828_run02/cases/C-WH1024/iotrace_maps/bo_sigusr1_h0_va10002178000_cpu10654c000_sz100000.hex
BODUMP handle=0 gpu_va=0x48000 cpu=0x100444000 size=0x8000 read=0x4000 -> /Users/user/asahi_re/public/agx-re/experiments/EXP-0120-m4-tvb-overflow-mechanism/raw/m4_20260828_run02/cases/C-WH1024/iotrace_maps/bo_sigusr1_h0_va48000_cpu100444000_sz8000.hex
BODUMP handle=0 gpu_va=0x10002280000 cpu=0x10044c000 size=0x8000 read=0x4000 -> /Users/user/asahi_re/public/agx-re/experiments/EXP-0120-m4-tvb-overflow-mechanism/raw/m4_20260828_run02/cases/C-WH1024/iotrace_maps/bo_sigusr1_h0_va10002280000_cpu10044c000_sz8000.hex
BODUMP handle=0 gpu_va=0x10002290000 cpu=0x100454000 size=0x8000 read=0x4000 -> /Users/user/asahi_re/public/agx-re/experiments/EXP-0120-m4-tvb-overflow-mechanism/raw/m4_20260828_run02/cases/C-WH1024/iotrace_maps/bo_sigusr1_h0_va10002290000_cpu100454000_sz8000.hex
BODUMP handle=0 gpu_va=0x100022a0000 cpu=0x10045c000 size=0x8000 read=0x4000 -> /Users/user/asahi_re/public/agx-re/experiments/EXP-0120-m4-tvb-overflow-mechanism/raw/m4_20260828_run02/cases/C-WH1024/iotrace_maps/bo_sigusr1_h0_va100022a0000_cpu10045c000_sz8000.hex
BODUMP handle=0 gpu_va=0x100022b0000 cpu=0x100464000 size=0x8000 read=0x4000 -> /Users/user/asahi_re/public/agx-re/experiments/EXP-0120-m4-tvb-overflow-mechanism/raw/m4_20260828_run02/cases/C-WH1024/iotrace_maps/bo_sigusr1_h0_va100022b0000_cpu100464000_sz8000.hex
BODUMP handle=0 gpu_va=0x100022c0000 cpu=0x10046c000 size=0x8000 read=0x4000 -> /Users/user/asahi_re/public/agx-re/experiments/EXP-0120-m4-tvb-overflow-mechanism/raw/m4_20260828_run02/cases/C-WH1024/iotrace_maps/bo_sigusr1_h0_va100022c0000_cpu10046c000_sz8000.hex
BODUMP handle=0 gpu_va=0x58000 cpu=0x100474000 size=0x8000 read=0x4000 -> /Users/user/asahi_re/public/agx-re/experiments/EXP-0120-m4-tvb-overflow-mechanism/raw/m4_20260828_run02/cases/C-WH1024/iotrace_maps/bo_sigusr1_h0_va58000_cpu100474000_sz8000.hex
BODUMP handle=0 gpu_va=0x68000 cpu=0x10047c000 size=0x88e0 read=0x4000 -> /Users/user/asahi_re/public/agx-re/experiments/EXP-0120-m4-tvb-overflow-mechanism/raw/m4_20260828_run02/cases/C-WH1024/iotrace_maps/bo_sigusr1_h0_va68000_cpu10047c000_sz88e0.hex
BODUMP handle=0 gpu_va=0x100022d0000 cpu=0x10be48000 size=0xc0000 read=0x4000 -> /Users/user/asahi_re/public/agx-re/experiments/EXP-0120-m4-tvb-overflow-mechanism/raw/m4_20260828_run02/cases/C-WH1024/iotrace_maps/bo_sigusr1_h0_va100022d0000_cpu10be48000_szc0000.hex
BODUMP end reason=sigusr1
MAPDUMP reason=sigusr1 seq=62 conn=0 memType=0x00005e15 addr=0x1002fc000 size=0x4000 read=0x4000 -> /Users/user/asahi_re/public/agx-re/experiments/EXP-0120-m4-tvb-overflow-mechanism/raw/m4_20260828_run02/cases/C-WH1024/iotrace_maps/map_seq000062_conn0_type00005e15_at1002fc000_sz4000.hex
MAPDUMP reason=sigusr1 seq=62 conn=0 memType=0x00005e15 addr=0x1002f0000 size=0x4000 read=0x4000 -> /Users/user/asahi_re/public/agx-re/experiments/EXP-0120-m4-tvb-overflow-mechanism/raw/m4_20260828_run02/cases/C-WH1024/iotrace_maps/map_seq000062_conn0_type00005e15_at1002f0000_sz4000.hex
CALL seq=63 fn=Method conn=3c03 class=AGXAcceleratorG16G sel=8(0x8) inScalarCnt=1 inStructCnt=0 inScalars=[0x1]
CALL seq=64 fn=Method conn=3c03 class=AGXAcceleratorG16G sel=17(0x11) inScalarCnt=1 inStructCnt=0 inScalars=[0x1]
RET  seq=64 conn=3c03 sel=17(0x11) ret=0x0
RET  seq=64 conn=3c03 sel=8(0x8) ret=0x0
CALL seq=65 fn=Scalar conn=3c03 class=AGXAcceleratorG16G sel=15(0xf) inScalarCnt=1 inStructCnt=0 inScalars=[0x2]
RET  seq=65 conn=3c03 sel=15(0xf) ret=0x0
CALL seq=66 fn=Scalar conn=3c03 class=AGXAcceleratorG16G sel=15(0xf) inScalarCnt=1 inStructCnt=0 inScalars=[0x1]
RET  seq=66 conn=3c03 sel=15(0xf) ret=0x0
