/Users/user/asahi_re/public/agx-re/experiments/EXP-0115-m4-controlflow-simd-deferred/harness/run.py:266: DeprecationWarning: datetime.datetime.utcnow() is deprecated and scheduled for removal in a future version. Use timezone-aware objects to represent datetimes in UTC: datetime.datetime.now(datetime.UTC).
  "run_id": args.run_id, "started_utc": datetime.datetime.utcnow().isoformat() + "Z",
/Users/user/asahi_re/public/agx-re/experiments/EXP-0115-m4-controlflow-simd-deferred/harness/run.py:328: DeprecationWarning: datetime.datetime.utcnow() is deprecated and scheduled for removal in a future version. Use timezone-aware objects to represent datetimes in UTC: datetime.datetime.now(datetime.UTC).
  "n_other": n_other, "finished_utc": datetime.datetime.utcnow().isoformat() + "Z"}
[1/308] reach_baseline               status=OK               verdict=MATCH      0.12s
[2/308] reach_fwd_1                  status=CMDBUF_ERROR     verdict=CMDBUF_ERROR 0.16s
[3/308] reach_fwd_2                  status=CMDBUF_ERROR     verdict=CMDBUF_ERROR 0.16s
[4/308] reach_fwd_3                  status=CMDBUF_ERROR     verdict=CMDBUF_ERROR 0.16s
[5/308] reach_fwd_4                  status=CMDBUF_ERROR     verdict=CMDBUF_ERROR 0.16s
[6/308] reach_fwd_5                  status=CMDBUF_ERROR     verdict=CMDBUF_ERROR 0.16s
[7/308] reach_fwd_6                  status=CMDBUF_ERROR     verdict=CMDBUF_ERROR 0.16s
[8/308] reach_fwd_7                  status=CMDBUF_ERROR     verdict=CMDBUF_ERROR 0.16s
[9/308] reach_fwd_8                  status=CMDBUF_ERROR     verdict=CMDBUF_ERROR 0.16s
[10/308] reach_fwd_9                  status=CMDBUF_ERROR     verdict=CMDBUF_ERROR 0.16s
[11/308] reach_fwd_10                 status=HANG             verdict=HANG       8.14s
[12/308] reach_fwd_11                 status=CMDBUF_ERROR     verdict=CMDBUF_ERROR 0.18s
[13/308] reach_fwd_12                 status=CMDBUF_ERROR     verdict=CMDBUF_ERROR 0.24s
[14/308] reach_fwd_13                 status=CMDBUF_ERROR     verdict=CMDBUF_ERROR 0.16s
[15/308] reach_fwd_14                 status=CMDBUF_ERROR     verdict=CMDBUF_ERROR 0.16s
[16/308] reach_fwd_15                 status=CMDBUF_ERROR     verdict=CMDBUF_ERROR 0.16s
[17/308] reach_fwd_16                 status=CMDBUF_ERROR     verdict=CMDBUF_ERROR 0.16s
[18/308] reach_fwd_17                 status=CMDBUF_ERROR     verdict=CMDBUF_ERROR 0.16s
[19/308] reach_fwd_18                 status=CMDBUF_ERROR     verdict=CMDBUF_ERROR 0.17s
[20/308] reach_fwd_19                 status=CMDBUF_ERROR     verdict=CMDBUF_ERROR 0.17s
[21/308] reach_fwd_20                 status=HANG             verdict=HANG       8.13s
[22/308] reach_fwd_21                 status=CMDBUF_ERROR     verdict=CMDBUF_ERROR 0.16s
[23/308] reach_fwd_22                 status=CMDBUF_ERROR     verdict=CMDBUF_ERROR 0.16s
[24/308] reach_fwd_23                 status=CMDBUF_ERROR     verdict=CMDBUF_ERROR 0.17s
[25/308] reach_fwd_24                 status=CMDBUF_ERROR     verdict=CMDBUF_ERROR 0.16s
[26/308] reach_fwd_25                 status=CMDBUF_ERROR     verdict=CMDBUF_ERROR 0.16s
[27/308] reach_fwd_26                 status=CMDBUF_ERROR     verdict=CMDBUF_ERROR 1.32s
[28/308] reach_fwd_27                 status=CMDBUF_ERROR     verdict=CMDBUF_ERROR 0.17s
[29/308] reach_fwd_28                 status=CMDBUF_ERROR     verdict=CMDBUF_ERROR 0.16s
[30/308] reach_fwd_29                 status=CMDBUF_ERROR     verdict=CMDBUF_ERROR 0.16s
[31/308] reach_fwd_30                 status=HANG             verdict=HANG       8.14s
[32/308] reach_fwd_31                 status=CMDBUF_ERROR     verdict=CMDBUF_ERROR 0.19s
[33/308] reach_fwd_32                 status=HANG             verdict=HANG       8.17s
[34/308] reach_fwd_128                status=CMDBUF_ERROR     verdict=CMDBUF_ERROR 0.25s
[35/308] reach_fwd_256                status=CMDBUF_ERROR     verdict=CMDBUF_ERROR 0.24s
[36/308] reach_fwd_384                status=CMDBUF_ERROR     verdict=CMDBUF_ERROR 0.28s
[37/308] reach_fwd_512                status=CMDBUF_ERROR     verdict=CMDBUF_ERROR 0.18s
[38/308] reach_fwd_640                status=CMDBUF_ERROR     verdict=CMDBUF_ERROR 0.17s
[39/308] reach_fwd_768                status=CMDBUF_ERROR     verdict=CMDBUF_ERROR 0.16s
[40/308] reach_fwd_896                status=CMDBUF_ERROR     verdict=CMDBUF_ERROR 0.16s
[41/308] reach_fwd_1024               status=OK               verdict=OK         0.16s
[42/308] reach_fwd_1152               status=OK               verdict=OK         0.16s
[43/308] reach_fwd_1280               status=CMDBUF_ERROR     verdict=CMDBUF_ERROR 0.16s
[44/308] reach_fwd_1408               status=CMDBUF_ERROR     verdict=CMDBUF_ERROR 0.16s
[45/308] reach_fwd_1536               status=OK               verdict=OK         0.16s
[46/308] reach_fwd_1664               status=OK               verdict=OK         0.16s
[47/308] reach_fwd_1792               status=OK               verdict=OK         0.16s
[48/308] reach_fwd_1920               status=OK               verdict=OK         0.16s
[49/308] reach_fwd_2048               status=OK               verdict=OK         0.16s
[50/308] reach_fwd_2176               status=OK               verdict=OK         0.15s
[51/308] reach_fwd_2304               status=OK               verdict=OK         0.16s
[52/308] reach_fwd_2432               status=CMDBUF_ERROR     verdict=CMDBUF_ERROR 0.68s
[53/308] reach_fwd_2560               status=CMDBUF_ERROR     verdict=CMDBUF_ERROR 0.18s
[54/308] reach_fwd_2688               status=OK               verdict=OK         0.16s
[55/308] reach_fwd_2816               status=CMDBUF_ERROR     verdict=CMDBUF_ERROR 0.24s
[56/308] reach_fwd_2944               status=CMDBUF_ERROR     verdict=CMDBUF_ERROR 0.16s
[57/308] reach_fwd_3072               status=CMDBUF_ERROR     verdict=CMDBUF_ERROR 0.17s
[58/308] reach_fwd_3200               status=OK               verdict=OK         0.16s
[59/308] reach_fwd_3328               status=OK               verdict=OK         0.16s
[60/308] reach_fwd_3456               status=CMDBUF_ERROR     verdict=CMDBUF_ERROR 0.23s
[61/308] reach_fwd_3584               status=OK               verdict=OK         0.16s
[62/308] reach_fwd_3712               status=OK               verdict=OK         0.16s
[63/308] reach_fwd_3840               status=OK               verdict=OK         0.17s
[64/308] reach_fwd_3968               status=OK               verdict=OK         0.16s
[65/308] reach_fwd_4096               status=OK               verdict=OK         0.16s
[66/308] reach_fwd_912                status=CMDBUF_ERROR     verdict=CMDBUF_ERROR 0.16s
[67/308] reach_fwd_928                status=CMDBUF_ERROR     verdict=CMDBUF_ERROR 0.16s
[68/308] reach_fwd_944                status=CMDBUF_ERROR     verdict=CMDBUF_ERROR 0.16s
[69/308] reach_fwd_960                status=CMDBUF_ERROR     verdict=CMDBUF_ERROR 0.16s
[70/308] reach_fwd_976                status=CMDBUF_ERROR     verdict=CMDBUF_ERROR 0.16s
[71/308] reach_fwd_992                status=OK               verdict=OK         0.16s
[72/308] reach_fwd_1008               status=CMDBUF_ERROR     verdict=CMDBUF_ERROR 0.16s
[73/308] reach_fwd_8192               status=CMDBUF_ERROR     verdict=CMDBUF_ERROR 0.16s
[74/308] reach_fwd_16384              status=OK               verdict=OK         0.16s
[75/308] reach_fwd_32768              status=CMDBUF_ERROR     verdict=CMDBUF_ERROR 0.17s
[76/308] reach_fwd_65536              status=CMDBUF_ERROR     verdict=CMDBUF_ERROR 0.16s
[77/308] reach_fwd_131072             status=CMDBUF_ERROR     verdict=CMDBUF_ERROR 0.16s
[78/308] reach_fwd_262144             status=CMDBUF_ERROR     verdict=CMDBUF_ERROR 0.16s
[79/308] reach_fwd_524288             status=CMDBUF_ERROR     verdict=CMDBUF_ERROR 0.16s
[80/308] reach_fwd_1048576            status=CMDBUF_ERROR     verdict=CMDBUF_ERROR 0.16s
[81/308] reach_fwd_2097152            status=CMDBUF_ERROR     verdict=CMDBUF_ERROR 0.16s
[82/308] reach_fwd_3145728            status=CMDBUF_ERROR     verdict=CMDBUF_ERROR 0.16s
[83/308] reach_fwd_3670016            status=CMDBUF_ERROR     verdict=CMDBUF_ERROR 0.16s
[84/308] reach_fwd_4194304            status=CMDBUF_ERROR     verdict=CMDBUF_ERROR 0.16s
[85/308] reach_fwd_140737488355327    status=CMDBUF_ERROR     verdict=CMDBUF_ERROR 0.16s
[86/308] reach_bwd_1                  status=CMDBUF_ERROR     verdict=CMDBUF_ERROR 0.16s
[87/308] reach_bwd_2                  status=OK               verdict=OK         0.16s
[88/308] reach_bwd_3                  status=CMDBUF_ERROR     verdict=CMDBUF_ERROR 0.16s
[89/308] reach_bwd_4                  status=CMDBUF_ERROR     verdict=CMDBUF_ERROR 0.24s
[90/308] reach_bwd_5                  status=CMDBUF_ERROR     verdict=CMDBUF_ERROR 0.16s
[91/308] reach_bwd_6                  status=HANG             verdict=HANG       8.14s
[92/308] reach_bwd_7                  status=CMDBUF_ERROR     verdict=CMDBUF_ERROR 0.16s
[93/308] reach_bwd_8                  status=HANG             verdict=HANG       8.13s
[94/308] reach_bwd_9                  status=CMDBUF_ERROR     verdict=CMDBUF_ERROR 0.16s
[95/308] reach_bwd_10                 status=HANG             verdict=HANG       8.14s
[96/308] reach_bwd_11                 status=CMDBUF_ERROR     verdict=CMDBUF_ERROR 0.18s
[97/308] reach_bwd_12                 status=HANG             verdict=HANG       8.15s
[98/308] reach_bwd_13                 status=CMDBUF_ERROR     verdict=CMDBUF_ERROR 0.17s
[99/308] reach_bwd_14                 status=HANG             verdict=HANG       8.14s
[100/308] reach_bwd_15                 status=CMDBUF_ERROR     verdict=CMDBUF_ERROR 0.18s
[101/308] reach_bwd_16                 status=HANG             verdict=HANG       8.16s
[102/308] reach_bwd_17                 status=CMDBUF_ERROR     verdict=CMDBUF_ERROR 0.24s
[103/308] reach_bwd_18                 status=HANG             verdict=HANG       8.15s
[104/308] reach_bwd_19                 status=CMDBUF_ERROR     verdict=CMDBUF_ERROR 0.18s
[105/308] reach_bwd_20                 status=HANG             verdict=HANG       8.14s
[106/308] reach_bwd_21                 status=CMDBUF_ERROR     verdict=CMDBUF_ERROR 0.19s
[107/308] reach_bwd_22                 status=HANG             verdict=HANG       8.15s
[108/308] reach_bwd_23                 status=CMDBUF_ERROR     verdict=CMDBUF_ERROR 0.21s
[109/308] reach_bwd_24                 status=HANG             verdict=HANG       8.15s
[110/308] reach_bwd_25                 status=CMDBUF_ERROR     verdict=CMDBUF_ERROR 0.18s
[111/308] reach_bwd_26                 status=HANG             verdict=HANG       8.14s
[112/308] reach_bwd_27                 status=CMDBUF_ERROR     verdict=CMDBUF_ERROR 0.17s
[113/308] reach_bwd_28                 status=HANG             verdict=HANG       8.16s
[114/308] reach_bwd_29                 status=CMDBUF_ERROR     verdict=CMDBUF_ERROR 0.22s
[115/308] reach_bwd_30                 status=CMDBUF_ERROR     verdict=CMDBUF_ERROR 0.70s
[116/308] reach_bwd_31                 status=CMDBUF_ERROR     verdict=CMDBUF_ERROR 0.17s
[117/308] reach_bwd_32                 status=HANG             verdict=HANG       8.14s
[118/308] reach_bwd_128                status=CMDBUF_ERROR     verdict=CMDBUF_ERROR 0.25s
[119/308] reach_bwd_256                status=CMDBUF_ERROR     verdict=CMDBUF_ERROR 0.18s
[120/308] reach_bwd_384                status=CMDBUF_ERROR     verdict=CMDBUF_ERROR 0.17s
[121/308] reach_bwd_512                status=CMDBUF_ERROR     verdict=CMDBUF_ERROR 0.17s
[122/308] reach_bwd_640                status=CMDBUF_ERROR     verdict=CMDBUF_ERROR 0.18s
[123/308] reach_bwd_768                status=CMDBUF_ERROR     verdict=CMDBUF_ERROR 0.17s
[124/308] reach_bwd_896                status=CMDBUF_ERROR     verdict=CMDBUF_ERROR 0.17s
[125/308] reach_bwd_1024               status=CMDBUF_ERROR     verdict=CMDBUF_ERROR 0.17s
[126/308] reach_bwd_1152               status=CMDBUF_ERROR     verdict=CMDBUF_ERROR 0.17s
[127/308] reach_bwd_1280               status=CMDBUF_ERROR     verdict=CMDBUF_ERROR 0.17s
[128/308] reach_bwd_1408               status=CMDBUF_ERROR     verdict=CMDBUF_ERROR 0.17s
[129/308] reach_bwd_1536               status=CMDBUF_ERROR     verdict=CMDBUF_ERROR 0.17s
[130/308] reach_bwd_1664               status=CMDBUF_ERROR     verdict=CMDBUF_ERROR 0.17s
[131/308] reach_bwd_1792               status=CMDBUF_ERROR     verdict=CMDBUF_ERROR 0.17s
[132/308] reach_bwd_1920               status=CMDBUF_ERROR     verdict=CMDBUF_ERROR 0.18s
[133/308] reach_bwd_2048               status=CMDBUF_ERROR     verdict=CMDBUF_ERROR 0.17s
[134/308] reach_bwd_2176               status=CMDBUF_ERROR     verdict=CMDBUF_ERROR 0.17s
[135/308] reach_bwd_2304               status=CMDBUF_ERROR     verdict=CMDBUF_ERROR 0.17s
[136/308] reach_bwd_2432               status=CMDBUF_ERROR     verdict=CMDBUF_ERROR 0.17s
[137/308] reach_bwd_2560               status=CMDBUF_ERROR     verdict=CMDBUF_ERROR 0.17s
[138/308] reach_bwd_2688               status=CMDBUF_ERROR     verdict=CMDBUF_ERROR 0.18s
[139/308] reach_bwd_2816               status=CMDBUF_ERROR     verdict=CMDBUF_ERROR 0.17s
[140/308] reach_bwd_2944               status=CMDBUF_ERROR     verdict=CMDBUF_ERROR 0.17s
[141/308] reach_bwd_3072               status=CMDBUF_ERROR     verdict=CMDBUF_ERROR 0.19s
[142/308] reach_bwd_3200               status=CMDBUF_ERROR     verdict=CMDBUF_ERROR 0.17s
[143/308] reach_bwd_3328               status=CMDBUF_ERROR     verdict=CMDBUF_ERROR 0.17s
[144/308] reach_bwd_3456               status=CMDBUF_ERROR     verdict=CMDBUF_ERROR 0.17s
[145/308] reach_bwd_3584               status=CMDBUF_ERROR     verdict=CMDBUF_ERROR 0.17s
[146/308] reach_bwd_3712               status=CMDBUF_ERROR     verdict=CMDBUF_ERROR 0.18s
[147/308] reach_bwd_3840               status=CMDBUF_ERROR     verdict=CMDBUF_ERROR 0.17s
[148/308] reach_bwd_3968               status=CMDBUF_ERROR     verdict=CMDBUF_ERROR 0.17s
[149/308] reach_bwd_4096               status=CMDBUF_ERROR     verdict=CMDBUF_ERROR 0.17s
[150/308] reach_bwd_8192               status=CMDBUF_ERROR     verdict=CMDBUF_ERROR 0.17s
[151/308] reach_bwd_16384              status=CMDBUF_ERROR     verdict=CMDBUF_ERROR 0.17s
[152/308] reach_bwd_32768              status=CMDBUF_ERROR     verdict=CMDBUF_ERROR 0.18s
[153/308] reach_bwd_65536              status=CMDBUF_ERROR     verdict=CMDBUF_ERROR 0.17s
[154/308] reach_bwd_131072             status=CMDBUF_ERROR     verdict=CMDBUF_ERROR 0.18s
[155/308] reach_bwd_262144             status=CMDBUF_ERROR     verdict=CMDBUF_ERROR 0.18s
[156/308] reach_bwd_524288             status=CMDBUF_ERROR     verdict=CMDBUF_ERROR 0.17s
[157/308] reach_bwd_1048576            status=CMDBUF_ERROR     verdict=CMDBUF_ERROR 0.17s
[158/308] reach_bwd_2097152            status=CMDBUF_ERROR     verdict=CMDBUF_ERROR 0.17s
[159/308] reach_bwd_3145728            status=CMDBUF_ERROR     verdict=CMDBUF_ERROR 0.18s
[160/308] reach_bwd_3670016            status=CMDBUF_ERROR     verdict=CMDBUF_ERROR 0.19s
[161/308] reach_bwd_4194304            status=CMDBUF_ERROR     verdict=CMDBUF_ERROR 0.18s
[162/308] reach_bwd_140737488355328    status=OK               verdict=OK         0.18s
[163/308] deep_ifnest_128              status=OK               verdict=MATCH      0.18s
[164/308] deep_ifnest_192              status=OK               verdict=MATCH      0.17s
[165/308] deep_ifnest_224              status=OK               verdict=MATCH      0.17s
[166/308] deep_ifnest_240              status=OK               verdict=MATCH      0.25s
[167/308] deep_ifnest_248              status=OK               verdict=MATCH      0.17s
[168/308] deep_ifnest_252              status=OK               verdict=MATCH      0.20s
[169/308] deep_ifnest_254              status=OK               verdict=MATCH      0.20s
[170/308] deep_ifnest_255              status=COMPILE_FAIL     verdict=COMPILE_FAIL 0.06s
[171/308] deep_loopnest1_064           status=OK               verdict=MATCH      0.23s
[172/308] deep_loopnest1_160           status=OK               verdict=MATCH      0.20s
[173/308] deep_loopnest1_208           status=OK               verdict=MATCH      0.21s
[174/308] deep_loopnest1_232           status=OK               verdict=MATCH      0.22s
[175/308] deep_loopnest1_244           status=OK               verdict=MATCH      0.61s
[176/308] deep_loopnest1_250           status=OK               verdict=MATCH      0.17s
[177/308] deep_loopnest1_253           status=OK               verdict=MATCH      0.18s
[178/308] deep_loopnest1_255           status=OK               verdict=MATCH      0.18s
[179/308] deep_loopnest1_256           status=COMPILE_FAIL     verdict=COMPILE_FAIL 0.05s
[180/308] deep_loopnestD2_012          status=OK               verdict=MISMATCH   0.17s
[181/308] deep_loopnestD2_064          status=OK               verdict=MISMATCH   0.17s
[182/308] deep_loopnestD2_128          status=OK               verdict=MISMATCH   0.17s
[183/308] deep_loopnestD2_192          status=OK               verdict=MISMATCH   0.38s
[184/308] deep_loopnestD2_224          status=OK               verdict=MISMATCH   1.71s
[185/308] deep_loopnestD2_240          status=OK               verdict=MISMATCH   4.08s
[186/308] deep_loopnestD2_252          status=OK               verdict=MISMATCH   9.86s
[187/308] deep_loopnestD2_254          status=OK               verdict=MISMATCH   11.36s
[188/308] deep_loopnestD2_255          status=OK               verdict=MISMATCH   12.53s
[189/308] deep_loopnestD2_256          status=COMPILE_FAIL     verdict=COMPILE_FAIL 0.06s
[190/308] pred_dst0_ifp0               status=OK               verdict=OK         0.21s
[191/308] pred_dst1_ifp1               status=OK               verdict=OK         0.16s
[192/308] pred_dst2_ifp2               status=OK               verdict=OK         0.16s
[193/308] pred_dst3_ifp3               status=OK               verdict=OK         0.16s
[194/308] pred_dst4_ifp4               status=OK               verdict=OK         0.16s
[195/308] pred_dst5_ifp5               status=OK               verdict=OK         0.16s
[196/308] pred_dst6_ifp6               status=OK               verdict=OK         0.15s
[197/308] pred_dst7_ifp7               status=OK               verdict=OK         0.16s
[198/308] pred_dst8_ifp8               status=OK               verdict=OK         0.16s
[199/308] pred_dst9_ifp9               status=OK               verdict=OK         0.16s
[200/308] pred_dsta_ifpa               status=OK               verdict=OK         0.17s
[201/308] pred_dstb_ifpb               status=OK               verdict=OK         0.17s
[202/308] pred_dstc_ifpc               status=OK               verdict=OK         0.15s
[203/308] pred_dstd_ifpd               status=OK               verdict=OK         0.16s
[204/308] pred_dste_ifpe               status=OK               verdict=OK         0.16s
[205/308] pred_dstf_ifpf               status=OK               verdict=OK         0.17s
[206/308] pred_dst1_ifp0               status=OK               verdict=OK         0.17s
[207/308] pred_dst1_ifp2               status=OK               verdict=OK         0.17s
[208/308] pred_dst1_ifp5               status=OK               verdict=OK         0.16s
[209/308] pred_dst1_ifpf               status=OK               verdict=OK         0.17s
[210/308] pred_dst0_ifp1               status=OK               verdict=OK         0.18s
[211/308] pred_dst0_ifpf               status=OK               verdict=OK         0.18s
[212/308] pred_dst2_ifp1               status=OK               verdict=OK         0.17s
[213/308] pred_dst5_ifp1               status=OK               verdict=OK         0.18s
[214/308] pred_dstf_ifp1               status=OK               verdict=OK         0.16s
[215/308] pred_dst5_ifpf               status=OK               verdict=OK         0.16s
[216/308] pred_dstf_ifp5               status=OK               verdict=OK         0.16s
[217/308] sshuf_raw_000                status=OK               verdict=OK         0.21s
[218/308] sshuf_raw_001                status=OK               verdict=OK         0.16s
[219/308] sshuf_raw_002                status=OK               verdict=OK         0.16s
[220/308] sshuf_raw_030                status=OK               verdict=OK         0.15s
[221/308] sshuf_raw_062                status=OK               verdict=OK         0.16s
[222/308] sshuf_raw_064                status=OK               verdict=OK         0.16s
[223/308] sshuf_raw_065                status=OK               verdict=OK         0.15s
[224/308] sshuf_raw_068                status=OK               verdict=OK         0.16s
[225/308] sshuf_raw_072                status=OK               verdict=OK         0.16s
[226/308] sshuf_raw_076                status=OK               verdict=OK         0.16s
[227/308] sshuf_raw_080                status=OK               verdict=OK         0.16s
[228/308] sshuf_raw_084                status=OK               verdict=OK         0.16s
[229/308] sshuf_raw_088                status=OK               verdict=OK         0.17s
[230/308] sshuf_raw_092                status=OK               verdict=OK         0.17s
[231/308] sshuf_raw_096                status=OK               verdict=OK         0.21s
[232/308] sshuf_raw_100                status=OK               verdict=OK         0.17s
[233/308] sshuf_raw_104                status=OK               verdict=OK         0.17s
[234/308] sshuf_raw_108                status=OK               verdict=OK         0.20s
[235/308] sshuf_raw_112                status=OK               verdict=OK         0.17s
[236/308] sshuf_raw_116                status=OK               verdict=OK         0.17s
[237/308] sshuf_raw_120                status=OK               verdict=OK         0.18s
[238/308] sshuf_raw_124                status=OK               verdict=OK         0.18s
[239/308] sshuf_raw_127                status=OK               verdict=OK         0.17s
[240/308] sshuf_raw_128                status=OK               verdict=OK         0.17s
[241/308] sshuf_raw_140                status=OK               verdict=OK         0.17s
[242/308] sshuf_raw_150                status=OK               verdict=OK         0.17s
[243/308] sshuf_raw_160                status=OK               verdict=OK         0.16s
[244/308] sshuf_raw_168                status=OK               verdict=OK         0.18s
[245/308] sshuf_raw_240                status=OK               verdict=OK         0.17s
[246/308] sshuf_raw_250                status=OK               verdict=OK         0.16s
[247/308] sshuf_raw_254                status=OK               verdict=OK         0.21s
[248/308] sshuf_raw_255                status=OK               verdict=OK         0.21s
[249/308] sxor_raw_000                 status=OK               verdict=OK         0.30s
[250/308] sxor_raw_001                 status=OK               verdict=OK         0.22s
[251/308] sxor_raw_002                 status=OK               verdict=OK         0.20s
[252/308] sxor_raw_062                 status=OK               verdict=OK         0.17s
[253/308] sxor_raw_064                 status=OK               verdict=OK         0.16s
[254/308] sxor_raw_065                 status=OK               verdict=OK         0.16s
[255/308] sxor_raw_066                 status=OK               verdict=OK         0.16s
[256/308] sxor_raw_080                 status=OK               verdict=OK         0.16s
[257/308] sxor_raw_126                 status=OK               verdict=OK         0.16s
[258/308] sxor_raw_127                 status=OK               verdict=OK         0.16s
[259/308] sxor_raw_128                 status=OK               verdict=OK         0.16s
[260/308] sxor_raw_254                 status=OK               verdict=OK         0.16s
[261/308] sxor_raw_255                 status=OK               verdict=OK         0.15s
[262/308] squad_raw_000                status=OK               verdict=OK         0.21s
[263/308] squad_raw_001                status=OK               verdict=OK         0.16s
[264/308] squad_raw_002                status=OK               verdict=OK         0.16s
[265/308] squad_raw_003                status=OK               verdict=OK         0.15s
[266/308] squad_raw_004                status=OK               verdict=OK         0.16s
[267/308] squad_raw_005                status=OK               verdict=OK         0.16s
[268/308] squad_raw_006                status=OK               verdict=OK         0.15s
[269/308] squad_raw_008                status=OK               verdict=OK         0.16s
[270/308] squad_raw_010                status=OK               verdict=OK         0.15s
[271/308] squad_raw_014                status=OK               verdict=OK         0.16s
[272/308] squad_raw_030                status=OK               verdict=OK         0.16s
[273/308] squad_raw_060                status=OK               verdict=OK         0.16s
[274/308] squad_raw_126                status=OK               verdict=OK         0.16s
[275/308] squad_raw_254                status=OK               verdict=OK         0.16s
[276/308] squad_raw_255                status=OK               verdict=OK         0.16s
[277/308] vote_f_mask_baseline_pc      status=OK               verdict=OK         0.08s
[278/308] vote_f_mask_1discard_pc      status=OK               verdict=OK         0.08s
[279/308] vote_f_mask_1return_pc       status=OK               verdict=OK         0.11s
[280/308] vote_f_mask_2discard_pc      status=OK               verdict=OK         0.10s
[281/308] vote_f_mask_discard11_pc     status=OK               verdict=OK         0.09s
[282/308] vote_f_ballotpred_baseline_pc status=OK               verdict=OK         0.08s
[283/308] vote_f_ballotpred_1discard_pc status=OK               verdict=OK         0.08s
[284/308] vote_f_mask_baseline_raw     status=OK               verdict=OK         0.08s
[285/308] vote_f_mask_1discard_raw     status=OK               verdict=OK         0.08s
[286/308] vote_f_all_baseline          status=OK               verdict=OK         0.08s
[287/308] vote_f_all_1discard          status=OK               verdict=OK         0.08s
[288/308] vote_f_any_baseline          status=OK               verdict=OK         0.08s
[289/308] vote_f_any_1discard          status=OK               verdict=OK         0.08s
[290/308] width_1x1                    status=OK               verdict=OK         0.08s
[291/308] width_2x2                    status=OK               verdict=OK         0.08s
[292/308] width_3x3                    status=OK               verdict=OK         0.08s
[293/308] width_4x4                    status=OK               verdict=OK         0.08s
[294/308] width_8x8                    status=OK               verdict=OK         0.08s
[295/308] width_16x16                  status=OK               verdict=OK         0.08s
[296/308] width_31x31                  status=OK               verdict=OK         0.08s
[297/308] width_32x32                  status=OK               verdict=OK         0.08s
[298/308] width_33x33                  status=OK               verdict=OK         0.08s
[299/308] width_40x24                  status=OK               verdict=OK         0.08s
[300/308] width_48x48                  status=OK               verdict=OK         0.08s
[301/308] width_64x64                  status=OK               verdict=OK         0.08s
[302/308] sg_struct_sgbar_loop         status=OK               verdict=OK         0.15s
[303/308] sg_struct_sgbar_ifdiv        status=OK               verdict=OK         0.16s
[304/308] sg_struct_sgbar_highreg      status=OK               verdict=OK         0.16s
[305/308] sg_struct_sgbar_double       status=OK               verdict=OK         0.16s
[306/308] sg_struct_sgbar_nested       status=OK               verdict=OK         0.17s
[307/308] sg_func_loop_bar             status=OK               verdict=MATCH      0.12s
[308/308] sg_func_ifdiv_bar            status=OK               verdict=MATCH      0.13s
DONE m4_20260828_run02: ok=18 mismatch=9 fault=126 hang=17 other=138 / 308 total
