
===== p1_ballot  (36B, tokenized 100.0%, named 100.0%) =====
  +0x000 len=   4 04821006                      [RT?]
  +0x004 len=   4 1ca01026                    
  +0x008 len=  10 1717540002003c48220a          [BALLOT/UNPACK]
  +0x012 len=  14 e720540000012100110000901100
  +0x020 len=   4 0e000000                    

===== p1_active  (32B, tokenized 100.0%, named 100.0%) =====
  +0x000 len=   4 1ca01006                    
  +0x004 len=  10 17075400020200080218          [BALLOT/UNPACK]
  +0x00e len=  14 e710540000012100110000901100
  +0x01c len=   4 0e000000                    

===== p1_bcast  (56B, tokenized 100.0%, named 100.0%) =====
  +0x000 len=   4 04821006                      [RT?]
  +0x004 len=   4 1ca01026                    
  +0x008 len=  10 9f115400030000481605        
  +0x012 len=  10 9f015400030200881504        
  +0x01c len=  10 4704540002000e2c0400          [SHUF]
  +0x026 len=  14 e720540000012100110000901100
  +0x034 len=   4 0e000000                    

===== p1_xor  (56B, tokenized 100.0%, named 100.0%) =====
  +0x000 len=   4 04821006                      [RT?]
  +0x004 len=   4 1ca01026                    
  +0x008 len=  10 9f115400030000481605        
  +0x012 len=  10 9f015400030200881504        
  +0x01c len=  10 c70454000200022c0400          [SHUF]
  +0x026 len=  14 e720540000012100110000901100
  +0x034 len=   4 0e000000                    

===== p1_up  (64B, tokenized 96.9%, named 96.9%) =====
  +0x000 len=   4 44821006                    
  +0x004 len=   4 1ca01026                    
  +0x008 len=  10 9f1154000310224c1005        
  +0x012 len=  10 9f015400030200881504        
  +0x01c len=  10 470554040300042c0200          [SHUF]
  +0x026 len=   6 02080f9e8504                
  +0x02c len=None 0602                          <== UNDECODED byte0=0x06
  +0x02e len=  14 e720540000012100110000901100
  +0x03c len=   4 0e000000                    

===== p1_down  (74B, tokenized 91.9%, named 91.9%) =====
  +0x000 len=   4 34821006                    
  +0x004 len=  10 9f115400030c1a4c1005        
  +0x00e len=   4 1ca01006                    
  +0x012 len=  10 9f015400030200881504        
  +0x01c len=  10 c70554040300082c0200          [SHUF]
  +0x026 len=   4 43062e9d                    
  +0x02a len=   6 020a00000000                
  +0x030 len=   6 02080f848004                
  +0x036 len=   4 0502e710                    
  +0x03a len=None 5400                          <== UNDECODED byte0=0x54
  +0x03c len=None 0001                          <== UNDECODED byte0=0x00
  +0x03e len=None 2100                          <== UNDECODED byte0=0x21
  +0x040 len=   6 110000901100                
  +0x046 len=   4 0e000000                    

===== p1_shuffle  (180B, tokenized 91.1%, named 82.2%) =====
  +0x000 len=   4 1ca01006                    
  +0x004 len=  14 6710440101012000410100404600
  +0x012 len=   4 04821006                      [RT?]
  +0x016 len=   4 43002f9f                    
  +0x01a len=None 1802                          <== UNDECODED byte0=0x18
  +0x01c len=None 0080                          <== UNDECODED byte0=0x00
  +0x01e len=None 0000                          <== UNDECODED byte0=0x00
  +0x020 len=  10 9f115400030000481605        
  +0x02a len=None 2388                          <== UNDECODED byte0=0x23
  +0x02c len=   8 279d000200000000            
  +0x034 len=  10 9f015400030200881504        
  +0x03e len=  10 9f015409030210041104        
  +0x048 len=  10 470454040300082c1a00          [SHUF]
  +0x052 len=  10 470454060300122e1200          [SHUF]
  +0x05c len=  10 9f01540f030224041104        
  +0x066 len=   6 328827888606                  <-- length-known, UNNAMED byte0=0x32
  +0x06c len=None 0f08                          <== UNDECODED byte0=0x0f  [0F-CF]
  +0x06e len=None 8204                          <== UNDECODED byte0=0x82
  +0x070 len=  10 9f015409030424001504        
  +0x07a len=  10 4704540403001e2e1200          [SHUF]
  +0x084 len=  10 220e2f8886040f088206          <-- length-known, UNNAMED byte0=0x22
  +0x08e len=  10 470454000300122e1400          [SHUF]
  +0x098 len=   6 02081f088600                
  +0x09e len=None 0f08                          <== UNDECODED byte0=0x0f  [0F-CF]
  +0x0a0 len=None 8204                          <== UNDECODED byte0=0x82
  +0x0a2 len=  14 e700540000012100110000901100
  +0x0b0 len=   4 0e000000                    

===== p1_unpack  (44B, tokenized 86.4%, named 86.4%) =====
  +0x000 len=   4 2ca01006                    
  +0x004 len=  14 6710440001022000510100404600
  +0x012 len=  10 1704560000001caae700          [BALLOT/UNPACK]
  +0x01c len=None 5400                          <== UNDECODED byte0=0x54
  +0x01e len=None 0002                          <== UNDECODED byte0=0x00
  +0x020 len=None 2100                          <== UNDECODED byte0=0x21
  +0x022 len=   6 190000101200                
  +0x028 len=   4 0e000000                    

===== p1_combined  (180B, tokenized 97.8%, named 97.8%) =====
  +0x000 len=   4 2ca01006                    
  +0x004 len=  14 6710440c01022000510100404600
  +0x012 len=  10 1704560001180eca3b8d          [BALLOT/UNPACK]
  +0x01c len=   8 2785000200000000            
  +0x024 len=  10 17075408030200080218          [BALLOT/UNPACK]
  +0x02e len=  10 17075406030c00582212          [BALLOT/UNPACK]
  +0x038 len=  10 9f015408030020c81404        
  +0x042 len=None 4b09                          <== UNDECODED byte0=0x4b
  +0x044 len=None 3b07                          <== UNDECODED byte0=0x3b
  +0x046 len=   6 09012d080002                
  +0x04c len=  10 4704540a03180a2c0200          [SHUF]
  +0x056 len=  10 270754060300b4080200        
  +0x060 len=  10 c704540c0318042c0400          [SHUF]
  +0x06a len=   6 09032d080002                
  +0x070 len=  10 9f01540a031828a81705        
  +0x07a len=  10 270754000300b4080200        
  +0x084 len=  10 9f015402031420a81705        
  +0x08e len=  10 9f015402030418a81705        
  +0x098 len=  10 9f015400020400a81705        
  +0x0a2 len=  14 e700540000022100110000901100
  +0x0b0 len=   4 0e000000                    

===== p2_switch  (164B, tokenized 100.0%, named 87.8%) =====
  +0x000 len=   4 0ca01006                    
  +0x004 len=  14 6710440201002000510100404600
  +0x012 len=  10 2b832783100200800000          <-- length-known, UNNAMED byte0=0x2b
  +0x01c len=   6 0a8522801702                
  +0x022 len=   4 0f055401                      [0F-CF]
  +0x026 len=  10 9f015402030e08881504        
  +0x030 len=   4 0f040419                      [0F-CF]
  +0x034 len=  10 0f015458000000000000          [0F-CF]
  +0x03e len=   6 0a8522820702                
  +0x044 len=   4 0f055401                      [0F-CF]
  +0x048 len=  10 9f015402030408e81605        
  +0x052 len=   4 0f040419                      [0F-CF]
  +0x056 len=  10 0f015430000000000000          [0F-CF]
  +0x060 len=   6 0a052b820600                
  +0x066 len=   4 07020000                    
  +0x06a len=   4 0f055401                      [0F-CF]
  +0x06e len=  10 1f01540203042c281301        
  +0x078 len=   4 0f040419                      [0F-CF]
  +0x07c len=  10 1b030ed5120a00000000          <-- length-known, UNNAMED byte0=0x1b
  +0x086 len=   6 0f0604020000                  [0F-CF]
  +0x08c len=   6 0f0604010000                  [0F-CF]
  +0x092 len=  14 e700540200002100110000901100
  +0x0a0 len=   4 0e000000                    

===== p2_multibreak  (262B, tokenized 89.3%, named 69.5%) =====
  +0x000 len=   4 0ca01006                    
  +0x004 len=  14 6710440201002000510100404600
  +0x012 len=   6 0a83228017c2                
  +0x018 len=   4 2b002000                      <-- length-known, UNNAMED byte0=0x2b
  +0x01c len=   4 0f055421                      [0F-CF]
  +0x020 len=  10 0f0154ce000000000000          [0F-CF]
  +0x02a len=  10 1f015404030406281101        
  +0x034 len=   4 7b002000                      <-- length-known, UNNAMED byte0=0x7b
  +0x038 len=   6 32052eb20502                  <-- length-known, UNNAMED byte0=0x32
  +0x03e len=   4 2b002000                      <-- length-known, UNNAMED byte0=0x2b
  +0x042 len=   4 0f05541a                      [0F-CF]
  +0x046 len=   6 0a8523090300                
  +0x04c len=None 0602                          <== UNDECODED byte0=0x06
  +0x04e len=None 0000                          <== UNDECODED byte0=0x00
  +0x050 len=None 0000                          <== UNDECODED byte0=0x00
  +0x052 len=None 0001                          <== UNDECODED byte0=0x00
  +0x054 len=   4 0f055421                      [0F-CF]
  +0x058 len=  10 0f01545e000000000000          [0F-CF]
  +0x062 len=   4 6b002000                      <-- length-known, UNNAMED byte0=0x6b
  +0x066 len=   4 0f05541a                      [0F-CF]
  +0x06a len=  10 9f01040a0302308c1104        
  +0x074 len=  12 9f00540403183a24d0292a00    
  +0x080 len=None 828b                          <== UNDECODED byte0=0x82
  +0x082 len=None 2503                          <== UNDECODED byte0=0x25
  +0x084 len=  10 228007002081420d2d8f          <-- length-known, UNNAMED byte0=0x22
  +0x08e len=None 8210                          <== UNDECODED byte0=0x82
  +0x090 len=   4 05002081                    
  +0x094 len=None 1a85                          <== UNDECODED byte0=0x1a
  +0x096 len=None 0309                          <== UNDECODED byte0=0x03
  +0x098 len=  10 2281060280086b0a0900          <-- length-known, UNNAMED byte0=0x22
  +0x0a2 len=   4 8f045422                    
  +0x0a6 len=  10 0f0054c4ffffffffff00          [0F-CF]
  +0x0b0 len=   6 0f0604020000                  [0F-CF]
  +0x0b6 len=   6 0f0604010000                  [0F-CF]
  +0x0bc len=None 5205                          <== UNDECODED byte0=0x52
  +0x0be len=None 250a                          <== UNDECODED byte0=0x25
  +0x0c0 len=  10 2281070a20801a8f0307          <-- length-known, UNNAMED byte0=0x22
  +0x0ca len=None 2681                          <== UNDECODED byte0=0x26
  +0x0cc len=None 0700                          <== UNDECODED byte0=0x07
  +0x0ce len=None 800a                          <== UNDECODED byte0=0x80
  +0x0d0 len=  10 9f01540e020238881504        
  +0x0da len=   4 8f045422                    
  +0x0de len=  10 0f005468ffffffffff00          [0F-CF]
  +0x0e8 len=   6 0f0604020000                  [0F-CF]
  +0x0ee len=   6 0f0604010000                  [0F-CF]
  +0x0f4 len=  14 e700540400002100110000901100
  +0x102 len=   4 0e000000                    

===== p2_shortcircuit  (216B, tokenized 73.1%, named 58.3%) =====
  +0x000 len=   4 1ca01006                    
  +0x004 len=None 0b03                          <== UNDECODED byte0=0x0b
  +0x006 len=None 0681                          <== UNDECODED byte0=0x06
  +0x008 len=   6 122a00000000                
  +0x00e len=  14 6700540801802000510100404600
  +0x01c len=  14 6700440401012000110000404600
  +0x02a len=   6 328925802281                  <-- length-known, UNNAMED byte0=0x32
  +0x030 len=None 06c2                          <== UNDECODED byte0=0x06
  +0x032 len=None 2080                          <== UNDECODED byte0=0x20
  +0x034 len=  10 9f115400031012ac1105        
  +0x03e len=None 3a85                          <== UNDECODED byte0=0x3a
  +0x040 len=None 2580                          <== UNDECODED byte0=0x25
  +0x042 len=None 8206                          <== UNDECODED byte0=0x82
  +0x044 len=None 0602                          <== UNDECODED byte0=0x06
  +0x046 len=None 2080                          <== UNDECODED byte0=0x20
  +0x048 len=   6 02012de42281                
  +0x04e len=None 0702                          <== UNDECODED byte0=0x07
  +0x050 len=None 2080                          <== UNDECODED byte0=0x20
  +0x052 len=  12 9f00540a03101204d0200a00    
  +0x05e len=None 7206                          <== UNDECODED byte0=0x72
  +0x060 len=None 2d80                          <== UNDECODED byte0=0x2d
  +0x062 len=None 2680                          <== UNDECODED byte0=0x26
  +0x064 len=None 0f02                          <== UNDECODED byte0=0x0f  [0F-CF]
  +0x066 len=None 8200                          <== UNDECODED byte0=0x82
  +0x068 len=  10 9f0154000314380c1104        
  +0x072 len=None 7300                          <== UNDECODED byte0=0x73
  +0x074 len=None 2001                          <== UNDECODED byte0=0x20
  +0x076 len=None 520b                          <== UNDECODED byte0=0x52
  +0x078 len=  10 2f0902800602800e7289        
  +0x082 len=   8 278002800702800a            
  +0x08a len=   6 328527808200                  <-- length-known, UNNAMED byte0=0x32
  +0x090 len=None 0702                          <== UNDECODED byte0=0x07
  +0x092 len=None 800e                          <== UNDECODED byte0=0x80
  +0x094 len=None 6289                          <== UNDECODED byte0=0x62
  +0x096 len=None 2580                          <== UNDECODED byte0=0x25
  +0x098 len=None 2681                          <== UNDECODED byte0=0x26
  +0x09a len=   4 16022080                    
  +0x09e len=  10 0b8727e5020a00000000          <-- length-known, UNNAMED byte0=0x0b
  +0x0a8 len=None 7285                          <== UNDECODED byte0=0x72
  +0x0aa len=None 2580                          <== UNDECODED byte0=0x25
  +0x0ac len=None 860c                          <== UNDECODED byte0=0x86
  +0x0ae len=   4 16022080                    
  +0x0b2 len=  10 22053f09068007008006          <-- length-known, UNNAMED byte0=0x22
  +0x0bc len=   6 020e0f808604                
  +0x0c2 len=None 0702                          <== UNDECODED byte0=0x07
  +0x0c4 len=None 8200                          <== UNDECODED byte0=0x82
  +0x0c6 len=  14 e700540000012100110000901100
  +0x0d4 len=   4 0e000000                    

===== p2_ternary  (100B, tokenized 94.0%, named 74.0%) =====
  +0x000 len=   4 1ca01006                    
  +0x004 len=  14 6710440001012000510100404600
  +0x012 len=  10 22812708228305c22084          <-- length-known, UNNAMED byte0=0x22
  +0x01c len=  10 228127e4218205022281          <-- length-known, UNNAMED byte0=0x22
  +0x026 len=   8 278a218105022281            
  +0x02e len=   8 2780258007022281            
  +0x036 len=   8 2780210a07020201            
  +0x03e len=  10 2f802687160220899f00        
  +0x048 len=None 5400                          <== UNDECODED byte0=0x54
  +0x04a len=   6 02080000d026                
  +0x050 len=   6 0a00e7005400                
  +0x056 len=None 0001                          <== UNDECODED byte0=0x00
  +0x058 len=None 2100                          <== UNDECODED byte0=0x21
  +0x05a len=   6 110000901100                
  +0x060 len=   4 0e000000                    

===== p2_dowhile  (114B, tokenized 100.0%, named 96.5%) =====
  +0x000 len=   4 1ca01006                    
  +0x004 len=  14 6710440001012000510100404600
  +0x012 len=   6 22012e8016c2                
  +0x018 len=  10 1f015400030806281101        
  +0x022 len=  10 1f01540803080a281101        
  +0x02c len=  12 9f00540003002000d0260a00    
  +0x038 len=  10 9f015404030810e81605        
  +0x042 len=   4 0b012e81                      <-- length-known, UNNAMED byte0=0x0b
  +0x046 len=   6 120200000000                
  +0x04c len=  10 1f015404030808281301        
  +0x056 len=  10 9f015400020800a81705        
  +0x060 len=  14 e700540000012100110000901100
  +0x06e len=   4 0e000000                    

===== p3_matmul_f32  (226B, tokenized 98.2%, named 88.5%) =====
  +0x000 len=   4 44951006                    
  +0x004 len=  12 a710540003100600d0100100    
  +0x010 len=  10 1b882781100200000000          <-- length-known, UNNAMED byte0=0x1b
  +0x01a len=  10 0b012f85000200000000        
  +0x024 len=  10 9f015402030008e81605        
  +0x02e len=  12 2700540003040a00f0100100      <-- length-known, UNNAMED byte0=0x27
  +0x03a len=   8 2702540203040800            
  +0x042 len=None f011                          <== UNDECODED byte0=0xf0
  +0x044 len=None 0100                          <== UNDECODED byte0=0x01
  +0x046 len=  10 9f015404020800541304        
  +0x050 len=  12 a700540c03100600d0102100    
  +0x05c len=  12 a700540e03101000d0110100    
  +0x068 len=  10 9f016408021000541304        
  +0x072 len=  10 9f015410031838a81615        
  +0x07c len=  10 9f01540c021800501304        
  +0x086 len=  10 9f015410020040c81414        
  +0x090 len=  14 6700540402082000590d00406600
  +0x09e len=  14 6700540804082000590d00406600
  +0x0ac len=  14 6700440c06082000590d00406600
  +0x0ba len=  12 cf02560200040809d4432401      [MATRIX]
  +0x0c6 len=  10 9f015400020000501704        
  +0x0d0 len=  14 e700540400082100190300901900
  +0x0de len=   4 0e000000                    

===== p3_matmul_half  (226B, tokenized 98.2%, named 88.5%) =====
  +0x000 len=   4 34951006                    
  +0x004 len=  12 a7105400030c0600d0100100    
  +0x010 len=  10 1b862781100200000000          <-- length-known, UNNAMED byte0=0x1b
  +0x01a len=  10 0b012f85000200000000        
  +0x024 len=  10 9f015402030008e81605        
  +0x02e len=  12 2700540003040600f0100100      <-- length-known, UNNAMED byte0=0x27
  +0x03a len=   8 2702540203040400            
  +0x042 len=None f011                          <== UNDECODED byte0=0xf0
  +0x044 len=None 0100                          <== UNDECODED byte0=0x01
  +0x046 len=  10 9f01540c020800541304        
  +0x050 len=  12 a7005404030c0600d0102100    
  +0x05c len=  12 a7005406030c1000d0110100    
  +0x068 len=  10 9f016408021000541304        
  +0x072 len=  10 9f015410030818a81615        
  +0x07c len=  10 9f015404021800501304        
  +0x086 len=  10 9f015410020040c81414        
  +0x090 len=  14 6700540c06082000490d00406400
  +0x09e len=  14 6700540804082000490d00406400
  +0x0ac len=  14 6700440402082000490d00406400
  +0x0ba len=  12 cf005604020c080410628c00      [MATRIX]
  +0x0c6 len=  10 9f015400020000501704        
  +0x0d0 len=  14 e700540400082100090300101900
  +0x0de len=   4 0e000000                    

===== p3_matmul_noacc  (202B, tokenized 98.0%, named 87.1%) =====
  +0x000 len=   4 24951006                    
  +0x004 len=  12 a710540003080600d0100100    
  +0x010 len=  10 1b842781100200000000          <-- length-known, UNNAMED byte0=0x1b
  +0x01a len=  10 0b012f85000200000000        
  +0x024 len=  10 9f015402030008e81605        
  +0x02e len=  12 2700540003040a00f0100100      <-- length-known, UNNAMED byte0=0x27
  +0x03a len=   8 2702540203040800            
  +0x042 len=None f011                          <== UNDECODED byte0=0xf0
  +0x044 len=None 0100                          <== UNDECODED byte0=0x01
  +0x046 len=  12 a700540803080600d0102100    
  +0x052 len=  12 a700540a03081000d0110100    
  +0x05e len=  10 9f015404020800541304        
  +0x068 len=  10 9f01540c031028a81615        
  +0x072 len=  10 9f015408021000501304        
  +0x07c len=  10 9f01540c020030c81414        
  +0x086 len=  14 6700540402062000590d00406600
  +0x094 len=  14 6700440804062000590d00406600
  +0x0a2 len=  12 cf02560200040800d4412400      [MATRIX]
  +0x0ae len=  10 9f015400020000501704        
  +0x0b8 len=  14 e700540400062100190300901900
  +0x0c6 len=   4 0e000000                    

===== p4_prim  (1674B, tokenized 82.0%, named 72.3%) =====
  +0x000 len=  14 6700545012000000190002400200
  +0x00e len=  14 6700545812000000590000400200
  +0x01c len=  14 6700541417000000970000400200
  +0x02a len=  14 6700541c1900000097000a400200
  +0x038 len=  14 6700542419000000d9000c400200
  +0x046 len=  14 6700442817000000190102400200
  +0x054 len=   8 e4ea90a68b000000            
  +0x05c len=   4 2b248108                    
  +0x060 len=   4 3b268108                    
  +0x064 len=   4 ab508108                    
  +0x068 len=  12 a700560003b81400d0100100    
  +0x074 len=   4 bb528108                    
  +0x078 len=   4 7b740108                    
  +0x07c len=   4 6b008000                      <-- length-known, UNNAMED byte0=0x6b
  +0x080 len=   4 7b008000                      <-- length-known, UNNAMED byte0=0x7b
  +0x084 len=  10 9f015400030000e81605        
  +0x08e len=   4 9b380108                    
  +0x092 len=  10 9f01545e020000881414        
  +0x09c len=None 5b00                          <== UNDECODED byte0=0x5b
  +0x09e len=None 0000                          <== UNDECODED byte0=0x00
  +0x0a0 len=None 6b00                          <== UNDECODED byte0=0x6b
  +0x0a2 len=None 0000                          <== UNDECODED byte0=0x00
  +0x0a4 len=   4 4b008108                    
  +0x0a8 len=   4 5b028108                    
  +0x0ac len=None eb04                          <== UNDECODED byte0=0xeb
  +0x0ae len=None 4108                          <== UNDECODED byte0=0x41
  +0x0b0 len=None fb06                          <== UNDECODED byte0=0xfb
  +0x0b2 len=None 4108                          <== UNDECODED byte0=0x41
  +0x0b4 len=   4 0b088108                    
  +0x0b8 len=   4 1b0a8108                    
  +0x0bc len=None ab0c                          <== UNDECODED byte0=0xab
  +0x0be len=None 4108                          <== UNDECODED byte0=0x41
  +0x0c0 len=None bb0e                          <== UNDECODED byte0=0xbb
  +0x0c2 len=None 4108                          <== UNDECODED byte0=0x41
  +0x0c4 len=None cb10                          <== UNDECODED byte0=0xcb
  +0x0c6 len=None 4108                          <== UNDECODED byte0=0x41
  +0x0c8 len=None db12                          <== UNDECODED byte0=0xdb
  +0x0ca len=None 4108                          <== UNDECODED byte0=0x41
  +0x0cc len=None 6b20                          <== UNDECODED byte0=0x6b
  +0x0ce len=None 4108                          <== UNDECODED byte0=0x41
  +0x0d0 len=None 7b22                          <== UNDECODED byte0=0x7b
  +0x0d2 len=None 4108                          <== UNDECODED byte0=0x41
  +0x0d4 len=None 8b1c                          <== UNDECODED byte0=0x8b
  +0x0d6 len=None 4108                          <== UNDECODED byte0=0x41
  +0x0d8 len=None 9b1e                          <== UNDECODED byte0=0x9b
  +0x0da len=None 4108                          <== UNDECODED byte0=0x41
  +0x0dc len=   4 0b140108                    
  +0x0e0 len=   4 1b160108                    
  +0x0e4 len=   4 2b400108                    
  +0x0e8 len=   4 3b420108                    
  +0x0ec len=  14 df12544c000000005c02004c0000  [RT-LOAD]
  +0x0fa len=  14 df225458000000006402084c0000  [RT-LOAD]
  +0x108 len=  14 df0254120000000044020a4c0000  [RT-LOAD]
  +0x116 len=  14 df02540a7abc20005c0520c00800  [RT-LOAD]
  +0x124 len=  14 df0254547abc2000640724c00800  [RT-LOAD]
  +0x132 len=  14 df0254447abc20005c0722c00800  [RT-LOAD]
  +0x140 len=  14 df02543c000000005c02024c0000  [RT-LOAD]
  +0x14e len=  14 df025434000000005c02044c0000  [RT-LOAD]
  +0x15c len=  14 df02542c000000005c02064c0000  [RT-LOAD]
  +0x16a len=  14 df025400000000005c020d4c0000  [RT-LOAD]
  +0x178 len=  14 5f02540000000000400a06300200
  +0x186 len=None 1b5c                          <== UNDECODED byte0=0x1b
  +0x188 len=  10 17001002000000009f00          <-- length-known, UNNAMED byte0=0x17  [BALLOT/UNPACK]
  +0x192 len=None 560e                          <== UNDECODED byte0=0x56
  +0x194 len=   6 020208c0912f                
  +0x19a len=   6 0a000bdc079f                
  +0x1a0 len=   6 100200000000                
  +0x1a6 len=  14 5f0254040e002000400100006800
  +0x1b4 len=   6 1995341d0068                
  +0x1ba len=  10 52832781227602022078        
  +0x1c4 len=   6 3997341f0008                
  +0x1ca len=   6 990b39035287                
  +0x1d0 len=   8 2781227602022078            
  +0x1d8 len=   6 199934210008                
  +0x1de len=   6 390b39075283                
  +0x1e4 len=   8 2781227602022078            
  +0x1ec len=   6 699534230008                
  +0x1f2 len=   6 190b3903e28d                
  +0x1f8 len=   8 2781227802022076            
  +0x200 len=   6 599734250088                
  +0x206 len=   6 e91d390d628b                
  +0x20c len=   8 2781227802022076            
  +0x214 len=None 9213                          <== UNDECODED byte0=0x92
  +0x216 len=None 3f1d                          <== UNDECODED byte0=0x3f  [REDUCE]
  +0x218 len=None 831c                          <== UNDECODED byte0=0x83
  +0x21a len=None 0300                          <== UNDECODED byte0=0x03
  +0x21c len=None 8012                          <== UNDECODED byte0=0x80
  +0x21e len=None 0000                          <== UNDECODED byte0=0x00
  +0x220 len=None 0300                          <== UNDECODED byte0=0x03
  +0x222 len=   6 590d390b029b                
  +0x228 len=  14 67a903a80300009a004003006207
  +0x236 len=None 3f0b                          <== UNDECODED byte0=0x3f  [REDUCE]
  +0x238 len=None 830a                          <== UNDECODED byte0=0x83
  +0x23a len=None 0300                          <== UNDECODED byte0=0x03
  +0x23c len=None 8006                          <== UNDECODED byte0=0x80
  +0x23e len=None 0000                          <== UNDECODED byte0=0x00
  +0x240 len=None 0300                          <== UNDECODED byte0=0x03
  +0x242 len=   6 391934270008                
  +0x248 len=None 529b                          <== UNDECODED byte0=0x52
  +0x24a len=None 07a9                          <== UNDECODED byte0=0x07
  +0x24c len=None 0392                          <== UNDECODED byte0=0x03
  +0x24e len=None 0300                          <== UNDECODED byte0=0x03
  +0x250 len=None 008c                          <== UNDECODED byte0=0x00
  +0x252 len=None 0000                          <== UNDECODED byte0=0x00
  +0x254 len=None 0300                          <== UNDECODED byte0=0x03
  +0x256 len=  10 e2872781227802022076        
  +0x260 len=   6 129b67a9830c                
  +0x266 len=None 0300                          <== UNDECODED byte0=0x03
  +0x268 len=None 8012                          <== UNDECODED byte0=0x80
  +0x26a len=None 0000                          <== UNDECODED byte0=0x00
  +0x26c len=None 0300                          <== UNDECODED byte0=0x03
  +0x26e len=   6 391d3907e29b                
  +0x274 len=None 2529                          <== UNDECODED byte0=0x25
  +0x276 len=None 2381                          <== UNDECODED byte0=0x23
  +0x278 len=None 0300                          <== UNDECODED byte0=0x03
  +0x27a len=None 2080                          <== UNDECODED byte0=0x20
  +0x27c len=None 0000                          <== UNDECODED byte0=0x00
  +0x27e len=None 0300                          <== UNDECODED byte0=0x03
  +0x280 len=   6 12033f078306                
  +0x286 len=None 0300                          <== UNDECODED byte0=0x03
  +0x288 len=None 8002                          <== UNDECODED byte0=0x80
  +0x28a len=None 0000                          <== UNDECODED byte0=0x00
  +0x28c len=None 0300                          <== UNDECODED byte0=0x03
  +0x28e len=None 62a1                          <== UNDECODED byte0=0x62
  +0x290 len=None 25ab                          <== UNDECODED byte0=0x25
  +0x292 len=None 2382                          <== UNDECODED byte0=0x23
  +0x294 len=None 0300                          <== UNDECODED byte0=0x03
  +0x296 len=None 801c                          <== UNDECODED byte0=0x80
  +0x298 len=None 0000                          <== UNDECODED byte0=0x00
  +0x29a len=None 0300                          <== UNDECODED byte0=0x03
  +0x29c len=   6 32a127ab03a2                  <-- length-known, UNNAMED byte0=0x32
  +0x2a2 len=None 0300                          <== UNDECODED byte0=0x03
  +0x2a4 len=None 0082                          <== UNDECODED byte0=0x00
  +0x2a6 len=None 0000                          <== UNDECODED byte0=0x00
  +0x2a8 len=None 0300                          <== UNDECODED byte0=0x03
  +0x2aa len=None e20c                          <== UNDECODED byte0=0xe2
  +0x2ac len=   8 2780a6081702a204            
  +0x2b4 len=None 520b                          <== UNDECODED byte0=0x52
  +0x2b6 len=None 3f07                          <== UNDECODED byte0=0x3f  [REDUCE]
  +0x2b8 len=None 8306                          <== UNDECODED byte0=0x83
  +0x2ba len=None 0300                          <== UNDECODED byte0=0x03
  +0x2bc len=None 800a                          <== UNDECODED byte0=0x80
  +0x2be len=None 0000                          <== UNDECODED byte0=0x00
  +0x2c0 len=None 0300                          <== UNDECODED byte0=0x03
  +0x2c2 len=   6 32a127ab2381                  <-- length-known, UNNAMED byte0=0x32
  +0x2c8 len=None 0300                          <== UNDECODED byte0=0x03
  +0x2ca len=None 801c                          <== UNDECODED byte0=0x80
  +0x2cc len=None 0000                          <== UNDECODED byte0=0x00
  +0x2ce len=None 0300                          <== UNDECODED byte0=0x03
  +0x2d0 len=None e300                          <== UNDECODED byte0=0xe3
  +0x2d2 len=None 2001                          <== UNDECODED byte0=0x20
  +0x2d4 len=None e387                          <== UNDECODED byte0=0xe3
  +0x2d6 len=None 2100                          <== UNDECODED byte0=0x21
  +0x2d8 len=   6 12a127ab8302                
  +0x2de len=None 0300                          <== UNDECODED byte0=0x03
  +0x2e0 len=None 8022                          <== UNDECODED byte0=0x80
  +0x2e2 len=None 0000                          <== UNDECODED byte0=0x00
  +0x2e4 len=None 0300                          <== UNDECODED byte0=0x03
  +0x2e6 len=   6 02216f2b032a                
  +0x2ec len=None 0300                          <== UNDECODED byte0=0x03
  +0x2ee len=None 8020                          <== UNDECODED byte0=0x80
  +0x2f0 len=None 0000                          <== UNDECODED byte0=0x00
  +0x2f2 len=None 0300                          <== UNDECODED byte0=0x03
  +0x2f4 len=   6 590b3c030200                
  +0x2fa len=None 0000                          <== UNDECODED byte0=0x00
  +0x2fc len=None 0300                          <== UNDECODED byte0=0x03
  +0x2fe len=   6 12a127810286                
  +0x304 len=None 0302                          <== UNDECODED byte0=0x03
  +0x306 len=None 009c                          <== UNDECODED byte0=0x00
  +0x308 len=   6 590b3d0f0002                
  +0x30e len=  12 2700540203045000f0110100      <-- length-known, UNNAMED byte0=0x27
  +0x31a len=  10 9f01540a031418aa1701        
  +0x324 len=   6 32212f81811c                  <-- length-known, UNNAMED byte0=0x32
  +0x32a len=None 0302                          <== UNDECODED byte0=0x03
  +0x32c len=  12 a700540a03144400f011e100    
  +0x338 len=  10 9f015402030430281705        
  +0x342 len=None 9b00                          <== UNDECODED byte0=0x9b
  +0x344 len=None 0000                          <== UNDECODED byte0=0x00
  +0x346 len=  12 9f005406030c2812d02f2200    
  +0x352 len=None ec80                          <== UNDECODED byte0=0xec
  +0x354 len=   6 02420000d00f                
  +0x35a len=  12 9f00540202b8800010200200    
  +0x366 len=None 1b14                          <== UNDECODED byte0=0x1b
  +0x368 len=   8 49002b1a49003b16            
  +0x370 len=   8 49009f01541e020c            
  +0x378 len=None 28a8                          <== UNDECODED byte0=0x28
  +0x37a len=   4 16152b05                    
  +0x37e len=None 3f0d                          <== UNDECODED byte0=0x3f  [REDUCE]
  +0x380 len=None 0022                          <== UNDECODED byte0=0x00
  +0x382 len=None 0000                          <== UNDECODED byte0=0x00
  +0x384 len=None 0000                          <== UNDECODED byte0=0x00
  +0x386 len=None db2a                          <== UNDECODED byte0=0xdb
  +0x388 len=   8 09002b6d17058208            
  +0x390 len=None 0000                          <== UNDECODED byte0=0x00
  +0x392 len=None 0000                          <== UNDECODED byte0=0x00
  +0x394 len=None 3c8a                          <== UNDECODED byte0=0x3c
  +0x396 len=   6 023c1c081e01                
  +0x39c len=None e36e                          <== UNDECODED byte0=0xe3
  +0x39e len=None a109                          <== UNDECODED byte0=0xa1
  +0x3a0 len=  14 df0254107abca000640520c00800  [RT-LOAD]
  +0x3ae len=  10 0b5d2700420000001000          <-- length-known, UNNAMED byte0=0x0b
  +0x3b8 len=  10 1b112700420000001000          <-- length-known, UNNAMED byte0=0x1b
  +0x3c2 len=  14 df0254227c0420005c0700400800  [RT-LOAD]
  +0x3d0 len=  14 df0254187c0420005c0702400800  [RT-LOAD]
  +0x3de len=  14 df0254040e002000640300000d00  [RT-LOAD]
  +0x3ec len=  14 df0254100e002000640120000d00  [RT-LOAD]
  +0x3fa len=   6 070454480900                
  +0x400 len=  14 5f1054000001260007504c005f02
  +0x40e len=None 5604                          <== UNDECODED byte0=0x56
  +0x410 len=   4 0e002000                    
  +0x414 len=None 808b                          <== UNDECODED byte0=0x80
  +0x416 len=None 8300                          <== UNDECODED byte0=0x83
  +0x418 len=None 6800                          <== UNDECODED byte0=0x68
  +0x41a len=   6 0a042bc00600                
  +0x420 len=None 06c2                          <== UNDECODED byte0=0x06
  +0x422 len=None 0000                          <== UNDECODED byte0=0x00
  +0x424 len=  10 9f015404031c00e81015        
  +0x42e len=  10 9f015404020808aa1701        
  +0x438 len=   4 0f055602                      [0F-CF]
  +0x43c len=  10 0f01546c000000000000          [0F-CF]
  +0x446 len=None 5f02                          <== UNDECODED byte0=0x5f
  +0x448 len=   8 040604000000808b              <-- length-known, UNNAMED byte0=0x04  [RT?]
  +0x450 len=None 0300                          <== UNDECODED byte0=0x03
  +0x452 len=None 2000                          <== UNDECODED byte0=0x20
  +0x454 len=None 3306                          <== UNDECODED byte0=0x33
  +0x456 len=   4 0ec10202                    
  +0x45a len=None 0080                          <== UNDECODED byte0=0x00
  +0x45c len=None 0000                          <== UNDECODED byte0=0x00
  +0x45e len=  10 2b5c2781420a00000000          <-- length-known, UNNAMED byte0=0x2b
  +0x468 len=  14 df0254060400000084e300000400  [RT-LOAD]
  +0x476 len=   6 070454080900                
  +0x47c len=  14 5f11540400005f02560604000000
  +0x48a len=None 808b                          <== UNDECODED byte0=0x80
  +0x48c len=None 0300                          <== UNDECODED byte0=0x03
  +0x48e len=None 2000                          <== UNDECODED byte0=0x20
  +0x490 len=   6 0a062bc00600                
  +0x496 len=None 06c2                          <== UNDECODED byte0=0x06
  +0x498 len=None 0000                          <== UNDECODED byte0=0x00
  +0x49a len=   4 8f045602                      <-- length-known, UNNAMED byte0=0x8f
  +0x49e len=  10 0f0054a8ffffffffff00          [0F-CF]
  +0x4a8 len=   6 0f0604020000                  [0F-CF]
  +0x4ae len=  14 5f02540c0e002000400b80006800
  +0x4bc len=  14 5f02540a7c04a00040110c004200
  +0x4ca len=  12 a700560202187a00f0100100    
  +0x4d6 len=   6 0a8223820200                
  +0x4dc len=   4 07020200                    
  +0x4e0 len=   4 0f055401                      [0F-CF]
  +0x4e4 len=  10 0f015466000000000000          [0F-CF]
  +0x4ee len=   6 0a022b800600                
  +0x4f4 len=  10 170202001c80027e0000          <-- length-known, UNNAMED byte0=0x17  [BALLOT/UNPACK]
  +0x4fe len=None 000c                          <== UNDECODED byte0=0x00
  +0x500 len=None 3b00                          <== UNDECODED byte0=0x3b
  +0x502 len=None 0000                          <== UNDECODED byte0=0x00
  +0x504 len=None 2b00                          <== UNDECODED byte0=0x2b
  +0x506 len=None 0000                          <== UNDECODED byte0=0x00
  +0x508 len=None 9c01                          <== UNDECODED byte0=0x9c
  +0x50a len=   4 0f055401                      [0F-CF]
  +0x50e len=  10 0f015436000000000000          [0F-CF]
  +0x518 len=  14 5f0254060e00a000401b00016800
  +0x526 len=  10 0b0d2f7f000200000000        
  +0x530 len=   8 a70754040200ac20            
  +0x538 len=None 1b0a                          <== UNDECODED byte0=0x1b
  +0x53a len=   6 09208c812200                
  +0x540 len=None 0000                          <== UNDECODED byte0=0x00
  +0x542 len=None 0000                          <== UNDECODED byte0=0x00
  +0x544 len=   6 0f0604010000                  [0F-CF]
  +0x54a len=   4 0f040419                      [0F-CF]
  +0x54e len=  10 0f015438000000000000          [0F-CF]
  +0x558 len=None 8202                          <== UNDECODED byte0=0x82
  +0x55a len=  10 2f822282170222835f02        
  +0x564 len=None 5406                          <== UNDECODED byte0=0x54
  +0x566 len=   4 0e00a000                    
  +0x56a len=None 401b                          <== UNDECODED byte0=0x40
  +0x56c len=None 0001                          <== UNDECODED byte0=0x00
  +0x56e len=None 6800                          <== UNDECODED byte0=0x68
  +0x570 len=  10 0b0d2f7f000200000000        
  +0x57a len=   8 a70754040200ac20            
  +0x582 len=None 1b0a                          <== UNDECODED byte0=0x1b
  +0x584 len=   8 09200f0604010000            
  +0x58c len=   8 04ea10266380269f              [RT?]
  +0x594 len=   6 124200000000                
  +0x59a len=   4 43000f9f                    
  +0x59e len=   6 100200000000                
  +0x5a4 len=   6 070454480900                
  +0x5aa len=None 5c80                          <== UNDECODED byte0=0x5c
  +0x5ac len=  10 2200002004000c802200          <-- length-known, UNNAMED byte0=0x22
  +0x5b6 len=None 0000                          <== UNDECODED byte0=0x00
  +0x5b8 len=   8 10009f00540a0318              <-- length-known, UNNAMED byte0=0x10
  +0x5c0 len=None 8250                          <== UNDECODED byte0=0x82
  +0x5c2 len=   8 102922009f015400              <-- length-known, UNNAMED byte0=0x10
  +0x5ca len=   6 020028a81305                
  +0x5d0 len=  14 5f02540f0a100000402d00006100
  +0x5de len=  14 5f02540f0a100000403d00016100
  +0x5ec len=  14 5f02540f00100000402d00006100
  +0x5fa len=  14 5f02540f00100000403d00016100
  +0x608 len=  12 9f0054000218a0c1912f0200    
  +0x614 len=  14 5f02540f00100000402d00006100
  +0x622 len=  14 5f02540f00100000402d00016100
  +0x630 len=  14 5f02540f00100000402d00026100
  +0x63e len=  14 5f02540f00100000402d00036100
  +0x64c len=  14 5f02540100108000403d00046700
  +0x65a len=   6 0211218026b0                
  +0x660 len=  10 1702208009001c810002          <-- length-known, UNNAMED byte0=0x17  [BALLOT/UNPACK]
  +0x66a len=   6 32110b80a4e2                  <-- length-known, UNNAMED byte0=0x32
  +0x670 len=  10 17c2e700540016000000          <-- length-known, UNNAMED byte0=0x17  [BALLOT/UNPACK]
  +0x67a len=  10 17000090000007045408          <-- length-known, UNNAMED byte0=0x17  [BALLOT/UNPACK]
  +0x684 len=None 0900                          <== UNDECODED byte0=0x09
  +0x686 len=   4 0e000000                    

===== p4_inst  (1950B, tokenized 85.1%, named 73.9%) =====
  +0x000 len=  14 6700545212000000190002400200
  +0x00e len=  14 6700545a12000000590000400200
  +0x01c len=  14 6700541617000000970000400200
  +0x02a len=  14 6700541e1900000097000a400200
  +0x038 len=  14 6700542619000000d9000c400200
  +0x046 len=  14 6700442a17000000190102400200
  +0x054 len=   8 f4ea90a66b000000            
  +0x05c len=None fb24                          <== UNDECODED byte0=0xfb
  +0x05e len=None 4108                          <== UNDECODED byte0=0x41
  +0x060 len=   4 0b268108                    
  +0x064 len=   4 bb508108                    
  +0x068 len=  12 a700560003bc1400d0100100    
  +0x074 len=   4 cb528108                    
  +0x078 len=   4 5b748108                    
  +0x07c len=   4 7b008000                      <-- length-known, UNNAMED byte0=0x7b
  +0x080 len=   4 8b008000                      <-- length-known, UNNAMED byte0=0x8b
  +0x084 len=  10 9f015400030000e81605        
  +0x08e len=   4 5b380108                    
  +0x092 len=  10 9f015460020000881414        
  +0x09c len=   4 3b008000                      <-- length-known, UNNAMED byte0=0x3b
  +0x0a0 len=   4 4b008000                      <-- length-known, UNNAMED byte0=0x4b
  +0x0a4 len=   4 6b008000                      <-- length-known, UNNAMED byte0=0x6b
  +0x0a8 len=   4 1b008108                    
  +0x0ac len=   4 2b028108                    
  +0x0b0 len=None bb04                          <== UNDECODED byte0=0xbb
  +0x0b2 len=None 4108                          <== UNDECODED byte0=0x41
  +0x0b4 len=None cb06                          <== UNDECODED byte0=0xcb
  +0x0b6 len=None 4108                          <== UNDECODED byte0=0x41
  +0x0b8 len=None db08                          <== UNDECODED byte0=0xdb
  +0x0ba len=None 4108                          <== UNDECODED byte0=0x41
  +0x0bc len=None eb0a                          <== UNDECODED byte0=0xeb
  +0x0be len=None 4108                          <== UNDECODED byte0=0x41
  +0x0c0 len=None 7b0c                          <== UNDECODED byte0=0x7b
  +0x0c2 len=None 4108                          <== UNDECODED byte0=0x41
  +0x0c4 len=None 8b0e                          <== UNDECODED byte0=0x8b
  +0x0c6 len=None 4108                          <== UNDECODED byte0=0x41
  +0x0c8 len=None 9b10                          <== UNDECODED byte0=0x9b
  +0x0ca len=None 4108                          <== UNDECODED byte0=0x41
  +0x0cc len=None ab12                          <== UNDECODED byte0=0xab
  +0x0ce len=None 4108                          <== UNDECODED byte0=0x41
  +0x0d0 len=   4 7b200108                    
  +0x0d4 len=   4 8b220108                    
  +0x0d8 len=   4 9b1c0108                    
  +0x0dc len=   4 ab1e0108                    
  +0x0e0 len=   4 0b140108                    
  +0x0e4 len=   4 1b160108                    
  +0x0e8 len=   4 2b400108                    
  +0x0ec len=   4 3b420108                    
  +0x0f0 len=  14 df12544e000000005c02004c0000  [RT-LOAD]
  +0x0fe len=  14 df22545a000000006402084c0000  [RT-LOAD]
  +0x10c len=  14 df02540a0000000044020a4c0000  [RT-LOAD]
  +0x11a len=  14 df0254467ac020005c0720c00800  [RT-LOAD]
  +0x128 len=  14 df0254567ac02000640724c00800  [RT-LOAD]
  +0x136 len=  14 df02543e7ac020005c0722c00800  [RT-LOAD]
  +0x144 len=  14 df025436000000005c02024c0000  [RT-LOAD]
  +0x152 len=  14 df02542e000000005c02044c0000  [RT-LOAD]
  +0x160 len=  14 df02540e000000005c02064c0000  [RT-LOAD]
  +0x16e len=  14 df025400000000005c020d4c0000  [RT-LOAD]
  +0x17c len=  14 5f02540000000000400a06300200
  +0x18a len=None 1b5e                          <== UNDECODED byte0=0x1b
  +0x18c len=  10 17001002000000009f00          <-- length-known, UNNAMED byte0=0x17  [BALLOT/UNPACK]
  +0x196 len=None 5614                          <== UNDECODED byte0=0x56
  +0x198 len=   6 020208c0912f                
  +0x19e len=   6 0a000b5e079f                
  +0x1a4 len=   6 100200000000                
  +0x1aa len=  14 5f02540214002000400b00006800
  +0x1b8 len=None 1b03                          <== UNDECODED byte0=0x1b
  +0x1ba len=None 3f0f                          <== UNDECODED byte0=0x3f  [REDUCE]
  +0x1bc len=None 0002                          <== UNDECODED byte0=0x00
  +0x1be len=None 0080                          <== UNDECODED byte0=0x00
  +0x1c0 len=None 0000                          <== UNDECODED byte0=0x00
  +0x1c2 len=None 3c8a                          <== UNDECODED byte0=0x3c
  +0x1c4 len=   6 023c1c081e01                
  +0x1ca len=None 2b6d                          <== UNDECODED byte0=0x2b
  +0x1cc len=  10 17038208000000005b00          <-- length-known, UNNAMED byte0=0x17  [BALLOT/UNPACK]
  +0x1d6 len=None 0000                          <== UNDECODED byte0=0x00
  +0x1d8 len=  14 df02540414002000640300000d00  [RT-LOAD]
  +0x1e6 len=  14 df02540a14002000640120000d00  [RT-LOAD]
  +0x1f4 len=  14 5f02540214002000400180036800
  +0x202 len=   6 2997341f0068                
  +0x208 len=  10 72852781227602022078        
  +0x212 len=   6 399934210008                
  +0x218 len=   6 890f39055287                
  +0x21e len=   8 2781227602022078            
  +0x226 len=   6 299b34230008                
  +0x22c len=   6 390b39079285                
  +0x232 len=   8 2781227602022078            
  +0x23a len=   6 799734250008                
  +0x240 len=   6 29133905928f                
  +0x246 len=   8 2781227802022076            
  +0x24e len=   6 599934270088                
  +0x254 len=   6 9913390f728b                
  +0x25a len=   8 2781227802022076            
  +0x262 len=None 9211                          <== UNDECODED byte0=0x92
  +0x264 len=None 3f13                          <== UNDECODED byte0=0x3f  [REDUCE]
  +0x266 len=None 8312                          <== UNDECODED byte0=0x83
  +0x268 len=None 0300                          <== UNDECODED byte0=0x03
  +0x26a len=None 8010                          <== UNDECODED byte0=0x80
  +0x26c len=None 0000                          <== UNDECODED byte0=0x00
  +0x26e len=None 0300                          <== UNDECODED byte0=0x03
  +0x270 len=   6 590f390b829d                
  +0x276 len=   8 27ab03aa0300009c            
  +0x27e len=None 0040                          <== UNDECODED byte0=0x00
  +0x280 len=None 0300                          <== UNDECODED byte0=0x03
  +0x282 len=   6 02077f0b830a                
  +0x288 len=None 0300                          <== UNDECODED byte0=0x03
  +0x28a len=None 8006                          <== UNDECODED byte0=0x80
  +0x28c len=None 0000                          <== UNDECODED byte0=0x00
  +0x28e len=None 0300                          <== UNDECODED byte0=0x03
  +0x290 len=   6 391b34290008                
  +0x296 len=None 529d                          <== UNDECODED byte0=0x52
  +0x298 len=None 07ab                          <== UNDECODED byte0=0x07
  +0x29a len=None 0392                          <== UNDECODED byte0=0x03
  +0x29c len=None 0300                          <== UNDECODED byte0=0x03
  +0x29e len=None 00a0                          <== UNDECODED byte0=0x00
  +0x2a0 len=None 0000                          <== UNDECODED byte0=0x00
  +0x2a2 len=None 0300                          <== UNDECODED byte0=0x03
  +0x2a4 len=  10 72872781227802022076        
  +0x2ae len=None 929d                          <== UNDECODED byte0=0x92
  +0x2b0 len=   8 27ab832003008012            
  +0x2b8 len=None 0000                          <== UNDECODED byte0=0x00
  +0x2ba len=None 0300                          <== UNDECODED byte0=0x03
  +0x2bc len=   6 390f3907f29d                
  +0x2c2 len=None 252b                          <== UNDECODED byte0=0x25
  +0x2c4 len=None 2381                          <== UNDECODED byte0=0x23
  +0x2c6 len=None 0300                          <== UNDECODED byte0=0x03
  +0x2c8 len=None 2080                          <== UNDECODED byte0=0x20
  +0x2ca len=None 0000                          <== UNDECODED byte0=0x00
  +0x2cc len=None 0300                          <== UNDECODED byte0=0x03
  +0x2ce len=  10 22053f07830603008004          <-- length-known, UNNAMED byte0=0x22
  +0x2d8 len=None 0000                          <== UNDECODED byte0=0x00
  +0x2da len=None 0300                          <== UNDECODED byte0=0x03
  +0x2dc len=None 4291                          <== UNDECODED byte0=0x42
  +0x2de len=None 25ad                          <== UNDECODED byte0=0x25
  +0x2e0 len=None 2382                          <== UNDECODED byte0=0x23
  +0x2e2 len=None 0300                          <== UNDECODED byte0=0x03
  +0x2e4 len=None 801e                          <== UNDECODED byte0=0x80
  +0x2e6 len=None 0000                          <== UNDECODED byte0=0x00
  +0x2e8 len=None 0300                          <== UNDECODED byte0=0x03
  +0x2ea len=   6 329127ad0392                  <-- length-known, UNNAMED byte0=0x32
  +0x2f0 len=None 0300                          <== UNDECODED byte0=0x03
  +0x2f2 len=None 0084                          <== UNDECODED byte0=0x00
  +0x2f4 len=None 0000                          <== UNDECODED byte0=0x00
  +0x2f6 len=None 0300                          <== UNDECODED byte0=0x03
  +0x2f8 len=None f208                          <== UNDECODED byte0=0xf2
  +0x2fa len=   8 2780a60a1702a206            
  +0x302 len=   6 320b3f078306                  <-- length-known, UNNAMED byte0=0x32
  +0x308 len=None 0300                          <== UNDECODED byte0=0x03
  +0x30a len=None 800a                          <== UNDECODED byte0=0x80
  +0x30c len=None 0000                          <== UNDECODED byte0=0x00
  +0x30e len=None 0300                          <== UNDECODED byte0=0x03
  +0x310 len=None 5291                          <== UNDECODED byte0=0x52
  +0x312 len=   8 27ad23810300801e            
  +0x31a len=None 0000                          <== UNDECODED byte0=0x00
  +0x31c len=None 0300                          <== UNDECODED byte0=0x03
  +0x31e len=None 7300                          <== UNDECODED byte0=0x73
  +0x320 len=None 2001                          <== UNDECODED byte0=0x20
  +0x322 len=None 738b                          <== UNDECODED byte0=0x73
  +0x324 len=None 2100                          <== UNDECODED byte0=0x21
  +0x326 len=  10 229127ad830403008012          <-- length-known, UNNAMED byte0=0x22
  +0x330 len=None 0000                          <== UNDECODED byte0=0x00
  +0x332 len=None 0300                          <== UNDECODED byte0=0x03
  +0x334 len=None 9211                          <== UNDECODED byte0=0x92
  +0x336 len=  10 2f2d032c030080100000        
  +0x340 len=None 0300                          <== UNDECODED byte0=0x03
  +0x342 len=   6 39073c050200                
  +0x348 len=None 0000                          <== UNDECODED byte0=0x00
  +0x34a len=None 0300                          <== UNDECODED byte0=0x03
  +0x34c len=  10 22932781028a0302008e          <-- length-known, UNNAMED byte0=0x22
  +0x356 len=   6 39073d110002                
  +0x35c len=  12 2700540403085000f0110100      <-- length-known, UNNAMED byte0=0x27
  +0x368 len=  10 9f015406030c20aa1701        
  +0x372 len=None 9213                          <== UNDECODED byte0=0x92
  +0x374 len=  10 2f81820e0302800aa700        
  +0x37e len=None 5406                          <== UNDECODED byte0=0x54
  +0x380 len=None 030c                          <== UNDECODED byte0=0x03
  +0x382 len=None 4400                          <== UNDECODED byte0=0x44
  +0x384 len=None f011                          <== UNDECODED byte0=0xf0
  +0x386 len=None e100                          <== UNDECODED byte0=0xe1
  +0x388 len=  10 9f015404030820281705        
  +0x392 len=None 7c01                          <== UNDECODED byte0=0x7c
  +0x394 len=  12 9f00540403243022d02f2200    
  +0x3a0 len=None fc80                          <== UNDECODED byte0=0xfc
  +0x3a2 len=   6 02420000d00f                
  +0x3a8 len=  12 9f00541002bc800010200200    
  +0x3b4 len=None 2b16                          <== UNDECODED byte0=0x2b
  +0x3b6 len=   8 49003b1c49004b18            
  +0x3be len=   8 49009f0154200208            
  +0x3c6 len=None 18a8                          <== UNDECODED byte0=0x18
  +0x3c8 len=   4 16151b03                    
  +0x3cc len=None 3f13                          <== UNDECODED byte0=0x3f  [REDUCE]
  +0x3ce len=None 0022                          <== UNDECODED byte0=0x00
  +0x3d0 len=None 0000                          <== UNDECODED byte0=0x00
  +0x3d2 len=None 0000                          <== UNDECODED byte0=0x00
  +0x3d4 len=None eb2c                          <== UNDECODED byte0=0xeb
  +0x3d6 len=   8 09009f01540402fe            
  +0x3de len=   6 098815043b70                
  +0x3e4 len=None 0108                          <== UNDECODED byte0=0x01
  +0x3e6 len=None f36e                          <== UNDECODED byte0=0xf3
  +0x3e8 len=None a109                          <== UNDECODED byte0=0xa1
  +0x3ea len=  10 0b5f2700420000001000          <-- length-known, UNNAMED byte0=0x0b
  +0x3f4 len=  10 1b0d2700420000001000          <-- length-known, UNNAMED byte0=0x1b
  +0x3fe len=  14 df02540c7ac0a000640520c00800  [RT-LOAD]
  +0x40c len=  14 df0254247c2020005c0700400800  [RT-LOAD]
  +0x41a len=  14 df02541a7c2020005c0702400800  [RT-LOAD]
  +0x428 len=  14 df025404140020006403e0000d00  [RT-LOAD]
  +0x436 len=   6 070454480900                
  +0x43c len=  14 5f1054000001260007504c005f02
  +0x44a len=None 5602                          <== UNDECODED byte0=0x56
  +0x44c len=None 1400                          <== UNDECODED byte0=0x14
  +0x44e len=None 2000                          <== UNDECODED byte0=0x20
  +0x450 len=None 808b                          <== UNDECODED byte0=0x80
  +0x452 len=None 8300                          <== UNDECODED byte0=0x83
  +0x454 len=None 6800                          <== UNDECODED byte0=0x68
  +0x456 len=   6 0a022bc00600                
  +0x45c len=None 06c2                          <== UNDECODED byte0=0x06
  +0x45e len=None 0000                          <== UNDECODED byte0=0x00
  +0x460 len=  10 9f015402032800e81015        
  +0x46a len=  10 9f015402020410aa1701        
  +0x474 len=   4 0f055602                      [0F-CF]
  +0x478 len=  10 0f01546c000000000000          [0F-CF]
  +0x482 len=None 5f02                          <== UNDECODED byte0=0x5f
  +0x484 len=   8 040402000000808b              <-- length-known, UNNAMED byte0=0x04  [RT?]
  +0x48c len=None 0300                          <== UNDECODED byte0=0x03
  +0x48e len=None 2000                          <== UNDECODED byte0=0x20
  +0x490 len=None 2304                          <== UNDECODED byte0=0x23
  +0x492 len=   4 0ec10202                    
  +0x496 len=None 0080                          <== UNDECODED byte0=0x00
  +0x498 len=None 0000                          <== UNDECODED byte0=0x00
  +0x49a len=  10 2b5e2781420a00000000          <-- length-known, UNNAMED byte0=0x2b
  +0x4a4 len=  14 df0254040200000084e300000400  [RT-LOAD]
  +0x4b2 len=   6 070454080900                
  +0x4b8 len=  14 5f11540400005f02560402000000
  +0x4c6 len=None 808b                          <== UNDECODED byte0=0x80
  +0x4c8 len=None 0300                          <== UNDECODED byte0=0x03
  +0x4ca len=None 2000                          <== UNDECODED byte0=0x20
  +0x4cc len=   6 0a042bc00600                
  +0x4d2 len=None 06c2                          <== UNDECODED byte0=0x06
  +0x4d4 len=None 0000                          <== UNDECODED byte0=0x00
  +0x4d6 len=   4 8f045602                      <-- length-known, UNNAMED byte0=0x8f
  +0x4da len=  10 0f0054a8ffffffffff00          [0F-CF]
  +0x4e4 len=   6 0f0604020000                  [0F-CF]
  +0x4ea len=  14 5f02540214002000400b00006800
  +0x4f8 len=  12 a700560203041c00f0110100    
  +0x504 len=None 1b03                          <== UNDECODED byte0=0x1b
  +0x506 len=None 3f02                          <== UNDECODED byte0=0x3f  [REDUCE]
  +0x508 len=None 0002                          <== UNDECODED byte0=0x00
  +0x50a len=None 0000                          <== UNDECODED byte0=0x00
  +0x50c len=None 0000                          <== UNDECODED byte0=0x00
  +0x50e len=  14 5f02540a14002000400b80006800
  +0x51c len=  12 9f0054020204800050220200    
  +0x528 len=  10 9f0154040220f0a91701        
  +0x532 len=  14 5f0254060404a00040110c006200
  +0x540 len=  12 a700560202147800f0100100    
  +0x54c len=   6 0a8223820200                
  +0x552 len=   4 07020200                    
  +0x556 len=   4 0f055401                      [0F-CF]
  +0x55a len=  10 0f0154aa000000000000          [0F-CF]
  +0x564 len=   6 0a022b800600                
  +0x56a len=  10 170202008b0000002b00          <-- length-known, UNNAMED byte0=0x17  [BALLOT/UNPACK]
  +0x574 len=None 0000                          <== UNDECODED byte0=0x00
  +0x576 len=None 1c80                          <== UNDECODED byte0=0x1c
  +0x578 len=   6 027e0000000c                
  +0x57e len=   4 0f055401                      [0F-CF]
  +0x582 len=  10 0f01547c000000000000          [0F-CF]
  +0x58c len=  10 9f015400030000e81605        
  +0x596 len=  10 9f016404020000c81404        
  +0x5a0 len=  14 5f02540104282000000bc1046200
  +0x5ae len=  14 5f02540004282000000bc0046200
  +0x5bc len=  14 5f0254020428a000001bc2046200
  +0x5ca len=   4 13000001                    
  +0x5ce len=  14 670046000000000051050c402200
  +0x5dc len=  10 1b0b2f7f000200000000        
  +0x5e6 len=   8 a70764040204ac20            
  +0x5ee len=   8 a70756100200ac20            
  +0x5f6 len=None 1b06                          <== UNDECODED byte0=0x1b
  +0x5f8 len=   8 09206b0e29000f06            
  +0x600 len=None 2401                          <== UNDECODED byte0=0x24
  +0x602 len=None 0000                          <== UNDECODED byte0=0x00
  +0x604 len=   4 0f042419                      [0F-CF]
  +0x608 len=  10 0f015482000000000000          [0F-CF]
  +0x612 len=None 6202                          <== UNDECODED byte0=0x62
  +0x614 len=None 0f82                          <== UNDECODED byte0=0x0f  [0F-CF]
  +0x616 len=  10 2282170222839f015400          <-- length-known, UNNAMED byte0=0x22
  +0x620 len=None 0300                          <== UNDECODED byte0=0x03
  +0x622 len=None 00e8                          <== UNDECODED byte0=0x00
  +0x624 len=   4 16059f01                    
  +0x628 len=None 5404                          <== UNDECODED byte0=0x54
  +0x62a len=   6 020000c81404                
  +0x630 len=  14 5f02540104282000000bc1046200
  +0x63e len=  14 5f02540004282000000bc0046200
  +0x64c len=  14 5f0254020428a000001bc2046200
  +0x65a len=   4 13000001                    
  +0x65e len=  14 670046000000000051050c402200
  +0x66c len=  10 1b0b2f7f000200000000        
  +0x676 len=   8 a70754040204ac20            
  +0x67e len=   8 a70756100300ac20            
  +0x686 len=None 1b06                          <== UNDECODED byte0=0x1b
  +0x688 len=   8 09200f0604010000            
  +0x690 len=   8 04ea10267380269f              [RT?]
  +0x698 len=   6 124200000000                
  +0x69e len=   4 43000f9f                    
  +0x6a2 len=   6 100200000000                
  +0x6a8 len=   6 070454480900                
  +0x6ae len=   2 0c80                        
  +0x6b0 len=  10 2200000004005c802200          <-- length-known, UNNAMED byte0=0x22
  +0x6ba len=None 0000                          <== UNDECODED byte0=0x00
  +0x6bc len=   8 10009f105406031c              <-- length-known, UNNAMED byte0=0x10
  +0x6c4 len=None 8200                          <== UNDECODED byte0=0x82
  +0x6c6 len=   8 102922009f015400              <-- length-known, UNNAMED byte0=0x10
  +0x6ce len=   6 021418a81305                
  +0x6d4 len=  14 5f02540f06100000402d00006100
  +0x6e2 len=  14 5f02540f06100000403d00016100
  +0x6f0 len=  14 5f02540f00100000402d00006100
  +0x6fe len=  14 5f02540f00100000403d00016100
  +0x70c len=  12 9f005400021ca0c1912f0200    
  +0x718 len=  14 5f02540f00100000402d00006100
  +0x726 len=  14 5f02540f00100000402d00016100
  +0x734 len=  14 5f02540f00100000402d00026100
  +0x742 len=  14 5f02540f00100000402d00036100
  +0x750 len=  14 5f02540f00100000402d00046100
  +0x75e len=  14 5f02540300108000403d00056900
  +0x76c len=   6 028d218026b0                
  +0x772 len=  10 1702208009001c810002          <-- length-known, UNNAMED byte0=0x17  [BALLOT/UNPACK]
  +0x77c len=   6 320d0b808610                  <-- length-known, UNNAMED byte0=0x32
  +0x782 len=  10 1702a0e2e70054001600          <-- length-known, UNNAMED byte0=0x17  [BALLOT/UNPACK]
  +0x78c len=None 0000                          <== UNDECODED byte0=0x00
  +0x78e len=  10 17000090000007045408          <-- length-known, UNNAMED byte0=0x17  [BALLOT/UNPACK]
  +0x798 len=None 0900                          <== UNDECODED byte0=0x09
  +0x79a len=   4 0e000000                    

===== p5_bigcompute  (934B, tokenized 94.6%, named 82.2%) =====
  +0x000 len=   4 24951006                    
  +0x004 len=  12 a710540003080600d0100100    
  +0x010 len=  10 1b842781100200000000          <-- length-known, UNNAMED byte0=0x1b
  +0x01a len=  10 0b012f85000200000000        
  +0x024 len=  10 9f01540e030008e81605        
  +0x02e len=  12 9f005400021c126070280200    
  +0x03a len=  12 a700540a03080600d0102100    
  +0x046 len=  12 a700540c03081000d0110100    
  +0x052 len=  12 9f009404021c128070280200    
  +0x05e len=  10 9f01540c031430a81615        
  +0x068 len=  10 9f015410020030cc1014        
  +0x072 len=  14 6700540000082000590d00406600
  +0x080 len=  14 6700440402082000590d00406600
  +0x08e len=  10 9f0154140302388c1104        
  +0x098 len=None 520f                          <== UNDECODED byte0=0x52
  +0x09a len=None 078d                          <== UNDECODED byte0=0x07
  +0x09c len=None 261c                          <== UNDECODED byte0=0x26
  +0x09e len=None 0700                          <== UNDECODED byte0=0x07
  +0x0a0 len=None 2080                          <== UNDECODED byte0=0x20
  +0x0a2 len=None 6215                          <== UNDECODED byte0=0x62
  +0x0a4 len=  10 1f0d261c07002080cf02        
  +0x0ae len=None 5601                          <== UNDECODED byte0=0x56
  +0x0b0 len=None 0000                          <== UNDECODED byte0=0x00
  +0x0b2 len=   8 040ad44324010ca0              <-- length-known, UNNAMED byte0=0x04  [RT?]
  +0x0ba len=   8 1006a71054060300              <-- length-known, UNNAMED byte0=0x10
  +0x0c2 len=   6 1200f0104100                
  +0x0c8 len=  10 5b01278f100200000000          <-- length-known, UNNAMED byte0=0x5b
  +0x0d2 len=   8 a707540a0314ac20            
  +0x0da len=   8 a7075406030cac20            
  +0x0e2 len=   6 0985350bc000                
  +0x0e8 len=   6 19853507c000                
  +0x0ee len=  14 2d800c28b0000900000210000101
  +0x0fc len=None 0100                          <== UNDECODED byte0=0x01
  +0x0fe len=None 0000                          <== UNDECODED byte0=0x00
  +0x100 len=None 0000                          <== UNDECODED byte0=0x00
  +0x102 len=   4 44821026                    
  +0x106 len=  10 9f015406020038001414        
  +0x110 len=  14 e702540206208000640300300300
  +0x11e len=  14 672254021e100000440900c00800
  +0x12c len=  14 6700440406002000510100404600
  +0x13a len=  10 2b052f83100200800000        
  +0x144 len=   6 0a8522801702                
  +0x14a len=   6 390d2ec1810a                
  +0x150 len=   6 022219033c07                
  +0x156 len=None 0040                          <== UNDECODED byte0=0x00
  +0x158 len=   4 0f055401                      [0F-CF]
  +0x15c len=  10 0f0154dc000000000000          [0F-CF]
  +0x166 len=  10 2b012787100200000000          <-- length-known, UNNAMED byte0=0x2b
  +0x170 len=   6 0a8523800600                
  +0x176 len=   4 07020000                    
  +0x17a len=   4 0f055421                      [0F-CF]
  +0x17e len=  10 0f0154b4000000000000          [0F-CF]
  +0x188 len=   6 0a8523800600                
  +0x18e len=  10 17020000198134038000          <-- length-known, UNNAMED byte0=0x17  [BALLOT/UNPACK]
  +0x198 len=   4 0f055421                      [0F-CF]
  +0x19c len=  10 0f015490000000000000          [0F-CF]
  +0x1a6 len=   6 0a8523820600                
  +0x1ac len=   4 07020000                    
  +0x1b0 len=   6 19b934038000                
  +0x1b6 len=   4 0f055421                      [0F-CF]
  +0x1ba len=  10 0f01546c000000000000          [0F-CF]
  +0x1c4 len=None 1a85                          <== UNDECODED byte0=0x1a
  +0x1c6 len=  10 2284060219c934038000          <-- length-known, UNNAMED byte0=0x22
  +0x1d0 len=   4 0f055421                      [0F-CF]
  +0x1d4 len=  10 0f01544c000000000000          [0F-CF]
  +0x1de len=None 3c84                          <== UNDECODED byte0=0x3c
  +0x1e0 len=  10 2200000000000f05541a          <-- length-known, UNNAMED byte0=0x22
  +0x1ea len=   8 a707040a030c8e20            
  +0x1f2 len=  10 9f015406030218881504        
  +0x1fc len=   6 0a0723850600                
  +0x202 len=   4 07000000                    
  +0x206 len=   6 190b2eb9a002                
  +0x20c len=   4 8f045422                    
  +0x210 len=  10 0f0054daffffffffff00          [0F-CF]
  +0x21a len=   6 0f0604020000                  [0F-CF]
  +0x220 len=   6 0f0604010000                  [0F-CF]
  +0x226 len=   6 0f0604010000                  [0F-CF]
  +0x22c len=   6 0f0604010000                  [0F-CF]
  +0x232 len=   6 0f0604010000                  [0F-CF]
  +0x238 len=   4 0f040419                      [0F-CF]
  +0x23c len=  10 0f0154cc000000000000          [0F-CF]
  +0x246 len=   6 0a8522820702                
  +0x24c len=   4 0f055401                      [0F-CF]
  +0x250 len=  10 0f01547c000000000000          [0F-CF]
  +0x25a len=   6 0a0322210202                
  +0x260 len=   4 0f056421                      [0F-CF]
  +0x264 len=  10 0f015462000000000000          [0F-CF]
  +0x26e len=   4 2b002000                      <-- length-known, UNNAMED byte0=0x2b
  +0x272 len=   4 0f05541a                      [0F-CF]
  +0x276 len=None 3b05                          <== UNDECODED byte0=0x3b
  +0x278 len=None 0787                          <== UNDECODED byte0=0x07
  +0x27a len=   6 10020000a000                
  +0x280 len=  14 6700440603832000510100404600
  +0x28e len=   6 19033c0700c0                
  +0x294 len=   6 328525922281                  <-- length-known, UNNAMED byte0=0x32
  +0x29a len=   8 040220801a83031e              <-- length-known, UNNAMED byte0=0x04  [RT?]
  +0x2a2 len=  10 2281120280069f015404          <-- length-known, UNNAMED byte0=0x22
  +0x2ac len=None 0302                          <== UNDECODED byte0=0x03
  +0x2ae len=   6 108815048f04                
  +0x2b4 len=None 5422                          <== UNDECODED byte0=0x54
  +0x2b6 len=  10 0f0054c0ffffffffff00          [0F-CF]
  +0x2c0 len=   6 0f0604020000                  [0F-CF]
  +0x2c6 len=   6 0f0604010000                  [0F-CF]
  +0x2cc len=   4 0f040419                      [0F-CF]
  +0x2d0 len=  10 0f015432000000000000          [0F-CF]
  +0x2da len=   6 0a052b820600                
  +0x2e0 len=   4 07020000                    
  +0x2e4 len=   4 0f055401                      [0F-CF]
  +0x2e8 len=   6 299125838000                
  +0x2ee len=   6 12032b819202                
  +0x2f4 len=None 0302                          <== UNDECODED byte0=0x03
  +0x2f6 len=None 8004                          <== UNDECODED byte0=0x80
  +0x2f8 len=   4 0f040419                      [0F-CF]
  +0x2fc len=   6 19c93c038000                
  +0x302 len=   6 0f0604020000                  [0F-CF]
  +0x308 len=   6 0f0604010000                  [0F-CF]
  +0x30e len=   8 3f06540403041602              [REDUCE]
  +0x316 len=  10 c70454040308082c0400          [SHUF]
  +0x320 len=  12 270054060302200090120400      <-- length-known, UNNAMED byte0=0x27
  +0x32c len=   4 19033805                    
  +0x330 len=  10 97075404030402a88840        
  +0x33a len=None 0000                          <== UNDECODED byte0=0x00
  +0x33c len=None 2b05                          <== UNDECODED byte0=0x2b
  +0x33e len=None 3a07                          <== UNDECODED byte0=0x3a
  +0x340 len=   6 0a052b800600                
  +0x346 len=   4 07020000                    
  +0x34a len=   4 0f055421                      [0F-CF]
  +0x34e len=  10 0f015432000000000000          [0F-CF]
  +0x358 len=   4 24951006                    
  +0x35c len=   6 0a042b800600                
  +0x362 len=   4 07220200                    
  +0x366 len=   4 24971006                    
  +0x36a len=   4 0f055401                      [0F-CF]
  +0x36e len=None 2300                          <== UNDECODED byte0=0x23
  +0x370 len=None 0001                          <== UNDECODED byte0=0x00
  +0x372 len=  14 6711540000050100004000002000
  +0x380 len=   6 0f0604020000                  [0F-CF]
  +0x386 len=  10 471454040304002c0200          [SHUF]
  +0x390 len=   4 19031805                    
  +0x394 len=  14 e700540202002100110000901100
  +0x3a2 len=   4 0e000000                    

===== p5_bigfrag_frag  (1478B, tokenized 88.1%, named 77.3%) =====
  +0x000 len=  10 2f055400030004021000        
  +0x00a len=  10 af00540c030002482001        
  +0x014 len=  10 2f055404030200021000        
  +0x01e len=  10 2f055402030400021000        
  +0x028 len=   8 39052f8d00010000            
  +0x030 len=   8 59032f0d00020000            
  +0x038 len=  10 37055416030c90400000        
  +0x042 len=  10 37055412031490400000        
  +0x04c len=   6 199725110002                
  +0x052 len=   6 099325110002                
  +0x058 len=   6 190339037901                
  +0x05e len=None 3e01                          <== UNDECODED byte0=0x3e
  +0x060 len=None 8002                          <== UNDECODED byte0=0x80
  +0x062 len=   6 098f250f0002                
  +0x068 len=None d20f                          <== UNDECODED byte0=0xd2
  +0x06a len=   8 270982000302000e            
  +0x072 len=  10 2f015410033492400000        
  +0x07c len=   6 199725130002                
  +0x082 len=   6 099325130002                
  +0x088 len=   6 19033903a901                
  +0x08e len=None 3e01                          <== UNDECODED byte0=0x3e
  +0x090 len=None 8002                          <== UNDECODED byte0=0x80
  +0x092 len=   6 0995250f0002                
  +0x098 len=   6 c91b21912215                
  +0x09e len=   8 2709820003020014            
  +0x0a6 len=   6 e9a125118000                
  +0x0ac len=  10 2f015400030892400000        
  +0x0b6 len=   6 199d261921a0                
  +0x0bc len=   6 0208399d5603                
  +0x0c2 len=None 009c                          <== UNDECODED byte0=0x00
  +0x0c4 len=   6 19852181f9a1                
  +0x0ca len=None 2501                          <== UNDECODED byte0=0x25
  +0x0cc len=None 8000                          <== UNDECODED byte0=0x80
  +0x0ce len=   6 09177917b99f                
  +0x0d4 len=None 2603                          <== UNDECODED byte0=0x26
  +0x0d6 len=None 21a0                          <== UNDECODED byte0=0x21
  +0x0d8 len=   6 020899133b20                
  +0x0de len=   8 b99f039e0993650f            
  +0x0e6 len=None 0002                          <== UNDECODED byte0=0x00
  +0x0e8 len=   8 69996699019a0208            
  +0x0f0 len=   6 021367090012                
  +0x0f6 len=None 0302                          <== UNDECODED byte0=0x03
  +0x0f8 len=   8 c92d3a1d2f01541c            
  +0x100 len=   6 024092400000                
  +0x106 len=   8 49996699019a0208            
  +0x10e len=   8 1983668301840208            
  +0x116 len=   8 c9293a2719233a1f            
  +0x11e len=None c211                          <== UNDECODED byte0=0xc2
  +0x120 len=  10 2fb1851a0002f9832683        
  +0x12a len=None 0184                          <== UNDECODED byte0=0x01
  +0x12c len=   6 02088999250d                
  +0x132 len=None 0002                          <== UNDECODED byte0=0x00
  +0x134 len=   8 191f3a17820f0f09            
  +0x13c len=None 8018                          <== UNDECODED byte0=0x80
  +0x13e len=None 0302                          <== UNDECODED byte0=0x03
  +0x140 len=  10 22014fb1860400028002          <-- length-known, UNNAMED byte0=0x22
  +0x14a len=   6 29a1219d09a1                
  +0x150 len=None 259d                          <== UNDECODED byte0=0x25
  +0x152 len=None 8000                          <== UNDECODED byte0=0x80
  +0x154 len=   6 7985268501a0                
  +0x15a len=   6 020819812685                
  +0x160 len=None 21a0                          <== UNDECODED byte0=0x21
  +0x162 len=   6 0208c90f2e81                
  +0x168 len=None 8004                          <== UNDECODED byte0=0x80
  +0x16a len=   8 19015e0380003707            
  +0x172 len=None 540e                          <== UNDECODED byte0=0x54
  +0x174 len=None 0314                          <== UNDECODED byte0=0x03
  +0x176 len=None 9240                          <== UNDECODED byte0=0x92
  +0x178 len=None 0000                          <== UNDECODED byte0=0x00
  +0x17a len=  10 37075402030c92400000        
  +0x184 len=   6 298f25110002                
  +0x18a len=   6 b98325130002                
  +0x190 len=   6 090f25130002                
  +0x196 len=   6 d9173917b903                
  +0x19c len=None 2511                          <== UNDECODED byte0=0x25
  +0x19e len=None 0002                          <== UNDECODED byte0=0x00
  +0x1a0 len=   8 09013b1ad9173917            
  +0x1a8 len=   6 b981250f0002                
  +0x1ae len=   8 29053b1a52016709            
  +0x1b6 len=None 8216                          <== UNDECODED byte0=0x82
  +0x1b8 len=None 0302                          <== UNDECODED byte0=0x03
  +0x1ba len=None 0000                          <== UNDECODED byte0=0x00
  +0x1bc len=   6 f985250f0002                
  +0x1c2 len=  10 2f01541a035492400000        
  +0x1cc len=   6 32056709821e                  <-- length-known, UNNAMED byte0=0x32
  +0x1d2 len=None 0302                          <== UNDECODED byte0=0x03
  +0x1d4 len=None 0004                          <== UNDECODED byte0=0x00
  +0x1d6 len=   8 6999669901200208            
  +0x1de len=  10 2f015416034c92400000        
  +0x1e8 len=   8 f92d1e23801869ab            
  +0x1f0 len=None 619b                          <== UNDECODED byte0=0x61
  +0x1f2 len=   6 49a1651b8000                
  +0x1f8 len=   8 89ad66ad012a0208            
  +0x200 len=   6 c9a721971931                
  +0x206 len=None 6ea9                          <== UNDECODED byte0=0x6e
  +0x208 len=None 00ac                          <== UNDECODED byte0=0x00
  +0x20a len=   8 89a9762d21a00208            
  +0x212 len=   6 69a165178000                
  +0x218 len=   8 89295b2849ad6699            
  +0x220 len=None 21a0                          <== UNDECODED byte0=0x21
  +0x222 len=   6 020879996699                
  +0x228 len=None 01a6                          <== UNDECODED byte0=0x01
  +0x22a len=   6 020849ad63ac                
  +0x230 len=   8 c92f3a2d99a366a3            
  +0x238 len=None 01aa                          <== UNDECODED byte0=0x01
  +0x23a len=   6 020869996699                
  +0x240 len=None 01a6                          <== UNDECODED byte0=0x01
  +0x242 len=   6 020819337a31                
  +0x248 len=   8 c92d3a29d21b2fb1            
  +0x250 len=None 862a                          <== UNDECODED byte0=0x86
  +0x252 len=None 0002                          <== UNDECODED byte0=0x00
  +0x254 len=None 8022                          <== UNDECODED byte0=0x80
  +0x256 len=   6 190379031b93                
  +0x25c len=   4 071d0002                    
  +0x260 len=None 0000                          <== UNDECODED byte0=0x00
  +0x262 len=None 0000                          <== UNDECODED byte0=0x00
  +0x264 len=   8 790f3b2219a5650d            
  +0x26c len=None 0002                          <== UNDECODED byte0=0x00
  +0x26e len=   6 89110d190002                
  +0x274 len=None a215                          <== UNDECODED byte0=0xa2
  +0x276 len=  10 2f09822203028024198f        
  +0x280 len=None 650f                          <== UNDECODED byte0=0x65
  +0x282 len=None 0002                          <== UNDECODED byte0=0x00
  +0x284 len=   6 a9150d170002                
  +0x28a len=   6 120f6709000e                
  +0x290 len=None 0302                          <== UNDECODED byte0=0x03
  +0x292 len=   6 32176fb18418                  <-- length-known, UNNAMED byte0=0x32
  +0x298 len=None 0002                          <== UNDECODED byte0=0x00
  +0x29a len=  10 2f019418034492400000        
  +0x2a4 len=   6 29a7650d0002                
  +0x2aa len=   6 b99b250d0002                
  +0x2b0 len=  10 22052f09822403028026          <-- length-known, UNNAMED byte0=0x22
  +0x2ba len=None b201                          <== UNDECODED byte0=0xb2
  +0x2bc len=  10 2f09801a030239a36199        
  +0x2c6 len=   6 29a165198000                
  +0x2cc len=   8 49a766a701a20208            
  +0x2d4 len=None 0b8f                          <== UNDECODED byte0=0x0b
  +0x2d6 len=   4 071d0002                    
  +0x2da len=None 0000                          <== UNDECODED byte0=0x00
  +0x2dc len=None 0000                          <== UNDECODED byte0=0x00
  +0x2de len=   6 d9292ea500a6                
  +0x2e4 len=   8 39a5762721a00208            
  +0x2ec len=   6 29052d190002                
  +0x2f2 len=   8 29257a27499b669b            
  +0x2fa len=None 01a2                          <== UNDECODED byte0=0x01
  +0x2fc len=   6 0208b9172d17                
  +0x302 len=None 0002                          <== UNDECODED byte0=0x00
  +0x304 len=   8 d9293a25e21d2fb1            
  +0x30c len=None 8620                          <== UNDECODED byte0=0x86
  +0x30e len=None 0002                          <== UNDECODED byte0=0x00
  +0x310 len=None 801e                          <== UNDECODED byte0=0x80
  +0x312 len=   6 12196fb1841a                
  +0x318 len=None 0002                          <== UNDECODED byte0=0x00
  +0x31a len=   6 d99d250d0002                
  +0x320 len=   6 c9a3250d0002                
  +0x326 len=None e293                          <== UNDECODED byte0=0xe2
  +0x328 len=   8 2709811a0302c28f            
  +0x330 len=   8 2709802203029213            
  +0x338 len=  10 2f1582140302801c720f        
  +0x342 len=  10 2f158216030280181203        
  +0x34c len=  10 2f1b8610070280120201        
  +0x356 len=  10 2f1b86040702800e0203        
  +0x360 len=None 3e01                          <== UNDECODED byte0=0x3e
  +0x362 len=None 0000                          <== UNDECODED byte0=0x00
  +0x364 len=None 01d1                          <== UNDECODED byte0=0x01
  +0x366 len=None 3501                          <== UNDECODED byte0=0x35
  +0x368 len=None 8000                          <== UNDECODED byte0=0x80
  +0x36a len=  10 1705540600000004f0c0          <-- length-known, UNNAMED byte0=0x17  [BALLOT/UNPACK]
  +0x374 len=None 0800                          <== UNDECODED byte0=0x08
  +0x376 len=   4 0b862104                      <-- length-known, UNNAMED byte0=0x0b
  +0x37a len=   4 1b8a2104                      <-- length-known, UNNAMED byte0=0x1b
  +0x37e len=   6 870254000600                
  +0x384 len=  14 05800cb0b0000001000010000100
  +0x392 len=  10 2f05540e030c00021000        
  +0x39c len=  10 2f055414030800021000        
  +0x3a6 len=   8 890f2f8d00060000            
  +0x3ae len=  10 2f05540e030600021000        
  +0x3b8 len=   6 0a112bc90300                
  +0x3be len=   6 020200000000                
  +0x3c4 len=None 2000                          <== UNDECODED byte0=0x20
  +0x3c6 len=  10 2f055410030a00021000        
  +0x3d0 len=   8 790f0f8d00030000            
  +0x3d8 len=   8 99150f8d00040000            
  +0x3e0 len=   8 89111f0d00050000            
  +0x3e8 len=  10 4b072700420000040000          <-- length-known, UNNAMED byte0=0x4b
  +0x3f2 len=  10 5b0b2700420000040000          <-- length-known, UNNAMED byte0=0x5b
  +0x3fc len=   4 43000001                    
  +0x400 len=   4 0f055401                      [0F-CF]
  +0x404 len=  10 0f015446010000000000          [0F-CF]
  +0x40e len=  14 55840cb030010000010010000100  <-- length-known, UNNAMED byte0=0x55
  +0x41c len=   6 09e125878020                
  +0x422 len=  10 2707540c0300b4480300        
  +0x42c len=   6 0a8d23800600                
  +0x432 len=   4 07020000                    
  +0x436 len=   6 290f39151913                
  +0x43c len=   6 391709113919                
  +0x442 len=None 4a50                          <== UNDECODED byte0=0x4a
  +0x444 len=  12 27002281000020800f055421      <-- length-known, UNNAMED byte0=0x27
  +0x450 len=  10 0f0154b6000000000000          [0F-CF]
  +0x45a len=   6 0a8d23800600                
  +0x460 len=  10 1702000029052d0b0002          <-- length-known, UNNAMED byte0=0x17  [BALLOT/UNPACK]
  +0x46a len=   6 19032d0b0002                
  +0x470 len=   6 09012d0b0002                
  +0x476 len=None 4a50                          <== UNDECODED byte0=0x4a
  +0x478 len=  12 27002281000020800f055421      <-- length-known, UNNAMED byte0=0x27
  +0x484 len=  10 0f01547c000000000000          [0F-CF]
  +0x48e len=   6 0a8d23820600                
  +0x494 len=   4 07020000                    
  +0x498 len=   6 29052d0b0002                
  +0x49e len=   6 19032d0b0002                
  +0x4a4 len=   6 09012d0b0002                
  +0x4aa len=None 4a50                          <== UNDECODED byte0=0x4a
  +0x4ac len=  12 27002281000020800f055421      <-- length-known, UNNAMED byte0=0x27
  +0x4b8 len=  10 0f015442000000000000          [0F-CF]
  +0x4c2 len=   6 0a8d23820600                
  +0x4c8 len=  10 1702000029052d0b0002          <-- length-known, UNNAMED byte0=0x17  [BALLOT/UNPACK]
  +0x4d2 len=   6 7985250b0002                
  +0x4d8 len=   6 19032d0b0002                
  +0x4de len=   6 09012d0b0002                
  +0x4e4 len=   6 8983050b0002                
  +0x4ea len=   6 9981050b0002                
  +0x4f0 len=None 4a50                          <== UNDECODED byte0=0x4a
  +0x4f2 len=  12 27002281000020800f060401      <-- length-known, UNNAMED byte0=0x27
  +0x4fe len=None 0000                          <== UNDECODED byte0=0x00
  +0x500 len=   6 0f0604010000                  [0F-CF]
  +0x506 len=   6 0f0604010000                  [0F-CF]
  +0x50c len=None 6a08                          <== UNDECODED byte0=0x6a
  +0x50e len=None 2380                          <== UNDECODED byte0=0x23
  +0x510 len=None 0600                          <== UNDECODED byte0=0x06
  +0x512 len=None 1c02                          <== UNDECODED byte0=0x1c
  +0x514 len=None 0000                          <== UNDECODED byte0=0x00
  +0x516 len=   4 0f05540d                      [0F-CF]
  +0x51a len=  10 0f01542a000000000000          [0F-CF]
  +0x524 len=None 620d                          <== UNDECODED byte0=0x62
  +0x526 len=None 2e82                          <== UNDECODED byte0=0x2e
  +0x528 len=None 1502                          <== UNDECODED byte0=0x15
  +0x52a len=   8 a707540c0318ac60            
  +0x532 len=   6 690d2d1f0002                
  +0x538 len=   6 798d3005898d                
  +0x53e len=None 3003                          <== UNDECODED byte0=0x30
  +0x540 len=   4 990d3801                    
  +0x544 len=   6 0f0604010000                  [0F-CF]
  +0x54a len=   4 0f040419                      [0F-CF]
  +0x54e len=  10 0f015430000000000000          [0F-CF]
  +0x558 len=   8 790f3ea1a00e7901            
  +0x560 len=None 2ea1                          <== UNDECODED byte0=0x2e
  +0x562 len=None 810e                          <== UNDECODED byte0=0x81
  +0x564 len=   6 022269133ea1                
  +0x56a len=None a012                          <== UNDECODED byte0=0xa0
  +0x56c len=   8 09113ea1a0108903            
  +0x574 len=None 2ea1                          <== UNDECODED byte0=0x2e
  +0x576 len=None a00c                          <== UNDECODED byte0=0xa0
  +0x578 len=   6 99052ea1a000                
  +0x57e len=None 0f0e                          <== UNDECODED byte0=0x0f  [0F-CF]
  +0x580 len=   8 0401000097045400              <-- length-known, UNNAMED byte0=0x04  [RT?]
  +0x588 len=   6 021c40d045c2                
  +0x58e len=   6 120b29a122a8                
  +0x594 len=   6 020220a01207                
  +0x59a len=   6 29a121b00202                
  +0x5a0 len=  10 97045401022408b045c2        
  +0x5aa len=   6 8702540c0800                
  +0x5b0 len=  12 e70654000000014e00000000    
  +0x5bc len=   6 0702540c0200                
  +0x5c2 len=   4 0e000000                    

===== p5_bigfrag_vtx  (170B, tokenized 89.4%, named 75.3%) =====
  +0x000 len=   4 0cdd1006                    
  +0x004 len=  14 6710440000802000590100404800
  +0x012 len=   2 0c80                        
  +0x014 len=None 233e                          <== UNDECODED byte0=0x23
  +0x016 len=None 0000                          <== UNDECODED byte0=0x00
  +0x018 len=None 000c                          <== UNDECODED byte0=0x00
  +0x01a len=None 4000                          <== UNDECODED byte0=0x40
  +0x01c len=   4 1b002004                      <-- length-known, UNNAMED byte0=0x1b
  +0x020 len=   6 298126a121a0                
  +0x026 len=None 42c2                          <== UNDECODED byte0=0x42
  +0x028 len=  10 3b8127004200000c0000          <-- length-known, UNNAMED byte0=0x3b
  +0x032 len=  10 4b832700420000100000          <-- length-known, UNNAMED byte0=0x4b
  +0x03c len=   6 298120835903                
  +0x042 len=None 2ea1                          <== UNDECODED byte0=0x2e
  +0x044 len=None 21a0                          <== UNDECODED byte0=0x21
  +0x046 len=None 4202                          <== UNDECODED byte0=0x42
  +0x048 len=   6 69c13405c000                
  +0x04e len=   6 79b13401c108                
  +0x054 len=None 0014                          <== UNDECODED byte0=0x00
  +0x056 len=   8 5786540600404200            
  +0x05e len=   8 5706550820404200            
  +0x066 len=   8 5716540240404a00            
  +0x06e len=   8 5706540060404a00            
  +0x076 len=   8 5706540c80404a00            
  +0x07e len=   8 57065404a0404900            
  +0x086 len=   8 5706540ac0404800            
  +0x08e len=   8 57065406e0404b00            
  +0x096 len=   8 5706540800414c00            
  +0x09e len=   8 5706560e20414d00            
  +0x0a6 len=   4 0e000000                    

==================== AGGREGATE ====================
total instruction bytes : 8438
tokenized (length known): 7464  = 88.5%
descriptor-named        : 6574  = 77.9%
per-kernel:
  p1_ballot                 36B  tok 100.0%  named 100.0%
  p1_active                 32B  tok 100.0%  named 100.0%
  p1_bcast                  56B  tok 100.0%  named 100.0%
  p1_xor                    56B  tok 100.0%  named 100.0%
  p1_up                     64B  tok  96.9%  named  96.9%
  p1_down                   74B  tok  91.9%  named  91.9%
  p1_shuffle               180B  tok  91.1%  named  82.2%
  p1_unpack                 44B  tok  86.4%  named  86.4%
  p1_combined              180B  tok  97.8%  named  97.8%
  p2_switch                164B  tok 100.0%  named  87.8%
  p2_multibreak            262B  tok  89.3%  named  69.5%
  p2_shortcircuit          216B  tok  73.1%  named  58.3%
  p2_ternary               100B  tok  94.0%  named  74.0%
  p2_dowhile               114B  tok 100.0%  named  96.5%
  p3_matmul_f32            226B  tok  98.2%  named  88.5%
  p3_matmul_half           226B  tok  98.2%  named  88.5%
  p3_matmul_noacc          202B  tok  98.0%  named  87.1%
  p4_prim                 1674B  tok  82.0%  named  72.3%
  p4_inst                 1950B  tok  85.1%  named  73.9%
  p5_bigcompute            934B  tok  94.6%  named  82.2%
  p5_bigfrag_frag         1478B  tok  88.1%  named  77.3%
  p5_bigfrag_vtx           170B  tok  89.4%  named  75.3%

UNDECODED (length-None) byte0 histogram (bytes):
  byte0=0x00  216B
  byte0=0x03  130B
  byte0=0x80  58B
  byte0=0x41  38B
  byte0=0x20  30B
  byte0=0x25  24B
  byte0=0x82  22B
  byte0=0x01  22B
  byte0=0x06  20B
  byte0=0x21  18B
  byte0=0x23  18B
  byte0=0x07  18B
  byte0=0x1b  18B
  byte0=0x54  16B
  byte0=0x3f  16B
  byte0=0x52  14B
  byte0=0x92  12B
  byte0=0x83  12B
  byte0=0x0f  10B
  byte0=0x26  10B
  byte0=0x62  10B
  byte0=0x56  10B
  byte0=0xf0  8B
  byte0=0x2b  8B
  byte0=0x4a  8B
  byte0=0x2e  8B
  byte0=0x3b  6B
  byte0=0x73  6B
  byte0=0x86  6B
  byte0=0xeb  6B
  byte0=0xdb  6B
  byte0=0x9b  6B
  byte0=0xe3  6B
  byte0=0x3c  6B
  byte0=0x68  6B
  byte0=0x42  6B
  byte0=0x3e  6B
  byte0=0x18  4B
  byte0=0x1a  4B
  byte0=0x0b  4B
  byte0=0x3a  4B
  byte0=0x72  4B
  byte0=0x6b  4B
  byte0=0xfb  4B
  byte0=0xab  4B
  byte0=0xbb  4B
  byte0=0xcb  4B
  byte0=0x7b  4B
  byte0=0x8b  4B
  byte0=0xe2  4B
  byte0=0xa1  4B
  byte0=0x5f  4B
  byte0=0x40  4B
  byte0=0x09  4B
  byte0=0x1c  4B
  byte0=0xa0  4B
  byte0=0x4b  2B
  byte0=0x2d  2B
  byte0=0x5b  2B
  byte0=0xec  2B
  byte0=0x28  2B
  byte0=0x33  2B
  byte0=0x9c  2B
  byte0=0x5c  2B
  byte0=0xf2  2B
  byte0=0x44  2B
  byte0=0xe1  2B
  byte0=0x7c  2B
  byte0=0xfc  2B
  byte0=0xf3  2B
  byte0=0x14  2B
  byte0=0x24  2B
  byte0=0xd2  2B
  byte0=0xc2  2B
  byte0=0x61  2B
  byte0=0x6e  2B
  byte0=0xa2  2B
  byte0=0x65  2B
  byte0=0xb2  2B
  byte0=0x35  2B
  byte0=0x08  2B
  byte0=0x6a  2B
  byte0=0x15  2B
  byte0=0x30  2B
  byte0=0x81  2B

length-known but UNNAMED byte0 histogram (bytes):
  byte0=0x22  180B
  byte0=0x17  150B
  byte0=0x27  120B
  byte0=0x32  84B
  byte0=0x1b  78B
  byte0=0x2b  52B
  byte0=0x04  40B
  byte0=0x10  40B
  byte0=0x0b  38B
  byte0=0x4b  24B
  byte0=0x5b  20B
  byte0=0x3b  14B
  byte0=0x55  14B
  byte0=0x7b  12B
  byte0=0x6b  12B
  byte0=0x8f  8B
  byte0=0x8b  4B
