
===== p4_inst (1950B) rt_intersect (X4 ea) + rt_as_load (df) + ray_data (5f) =====
  +0x054 rt_intersect  f4ea90a66b000000
  +0x0f0 rt_as_load    df12544e000000005c02004c0000
  +0x0fe rt_as_load    df22545a000000006402084c0000
  +0x10c rt_as_load    df02540a0000000044020a4c0000
  +0x11a rt_as_load    df0254467ac020005c0720c00800
  +0x128 rt_as_load    df0254567ac02000640724c00800
  +0x136 rt_as_load    df02543e7ac020005c0722c00800
  +0x144 rt_as_load    df025436000000005c02024c0000
  +0x152 rt_as_load    df02542e000000005c02044c0000
  +0x160 rt_as_load    df02540e000000005c02064c0000
  +0x16e rt_as_load    df025400000000005c020d4c0000
  +0x17c ray_data(5f)  5f02540000000000400a06300200
  +0x1aa ray_data(5f)  5f02540214002000400b00006800
  +0x1d8 rt_as_load    df02540414002000640300000d00
  +0x1e6 rt_as_load    df02540a14002000640120000d00
  +0x1f4 ray_data(5f)  5f02540214002000400180036800
  +0x3eb ray_data(5f)  5f27004200000010001b0d270042
  +0x3fe rt_as_load    df02540c7ac0a000640520c00800
  +0x40c rt_as_load    df0254247c2020005c0700400800
  +0x41a rt_as_load    df02541a7c2020005c0702400800
  +0x428 rt_as_load    df025404140020006403e0000d00
  +0x43c ray_data(5f)  5f1054000001260007504c005f02
  +0x482 ray_data(5f)  5f02040402000000808b03002000
  +0x4a4 rt_as_load    df0254040200000084e300000400
  +0x4b8 ray_data(5f)  5f11540400005f02560402000000
  +0x4ea ray_data(5f)  5f02540214002000400b00006800
  +0x50e ray_data(5f)  5f02540a14002000400b80006800
  +0x532 ray_data(5f)  5f0254060404a00040110c006200
  +0x5a0 ray_data(5f)  5f02540104282000000bc1046200
  +0x5ae ray_data(5f)  5f02540004282000000bc0046200
  +0x5bc ray_data(5f)  5f0254020428a000001bc2046200
  +0x630 ray_data(5f)  5f02540104282000000bc1046200
  +0x63e ray_data(5f)  5f02540004282000000bc0046200
  +0x64c ray_data(5f)  5f0254020428a000001bc2046200
  +0x690 rt_intersect  04ea10267380269f
  +0x6d4 ray_data(5f)  5f02540f06100000402d00006100
  +0x6e2 ray_data(5f)  5f02540f06100000403d00016100
  +0x6f0 ray_data(5f)  5f02540f00100000402d00006100
  +0x6fe ray_data(5f)  5f02540f00100000403d00016100
  +0x718 ray_data(5f)  5f02540f00100000402d00006100
  +0x726 ray_data(5f)  5f02540f00100000402d00016100
  +0x734 ray_data(5f)  5f02540f00100000402d00026100
  +0x742 ray_data(5f)  5f02540f00100000402d00036100
  +0x750 ray_data(5f)  5f02540f00100000402d00046100
  +0x75e ray_data(5f)  5f02540300108000403d00056900

===== p4_prim (1674B) rt_intersect (X4 ea) + rt_as_load (df) + ray_data (5f) =====
  +0x054 rt_intersect  e4ea90a68b000000
  +0x0ec rt_as_load    df12544c000000005c02004c0000
  +0x0fa rt_as_load    df225458000000006402084c0000
  +0x108 rt_as_load    df0254120000000044020a4c0000
  +0x116 rt_as_load    df02540a7abc20005c0520c00800
  +0x124 rt_as_load    df0254547abc2000640724c00800
  +0x132 rt_as_load    df0254447abc20005c0722c00800
  +0x140 rt_as_load    df02543c000000005c02024c0000
  +0x14e rt_as_load    df025434000000005c02044c0000
  +0x15c rt_as_load    df02542c000000005c02064c0000
  +0x16a rt_as_load    df025400000000005c020d4c0000
  +0x178 ray_data(5f)  5f02540000000000400a06300200
  +0x1a6 ray_data(5f)  5f0254040e002000400100006800
  +0x3a0 rt_as_load    df0254107abca000640520c00800
  +0x3c2 rt_as_load    df0254227c0420005c0700400800
  +0x3d0 rt_as_load    df0254187c0420005c0702400800
  +0x3de rt_as_load    df0254040e002000640300000d00
  +0x3ec rt_as_load    df0254100e002000640120000d00
  +0x400 ray_data(5f)  5f1054000001260007504c005f02
  +0x446 ray_data(5f)  5f02040604000000808b03002000
  +0x468 rt_as_load    df0254060400000084e300000400
  +0x47c ray_data(5f)  5f11540400005f02560604000000
  +0x4ae ray_data(5f)  5f02540c0e002000400b80006800
  +0x4bc ray_data(5f)  5f02540a7c04a00040110c004200
  +0x518 ray_data(5f)  5f0254060e00a000401b00016800
  +0x562 ray_data(5f)  5f0254060e00a000401b00016800
  +0x58c rt_intersect  04ea10266380269f
  +0x5d0 ray_data(5f)  5f02540f0a100000402d00006100
  +0x5de ray_data(5f)  5f02540f0a100000403d00016100
  +0x5ec ray_data(5f)  5f02540f00100000402d00006100
  +0x5fa ray_data(5f)  5f02540f00100000403d00016100
  +0x614 ray_data(5f)  5f02540f00100000402d00006100
  +0x622 ray_data(5f)  5f02540f00100000402d00016100
  +0x630 ray_data(5f)  5f02540f00100000402d00026100
  +0x63e ray_data(5f)  5f02540f00100000402d00036100
  +0x64c ray_data(5f)  5f02540100108000403d00046700
