dag_000_n2                               ok           {'ok': 5}                    discarded=0
dag_001_n3                               ok           {'ok': 5}                    discarded=0
dag_002_n4                               ok           {'ok': 5}                    discarded=0
dag_003_n5                               ok           {'ok': 5}                    discarded=0
dag_004_n6                               ok           {'ok': 5}                    discarded=0
dag_005_n7                               ok           {'ok': 5}                    discarded=0
dag_006_n8                               ok           {'ok': 5}                    discarded=0
dag_007_n9                               ok           {'ok': 5}                    discarded=0
dag_008_n10                              ok           {'ok': 5}                    discarded=0
dag_011_n13                              ok           {'ok': 5}                    discarded=0
dag_013_n15                              ok           {'ok': 5}                    discarded=0
dag_014_n16                              ok           {'ok': 5}                    discarded=0
dag_015_n18                              ok           {'ok': 5}                    discarded=0
dag_016_n20                              ok           {'ok': 5}                    discarded=0
dag_017_n22                              ok           {'ok': 5}                    discarded=0
dag_018_n24                              ok           {'ok': 5}                    discarded=0
dag_019_n26                              ok           {'ok': 5}                    discarded=0
dagi_000_n2                              ok           {'ok': 5}                    discarded=0
dagi_001_n3                              ok           {'ok': 5}                    discarded=0
dagi_002_n4                              ok           {'ok': 5}                    discarded=0
dagi_003_n5                              ok           {'ok': 5}                    discarded=0
dagi_004_n6                              ok           {'ok': 5}                    discarded=0
dagi_005_n7                              ok           {'ok': 5}                    discarded=0
dagi_006_n8                              ok           {'ok': 5}                    discarded=0
dagi_007_n9                              ok           {'ok': 5}                    discarded=0
dagi_008_n10                             ok           {'ok': 5}                    discarded=0
dagi_009_n11                             ok           {'ok': 5}                    discarded=0
dagi_010_n12                             ok           {'ok': 5}                    discarded=0
dagi_011_n13                             ok           {'ok': 5}                    discarded=0
dagi_012_n14                             ok           {'ok': 5}                    discarded=0
dagi_013_n15                             ok           {'ok': 5}                    discarded=0
dagi_014_n16                             ok           {'ok': 5}                    discarded=0
dagi_015_n18                             ok           {'ok': 5}                    discarded=0
dagi_017_n22                             ok           {'ok': 5}                    discarded=0
dagi_018_n24                             ok           {'ok': 5}                    discarded=0
regb_R001                                ok           {'ok': 5}                    discarded=0
regb_R002                                ok           {'ok': 5}                    discarded=0
regb_R003                                ok           {'ok': 5}                    discarded=0
regb_R007                                ok           {'ok': 5}                    discarded=0
regb_R015                                ok           {'ok': 5}                    discarded=0
regb_R016                                ok           {'ok': 5}                    discarded=0
regb_R020                                ok           {'ok': 5}                    discarded=0
regb_R032                                ok           {'ok': 5}                    discarded=0
regb_R048                                ok           {'ok': 5}                    discarded=0
regb_R060                                ok           {'ok': 5}                    discarded=0
regb_R061                                ok           {'ok': 5}                    discarded=0
regb_R062                                ok           {'ok': 5}                    discarded=0
inl_k00                                  ok           {'ok': 5}                    discarded=0
inl_k02                                  ok           {'ok': 5}                    discarded=0
inl_k03                                  ok           {'ok': 5}                    discarded=0
inl_k04                                  ok           {'ok': 5}                    discarded=0
inl_k05                                  ok           {'ok': 5}                    discarded=0
inl_k06                                  ok           {'ok': 5}                    discarded=0
inl_k07                                  ok           {'ok': 5}                    discarded=0
inl_k09                                  ok           {'ok': 5}                    discarded=0
inl_k10                                  ok           {'ok': 5}                    discarded=0
inl_k11                                  ok           {'ok': 5}                    discarded=0
inl_k13                                  ok           {'ok': 5}                    discarded=0
inl_k14                                  ok           {'ok': 5}                    discarded=0
inl_k15                                  ok           {'ok': 5}                    discarded=0
inl_k16                                  ok           {'ok': 5}                    discarded=0
inl_k17                                  ok           {'ok': 5}                    discarded=0
inl_k18                                  ok           {'ok': 5}                    discarded=0
inl_k19                                  ok           {'ok': 5}                    discarded=0
iaddsyn_A10_B7_N1_D2_add                 ok           {'ok': 5}                    discarded=0
iaddsyn_A10_B7_N1_D2_sub                 ok           {'ok': 5}                    discarded=0
iaddsyn_A0_B0_N1_D3_add                  ok           {'ok': 5}                    discarded=0
iaddsyn_A127_B127_N2_D4_add              ok           {'ok': 5}                    discarded=0
iaddsyn_A1_B126_N3_D5_add                ok           {'ok': 5}                    discarded=0
iaddsyn_A100_B27_N5_D6_sub               ok           {'ok': 5}                    discarded=0
iaddsyn_A5_B0_N0_D7_add                  ok           {'ok': 5}                    discarded=0
iaddsyn_A63_B64_N9_D8_add                ok           {'ok': 5}                    discarded=0
iaddsyn_A11_B22_N1_D0_add                ok           {'ok': 5}                    discarded=0
iaddsyn_A11_B22_N1_D63_add               ok           {'ok': 5}                    discarded=0
iaddsyn_A11_B22_N1_D64_add               ok           {'ok': 5}                    discarded=0
iaddsyn_A77_B13_N6_D32_sub               ok           {'ok': 5}                    discarded=0
iaddanchor_K000                          ok           {'ok': 5}                    discarded=0
iaddanchor_K001                          ok           {'ok': 5}                    discarded=0
iaddanchor_K002                          ok           {'ok': 5}                    discarded=0
iaddanchor_K063                          ok           {'ok': 5}                    discarded=0
iaddanchor_K064                          ok           {'ok': 5}                    discarded=0
iaddanchor_K065                          ok           {'ok': 5}                    discarded=0
iaddanchor_K100                          ok           {'ok': 5}                    discarded=0
iaddanchor_K127                          ok           {'ok': 5}                    discarded=0
iaddanchor_K128                          ok           {'ok': 5}                    discarded=0
iaddanchor_K129                          ok           {'ok': 5}                    discarded=0
iaddanchor_K200                          ok           {'ok': 5}                    discarded=0
iaddanchor_K255                          ok           {'ok': 5}                    discarded=0
cf_trip3_false_arm                       ok           {'ok': 5}                    discarded=0
cf_trip5_true_arm                        ok           {'ok': 5}                    discarded=0
cf_trip0_boundary_true                   ok           {'ok': 5}                    discarded=0
cf_trip0_boundary_false                  ok           {'ok': 5}                    discarded=0
cf_trip60_true_arm                       ok           {'ok': 5}                    discarded=0
cf_cond7_guard_skipped                   ok           {'ok': 5}                    discarded=0
cf_trip0_false_arm                       ok           {'ok': 5}                    discarded=0
cf_trip1_true_arm                        ok           {'ok': 5}                    discarded=0
cf_negative_start_false_arm              ok           {'ok': 5}                    discarded=0
cf_trip45_arithmetic                     ok           {'ok': 5}                    discarded=0
cf_trip2_boundary_false                  ok           {'ok': 5}                    discarded=0
cf_trip45_boundary_true                  ok           {'ok': 5}                    discarded=0
