dag_009_n11                              ok           {'ok': 5}                    discarded=0
dag_010_n12                              ok           {'ok': 5}                    discarded=0
dag_012_n14                              ok           {'ok': 5}                    discarded=0
dag_040_n20                              ok           {'ok': 5}                    discarded=0
dagi_016_n20                             ok           {'ok': 5}                    discarded=0
dagi_019_n26                             ok           {'ok': 5}                    discarded=0
dagi_023_n35                             ok           {'ok': 5}                    discarded=0
regb_R000                                ok           {'ok': 5}                    discarded=0
regb_R031                                ok           {'ok': 5}                    discarded=0
regb_R047                                ok           {'ok': 5}                    discarded=0
regb_R063                                ok           {'ok': 5}                    discarded=0
regb_R064                                silent_zero  {'silent_zero': 5}           discarded=0
regb_R065                                silent_zero  {'silent_zero': 5}           discarded=0
regb_R066                                silent_zero  {'silent_zero': 5}           discarded=0
regb_R067                                silent_zero  {'silent_zero': 5}           discarded=0
regb_R068                                silent_zero  {'silent_zero': 5}           discarded=0
regb_R079                                silent_zero  {'silent_zero': 5}           discarded=0
regb_R080                                silent_zero  {'silent_zero': 5}           discarded=0
regb_R095                                silent_zero  {'silent_zero': 5}           discarded=0
regb_R096                                silent_zero  {'silent_zero': 5}           discarded=0
regb_R111                                no_write     {'no_write': 5}              discarded=0
regb_R112                                silent_zero  {'silent_zero': 5}           discarded=0
regb_R126_faultarm                       fault        {'fault': 5}                 discarded=0
regb_R127_faultarm                       fault        {'fault': 5}                 discarded=0
regb_R063_poison_r63                     ok           {'ok': 5}                    discarded=0
regb_R064_poison_r0                      wrong_value  {'wrong_value': 5}           discarded=0
regb_R065_poison_r1                      wrong_value  {'wrong_value': 5}           discarded=0
regb_R067_poison_r3                      wrong_value  {'wrong_value': 5}           discarded=0
regb_R079_poison_r15                     wrong_value  {'wrong_value': 5}           discarded=0
regb_R005_extlsb1                        ok           {'ok': 5}                    discarded=0
inl_k01                                  ok           {'ok': 5}                    discarded=0
inl_k08                                  ok           {'ok': 5}                    discarded=0
inl_k12                                  ok           {'ok': 5}                    discarded=0
iaddsyn_A33_B44_N13_D9_sub               wrong_value  {'wrong_value': 5}           discarded=0
iaddsyn_A127_B1_N15_D10_add              no_write     {'no_write': 5}              discarded=0
iaddsyn_A11_B22_N1_D95_add               wrong_value  {'wrong_value': 5}           discarded=0
iaddsyn_A7_B120_N4_D47_add               wrong_value  {'wrong_value': 5}           discarded=0
adv_dst_lo_0                             silent_zero  {'silent_zero': 5}           discarded=0
adv_dst_lo_2                             silent_zero  {'silent_zero': 5}           discarded=0
adv_dst_lo_3                             silent_zero  {'silent_zero': 5}           discarded=0
adv_dst_ext9_even                        silent_zero  {'silent_zero': 5}           discarded=0
adv_extmode_bit7                         silent_zero  {'silent_zero': 5}           discarded=0
adv_missing_mods_0xC0                    wrong_value  {'wrong_value': 5}           discarded=0
adv_liveness_flip                        wrong_value  {'wrong_value': 5}           discarded=0
adv_iadd_dst_reg96                       fault        {'fault': 5}                 discarded=0
adv_inline_class0                        wrong_value  {'wrong_value': 5}           discarded=0
adv_inline_top0                          wrong_value  {'wrong_value': 5}           discarded=0
positive_control_deliberate_mismatch     wrong_value  {'wrong_value': 5}           discarded=0
