{
 "run_id": "g17p_20260830_run01",
 "cases": 39233,
 "hangs": 0,
 "cascade": [],
 "elapsed_s": 50.3,
 "restarts": {
  "atoff1": 0,
  "atoff4": 0,
  "bits": 0,
  "cent1": 0,
  "cent4": 0,
  "fclass": 0,
  "ibhalf": 0,
  "ibmrt": 0,
  "ibms4": 0,
  "ibsamp": 0,
  "layer": 0,
  "mrt3": 0,
  "ms4cent": 0,
  "ms4out": 0,
  "sball": 0,
  "scache": 0,
  "sdiv": 0,
  "stype": 0,
  "tileread": 0,
  "tilerw2": 0,
  "twdim": 0,
  "twtype": 0,
  "vclip": 0,
  "vflat": 0,
  "vhalf": 0,
  "vmany": 0,
  "vsrc": 0
 }
}
