G17P_PARTIAL_START pid=48258 device=Apple M4 width=128 height=128 triangles=20000 vertices=60000 varying_bytes=16 submissions=8 command_queues=1 enqueue_all=0 mode=accumulate
G17P_PARTIAL_LIBRARY_BEGIN path=/Users/user/asahi_re/public/agx-re/experiments/EXP-0118-a18-pro-partial-render-workload/build/g17ppartial.metallib
G17P_PARTIAL_LIBRARY_READY
G17P_PARTIAL_PIPELINE_BEGIN
G17P_PARTIAL_PIPELINE_READY
G17P_PARTIAL_READY submission=1/8 queue=1/1 input=0x10000018200 input_size=0x10 output0=0x10000058000 output_size=0x10000
G17P_PARTIAL_ACCUM submission=1 index=0 max=1.00010955
G17P_PARTIAL_TARGET submission=1 index=0 exact_pixels=0/16384 changed_bytes=8 first=00000000
G17P_PARTIAL_ACCUM submission=1 index=1 max=2.00021911
G17P_PARTIAL_TARGET submission=1 index=1 exact_pixels=0/16384 changed_bytes=6 first=00000000
G17P_PARTIAL_ACCUM submission=1 index=2 max=2.99960876
G17P_PARTIAL_TARGET submission=1 index=2 exact_pixels=0/16384 changed_bytes=8 first=00000000
G17P_PARTIAL_ACCUM submission=1 index=3 max=4.00043821
G17P_PARTIAL_TARGET submission=1 index=3 exact_pixels=0/16384 changed_bytes=8 first=00000000
G17P_PARTIAL_ACCUM submission=1 index=4 max=5.00015926
G17P_PARTIAL_TARGET submission=1 index=4 exact_pixels=0/16384 changed_bytes=8 first=00000000
G17P_PARTIAL_ACCUM submission=1 index=5 max=5.99921751
G17P_PARTIAL_TARGET submission=1 index=5 exact_pixels=0/16384 changed_bytes=8 first=00000000
G17P_PARTIAL_ACCUM submission=1 index=6 max=6.99996996
G17P_PARTIAL_TARGET submission=1 index=6 exact_pixels=0/16384 changed_bytes=8 first=00000000
G17P_PARTIAL_ACCUM submission=1 index=7 max=8.00087643
G17P_PARTIAL_TARGET submission=1 index=7 exact_pixels=0/16384 changed_bytes=6 first=00000000
G17P_PARTIAL_SUBMISSION_DONE submission=1/8 status=4 error=none exact=1
G17P_PARTIAL_READY submission=2/8 queue=1/1 input=0x10000018200 input_size=0x10 output0=0x10000058000 output_size=0x10000
G17P_PARTIAL_ACCUM submission=2 index=0 max=1.00010955
G17P_PARTIAL_TARGET submission=2 index=0 exact_pixels=0/16384 changed_bytes=8 first=00000000
G17P_PARTIAL_ACCUM submission=2 index=1 max=2.00021911
G17P_PARTIAL_TARGET submission=2 index=1 exact_pixels=0/16384 changed_bytes=6 first=00000000
G17P_PARTIAL_ACCUM submission=2 index=2 max=2.99960876
G17P_PARTIAL_TARGET submission=2 index=2 exact_pixels=0/16384 changed_bytes=8 first=00000000
G17P_PARTIAL_ACCUM submission=2 index=3 max=4.00043821
G17P_PARTIAL_TARGET submission=2 index=3 exact_pixels=0/16384 changed_bytes=8 first=00000000
G17P_PARTIAL_ACCUM submission=2 index=4 max=5.00015926
G17P_PARTIAL_TARGET submission=2 index=4 exact_pixels=0/16384 changed_bytes=8 first=00000000
G17P_PARTIAL_ACCUM submission=2 index=5 max=5.99921751
G17P_PARTIAL_TARGET submission=2 index=5 exact_pixels=0/16384 changed_bytes=8 first=00000000
G17P_PARTIAL_ACCUM submission=2 index=6 max=6.99996996
G17P_PARTIAL_TARGET submission=2 index=6 exact_pixels=0/16384 changed_bytes=8 first=00000000
G17P_PARTIAL_ACCUM submission=2 index=7 max=8.00087643
G17P_PARTIAL_TARGET submission=2 index=7 exact_pixels=0/16384 changed_bytes=6 first=00000000
G17P_PARTIAL_SUBMISSION_DONE submission=2/8 status=4 error=none exact=1
G17P_PARTIAL_READY submission=3/8 queue=1/1 input=0x10000018200 input_size=0x10 output0=0x10000058000 output_size=0x10000
G17P_PARTIAL_ACCUM submission=3 index=0 max=1.00010955
G17P_PARTIAL_TARGET submission=3 index=0 exact_pixels=0/16384 changed_bytes=8 first=00000000
G17P_PARTIAL_ACCUM submission=3 index=1 max=2.00021911
G17P_PARTIAL_TARGET submission=3 index=1 exact_pixels=0/16384 changed_bytes=6 first=00000000
G17P_PARTIAL_ACCUM submission=3 index=2 max=2.99960876
G17P_PARTIAL_TARGET submission=3 index=2 exact_pixels=0/16384 changed_bytes=8 first=00000000
G17P_PARTIAL_ACCUM submission=3 index=3 max=4.00043821
G17P_PARTIAL_TARGET submission=3 index=3 exact_pixels=0/16384 changed_bytes=8 first=00000000
G17P_PARTIAL_ACCUM submission=3 index=4 max=5.00015926
G17P_PARTIAL_TARGET submission=3 index=4 exact_pixels=0/16384 changed_bytes=8 first=00000000
G17P_PARTIAL_ACCUM submission=3 index=5 max=5.99921751
G17P_PARTIAL_TARGET submission=3 index=5 exact_pixels=0/16384 changed_bytes=8 first=00000000
G17P_PARTIAL_ACCUM submission=3 index=6 max=6.99996996
G17P_PARTIAL_TARGET submission=3 index=6 exact_pixels=0/16384 changed_bytes=8 first=00000000
G17P_PARTIAL_ACCUM submission=3 index=7 max=8.00087643
G17P_PARTIAL_TARGET submission=3 index=7 exact_pixels=0/16384 changed_bytes=6 first=00000000
G17P_PARTIAL_SUBMISSION_DONE submission=3/8 status=4 error=none exact=1
G17P_PARTIAL_READY submission=4/8 queue=1/1 input=0x10000018200 input_size=0x10 output0=0x10000058000 output_size=0x10000
G17P_PARTIAL_ACCUM submission=4 index=0 max=1.00010955
G17P_PARTIAL_TARGET submission=4 index=0 exact_pixels=0/16384 changed_bytes=8 first=00000000
G17P_PARTIAL_ACCUM submission=4 index=1 max=2.00021911
G17P_PARTIAL_TARGET submission=4 index=1 exact_pixels=0/16384 changed_bytes=6 first=00000000
G17P_PARTIAL_ACCUM submission=4 index=2 max=2.99960876
G17P_PARTIAL_TARGET submission=4 index=2 exact_pixels=0/16384 changed_bytes=8 first=00000000
G17P_PARTIAL_ACCUM submission=4 index=3 max=4.00043821
G17P_PARTIAL_TARGET submission=4 index=3 exact_pixels=0/16384 changed_bytes=8 first=00000000
G17P_PARTIAL_ACCUM submission=4 index=4 max=5.00015926
G17P_PARTIAL_TARGET submission=4 index=4 exact_pixels=0/16384 changed_bytes=8 first=00000000
G17P_PARTIAL_ACCUM submission=4 index=5 max=5.99921751
G17P_PARTIAL_TARGET submission=4 index=5 exact_pixels=0/16384 changed_bytes=8 first=00000000
G17P_PARTIAL_ACCUM submission=4 index=6 max=6.99996996
G17P_PARTIAL_TARGET submission=4 index=6 exact_pixels=0/16384 changed_bytes=8 first=00000000
G17P_PARTIAL_ACCUM submission=4 index=7 max=8.00087643
G17P_PARTIAL_TARGET submission=4 index=7 exact_pixels=0/16384 changed_bytes=6 first=00000000
G17P_PARTIAL_SUBMISSION_DONE submission=4/8 status=4 error=none exact=1
G17P_PARTIAL_READY submission=5/8 queue=1/1 input=0x10000018200 input_size=0x10 output0=0x10000058000 output_size=0x10000
G17P_PARTIAL_ACCUM submission=5 index=0 max=1.00010955
G17P_PARTIAL_TARGET submission=5 index=0 exact_pixels=0/16384 changed_bytes=8 first=00000000
G17P_PARTIAL_ACCUM submission=5 index=1 max=2.00021911
G17P_PARTIAL_TARGET submission=5 index=1 exact_pixels=0/16384 changed_bytes=6 first=00000000
G17P_PARTIAL_ACCUM submission=5 index=2 max=2.99960876
G17P_PARTIAL_TARGET submission=5 index=2 exact_pixels=0/16384 changed_bytes=8 first=00000000
G17P_PARTIAL_ACCUM submission=5 index=3 max=4.00043821
G17P_PARTIAL_TARGET submission=5 index=3 exact_pixels=0/16384 changed_bytes=8 first=00000000
G17P_PARTIAL_ACCUM submission=5 index=4 max=5.00015926
G17P_PARTIAL_TARGET submission=5 index=4 exact_pixels=0/16384 changed_bytes=8 first=00000000
G17P_PARTIAL_ACCUM submission=5 index=5 max=5.99921751
G17P_PARTIAL_TARGET submission=5 index=5 exact_pixels=0/16384 changed_bytes=8 first=00000000
G17P_PARTIAL_ACCUM submission=5 index=6 max=6.99996996
G17P_PARTIAL_TARGET submission=5 index=6 exact_pixels=0/16384 changed_bytes=8 first=00000000
G17P_PARTIAL_ACCUM submission=5 index=7 max=8.00087643
G17P_PARTIAL_TARGET submission=5 index=7 exact_pixels=0/16384 changed_bytes=6 first=00000000
G17P_PARTIAL_SUBMISSION_DONE submission=5/8 status=4 error=none exact=1
G17P_PARTIAL_READY submission=6/8 queue=1/1 input=0x10000018200 input_size=0x10 output0=0x10000058000 output_size=0x10000
G17P_PARTIAL_ACCUM submission=6 index=0 max=1.00010955
G17P_PARTIAL_TARGET submission=6 index=0 exact_pixels=0/16384 changed_bytes=8 first=00000000
G17P_PARTIAL_ACCUM submission=6 index=1 max=2.00021911
G17P_PARTIAL_TARGET submission=6 index=1 exact_pixels=0/16384 changed_bytes=6 first=00000000
G17P_PARTIAL_ACCUM submission=6 index=2 max=2.99960876
G17P_PARTIAL_TARGET submission=6 index=2 exact_pixels=0/16384 changed_bytes=8 first=00000000
G17P_PARTIAL_ACCUM submission=6 index=3 max=4.00043821
G17P_PARTIAL_TARGET submission=6 index=3 exact_pixels=0/16384 changed_bytes=8 first=00000000
G17P_PARTIAL_ACCUM submission=6 index=4 max=5.00015926
G17P_PARTIAL_TARGET submission=6 index=4 exact_pixels=0/16384 changed_bytes=8 first=00000000
G17P_PARTIAL_ACCUM submission=6 index=5 max=5.99921751
G17P_PARTIAL_TARGET submission=6 index=5 exact_pixels=0/16384 changed_bytes=8 first=00000000
G17P_PARTIAL_ACCUM submission=6 index=6 max=6.99996996
G17P_PARTIAL_TARGET submission=6 index=6 exact_pixels=0/16384 changed_bytes=8 first=00000000
G17P_PARTIAL_ACCUM submission=6 index=7 max=8.00087643
G17P_PARTIAL_TARGET submission=6 index=7 exact_pixels=0/16384 changed_bytes=6 first=00000000
G17P_PARTIAL_SUBMISSION_DONE submission=6/8 status=4 error=none exact=1
G17P_PARTIAL_READY submission=7/8 queue=1/1 input=0x10000018200 input_size=0x10 output0=0x10000058000 output_size=0x10000
G17P_PARTIAL_ACCUM submission=7 index=0 max=1.00010955
G17P_PARTIAL_TARGET submission=7 index=0 exact_pixels=0/16384 changed_bytes=8 first=00000000
G17P_PARTIAL_ACCUM submission=7 index=1 max=2.00021911
G17P_PARTIAL_TARGET submission=7 index=1 exact_pixels=0/16384 changed_bytes=6 first=00000000
G17P_PARTIAL_ACCUM submission=7 index=2 max=2.99960876
G17P_PARTIAL_TARGET submission=7 index=2 exact_pixels=0/16384 changed_bytes=8 first=00000000
G17P_PARTIAL_ACCUM submission=7 index=3 max=4.00043821
G17P_PARTIAL_TARGET submission=7 index=3 exact_pixels=0/16384 changed_bytes=8 first=00000000
G17P_PARTIAL_ACCUM submission=7 index=4 max=5.00015926
G17P_PARTIAL_TARGET submission=7 index=4 exact_pixels=0/16384 changed_bytes=8 first=00000000
G17P_PARTIAL_ACCUM submission=7 index=5 max=5.99921751
G17P_PARTIAL_TARGET submission=7 index=5 exact_pixels=0/16384 changed_bytes=8 first=00000000
G17P_PARTIAL_ACCUM submission=7 index=6 max=6.99996996
G17P_PARTIAL_TARGET submission=7 index=6 exact_pixels=0/16384 changed_bytes=8 first=00000000
G17P_PARTIAL_ACCUM submission=7 index=7 max=8.00087643
G17P_PARTIAL_TARGET submission=7 index=7 exact_pixels=0/16384 changed_bytes=6 first=00000000
G17P_PARTIAL_SUBMISSION_DONE submission=7/8 status=4 error=none exact=1
G17P_PARTIAL_READY submission=8/8 queue=1/1 input=0x10000018200 input_size=0x10 output0=0x10000058000 output_size=0x10000
G17P_PARTIAL_ACCUM submission=8 index=0 max=1.00010955
G17P_PARTIAL_TARGET submission=8 index=0 exact_pixels=0/16384 changed_bytes=8 first=00000000
G17P_PARTIAL_ACCUM submission=8 index=1 max=2.00021911
G17P_PARTIAL_TARGET submission=8 index=1 exact_pixels=0/16384 changed_bytes=6 first=00000000
G17P_PARTIAL_ACCUM submission=8 index=2 max=2.99960876
G17P_PARTIAL_TARGET submission=8 index=2 exact_pixels=0/16384 changed_bytes=8 first=00000000
G17P_PARTIAL_ACCUM submission=8 index=3 max=4.00043821
G17P_PARTIAL_TARGET submission=8 index=3 exact_pixels=0/16384 changed_bytes=8 first=00000000
G17P_PARTIAL_ACCUM submission=8 index=4 max=5.00015926
G17P_PARTIAL_TARGET submission=8 index=4 exact_pixels=0/16384 changed_bytes=8 first=00000000
G17P_PARTIAL_ACCUM submission=8 index=5 max=5.99921751
G17P_PARTIAL_TARGET submission=8 index=5 exact_pixels=0/16384 changed_bytes=8 first=00000000
G17P_PARTIAL_ACCUM submission=8 index=6 max=6.99996996
G17P_PARTIAL_TARGET submission=8 index=6 exact_pixels=0/16384 changed_bytes=8 first=00000000
G17P_PARTIAL_ACCUM submission=8 index=7 max=8.00087643
G17P_PARTIAL_TARGET submission=8 index=7 exact_pixels=0/16384 changed_bytes=6 first=00000000
G17P_PARTIAL_SUBMISSION_DONE submission=8/8 status=4 error=none exact=1
G17P_PARTIAL_DONE status=4 error=none exact=1 submissions=8/8
