# EXP-0132 wtrace known_roles=8 unknown_bo_content=HASH_ONLY pointer_following=0 direct_snapshot_entry=wtrace_snapshot_now max_read_tries=40
SERVICE_OPEN class=IOSurfaceRoot type=0
CALL class=IOSurfaceRoot sel=13 ret=0x0 in_struct=0x0 out_struct=0x28
CALL class=IOSurfaceRoot sel=44 ret=0xe00002f0 in_struct=0x0 out_struct=0x0
SERVICE_OPEN class=AGXAcceleratorG16G type=1048581
CALL class=IOSurfaceRoot sel=32 ret=0x0 in_struct=0x0 out_struct=0x0
CALL class=AGXAcceleratorG16G sel=9 ret=0x0 in_struct=0x68 out_struct=0x58
RESOURCE_MAP class=AGXAcceleratorG16G va=0x10000000000 size=0x10000 handle=0 cpu_present=0 outcpu_present=1 known=0
CALL class=AGXAcceleratorG16G sel=9 ret=0x0 in_struct=0x68 out_struct=0x58
RESOURCE_MAP class=AGXAcceleratorG16G va=0x6f00000000 size=0x3800 handle=0 cpu_present=0 outcpu_present=1 known=0
CALL class=AGXAcceleratorG16G sel=9 ret=0x0 in_struct=0x68 out_struct=0x58
RESOURCE_MAP class=AGXAcceleratorG16G va=0x10000018000 size=0x20000 handle=0 cpu_present=0 outcpu_present=1 known=0
CALL class=AGXAcceleratorG16G sel=9 ret=0x0 in_struct=0x68 out_struct=0x58
RESOURCE_MAP class=AGXAcceleratorG16G va=0x10000018000 size=0x20000 handle=0 cpu_present=1 outcpu_present=0 known=0
CALL class=AGXAcceleratorG16G sel=9 ret=0x0 in_struct=0x68 out_struct=0x58
RESOURCE_MAP class=AGXAcceleratorG16G va=0x10000040000 size=0x10000 handle=0 cpu_present=0 outcpu_present=1 known=0
CALL class=AGXAcceleratorG16G sel=9 ret=0x0 in_struct=0x68 out_struct=0x58
RESOURCE_MAP class=AGXAcceleratorG16G va=0x0 size=0x10000 handle=0 cpu_present=0 outcpu_present=1 known=0
CALL class=AGXAcceleratorG16G sel=9 ret=0x0 in_struct=0x68 out_struct=0x58
RESOURCE_MAP class=AGXAcceleratorG16G va=0x10000018200 size=0x20000 handle=0 cpu_present=1 outcpu_present=0 known=1
CALL class=AGXAcceleratorG16G sel=9 ret=0x0 in_struct=0x68 out_struct=0x58
RESOURCE_MAP class=AGXAcceleratorG16G va=0x10000018400 size=0x20000 handle=0 cpu_present=1 outcpu_present=0 known=0
CALL class=AGXAcceleratorG16G sel=9 ret=0x0 in_struct=0x68 out_struct=0x58
RESOURCE_MAP class=AGXAcceleratorG16G va=0x10000018600 size=0x20000 handle=0 cpu_present=1 outcpu_present=0 known=0
CALL class=AGXAcceleratorG16G sel=9 ret=0x0 in_struct=0x68 out_struct=0x58
RESOURCE_MAP class=AGXAcceleratorG16G va=0x10000018700 size=0x20000 handle=0 cpu_present=1 outcpu_present=0 known=0
CALL class=AGXAcceleratorG16G sel=9 ret=0x0 in_struct=0x68 out_struct=0x58
RESOURCE_MAP class=AGXAcceleratorG16G va=0x10000018800 size=0x20000 handle=0 cpu_present=1 outcpu_present=0 known=0
CALL class=AGXAcceleratorG16G sel=9 ret=0x0 in_struct=0x68 out_struct=0x58
RESOURCE_MAP class=AGXAcceleratorG16G va=0x10000018900 size=0x20000 handle=0 cpu_present=1 outcpu_present=0 known=0
CALL class=AGXAcceleratorG16G sel=9 ret=0x0 in_struct=0x68 out_struct=0x58
RESOURCE_MAP class=AGXAcceleratorG16G va=0x10000019900 size=0x20000 handle=0 cpu_present=1 outcpu_present=0 known=0
CALL class=AGXAcceleratorG16G sel=9 ret=0x0 in_struct=0x68 out_struct=0x58
RESOURCE_MAP class=AGXAcceleratorG16G va=0x10000019a00 size=0x20000 handle=0 cpu_present=1 outcpu_present=0 known=0
CALL class=AGXAcceleratorG16G sel=9 ret=0x0 in_struct=0x68 out_struct=0x58
RESOURCE_MAP class=AGXAcceleratorG16G va=0x10000019b00 size=0x20000 handle=0 cpu_present=1 outcpu_present=0 known=0
CALL class=AGXAcceleratorG16G sel=9 ret=0x0 in_struct=0x68 out_struct=0x58
RESOURCE_MAP class=AGXAcceleratorG16G va=0x10000019c00 size=0x20000 handle=0 cpu_present=1 outcpu_present=0 known=0
CALL class=AGXAcceleratorG16G sel=9 ret=0x0 in_struct=0x68 out_struct=0x58
RESOURCE_MAP class=AGXAcceleratorG16G va=0x1000001a400 size=0x20000 handle=0 cpu_present=1 outcpu_present=0 known=0
CALL class=AGXAcceleratorG16G sel=9 ret=0x0 in_struct=0x68 out_struct=0x58
RESOURCE_MAP class=AGXAcceleratorG16G va=0x1000001a500 size=0x20000 handle=0 cpu_present=1 outcpu_present=0 known=0
CALL class=AGXAcceleratorG16G sel=9 ret=0x0 in_struct=0x68 out_struct=0x58
RESOURCE_MAP class=AGXAcceleratorG16G va=0x10000058000 size=0x20000 handle=0 cpu_present=0 outcpu_present=1 known=0
CALL class=AGXAcceleratorG16G sel=9 ret=0x0 in_struct=0x68 out_struct=0x58
RESOURCE_MAP class=AGXAcceleratorG16G va=0x10000058000 size=0x20000 handle=0 cpu_present=1 outcpu_present=0 known=0
CALL class=AGXAcceleratorG16G sel=9 ret=0x0 in_struct=0x68 out_struct=0x58
RESOURCE_MAP class=AGXAcceleratorG16G va=0x1000001c500 size=0x20000 handle=0 cpu_present=1 outcpu_present=0 known=0
CALL class=AGXAcceleratorG16G sel=7 ret=0x0 in_struct=0x410 out_struct=0x10
CALL class=AGXAcceleratorG16G sel=16 ret=0x0 in_struct=0x0 out_struct=0x10
CALL class=AGXAcceleratorG16G sel=28 ret=0x0 in_struct=0x0 out_struct=0x0
CALL class=AGXAcceleratorG16G sel=14 ret=0x0 in_struct=0x0 out_struct=0x10
CALL class=AGXAcceleratorG16G sel=14 ret=0x0 in_struct=0x0 out_struct=0x10
CALL class=AGXAcceleratorG16G sel=9 ret=0x0 in_struct=0x68 out_struct=0x58
RESOURCE_MAP class=AGXAcceleratorG16G va=0x10000080000 size=0x74000 handle=0 cpu_present=0 outcpu_present=1 known=0
CALL class=AGXAcceleratorG16G sel=9 ret=0x0 in_struct=0x68 out_struct=0x58
RESOURCE_MAP class=AGXAcceleratorG16G va=0x18000 size=0x8000 handle=0 cpu_present=0 outcpu_present=1 known=1
CALL class=AGXAcceleratorG16G sel=9 ret=0x0 in_struct=0x68 out_struct=0x58
RESOURCE_MAP class=AGXAcceleratorG16G va=0x28000 size=0x8000 handle=0 cpu_present=0 outcpu_present=1 known=0
CALL class=AGXAcceleratorG16G sel=9 ret=0x0 in_struct=0x68 out_struct=0x58
RESOURCE_MAP class=AGXAcceleratorG16G va=0x38000 size=0x8000 handle=0 cpu_present=0 outcpu_present=1 known=0
CALL class=AGXAcceleratorG16G sel=9 ret=0x0 in_struct=0x68 out_struct=0x58
RESOURCE_MAP class=AGXAcceleratorG16G va=0x100000f8000 size=0x8000 handle=0 cpu_present=0 outcpu_present=1 known=0
CALL class=AGXAcceleratorG16G sel=9 ret=0x0 in_struct=0x68 out_struct=0x58
RESOURCE_MAP class=AGXAcceleratorG16G va=0x10000108000 size=0x8000 handle=0 cpu_present=0 outcpu_present=1 known=0
CALL class=AGXAcceleratorG16G sel=9 ret=0x0 in_struct=0x68 out_struct=0x58
RESOURCE_MAP class=AGXAcceleratorG16G va=0x10000118000 size=0x8000 handle=0 cpu_present=0 outcpu_present=1 known=0
CALL class=AGXAcceleratorG16G sel=9 ret=0x0 in_struct=0x68 out_struct=0x58
RESOURCE_MAP class=AGXAcceleratorG16G va=0x10000128000 size=0x8000 handle=0 cpu_present=0 outcpu_present=1 known=1
CALL class=AGXAcceleratorG16G sel=9 ret=0x0 in_struct=0x68 out_struct=0x58
RESOURCE_MAP class=AGXAcceleratorG16G va=0x10000138000 size=0x100000 handle=0 cpu_present=0 outcpu_present=1 known=0
CALL class=AGXAcceleratorG16G sel=9 ret=0x0 in_struct=0x68 out_struct=0x58
RESOURCE_MAP class=AGXAcceleratorG16G va=0x48000 size=0x8000 handle=0 cpu_present=0 outcpu_present=1 known=0
CALL class=AGXAcceleratorG16G sel=9 ret=0x0 in_struct=0x68 out_struct=0x58
RESOURCE_MAP class=AGXAcceleratorG16G va=0x10000240000 size=0x8000 handle=0 cpu_present=0 outcpu_present=1 known=0
CALL class=AGXAcceleratorG16G sel=9 ret=0x0 in_struct=0x68 out_struct=0x58
RESOURCE_MAP class=AGXAcceleratorG16G va=0x10000250000 size=0x8000 handle=0 cpu_present=0 outcpu_present=1 known=0
CALL class=AGXAcceleratorG16G sel=9 ret=0x0 in_struct=0x68 out_struct=0x58
RESOURCE_MAP class=AGXAcceleratorG16G va=0x10000260000 size=0x8000 handle=0 cpu_present=0 outcpu_present=1 known=0
CALL class=AGXAcceleratorG16G sel=9 ret=0x0 in_struct=0x68 out_struct=0x58
RESOURCE_MAP class=AGXAcceleratorG16G va=0x10000270000 size=0x8000 handle=0 cpu_present=0 outcpu_present=1 known=0
CALL class=AGXAcceleratorG16G sel=9 ret=0x0 in_struct=0x68 out_struct=0x58
RESOURCE_MAP class=AGXAcceleratorG16G va=0x10000280000 size=0x8000 handle=0 cpu_present=0 outcpu_present=1 known=0
CALL class=AGXAcceleratorG16G sel=9 ret=0x0 in_struct=0x68 out_struct=0x58
RESOURCE_MAP class=AGXAcceleratorG16G va=0x58000 size=0x8000 handle=0 cpu_present=0 outcpu_present=1 known=1
CALL class=AGXAcceleratorG16G sel=9 ret=0x0 in_struct=0x68 out_struct=0x58
RESOURCE_MAP class=AGXAcceleratorG16G va=0x68000 size=0x88e0 handle=0 cpu_present=0 outcpu_present=1 known=1
CALL class=AGXAcceleratorG16G sel=9 ret=0x0 in_struct=0x68 out_struct=0x58
RESOURCE_MAP class=AGXAcceleratorG16G va=0x10000290000 size=0xc0000 handle=0 cpu_present=0 outcpu_present=1 known=0
SNAPSHOT va=0x0 size=0x10000 role=unnamed-descriptor-candidate captured=0 cap=0x8000 got=0x8000 tries=1 sha256=509b068ecd4c21a737ef7f976344651fc1ec3139ff4356a2b3b1b37b9e870d2d
SNAPSHOT va=0x18000 size=0x8000 role=vdm-command-state captured=1 cap=0x8000 got=0x8000 tries=1 sha256=342eb5c0a4c91f2b5f3d2f9ec26eee0167c2edd49affef23c2974c4f84a8baad
SNAPSHOT va=0x28000 size=0x8000 role=unnamed-descriptor-candidate captured=0 cap=0x8000 got=0x8000 tries=1 sha256=c35020473aed1b4642cd726cad727b63fff2824ad68cedd7ffb73c7cbd890479
SNAPSHOT va=0x38000 size=0x8000 role=unnamed-descriptor-candidate captured=0 cap=0x8000 got=0x8000 tries=1 sha256=c35020473aed1b4642cd726cad727b63fff2824ad68cedd7ffb73c7cbd890479
SNAPSHOT va=0x48000 size=0x8000 role=unnamed-descriptor-candidate captured=0 cap=0x8000 got=0x8000 tries=1 sha256=76e983b8f2356ce8cbb86c8ed435cae84f3e6d93d075011e1f6d8e78ef6450e0
SNAPSHOT va=0x58000 size=0x8000 role=fixed-function-render-state captured=1 cap=0x8000 got=0x8000 tries=1 sha256=2bd7a41b87077a68dfbab50c242d27aea06ea5fdfcfc2526c90b9085177a0646
SNAPSHOT va=0x68000 size=0x88e0 role=tiling-state captured=1 cap=0x88e0 got=0x88e0 tries=1 sha256=fa098bf26875d39b04d11860b717b095719ddc4082e9237ce4a8880e9b490891
SNAPSHOT va=0x6f00000000 size=0x3800 role=unnamed-descriptor-candidate captured=0 cap=0x3800 got=0x3800 tries=1 sha256=90b446c6472fde83a94e15bcef5e4b2ea20522db2c242448f6a825bb2a3f42b1
SNAPSHOT va=0x10000000000 size=0x10000 role=unnamed-descriptor-candidate captured=0 cap=0x8000 got=0x8000 tries=1 sha256=b8a8be461284ff25cefc39839cd86e1ad7a75dcb9700dff0c7430d67ad0b4597
SNAPSHOT va=0x10000018000 size=0x20000 role=unnamed-descriptor-candidate captured=0 cap=0x8000 got=0x8000 tries=1 sha256=123ec99aa8d1310e91487af2cb2c12f217c84686ae12c0915e74e989de7152f1
SNAPSHOT va=0x10000018200 size=0x20000 role=mrt-attachment-descriptors captured=1 cap=0x20000 got=0x20000 tries=1 sha256=35bf6f3b48dc6015a36b2f1152124e66725e5dcde3776925a222b24a6a31df6e
SNAPSHOT va=0x10000018400 size=0x20000 role=unnamed-descriptor-candidate captured=0 cap=0x8000 got=0x8000 tries=1 sha256=07f5c98b69cc2c851e9a60158588b52e9e0a05f8c986eb04a0dc8f2d30cc24b8
SNAPSHOT va=0x10000018600 size=0x20000 role=unnamed-descriptor-candidate captured=0 cap=0x8000 got=0x8000 tries=1 sha256=4fdd06d69794d2460a3ef0a98109c950700bfd7390bf2c88d66ab88161a9b43c
SNAPSHOT va=0x10000018700 size=0x20000 role=unnamed-descriptor-candidate captured=0 cap=0x8000 got=0x8000 tries=1 sha256=6722aba6fb2169841815157f83cfb964e4710fd4f529037f6e872c11155b967b
SNAPSHOT va=0x10000018800 size=0x20000 role=unnamed-descriptor-candidate captured=0 cap=0x8000 got=0x8000 tries=1 sha256=c615892e55e8a5958d6267f0cf97c65174cc5ec4ee4bf1fc571187d656e44cce
SNAPSHOT va=0x10000018900 size=0x20000 role=unnamed-descriptor-candidate captured=0 cap=0x8000 got=0x8000 tries=1 sha256=502665cea0745fd846b6ed16b4eac44979445cd2e142141e3ccc6b36e7a9afe5
SNAPSHOT va=0x10000019900 size=0x20000 role=unnamed-descriptor-candidate captured=0 cap=0x8000 got=0x8000 tries=1 sha256=88a202dfd0b5a1d777a3a2e1f0e023be04a03ce28291714804d50321f1c37eed
SNAPSHOT va=0x10000019a00 size=0x20000 role=unnamed-descriptor-candidate captured=0 cap=0x8000 got=0x8000 tries=1 sha256=475776fcf1cc4abf12dc14072c81315aaf858b9eb5d4307f511a8b475c11db45
SNAPSHOT va=0x10000019b00 size=0x20000 role=unnamed-descriptor-candidate captured=0 cap=0x8000 got=0x8000 tries=1 sha256=90a8e5e698b7f0f899c645afff317b0f99f467de6c87fef0158a56c9f816f0bf
SNAPSHOT va=0x10000019c00 size=0x20000 role=unnamed-descriptor-candidate captured=0 cap=0x8000 got=0x8000 tries=1 sha256=2df6a9d7fc635fda3d5604459806dad31658073f7890716ba639280a3869b91a
SNAPSHOT va=0x1000001a400 size=0x20000 role=unnamed-descriptor-candidate captured=0 cap=0x8000 got=0x8000 tries=1 sha256=c740db6cc55123d62b780bd96a1991bac522c4dfa47ec68b72de7a7694f50697
SNAPSHOT va=0x1000001a500 size=0x20000 role=unnamed-descriptor-candidate captured=0 cap=0x8000 got=0x8000 tries=1 sha256=4fc1d4c2f377db293a3f9664227e0c479f56574745ec8dbace57b8d007d2ee7c
SNAPSHOT va=0x1000001c500 size=0x20000 role=unnamed-descriptor-candidate captured=0 cap=0x8000 got=0x8000 tries=1 sha256=1e71986bbbd7edd8f5f7f4f112de07e66647c6f73794a94b9aa7f9a2068f7b6a
SNAPSHOT va=0x10000040000 size=0x10000 role=unnamed-descriptor-candidate captured=1 cap=0x10000 got=0x10000 tries=1 sha256=5314e7cc29982aec4b627dad9781e70e5f6eca176c735d28280405511a3613e3
SNAPSHOT va=0x10000058000 size=0x20000 role=unnamed-descriptor-candidate captured=1 cap=0x20000 got=0x20000 tries=1 sha256=fa43239bcee7b97ca62f007cc68487560a39e19f74f3dde7486db3f98df8e471
SNAPSHOT va=0x10000080000 size=0x74000 role=unnamed-descriptor-candidate captured=0 cap=0x8000 got=0x8000 tries=1 sha256=f1bf8fab9ae19e358c4f82f2a5604c64bd996c3bd2fb5706119a3a17b4e31dc8
SNAPSHOT va=0x100000f8000 size=0x8000 role=unnamed-descriptor-candidate captured=1 cap=0x8000 got=0x8000 tries=1 sha256=2cf049c7461d1e3d075ebe896ae9faaacc437928a4b6c0f135cacf066b5c8bc1
SNAPSHOT va=0x10000108000 size=0x8000 role=unnamed-descriptor-candidate captured=1 cap=0x8000 got=0x8000 tries=1 sha256=05b537e89fcffa566ce5f567be41d1ad7f09a0194f4d713f542fc347c9e9028c
SNAPSHOT va=0x10000118000 size=0x8000 role=unnamed-descriptor-candidate captured=1 cap=0x8000 got=0x8000 tries=1 sha256=d7242d3ccdafd760232edfde67dfdefed9881f67a6ea937c30e431113f7136f7
SNAPSHOT va=0x10000128000 size=0x8000 role=clear-color-arena captured=1 cap=0x8000 got=0x8000 tries=1 sha256=ffe2bad46a38df83ec0cc426e89e53e7e91d9d796c7156a111a8c1e6ca32cd49
SNAPSHOT va=0x10000138000 size=0x100000 role=unnamed-descriptor-candidate captured=0 cap=0x8000 got=0x8000 tries=1 sha256=4b34af25711f378b25134071bcc8b642c441051e61024cac40b9bbd603d77eba
SNAPSHOT va=0x10000240000 size=0x8000 role=unnamed-descriptor-candidate captured=1 cap=0x8000 got=0x8000 tries=1 sha256=6e73a999e97199317e58a5b7f716c9f2abc8a4a271e3eab4e3101d1f79901a19
SNAPSHOT va=0x10000250000 size=0x8000 role=unnamed-descriptor-candidate captured=1 cap=0x8000 got=0x8000 tries=1 sha256=c35020473aed1b4642cd726cad727b63fff2824ad68cedd7ffb73c7cbd890479
SNAPSHOT va=0x10000260000 size=0x8000 role=unnamed-descriptor-candidate captured=1 cap=0x8000 got=0x8000 tries=1 sha256=c35020473aed1b4642cd726cad727b63fff2824ad68cedd7ffb73c7cbd890479
SNAPSHOT va=0x10000270000 size=0x8000 role=unnamed-descriptor-candidate captured=1 cap=0x8000 got=0x8000 tries=1 sha256=c35020473aed1b4642cd726cad727b63fff2824ad68cedd7ffb73c7cbd890479
SNAPSHOT va=0x10000280000 size=0x8000 role=unnamed-descriptor-candidate captured=1 cap=0x8000 got=0x8000 tries=1 sha256=c35020473aed1b4642cd726cad727b63fff2824ad68cedd7ffb73c7cbd890479
SNAPSHOT va=0x10000290000 size=0xc0000 role=unnamed-descriptor-candidate captured=0 cap=0x8000 got=0x8000 tries=1 sha256=c35020473aed1b4642cd726cad727b63fff2824ad68cedd7ffb73c7cbd890479
CALL class=AGXAcceleratorG16G sel=17 ret=0x0 in_struct=0x0 out_struct=0x0
CALL class=AGXAcceleratorG16G sel=8 ret=0x0 in_struct=0x0 out_struct=0x0
