# EXP-0132 wtrace known_roles=8 unknown_bo_content=HASH_ONLY pointer_following=0 direct_snapshot_entry=wtrace_snapshot_now max_read_tries=40
SERVICE_OPEN class=IOSurfaceRoot type=0
CALL class=IOSurfaceRoot sel=13 ret=0x0 in_struct=0x0 out_struct=0x28
CALL class=IOSurfaceRoot sel=44 ret=0xe00002f0 in_struct=0x0 out_struct=0x0
SERVICE_OPEN class=AGXAcceleratorG16G type=1048581
CALL class=IOSurfaceRoot sel=32 ret=0x0 in_struct=0x0 out_struct=0x0
CALL class=AGXAcceleratorG16G sel=9 ret=0x0 in_struct=0x68 out_struct=0x58
RESOURCE_MAP class=AGXAcceleratorG16G va=0x10000000000 size=0x10000 handle=0 cpu_present=0 outcpu_present=1 known=0
CALL class=AGXAcceleratorG16G sel=9 ret=0x0 in_struct=0x68 out_struct=0x58
RESOURCE_MAP class=AGXAcceleratorG16G va=0x6f00000000 size=0x3800 handle=0 cpu_present=0 outcpu_present=1 known=0
CALL class=AGXAcceleratorG16G sel=9 ret=0x0 in_struct=0x68 out_struct=0x58
RESOURCE_MAP class=AGXAcceleratorG16G va=0x10000018000 size=0x20000 handle=0 cpu_present=0 outcpu_present=1 known=0
CALL class=AGXAcceleratorG16G sel=9 ret=0x0 in_struct=0x68 out_struct=0x58
RESOURCE_MAP class=AGXAcceleratorG16G va=0x10000018000 size=0x20000 handle=0 cpu_present=1 outcpu_present=0 known=0
CALL class=AGXAcceleratorG16G sel=9 ret=0x0 in_struct=0x68 out_struct=0x58
RESOURCE_MAP class=AGXAcceleratorG16G va=0x10000040000 size=0x10000 handle=0 cpu_present=0 outcpu_present=1 known=0
CALL class=AGXAcceleratorG16G sel=9 ret=0x0 in_struct=0x68 out_struct=0x58
RESOURCE_MAP class=AGXAcceleratorG16G va=0x0 size=0x10000 handle=0 cpu_present=0 outcpu_present=1 known=0
CALL class=AGXAcceleratorG16G sel=9 ret=0x0 in_struct=0x68 out_struct=0x58
RESOURCE_MAP class=AGXAcceleratorG16G va=0x10000018200 size=0x20000 handle=0 cpu_present=1 outcpu_present=0 known=1
CALL class=AGXAcceleratorG16G sel=9 ret=0x0 in_struct=0x68 out_struct=0x58
RESOURCE_MAP class=AGXAcceleratorG16G va=0x10000018400 size=0x20000 handle=0 cpu_present=1 outcpu_present=0 known=0
CALL class=AGXAcceleratorG16G sel=9 ret=0x0 in_struct=0x68 out_struct=0x58
RESOURCE_MAP class=AGXAcceleratorG16G va=0x10000018600 size=0x20000 handle=0 cpu_present=1 outcpu_present=0 known=0
CALL class=AGXAcceleratorG16G sel=9 ret=0x0 in_struct=0x68 out_struct=0x58
RESOURCE_MAP class=AGXAcceleratorG16G va=0x10000018700 size=0x20000 handle=0 cpu_present=1 outcpu_present=0 known=0
CALL class=AGXAcceleratorG16G sel=9 ret=0x0 in_struct=0x68 out_struct=0x58
RESOURCE_MAP class=AGXAcceleratorG16G va=0x10000018800 size=0x20000 handle=0 cpu_present=1 outcpu_present=0 known=0
CALL class=AGXAcceleratorG16G sel=9 ret=0x0 in_struct=0x68 out_struct=0x58
RESOURCE_MAP class=AGXAcceleratorG16G va=0x10000018900 size=0x20000 handle=0 cpu_present=1 outcpu_present=0 known=0
CALL class=AGXAcceleratorG16G sel=9 ret=0x0 in_struct=0x68 out_struct=0x58
RESOURCE_MAP class=AGXAcceleratorG16G va=0x10000019900 size=0x20000 handle=0 cpu_present=1 outcpu_present=0 known=0
CALL class=AGXAcceleratorG16G sel=9 ret=0x0 in_struct=0x68 out_struct=0x58
RESOURCE_MAP class=AGXAcceleratorG16G va=0x10000019a00 size=0x20000 handle=0 cpu_present=1 outcpu_present=0 known=0
CALL class=AGXAcceleratorG16G sel=9 ret=0x0 in_struct=0x68 out_struct=0x58
RESOURCE_MAP class=AGXAcceleratorG16G va=0x10000019b00 size=0x20000 handle=0 cpu_present=1 outcpu_present=0 known=0
CALL class=AGXAcceleratorG16G sel=9 ret=0x0 in_struct=0x68 out_struct=0x58
RESOURCE_MAP class=AGXAcceleratorG16G va=0x10000019c00 size=0x20000 handle=0 cpu_present=1 outcpu_present=0 known=0
CALL class=AGXAcceleratorG16G sel=9 ret=0x0 in_struct=0x68 out_struct=0x58
RESOURCE_MAP class=AGXAcceleratorG16G va=0x1000001a400 size=0x20000 handle=0 cpu_present=1 outcpu_present=0 known=0
CALL class=AGXAcceleratorG16G sel=9 ret=0x0 in_struct=0x68 out_struct=0x58
RESOURCE_MAP class=AGXAcceleratorG16G va=0x1000001a500 size=0x20000 handle=0 cpu_present=1 outcpu_present=0 known=0
CALL class=AGXAcceleratorG16G sel=9 ret=0x0 in_struct=0x68 out_struct=0x58
RESOURCE_MAP class=AGXAcceleratorG16G va=0x10000058000 size=0x20000 handle=0 cpu_present=0 outcpu_present=1 known=0
CALL class=AGXAcceleratorG16G sel=9 ret=0x0 in_struct=0x68 out_struct=0x58
RESOURCE_MAP class=AGXAcceleratorG16G va=0x10000058000 size=0x20000 handle=0 cpu_present=1 outcpu_present=0 known=0
CALL class=AGXAcceleratorG16G sel=9 ret=0x0 in_struct=0x68 out_struct=0x58
RESOURCE_MAP class=AGXAcceleratorG16G va=0x10000080000 size=0x4080 handle=0 cpu_present=0 outcpu_present=1 known=0
CALL class=AGXAcceleratorG16G sel=9 ret=0x0 in_struct=0x68 out_struct=0x58
RESOURCE_MAP class=AGXAcceleratorG16G va=0x1000001c500 size=0x20000 handle=0 cpu_present=1 outcpu_present=0 known=0
CALL class=AGXAcceleratorG16G sel=7 ret=0x0 in_struct=0x410 out_struct=0x10
CALL class=AGXAcceleratorG16G sel=16 ret=0x0 in_struct=0x0 out_struct=0x10
CALL class=AGXAcceleratorG16G sel=28 ret=0x0 in_struct=0x0 out_struct=0x0
CALL class=AGXAcceleratorG16G sel=14 ret=0x0 in_struct=0x0 out_struct=0x10
CALL class=AGXAcceleratorG16G sel=14 ret=0x0 in_struct=0x0 out_struct=0x10
CALL class=AGXAcceleratorG16G sel=9 ret=0x0 in_struct=0x68 out_struct=0x58
RESOURCE_MAP class=AGXAcceleratorG16G va=0x10000090000 size=0x40000 handle=0 cpu_present=0 outcpu_present=1 known=0
CALL class=AGXAcceleratorG16G sel=9 ret=0x0 in_struct=0x68 out_struct=0x58
RESOURCE_MAP class=AGXAcceleratorG16G va=0x18000 size=0x8000 handle=0 cpu_present=0 outcpu_present=1 known=1
CALL class=AGXAcceleratorG16G sel=9 ret=0x0 in_struct=0x68 out_struct=0x58
RESOURCE_MAP class=AGXAcceleratorG16G va=0x28000 size=0x8000 handle=0 cpu_present=0 outcpu_present=1 known=0
CALL class=AGXAcceleratorG16G sel=9 ret=0x0 in_struct=0x68 out_struct=0x58
RESOURCE_MAP class=AGXAcceleratorG16G va=0x38000 size=0x8000 handle=0 cpu_present=0 outcpu_present=1 known=0
CALL class=AGXAcceleratorG16G sel=9 ret=0x0 in_struct=0x68 out_struct=0x58
RESOURCE_MAP class=AGXAcceleratorG16G va=0x100000d8000 size=0x8000 handle=0 cpu_present=0 outcpu_present=1 known=0
CALL class=AGXAcceleratorG16G sel=9 ret=0x0 in_struct=0x68 out_struct=0x58
RESOURCE_MAP class=AGXAcceleratorG16G va=0x100000e8000 size=0x8000 handle=0 cpu_present=0 outcpu_present=1 known=0
CALL class=AGXAcceleratorG16G sel=9 ret=0x0 in_struct=0x68 out_struct=0x58
RESOURCE_MAP class=AGXAcceleratorG16G va=0x100000f8000 size=0x8000 handle=0 cpu_present=0 outcpu_present=1 known=0
CALL class=AGXAcceleratorG16G sel=9 ret=0x0 in_struct=0x68 out_struct=0x58
RESOURCE_MAP class=AGXAcceleratorG16G va=0x10000108000 size=0x8000 handle=0 cpu_present=0 outcpu_present=1 known=0
CALL class=AGXAcceleratorG16G sel=9 ret=0x0 in_struct=0x68 out_struct=0x58
RESOURCE_MAP class=AGXAcceleratorG16G va=0x10000118000 size=0x100000 handle=0 cpu_present=0 outcpu_present=1 known=0
CALL class=AGXAcceleratorG16G sel=9 ret=0x0 in_struct=0x68 out_struct=0x58
RESOURCE_MAP class=AGXAcceleratorG16G va=0x48000 size=0x8000 handle=0 cpu_present=0 outcpu_present=1 known=0
CALL class=AGXAcceleratorG16G sel=9 ret=0x0 in_struct=0x68 out_struct=0x58
RESOURCE_MAP class=AGXAcceleratorG16G va=0x10000220000 size=0x8000 handle=0 cpu_present=0 outcpu_present=1 known=0
CALL class=AGXAcceleratorG16G sel=9 ret=0x0 in_struct=0x68 out_struct=0x58
RESOURCE_MAP class=AGXAcceleratorG16G va=0x10000230000 size=0x8000 handle=0 cpu_present=0 outcpu_present=1 known=0
CALL class=AGXAcceleratorG16G sel=9 ret=0x0 in_struct=0x68 out_struct=0x58
RESOURCE_MAP class=AGXAcceleratorG16G va=0x10000240000 size=0x8000 handle=0 cpu_present=0 outcpu_present=1 known=0
CALL class=AGXAcceleratorG16G sel=9 ret=0x0 in_struct=0x68 out_struct=0x58
RESOURCE_MAP class=AGXAcceleratorG16G va=0x10000250000 size=0x8000 handle=0 cpu_present=0 outcpu_present=1 known=0
CALL class=AGXAcceleratorG16G sel=9 ret=0x0 in_struct=0x68 out_struct=0x58
RESOURCE_MAP class=AGXAcceleratorG16G va=0x10000260000 size=0x8000 handle=0 cpu_present=0 outcpu_present=1 known=0
CALL class=AGXAcceleratorG16G sel=9 ret=0x0 in_struct=0x68 out_struct=0x58
RESOURCE_MAP class=AGXAcceleratorG16G va=0x58000 size=0x8000 handle=0 cpu_present=0 outcpu_present=1 known=1
CALL class=AGXAcceleratorG16G sel=9 ret=0x0 in_struct=0x68 out_struct=0x58
RESOURCE_MAP class=AGXAcceleratorG16G va=0x68000 size=0x88e0 handle=0 cpu_present=0 outcpu_present=1 known=1
CALL class=AGXAcceleratorG16G sel=9 ret=0x0 in_struct=0x68 out_struct=0x58
RESOURCE_MAP class=AGXAcceleratorG16G va=0x10000270000 size=0xc0000 handle=0 cpu_present=0 outcpu_present=1 known=0
SNAPSHOT va=0x0 size=0x10000 role=unnamed-descriptor-candidate captured=0 cap=0x8000 got=0x8000 tries=1 sha256=509b068ecd4c21a737ef7f976344651fc1ec3139ff4356a2b3b1b37b9e870d2d
SNAPSHOT va=0x18000 size=0x8000 role=vdm-command-state captured=1 cap=0x8000 got=0x8000 tries=1 sha256=d1a6bbf8a074796770443bc22ef9e03feeb519513431c997caee2281fb46915b
SNAPSHOT va=0x28000 size=0x8000 role=unnamed-descriptor-candidate captured=0 cap=0x8000 got=0x8000 tries=1 sha256=c35020473aed1b4642cd726cad727b63fff2824ad68cedd7ffb73c7cbd890479
SNAPSHOT va=0x38000 size=0x8000 role=unnamed-descriptor-candidate captured=0 cap=0x8000 got=0x8000 tries=1 sha256=c35020473aed1b4642cd726cad727b63fff2824ad68cedd7ffb73c7cbd890479
SNAPSHOT va=0x48000 size=0x8000 role=unnamed-descriptor-candidate captured=0 cap=0x8000 got=0x8000 tries=1 sha256=76e983b8f2356ce8cbb86c8ed435cae84f3e6d93d075011e1f6d8e78ef6450e0
SNAPSHOT va=0x58000 size=0x8000 role=fixed-function-render-state captured=1 cap=0x8000 got=0x8000 tries=1 sha256=74def23deb2f7452d540fcc0ac07586dc259809f7116a92a705bb8a6d5e8942c
SNAPSHOT va=0x68000 size=0x88e0 role=tiling-state captured=1 cap=0x88e0 got=0x88e0 tries=1 sha256=fa098bf26875d39b04d11860b717b095719ddc4082e9237ce4a8880e9b490891
SNAPSHOT va=0x6f00000000 size=0x3800 role=unnamed-descriptor-candidate captured=0 cap=0x3800 got=0x3800 tries=1 sha256=90b446c6472fde83a94e15bcef5e4b2ea20522db2c242448f6a825bb2a3f42b1
SNAPSHOT va=0x10000000000 size=0x10000 role=unnamed-descriptor-candidate captured=0 cap=0x8000 got=0x8000 tries=1 sha256=5dcd29f5750c8b59a0b92c11a555ebb56eed8468f148a700a852ff2dee231dbb
SNAPSHOT va=0x10000018000 size=0x20000 role=unnamed-descriptor-candidate captured=0 cap=0x8000 got=0x8000 tries=1 sha256=d4dde4c67a85476c9651c3736f57074449f53250e2668b6a924321eff5705609
SNAPSHOT va=0x10000018200 size=0x20000 role=mrt-attachment-descriptors captured=1 cap=0x20000 got=0x20000 tries=1 sha256=43aab97a91c36702d2617de46e93ef10d1f7699c196d724cbcf9270703ebe569
SNAPSHOT va=0x10000018400 size=0x20000 role=unnamed-descriptor-candidate captured=0 cap=0x8000 got=0x8000 tries=1 sha256=38d775439403ec5b59c0778dee61a988c9ff3d567df6221cfe8609b3224e0c3b
SNAPSHOT va=0x10000018600 size=0x20000 role=unnamed-descriptor-candidate captured=0 cap=0x8000 got=0x8000 tries=1 sha256=20eb49995c4ef8309d81d57fb7202c98966c0713edd3a86543b31d19a3095e01
SNAPSHOT va=0x10000018700 size=0x20000 role=unnamed-descriptor-candidate captured=0 cap=0x8000 got=0x8000 tries=1 sha256=4038702ea494d48701bfe1db92947644d5dee37afab794c692750923c7585139
SNAPSHOT va=0x10000018800 size=0x20000 role=unnamed-descriptor-candidate captured=0 cap=0x8000 got=0x8000 tries=1 sha256=324d41be56ba8ed04b67442a8e452e66bf41a331a33a193e3e7633a77307019f
SNAPSHOT va=0x10000018900 size=0x20000 role=unnamed-descriptor-candidate captured=0 cap=0x8000 got=0x8000 tries=1 sha256=0c83d5b7211c16e2ec3756360f4390ffddbab99be724996cf8d22c1daf3a0f8c
SNAPSHOT va=0x10000019900 size=0x20000 role=unnamed-descriptor-candidate captured=0 cap=0x8000 got=0x8000 tries=1 sha256=13ba332de56ad6eddea358267aee8d277bb1887c709445837d2930cae2b47134
SNAPSHOT va=0x10000019a00 size=0x20000 role=unnamed-descriptor-candidate captured=0 cap=0x8000 got=0x8000 tries=1 sha256=0453b1df18deb54d3efb76a70fdb5a411ba8713fcaf065a30633aff69f9a5cdd
SNAPSHOT va=0x10000019b00 size=0x20000 role=unnamed-descriptor-candidate captured=0 cap=0x8000 got=0x8000 tries=1 sha256=c01b909bedc5fad021a57b775b1b96bd93a74747eb2f598b8cc74551b6ea887c
SNAPSHOT va=0x10000019c00 size=0x20000 role=unnamed-descriptor-candidate captured=0 cap=0x8000 got=0x8000 tries=1 sha256=594742ed0fee39a79a500d1d5e9cc07c0b7445bb2aacb5fc0188feb2ea9d5f1e
SNAPSHOT va=0x1000001a400 size=0x20000 role=unnamed-descriptor-candidate captured=0 cap=0x8000 got=0x8000 tries=1 sha256=250623bb5fa1f11d4ef6ef68ec8e9f3125b20205dbac07f5e64217a0f033df9a
SNAPSHOT va=0x1000001a500 size=0x20000 role=unnamed-descriptor-candidate captured=0 cap=0x8000 got=0x8000 tries=1 sha256=350fcc86d6dda383df23ba29d4c2d978e343459232bb5ea29575c7f78fdf4849
SNAPSHOT va=0x1000001c500 size=0x20000 role=unnamed-descriptor-candidate captured=0 cap=0x8000 got=0x8000 tries=1 sha256=5e7cf0509067b8c0ea50372f5f2f188c34f03756c9e8547c7e26b9e67986af59
SNAPSHOT va=0x10000040000 size=0x10000 role=unnamed-descriptor-candidate captured=1 cap=0x10000 got=0x10000 tries=1 sha256=5314e7cc29982aec4b627dad9781e70e5f6eca176c735d28280405511a3613e3
SNAPSHOT va=0x10000058000 size=0x20000 role=unnamed-descriptor-candidate captured=1 cap=0x20000 got=0x20000 tries=1 sha256=fa43239bcee7b97ca62f007cc68487560a39e19f74f3dde7486db3f98df8e471
SNAPSHOT va=0x10000080000 size=0x4080 role=unnamed-descriptor-candidate captured=1 cap=0x4080 got=0x4080 tries=1 sha256=df4fdfc28d43d038b18066fd745e3f55d17c225f6c8b1f10b9de2110dfe22db0
SNAPSHOT va=0x10000090000 size=0x40000 role=unnamed-descriptor-candidate captured=0 cap=0x8000 got=0x8000 tries=1 sha256=8213655afe18e0234e953235cf942d0ecea59a4d6b32cbe480cffdf0f950e927
SNAPSHOT va=0x100000d8000 size=0x8000 role=unnamed-descriptor-candidate captured=1 cap=0x8000 got=0x8000 tries=1 sha256=1c9681327376b8e58ae6c1f06bf6a6161cc41449ba395048a705df30d6a1ffe1
SNAPSHOT va=0x100000e8000 size=0x8000 role=unnamed-descriptor-candidate captured=1 cap=0x8000 got=0x8000 tries=1 sha256=3c4f882874803ef136b0eea1c62c715759a669a3f979580546a6a9b0049c8722
SNAPSHOT va=0x100000f8000 size=0x8000 role=unnamed-descriptor-candidate captured=1 cap=0x8000 got=0x8000 tries=1 sha256=b4edfc8ff092611acaf7c0686d2a8e4c9a85653e40ae63ad762a7cd6b4b99a61
SNAPSHOT va=0x10000108000 size=0x8000 role=unnamed-descriptor-candidate captured=1 cap=0x8000 got=0x8000 tries=1 sha256=f4d82f2cfbb44c2854233d7268367532e919d1e7687f437ae438e7477aa0c6bc
SNAPSHOT va=0x10000118000 size=0x100000 role=unnamed-descriptor-candidate captured=0 cap=0x8000 got=0x8000 tries=1 sha256=4b34af25711f378b25134071bcc8b642c441051e61024cac40b9bbd603d77eba
SNAPSHOT va=0x10000220000 size=0x8000 role=unnamed-descriptor-candidate captured=1 cap=0x8000 got=0x8000 tries=1 sha256=6e73a999e97199317e58a5b7f716c9f2abc8a4a271e3eab4e3101d1f79901a19
SNAPSHOT va=0x10000230000 size=0x8000 role=unnamed-descriptor-candidate captured=1 cap=0x8000 got=0x8000 tries=1 sha256=c35020473aed1b4642cd726cad727b63fff2824ad68cedd7ffb73c7cbd890479
SNAPSHOT va=0x10000240000 size=0x8000 role=unnamed-descriptor-candidate captured=1 cap=0x8000 got=0x8000 tries=1 sha256=c35020473aed1b4642cd726cad727b63fff2824ad68cedd7ffb73c7cbd890479
SNAPSHOT va=0x10000250000 size=0x8000 role=unnamed-descriptor-candidate captured=1 cap=0x8000 got=0x8000 tries=1 sha256=c35020473aed1b4642cd726cad727b63fff2824ad68cedd7ffb73c7cbd890479
SNAPSHOT va=0x10000260000 size=0x8000 role=unnamed-descriptor-candidate captured=1 cap=0x8000 got=0x8000 tries=1 sha256=c35020473aed1b4642cd726cad727b63fff2824ad68cedd7ffb73c7cbd890479
SNAPSHOT va=0x10000270000 size=0xc0000 role=unnamed-descriptor-candidate captured=0 cap=0x8000 got=0x8000 tries=1 sha256=c35020473aed1b4642cd726cad727b63fff2824ad68cedd7ffb73c7cbd890479
CALL class=AGXAcceleratorG16G sel=17 ret=0x0 in_struct=0x0 out_struct=0x0
CALL class=AGXAcceleratorG16G sel=8 ret=0x0 in_struct=0x0 out_struct=0x0
