
=== copy1  (main 36B) ===
  main: 1ca010066710440001012000510100404600e7005600000121001100009011000e000000
    [  0] get_sr     1ca01006
    [  4] dev_load   6710440001012000510100404600
    [ 18] dev_store  e700560000012100110000901100
    [ 32] stop       0e000000
  SUMMARY: dev_load x1, dev_store x1, other=[]

=== off1  (main 46B) ===
  main: 1ca010069f1154000202088811046700440001802000510100404600e7005600000121001100009011000e000000
    [  0] get_sr     1ca01006
    [  4] op9f       9f115400020208881104
    [ 14] dev_load   6700440001802000510100404600
    [ 28] dev_store  e700560000012100110000901100
    [ 42] stop       0e000000
  SUMMARY: dev_load x1, dev_store x1, other=['op9f']

=== off2  (main 46B) ===
  main: 1ca010069f1154000204088811046700440001802000510100404600e7005600000121001100009011000e000000
    [  0] get_sr     1ca01006
    [  4] op9f       9f115400020408881104
    [ 14] dev_load   6700440001802000510100404600
    [ 28] dev_store  e700560000012100110000901100
    [ 42] stop       0e000000
  SUMMARY: dev_load x1, dev_store x1, other=['op9f']

=== off4  (main 46B) ===
  main: 1ca010069f1154000208088811046700440001802000510100404600e7005600000121001100009011000e000000
    [  0] get_sr     1ca01006
    [  4] op9f       9f115400020808881104
    [ 14] dev_load   6700440001802000510100404600
    [ 28] dev_store  e700560000012100110000901100
    [ 42] stop       0e000000
  SUMMARY: dev_load x1, dev_store x1, other=['op9f']

=== str2  (main 46B) ===
  main: 1ca010069f115400020008c810046700440001802000510100404600e7005600000121001100009011000e000000
    [  0] get_sr     1ca01006
    [  4] op9f       9f115400020008c81004
    [ 14] dev_load   6700440001802000510100404600
    [ 28] dev_store  e700560000012100110000901100
    [ 42] stop       0e000000
  SUMMARY: dev_load x1, dev_store x1, other=['op9f']

=== str4  (main 46B) ===
  main: 1ca010069f1154000200088810146700440001802000510100404600e7005600000121001100009011000e000000
    [  0] get_sr     1ca01006
    [  4] op9f       9f115400020008881014
    [ 14] dev_load   6700440001802000510100404600
    [ 28] dev_store  e700560000012100110000901100
    [ 42] stop       0e000000
  SUMMARY: dev_load x1, dev_store x1, other=['op9f']

=== offn  (main 46B) ===
  main: 1ca010069f115400021808a813046700440001802000510100404600e7005600000121001100009011000e000000
    [  0] get_sr     1ca01006
    [  4] op9f       9f115400021808a81304
    [ 14] dev_load   6700440001802000510100404600
    [ 28] dev_store  e700560000012100110000901100
    [ 42] stop       0e000000
  SUMMARY: dev_load x1, dev_store x1, other=['op9f']

=== ld_char  (main 58B) ===
  main: 1ca0100667104400010120006101004042002700560003006000f0110100a7015400020060786200e7005400000121001100009011000e000000
    [  0] get_sr     1ca01006
    [  4] dev_load   6710440001012000610100404200
    [ 18] op27       2700560003006000
    [ 26] ?          f011
    [ 28] ?          0100
    [ 30] opa7       a7015400020060786200
    [ 40] dev_store  e700540000012100110000901100
    [ 54] stop       0e000000
  SUMMARY: dev_load x1, dev_store x1, other=['?', 'op27', 'opa7']

=== ld_uchar  (main 40B) ===
  main: 0ca01006671044020100200061010040420013000001e7005602000021001100009011000e000000
    [  0] get_sr     0ca01006
    [  4] dev_load   6710440201002000610100404200
    [ 18] ?          1300
    [ 20] ?          0001
    [ 22] dev_store  e700560200002100110000901100
    [ 36] stop       0e000000
  SUMMARY: dev_load x1, dev_store x1, other=['?']

=== ld_short  (main 46B) ===
  main: 1ca0100667104400010120004101004044009f015600020000081303e7005400000121001100009011000e000000
    [  0] get_sr     1ca01006
    [  4] dev_load   6710440001012000410100404400
    [ 18] op9f       9f015600020000081303
    [ 28] dev_store  e700540000012100110000901100
    [ 42] stop       0e000000
  SUMMARY: dev_load x1, dev_store x1, other=['op9f']

=== ld_ushort  (main 40B) ===
  main: 0ca01006671044020100200041010040440013000001e7005602000021001100009011000e000000
    [  0] get_sr     0ca01006
    [  4] dev_load   6710440201002000410100404400
    [ 18] ?          1300
    [ 20] ?          0001
    [ 22] dev_store  e700560200002100110000901100
    [ 36] stop       0e000000
  SUMMARY: dev_load x1, dev_store x1, other=['?']

=== ld_long  (main 36B) ===
  main: 2ca010066710440001022000590100404800e7005600000221001900001012000e000000
    [  0] get_sr     2ca01006
    [  4] dev_load   6710440001022000590100404800
    [ 18] dev_store  e700560000022100190000101200
    [ 32] stop       0e000000
  SUMMARY: dev_load x1, dev_store x1, other=[]

=== st_char  (main 36B) ===
  main: 1ca010066710440001012000510100404600e7005600000121002100009010000e000000
    [  0] get_sr     1ca01006
    [  4] dev_load   6710440001012000510100404600
    [ 18] dev_store  e700560000012100210000901000
    [ 32] stop       0e000000
  SUMMARY: dev_load x1, dev_store x1, other=[]

=== st_short  (main 36B) ===
  main: 0ca010066710440201002000410100404600e7005602000021000100001011000e000000
    [  0] get_sr     0ca01006
    [  4] dev_load   6710440201002000410100404600
    [ 18] dev_store  e700560200002100010000101100
    [ 32] stop       0e000000
  SUMMARY: dev_load x1, dev_store x1, other=[]

=== copyf  (main 36B) ===
  main: 1ca010066710440001012000510100404600e7005600000121001100009011000e000000
    [  0] get_sr     1ca01006
    [  4] dev_load   6710440001012000510100404600
    [ 18] dev_store  e700560000012100110000901100
    [ 32] stop       0e000000
  SUMMARY: dev_load x1, dev_store x1, other=[]

=== vec2  (main 36B) ===
  main: 2ca010066710440001022000590100404800e7005600000221001900001012000e000000
    [  0] get_sr     2ca01006
    [  4] dev_load   6710440001022000590100404800
    [ 18] dev_store  e700560000022100190000101200
    [ 32] stop       0e000000
  SUMMARY: dev_load x1, dev_store x1, other=[]

=== vec3  (main 36B) ===
  main: 3ca0100667104400010320005d0100404000e7005600000321001d00001010000e000000
    [  0] get_sr     3ca01006
    [  4] dev_load   67104400010320005d0100404000
    [ 18] dev_store  e7005600000321001d0000101000
    [ 32] stop       0e000000
  SUMMARY: dev_load x1, dev_store x1, other=[]

=== vec4  (main 36B) ===
  main: 4ca010066710440001042000570100404000e7005600000421001700001010000e000000
    [  0] get_sr     4ca01006
    [  4] dev_load   6710440001042000570100404000
    [ 18] dev_store  e700560000042100170000101000
    [ 32] stop       0e000000
  SUMMARY: dev_load x1, dev_store x1, other=[]

=== vec2i  (main 36B) ===
  main: 2ca010066710440001022000590100404800e7005600000221001900001012000e000000
    [  0] get_sr     2ca01006
    [  4] dev_load   6710440001022000590100404800
    [ 18] dev_store  e700560000022100190000101200
    [ 32] stop       0e000000
  SUMMARY: dev_load x1, dev_store x1, other=[]

=== vec4i  (main 36B) ===
  main: 4ca010066710440001042000570100404000e7005600000421001700001010000e000000
    [  0] get_sr     4ca01006
    [  4] dev_load   6710440001042000570100404000
    [ 18] dev_store  e700560000042100170000101000
    [ 32] stop       0e000000
  SUMMARY: dev_load x1, dev_store x1, other=[]

=== tg_copy  (main 74B) ===
  main: 1ca01006671044000101200051010040460024a410a6e7025600080800004402003002000704546109006702540008088000440d00c00800e7005600000121001100009011000e000000
    [  0] get_sr     1ca01006
    [  4] dev_load   6710440001012000510100404600
    [ 18] ?          24a4
    [ 20] ?          10a6
    [ 22] dev_store  e702560008080000440200300200
    [ 36] ?          0704
    [ 38] ?          5461
    [ 40] op09       0900670254000808
    [ 48] ?          8000
    [ 50] ?          440d
    [ 52] ?          00c0
    [ 54] ?          0800
    [ 56] dev_store  e700560000012100110000901100
    [ 70] stop       0e000000
  SUMMARY: dev_load x1, dev_store x2, other=['?', 'op09']

=== tg_shift  (main 348B) ===
  main: 4ca010066710440a01042000110000404600c4a41026849810469f21540c030260081104a707541203188e2027075402032496080200a747540e032086201f015404031808a81505af005402031c024820001f0154140308062811010293270b861400028004a70754060300ac6029832193270754000308960802009985360f81120208b9833107a707540603008e2019033e13801619032c08100229053c07000819033805270754020304b44803009f015400030008b0160d830020019f00540403004200e0200a009f00540203044034502b2a002a8d3505228105002080228025832281850020801280350386058700800412022d802680070222811f0154000300082817059f0054020300400450220a001f01540203180aa81505020d1f10820c05008002e712540a083080004402003002000704546109006702540008008000440d00c00800e7005600000421001100009011000e000000
    [  0] get_sr     4ca01006
    [  4] dev_load   6710440a01042000110000404600
    [ 18] ?          c4a4
    [ 20] ?          1026
    [ 22] ?          8498
    [ 24] ?          1046
    [ 26] op9f       9f21540c030260081104
    [ 36] opa7       a707541203188e202707
    [ 46] ?          5402
    [ 48] ?          0324
    [ 50] ?          9608
    [ 52] op02       0200a747540e
    [ 58] ?          0320
    [ 60] ?          8620
    [ 62] op1f       1f015404031808a81505
    [ 72] ?          af00
    [ 74] ?          5402
    [ 76] ?          031c
    [ 78] op02       024820001f01
    [ 84] ?          5414
    [ 86] ?          0308
    [ 88] ?          0628
    [ 90] ?          1101
    [ 92] op02       0293270b8614
    [ 98] ?          0002
    [100] ?          8004
    [102] opa7       a70754060300ac602983
    [112] ?          2193
    [114] op27       2707540003089608
    [122] op02       02009985360f
    [128] ?          8112
    [130] op02       0208b9833107
    [136] opa7       a707540603008e201903
    [146] ?          3e13
    [148] ?          8016
    [150] op19       19032c081002
    [156] op29       29053c070008
    [162] op19       190338052707
    [168] ?          5402
    [170] ?          0304
    [172] ?          b448
    [174] ?          0300
    [176] op9f       9f015400030008b0160d
    [186] ?          8300
    [188] ?          2001
    [190] op9f       9f00540403004200e0200a00
    [202] op9f       9f00540203044034502b2a00
    [214] ?          2a8d
    [216] ?          3505
    [218] ?          2281
    [220] op05       05002080
    [224] ?          2280
    [226] ?          2583
    [228] ?          2281
    [230] ?          8500
    [232] ?          2080
    [234] op12       128035038605
    [240] ?          8700
    [242] ?          8004
    [244] op12       12022d802680070222811f015400
    [258] ?          0300
    [260] ?          0828
    [262] ?          1705
    [264] op9f       9f0054020300400450220a00
    [276] op1f       1f01540203180aa81505
    [286] op02       020d1f10820c
    [292] op05       05008002
    [296] dev_store  e712540a08308000440200300200
    [310] ?          0704
    [312] ?          5461
    [314] op09       0900670254000800
    [322] ?          8000
    [324] ?          440d
    [326] ?          00c0
    [328] ?          0800
    [330] dev_store  e700560000042100110000901100
    [344] stop       0e000000
  SUMMARY: dev_load x1, dev_store x2, other=['?', 'op02', 'op05', 'op09', 'op12', 'op19', 'op1f', 'op27', 'op29', 'op9f', 'opa7']

=== tg_shift1  (main 94B) ===
  main: 1ca01006671044000101200051010040460024a414069f11540403021400110423040fbf100200000000e7025600080a80004402003002000704546109006702540008088000440d00c00800e7005600000121001100009011000e000000
    [  0] get_sr     1ca01006
    [  4] dev_load   6710440001012000510100404600
    [ 18] ?          24a4
    [ 20] ?          1406
    [ 22] op9f       9f115404030214001104
    [ 32] ?          2304
    [ 34] ?          0fbf
    [ 36] ?          1002
    [ 38] ?          0000
    [ 40] ?          0000
    [ 42] dev_store  e7025600080a8000440200300200
    [ 56] ?          0704
    [ 58] ?          5461
    [ 60] op09       0900670254000808
    [ 68] ?          8000
    [ 70] ?          440d
    [ 72] ?          00c0
    [ 74] ?          0800
    [ 76] dev_store  e700560000012100110000901100
    [ 90] stop       0e000000
  SUMMARY: dev_load x1, dev_store x2, other=['?', 'op09', 'op9f']

=== const_copy  (main 36B) ===
  main: 1ca010066710440001012000510100404600e7005600000121001100009011000e000000
    [  0] get_sr     1ca01006
    [  4] dev_load   6710440001012000510100404600
    [ 18] dev_store  e700560000012100110000901100
    [ 32] stop       0e000000
  SUMMARY: dev_load x1, dev_store x1, other=[]

=== const_idx  (main 46B) ===
  main: 1ca010069f115400021808a813046700440001802000510100404600e7005600000121001100009011000e000000
    [  0] get_sr     1ca01006
    [  4] op9f       9f115400021808a81304
    [ 14] dev_load   6700440001802000510100404600
    [ 28] dev_store  e700560000012100110000901100
    [ 42] stop       0e000000
  SUMMARY: dev_load x1, dev_store x1, other=['op9f']

=== scalaru  (main 46B) ===
  main: 1ca0100667104400010120005101004046009f015600021800a81704e7005400000121001100009011000e000000
    [  0] get_sr     1ca01006
    [  4] dev_load   6710440001012000510100404600
    [ 18] op9f       9f015600021800a81704
    [ 28] dev_store  e700540000012100110000901100
    [ 42] stop       0e000000
  SUMMARY: dev_load x1, dev_store x1, other=['op9f']

=== atomic_add  (main 68B) ===
  main: 0ca010066710440001802000510100404600bf01560002001403149510060a022b800600072202000f05540167015400000000000040000020000f06040100000e000000
    [  0] get_sr     0ca01006
    [  4] dev_load   6710440001802000510100404600
    [ 18] ?          bf01
    [ 20] ?          5600
    [ 22] op02       020014031495
    [ 28] ?          1006
    [ 30] op0a       0a022b800600
    [ 36] ?          0722
    [ 38] op02       02000f055401
    [ 44] dev_load   6701540000000000004000002000
    [ 58] ?          0f06
    [ 60] ?          0401
    [ 62] ?          0000
    [ 64] stop       0e000000
  SUMMARY: dev_load x2, dev_store x0, other=['?', 'op02', 'op0a']
