
==========================================================================
M1  offset via prior ALU (element addressing), load has no offset field  [off1: a[gid+1]]
==========================================================================
  main: 1ca010069f1154000202088811046700440001802000510100404600e7005600000121001100009011000e000000
  a=[0, 10, 20, 30, 40, 50, 60, 70, 80, 90, 100, 110, 120, 130, 140, 150]
  baseline out (expect a[1..8]=[10..80]) = [10, 20, 30, 40, 50, 60, 70, 80] [OK]
  op9f iadd bytes main[4:14]=9f115400020208881104  imm(main[9])=0x02 (=1<<1 for +1)
  splice main[9]=0x00 (k=0 -> a[gid] ) -> [0, 10, 20, 30, 40, 50, 60, 70] [OK]
  splice main[9]=0x02 (k=1 (orig)    ) -> [10, 20, 30, 40, 50, 60, 70, 80] [OK]
  splice main[9]=0x04 (k=2           ) -> [20, 30, 40, 50, 60, 70, 80, 90] [OK]
  splice main[9]=0x08 (k=4           ) -> [40, 50, 60, 70, 80, 90, 100, 110] [OK]

==========================================================================
M2  access-size field (device load +12)  [copy1: out=a[gid], vary load size]
==========================================================================
  device_load at main[4] = 6710440001012000510100404600  (+12=main[16]=0x46, +8=0x51)
  a(hex)=['0x11223301', '0x11223302', '0x11223303', '0x11223304', '0x11223305', '0x11223306', '0x11223307', '0x11223308']
  baseline (32-bit) out = ['0x11223301', '0x11223302', '0x11223303', '0x11223304', '0x11223305', '0x11223306', '0x11223307', '0x11223308'] [OK]
  splice +12 0x46->0x42 (8-bit ) -> ['0x11223301', '0x11223301', '0x11223301', '0x11223301', '0x11223302', '0x11223302', '0x11223302', '0x11223302'] [OK]
  splice +12 0x46->0x44 (16-bit) -> ['0x11223301', '0x11223301', '0x11223302', '0x11223302', '0x11223303', '0x11223303', '0x11223304', '0x11223304'] [OK]
  splice +12 0x46->0x48 (64-bit) -> ['0x11223301', '0x11223303', '0x11223305', '0x11223307', '0x00000000', '0x00000000', '0x00000000', '0x00000000'] [OK]
  splice +8=61,+12=42 (full ld_char form) -> ['0x00000001', '0x00000033', '0x00000022', '0x00000011', '0x00000002', '0x00000033', '0x00000022', '0x00000011'] [OK]

==========================================================================
M3  sign vs zero extension (sub-32 loads)  [ld_char vs ld_uchar, byte 0xff etc]
==========================================================================
  [ld_char] load=6710440001012000610100404200 (+3=0x00,+5=0x01)
     out = [1, 2, 127, -128, -127, -2, -1, 0]   (expect signed: [1,2,127,-128,-127,-2,-1,0]) [OK]
  [ld_uchar] load=6710440201002000610100404200 (+3=0x02,+5=0x00)
     out = [1, 2, 127, 128, 129, 254, 255, 0]   (expect unsigned: [1,2,127,128,129,254,255,0]) [OK]
     splice +3->0x00,+5->0x01 (signed form) -> [0, 0, 0, 0, 0, 0, 0, 0] [OK]

==========================================================================
M4  vector width / component count (device load & store +5)  [vec4i: int4 copy]
==========================================================================
  ONE load moves 4 comps: load=6710440001042000570100404000 (+5=0x04=count)  store +5=0x04
  baseline out (full copy 1..32) = [1, 2, 3, 4, 5, 6, 7, 8, 9, 10, 11, 12, 13, 14, 15, 16, 17, 18, 19, 20, 21, 22, 23, 24, 25, 26, 27, 28, 29, 30, 31, 32] [OK]
  splice load +5 0x04->0x01 (count1) -> [1, 2, 3, 4, 1, 2, 3, 4, 1, 2, 3, 4, 1, 2, 3, 4, 1, 2, 3, 4, 1, 2, 3, 4, 1, 2, 3, 4, 1, 2, 3, 4] [OK]
  splice store +5 0x04->0x01 (count1) -> [0, 0, 0, 0, 0, 0, 0, 0, 1, 2, 3, 4, 0, 0, 0, 0, 0, 0, 0, 0, 0, 0, 0, 0, 5, 6, 7, 8, 0, 0, 0, 0] [OK]
  splice load +5 0x04->0x02 (count2) -> [1, 2, 3, 4, 1, 2, 3, 4, 1, 2, 3, 4, 1, 2, 3, 4, 1, 2, 3, 4, 1, 2, 3, 4, 1, 2, 3, 4, 1, 2, 3, 4] [OK]

==========================================================================
M5  threadgroup memory roundtrip + byte+1=0x02 flag  [tg_copy identity, tg_rot8 rotate]
==========================================================================

  [tg_copy] out[gid]=tile[lid]; tile[lid]=a[gid]  (identity)
     [  4] LD b1=0x10[dev] +4=0x01  6710440001012000510100404600
     [ 22] ST b1=0x02[TG] +4=0x08  e702560008080000440200300200
     [ 42] LD b1=0x02[TG] +4=0x08  6702540008088000440d00c00800
     [ 56] ST b1=0x00[dev] +4=0x00  e700560000012100110000901100
     a=[10, 20, 30, 40, 50, 60, 70, 80]
     baseline out = [10, 20, 30, 40, 50, 60, 70, 80] [OK]
     splice TG-store +1 0x02->0x00 (make device) -> [0, 0, 0, 0, 0, 0, 0, 0] [OK]
     splice TG-load  +1 0x02->0x00 (make device) -> [0, 0, 0, 0, 0, 0, 0, 0] [OK]

  [tg_rot8] out[gid]=tile[(lid+1)&7]  (rotate by 1)
     [  4] LD b1=0x10[dev] +4=0x01  6710440001012000510100404600
     [ 42] ST b1=0x02[TG] +4=0x08  e7025600080a8000440200300200
     [ 62] LD b1=0x02[TG] +4=0x08  6702540008088000440d00c00800
     [ 76] ST b1=0x00[dev] +4=0x00  e700560000012100110000901100
     a=[10, 20, 30, 40, 50, 60, 70, 80]
     baseline out = [20, 30, 40, 50, 60, 70, 80, 10] [OK]
     splice TG-store +1 0x02->0x00 (make device) -> [0, 0, 0, 0, 0, 0, 0, 0] [OK]
     splice TG-load  +1 0x02->0x00 (make device) -> [0, 0, 0, 0, 0, 0, 0, 0] [OK]

==========================================================================
M6  constant-address-space read encoding  [const_copy: constant int* a]
==========================================================================
  constant* load = 6710440001012000510100404600  (== device copy1 load? see analysis)
  a=[10, 20, 30, 40, 50, 60, 70, 80]
  baseline out = [10, 20, 30, 40, 50, 60, 70, 80] (expect a) [OK]
  splice load base_slot +4 0x01->0x00 -> [0, 0, 0, 0, 0, 0, 0, 0] [OK] (0=out buf, expect zeros)
