
===== LD field table (byte +0..+13) =====
kernel        +0  +1  +2  +3  +4  +5  +6  +7  +8  +9  +10 +11 +12 +13
copy1         67  10  44  00  01  01  20  00  51  01  00  40  46  00 
copyf         67  10  44  00  01  01  20  00  51  01  00  40  46  00 
const_copy    67  10  44  00  01  01  20  00  51  01  00  40  46  00 
ld_char       67  10  44  00  01  01  20  00  61  01  00  40  42  00 
ld_uchar      67  10  44  02  01  00  20  00  61  01  00  40  42  00 
ld_short      67  10  44  00  01  01  20  00  41  01  00  40  44  00 
ld_ushort     67  10  44  02  01  00  20  00  41  01  00  40  44  00 
ld_long       67  10  44  00  01  02  20  00  59  01  00  40  48  00 
vec2i         67  10  44  00  01  02  20  00  59  01  00  40  48  00 
vec3          67  10  44  00  01  03  20  00  5d  01  00  40  40  00 
vec4i         67  10  44  00  01  04  20  00  57  01  00  40  40  00 
off1          67  00  44  00  01  80  20  00  51  01  00  40  46  00 
str2          67  00  44  00  01  80  20  00  51  01  00  40  46  00 
varying bytes: ['+1', '+3', '+5', '+8', '+12']

===== ST field table (byte +0..+13) =====
kernel        +0  +1  +2  +3  +4  +5  +6  +7  +8  +9  +10 +11 +12 +13
copy1         e7  00  56  00  00  01  21  00  11  00  00  90  11  00 
st_char       e7  00  56  00  00  01  21  00  21  00  00  90  10  00 
st_short      e7  00  56  02  00  00  21  00  01  00  00  10  11  00 
ld_long       e7  00  56  00  00  02  21  00  19  00  00  10  12  00 
vec2i         e7  00  56  00  00  02  21  00  19  00  00  10  12  00 
vec3          e7  00  56  00  00  03  21  00  1d  00  00  10  10  00 
vec4i         e7  00  56  00  00  04  21  00  17  00  00  10  10  00 
varying bytes: ['+3', '+5', '+8', '+11', '+12']

===== tg_copy : all mem ops (byte+1 flags address space) =====
  main: 1ca01006671044000101200051010040460024a410a6e7025600080800004402003002000704546109006702540008088000440d00c00800e7005600000121001100009011000e000000
  [  4] LD  b1=0x10 base_slot(+4)=0x01 [device]  6710440001012000510100404600
  [ 22] ST  b1=0x02 base_slot(+4)=0x08 [THREADGROUP]  e702560008080000440200300200
  [ 42] LD  b1=0x02 base_slot(+4)=0x08 [THREADGROUP]  6702540008088000440d00c00800
  [ 56] ST  b1=0x00 base_slot(+4)=0x00 [device]  e700560000012100110000901100

===== tg_rot8 : all mem ops (byte+1 flags address space) =====
  main: 1ca01006671044000101200051010040460024a414069f11540403021400110423040f87100200000000e7025600080a80004402003002000704546109006702540008088000440d00c00800e7005600000121001100009011000e000000
  [  4] LD  b1=0x10 base_slot(+4)=0x01 [device]  6710440001012000510100404600
  [ 42] ST  b1=0x02 base_slot(+4)=0x08 [THREADGROUP]  e7025600080a8000440200300200
  [ 62] LD  b1=0x02 base_slot(+4)=0x08 [THREADGROUP]  6702540008088000440d00c00800
  [ 76] ST  b1=0x00 base_slot(+4)=0x00 [device]  e700560000012100110000901100
