# EXP-0058 fixed_allowlist=4 unknown_bo_dump=0 pointer_following=0 shader_dump=0 command_mutation=0
SERVICE_OPEN class=IOSurfaceRoot type=0
CALL class=IOSurfaceRoot sel=13 ret=0x0 in_struct=0x0 out_struct=0x28
CALL class=IOSurfaceRoot sel=44 ret=0xe00002f0 in_struct=0x0 out_struct=0x0
SERVICE_OPEN class=AGXAcceleratorG16G type=1048581
CALL class=IOSurfaceRoot sel=32 ret=0x0 in_struct=0x0 out_struct=0x0
CALL class=AGXAcceleratorG16G sel=9 ret=0x0 in_struct=0x68 out_struct=0x58
RESOURCE_MAP class=AGXAcceleratorG16G va=0x10000000000 size=0x10000 handle=0 cpu_present=0 outcpu_present=1 allowlisted=0
CALL class=AGXAcceleratorG16G sel=9 ret=0x0 in_struct=0x68 out_struct=0x58
RESOURCE_MAP class=AGXAcceleratorG16G va=0x6f00000000 size=0x3800 handle=0 cpu_present=0 outcpu_present=1 allowlisted=0
CALL class=AGXAcceleratorG16G sel=9 ret=0x0 in_struct=0x68 out_struct=0x58
RESOURCE_MAP class=AGXAcceleratorG16G va=0x10000018000 size=0x10000 handle=0 cpu_present=0 outcpu_present=1 allowlisted=0
CALL class=AGXAcceleratorG16G sel=9 ret=0x0 in_struct=0x68 out_struct=0x58
RESOURCE_MAP class=AGXAcceleratorG16G va=0x10000030000 size=0x20000 handle=0 cpu_present=0 outcpu_present=1 allowlisted=0
CALL class=AGXAcceleratorG16G sel=9 ret=0x0 in_struct=0x68 out_struct=0x58
RESOURCE_MAP class=AGXAcceleratorG16G va=0x10000030000 size=0x20000 handle=0 cpu_present=1 outcpu_present=0 allowlisted=0
CALL class=AGXAcceleratorG16G sel=9 ret=0x0 in_struct=0x68 out_struct=0x58
RESOURCE_MAP class=AGXAcceleratorG16G va=0x0 size=0x10000 handle=0 cpu_present=0 outcpu_present=1 allowlisted=0
CALL class=AGXAcceleratorG16G sel=9 ret=0x0 in_struct=0x68 out_struct=0x58
RESOURCE_MAP class=AGXAcceleratorG16G va=0x10000030200 size=0x20000 handle=0 cpu_present=1 outcpu_present=0 allowlisted=0
CALL class=AGXAcceleratorG16G sel=9 ret=0x0 in_struct=0x68 out_struct=0x58
RESOURCE_MAP class=AGXAcceleratorG16G va=0x10000030300 size=0x20000 handle=0 cpu_present=1 outcpu_present=0 allowlisted=0
CALL class=AGXAcceleratorG16G sel=9 ret=0x0 in_struct=0x68 out_struct=0x58
RESOURCE_MAP class=AGXAcceleratorG16G va=0x10000031300 size=0x20000 handle=0 cpu_present=1 outcpu_present=0 allowlisted=0
CALL class=AGXAcceleratorG16G sel=9 ret=0x0 in_struct=0x68 out_struct=0x58
RESOURCE_MAP class=AGXAcceleratorG16G va=0x10000031500 size=0x20000 handle=0 cpu_present=1 outcpu_present=0 allowlisted=0
CALL class=AGXAcceleratorG16G sel=9 ret=0x0 in_struct=0x68 out_struct=0x58
RESOURCE_MAP class=AGXAcceleratorG16G va=0x10000031700 size=0x20000 handle=0 cpu_present=1 outcpu_present=0 allowlisted=0
CALL class=AGXAcceleratorG16G sel=7 ret=0x0 in_struct=0x410 out_struct=0x10
CALL class=AGXAcceleratorG16G sel=16 ret=0x0 in_struct=0x0 out_struct=0x10
CALL class=AGXAcceleratorG16G sel=28 ret=0x0 in_struct=0x0 out_struct=0x0
CALL class=AGXAcceleratorG16G sel=9 ret=0x0 in_struct=0x68 out_struct=0x58
RESOURCE_MAP class=AGXAcceleratorG16G va=0x10000031800 size=0x20000 handle=0 cpu_present=1 outcpu_present=0 allowlisted=0
CALL class=AGXAcceleratorG16G sel=9 ret=0x0 in_struct=0x68 out_struct=0x58
RESOURCE_MAP class=AGXAcceleratorG16G va=0x10000031900 size=0x20000 handle=0 cpu_present=1 outcpu_present=0 allowlisted=0
CALL class=AGXAcceleratorG16G sel=9 ret=0x0 in_struct=0x68 out_struct=0x58
RESOURCE_MAP class=AGXAcceleratorG16G va=0x10000031a00 size=0x20000 handle=0 cpu_present=1 outcpu_present=0 allowlisted=0
CALL class=AGXAcceleratorG16G sel=9 ret=0x0 in_struct=0x68 out_struct=0x58
RESOURCE_MAP class=AGXAcceleratorG16G va=0x10000032a00 size=0x20000 handle=0 cpu_present=1 outcpu_present=0 allowlisted=0
CALL class=AGXAcceleratorG16G sel=9 ret=0x0 in_struct=0x68 out_struct=0x58
RESOURCE_MAP class=AGXAcceleratorG16G va=0x10000032b00 size=0x20000 handle=0 cpu_present=1 outcpu_present=0 allowlisted=0
CALL class=AGXAcceleratorG16G sel=9 ret=0x0 in_struct=0x68 out_struct=0x58
RESOURCE_MAP class=AGXAcceleratorG16G va=0x10000032c00 size=0x20000 handle=0 cpu_present=1 outcpu_present=0 allowlisted=0
CALL class=AGXAcceleratorG16G sel=9 ret=0x0 in_struct=0x68 out_struct=0x58
RESOURCE_MAP class=AGXAcceleratorG16G va=0x10000032d00 size=0x20000 handle=0 cpu_present=1 outcpu_present=0 allowlisted=0
CALL class=AGXAcceleratorG16G sel=9 ret=0x0 in_struct=0x68 out_struct=0x58
RESOURCE_MAP class=AGXAcceleratorG16G va=0x10000033500 size=0x20000 handle=0 cpu_present=1 outcpu_present=0 allowlisted=0
CALL class=AGXAcceleratorG16G sel=9 ret=0x0 in_struct=0x68 out_struct=0x58
RESOURCE_MAP class=AGXAcceleratorG16G va=0x10000033600 size=0x20000 handle=0 cpu_present=1 outcpu_present=0 allowlisted=0
CALL class=AGXAcceleratorG16G sel=9 ret=0x0 in_struct=0x68 out_struct=0x58
RESOURCE_MAP class=AGXAcceleratorG16G va=0x10000058000 size=0x20000 handle=0 cpu_present=0 outcpu_present=1 allowlisted=0
CALL class=AGXAcceleratorG16G sel=9 ret=0x0 in_struct=0x68 out_struct=0x58
RESOURCE_MAP class=AGXAcceleratorG16G va=0x10000058000 size=0x20000 handle=0 cpu_present=1 outcpu_present=0 allowlisted=0
CALL class=AGXAcceleratorG16G sel=14 ret=0x0 in_struct=0x0 out_struct=0x10
CALL class=AGXAcceleratorG16G sel=14 ret=0x0 in_struct=0x0 out_struct=0x10
CALL class=AGXAcceleratorG16G sel=9 ret=0x0 in_struct=0x68 out_struct=0x58
RESOURCE_MAP class=AGXAcceleratorG16G va=0x10000080000 size=0x74000 handle=0 cpu_present=0 outcpu_present=1 allowlisted=0
CALL class=AGXAcceleratorG16G sel=9 ret=0x0 in_struct=0x68 out_struct=0x58
RESOURCE_MAP class=AGXAcceleratorG16G va=0x18000 size=0x8000 handle=0 cpu_present=0 outcpu_present=1 allowlisted=1
CALL class=AGXAcceleratorG16G sel=9 ret=0x0 in_struct=0x68 out_struct=0x58
RESOURCE_MAP class=AGXAcceleratorG16G va=0x28000 size=0x8000 handle=0 cpu_present=0 outcpu_present=1 allowlisted=0
CALL class=AGXAcceleratorG16G sel=9 ret=0x0 in_struct=0x68 out_struct=0x58
RESOURCE_MAP class=AGXAcceleratorG16G va=0x38000 size=0x8000 handle=0 cpu_present=0 outcpu_present=1 allowlisted=0
CALL class=AGXAcceleratorG16G sel=9 ret=0x0 in_struct=0x68 out_struct=0x58
RESOURCE_MAP class=AGXAcceleratorG16G va=0x100000f8000 size=0x8000 handle=0 cpu_present=0 outcpu_present=1 allowlisted=0
CALL class=AGXAcceleratorG16G sel=9 ret=0x0 in_struct=0x68 out_struct=0x58
RESOURCE_MAP class=AGXAcceleratorG16G va=0x10000108000 size=0x8000 handle=0 cpu_present=0 outcpu_present=1 allowlisted=0
CALL class=AGXAcceleratorG16G sel=9 ret=0x0 in_struct=0x68 out_struct=0x58
RESOURCE_MAP class=AGXAcceleratorG16G va=0x10000118000 size=0x8000 handle=0 cpu_present=0 outcpu_present=1 allowlisted=0
CALL class=AGXAcceleratorG16G sel=9 ret=0x0 in_struct=0x68 out_struct=0x58
RESOURCE_MAP class=AGXAcceleratorG16G va=0x10000128000 size=0x8000 handle=0 cpu_present=0 outcpu_present=1 allowlisted=0
CALL class=AGXAcceleratorG16G sel=9 ret=0x0 in_struct=0x68 out_struct=0x58
RESOURCE_MAP class=AGXAcceleratorG16G va=0x10000138000 size=0x100000 handle=0 cpu_present=0 outcpu_present=1 allowlisted=0
CALL class=AGXAcceleratorG16G sel=9 ret=0x0 in_struct=0x68 out_struct=0x58
RESOURCE_MAP class=AGXAcceleratorG16G va=0x48000 size=0x8000 handle=0 cpu_present=0 outcpu_present=1 allowlisted=0
CALL class=AGXAcceleratorG16G sel=9 ret=0x0 in_struct=0x68 out_struct=0x58
RESOURCE_MAP class=AGXAcceleratorG16G va=0x10000240000 size=0x8000 handle=0 cpu_present=0 outcpu_present=1 allowlisted=0
CALL class=AGXAcceleratorG16G sel=9 ret=0x0 in_struct=0x68 out_struct=0x58
RESOURCE_MAP class=AGXAcceleratorG16G va=0x10000250000 size=0x8000 handle=0 cpu_present=0 outcpu_present=1 allowlisted=0
CALL class=AGXAcceleratorG16G sel=9 ret=0x0 in_struct=0x68 out_struct=0x58
RESOURCE_MAP class=AGXAcceleratorG16G va=0x10000260000 size=0x8000 handle=0 cpu_present=0 outcpu_present=1 allowlisted=0
CALL class=AGXAcceleratorG16G sel=9 ret=0x0 in_struct=0x68 out_struct=0x58
RESOURCE_MAP class=AGXAcceleratorG16G va=0x10000270000 size=0x8000 handle=0 cpu_present=0 outcpu_present=1 allowlisted=0
CALL class=AGXAcceleratorG16G sel=9 ret=0x0 in_struct=0x68 out_struct=0x58
RESOURCE_MAP class=AGXAcceleratorG16G va=0x10000280000 size=0x8000 handle=0 cpu_present=0 outcpu_present=1 allowlisted=0
CALL class=AGXAcceleratorG16G sel=9 ret=0x0 in_struct=0x68 out_struct=0x58
RESOURCE_MAP class=AGXAcceleratorG16G va=0x58000 size=0x8000 handle=0 cpu_present=0 outcpu_present=1 allowlisted=0
CALL class=AGXAcceleratorG16G sel=9 ret=0x0 in_struct=0x68 out_struct=0x58
RESOURCE_MAP class=AGXAcceleratorG16G va=0x68000 size=0x88e0 handle=0 cpu_present=0 outcpu_present=1 allowlisted=0
CALL class=AGXAcceleratorG16G sel=9 ret=0x0 in_struct=0x68 out_struct=0x58
RESOURCE_MAP class=AGXAcceleratorG16G va=0x10000290000 size=0xc0000 handle=0 cpu_present=0 outcpu_present=1 allowlisted=0
ALLOWLIST_DUMP va=0x18000 alloc=0x8000 cap=0x8000 got=0x8000 role=vdm-segment-0 kr=0x0
CALL class=AGXAcceleratorG16G sel=17 ret=0x0 in_struct=0x0 out_struct=0x0
CALL class=AGXAcceleratorG16G sel=8 ret=0x0 in_struct=0x0 out_struct=0x0
