KERNEL astype_h2u
STATUS OK
MAIN 1ca010066710440000012000510100404600e7005600010121001100009011000e000000
CONST 030007000200000060000e0000000600060006000600060006000600060006000600060006000600060006000600060006000600060006000600060006000600
ENDK
KERNEL astype_u2h
STATUS OK
MAIN 1ca010066710440000012000490100404600e7005600010121000900009011000e000000
CONST 030007000200000060000e0000000600060006000600060006000600060006000600060006000600060006000600060006000600060006000600060006000600
ENDK
KERNEL clamp_i
STATUS OK
MAIN 1ca0100667105404000120005101004046006700540601012000510100404600670044000201200011000040460022053e0706c002051e010720e7005400030121001100009011000e000000
CONST 030007000200000060000e0000000600060006000600060006000600060006000600060006000600060006000600060006000600060006000600060006000600
ENDK
KERNEL clamp_u
STATUS OK
MAIN 1ca0100667105404000120005101004046006700540601012000510100404600670044000201200011000040460022053e0704c002051e010520e7005400030121001100009011000e000000
CONST 030007000200000060000e0000000600060006000600060006000600060006000600060006000600060006000600060006000600060006000600060006000600
ENDK
KERNEL clz_i
STATUS OK
MAIN 1ca010066710440000012000510100404600a705560403004e041f015404033e1088150402010f8026a007028004e7005400010121001100009011000e000000
CONST 030007000200000060000e0000000600060006000600060006000600060006000600060006000600060006000600060006000600060006000600060006000600
ENDK
KERNEL clz_u
STATUS OK
MAIN 1ca010066710440000012000510100404600a705560403004e041f015404033e1088150402010f8026a007028004e7005400010121001100009011000e000000
CONST 030007000200000060000e0000000600060006000600060006000600060006000600060006000600060006000600060006000600060006000600060006000600
ENDK
KERNEL ctz_i
STATUS OK
MAIN 1ca0100667104400000120005101004046001f0156040300062811012b052e810200000000002705540403085c0402010f8026a007028004e7005400010121001100009011000e000000
CONST 030007000200000060000e0000000600060006000600060006000600060006000600060006000600060006000600060006000600060006000600060006000600
ENDK
KERNEL ctz_u
STATUS OK
MAIN 1ca0100667104400000120005101004046001f0156040300062811012b052e810200000000002705540403085c0402010f8026a007028004e7005400010121001100009011000e000000
CONST 030007000200000060000e0000000600060006000600060006000600060006000600060006000600060006000600060006000600060006000600060006000600
ENDK
KERNEL extr_s_imm
STATUS OK
MAIN 1ca010066710440400012000510100404600a700560003081200f010810022052f08260a060220809f015400020800a81705e7005400010121001100009011000e000000
CONST 030007000200000060000e0000000600060006000600060006000600060006000600060006000600060006000600060006000600060006000600060006000600
ENDK
KERNEL extr_s_var
STATUS OK
MAIN 1ca01006671054000001200051010040460067005408010120005101004046006700440402012000110000404600a700560603002200f01205002710540803201004f01104001f01540a0308062811012700540a03022800d01204003b072e890200000000004287370b248006004b093c0702050fa084080702e7005400030121001100009011000e000000
CONST 030007000200000060000e0000000600060006000600060006000600060006000600060006000600060006000600060006000600060006000600060006000600
ENDK
KERNEL extr_u_imm
STATUS OK
MAIN 1ca010066710440000012000510100404600a700560002001000f0118100e7005400010121001100009011000e000000
CONST 030007000200000060000e0000000600060006000600060006000600060006000600060006000600060006000600060006000600060006000600060006000600
ENDK
KERNEL extr_u_var
STATUS OK
MAIN 1ca01006671054000001200051010040460067005408010120005101004046006700440402012000110000404600a700560603002200f01205002710540803201004f01104004b073e0902000000000002050fa084080702e7005400030121001100009011000e000000
CONST 030007000200000060000e0000000600060006000600060006000600060006000600060006000600060006000600060006000600060006000600060006000600
ENDK
KERNEL funnel_manual
STATUS OK
MAIN 1ca010066710540602012000510100404600670054080001200011000040460067004404010120005100004046000b87279f1002008000001f0154060300180015042710540003100000f01305003b072f9f100200000000a720540403081800f01305000b051c01e7005400030121001100009011000e000000
CONST 030007000200000060000e0000000600060006000600060006000600060006000600060006000600060006000600060006000600060006000600060006000600
ENDK
KERNEL half2_add
STATUS OK
MAIN 0ca010066710540200002000490100404600670044040100200049010040460010021c0400c018031805e7005402020021000900009011000e000000
CONST 030007000200000060000e0000000600060006000600060006000600060006000600060006000600060006000600060006000600060006000600060006000600
ENDK
KERNEL half2_mul
STATUS OK
MAIN 0ca010066710540200002000490100404600670044040100200049010040460010021d0400c018031905e7005402020021000900009011000e000000
CONST 030007000200000060000e0000000600060006000600060006000600060006000600060006000600060006000600060006000600060006000600060006000600
ENDK
KERNEL half_add
STATUS OK
MAIN 0ca010066710540200002000410100404400670044030100200041010040440010021c0300c0e7005402020021000100001011000e000000
CONST 030007000200000060000e0000000600060006000600060006000600060006000600060006000600060006000600060006000600060006000600060006000600
ENDK
KERNEL insert_imm
STATUS OK
MAIN 1ca01006671054000001200051010040460067004404010120001100004046000b013ef90202008000002b052f9f1022000000009f015400020010e81615e7005400020121001100009011000e000000
CONST 030007000200000060000e0000000600060006000600060006000600060006000600060006000600060006000600060006000600060006000600060006000600
ENDK
KERNEL insert_var
STATUS OK
MAIN 1ca0100667105404030120005101004046006700540a02012000110000404600670054000101200051000040460067004406000120009100004046002700560803281004f01104004b092e000108000000002710540803102804f01105002720540a03002a00f01205003b072e890280000000004b093a0b9f015408030c20a8170502050fa084080702e7005400040121001100009011000e000000
CONST 030007000200000060000e0000000600060006000600060006000600060006000600060006000600060006000600060006000600060006000600060006000600
ENDK
KERNEL max3
STATUS OK
MAIN 1ca0100667105404000120005101004046006700540601012000510100404600670044000201200011000040460022053e0706c002051e010620e7005400030121001100009011000e000000
CONST 030007000200000060000e0000000600060006000600060006000600060006000600060006000600060006000600060006000600060006000600060006000600
ENDK
KERNEL max3_nest
STATUS OK
MAIN 1ca0100667105404000120005101004046006700540601012000510100404600670044000201200011000040460022053e0706c002051e010620e7005400030121001100009011000e000000
CONST 030007000200000060000e0000000600060006000600060006000600060006000600060006000600060006000600060006000600060006000600060006000600
ENDK
KERNEL med3_nest
STATUS OK
MAIN 1ca010066710540400012000510100404600670054060101200051010040460067004400020120001100004046004285268706c022053e07070002093e01072002051e010600e7005400030121001100009011000e000000
CONST 030007000200000060000e0000000600060006000600060006000600060006000600060006000600060006000600060006000600060006000600060006000600
ENDK
KERNEL median3
STATUS OK
MAIN 1ca010066710540600012000510100404600670054080101200051010040460067004400020120001100004046002287268906c042073e09070022813605072002011f09820406008008e7005400030121001100009011000e000000
CONST 030007000200000060000e0000000600060006000600060006000600060006000600060006000600060006000600060006000600060006000600060006000600
ENDK
KERNEL min3
STATUS OK
MAIN 1ca0100667105404000120005101004046006700540601012000510100404600670044000201200011000040460022053e0707c002051e010720e7005400030121001100009011000e000000
CONST 030007000200000060000e0000000600060006000600060006000600060006000600060006000600060006000600060006000600060006000600060006000600
ENDK
KERNEL min3_nest
STATUS OK
MAIN 1ca0100667105404000120005101004046006700540601012000510100404600670044000201200011000040460022053e0707c002051e010720e7005400030121001100009011000e000000
CONST 030007000200000060000e0000000600060006000600060006000600060006000600060006000600060006000600060006000600060006000600060006000600
ENDK
KERNEL pack_unorm2x16
STATUS OK
MAIN 2ca01006671044000002200059010040480097045600020008d04582e7005400010221001100009011000e000000
CONST 030007000200000060000e0000000600060006000600060006000600060006000600060006000600060006000600060006000600060006000600060006000600
ENDK
KERNEL popcnt_i
STATUS OK
MAIN 1ca0100667104400000120005101004046002705560002005c04e7005400010121001100009011000e000000
CONST 030007000200000060000e0000000600060006000600060006000600060006000600060006000600060006000600060006000600060006000600060006000600
ENDK
KERNEL popcnt_u
STATUS OK
MAIN 1ca0100667104400000120005101004046002705560002005c04e7005400010121001100009011000e000000
CONST 030007000200000060000e0000000600060006000600060006000600060006000600060006000600060006000600060006000600060006000600060006000600
ENDK
KERNEL revbits_i
STATUS OK
MAIN 1ca010066710440000012000510100404600a704560002005c04e7005400010121001100009011000e000000
CONST 030007000200000060000e0000000600060006000600060006000600060006000600060006000600060006000600060006000600060006000600060006000600
ENDK
KERNEL revbits_u
STATUS OK
MAIN 1ca010066710440000012000510100404600a704560002005c04e7005400010121001100009011000e000000
CONST 030007000200000060000e0000000600060006000600060006000600060006000600060006000600060006000600060006000600060006000600060006000600
ENDK
KERNEL rotl_imm
STATUS OK
MAIN 2ca0100667104400000220005101004046002701560002006c00f0150900e7005400010221001100009011000e000000
CONST 030007000200000060000e0000000600060006000600060006000600060006000600060006000600060006000600060006000600060006000600060006000600
ENDK
KERNEL rotl_manual
STATUS OK
MAIN 1ca01006671054000101200051010040460067004404000120001100004046003b012f9f1002008000002710540003081a04f01005001f015406034018081504a700540403081800f01305000b011c05e7005400020121001100009011000e000000
CONST 030007000200000060000e0000000600060006000600060006000600060006000600060006000600060006000600060006000600060006000600060006000600
ENDK
KERNEL rotl_var
STATUS OK
MAIN 1ca01006671054000101200051010040460067004404000120001100004046003b012f9f1002008000002710540003081a04f01005001f015406034018081504a700540403081800f01305000b011c05e7005400020121001100009011000e000000
CONST 030007000200000060000e0000000600060006000600060006000600060006000600060006000600060006000600060006000600060006000600060006000600
ENDK
KERNEL s64_cmp
STATUS OK
MAIN 4ca01006671054040004200059010040480067004400010420005901004048002a053d01228105c020802287258322810700208002073d0386050700800402000d8026800702228103000001e7005400020421001100009011000e000000
CONST 030007000200000060000e0000000600060006000600060006000600060006000600060006000600060006000600060006000600060006000600060006000600
ENDK
KERNEL short2_add
STATUS OK
MAIN 0ca01006671054020000200049010040460067004404010020004901004046009f0156020208080017059f015403020a0c001705e7005402020021000900009011000e000000
CONST 030007000200000060000e0000000600060006000600060006000600060006000600060006000600060006000600060006000600060006000600060006000600
ENDK
KERNEL u64_add
STATUS OK
MAIN 5ca01006671054060005200059010040480067004402010520005901004048009f01560003041aa81505320135032281050020809f015402030820a817059f015402020c08881705e7005400020521001900001012000e000000
CONST 030007000200000060000e0000000600060006000600060006000600060006000600060006000600060006000600060006000600060006000600060006000600
ENDK
KERNEL u64_cmp
STATUS OK
MAIN 4ca01006671054040004200059010040480067004400010420005901004048002a053d01228105c020802287258322810500208002073d0386050700800402000d8026800702228103000001e7005400020421001100009011000e000000
CONST 030007000200000060000e0000000600060006000600060006000600060006000600060006000600060006000600060006000600060006000600060006000600
ENDK
KERNEL u64_from32
STATUS OK
MAIN 2ca01006671054020002200051010040460067004400010220005101004046009f00560002000800e0260a00e7005400020221001900001012000e000000
CONST 030007000200000060000e0000000600060006000600060006000600060006000600060006000600060006000600060006000600060006000600060006000600
ENDK
KERNEL u64_mul
STATUS OK
MAIN 8ca01006671054080008200059010040480067004404010820005901004048009f00560003082204e0200a009f00540403082810d02f2a009f005402020c2020d02f2a00e7005400020821001900001012000e000000
CONST 030007000200000060000e0000000600060006000600060006000600060006000600060006000600060006000600060006000600060006000600060006000600
ENDK
KERNEL u64_popcnt
STATUS OK
MAIN 2ca0100667104400000220005901004048002705560203045c042705540003005c049f015400020400a81705e7005400010221001100009011000e000000
CONST 030007000200000060000e0000000600060006000600060006000600060006000600060006000600060006000600060006000600060006000600060006000600
ENDK
KERNEL u64_shl
STATUS OK
MAIN 2ca01006671054060102200051010040460067004400000220001900004048008b072fbf1002008000001f0154080340408c1104a710540603002200f01205002700540a03044034f0150d002700540c03004204f01005001f0154020320802813012700540603000804f011050002830780820c0702208012030f80820a07028006e7005400020221001900001012000e000000
CONST 030007000200000060000e0000000600060006000600060006000600060006000600060006000600060006000600060006000600060006000600060006000600
ENDK
KERNEL u64_shr
STATUS OK
MAIN 2ca01006671054060102200051010040460067004400000220001900004048005b072fbf1002008000002711540002042a04f0140d00a700540202042800f0130500e7005400020221001900001012000e000000
CONST 030007000200000060000e0000000600060006000600060006000600060006000600060006000600060006000600060006000600060006000600060006000600
ENDK
KERNEL u64_sub
STATUS OK
MAIN 5ca01006671054040005200059010040480067004400010520005901004048001f015600020800501705e7005400020521001900001012000e000000
CONST 030007000200000060000e0000000600060006000600060006000600060006000600060006000600060006000600060006000600060006000600060006000600
ENDK
KERNEL umin3
STATUS OK
MAIN 1ca0100667105404000120005101004046006700540601012000510100404600670044000201200011000040460022053e0705c002051e010520e7005400030121001100009011000e000000
CONST 030007000200000060000e0000000600060006000600060006000600060006000600060006000600060006000600060006000600060006000600060006000600
ENDK
KERNEL unpack_unorm2x16
STATUS OK
MAIN 2ca0100667104400000220005101004046001704560000001ccae7005400010221001900001012000e000000
CONST 030007000200000060000e0000000600060006000600060006000600060006000600060006000600060006000600060006000600060006000600060006000600
ENDK
KERNEL ushort_add
STATUS OK
MAIN 0ca01006671054020000200041010040440067004403010020004101004044009f015602020608001705e7005402020021000100001011000e000000
CONST 030007000200000060000e0000000600060006000600060006000600060006000600060006000600060006000600060006000600060006000600060006000600
ENDK
