# iotrace init pid=88147 dump_dir=/Users/user/asahi_re/public/agx-re/experiments/EXP-0136-m4-unreachable-encodings/work/gen/m4_20260828_run01/d_border_createtransparentBlack_code2/dump max_struct=65536 max_map=1048576 dump_atexit=0 n_dump_sel=0 only_conn=0x0
OPEN class=IOSurfaceRoot type=0 -> conn=1d03 ret=0x0
CALL seq=1 fn=Method conn=1d03 class=IOSurfaceRoot sel=13(0xd) inScalarCnt=0 inStructCnt=0
RET  seq=1 conn=1d03 sel=13(0xd) ret=0x0 outStructCnt=40
  OUT.struct len=40
  OUT 000000: ff3f 0000 7f00 0000 0080 0000 0000 0000 
  OUT 000010: 0040 0000 0000 0000 0040 0000 0000 0000 
  OUT 000020: 0000 0100 0000 0000                     
MEMENTRY size=0x40000 offset=0x104c10000 perm=0x400001 parent=0x0 -> handle=0x1903 ret=0x0
CALL seq=2 fn=Method conn=1d03 class=IOSurfaceRoot sel=44(0x2c) inScalarCnt=1 inStructCnt=0 inScalars=[0x6d4]
RET  seq=2 conn=1d03 sel=44(0x2c) ret=0xe00002f0 outStructCnt=0
OPEN class=AGXAcceleratorG16G type=1048581 -> conn=2f03 ret=0x0
CALL seq=3 fn=Struct conn=2f03 class=AGXAcceleratorG16G sel=2(0x2) inScalarCnt=0 inStructCnt=0
RET  seq=3 conn=2f03 sel=2(0x2) ret=0x0 outStructCnt=536
  OUT.struct len=536
  OUT 000000: 0040 3600 0100 0000 0800 0000 0800 0000 
  OUT 000010: 0000 0000 8000 0000 0000 0000 0400 0000 
  OUT 000020: 0800 0000 0c00 0000 1000 0000 1400 0000 
  OUT 000030: 1800 0000 1c00 0000 2000 0000 2400 0000 
  OUT 000040: 2800 0000 2c00 0000 3000 0000 3400 0000 
  OUT 000050: 3800 0000 3c00 0000 4000 0000 4400 0000 
  OUT 000060: 4800 0000 4c00 0000 5000 0000 5400 0000 
  OUT 000070: 5800 0000 5c00 0000 6000 0000 6400 0000 
  OUT 000080: 6800 0000 6c00 0000 7000 0000 7400 0000 
  OUT 000090: 7800 0000 7c00 0000 8000 0000 8400 0000 
  OUT 0000a0: 8800 0000 8c00 0000 9000 0000 9400 0000 
  OUT 0000b0: 9800 0000 9c00 0000 a000 0000 a400 0000 
  OUT 0000c0: a800 0000 ac00 0000 b000 0000 b400 0000 
  OUT 0000d0: b800 0000 bc00 0000 c000 0000 c400 0000 
  OUT 0000e0: c800 0000 cc00 0000 d000 0000 d400 0000 
  OUT 0000f0: d800 0000 dc00 0000 e000 0000 e400 0000 
  OUT 000100: e800 0000 ec00 0000 f000 0000 f400 0000 
  OUT 000110: f800 0000 fc00 0000 0001 0000 0401 0000 
  OUT 000120: 0801 0000 0c01 0000 1001 0000 1401 0000 
  OUT 000130: 1801 0000 1c01 0000 2001 0000 2401 0000 
  OUT 000140: 2801 0000 2c01 0000 3001 0000 3401 0000 
  OUT 000150: 3801 0000 3c01 0000 4001 0000 4401 0000 
  OUT 000160: 4801 0000 4c01 0000 5001 0000 5401 0000 
  OUT 000170: 5801 0000 5c01 0000 6001 0000 6401 0000 
  OUT 000180: 6801 0000 6c01 0000 7001 0000 7401 0000 
  OUT 000190: 7801 0000 7c01 0000 8001 0000 8401 0000 
  OUT 0001a0: 8801 0000 8c01 0000 9001 0000 9401 0000 
  OUT 0001b0: 9801 0000 9c01 0000 a001 0000 a401 0000 
  OUT 0001c0: a801 0000 ac01 0000 b001 0000 b401 0000 
  OUT 0001d0: b801 0000 bc01 0000 c001 0000 c401 0000 
  OUT 0001e0: c801 0000 cc01 0000 d001 0000 d401 0000 
  OUT 0001f0: d801 0000 dc01 0000 e001 0000 e401 0000 
  OUT 000200: e801 0000 ec01 0000 f001 0000 f401 0000 
  OUT 000210: f801 0000 fc01 0000                     
CALL seq=4 fn=Struct conn=2f03 class=AGXAcceleratorG16G sel=0(0x0) inScalarCnt=0 inStructCnt=0
RET  seq=4 conn=2f03 sel=0(0x0) ret=0x0 outStructCnt=64
  OUT.struct len=64
  OUT 000000: 4043 0000 0000 0000 0000 0000 0000 0000 
  OUT 000010: 0000 0000 0000 0000 0200 0000 0000 0000 
  OUT 000020: 00c0 c2f5 0200 0000 0000 5238 0200 0000 
  OUT 000030: 0000 0000 0000 0000 0000 0000 0000 0000 
CALL seq=5 fn=Struct conn=2f03 class=AGXAcceleratorG16G sel=5(0x5) inScalarCnt=0 inStructCnt=0
RET  seq=5 conn=2f03 sel=5(0x5) ret=0x0 outStructCnt=32
  OUT.struct len=32
  OUT 000000: acb4 5921 2800 0000 00c0 6100 0100 0000 
  OUT 000010: 0000 6100 0100 0000 0040 0000 0000 0000 
CALL seq=6 fn=Method conn=1d03 class=IOSurfaceRoot sel=32(0x20) inScalarCnt=0 inStructCnt=0
RET  seq=6 conn=1d03 sel=32(0x20) ret=0x0 outScalars=[0x100338000]
CALL seq=7 fn=Struct conn=2f03 class=AGXAcceleratorG16G sel=258(0x102) inScalarCnt=0 inStructCnt=0
RET  seq=7 conn=2f03 sel=258(0x102) ret=0x0 outStructCnt=456
  OUT.struct len=456
  OUT 000000: 0000 0000 0000 0000 0000 0000 0000 0000 
  OUT 000010: 0000 0000 0000 0000 0000 0000 0000 0000 
  OUT 000020: 0000 0000 0000 0000 0000 0000 0000 0000 
  OUT 000030: 0000 0000 0000 0000 0000 0000 0000 0000 
  OUT 000040: 0000 0000 0000 0000 0000 0000 0000 0000 
  OUT 000050: 0000 0000 0000 0000 0000 0000 0000 0000 
  OUT 000060: 0000 0000 0000 0000 0000 0000 0000 0000 
  OUT 000070: 0000 0000 0000 0000 0000 0000 0000 0000 
  OUT 000080: 0000 0000 0000 0000 0000 0000 0000 0000 
  OUT 000090: 0000 0000 0000 0000 0000 0000 0000 0000 
  OUT 0000a0: 0000 0000 0000 0000 0000 0000 0000 0000 
  OUT 0000b0: 0000 0000 0000 0000 0000 0000 0000 0000 
  OUT 0000c0: 0000 0000 0000 0000 4a75 6c20 3331 2032 
  OUT 0000d0: 3032 3620 3232 3a34 333a 3233 0000 0000 
  OUT 0000e0: 0000 0000 0000 0000 7265 6c65 6173 6520 
  OUT 0000f0: 6665 6e64 6572 5f73 6372 6174 6368 5f72 
  OUT 000100: 616d 5f72 6574 656e 7469 6f6e 0000 0000 
  OUT 000110: 0000 0000 0000 0000 0000 0000 0000 0000 
  OUT 000120: 0000 0000 0000 0000 0000 0000 0000 0000 
  OUT 000130: 0000 0000 0000 0000 0000 0000 0000 0000 
  OUT 000140: 0000 0000 0000 0000 0000 0000 0000 0000 
  OUT 000150: 0000 0000 0000 0000 0000 0000 0000 0000 
  OUT 000160: 0000 0000 0000 0000 0000 0000 0000 0000 
  OUT 000170: 0000 0000 0000 0000 0000 0000 0000 0000 
  OUT 000180: 0000 0000 0000 0000 0000 0000 0000 0000 
  OUT 000190: 0000 0000 0000 0000 0000 0000 0000 0000 
  OUT 0001a0: 0000 0000 0000 0000 4a37 3733 6741 5000 
  OUT 0001b0: 0000 0000 0000 0000 0000 0000 0000 0000 
  OUT 0001c0: 0000 0000 0000 0000                     
CALL seq=8 fn=Struct conn=2f03 class=AGXAcceleratorG16G sel=256(0x100) inScalarCnt=0 inStructCnt=0
RET  seq=8 conn=2f03 sel=256(0x100) ret=0x0 outStructCnt=152
  OUT.struct len=152
  OUT 000000: 0000 0000 0000 0000 0000 0000 0000 0000 
  OUT 000010: ff03 0000 0000 0000 0000 0000 0000 0000 
  OUT 000020: 1b00 0000 0400 0000 0000 0000 0000 0000 
  OUT 000030: 0a00 0000 0400 0000 0400 0000 0400 0000 
  OUT 000040: 0000 0000 0a00 0000 0200 0000 0300 0000 
  OUT 000050: 0300 0000 0200 0000 0300 0000 0300 0000 
  OUT 000060: 1000 0000 0100 0000 0100 0000 0100 0000 
  OUT 000070: 0100 0000 0a00 0000 0a00 0000 0000 0000 
  OUT 000080: 0000 0000 0001 0100 0000 0000 0000 0300 
  OUT 000090: 0000 0000 0000 0000                     
CALL seq=9 fn=Method conn=2f03 class=AGXAcceleratorG16G sel=9(0x9) inScalarCnt=0 inStructCnt=104
  IN.struct len=104
  IN 000000: 0000 0000 0000 0000 0100 0100 0100 0000 
  IN 000010: 0101 0001 3004 0000 0000 0000 0000 0000 
  IN 000020: 0000 0000 0000 0000 0000 0000 0000 0000 
  IN 000030: 0000 0000 0000 0000 0000 0000 0000 0000 
  IN 000040: 0000 0000 0000 0000 0000 0100 0000 0000 
  IN 000050: 0000 0000 0000 0000 0000 0008 1800 0000 
  IN 000060: 0000 0000 0000 0000                     
RET  seq=9 conn=2f03 sel=9(0x9) ret=0x0 outStructCnt=88
  OUT.struct len=88
  OUT 000000: 0000 0000 0001 0000 0040 6200 0100 0000 
  OUT 000010: c000 6100 0100 0000 0000 0000 0000 0000 
  OUT 000020: 0000 0000 0100 0000 0000 0100 0000 0000 
  OUT 000030: adb4 5921 2800 0000 3c35 0e00 0000 0000 
  OUT 000040: 0000 0000 0000 0000 0000 0000 0000 0000 
  OUT 000050: 0000 0100 0000 0000                     
CALL seq=10 fn=Struct conn=2f03 class=AGXAcceleratorG16G sel=261(0x105) inScalarCnt=0 inStructCnt=72
  IN.struct len=72
  IN 000000: 0b00 0000 0000 0000 0000 0000 0000 0000 
  IN 000010: 0000 0000 0000 0000 0000 0000 0000 0000 
  IN 000020: 0000 0000 0000 0000 0000 0000 0000 0000 
  IN 000030: 0000 0000 0000 0000 0000 0000 0000 0000 
  IN 000040: 0000 0000 0000 0000                     
RET  seq=10 conn=2f03 sel=261(0x105) ret=0x0 outStructCnt=72
  OUT.struct len=72
  OUT 000000: 0b00 0000 0000 0000 0000 0000 0000 0000 
  OUT 000010: 0000 0000 0000 0000 0000 0000 0000 0000 
  OUT 000020: 0000 0000 0000 0000 0000 0000 0000 0000 
  OUT 000030: 0200 0000 0000 0000 0000 0000 0000 0000 
  OUT 000040: 0000 0000 0000 0000                     
CALL seq=11 fn=Method conn=2f03 class=AGXAcceleratorG16G sel=9(0x9) inScalarCnt=0 inStructCnt=104
  IN.struct len=104
  IN 000000: 0000 0000 0000 0000 0100 0100 0100 0000 
  IN 000010: 0101 0001 7004 0000 0000 0000 0000 0000 
  IN 000020: 0000 0000 0000 0000 0000 0000 0000 0000 
  IN 000030: 0100 0000 0000 0000 0000 0000 0000 0000 
  IN 000040: 0000 0000 0000 0000 0038 0000 0000 0000 
  IN 000050: 0000 0000 0000 0000 0000 0058 1800 0000 
  IN 000060: 0000 0000 0000 0000                     
RET  seq=11 conn=2f03 sel=9(0x9) ret=0x0 outStructCnt=88
  OUT.struct len=88
  OUT 000000: 0000 0000 6f00 0000 0040 6300 0100 0000 
  OUT 000010: 8001 6100 0100 0000 0000 0000 0000 0000 
  OUT 000020: 0000 0000 0200 0000 0040 0000 0000 0000 
  OUT 000030: aeb4 5921 2800 0000 3d35 0e00 0000 0000 
  OUT 000040: 0000 0000 0000 0000 0000 0000 0000 0000 
  OUT 000050: 0040 0000 0000 0000                     
CALL seq=12 fn=Method conn=2f03 class=AGXAcceleratorG16G sel=9(0x9) inScalarCnt=0 inStructCnt=104
  IN.struct len=104
  IN 000000: 0000 0000 0000 0000 0100 0100 0100 0000 
  IN 000010: 0101 0001 7004 0000 0000 0000 0000 0000 
  IN 000020: 0000 0000 0000 0000 0000 0000 0000 0000 
  IN 000030: 0100 0000 0000 0000 0000 0000 0000 0000 
  IN 000040: 0000 0000 0000 0000 0000 0200 0000 0000 
  IN 000050: 0000 0000 0000 0000 0000 0000 0000 0000 
  IN 000060: 8809 d706 0100 0000                     
RET  seq=12 conn=2f03 sel=9(0x9) ret=0x0 outStructCnt=88
  OUT.struct len=88
  OUT 000000: 0080 0100 0001 0000 0000 ce04 0100 0000 
  OUT 000010: 4002 6100 0100 0000 0000 0000 0000 0000 
  OUT 000020: 0000 0000 0300 0000 0000 0200 0000 0000 
  OUT 000030: b5b4 5921 2800 0000 3e35 0e00 0000 0000 
  OUT 000040: 0000 0000 0000 0000 0000 0000 0000 0000 
  OUT 000050: 0000 0200 0000 0000                     
CALL seq=13 fn=Method conn=2f03 class=AGXAcceleratorG16G sel=9(0x9) inScalarCnt=0 inStructCnt=104
  IN.struct len=104
  IN 000000: 8000 0000 0000 0000 0100 0100 0100 0000 
  IN 000010: 0101 0001 300c 0000 0000 0000 0000 0000 
  IN 000020: 0000 0000 0000 0000 0000 0000 0000 0000 
  IN 000030: 0000 0000 0000 0000 0000 ce04 0100 0000 
  IN 000040: 0000 ce04 0100 0000 0000 0200 0000 0000 
  IN 000050: 0300 0000 0000 0000 0000 0000 1800 0000 
  IN 000060: 4015 d706 0100 0000                     
RET  seq=13 conn=2f03 sel=9(0x9) ret=0x0 outStructCnt=88
  OUT.struct len=88
  OUT 000000: 0080 0100 0001 0000 0000 0000 0000 0000 
  OUT 000010: 0003 6100 0100 0000 0000 0000 0000 0000 
  OUT 000020: 0000 0000 0400 0000 0000 0200 0000 0000 
  OUT 000030: b6b4 5921 2800 0000 3e35 0e00 0000 0000 
  OUT 000040: 0000 0000 0000 0000 0000 0000 0000 0000 
  OUT 000050: 0000 0200 0000 0000                     
CALL seq=14 fn=Method conn=2f03 class=AGXAcceleratorG16G sel=9(0x9) inScalarCnt=0 inStructCnt=104
  IN.struct len=104
  IN 000000: 8000 0000 0000 0000 0100 0100 0100 0000 
  IN 000010: 0101 0001 300c 0000 0000 0000 0000 0000 
  IN 000020: 0000 0000 0000 0000 0000 0000 0000 0000 
  IN 000030: 0000 0000 0000 0000 0002 ce04 0100 0000 
  IN 000040: 0000 ce04 0100 0000 0000 0200 0000 0000 
  IN 000050: 0300 0000 0000 0000 0000 0000 1800 0000 
  IN 000060: 4015 d706 0100 0000                     
RET  seq=14 conn=2f03 sel=9(0x9) ret=0x0 outStructCnt=88
  OUT.struct len=88
  OUT 000000: 0082 0100 0001 0000 0000 0000 0000 0000 
  OUT 000010: c003 6100 0100 0000 0000 0000 0000 0000 
  OUT 000020: 0000 0000 0500 0000 0000 0200 0000 0000 
  OUT 000030: b7b4 5921 2800 0000 3e35 0e00 0000 0000 
  OUT 000040: 0000 0000 0000 0000 0000 0000 0000 0000 
  OUT 000050: 00fe 0100 0000 0000                     
CALL seq=15 fn=Method conn=2f03 class=AGXAcceleratorG16G sel=9(0x9) inScalarCnt=0 inStructCnt=104
  IN.struct len=104
  IN 000000: 8000 0000 0000 0000 0100 0100 0100 0000 
  IN 000010: 0101 0001 300c 0000 0000 0000 0000 0000 
  IN 000020: 0000 0000 0000 0000 0000 0000 0000 0000 
  IN 000030: 0000 0000 0000 0000 0004 ce04 0100 0000 
  IN 000040: 0000 ce04 0100 0000 0000 0200 0000 0000 
  IN 000050: 0300 0000 0000 0000 0000 0000 1800 0000 
  IN 000060: b81c cc4a 0700 0000                     
RET  seq=15 conn=2f03 sel=9(0x9) ret=0x0 outStructCnt=88
  OUT.struct len=88
  OUT 000000: 0084 0100 0001 0000 0000 0000 0000 0000 
  OUT 000010: 8004 6100 0100 0000 0000 0000 0000 0000 
  OUT 000020: 0000 0000 0600 0000 0000 0200 0000 0000 
  OUT 000030: b8b4 5921 2800 0000 3e35 0e00 0000 0000 
  OUT 000040: 0000 0000 0000 0000 0000 0000 0000 0000 
  OUT 000050: 00fc 0100 0000 0000                     
CALL seq=16 fn=Method conn=2f03 class=AGXAcceleratorG16G sel=9(0x9) inScalarCnt=0 inStructCnt=104
  IN.struct len=104
  IN 000000: 8000 0000 0000 0000 0100 0100 0100 0000 
  IN 000010: 0101 0001 300c 0000 0000 0000 0000 0000 
  IN 000020: 0000 0000 0000 0000 0000 0000 0000 0000 
  IN 000030: 0000 0000 0000 0000 0005 ce04 0100 0000 
  IN 000040: 0000 ce04 0100 0000 0000 0200 0000 0000 
  IN 000050: 0300 0000 0000 0000 0000 0000 1800 0000 
  IN 000060: 1022 cc4a 0700 0000                     
RET  seq=16 conn=2f03 sel=9(0x9) ret=0x0 outStructCnt=88
  OUT.struct len=88
  OUT 000000: 0085 0100 0001 0000 0000 0000 0000 0000 
  OUT 000010: 4005 6100 0100 0000 0000 0000 0000 0000 
  OUT 000020: 0000 0000 0700 0000 0000 0200 0000 0000 
  OUT 000030: b9b4 5921 2800 0000 3e35 0e00 0000 0000 
  OUT 000040: 0000 0000 0000 0000 0000 0000 0000 0000 
  OUT 000050: 00fb 0100 0000 0000                     
CALL seq=17 fn=Method conn=2f03 class=AGXAcceleratorG16G sel=9(0x9) inScalarCnt=0 inStructCnt=104
  IN.struct len=104
  IN 000000: 8000 0000 0000 0000 0100 0100 0100 0000 
  IN 000010: 0101 0001 300c 0000 0000 0000 0000 0000 
  IN 000020: 0000 0000 0000 0000 0000 0000 0000 0000 
  IN 000030: 0000 0000 0000 0000 0007 ce04 0100 0000 
  IN 000040: 0000 ce04 0100 0000 0000 0200 0000 0000 
  IN 000050: 0300 0000 0000 0000 0000 0000 1800 0000 
  IN 000060: 3025 cc4a 0700 0000                     
RET  seq=17 conn=2f03 sel=9(0x9) ret=0x0 outStructCnt=88
  OUT.struct len=88
  OUT 000000: 0087 0100 0001 0000 0000 0000 0000 0000 
  OUT 000010: 0006 6100 0100 0000 0000 0000 0000 0000 
  OUT 000020: 0000 0000 0800 0000 0000 0200 0000 0000 
  OUT 000030: bab4 5921 2800 0000 3e35 0e00 0000 0000 
  OUT 000040: 0000 0000 0000 0000 0000 0000 0000 0000 
  OUT 000050: 00f9 0100 0000 0000                     
CALL seq=18 fn=Method conn=2f03 class=AGXAcceleratorG16G sel=9(0x9) inScalarCnt=0 inStructCnt=104
  IN.struct len=104
  IN 000000: 8000 0000 0000 0000 0100 0100 0100 0000 
  IN 000010: 0101 0001 300c 0000 0000 0000 0000 0000 
  IN 000020: 0000 0000 0000 0000 0000 0000 0000 0000 
  IN 000030: 0000 0000 0000 0000 0008 ce04 0100 0000 
  IN 000040: 0000 ce04 0100 0000 0000 0200 0000 0000 
  IN 000050: 0300 0000 0000 0000 0000 0000 1800 0000 
  IN 000060: 5028 cc4a 0700 0000                     
RET  seq=18 conn=2f03 sel=9(0x9) ret=0x0 outStructCnt=88
  OUT.struct len=88
  OUT 000000: 0088 0100 0001 0000 0000 0000 0000 0000 
  OUT 000010: c006 6100 0100 0000 0000 0000 0000 0000 
  OUT 000020: 0000 0000 0900 0000 0000 0200 0000 0000 
  OUT 000030: bbb4 5921 2800 0000 3e35 0e00 0000 0000 
  OUT 000040: 0000 0000 0000 0000 0000 0000 0000 0000 
  OUT 000050: 00f8 0100 0000 0000                     
CALL seq=19 fn=Method conn=2f03 class=AGXAcceleratorG16G sel=9(0x9) inScalarCnt=0 inStructCnt=104
  IN.struct len=104
  IN 000000: 8000 0000 0000 0000 0100 0100 0100 0000 
  IN 000010: 0101 0001 300c 0000 0000 0000 0000 0000 
  IN 000020: 0000 0000 0000 0000 0000 0000 0000 0000 
  IN 000030: 0000 0000 0000 0000 0009 ce04 0100 0000 
  IN 000040: 0000 ce04 0100 0000 0000 0200 0000 0000 
  IN 000050: 0300 0000 0000 0000 0000 0000 1800 0000 
  IN 000060: 702b cc4a 0700 0000                     
RET  seq=19 conn=2f03 sel=9(0x9) ret=0x0 outStructCnt=88
  OUT.struct len=88
  OUT 000000: 0089 0100 0001 0000 0000 0000 0000 0000 
  OUT 000010: 8007 6100 0100 0000 0000 0000 0000 0000 
  OUT 000020: 0000 0000 0a00 0000 0000 0200 0000 0000 
  OUT 000030: bcb4 5921 2800 0000 3e35 0e00 0000 0000 
  OUT 000040: 0000 0000 0000 0000 0000 0000 0000 0000 
  OUT 000050: 00f7 0100 0000 0000                     
CALL seq=20 fn=Method conn=2f03 class=AGXAcceleratorG16G sel=9(0x9) inScalarCnt=0 inStructCnt=104
  IN.struct len=104
  IN 000000: 8000 0000 0000 0000 0100 0100 0100 0000 
  IN 000010: 0101 0001 300c 0000 0000 0000 0000 0000 
  IN 000020: 0000 0000 0000 0000 0000 0000 0000 0000 
  IN 000030: 0000 0000 0000 0000 0019 ce04 0100 0000 
  IN 000040: 0000 ce04 0100 0000 0000 0200 0000 0000 
  IN 000050: 0300 0000 0000 0000 0000 0000 1800 0000 
  IN 000060: 902e cc4a 0700 0000                     
RET  seq=20 conn=2f03 sel=9(0x9) ret=0x0 outStructCnt=88
  OUT.struct len=88
  OUT 000000: 0099 0100 0001 0000 0000 0000 0000 0000 
  OUT 000010: 4008 6100 0100 0000 0000 0000 0000 0000 
  OUT 000020: 0000 0000 0b00 0000 0000 0200 0000 0000 
  OUT 000030: bdb4 5921 2800 0000 3e35 0e00 0000 0000 
  OUT 000040: 0000 0000 0000 0000 0000 0000 0000 0000 
  OUT 000050: 00e7 0100 0000 0000                     
CALL seq=21 fn=Method conn=2f03 class=AGXAcceleratorG16G sel=9(0x9) inScalarCnt=0 inStructCnt=104
  IN.struct len=104
  IN 000000: 8000 0000 0000 0000 0100 0100 0100 0000 
  IN 000010: 0101 0001 300c 0000 0000 0000 0000 0000 
  IN 000020: 0000 0000 0000 0000 0000 0000 0000 0000 
  IN 000030: 0000 0000 0000 0000 001a ce04 0100 0000 
  IN 000040: 0000 ce04 0100 0000 0000 0200 0000 0000 
  IN 000050: 0300 0000 0000 0000 0000 0000 1800 0000 
  IN 000060: 9831 cc4a 0700 0000                     
RET  seq=21 conn=2f03 sel=9(0x9) ret=0x0 outStructCnt=88
  OUT.struct len=88
  OUT 000000: 009a 0100 0001 0000 0000 0000 0000 0000 
  OUT 000010: 0009 6100 0100 0000 0000 0000 0000 0000 
  OUT 000020: 0000 0000 0c00 0000 0000 0200 0000 0000 
  OUT 000030: beb4 5921 2800 0000 3e35 0e00 0000 0000 
  OUT 000040: 0000 0000 0000 0000 0000 0000 0000 0000 
  OUT 000050: 00e6 0100 0000 0000                     
CALL seq=22 fn=Method conn=2f03 class=AGXAcceleratorG16G sel=9(0x9) inScalarCnt=0 inStructCnt=104
  IN.struct len=104
  IN 000000: 8000 0000 0000 0000 0100 0100 0100 0000 
  IN 000010: 0101 0001 300c 0000 0000 0000 0000 0000 
  IN 000020: 0000 0000 0000 0000 0000 0000 0000 0000 
  IN 000030: 0000 0000 0000 0000 001b ce04 0100 0000 
  IN 000040: 0000 ce04 0100 0000 0000 0200 0000 0000 
  IN 000050: 0300 0000 0000 0000 0000 0000 1800 0000 
  IN 000060: a034 cc4a 0700 0000                     
RET  seq=22 conn=2f03 sel=9(0x9) ret=0x0 outStructCnt=88
  OUT.struct len=88
  OUT 000000: 009b 0100 0001 0000 0000 0000 0000 0000 
  OUT 000010: c009 6100 0100 0000 0000 0000 0000 0000 
  OUT 000020: 0000 0000 0d00 0000 0000 0200 0000 0000 
  OUT 000030: bfb4 5921 2800 0000 3e35 0e00 0000 0000 
  OUT 000040: 0000 0000 0000 0000 0000 0000 0000 0000 
  OUT 000050: 00e5 0100 0000 0000                     
CALL seq=23 fn=Method conn=2f03 class=AGXAcceleratorG16G sel=9(0x9) inScalarCnt=0 inStructCnt=104
  IN.struct len=104
  IN 000000: 8000 0000 0000 0000 0100 0100 0100 0000 
  IN 000010: 0101 0001 300c 0000 0000 0000 0000 0000 
  IN 000020: 0000 0000 0000 0000 0000 0000 0000 0000 
  IN 000030: 0000 0000 0000 0000 001c ce04 0100 0000 
  IN 000040: 0000 ce04 0100 0000 0000 0200 0000 0000 
  IN 000050: 0300 0000 0000 0000 0000 0000 1800 0000 
  IN 000060: a837 cc4a 0700 0000                     
RET  seq=23 conn=2f03 sel=9(0x9) ret=0x0 outStructCnt=88
  OUT.struct len=88
  OUT 000000: 009c 0100 0001 0000 0000 0000 0000 0000 
  OUT 000010: 800a 6100 0100 0000 0000 0000 0000 0000 
  OUT 000020: 0000 0000 0e00 0000 0000 0200 0000 0000 
  OUT 000030: c0b4 5921 2800 0000 3e35 0e00 0000 0000 
  OUT 000040: 0000 0000 0000 0000 0000 0000 0000 0000 
  OUT 000050: 00e4 0100 0000 0000                     
CALL seq=24 fn=Method conn=2f03 class=AGXAcceleratorG16G sel=9(0x9) inScalarCnt=0 inStructCnt=104
  IN.struct len=104
  IN 000000: 8000 0000 0000 0000 0100 0100 0100 0000 
  IN 000010: 0101 0001 300c 0000 0000 0000 0000 0000 
  IN 000020: 0000 0000 0000 0000 0000 0000 0000 0000 
  IN 000030: 0000 0000 0000 0000 0024 ce04 0100 0000 
  IN 000040: 0000 ce04 0100 0000 0000 0200 0000 0000 
  IN 000050: 0300 0000 0000 0000 0000 0000 1800 0000 
  IN 000060: b03a cc4a 0700 0000                     
RET  seq=24 conn=2f03 sel=9(0x9) ret=0x0 outStructCnt=88
  OUT.struct len=88
  OUT 000000: 00a4 0100 0001 0000 0000 0000 0000 0000 
  OUT 000010: 400b 6100 0100 0000 0000 0000 0000 0000 
  OUT 000020: 0000 0000 0f00 0000 0000 0200 0000 0000 
  OUT 000030: c1b4 5921 2800 0000 3e35 0e00 0000 0000 
  OUT 000040: 0000 0000 0000 0000 0000 0000 0000 0000 
  OUT 000050: 00dc 0100 0000 0000                     
CALL seq=25 fn=Method conn=2f03 class=AGXAcceleratorG16G sel=9(0x9) inScalarCnt=0 inStructCnt=104
  IN.struct len=104
  IN 000000: 0000 0000 0000 0000 0100 0100 0100 0000 
  IN 000010: 0101 0001 3004 0000 0000 0000 0000 0000 
  IN 000020: 0000 0000 0000 0000 0000 0000 0000 0000 
  IN 000030: 0000 0000 0000 0000 0000 0000 0000 0000 
  IN 000040: 0000 0000 0000 0000 0000 0100 0000 0000 
  IN 000050: 0000 0000 0000 0000 0000 0008 1800 0000 
  IN 000060: 0000 0000 0000 0000                     
RET  seq=25 conn=2f03 sel=9(0x9) ret=0x0 outStructCnt=88
  OUT.struct len=88
  OUT 000000: 0000 0400 0001 0000 0000 d004 0100 0000 
  OUT 000010: 000c 6100 0100 0000 0000 0000 0000 0000 
  OUT 000020: 0000 0000 1000 0000 0000 0100 0000 0000 
  OUT 000030: c2b4 5921 2800 0000 3f35 0e00 0000 0000 
  OUT 000040: 0000 0000 0000 0000 0000 0000 0000 0000 
  OUT 000050: 0000 0100 0000 0000                     
CALL seq=26 fn=Method conn=2f03 class=AGXAcceleratorG16G sel=9(0x9) inScalarCnt=0 inStructCnt=104
  IN.struct len=104
  IN 000000: 0000 0000 0000 0000 0100 0100 0100 0000 
  IN 000010: 0101 0001 3084 0000 0000 0000 0000 0000 
  IN 000020: 0000 0000 0000 0000 0000 0000 0000 0000 
  IN 000030: 0000 0000 0000 0000 0000 0000 0000 0000 
  IN 000040: 0000 0000 0000 0000 0000 0100 0000 0000 
  IN 000050: 0000 0000 0000 0000 0000 0038 1800 0000 
  IN 000060: 0000 0000 0000 0000                     
RET  seq=26 conn=2f03 sel=9(0x9) ret=0x0 outStructCnt=88
  OUT.struct len=88
  OUT 000000: 0000 0000 0000 0000 0000 d104 0100 0000 
  OUT 000010: c00c 6100 0100 0000 0000 0000 0000 0000 
  OUT 000020: 0000 0000 1100 0000 0000 0100 0000 0000 
  OUT 000030: c3b4 5921 2800 0000 4035 0e00 0000 0000 
  OUT 000040: 0000 0000 0000 0000 0000 0000 0000 0000 
  OUT 000050: 0000 0100 0000 0000                     
CALL seq=27 fn=Method conn=2f03 class=AGXAcceleratorG16G sel=9(0x9) inScalarCnt=0 inStructCnt=104
  IN.struct len=104
  IN 000000: 8000 0000 0000 0000 0100 0100 0100 0000 
  IN 000010: 0101 0001 300c 0000 0000 0000 0000 0000 
  IN 000020: 0000 0000 0000 0000 0000 0000 0000 0000 
  IN 000030: 0000 0000 0000 0000 0025 ce04 0100 0000 
  IN 000040: 0000 ce04 0100 0000 0000 0200 0000 0000 
  IN 000050: 0300 0000 0000 0000 0000 0000 1800 0000 
  IN 000060: 8809 d706 0100 0000                     
RET  seq=27 conn=2f03 sel=9(0x9) ret=0x0 outStructCnt=88
  OUT.struct len=88
  OUT 000000: 00a5 0100 0001 0000 0000 0000 0000 0000 
  OUT 000010: 800d 6100 0100 0000 0000 0000 0000 0000 
  OUT 000020: 0000 0000 1200 0000 0000 0200 0000 0000 
  OUT 000030: c4b4 5921 2800 0000 3e35 0e00 0000 0000 
  OUT 000040: 0000 0000 0000 0000 0000 0000 0000 0000 
  OUT 000050: 00db 0100 0000 0000                     
CALL seq=28 fn=Method conn=2f03 class=AGXAcceleratorG16G sel=9(0x9) inScalarCnt=0 inStructCnt=104
  IN.struct len=104
  IN 000000: 0000 0000 0000 0000 0100 0100 0100 0000 
  IN 000010: 0101 0001 7004 0000 0000 0000 0000 0000 
  IN 000020: 0000 0000 0000 0000 0000 0000 0000 0000 
  IN 000030: 0100 0000 0000 0000 0000 0000 0000 0000 
  IN 000040: 0000 0000 0000 0000 0000 0200 0000 0000 
  IN 000050: 0000 0000 0000 0000 0000 0000 0000 0000 
  IN 000060: 8809 d706 0100 0000                     
RET  seq=28 conn=2f03 sel=9(0x9) ret=0x0 outStructCnt=88
  OUT.struct len=88
  OUT 000000: 0080 0500 0001 0000 0000 d204 0100 0000 
  OUT 000010: 400e 6100 0100 0000 0000 0000 0000 0000 
  OUT 000020: 0000 0000 1300 0000 0000 0200 0000 0000 
  OUT 000030: c5b4 5921 2800 0000 4135 0e00 0000 0000 
  OUT 000040: 0000 0000 0000 0000 0000 0000 0000 0000 
  OUT 000050: 0000 0200 0000 0000                     
CALL seq=29 fn=Method conn=2f03 class=AGXAcceleratorG16G sel=9(0x9) inScalarCnt=0 inStructCnt=104
  IN.struct len=104
  IN 000000: 8000 0000 0000 0000 0100 0100 0100 0000 
  IN 000010: 0101 0001 300c 0000 0000 0000 0000 0000 
  IN 000020: 0000 0000 0000 0000 0000 0000 0000 0000 
  IN 000030: 0000 0000 0000 0000 0000 d204 0100 0000 
  IN 000040: 0000 d204 0100 0000 0000 0200 0000 0000 
  IN 000050: 1300 0000 0000 0000 0000 0000 1800 0000 
  IN 000060: 8809 d706 0100 0000                     
RET  seq=29 conn=2f03 sel=9(0x9) ret=0x0 outStructCnt=88
  OUT.struct len=88
  OUT 000000: 0080 0500 0001 0000 0000 0000 0000 0000 
  OUT 000010: 000f 6100 0100 0000 0000 0000 0000 0000 
  OUT 000020: 0000 0000 1400 0000 0000 0200 0000 0000 
  OUT 000030: c6b4 5921 2800 0000 4135 0e00 0000 0000 
  OUT 000040: 0000 0000 0000 0000 0000 0000 0000 0000 
  OUT 000050: 0000 0200 0000 0000                     
CALL seq=30 fn=Method conn=2f03 class=AGXAcceleratorG16G sel=9(0x9) inScalarCnt=0 inStructCnt=104
  IN.struct len=104
  IN 000000: 8000 0000 0000 0000 0400 0400 0100 0000 
  IN 000010: 0101 0004 300c 0000 0000 0000 0000 0000 
  IN 000020: 0000 0000 0000 0000 0000 0000 0000 0000 
  IN 000030: 0000 0000 0000 0000 0045 ce04 0100 0000 
  IN 000040: 0000 ce04 0100 0000 0000 0200 0000 0000 
  IN 000050: 0300 0000 0000 0000 008f 8880 0100 0000 
  IN 000060: 0000 0000 0000 0000                     
RET  seq=30 conn=2f03 sel=9(0x9) ret=0x0 outStructCnt=88
  OUT.struct len=88
  OUT 000000: 00c5 0100 0001 0000 0000 0000 0000 0000 
  OUT 000010: c00f 6100 0100 0000 0000 0000 0000 0000 
  OUT 000020: 0000 0000 1500 0000 0000 0200 0000 0000 
  OUT 000030: c7b4 5921 2800 0000 3e35 0e00 0000 0000 
  OUT 000040: 0000 0000 0000 0000 0000 0000 0000 0000 
  OUT 000050: 00bb 0100 0000 0000                     
CALL seq=31 fn=Method conn=2f03 class=AGXAcceleratorG16G sel=9(0x9) inScalarCnt=0 inStructCnt=104
  IN.struct len=104
  IN 000000: 8000 0000 0000 0000 0100 0100 0100 0000 
  IN 000010: 0101 0001 300c 0000 0000 0000 0000 0000 
  IN 000020: 0000 0000 0000 0000 0000 0000 0000 0000 
  IN 000030: 0000 0000 0000 0000 0046 ce04 0100 0000 
  IN 000040: 0000 ce04 0100 0000 0000 0200 0000 0000 
  IN 000050: 0300 0000 0000 0000 0000 0000 0000 0000 
  IN 000060: 8809 d706 0100 0000                     
RET  seq=31 conn=2f03 sel=9(0x9) ret=0x0 outStructCnt=88
  OUT.struct len=88
  OUT 000000: 00c6 0100 0001 0000 0000 0000 0000 0000 
  OUT 000010: 8010 6100 0100 0000 0000 0000 0000 0000 
  OUT 000020: 0000 0000 1600 0000 0000 0200 0000 0000 
  OUT 000030: c8b4 5921 2800 0000 3e35 0e00 0000 0000 
  OUT 000040: 0000 0000 0000 0000 0000 0000 0000 0000 
  OUT 000050: 00ba 0100 0000 0000                     
CALL seq=32 fn=Method conn=2f03 class=AGXAcceleratorG16G sel=7(0x7) inScalarCnt=0 inStructCnt=1040
  IN.struct len=1040
  IN 000000: 2f55 7365 7273 2f75 7365 722f 6173 6168 
  IN 000010: 695f 7265 2f70 7562 6c69 632f 6167 782d 
  IN 000020: 7265 2f65 7870 6572 696d 656e 7473 2f45 
  IN 000030: 5850 2d30 3133 362d 6d34 2d75 6e72 6561 
  IN 000040: 6368 6162 6c65 2d65 6e63 6f64 696e 6773 
  IN 000050: 2f77 6f72 6b2f 6269 6e2f 6465 7363 7061 
  IN 000060: 7463 6800 0000 0000 0000 0000 0000 0000 
  IN 000070: 0000 0000 0000 0000 0000 0000 0000 0000 
  IN 000080: 0000 0000 0000 0000 0000 0000 0000 0000 
  IN 000090: 0000 0000 0000 0000 0000 0000 0000 0000 
  IN 0000a0: 0000 0000 0000 0000 0000 0000 0000 0000 
  IN 0000b0: 0000 0000 0000 0000 0000 0000 0000 0000 
  IN 0000c0: 0000 0000 0000 0000 0000 0000 0000 0000 
  IN 0000d0: 0000 0000 0000 0000 0000 0000 0000 0000 
  IN 0000e0: 0000 0000 0000 0000 0000 0000 0000 0000 
  IN 0000f0: 0000 0000 0000 0000 0000 0000 0000 0000 
  IN 000100: 0000 0000 0000 0000 0000 0000 0000 0000 
  IN 000110: 0000 0000 0000 0000 0000 0000 0000 0000 
  IN 000120: 0000 0000 0000 0000 0000 0000 0000 0000 
  IN 000130: 0000 0000 0000 0000 0000 0000 0000 0000 
  IN 000140: 0000 0000 0000 0000 0000 0000 0000 0000 
  IN 000150: 0000 0000 0000 0000 0000 0000 0000 0000 
  IN 000160: 0000 0000 0000 0000 0000 0000 0000 0000 
  IN 000170: 0000 0000 0000 0000 0000 0000 0000 0000 
  IN 000180: 0000 0000 0000 0000 0000 0000 0000 0000 
  IN 000190: 0000 0000 0000 0000 0000 0000 0000 0000 
  IN 0001a0: 0000 0000 0000 0000 0000 0000 0000 0000 
  IN 0001b0: 0000 0000 0000 0000 0000 0000 0000 0000 
  IN 0001c0: 0000 0000 0000 0000 0000 0000 0000 0000 
  IN 0001d0: 0000 0000 0000 0000 0000 0000 0000 0000 
  IN 0001e0: 0000 0000 0000 0000 0000 0000 0000 0000 
  IN 0001f0: 0000 0000 0000 0000 0000 0000 0000 0000 
  IN 000200: 0000 0000 0000 0000 0000 0000 0000 0000 
  IN 000210: 0000 0000 0000 0000 0000 0000 0000 0000 
  IN 000220: 0000 0000 0000 0000 0000 0000 0000 0000 
  IN 000230: 0000 0000 0000 0000 0000 0000 0000 0000 
  IN 000240: 0000 0000 0000 0000 0000 0000 0000 0000 
  IN 000250: 0000 0000 0000 0000 0000 0000 0000 0000 
  IN 000260: 0000 0000 0000 0000 0000 0000 0000 0000 
  IN 000270: 0000 0000 0000 0000 0000 0000 0000 0000 
  IN 000280: 0000 0000 0000 0000 0000 0000 0000 0000 
  IN 000290: 0000 0000 0000 0000 0000 0000 0000 0000 
  IN 0002a0: 0000 0000 0000 0000 0000 0000 0000 0000 
  IN 0002b0: 0000 0000 0000 0000 0000 0000 0000 0000 
  IN 0002c0: 0000 0000 0000 0000 0000 0000 0000 0000 
  IN 0002d0: 0000 0000 0000 0000 0000 0000 0000 0000 
  IN 0002e0: 0000 0000 0000 0000 0000 0000 0000 0000 
  IN 0002f0: 0000 0000 0000 0000 0000 0000 0000 0000 
  IN 000300: 0000 0000 0000 0000 0000 0000 0000 0000 
  IN 000310: 0000 0000 0000 0000 0000 0000 0000 0000 
  IN 000320: 0000 0000 0000 0000 0000 0000 0000 0000 
  IN 000330: 0000 0000 0000 0000 0000 0000 0000 0000 
  IN 000340: 0000 0000 0000 0000 0000 0000 0000 0000 
  IN 000350: 0000 0000 0000 0000 0000 0000 0000 0000 
  IN 000360: 0000 0000 0000 0000 0000 0000 0000 0000 
  IN 000370: 0000 0000 0000 0000 0000 0000 0000 0000 
  IN 000380: 0000 0000 0000 0000 0000 0000 0000 0000 
  IN 000390: 0000 0000 0000 0000 0000 0000 2f55 7365 
  IN 0003a0: 7273 2f75 7365 722f 6173 6168 695f 7265 
  IN 0003b0: 2f70 7562 6c69 632f 6167 782d 7265 2f65 
  IN 0003c0: 7870 6572 696d 656e 7473 2f45 5850 2d30 
  IN 0003d0: 3133 362d 6d34 2d75 6e72 6561 6368 6162 
  IN 0003e0: 6c65 2d65 6e63 6f64 696e 6773 2f77 6f72 
  IN 0003f0: 6b2f 6269 6e2f 6465 7363 7061 7463 6800 
  IN 000400: 0200 0000 0000 0000 ffff ffff 0100 0000 
RET  seq=32 conn=2f03 sel=7(0x7) ret=0x0 outStructCnt=16
  OUT.struct len=16
  OUT 000000: 0100 0000 0000 0000 c9b4 5921 2800 0000 
CALL seq=33 fn=Method conn=2f03 class=AGXAcceleratorG16G sel=16(0x10) inScalarCnt=2 inStructCnt=0 inScalars=[0x100,0x28]
RET  seq=33 conn=2f03 sel=16(0x10) ret=0x0 outStructCnt=16
  OUT.struct len=16
  OUT 000000: 0040 d305 0100 0000 0100 0000 0000 0000 
CALL seq=34 fn=Method conn=2f03 class=AGXAcceleratorG16G sel=28(0x1c) inScalarCnt=2 inStructCnt=0 inScalars=[0x1,0x1]
RET  seq=34 conn=2f03 sel=28(0x1c) ret=0x0
CALL seq=35 fn=Struct conn=2f03 class=AGXAcceleratorG16G sel=6(0x6) inScalarCnt=0 inStructCnt=0
RET  seq=35 conn=2f03 sel=6(0x6) ret=0x0 outStructCnt=16
  OUT.struct len=16
  OUT 000000: ccb4 5921 2800 0000 ccb4 5922 2800 0000 
CALL seq=36 fn=Method conn=2f03 class=AGXAcceleratorG16G sel=14(0xe) inScalarCnt=2 inStructCnt=0 inScalars=[0x4000,0x0]
RET  seq=36 conn=2f03 sel=14(0xe) ret=0x0 outStructCnt=16
  OUT.struct len=16
  OUT 000000: 0080 d305 0100 0000 0040 0000 0100 0000 
CALL seq=37 fn=Method conn=2f03 class=AGXAcceleratorG16G sel=14(0xe) inScalarCnt=2 inStructCnt=0 inScalars=[0x4000,0x1]
RET  seq=37 conn=2f03 sel=14(0xe) ret=0x0 outStructCnt=16
  OUT.struct len=16
  OUT 000000: 00c0 d305 0100 0000 0040 0000 0200 0000 
CALL seq=38 fn=Method conn=2f03 class=AGXAcceleratorG16G sel=9(0x9) inScalarCnt=0 inStructCnt=104
  IN.struct len=104
  IN 000000: 0000 0000 0000 0000 0080 0100 0100 0000 
  IN 000010: 0101 0001 3044 0000 0000 0000 0000 0000 
  IN 000020: 0000 0000 0000 0000 0000 0000 0000 0000 
  IN 000030: 0000 0000 0000 0000 0000 0000 0000 0000 
  IN 000040: 0000 0000 0000 0000 0080 0000 0000 0000 
  IN 000050: 0000 0000 0000 0000 0000 0008 4800 0000 
  IN 000060: 0000 0000 0000 0000                     
RET  seq=38 conn=2f03 sel=9(0x9) ret=0x0 outStructCnt=88
  OUT.struct len=88
  OUT 000000: 0000 0800 0001 0000 0000 d405 0100 0000 
  OUT 000010: 4011 6100 0100 0000 0000 0000 0000 0000 
  OUT 000020: 0000 0000 1700 0000 0080 0000 0000 0000 
  OUT 000030: ccb4 5922 2800 0000 4435 0e00 0000 0000 
  OUT 000040: 0000 0000 0000 0000 0000 0000 0000 0000 
  OUT 000050: 0080 0000 0000 0000                     
CALL seq=39 fn=Method conn=2f03 class=AGXAcceleratorG16G sel=9(0x9) inScalarCnt=0 inStructCnt=104
  IN.struct len=104
  IN 000000: 0000 0000 0000 0000 0080 0100 0100 0000 
  IN 000010: 0101 0001 3044 0000 0000 0000 0000 0000 
  IN 000020: 0000 0000 0000 0000 0000 0000 0000 0000 
  IN 000030: 0000 0000 0000 0000 0000 0000 0000 0000 
  IN 000040: 0000 0000 0000 0000 0080 0000 0000 0000 
  IN 000050: 0000 0000 0000 0000 0000 0018 0000 0000 
  IN 000060: 0000 0000 0000 0000                     
RET  seq=39 conn=2f03 sel=9(0x9) ret=0x0 outStructCnt=88
  OUT.struct len=88
  OUT 000000: 0000 0900 0001 0000 0080 d405 0100 0000 
  OUT 000010: 0012 6100 0100 0000 0000 0000 0000 0000 
  OUT 000020: 0000 0000 1800 0000 0080 0000 0000 0000 
  OUT 000030: cdb4 5922 2800 0000 4535 0e00 0000 0000 
  OUT 000040: 0000 0000 0000 0000 0000 0000 0000 0000 
  OUT 000050: 0080 0000 0000 0000                     
CALL seq=40 fn=Method conn=2f03 class=AGXAcceleratorG16G sel=9(0x9) inScalarCnt=0 inStructCnt=104
  IN.struct len=104
  IN 000000: 0000 0000 0000 0000 0080 0100 0100 0000 
  IN 000010: 0101 0001 3044 0000 0000 0000 0000 0000 
  IN 000020: 0000 0000 0000 0000 0000 0000 0000 0000 
  IN 000030: 0000 0000 0000 0000 0000 0000 0000 0000 
  IN 000040: 0000 0000 0000 0000 0080 0000 0000 0000 
  IN 000050: 0000 0000 0000 0000 0000 0008 0000 0000 
  IN 000060: 0000 0000 0000 0000                     
RET  seq=40 conn=2f03 sel=9(0x9) ret=0x0 outStructCnt=88
  OUT.struct len=88
  OUT 000000: 0000 0a00 0001 0000 0000 d505 0100 0000 
  OUT 000010: c012 6100 0100 0000 0000 0000 0000 0000 
  OUT 000020: 0000 0000 1900 0000 0080 0000 0000 0000 
  OUT 000030: ceb4 5922 2800 0000 4635 0e00 0000 0000 
  OUT 000040: 0000 0000 0000 0000 0000 0000 0000 0000 
  OUT 000050: 0080 0000 0000 0000                     
CALL seq=41 fn=Method conn=2f03 class=AGXAcceleratorG16G sel=9(0x9) inScalarCnt=0 inStructCnt=104
  IN.struct len=104
  IN 000000: 0000 0000 0000 0000 0080 0100 0100 0000 
  IN 000010: 0101 0001 3044 0000 0000 0000 0000 0000 
  IN 000020: 0000 0000 0000 0000 0000 0000 0000 0000 
  IN 000030: 0000 0000 0000 0000 0000 0000 0000 0000 
  IN 000040: 0000 0000 0000 0000 0080 0000 0000 0000 
  IN 000050: 0000 0000 0000 0000 0000 0008 4000 0000 
  IN 000060: 0000 0000 0000 0000                     
RET  seq=41 conn=2f03 sel=9(0x9) ret=0x0 outStructCnt=88
  OUT.struct len=88
  OUT 000000: 0000 0b00 0001 0000 0080 d505 0100 0000 
  OUT 000010: 8013 6100 0100 0000 0000 0000 0000 0000 
  OUT 000020: 0000 0000 1a00 0000 0080 0000 0000 0000 
  OUT 000030: cfb4 5922 2800 0000 4735 0e00 0000 0000 
  OUT 000040: 0000 0000 0000 0000 0000 0000 0000 0000 
  OUT 000050: 0080 0000 0000 0000                     
CALL seq=42 fn=Method conn=2f03 class=AGXAcceleratorG16G sel=9(0x9) inScalarCnt=0 inStructCnt=104
  IN.struct len=104
  IN 000000: 0000 0000 0000 0000 0080 0100 0100 0000 
  IN 000010: 0101 0001 3044 0000 0000 0000 0000 0000 
  IN 000020: 0000 0000 0000 0000 0000 0000 0000 0000 
  IN 000030: 0000 0000 0000 0000 0000 0000 0000 0000 
  IN 000040: 0000 0000 0000 0000 0080 0000 0000 0000 
  IN 000050: 0000 0000 0000 0000 0000 0008 0000 0000 
  IN 000060: 0000 0000 0000 0000                     
RET  seq=42 conn=2f03 sel=9(0x9) ret=0x0 outStructCnt=88
  OUT.struct len=88
  OUT 000000: 0000 0c00 0001 0000 0000 d605 0100 0000 
  OUT 000010: 4014 6100 0100 0000 0000 0000 0000 0000 
  OUT 000020: 0000 0000 1b00 0000 0080 0000 0000 0000 
  OUT 000030: d0b4 5922 2800 0000 4835 0e00 0000 0000 
  OUT 000040: 0000 0000 0000 0000 0000 0000 0000 0000 
  OUT 000050: 0080 0000 0000 0000                     
CALL seq=43 fn=Method conn=2f03 class=AGXAcceleratorG16G sel=9(0x9) inScalarCnt=0 inStructCnt=104
  IN.struct len=104
  IN 000000: 0000 0000 0000 0000 0080 0100 0100 0000 
  IN 000010: 0101 0001 3044 0000 0000 0000 0000 0000 
  IN 000020: 0000 0000 0000 0000 0000 0000 0000 0000 
  IN 000030: 0000 0000 0000 0000 0000 0000 0000 0000 
  IN 000040: 0000 0000 0000 0000 0080 0000 0000 0000 
  IN 000050: 0000 0000 0000 0000 0000 0008 0000 0000 
  IN 000060: 0000 0000 0000 0000                     
RET  seq=43 conn=2f03 sel=9(0x9) ret=0x0 outStructCnt=88
  OUT.struct len=88
  OUT 000000: 0000 0d00 0001 0000 0080 d605 0100 0000 
  OUT 000010: 0015 6100 0100 0000 0000 0000 0000 0000 
  OUT 000020: 0000 0000 1c00 0000 0080 0000 0000 0000 
  OUT 000030: d1b4 5922 2800 0000 4935 0e00 0000 0000 
  OUT 000040: 0000 0000 0000 0000 0000 0000 0000 0000 
  OUT 000050: 0080 0000 0000 0000                     
CALL seq=44 fn=Method conn=2f03 class=AGXAcceleratorG16G sel=9(0x9) inScalarCnt=0 inStructCnt=104
  IN.struct len=104
  IN 000000: 0000 0000 0000 0000 8094 0100 0100 0000 
  IN 000010: 0101 0001 3044 0000 0000 0000 0000 0000 
  IN 000020: 0000 0000 0000 0000 0000 0000 0000 0000 
  IN 000030: 0000 0000 0000 0000 0000 0000 0000 0000 
  IN 000040: 0000 0000 0000 0000 8094 0000 0000 0000 
  IN 000050: 0000 0000 0000 0000 0000 0018 0000 0000 
  IN 000060: 0000 0000 0000 0000                     
RET  seq=44 conn=2f03 sel=9(0x9) ret=0x0 outStructCnt=88
  OUT.struct len=88
  OUT 000000: 0000 0e00 0001 0000 0000 d705 0100 0000 
  OUT 000010: c015 6100 0100 0000 0000 0000 0000 0000 
  OUT 000020: 0000 0000 1d00 0000 00c0 0000 0000 0000 
  OUT 000030: d2b4 5922 2800 0000 4a35 0e00 0000 0000 
  OUT 000040: 0000 0000 0000 0000 0000 0000 0000 0000 
  OUT 000050: 00c0 0000 0000 0000                     
BODUMP begin reason=sigusr1 n_bo=27
BODUMP handle=0 gpu_va=0x10000000000 cpu=0x100624000 size=0x10000 read=0x10000 -> /Users/user/asahi_re/public/agx-re/experiments/EXP-0136-m4-unreachable-encodings/work/gen/m4_20260828_run01/d_border_createtransparentBlack_code2/dump/bo_sigusr1_h0_va10000000000_cpu100624000_sz10000.hex
BODUMP handle=0 gpu_va=0x6f00000000 cpu=0x100634000 size=0x3800 read=0x3800 -> /Users/user/asahi_re/public/agx-re/experiments/EXP-0136-m4-unreachable-encodings/work/gen/m4_20260828_run01/d_border_createtransparentBlack_code2/dump/bo_sigusr1_h0_va6f00000000_cpu100634000_sz3800.hex
BODUMP handle=0 gpu_va=0x10000018000 cpu=0x104ce0000 size=0x20000 read=0x20000 -> /Users/user/asahi_re/public/agx-re/experiments/EXP-0136-m4-unreachable-encodings/work/gen/m4_20260828_run01/d_border_createtransparentBlack_code2/dump/bo_sigusr1_h0_va10000018000_cpu104ce0000_sz20000.hex
BODUMP handle=0 gpu_va=0x10000018200 cpu=0x104ce0200 size=0x20000 read=0x20000 -> /Users/user/asahi_re/public/agx-re/experiments/EXP-0136-m4-unreachable-encodings/work/gen/m4_20260828_run01/d_border_createtransparentBlack_code2/dump/bo_sigusr1_h0_va10000018200_cpu104ce0200_sz20000.hex
BODUMP handle=0 gpu_va=0x10000018400 cpu=0x104ce0400 size=0x20000 read=0x20000 -> /Users/user/asahi_re/public/agx-re/experiments/EXP-0136-m4-unreachable-encodings/work/gen/m4_20260828_run01/d_border_createtransparentBlack_code2/dump/bo_sigusr1_h0_va10000018400_cpu104ce0400_sz20000.hex
BODUMP handle=0 gpu_va=0x10000018500 cpu=0x104ce0500 size=0x20000 read=0x20000 -> /Users/user/asahi_re/public/agx-re/experiments/EXP-0136-m4-unreachable-encodings/work/gen/m4_20260828_run01/d_border_createtransparentBlack_code2/dump/bo_sigusr1_h0_va10000018500_cpu104ce0500_sz20000.hex
BODUMP handle=0 gpu_va=0x10000018700 cpu=0x104ce0700 size=0x20000 read=0x20000 -> /Users/user/asahi_re/public/agx-re/experiments/EXP-0136-m4-unreachable-encodings/work/gen/m4_20260828_run01/d_border_createtransparentBlack_code2/dump/bo_sigusr1_h0_va10000018700_cpu104ce0700_sz20000.hex
BODUMP handle=0 gpu_va=0x10000018800 cpu=0x104ce0800 size=0x20000 read=0x20000 -> /Users/user/asahi_re/public/agx-re/experiments/EXP-0136-m4-unreachable-encodings/work/gen/m4_20260828_run01/d_border_createtransparentBlack_code2/dump/bo_sigusr1_h0_va10000018800_cpu104ce0800_sz20000.hex
BODUMP handle=0 gpu_va=0x10000018900 cpu=0x104ce0900 size=0x20000 read=0x20000 -> /Users/user/asahi_re/public/agx-re/experiments/EXP-0136-m4-unreachable-encodings/work/gen/m4_20260828_run01/d_border_createtransparentBlack_code2/dump/bo_sigusr1_h0_va10000018900_cpu104ce0900_sz20000.hex
BODUMP handle=0 gpu_va=0x10000019900 cpu=0x104ce1900 size=0x20000 read=0x20000 -> /Users/user/asahi_re/public/agx-re/experiments/EXP-0136-m4-unreachable-encodings/work/gen/m4_20260828_run01/d_border_createtransparentBlack_code2/dump/bo_sigusr1_h0_va10000019900_cpu104ce1900_sz20000.hex
BODUMP handle=0 gpu_va=0x10000019a00 cpu=0x104ce1a00 size=0x20000 read=0x20000 -> /Users/user/asahi_re/public/agx-re/experiments/EXP-0136-m4-unreachable-encodings/work/gen/m4_20260828_run01/d_border_createtransparentBlack_code2/dump/bo_sigusr1_h0_va10000019a00_cpu104ce1a00_sz20000.hex
BODUMP handle=0 gpu_va=0x10000019b00 cpu=0x104ce1b00 size=0x20000 read=0x20000 -> /Users/user/asahi_re/public/agx-re/experiments/EXP-0136-m4-unreachable-encodings/work/gen/m4_20260828_run01/d_border_createtransparentBlack_code2/dump/bo_sigusr1_h0_va10000019b00_cpu104ce1b00_sz20000.hex
BODUMP handle=0 gpu_va=0x10000019c00 cpu=0x104ce1c00 size=0x20000 read=0x20000 -> /Users/user/asahi_re/public/agx-re/experiments/EXP-0136-m4-unreachable-encodings/work/gen/m4_20260828_run01/d_border_createtransparentBlack_code2/dump/bo_sigusr1_h0_va10000019c00_cpu104ce1c00_sz20000.hex
BODUMP handle=0 gpu_va=0x1000001a400 cpu=0x104ce2400 size=0x20000 read=0x20000 -> /Users/user/asahi_re/public/agx-re/experiments/EXP-0136-m4-unreachable-encodings/work/gen/m4_20260828_run01/d_border_createtransparentBlack_code2/dump/bo_sigusr1_h0_va1000001a400_cpu104ce2400_sz20000.hex
BODUMP handle=0 gpu_va=0x10000040000 cpu=0x104d00000 size=0x10000 read=0x10000 -> /Users/user/asahi_re/public/agx-re/experiments/EXP-0136-m4-unreachable-encodings/work/gen/m4_20260828_run01/d_border_createtransparentBlack_code2/dump/bo_sigusr1_h0_va10000040000_cpu104d00000_sz10000.hex
BODUMP handle=0 gpu_va=0x0 cpu=0x104d10000 size=0x10000 read=0x10000 -> /Users/user/asahi_re/public/agx-re/experiments/EXP-0136-m4-unreachable-encodings/work/gen/m4_20260828_run01/d_border_createtransparentBlack_code2/dump/bo_sigusr1_h0_va0_cpu104d10000_sz10000.hex
BODUMP handle=0 gpu_va=0x1000001a500 cpu=0x104ce2500 size=0x20000 read=0x20000 -> /Users/user/asahi_re/public/agx-re/experiments/EXP-0136-m4-unreachable-encodings/work/gen/m4_20260828_run01/d_border_createtransparentBlack_code2/dump/bo_sigusr1_h0_va1000001a500_cpu104ce2500_sz20000.hex
BODUMP handle=0 gpu_va=0x10000058000 cpu=0x104d20000 size=0x20000 read=0x20000 -> /Users/user/asahi_re/public/agx-re/experiments/EXP-0136-m4-unreachable-encodings/work/gen/m4_20260828_run01/d_border_createtransparentBlack_code2/dump/bo_sigusr1_h0_va10000058000_cpu104d20000_sz20000.hex
BODUMP handle=0 gpu_va=0x1000001c500 cpu=0x104ce4500 size=0x20000 read=0x20000 -> /Users/user/asahi_re/public/agx-re/experiments/EXP-0136-m4-unreachable-encodings/work/gen/m4_20260828_run01/d_border_createtransparentBlack_code2/dump/bo_sigusr1_h0_va1000001c500_cpu104ce4500_sz20000.hex
BODUMP handle=0 gpu_va=0x1000001c600 cpu=0x104ce4600 size=0x20000 read=0x20000 -> /Users/user/asahi_re/public/agx-re/experiments/EXP-0136-m4-unreachable-encodings/work/gen/m4_20260828_run01/d_border_createtransparentBlack_code2/dump/bo_sigusr1_h0_va1000001c600_cpu104ce4600_sz20000.hex
BODUMP handle=0 gpu_va=0x10000080000 cpu=0x105d40000 size=0x8000 read=0x8000 -> /Users/user/asahi_re/public/agx-re/experiments/EXP-0136-m4-unreachable-encodings/work/gen/m4_20260828_run01/d_border_createtransparentBlack_code2/dump/bo_sigusr1_h0_va10000080000_cpu105d40000_sz8000.hex
BODUMP handle=0 gpu_va=0x10000090000 cpu=0x105d48000 size=0x8000 read=0x8000 -> /Users/user/asahi_re/public/agx-re/experiments/EXP-0136-m4-unreachable-encodings/work/gen/m4_20260828_run01/d_border_createtransparentBlack_code2/dump/bo_sigusr1_h0_va10000090000_cpu105d48000_sz8000.hex
BODUMP handle=0 gpu_va=0x100000a0000 cpu=0x105d50000 size=0x8000 read=0x8000 -> /Users/user/asahi_re/public/agx-re/experiments/EXP-0136-m4-unreachable-encodings/work/gen/m4_20260828_run01/d_border_createtransparentBlack_code2/dump/bo_sigusr1_h0_va100000a0000_cpu105d50000_sz8000.hex
BODUMP handle=0 gpu_va=0x100000b0000 cpu=0x105d58000 size=0x8000 read=0x8000 -> /Users/user/asahi_re/public/agx-re/experiments/EXP-0136-m4-unreachable-encodings/work/gen/m4_20260828_run01/d_border_createtransparentBlack_code2/dump/bo_sigusr1_h0_va100000b0000_cpu105d58000_sz8000.hex
BODUMP handle=0 gpu_va=0x100000c0000 cpu=0x105d60000 size=0x8000 read=0x8000 -> /Users/user/asahi_re/public/agx-re/experiments/EXP-0136-m4-unreachable-encodings/work/gen/m4_20260828_run01/d_border_createtransparentBlack_code2/dump/bo_sigusr1_h0_va100000c0000_cpu105d60000_sz8000.hex
BODUMP handle=0 gpu_va=0x100000d0000 cpu=0x105d68000 size=0x8000 read=0x8000 -> /Users/user/asahi_re/public/agx-re/experiments/EXP-0136-m4-unreachable-encodings/work/gen/m4_20260828_run01/d_border_createtransparentBlack_code2/dump/bo_sigusr1_h0_va100000d0000_cpu105d68000_sz8000.hex
BODUMP handle=0 gpu_va=0x100000e0000 cpu=0x105d70000 size=0x9480 read=0x9480 -> /Users/user/asahi_re/public/agx-re/experiments/EXP-0136-m4-unreachable-encodings/work/gen/m4_20260828_run01/d_border_createtransparentBlack_code2/dump/bo_sigusr1_h0_va100000e0000_cpu105d70000_sz9480.hex
BODUMP end reason=sigusr1
MAPDUMP reason=sigusr1 seq=44 conn=0 memType=0x00005e15 addr=0x10061c000 size=0x4000 read=0x4000 -> /Users/user/asahi_re/public/agx-re/experiments/EXP-0136-m4-unreachable-encodings/work/gen/m4_20260828_run01/d_border_createtransparentBlack_code2/dump/map_seq000044_conn0_type00005e15_at10061c000_sz4000.hex
MAPDUMP reason=sigusr1 seq=44 conn=0 memType=0x00005e15 addr=0x100610000 size=0x4000 read=0x4000 -> /Users/user/asahi_re/public/agx-re/experiments/EXP-0136-m4-unreachable-encodings/work/gen/m4_20260828_run01/d_border_createtransparentBlack_code2/dump/map_seq000044_conn0_type00005e15_at100610000_sz4000.hex
BODUMP begin reason=sigusr1 n_bo=27
BODUMP handle=0 gpu_va=0x10000000000 cpu=0x100624000 size=0x10000 read=0x10000 -> /Users/user/asahi_re/public/agx-re/experiments/EXP-0136-m4-unreachable-encodings/work/gen/m4_20260828_run01/d_border_createtransparentBlack_code2/dump/bo_sigusr1_h0_va10000000000_cpu100624000_sz10000.hex
BODUMP handle=0 gpu_va=0x6f00000000 cpu=0x100634000 size=0x3800 read=0x3800 -> /Users/user/asahi_re/public/agx-re/experiments/EXP-0136-m4-unreachable-encodings/work/gen/m4_20260828_run01/d_border_createtransparentBlack_code2/dump/bo_sigusr1_h0_va6f00000000_cpu100634000_sz3800.hex
BODUMP handle=0 gpu_va=0x10000018000 cpu=0x104ce0000 size=0x20000 read=0x20000 -> /Users/user/asahi_re/public/agx-re/experiments/EXP-0136-m4-unreachable-encodings/work/gen/m4_20260828_run01/d_border_createtransparentBlack_code2/dump/bo_sigusr1_h0_va10000018000_cpu104ce0000_sz20000.hex
BODUMP handle=0 gpu_va=0x10000018200 cpu=0x104ce0200 size=0x20000 read=0x20000 -> /Users/user/asahi_re/public/agx-re/experiments/EXP-0136-m4-unreachable-encodings/work/gen/m4_20260828_run01/d_border_createtransparentBlack_code2/dump/bo_sigusr1_h0_va10000018200_cpu104ce0200_sz20000.hex
BODUMP handle=0 gpu_va=0x10000018400 cpu=0x104ce0400 size=0x20000 read=0x20000 -> /Users/user/asahi_re/public/agx-re/experiments/EXP-0136-m4-unreachable-encodings/work/gen/m4_20260828_run01/d_border_createtransparentBlack_code2/dump/bo_sigusr1_h0_va10000018400_cpu104ce0400_sz20000.hex
BODUMP handle=0 gpu_va=0x10000018500 cpu=0x104ce0500 size=0x20000 read=0x20000 -> /Users/user/asahi_re/public/agx-re/experiments/EXP-0136-m4-unreachable-encodings/work/gen/m4_20260828_run01/d_border_createtransparentBlack_code2/dump/bo_sigusr1_h0_va10000018500_cpu104ce0500_sz20000.hex
BODUMP handle=0 gpu_va=0x10000018700 cpu=0x104ce0700 size=0x20000 read=0x20000 -> /Users/user/asahi_re/public/agx-re/experiments/EXP-0136-m4-unreachable-encodings/work/gen/m4_20260828_run01/d_border_createtransparentBlack_code2/dump/bo_sigusr1_h0_va10000018700_cpu104ce0700_sz20000.hex
BODUMP handle=0 gpu_va=0x10000018800 cpu=0x104ce0800 size=0x20000 read=0x20000 -> /Users/user/asahi_re/public/agx-re/experiments/EXP-0136-m4-unreachable-encodings/work/gen/m4_20260828_run01/d_border_createtransparentBlack_code2/dump/bo_sigusr1_h0_va10000018800_cpu104ce0800_sz20000.hex
BODUMP handle=0 gpu_va=0x10000018900 cpu=0x104ce0900 size=0x20000 read=0x20000 -> /Users/user/asahi_re/public/agx-re/experiments/EXP-0136-m4-unreachable-encodings/work/gen/m4_20260828_run01/d_border_createtransparentBlack_code2/dump/bo_sigusr1_h0_va10000018900_cpu104ce0900_sz20000.hex
BODUMP handle=0 gpu_va=0x10000019900 cpu=0x104ce1900 size=0x20000 read=0x20000 -> /Users/user/asahi_re/public/agx-re/experiments/EXP-0136-m4-unreachable-encodings/work/gen/m4_20260828_run01/d_border_createtransparentBlack_code2/dump/bo_sigusr1_h0_va10000019900_cpu104ce1900_sz20000.hex
BODUMP handle=0 gpu_va=0x10000019a00 cpu=0x104ce1a00 size=0x20000 read=0x20000 -> /Users/user/asahi_re/public/agx-re/experiments/EXP-0136-m4-unreachable-encodings/work/gen/m4_20260828_run01/d_border_createtransparentBlack_code2/dump/bo_sigusr1_h0_va10000019a00_cpu104ce1a00_sz20000.hex
BODUMP handle=0 gpu_va=0x10000019b00 cpu=0x104ce1b00 size=0x20000 read=0x20000 -> /Users/user/asahi_re/public/agx-re/experiments/EXP-0136-m4-unreachable-encodings/work/gen/m4_20260828_run01/d_border_createtransparentBlack_code2/dump/bo_sigusr1_h0_va10000019b00_cpu104ce1b00_sz20000.hex
BODUMP handle=0 gpu_va=0x10000019c00 cpu=0x104ce1c00 size=0x20000 read=0x20000 -> /Users/user/asahi_re/public/agx-re/experiments/EXP-0136-m4-unreachable-encodings/work/gen/m4_20260828_run01/d_border_createtransparentBlack_code2/dump/bo_sigusr1_h0_va10000019c00_cpu104ce1c00_sz20000.hex
BODUMP handle=0 gpu_va=0x1000001a400 cpu=0x104ce2400 size=0x20000 read=0x20000 -> /Users/user/asahi_re/public/agx-re/experiments/EXP-0136-m4-unreachable-encodings/work/gen/m4_20260828_run01/d_border_createtransparentBlack_code2/dump/bo_sigusr1_h0_va1000001a400_cpu104ce2400_sz20000.hex
BODUMP handle=0 gpu_va=0x10000040000 cpu=0x104d00000 size=0x10000 read=0x10000 -> /Users/user/asahi_re/public/agx-re/experiments/EXP-0136-m4-unreachable-encodings/work/gen/m4_20260828_run01/d_border_createtransparentBlack_code2/dump/bo_sigusr1_h0_va10000040000_cpu104d00000_sz10000.hex
BODUMP handle=0 gpu_va=0x0 cpu=0x104d10000 size=0x10000 read=0x10000 -> /Users/user/asahi_re/public/agx-re/experiments/EXP-0136-m4-unreachable-encodings/work/gen/m4_20260828_run01/d_border_createtransparentBlack_code2/dump/bo_sigusr1_h0_va0_cpu104d10000_sz10000.hex
BODUMP handle=0 gpu_va=0x1000001a500 cpu=0x104ce2500 size=0x20000 read=0x20000 -> /Users/user/asahi_re/public/agx-re/experiments/EXP-0136-m4-unreachable-encodings/work/gen/m4_20260828_run01/d_border_createtransparentBlack_code2/dump/bo_sigusr1_h0_va1000001a500_cpu104ce2500_sz20000.hex
BODUMP handle=0 gpu_va=0x10000058000 cpu=0x104d20000 size=0x20000 read=0x20000 -> /Users/user/asahi_re/public/agx-re/experiments/EXP-0136-m4-unreachable-encodings/work/gen/m4_20260828_run01/d_border_createtransparentBlack_code2/dump/bo_sigusr1_h0_va10000058000_cpu104d20000_sz20000.hex
BODUMP handle=0 gpu_va=0x1000001c500 cpu=0x104ce4500 size=0x20000 read=0x20000 -> /Users/user/asahi_re/public/agx-re/experiments/EXP-0136-m4-unreachable-encodings/work/gen/m4_20260828_run01/d_border_createtransparentBlack_code2/dump/bo_sigusr1_h0_va1000001c500_cpu104ce4500_sz20000.hex
BODUMP handle=0 gpu_va=0x1000001c600 cpu=0x104ce4600 size=0x20000 read=0x20000 -> /Users/user/asahi_re/public/agx-re/experiments/EXP-0136-m4-unreachable-encodings/work/gen/m4_20260828_run01/d_border_createtransparentBlack_code2/dump/bo_sigusr1_h0_va1000001c600_cpu104ce4600_sz20000.hex
BODUMP handle=0 gpu_va=0x10000080000 cpu=0x105d40000 size=0x8000 read=0x8000 -> /Users/user/asahi_re/public/agx-re/experiments/EXP-0136-m4-unreachable-encodings/work/gen/m4_20260828_run01/d_border_createtransparentBlack_code2/dump/bo_sigusr1_h0_va10000080000_cpu105d40000_sz8000.hex
BODUMP handle=0 gpu_va=0x10000090000 cpu=0x105d48000 size=0x8000 read=0x8000 -> /Users/user/asahi_re/public/agx-re/experiments/EXP-0136-m4-unreachable-encodings/work/gen/m4_20260828_run01/d_border_createtransparentBlack_code2/dump/bo_sigusr1_h0_va10000090000_cpu105d48000_sz8000.hex
BODUMP handle=0 gpu_va=0x100000a0000 cpu=0x105d50000 size=0x8000 read=0x8000 -> /Users/user/asahi_re/public/agx-re/experiments/EXP-0136-m4-unreachable-encodings/work/gen/m4_20260828_run01/d_border_createtransparentBlack_code2/dump/bo_sigusr1_h0_va100000a0000_cpu105d50000_sz8000.hex
BODUMP handle=0 gpu_va=0x100000b0000 cpu=0x105d58000 size=0x8000 read=0x8000 -> /Users/user/asahi_re/public/agx-re/experiments/EXP-0136-m4-unreachable-encodings/work/gen/m4_20260828_run01/d_border_createtransparentBlack_code2/dump/bo_sigusr1_h0_va100000b0000_cpu105d58000_sz8000.hex
BODUMP handle=0 gpu_va=0x100000c0000 cpu=0x105d60000 size=0x8000 read=0x8000 -> /Users/user/asahi_re/public/agx-re/experiments/EXP-0136-m4-unreachable-encodings/work/gen/m4_20260828_run01/d_border_createtransparentBlack_code2/dump/bo_sigusr1_h0_va100000c0000_cpu105d60000_sz8000.hex
BODUMP handle=0 gpu_va=0x100000d0000 cpu=0x105d68000 size=0x8000 read=0x8000 -> /Users/user/asahi_re/public/agx-re/experiments/EXP-0136-m4-unreachable-encodings/work/gen/m4_20260828_run01/d_border_createtransparentBlack_code2/dump/bo_sigusr1_h0_va100000d0000_cpu105d68000_sz8000.hex
BODUMP handle=0 gpu_va=0x100000e0000 cpu=0x105d70000 size=0x9480 read=0x9480 -> /Users/user/asahi_re/public/agx-re/experiments/EXP-0136-m4-unreachable-encodings/work/gen/m4_20260828_run01/d_border_createtransparentBlack_code2/dump/bo_sigusr1_h0_va100000e0000_cpu105d70000_sz9480.hex
BODUMP end reason=sigusr1
MAPDUMP reason=sigusr1 seq=44 conn=0 memType=0x00005e15 addr=0x10061c000 size=0x4000 read=0x4000 -> /Users/user/asahi_re/public/agx-re/experiments/EXP-0136-m4-unreachable-encodings/work/gen/m4_20260828_run01/d_border_createtransparentBlack_code2/dump/map_seq000044_conn0_type00005e15_at10061c000_sz4000.hex
MAPDUMP reason=sigusr1 seq=44 conn=0 memType=0x00005e15 addr=0x100610000 size=0x4000 read=0x4000 -> /Users/user/asahi_re/public/agx-re/experiments/EXP-0136-m4-unreachable-encodings/work/gen/m4_20260828_run01/d_border_createtransparentBlack_code2/dump/map_seq000044_conn0_type00005e15_at100610000_sz4000.hex
BODUMP begin reason=sigusr1 n_bo=27
BODUMP handle=0 gpu_va=0x10000000000 cpu=0x100624000 size=0x10000 read=0x10000 -> /Users/user/asahi_re/public/agx-re/experiments/EXP-0136-m4-unreachable-encodings/work/gen/m4_20260828_run01/d_border_createtransparentBlack_code2/dump/bo_sigusr1_h0_va10000000000_cpu100624000_sz10000.hex
BODUMP handle=0 gpu_va=0x6f00000000 cpu=0x100634000 size=0x3800 read=0x3800 -> /Users/user/asahi_re/public/agx-re/experiments/EXP-0136-m4-unreachable-encodings/work/gen/m4_20260828_run01/d_border_createtransparentBlack_code2/dump/bo_sigusr1_h0_va6f00000000_cpu100634000_sz3800.hex
BODUMP handle=0 gpu_va=0x10000018000 cpu=0x104ce0000 size=0x20000 read=0x20000 -> /Users/user/asahi_re/public/agx-re/experiments/EXP-0136-m4-unreachable-encodings/work/gen/m4_20260828_run01/d_border_createtransparentBlack_code2/dump/bo_sigusr1_h0_va10000018000_cpu104ce0000_sz20000.hex
BODUMP handle=0 gpu_va=0x10000018200 cpu=0x104ce0200 size=0x20000 read=0x20000 -> /Users/user/asahi_re/public/agx-re/experiments/EXP-0136-m4-unreachable-encodings/work/gen/m4_20260828_run01/d_border_createtransparentBlack_code2/dump/bo_sigusr1_h0_va10000018200_cpu104ce0200_sz20000.hex
BODUMP handle=0 gpu_va=0x10000018400 cpu=0x104ce0400 size=0x20000 read=0x20000 -> /Users/user/asahi_re/public/agx-re/experiments/EXP-0136-m4-unreachable-encodings/work/gen/m4_20260828_run01/d_border_createtransparentBlack_code2/dump/bo_sigusr1_h0_va10000018400_cpu104ce0400_sz20000.hex
BODUMP handle=0 gpu_va=0x10000018500 cpu=0x104ce0500 size=0x20000 read=0x20000 -> /Users/user/asahi_re/public/agx-re/experiments/EXP-0136-m4-unreachable-encodings/work/gen/m4_20260828_run01/d_border_createtransparentBlack_code2/dump/bo_sigusr1_h0_va10000018500_cpu104ce0500_sz20000.hex
BODUMP handle=0 gpu_va=0x10000018700 cpu=0x104ce0700 size=0x20000 read=0x20000 -> /Users/user/asahi_re/public/agx-re/experiments/EXP-0136-m4-unreachable-encodings/work/gen/m4_20260828_run01/d_border_createtransparentBlack_code2/dump/bo_sigusr1_h0_va10000018700_cpu104ce0700_sz20000.hex
BODUMP handle=0 gpu_va=0x10000018800 cpu=0x104ce0800 size=0x20000 read=0x20000 -> /Users/user/asahi_re/public/agx-re/experiments/EXP-0136-m4-unreachable-encodings/work/gen/m4_20260828_run01/d_border_createtransparentBlack_code2/dump/bo_sigusr1_h0_va10000018800_cpu104ce0800_sz20000.hex
BODUMP handle=0 gpu_va=0x10000018900 cpu=0x104ce0900 size=0x20000 read=0x20000 -> /Users/user/asahi_re/public/agx-re/experiments/EXP-0136-m4-unreachable-encodings/work/gen/m4_20260828_run01/d_border_createtransparentBlack_code2/dump/bo_sigusr1_h0_va10000018900_cpu104ce0900_sz20000.hex
BODUMP handle=0 gpu_va=0x10000019900 cpu=0x104ce1900 size=0x20000 read=0x20000 -> /Users/user/asahi_re/public/agx-re/experiments/EXP-0136-m4-unreachable-encodings/work/gen/m4_20260828_run01/d_border_createtransparentBlack_code2/dump/bo_sigusr1_h0_va10000019900_cpu104ce1900_sz20000.hex
BODUMP handle=0 gpu_va=0x10000019a00 cpu=0x104ce1a00 size=0x20000 read=0x20000 -> /Users/user/asahi_re/public/agx-re/experiments/EXP-0136-m4-unreachable-encodings/work/gen/m4_20260828_run01/d_border_createtransparentBlack_code2/dump/bo_sigusr1_h0_va10000019a00_cpu104ce1a00_sz20000.hex
BODUMP handle=0 gpu_va=0x10000019b00 cpu=0x104ce1b00 size=0x20000 read=0x20000 -> /Users/user/asahi_re/public/agx-re/experiments/EXP-0136-m4-unreachable-encodings/work/gen/m4_20260828_run01/d_border_createtransparentBlack_code2/dump/bo_sigusr1_h0_va10000019b00_cpu104ce1b00_sz20000.hex
BODUMP handle=0 gpu_va=0x10000019c00 cpu=0x104ce1c00 size=0x20000 read=0x20000 -> /Users/user/asahi_re/public/agx-re/experiments/EXP-0136-m4-unreachable-encodings/work/gen/m4_20260828_run01/d_border_createtransparentBlack_code2/dump/bo_sigusr1_h0_va10000019c00_cpu104ce1c00_sz20000.hex
BODUMP handle=0 gpu_va=0x1000001a400 cpu=0x104ce2400 size=0x20000 read=0x20000 -> /Users/user/asahi_re/public/agx-re/experiments/EXP-0136-m4-unreachable-encodings/work/gen/m4_20260828_run01/d_border_createtransparentBlack_code2/dump/bo_sigusr1_h0_va1000001a400_cpu104ce2400_sz20000.hex
BODUMP handle=0 gpu_va=0x10000040000 cpu=0x104d00000 size=0x10000 read=0x10000 -> /Users/user/asahi_re/public/agx-re/experiments/EXP-0136-m4-unreachable-encodings/work/gen/m4_20260828_run01/d_border_createtransparentBlack_code2/dump/bo_sigusr1_h0_va10000040000_cpu104d00000_sz10000.hex
BODUMP handle=0 gpu_va=0x0 cpu=0x104d10000 size=0x10000 read=0x10000 -> /Users/user/asahi_re/public/agx-re/experiments/EXP-0136-m4-unreachable-encodings/work/gen/m4_20260828_run01/d_border_createtransparentBlack_code2/dump/bo_sigusr1_h0_va0_cpu104d10000_sz10000.hex
BODUMP handle=0 gpu_va=0x1000001a500 cpu=0x104ce2500 size=0x20000 read=0x20000 -> /Users/user/asahi_re/public/agx-re/experiments/EXP-0136-m4-unreachable-encodings/work/gen/m4_20260828_run01/d_border_createtransparentBlack_code2/dump/bo_sigusr1_h0_va1000001a500_cpu104ce2500_sz20000.hex
BODUMP handle=0 gpu_va=0x10000058000 cpu=0x104d20000 size=0x20000 read=0x20000 -> /Users/user/asahi_re/public/agx-re/experiments/EXP-0136-m4-unreachable-encodings/work/gen/m4_20260828_run01/d_border_createtransparentBlack_code2/dump/bo_sigusr1_h0_va10000058000_cpu104d20000_sz20000.hex
BODUMP handle=0 gpu_va=0x1000001c500 cpu=0x104ce4500 size=0x20000 read=0x20000 -> /Users/user/asahi_re/public/agx-re/experiments/EXP-0136-m4-unreachable-encodings/work/gen/m4_20260828_run01/d_border_createtransparentBlack_code2/dump/bo_sigusr1_h0_va1000001c500_cpu104ce4500_sz20000.hex
BODUMP handle=0 gpu_va=0x1000001c600 cpu=0x104ce4600 size=0x20000 read=0x20000 -> /Users/user/asahi_re/public/agx-re/experiments/EXP-0136-m4-unreachable-encodings/work/gen/m4_20260828_run01/d_border_createtransparentBlack_code2/dump/bo_sigusr1_h0_va1000001c600_cpu104ce4600_sz20000.hex
BODUMP handle=0 gpu_va=0x10000080000 cpu=0x105d40000 size=0x8000 read=0x8000 -> /Users/user/asahi_re/public/agx-re/experiments/EXP-0136-m4-unreachable-encodings/work/gen/m4_20260828_run01/d_border_createtransparentBlack_code2/dump/bo_sigusr1_h0_va10000080000_cpu105d40000_sz8000.hex
BODUMP handle=0 gpu_va=0x10000090000 cpu=0x105d48000 size=0x8000 read=0x8000 -> /Users/user/asahi_re/public/agx-re/experiments/EXP-0136-m4-unreachable-encodings/work/gen/m4_20260828_run01/d_border_createtransparentBlack_code2/dump/bo_sigusr1_h0_va10000090000_cpu105d48000_sz8000.hex
BODUMP handle=0 gpu_va=0x100000a0000 cpu=0x105d50000 size=0x8000 read=0x8000 -> /Users/user/asahi_re/public/agx-re/experiments/EXP-0136-m4-unreachable-encodings/work/gen/m4_20260828_run01/d_border_createtransparentBlack_code2/dump/bo_sigusr1_h0_va100000a0000_cpu105d50000_sz8000.hex
BODUMP handle=0 gpu_va=0x100000b0000 cpu=0x105d58000 size=0x8000 read=0x8000 -> /Users/user/asahi_re/public/agx-re/experiments/EXP-0136-m4-unreachable-encodings/work/gen/m4_20260828_run01/d_border_createtransparentBlack_code2/dump/bo_sigusr1_h0_va100000b0000_cpu105d58000_sz8000.hex
BODUMP handle=0 gpu_va=0x100000c0000 cpu=0x105d60000 size=0x8000 read=0x8000 -> /Users/user/asahi_re/public/agx-re/experiments/EXP-0136-m4-unreachable-encodings/work/gen/m4_20260828_run01/d_border_createtransparentBlack_code2/dump/bo_sigusr1_h0_va100000c0000_cpu105d60000_sz8000.hex
BODUMP handle=0 gpu_va=0x100000d0000 cpu=0x105d68000 size=0x8000 read=0x8000 -> /Users/user/asahi_re/public/agx-re/experiments/EXP-0136-m4-unreachable-encodings/work/gen/m4_20260828_run01/d_border_createtransparentBlack_code2/dump/bo_sigusr1_h0_va100000d0000_cpu105d68000_sz8000.hex
BODUMP handle=0 gpu_va=0x100000e0000 cpu=0x105d70000 size=0x9480 read=0x9480 -> /Users/user/asahi_re/public/agx-re/experiments/EXP-0136-m4-unreachable-encodings/work/gen/m4_20260828_run01/d_border_createtransparentBlack_code2/dump/bo_sigusr1_h0_va100000e0000_cpu105d70000_sz9480.hex
BODUMP end reason=sigusr1
MAPDUMP reason=sigusr1 seq=44 conn=0 memType=0x00005e15 addr=0x10061c000 size=0x4000 read=0x4000 -> /Users/user/asahi_re/public/agx-re/experiments/EXP-0136-m4-unreachable-encodings/work/gen/m4_20260828_run01/d_border_createtransparentBlack_code2/dump/map_seq000044_conn0_type00005e15_at10061c000_sz4000.hex
MAPDUMP reason=sigusr1 seq=44 conn=0 memType=0x00005e15 addr=0x100610000 size=0x4000 read=0x4000 -> /Users/user/asahi_re/public/agx-re/experiments/EXP-0136-m4-unreachable-encodings/work/gen/m4_20260828_run01/d_border_createtransparentBlack_code2/dump/map_seq000044_conn0_type00005e15_at100610000_sz4000.hex
BODUMP begin reason=sigusr1 n_bo=27
BODUMP handle=0 gpu_va=0x10000000000 cpu=0x100624000 size=0x10000 read=0x10000 -> /Users/user/asahi_re/public/agx-re/experiments/EXP-0136-m4-unreachable-encodings/work/gen/m4_20260828_run01/d_border_createtransparentBlack_code2/dump/bo_sigusr1_h0_va10000000000_cpu100624000_sz10000.hex
BODUMP handle=0 gpu_va=0x6f00000000 cpu=0x100634000 size=0x3800 read=0x3800 -> /Users/user/asahi_re/public/agx-re/experiments/EXP-0136-m4-unreachable-encodings/work/gen/m4_20260828_run01/d_border_createtransparentBlack_code2/dump/bo_sigusr1_h0_va6f00000000_cpu100634000_sz3800.hex
BODUMP handle=0 gpu_va=0x10000018000 cpu=0x104ce0000 size=0x20000 read=0x20000 -> /Users/user/asahi_re/public/agx-re/experiments/EXP-0136-m4-unreachable-encodings/work/gen/m4_20260828_run01/d_border_createtransparentBlack_code2/dump/bo_sigusr1_h0_va10000018000_cpu104ce0000_sz20000.hex
BODUMP handle=0 gpu_va=0x10000018200 cpu=0x104ce0200 size=0x20000 read=0x20000 -> /Users/user/asahi_re/public/agx-re/experiments/EXP-0136-m4-unreachable-encodings/work/gen/m4_20260828_run01/d_border_createtransparentBlack_code2/dump/bo_sigusr1_h0_va10000018200_cpu104ce0200_sz20000.hex
BODUMP handle=0 gpu_va=0x10000018400 cpu=0x104ce0400 size=0x20000 read=0x20000 -> /Users/user/asahi_re/public/agx-re/experiments/EXP-0136-m4-unreachable-encodings/work/gen/m4_20260828_run01/d_border_createtransparentBlack_code2/dump/bo_sigusr1_h0_va10000018400_cpu104ce0400_sz20000.hex
BODUMP handle=0 gpu_va=0x10000018500 cpu=0x104ce0500 size=0x20000 read=0x20000 -> /Users/user/asahi_re/public/agx-re/experiments/EXP-0136-m4-unreachable-encodings/work/gen/m4_20260828_run01/d_border_createtransparentBlack_code2/dump/bo_sigusr1_h0_va10000018500_cpu104ce0500_sz20000.hex
BODUMP handle=0 gpu_va=0x10000018700 cpu=0x104ce0700 size=0x20000 read=0x20000 -> /Users/user/asahi_re/public/agx-re/experiments/EXP-0136-m4-unreachable-encodings/work/gen/m4_20260828_run01/d_border_createtransparentBlack_code2/dump/bo_sigusr1_h0_va10000018700_cpu104ce0700_sz20000.hex
BODUMP handle=0 gpu_va=0x10000018800 cpu=0x104ce0800 size=0x20000 read=0x20000 -> /Users/user/asahi_re/public/agx-re/experiments/EXP-0136-m4-unreachable-encodings/work/gen/m4_20260828_run01/d_border_createtransparentBlack_code2/dump/bo_sigusr1_h0_va10000018800_cpu104ce0800_sz20000.hex
BODUMP handle=0 gpu_va=0x10000018900 cpu=0x104ce0900 size=0x20000 read=0x20000 -> /Users/user/asahi_re/public/agx-re/experiments/EXP-0136-m4-unreachable-encodings/work/gen/m4_20260828_run01/d_border_createtransparentBlack_code2/dump/bo_sigusr1_h0_va10000018900_cpu104ce0900_sz20000.hex
BODUMP handle=0 gpu_va=0x10000019900 cpu=0x104ce1900 size=0x20000 read=0x20000 -> /Users/user/asahi_re/public/agx-re/experiments/EXP-0136-m4-unreachable-encodings/work/gen/m4_20260828_run01/d_border_createtransparentBlack_code2/dump/bo_sigusr1_h0_va10000019900_cpu104ce1900_sz20000.hex
BODUMP handle=0 gpu_va=0x10000019a00 cpu=0x104ce1a00 size=0x20000 read=0x20000 -> /Users/user/asahi_re/public/agx-re/experiments/EXP-0136-m4-unreachable-encodings/work/gen/m4_20260828_run01/d_border_createtransparentBlack_code2/dump/bo_sigusr1_h0_va10000019a00_cpu104ce1a00_sz20000.hex
BODUMP handle=0 gpu_va=0x10000019b00 cpu=0x104ce1b00 size=0x20000 read=0x20000 -> /Users/user/asahi_re/public/agx-re/experiments/EXP-0136-m4-unreachable-encodings/work/gen/m4_20260828_run01/d_border_createtransparentBlack_code2/dump/bo_sigusr1_h0_va10000019b00_cpu104ce1b00_sz20000.hex
BODUMP handle=0 gpu_va=0x10000019c00 cpu=0x104ce1c00 size=0x20000 read=0x20000 -> /Users/user/asahi_re/public/agx-re/experiments/EXP-0136-m4-unreachable-encodings/work/gen/m4_20260828_run01/d_border_createtransparentBlack_code2/dump/bo_sigusr1_h0_va10000019c00_cpu104ce1c00_sz20000.hex
BODUMP handle=0 gpu_va=0x1000001a400 cpu=0x104ce2400 size=0x20000 read=0x20000 -> /Users/user/asahi_re/public/agx-re/experiments/EXP-0136-m4-unreachable-encodings/work/gen/m4_20260828_run01/d_border_createtransparentBlack_code2/dump/bo_sigusr1_h0_va1000001a400_cpu104ce2400_sz20000.hex
BODUMP handle=0 gpu_va=0x10000040000 cpu=0x104d00000 size=0x10000 read=0x10000 -> /Users/user/asahi_re/public/agx-re/experiments/EXP-0136-m4-unreachable-encodings/work/gen/m4_20260828_run01/d_border_createtransparentBlack_code2/dump/bo_sigusr1_h0_va10000040000_cpu104d00000_sz10000.hex
BODUMP handle=0 gpu_va=0x0 cpu=0x104d10000 size=0x10000 read=0x10000 -> /Users/user/asahi_re/public/agx-re/experiments/EXP-0136-m4-unreachable-encodings/work/gen/m4_20260828_run01/d_border_createtransparentBlack_code2/dump/bo_sigusr1_h0_va0_cpu104d10000_sz10000.hex
BODUMP handle=0 gpu_va=0x1000001a500 cpu=0x104ce2500 size=0x20000 read=0x20000 -> /Users/user/asahi_re/public/agx-re/experiments/EXP-0136-m4-unreachable-encodings/work/gen/m4_20260828_run01/d_border_createtransparentBlack_code2/dump/bo_sigusr1_h0_va1000001a500_cpu104ce2500_sz20000.hex
BODUMP handle=0 gpu_va=0x10000058000 cpu=0x104d20000 size=0x20000 read=0x20000 -> /Users/user/asahi_re/public/agx-re/experiments/EXP-0136-m4-unreachable-encodings/work/gen/m4_20260828_run01/d_border_createtransparentBlack_code2/dump/bo_sigusr1_h0_va10000058000_cpu104d20000_sz20000.hex
BODUMP handle=0 gpu_va=0x1000001c500 cpu=0x104ce4500 size=0x20000 read=0x20000 -> /Users/user/asahi_re/public/agx-re/experiments/EXP-0136-m4-unreachable-encodings/work/gen/m4_20260828_run01/d_border_createtransparentBlack_code2/dump/bo_sigusr1_h0_va1000001c500_cpu104ce4500_sz20000.hex
BODUMP handle=0 gpu_va=0x1000001c600 cpu=0x104ce4600 size=0x20000 read=0x20000 -> /Users/user/asahi_re/public/agx-re/experiments/EXP-0136-m4-unreachable-encodings/work/gen/m4_20260828_run01/d_border_createtransparentBlack_code2/dump/bo_sigusr1_h0_va1000001c600_cpu104ce4600_sz20000.hex
BODUMP handle=0 gpu_va=0x10000080000 cpu=0x105d40000 size=0x8000 read=0x8000 -> /Users/user/asahi_re/public/agx-re/experiments/EXP-0136-m4-unreachable-encodings/work/gen/m4_20260828_run01/d_border_createtransparentBlack_code2/dump/bo_sigusr1_h0_va10000080000_cpu105d40000_sz8000.hex
BODUMP handle=0 gpu_va=0x10000090000 cpu=0x105d48000 size=0x8000 read=0x8000 -> /Users/user/asahi_re/public/agx-re/experiments/EXP-0136-m4-unreachable-encodings/work/gen/m4_20260828_run01/d_border_createtransparentBlack_code2/dump/bo_sigusr1_h0_va10000090000_cpu105d48000_sz8000.hex
BODUMP handle=0 gpu_va=0x100000a0000 cpu=0x105d50000 size=0x8000 read=0x8000 -> /Users/user/asahi_re/public/agx-re/experiments/EXP-0136-m4-unreachable-encodings/work/gen/m4_20260828_run01/d_border_createtransparentBlack_code2/dump/bo_sigusr1_h0_va100000a0000_cpu105d50000_sz8000.hex
BODUMP handle=0 gpu_va=0x100000b0000 cpu=0x105d58000 size=0x8000 read=0x8000 -> /Users/user/asahi_re/public/agx-re/experiments/EXP-0136-m4-unreachable-encodings/work/gen/m4_20260828_run01/d_border_createtransparentBlack_code2/dump/bo_sigusr1_h0_va100000b0000_cpu105d58000_sz8000.hex
BODUMP handle=0 gpu_va=0x100000c0000 cpu=0x105d60000 size=0x8000 read=0x8000 -> /Users/user/asahi_re/public/agx-re/experiments/EXP-0136-m4-unreachable-encodings/work/gen/m4_20260828_run01/d_border_createtransparentBlack_code2/dump/bo_sigusr1_h0_va100000c0000_cpu105d60000_sz8000.hex
BODUMP handle=0 gpu_va=0x100000d0000 cpu=0x105d68000 size=0x8000 read=0x8000 -> /Users/user/asahi_re/public/agx-re/experiments/EXP-0136-m4-unreachable-encodings/work/gen/m4_20260828_run01/d_border_createtransparentBlack_code2/dump/bo_sigusr1_h0_va100000d0000_cpu105d68000_sz8000.hex
BODUMP handle=0 gpu_va=0x100000e0000 cpu=0x105d70000 size=0x9480 read=0x9480 -> /Users/user/asahi_re/public/agx-re/experiments/EXP-0136-m4-unreachable-encodings/work/gen/m4_20260828_run01/d_border_createtransparentBlack_code2/dump/bo_sigusr1_h0_va100000e0000_cpu105d70000_sz9480.hex
BODUMP end reason=sigusr1
MAPDUMP reason=sigusr1 seq=44 conn=0 memType=0x00005e15 addr=0x10061c000 size=0x4000 read=0x4000 -> /Users/user/asahi_re/public/agx-re/experiments/EXP-0136-m4-unreachable-encodings/work/gen/m4_20260828_run01/d_border_createtransparentBlack_code2/dump/map_seq000044_conn0_type00005e15_at10061c000_sz4000.hex
MAPDUMP reason=sigusr1 seq=44 conn=0 memType=0x00005e15 addr=0x100610000 size=0x4000 read=0x4000 -> /Users/user/asahi_re/public/agx-re/experiments/EXP-0136-m4-unreachable-encodings/work/gen/m4_20260828_run01/d_border_createtransparentBlack_code2/dump/map_seq000044_conn0_type00005e15_at100610000_sz4000.hex
