# EXP-0132 wtrace known_roles=8 unknown_bo_content=HASH_ONLY pointer_following=0 direct_snapshot_entry=wtrace_snapshot_now max_read_tries=40
SERVICE_OPEN class=IOSurfaceRoot type=0
CALL class=IOSurfaceRoot sel=13 ret=0x0 in_struct=0x0 out_struct=0x28
CALL class=IOSurfaceRoot sel=44 ret=0xe00002f0 in_struct=0x0 out_struct=0x0
SERVICE_OPEN class=AGXAcceleratorG16G type=1048581
CALL class=IOSurfaceRoot sel=32 ret=0x0 in_struct=0x0 out_struct=0x0
CALL class=AGXAcceleratorG16G sel=9 ret=0x0 in_struct=0x68 out_struct=0x58
RESOURCE_MAP class=AGXAcceleratorG16G va=0x10000000000 size=0x10000 handle=0 cpu_present=0 outcpu_present=1 known=0
CALL class=AGXAcceleratorG16G sel=9 ret=0x0 in_struct=0x68 out_struct=0x58
RESOURCE_MAP class=AGXAcceleratorG16G va=0x6f00000000 size=0x3800 handle=0 cpu_present=0 outcpu_present=1 known=0
CALL class=AGXAcceleratorG16G sel=9 ret=0x0 in_struct=0x68 out_struct=0x58
RESOURCE_MAP class=AGXAcceleratorG16G va=0x10000018000 size=0x20000 handle=0 cpu_present=0 outcpu_present=1 known=0
CALL class=AGXAcceleratorG16G sel=9 ret=0x0 in_struct=0x68 out_struct=0x58
RESOURCE_MAP class=AGXAcceleratorG16G va=0x10000018000 size=0x20000 handle=0 cpu_present=1 outcpu_present=0 known=0
CALL class=AGXAcceleratorG16G sel=9 ret=0x0 in_struct=0x68 out_struct=0x58
RESOURCE_MAP class=AGXAcceleratorG16G va=0x10000040000 size=0x10000 handle=0 cpu_present=0 outcpu_present=1 known=0
CALL class=AGXAcceleratorG16G sel=9 ret=0x0 in_struct=0x68 out_struct=0x58
RESOURCE_MAP class=AGXAcceleratorG16G va=0x0 size=0x10000 handle=0 cpu_present=0 outcpu_present=1 known=0
CALL class=AGXAcceleratorG16G sel=9 ret=0x0 in_struct=0x68 out_struct=0x58
RESOURCE_MAP class=AGXAcceleratorG16G va=0x10000018200 size=0x20000 handle=0 cpu_present=1 outcpu_present=0 known=1
CALL class=AGXAcceleratorG16G sel=9 ret=0x0 in_struct=0x68 out_struct=0x58
RESOURCE_MAP class=AGXAcceleratorG16G va=0x10000018400 size=0x20000 handle=0 cpu_present=1 outcpu_present=0 known=0
CALL class=AGXAcceleratorG16G sel=9 ret=0x0 in_struct=0x68 out_struct=0x58
RESOURCE_MAP class=AGXAcceleratorG16G va=0x10000018600 size=0x20000 handle=0 cpu_present=1 outcpu_present=0 known=0
CALL class=AGXAcceleratorG16G sel=9 ret=0x0 in_struct=0x68 out_struct=0x58
RESOURCE_MAP class=AGXAcceleratorG16G va=0x10000018700 size=0x20000 handle=0 cpu_present=1 outcpu_present=0 known=0
CALL class=AGXAcceleratorG16G sel=9 ret=0x0 in_struct=0x68 out_struct=0x58
RESOURCE_MAP class=AGXAcceleratorG16G va=0x10000018800 size=0x20000 handle=0 cpu_present=1 outcpu_present=0 known=0
CALL class=AGXAcceleratorG16G sel=9 ret=0x0 in_struct=0x68 out_struct=0x58
RESOURCE_MAP class=AGXAcceleratorG16G va=0x10000018900 size=0x20000 handle=0 cpu_present=1 outcpu_present=0 known=0
CALL class=AGXAcceleratorG16G sel=9 ret=0x0 in_struct=0x68 out_struct=0x58
RESOURCE_MAP class=AGXAcceleratorG16G va=0x10000019900 size=0x20000 handle=0 cpu_present=1 outcpu_present=0 known=0
CALL class=AGXAcceleratorG16G sel=9 ret=0x0 in_struct=0x68 out_struct=0x58
RESOURCE_MAP class=AGXAcceleratorG16G va=0x10000019a00 size=0x20000 handle=0 cpu_present=1 outcpu_present=0 known=0
CALL class=AGXAcceleratorG16G sel=9 ret=0x0 in_struct=0x68 out_struct=0x58
RESOURCE_MAP class=AGXAcceleratorG16G va=0x10000019b00 size=0x20000 handle=0 cpu_present=1 outcpu_present=0 known=0
CALL class=AGXAcceleratorG16G sel=9 ret=0x0 in_struct=0x68 out_struct=0x58
RESOURCE_MAP class=AGXAcceleratorG16G va=0x10000019c00 size=0x20000 handle=0 cpu_present=1 outcpu_present=0 known=0
CALL class=AGXAcceleratorG16G sel=9 ret=0x0 in_struct=0x68 out_struct=0x58
RESOURCE_MAP class=AGXAcceleratorG16G va=0x1000001a400 size=0x20000 handle=0 cpu_present=1 outcpu_present=0 known=0
CALL class=AGXAcceleratorG16G sel=9 ret=0x0 in_struct=0x68 out_struct=0x58
RESOURCE_MAP class=AGXAcceleratorG16G va=0x1000001a500 size=0x20000 handle=0 cpu_present=1 outcpu_present=0 known=0
CALL class=AGXAcceleratorG16G sel=9 ret=0x0 in_struct=0x68 out_struct=0x58
RESOURCE_MAP class=AGXAcceleratorG16G va=0x10000058000 size=0x20000 handle=0 cpu_present=0 outcpu_present=1 known=0
CALL class=AGXAcceleratorG16G sel=9 ret=0x0 in_struct=0x68 out_struct=0x58
RESOURCE_MAP class=AGXAcceleratorG16G va=0x10000058000 size=0x20000 handle=0 cpu_present=1 outcpu_present=0 known=0
CALL class=AGXAcceleratorG16G sel=9 ret=0x0 in_struct=0x68 out_struct=0x58
RESOURCE_MAP class=AGXAcceleratorG16G va=0x10000080000 size=0x4200 handle=0 cpu_present=0 outcpu_present=1 known=0
CALL class=AGXAcceleratorG16G sel=7 ret=0x0 in_struct=0x410 out_struct=0x10
CALL class=AGXAcceleratorG16G sel=16 ret=0x0 in_struct=0x0 out_struct=0x10
CALL class=AGXAcceleratorG16G sel=28 ret=0x0 in_struct=0x0 out_struct=0x0
CALL class=AGXAcceleratorG16G sel=14 ret=0x0 in_struct=0x0 out_struct=0x10
CALL class=AGXAcceleratorG16G sel=14 ret=0x0 in_struct=0x0 out_struct=0x10
CALL class=IOSurfaceRoot sel=32 ret=0x0 in_struct=0x0 out_struct=0x0
CALL class=AGXAcceleratorG16G sel=9 ret=0x0 in_struct=0x68 out_struct=0x58
RESOURCE_MAP class=AGXAcceleratorG16G va=0x10000090000 size=0x74000 handle=0 cpu_present=0 outcpu_present=1 known=0
CALL class=AGXAcceleratorG16G sel=9 ret=0x0 in_struct=0x68 out_struct=0x58
RESOURCE_MAP class=AGXAcceleratorG16G va=0x18000 size=0x8000 handle=0 cpu_present=0 outcpu_present=1 known=1
CALL class=AGXAcceleratorG16G sel=9 ret=0x0 in_struct=0x68 out_struct=0x58
RESOURCE_MAP class=AGXAcceleratorG16G va=0x28000 size=0x8000 handle=0 cpu_present=0 outcpu_present=1 known=0
CALL class=AGXAcceleratorG16G sel=9 ret=0x0 in_struct=0x68 out_struct=0x58
RESOURCE_MAP class=AGXAcceleratorG16G va=0x38000 size=0x8000 handle=0 cpu_present=0 outcpu_present=1 known=0
CALL class=AGXAcceleratorG16G sel=9 ret=0x0 in_struct=0x68 out_struct=0x58
RESOURCE_MAP class=AGXAcceleratorG16G va=0x10000108000 size=0x8000 handle=0 cpu_present=0 outcpu_present=1 known=0
CALL class=AGXAcceleratorG16G sel=9 ret=0x0 in_struct=0x68 out_struct=0x58
RESOURCE_MAP class=AGXAcceleratorG16G va=0x10000118000 size=0x8000 handle=0 cpu_present=0 outcpu_present=1 known=0
CALL class=AGXAcceleratorG16G sel=9 ret=0x0 in_struct=0x68 out_struct=0x58
RESOURCE_MAP class=AGXAcceleratorG16G va=0x10000128000 size=0x8000 handle=0 cpu_present=0 outcpu_present=1 known=1
CALL class=AGXAcceleratorG16G sel=9 ret=0x0 in_struct=0x68 out_struct=0x58
RESOURCE_MAP class=AGXAcceleratorG16G va=0x10000138000 size=0x8000 handle=0 cpu_present=0 outcpu_present=1 known=0
CALL class=AGXAcceleratorG16G sel=9 ret=0x0 in_struct=0x68 out_struct=0x58
RESOURCE_MAP class=AGXAcceleratorG16G va=0x10000148000 size=0x100000 handle=0 cpu_present=0 outcpu_present=1 known=0
CALL class=AGXAcceleratorG16G sel=9 ret=0x0 in_struct=0x68 out_struct=0x58
RESOURCE_MAP class=AGXAcceleratorG16G va=0x48000 size=0x8000 handle=0 cpu_present=0 outcpu_present=1 known=0
CALL class=AGXAcceleratorG16G sel=9 ret=0x0 in_struct=0x68 out_struct=0x58
RESOURCE_MAP class=AGXAcceleratorG16G va=0x10000250000 size=0x8000 handle=0 cpu_present=0 outcpu_present=1 known=0
CALL class=AGXAcceleratorG16G sel=9 ret=0x0 in_struct=0x68 out_struct=0x58
RESOURCE_MAP class=AGXAcceleratorG16G va=0x10000260000 size=0x8000 handle=0 cpu_present=0 outcpu_present=1 known=0
CALL class=AGXAcceleratorG16G sel=9 ret=0x0 in_struct=0x68 out_struct=0x58
RESOURCE_MAP class=AGXAcceleratorG16G va=0x10000270000 size=0x8000 handle=0 cpu_present=0 outcpu_present=1 known=0
CALL class=AGXAcceleratorG16G sel=9 ret=0x0 in_struct=0x68 out_struct=0x58
RESOURCE_MAP class=AGXAcceleratorG16G va=0x10000280000 size=0x8000 handle=0 cpu_present=0 outcpu_present=1 known=0
CALL class=AGXAcceleratorG16G sel=9 ret=0x0 in_struct=0x68 out_struct=0x58
RESOURCE_MAP class=AGXAcceleratorG16G va=0x10000290000 size=0x8000 handle=0 cpu_present=0 outcpu_present=1 known=0
CALL class=AGXAcceleratorG16G sel=9 ret=0x0 in_struct=0x68 out_struct=0x58
RESOURCE_MAP class=AGXAcceleratorG16G va=0x58000 size=0x8000 handle=0 cpu_present=0 outcpu_present=1 known=1
CALL class=AGXAcceleratorG16G sel=9 ret=0x0 in_struct=0x68 out_struct=0x58
RESOURCE_MAP class=AGXAcceleratorG16G va=0x68000 size=0x88e0 handle=0 cpu_present=0 outcpu_present=1 known=1
CALL class=AGXAcceleratorG16G sel=9 ret=0x0 in_struct=0x68 out_struct=0x58
RESOURCE_MAP class=AGXAcceleratorG16G va=0x100002a0000 size=0xc0000 handle=0 cpu_present=0 outcpu_present=1 known=0
SNAPSHOT va=0x0 size=0x10000 role=unnamed-descriptor-candidate captured=0 cap=0x8000 got=0x8000 tries=1 sha256=509b068ecd4c21a737ef7f976344651fc1ec3139ff4356a2b3b1b37b9e870d2d
SNAPSHOT va=0x18000 size=0x8000 role=vdm-command-state captured=1 cap=0x8000 got=0x8000 tries=1 sha256=e84130c71eb7d8274a451a3d5a4a9763a1fb2facd7e8ca5162e4d1fb44b83eda
SNAPSHOT va=0x28000 size=0x8000 role=unnamed-descriptor-candidate captured=0 cap=0x8000 got=0x8000 tries=1 sha256=c35020473aed1b4642cd726cad727b63fff2824ad68cedd7ffb73c7cbd890479
SNAPSHOT va=0x38000 size=0x8000 role=unnamed-descriptor-candidate captured=0 cap=0x8000 got=0x8000 tries=1 sha256=c35020473aed1b4642cd726cad727b63fff2824ad68cedd7ffb73c7cbd890479
SNAPSHOT va=0x48000 size=0x8000 role=unnamed-descriptor-candidate captured=0 cap=0x8000 got=0x8000 tries=1 sha256=76e983b8f2356ce8cbb86c8ed435cae84f3e6d93d075011e1f6d8e78ef6450e0
SNAPSHOT va=0x58000 size=0x8000 role=fixed-function-render-state captured=1 cap=0x8000 got=0x8000 tries=1 sha256=e87a35de5ebfdbe5b7e1de96fca91cc5c3aefc56c8f9cc85ac297b5dde767183
SNAPSHOT va=0x68000 size=0x88e0 role=tiling-state captured=1 cap=0x88e0 got=0x88e0 tries=1 sha256=fa098bf26875d39b04d11860b717b095719ddc4082e9237ce4a8880e9b490891
SNAPSHOT va=0x6f00000000 size=0x3800 role=unnamed-descriptor-candidate captured=0 cap=0x3800 got=0x3800 tries=1 sha256=90b446c6472fde83a94e15bcef5e4b2ea20522db2c242448f6a825bb2a3f42b1
SNAPSHOT va=0x10000000000 size=0x10000 role=unnamed-descriptor-candidate captured=0 cap=0x8000 got=0x8000 tries=1 sha256=e271a2bf4461e6046ac45d2e249acfb7bb87bb5e97e4c3513577e7f32f95ce6a
SNAPSHOT va=0x10000018000 size=0x20000 role=unnamed-descriptor-candidate captured=0 cap=0x8000 got=0x8000 tries=1 sha256=df02d5dd449b15df99bb51f51b3d5432ea27aac23d7b2792b69d910958bee551
SNAPSHOT va=0x10000018200 size=0x20000 role=mrt-attachment-descriptors captured=1 cap=0x20000 got=0x20000 tries=1 sha256=fd24917ea0d1a3d78c5f8eca9d7bb5df03d58ff152c1565ba92395422e0e89f7
SNAPSHOT va=0x10000018400 size=0x20000 role=unnamed-descriptor-candidate captured=0 cap=0x8000 got=0x8000 tries=1 sha256=1b344bcf190ccf8f3a1b38e9ff70549024c1948f8bfb29cd10dcbd6b04640eea
SNAPSHOT va=0x10000018600 size=0x20000 role=unnamed-descriptor-candidate captured=0 cap=0x8000 got=0x8000 tries=1 sha256=309a48a41097d00834e564578e3e627c49d25d2b95a83422f253fadabb23567f
SNAPSHOT va=0x10000018700 size=0x20000 role=unnamed-descriptor-candidate captured=0 cap=0x8000 got=0x8000 tries=1 sha256=c2e0c7212d0e34513cac1f7024792c468eaa452bb54747a6f2e3eb6fed081d4c
SNAPSHOT va=0x10000018800 size=0x20000 role=unnamed-descriptor-candidate captured=0 cap=0x8000 got=0x8000 tries=1 sha256=351ea4211a81ab262f868c499be3f5a04b3592283b3420a042c214a6fc087cc7
SNAPSHOT va=0x10000018900 size=0x20000 role=unnamed-descriptor-candidate captured=0 cap=0x8000 got=0x8000 tries=1 sha256=84634f0267c6deea6bcbdc8f308561dc9863d6f9db0c8f721427ddd280b6eb95
SNAPSHOT va=0x10000019900 size=0x20000 role=unnamed-descriptor-candidate captured=0 cap=0x8000 got=0x8000 tries=1 sha256=06762a33500341aca9205de75854c47ebff6a280966c812cf16a02585a86e333
SNAPSHOT va=0x10000019a00 size=0x20000 role=unnamed-descriptor-candidate captured=0 cap=0x8000 got=0x8000 tries=1 sha256=05c981362eca95e0e63310ed851d3d34209307a8e11fb53bd9abf22d98eccb9e
SNAPSHOT va=0x10000019b00 size=0x20000 role=unnamed-descriptor-candidate captured=0 cap=0x8000 got=0x8000 tries=1 sha256=371c09c6f42dad42433a267f2e411b95cef3edf0de6d739f6b6c800786d61b4a
SNAPSHOT va=0x10000019c00 size=0x20000 role=unnamed-descriptor-candidate captured=0 cap=0x8000 got=0x8000 tries=1 sha256=8b93c996992fefe717332fa455a20f1e7b3f9c68b3baffcfed12b002e7087607
SNAPSHOT va=0x1000001a400 size=0x20000 role=unnamed-descriptor-candidate captured=0 cap=0x8000 got=0x8000 tries=1 sha256=9e9e7fcc160a256b8da7c747205290b679282834fb74101d12bc187be0699e5d
SNAPSHOT va=0x1000001a500 size=0x20000 role=unnamed-descriptor-candidate captured=0 cap=0x8000 got=0x8000 tries=1 sha256=571489fddb685d7d116bc10a908ac2f33251ba4e7c681352b807797088445cbe
SNAPSHOT va=0x10000040000 size=0x10000 role=unnamed-descriptor-candidate captured=1 cap=0x10000 got=0x10000 tries=1 sha256=ffbe86a6d5303e12f826f451a38bd4657c61fca2c778b521970cdd1a87d47287
SNAPSHOT va=0x10000058000 size=0x20000 role=unnamed-descriptor-candidate captured=1 cap=0x20000 got=0x20000 tries=1 sha256=fa43239bcee7b97ca62f007cc68487560a39e19f74f3dde7486db3f98df8e471
SNAPSHOT va=0x10000080000 size=0x4200 role=unnamed-descriptor-candidate captured=1 cap=0x4200 got=0x4200 tries=1 sha256=75fa1090fb6e3f2a6eca88175d5b500dadcabdf08074133aafa56c232d9b216f
SNAPSHOT va=0x10000090000 size=0x74000 role=unnamed-descriptor-candidate captured=0 cap=0x8000 got=0x8000 tries=1 sha256=f1bf8fab9ae19e358c4f82f2a5604c64bd996c3bd2fb5706119a3a17b4e31dc8
SNAPSHOT va=0x10000108000 size=0x8000 role=unnamed-descriptor-candidate captured=1 cap=0x8000 got=0x8000 tries=1 sha256=2cf049c7461d1e3d075ebe896ae9faaacc437928a4b6c0f135cacf066b5c8bc1
SNAPSHOT va=0x10000118000 size=0x8000 role=unnamed-descriptor-candidate captured=1 cap=0x8000 got=0x8000 tries=1 sha256=8efab4ac0bd8befde007dbfe4750d954197d739e668f560f7d275b2ea246fb9e
SNAPSHOT va=0x10000128000 size=0x8000 role=clear-color-arena captured=1 cap=0x8000 got=0x8000 tries=1 sha256=7b5f187164110d5c08db698c29511c1266d8da1a256a2de21e9df5d0912247b0
SNAPSHOT va=0x10000138000 size=0x8000 role=unnamed-descriptor-candidate captured=1 cap=0x8000 got=0x8000 tries=1 sha256=7074b5452862fc756c1ffeb7eb57dc260bd550d42f34f9347cff8563ce4cc30c
SNAPSHOT va=0x10000148000 size=0x100000 role=unnamed-descriptor-candidate captured=0 cap=0x8000 got=0x8000 tries=1 sha256=4b34af25711f378b25134071bcc8b642c441051e61024cac40b9bbd603d77eba
SNAPSHOT va=0x10000250000 size=0x8000 role=unnamed-descriptor-candidate captured=1 cap=0x8000 got=0x8000 tries=1 sha256=6e73a999e97199317e58a5b7f716c9f2abc8a4a271e3eab4e3101d1f79901a19
SNAPSHOT va=0x10000260000 size=0x8000 role=unnamed-descriptor-candidate captured=1 cap=0x8000 got=0x8000 tries=1 sha256=c35020473aed1b4642cd726cad727b63fff2824ad68cedd7ffb73c7cbd890479
SNAPSHOT va=0x10000270000 size=0x8000 role=unnamed-descriptor-candidate captured=1 cap=0x8000 got=0x8000 tries=1 sha256=c35020473aed1b4642cd726cad727b63fff2824ad68cedd7ffb73c7cbd890479
SNAPSHOT va=0x10000280000 size=0x8000 role=unnamed-descriptor-candidate captured=1 cap=0x8000 got=0x8000 tries=1 sha256=c35020473aed1b4642cd726cad727b63fff2824ad68cedd7ffb73c7cbd890479
SNAPSHOT va=0x10000290000 size=0x8000 role=unnamed-descriptor-candidate captured=1 cap=0x8000 got=0x8000 tries=1 sha256=c35020473aed1b4642cd726cad727b63fff2824ad68cedd7ffb73c7cbd890479
SNAPSHOT va=0x100002a0000 size=0xc0000 role=unnamed-descriptor-candidate captured=0 cap=0x8000 got=0x8000 tries=1 sha256=c35020473aed1b4642cd726cad727b63fff2824ad68cedd7ffb73c7cbd890479
CALL class=AGXAcceleratorG16G sel=17 ret=0x0 in_struct=0x0 out_struct=0x0
CALL class=AGXAcceleratorG16G sel=8 ret=0x0 in_struct=0x0 out_struct=0x0
