# iotrace init pid=48550 dump_dir=/Users/user/asahi_re/public/agx-re/experiments/EXP-0120-m4-tvb-overflow-mechanism/raw/m4_20260828_run02/cases/D-overflow-N15000000/iotrace_maps max_struct=65536 max_map=16384 dump_atexit=0 n_dump_sel=0 only_conn=0x0
OPEN class=IOSurfaceRoot type=0 -> conn=d03 ret=0x0
CALL seq=1 fn=Method conn=d03 class=IOSurfaceRoot sel=13(0xd) inScalarCnt=0 inStructCnt=0
RET  seq=1 conn=d03 sel=13(0xd) ret=0x0 outStructCnt=40
  OUT.struct len=40
  OUT 000000: ff3f 0000 7f00 0000 0080 0000 0000 0000 
  OUT 000010: 0040 0000 0000 0000 0040 0000 0000 0000 
  OUT 000020: 0000 0100 0000 0000                     
MEMENTRY size=0x40000 offset=0x104aa0000 perm=0x400001 parent=0x0 -> handle=0x1b03 ret=0x0
CALL seq=2 fn=Method conn=d03 class=IOSurfaceRoot sel=44(0x2c) inScalarCnt=1 inStructCnt=0 inScalars=[0x6d4]
RET  seq=2 conn=d03 sel=44(0x2c) ret=0xe00002f0 outStructCnt=0
OPEN class=AGXAcceleratorG16G type=1048581 -> conn=3c03 ret=0x0
CALL seq=3 fn=Struct conn=3c03 class=AGXAcceleratorG16G sel=2(0x2) inScalarCnt=0 inStructCnt=0
RET  seq=3 conn=3c03 sel=2(0x2) ret=0x0 outStructCnt=536
  OUT.struct len=536
  OUT 000000: 0000 b904 0100 0000 0800 0000 0800 0000 
  OUT 000010: 0000 0000 8000 0000 0000 0000 0400 0000 
  OUT 000020: 0800 0000 0c00 0000 1000 0000 1400 0000 
  OUT 000030: 1800 0000 1c00 0000 2000 0000 2400 0000 
  OUT 000040: 2800 0000 2c00 0000 3000 0000 3400 0000 
  OUT 000050: 3800 0000 3c00 0000 4000 0000 4400 0000 
  OUT 000060: 4800 0000 4c00 0000 5000 0000 5400 0000 
  OUT 000070: 5800 0000 5c00 0000 6000 0000 6400 0000 
  OUT 000080: 6800 0000 6c00 0000 7000 0000 7400 0000 
  OUT 000090: 7800 0000 7c00 0000 8000 0000 8400 0000 
  OUT 0000a0: 8800 0000 8c00 0000 9000 0000 9400 0000 
  OUT 0000b0: 9800 0000 9c00 0000 a000 0000 a400 0000 
  OUT 0000c0: a800 0000 ac00 0000 b000 0000 b400 0000 
  OUT 0000d0: b800 0000 bc00 0000 c000 0000 c400 0000 
  OUT 0000e0: c800 0000 cc00 0000 d000 0000 d400 0000 
  OUT 0000f0: d800 0000 dc00 0000 e000 0000 e400 0000 
  OUT 000100: e800 0000 ec00 0000 f000 0000 f400 0000 
  OUT 000110: f800 0000 fc00 0000 0001 0000 0401 0000 
  OUT 000120: 0801 0000 0c01 0000 1001 0000 1401 0000 
  OUT 000130: 1801 0000 1c01 0000 2001 0000 2401 0000 
  OUT 000140: 2801 0000 2c01 0000 3001 0000 3401 0000 
  OUT 000150: 3801 0000 3c01 0000 4001 0000 4401 0000 
  OUT 000160: 4801 0000 4c01 0000 5001 0000 5401 0000 
  OUT 000170: 5801 0000 5c01 0000 6001 0000 6401 0000 
  OUT 000180: 6801 0000 6c01 0000 7001 0000 7401 0000 
  OUT 000190: 7801 0000 7c01 0000 8001 0000 8401 0000 
  OUT 0001a0: 8801 0000 8c01 0000 9001 0000 9401 0000 
  OUT 0001b0: 9801 0000 9c01 0000 a001 0000 a401 0000 
  OUT 0001c0: a801 0000 ac01 0000 b001 0000 b401 0000 
  OUT 0001d0: b801 0000 bc01 0000 c001 0000 c401 0000 
  OUT 0001e0: c801 0000 cc01 0000 d001 0000 d401 0000 
  OUT 0001f0: d801 0000 dc01 0000 e001 0000 e401 0000 
  OUT 000200: e801 0000 ec01 0000 f001 0000 f401 0000 
  OUT 000210: f801 0000 fc01 0000                     
CALL seq=4 fn=Struct conn=3c03 class=AGXAcceleratorG16G sel=0(0x0) inScalarCnt=0 inStructCnt=0
RET  seq=4 conn=3c03 sel=0(0x0) ret=0x0 outStructCnt=64
  OUT.struct len=64
  OUT 000000: 4043 0000 0000 0000 0000 0000 0000 0000 
  OUT 000010: 0000 0000 0000 0000 0200 0000 0000 0000 
  OUT 000020: 00c0 c2f5 0200 0000 0000 5238 0200 0000 
  OUT 000030: 0000 0000 0000 0000 0000 0000 0000 0000 
CALL seq=5 fn=Struct conn=3c03 class=AGXAcceleratorG16G sel=5(0x5) inScalarCnt=0 inStructCnt=0
RET  seq=5 conn=3c03 sel=5(0x5) ret=0x0 outStructCnt=32
  OUT.struct len=32
  OUT 000000: afc1 3354 1500 0000 0040 ba04 0100 0000 
  OUT 000010: 0080 b904 0100 0000 0040 0000 0000 0000 
CALL seq=6 fn=Method conn=d03 class=IOSurfaceRoot sel=32(0x20) inScalarCnt=0 inStructCnt=0
RET  seq=6 conn=d03 sel=32(0x20) ret=0x0 outScalars=[0x104a9c000]
CALL seq=7 fn=Struct conn=3c03 class=AGXAcceleratorG16G sel=258(0x102) inScalarCnt=0 inStructCnt=0
RET  seq=7 conn=3c03 sel=258(0x102) ret=0x0 outStructCnt=456
  OUT.struct len=456
  OUT 000000: 0000 0000 0000 0000 0000 0000 0000 0000 
  OUT 000010: 0000 0000 0000 0000 0000 0000 0000 0000 
  OUT 000020: 0000 0000 0000 0000 0000 0000 0000 0000 
  OUT 000030: 0000 0000 0000 0000 0000 0000 0000 0000 
  OUT 000040: 0000 0000 0000 0000 0000 0000 0000 0000 
  OUT 000050: 0000 0000 0000 0000 0000 0000 0000 0000 
  OUT 000060: 0000 0000 0000 0000 0000 0000 0000 0000 
  OUT 000070: 0000 0000 0000 0000 0000 0000 0000 0000 
  OUT 000080: 0000 0000 0000 0000 0000 0000 0000 0000 
  OUT 000090: 0000 0000 0000 0000 0000 0000 0000 0000 
  OUT 0000a0: 0000 0000 0000 0000 0000 0000 0000 0000 
  OUT 0000b0: 0000 0000 0000 0000 0000 0000 0000 0000 
  OUT 0000c0: 0000 0000 0000 0000 4a75 6c20 3331 2032 
  OUT 0000d0: 3032 3620 3232 3a34 333a 3233 0000 0000 
  OUT 0000e0: 0000 0000 0000 0000 7265 6c65 6173 6520 
  OUT 0000f0: 6665 6e64 6572 5f73 6372 6174 6368 5f72 
  OUT 000100: 616d 5f72 6574 656e 7469 6f6e 0000 0000 
  OUT 000110: 0000 0000 0000 0000 0000 0000 0000 0000 
  OUT 000120: 0000 0000 0000 0000 0000 0000 0000 0000 
  OUT 000130: 0000 0000 0000 0000 0000 0000 0000 0000 
  OUT 000140: 0000 0000 0000 0000 0000 0000 0000 0000 
  OUT 000150: 0000 0000 0000 0000 0000 0000 0000 0000 
  OUT 000160: 0000 0000 0000 0000 0000 0000 0000 0000 
  OUT 000170: 0000 0000 0000 0000 0000 0000 0000 0000 
  OUT 000180: 0000 0000 0000 0000 0000 0000 0000 0000 
  OUT 000190: 0000 0000 0000 0000 0000 0000 0000 0000 
  OUT 0001a0: 0000 0000 0000 0000 4a37 3733 6741 5000 
  OUT 0001b0: 0000 0000 0000 0000 0000 0000 0000 0000 
  OUT 0001c0: 0000 0000 0000 0000                     
CALL seq=8 fn=Struct conn=3c03 class=AGXAcceleratorG16G sel=256(0x100) inScalarCnt=0 inStructCnt=0
RET  seq=8 conn=3c03 sel=256(0x100) ret=0x0 outStructCnt=152
  OUT.struct len=152
  OUT 000000: 0000 0000 0000 0000 0000 0000 0000 0000 
  OUT 000010: ff03 0000 0000 0000 0000 0000 0000 0000 
  OUT 000020: 1b00 0000 0400 0000 0000 0000 0000 0000 
  OUT 000030: 0a00 0000 0400 0000 0400 0000 0400 0000 
  OUT 000040: 0000 0000 0a00 0000 0200 0000 0300 0000 
  OUT 000050: 0300 0000 0200 0000 0300 0000 0300 0000 
  OUT 000060: 1000 0000 0100 0000 0100 0000 0100 0000 
  OUT 000070: 0100 0000 0a00 0000 0a00 0000 0000 0000 
  OUT 000080: 0000 0000 0001 0100 0000 0000 0000 0300 
  OUT 000090: 0000 0000 0000 0000                     
CALL seq=9 fn=Method conn=3c03 class=AGXAcceleratorG16G sel=9(0x9) inScalarCnt=0 inStructCnt=104
  IN.struct len=104
  IN 000000: 0000 0000 0000 0000 0100 0100 0100 0000 
  IN 000010: 0101 0001 3004 0000 0000 0000 0000 0000 
  IN 000020: 0000 0000 0000 0000 0000 0000 0000 0000 
  IN 000030: 0000 0000 0000 0000 0000 0000 0000 0000 
  IN 000040: 0000 0000 0000 0000 0000 0100 0000 0000 
  IN 000050: 0000 0000 0000 0000 0000 0008 1800 0000 
  IN 000060: 0000 0000 0000 0000                     
RET  seq=9 conn=3c03 sel=9(0x9) ret=0x0 outStructCnt=88
  OUT.struct len=88
  OUT 000000: 0000 0000 0001 0000 00c0 ba04 0100 0000 
  OUT 000010: c080 b904 0100 0000 0000 0000 0000 0000 
  OUT 000020: 0000 0000 0100 0000 0000 0100 0000 0000 
  OUT 000030: b0c1 3354 1500 0000 393a 0700 0000 0000 
  OUT 000040: 0000 0000 0000 0000 0000 0000 0000 0000 
  OUT 000050: 0000 0100 0000 0000                     
CALL seq=10 fn=Struct conn=3c03 class=AGXAcceleratorG16G sel=261(0x105) inScalarCnt=0 inStructCnt=72
  IN.struct len=72
  IN 000000: 0b00 0000 0000 0000 0000 0000 0000 0000 
  IN 000010: 0000 0000 0000 0000 0000 0000 0000 0000 
  IN 000020: 0000 0000 0000 0000 0000 0000 0000 0000 
  IN 000030: 0000 0000 0000 0000 0000 0000 0000 0000 
  IN 000040: 0000 0000 0000 0000                     
RET  seq=10 conn=3c03 sel=261(0x105) ret=0x0 outStructCnt=72
  OUT.struct len=72
  OUT 000000: 0b00 0000 0000 0000 0000 0000 0000 0000 
  OUT 000010: 0000 0000 0000 0000 0000 0000 0000 0000 
  OUT 000020: 0000 0000 0000 0000 0000 0000 0000 0000 
  OUT 000030: 0200 0000 0000 0000 0000 0000 0000 0000 
  OUT 000040: 0000 0000 0000 0000                     
CALL seq=11 fn=Method conn=3c03 class=AGXAcceleratorG16G sel=9(0x9) inScalarCnt=0 inStructCnt=104
  IN.struct len=104
  IN 000000: 0000 0000 0000 0000 0100 0100 0100 0000 
  IN 000010: 0101 0001 7004 0000 0000 0000 0000 0000 
  IN 000020: 0000 0000 0000 0000 0000 0000 0000 0000 
  IN 000030: 0100 0000 0000 0000 0000 0000 0000 0000 
  IN 000040: 0000 0000 0000 0000 0038 0000 0000 0000 
  IN 000050: 0000 0000 0000 0000 0000 0058 1800 0000 
  IN 000060: 0000 0000 0000 0000                     
RET  seq=11 conn=3c03 sel=9(0x9) ret=0x0 outStructCnt=88
  OUT.struct len=88
  OUT 000000: 0000 0000 6f00 0000 00c0 bb04 0100 0000 
  OUT 000010: 8081 b904 0100 0000 0000 0000 0000 0000 
  OUT 000020: 0000 0000 0200 0000 0040 0000 0000 0000 
  OUT 000030: b1c1 3354 1500 0000 3a3a 0700 0000 0000 
  OUT 000040: 0000 0000 0000 0000 0000 0000 0000 0000 
  OUT 000050: 0040 0000 0000 0000                     
CALL seq=12 fn=Method conn=d03 class=IOSurfaceRoot sel=32(0x20) inScalarCnt=0 inStructCnt=0
RET  seq=12 conn=d03 sel=32(0x20) ret=0x0 outScalars=[0x104a9c000]
CALL seq=13 fn=Method conn=3c03 class=AGXAcceleratorG16G sel=9(0x9) inScalarCnt=0 inStructCnt=104
  IN.struct len=104
  IN 000000: 0000 0000 0000 0000 0100 0100 0100 0000 
  IN 000010: 0101 0001 7004 0000 0000 0000 0000 0000 
  IN 000020: 0000 0000 0000 0000 0000 0000 0000 0000 
  IN 000030: 0100 0000 0000 0000 0000 0000 0000 0000 
  IN 000040: 0000 0000 0000 0000 0000 0200 0000 0000 
  IN 000050: 0000 0000 0000 0000 0000 0000 0000 0000 
  IN 000060: 8889 850b 0100 0000                     
RET  seq=13 conn=3c03 sel=9(0x9) ret=0x0 outStructCnt=88
  OUT.struct len=88
  OUT 000000: 0080 0100 0001 0000 0040 bd04 0100 0000 
  OUT 000010: 4082 b904 0100 0000 0000 0000 0000 0000 
  OUT 000020: 0000 0000 0300 0000 0000 0200 0000 0000 
  OUT 000030: c1c1 3354 1500 0000 3e3a 0700 0000 0000 
  OUT 000040: 0000 0000 0000 0000 0000 0000 0000 0000 
  OUT 000050: 0000 0200 0000 0000                     
CALL seq=14 fn=Method conn=3c03 class=AGXAcceleratorG16G sel=9(0x9) inScalarCnt=0 inStructCnt=104
  IN.struct len=104
  IN 000000: 8000 0000 0000 0000 0100 0100 0100 0000 
  IN 000010: 0101 0001 300c 0000 0000 0000 0000 0000 
  IN 000020: 0000 0000 0000 0000 0000 0000 0000 0000 
  IN 000030: 0000 0000 0000 0000 0040 bd04 0100 0000 
  IN 000040: 0040 bd04 0100 0000 0000 0200 0000 0000 
  IN 000050: 0300 0000 0000 0000 0000 0000 1800 0000 
  IN 000060: 4095 850b 0100 0000                     
RET  seq=14 conn=3c03 sel=9(0x9) ret=0x0 outStructCnt=88
  OUT.struct len=88
  OUT 000000: 0080 0100 0001 0000 0000 0000 0000 0000 
  OUT 000010: 0083 b904 0100 0000 0000 0000 0000 0000 
  OUT 000020: 0000 0000 0400 0000 0000 0200 0000 0000 
  OUT 000030: c2c1 3354 1500 0000 3e3a 0700 0000 0000 
  OUT 000040: 0000 0000 0000 0000 0000 0000 0000 0000 
  OUT 000050: 0000 0200 0000 0000                     
CALL seq=15 fn=Method conn=3c03 class=AGXAcceleratorG16G sel=9(0x9) inScalarCnt=0 inStructCnt=104
  IN.struct len=104
  IN 000000: 0000 0000 0000 0000 0100 0100 0100 0000 
  IN 000010: 0101 0001 3004 0000 0000 0000 0000 0000 
  IN 000020: 0000 0000 0000 0000 0000 0000 0000 0000 
  IN 000030: 0000 0000 0000 0000 0000 0000 0000 0000 
  IN 000040: 0000 0000 0000 0000 0000 0100 0000 0000 
  IN 000050: 0000 0000 0000 0000 0000 0008 1800 0000 
  IN 000060: 0000 0000 0000 0000                     
RET  seq=15 conn=3c03 sel=9(0x9) ret=0x0 outStructCnt=88
  OUT.struct len=88
  OUT 000000: 0000 0400 0001 0000 0040 bf04 0100 0000 
  OUT 000010: c083 b904 0100 0000 0000 0000 0000 0000 
  OUT 000020: 0000 0000 0500 0000 0000 0100 0000 0000 
  OUT 000030: c3c1 3354 1500 0000 3f3a 0700 0000 0000 
  OUT 000040: 0000 0000 0000 0000 0000 0000 0000 0000 
  OUT 000050: 0000 0100 0000 0000                     
CALL seq=16 fn=Method conn=3c03 class=AGXAcceleratorG16G sel=9(0x9) inScalarCnt=0 inStructCnt=104
  IN.struct len=104
  IN 000000: 0000 0000 0000 0000 0100 0100 0100 0000 
  IN 000010: 0101 0001 3084 0000 0000 0000 0000 0000 
  IN 000020: 0000 0000 0000 0000 0000 0000 0000 0000 
  IN 000030: 0000 0000 0000 0000 0000 0000 0000 0000 
  IN 000040: 0000 0000 0000 0000 0000 0100 0000 0000 
  IN 000050: 0000 0000 0000 0000 0000 0038 1800 0000 
  IN 000060: 0000 0000 0000 0000                     
RET  seq=16 conn=3c03 sel=9(0x9) ret=0x0 outStructCnt=88
  OUT.struct len=88
  OUT 000000: 0000 0000 0000 0000 0040 c004 0100 0000 
  OUT 000010: 8084 b904 0100 0000 0000 0000 0000 0000 
  OUT 000020: 0000 0000 0600 0000 0000 0100 0000 0000 
  OUT 000030: c4c1 3354 1500 0000 403a 0700 0000 0000 
  OUT 000040: 0000 0000 0000 0000 0000 0000 0000 0000 
  OUT 000050: 0000 0100 0000 0000                     
CALL seq=17 fn=Method conn=3c03 class=AGXAcceleratorG16G sel=9(0x9) inScalarCnt=0 inStructCnt=104
  IN.struct len=104
  IN 000000: 8000 0000 0000 0000 0100 0100 0100 0000 
  IN 000010: 0101 0001 300c 0000 0000 0000 0000 0000 
  IN 000020: 0000 0000 0000 0000 0000 0000 0000 0000 
  IN 000030: 0000 0000 0000 0000 0042 bd04 0100 0000 
  IN 000040: 0040 bd04 0100 0000 0000 0200 0000 0000 
  IN 000050: 0300 0000 0000 0000 0000 0000 0000 0000 
  IN 000060: 8889 850b 0100 0000                     
RET  seq=17 conn=3c03 sel=9(0x9) ret=0x0 outStructCnt=88
  OUT.struct len=88
  OUT 000000: 0082 0100 0001 0000 0000 0000 0000 0000 
  OUT 000010: 4085 b904 0100 0000 0000 0000 0000 0000 
  OUT 000020: 0000 0000 0700 0000 0000 0200 0000 0000 
  OUT 000030: c5c1 3354 1500 0000 3e3a 0700 0000 0000 
  OUT 000040: 0000 0000 0000 0000 0000 0000 0000 0000 
  OUT 000050: 00fe 0100 0000 0000                     
CALL seq=18 fn=Method conn=3c03 class=AGXAcceleratorG16G sel=9(0x9) inScalarCnt=0 inStructCnt=104
  IN.struct len=104
  IN 000000: 0000 0000 0000 0000 0100 0100 0100 0000 
  IN 000010: 0101 0001 7004 0000 0000 0000 0000 0000 
  IN 000020: 0000 0000 0000 0000 0000 0000 0000 0000 
  IN 000030: 0100 0000 0000 0000 0000 0000 0000 0000 
  IN 000040: 0000 0000 0000 0000 0000 0100 0000 0000 
  IN 000050: 0000 0000 0000 0000 0000 0000 0000 0000 
  IN 000060: 8889 850b 0100 0000                     
RET  seq=18 conn=3c03 sel=9(0x9) ret=0x0 outStructCnt=88
  OUT.struct len=88
  OUT 000000: 0080 0500 0001 0000 0040 c104 0100 0000 
  OUT 000010: 0086 b904 0100 0000 0000 0000 0000 0000 
  OUT 000020: 0000 0000 0800 0000 0000 0100 0000 0000 
  OUT 000030: c6c1 3354 1500 0000 413a 0700 0000 0000 
  OUT 000040: 0000 0000 0000 0000 0000 0000 0000 0000 
  OUT 000050: 0000 0100 0000 0000                     
CALL seq=19 fn=Method conn=3c03 class=AGXAcceleratorG16G sel=9(0x9) inScalarCnt=0 inStructCnt=104
  IN.struct len=104
  IN 000000: 8000 0000 0000 0000 0100 0100 0100 0000 
  IN 000010: 0101 0001 300c 0000 0000 0000 0000 0000 
  IN 000020: 0000 0000 0000 0000 0000 0000 0000 0000 
  IN 000030: 0000 0000 0000 0000 0043 bd04 0100 0000 
  IN 000040: 0040 bd04 0100 0000 0000 0200 0000 0000 
  IN 000050: 0300 0000 0000 0000 0000 0000 1800 0000 
  IN 000060: 4095 850b 0100 0000                     
RET  seq=19 conn=3c03 sel=9(0x9) ret=0x0 outStructCnt=88
  OUT.struct len=88
  OUT 000000: 0083 0100 0001 0000 0000 0000 0000 0000 
  OUT 000010: c086 b904 0100 0000 0000 0000 0000 0000 
  OUT 000020: 0000 0000 0900 0000 0000 0200 0000 0000 
  OUT 000030: c7c1 3354 1500 0000 3e3a 0700 0000 0000 
  OUT 000040: 0000 0000 0000 0000 0000 0000 0000 0000 
  OUT 000050: 00fd 0100 0000 0000                     
CALL seq=20 fn=Method conn=3c03 class=AGXAcceleratorG16G sel=9(0x9) inScalarCnt=0 inStructCnt=104
  IN.struct len=104
  IN 000000: 8000 0000 0000 0000 0100 0100 0100 0000 
  IN 000010: 0101 0001 300c 0000 0000 0000 0000 0000 
  IN 000020: 0000 0000 0000 0000 0000 0000 0000 0000 
  IN 000030: 0000 0000 0000 0000 0045 bd04 0100 0000 
  IN 000040: 0040 bd04 0100 0000 0000 0200 0000 0000 
  IN 000050: 0300 0000 0000 0000 0000 0000 1800 0000 
  IN 000060: b8dc 0923 0900 0000                     
RET  seq=20 conn=3c03 sel=9(0x9) ret=0x0 outStructCnt=88
  OUT.struct len=88
  OUT 000000: 0085 0100 0001 0000 0000 0000 0000 0000 
  OUT 000010: 8087 b904 0100 0000 0000 0000 0000 0000 
  OUT 000020: 0000 0000 0a00 0000 0000 0200 0000 0000 
  OUT 000030: c8c1 3354 1500 0000 3e3a 0700 0000 0000 
  OUT 000040: 0000 0000 0000 0000 0000 0000 0000 0000 
  OUT 000050: 00fb 0100 0000 0000                     
CALL seq=21 fn=Method conn=3c03 class=AGXAcceleratorG16G sel=9(0x9) inScalarCnt=0 inStructCnt=104
  IN.struct len=104
  IN 000000: 8000 0000 0000 0000 0100 0100 0100 0000 
  IN 000010: 0101 0001 300c 0000 0000 0000 0000 0000 
  IN 000020: 0000 0000 0000 0000 0000 0000 0000 0000 
  IN 000030: 0000 0000 0000 0000 0047 bd04 0100 0000 
  IN 000040: 0040 bd04 0100 0000 0000 0200 0000 0000 
  IN 000050: 0300 0000 0000 0000 0000 0000 1800 0000 
  IN 000060: b8dc 0923 0900 0000                     
RET  seq=21 conn=3c03 sel=9(0x9) ret=0x0 outStructCnt=88
  OUT.struct len=88
  OUT 000000: 0087 0100 0001 0000 0000 0000 0000 0000 
  OUT 000010: 4088 b904 0100 0000 0000 0000 0000 0000 
  OUT 000020: 0000 0000 0b00 0000 0000 0200 0000 0000 
  OUT 000030: c9c1 3354 1500 0000 3e3a 0700 0000 0000 
  OUT 000040: 0000 0000 0000 0000 0000 0000 0000 0000 
  OUT 000050: 00f9 0100 0000 0000                     
CALL seq=22 fn=Method conn=3c03 class=AGXAcceleratorG16G sel=9(0x9) inScalarCnt=0 inStructCnt=104
  IN.struct len=104
  IN 000000: 0000 0000 0000 0000 0100 0100 0100 0000 
  IN 000010: 0101 0001 7004 0000 0000 0000 0000 0000 
  IN 000020: 0000 0000 0000 0000 0000 0000 0000 0000 
  IN 000030: 0100 0000 0000 0000 0000 0000 0000 0000 
  IN 000040: 0000 0000 0000 0000 0000 0100 0000 0000 
  IN 000050: 0000 0000 0000 0000 0000 0000 0000 0000 
  IN 000060: 8889 850b 0100 0000                     
RET  seq=22 conn=3c03 sel=9(0x9) ret=0x0 outStructCnt=88
  OUT.struct len=88
  OUT 000000: 0000 0700 0001 0000 0040 c204 0100 0000 
  OUT 000010: 0089 b904 0100 0000 0000 0000 0000 0000 
  OUT 000020: 0000 0000 0c00 0000 0000 0100 0000 0000 
  OUT 000030: cac1 3354 1500 0000 423a 0700 0000 0000 
  OUT 000040: 0000 0000 0000 0000 0000 0000 0000 0000 
  OUT 000050: 0000 0100 0000 0000                     
CALL seq=23 fn=Method conn=3c03 class=AGXAcceleratorG16G sel=9(0x9) inScalarCnt=0 inStructCnt=104
  IN.struct len=104
  IN 000000: 0000 0000 0000 0000 0100 0100 0100 0000 
  IN 000010: 0101 0001 7004 0000 0000 0000 0000 0000 
  IN 000020: 0000 0000 0000 0000 0000 0000 0000 0000 
  IN 000030: 0100 0000 0000 0000 0000 0000 0000 0000 
  IN 000040: 0000 0000 0000 0000 0000 0100 0000 0000 
  IN 000050: 0000 0000 0000 0000 0000 0000 0000 0000 
  IN 000060: 0cc1 ffff 0f00 0000                     
RET  seq=23 conn=3c03 sel=9(0x9) ret=0x0 outStructCnt=88
  OUT.struct len=88
  OUT 000000: 0080 0800 0001 0000 0040 c304 0100 0000 
  OUT 000010: c089 b904 0100 0000 0000 0000 0000 0000 
  OUT 000020: 0000 0000 0d00 0000 0000 0100 0000 0000 
  OUT 000030: cbc1 3354 1500 0000 433a 0700 0000 0000 
  OUT 000040: 0000 0000 0000 0000 0000 0000 0000 0000 
  OUT 000050: 0000 0100 0000 0000                     
CALL seq=24 fn=Method conn=3c03 class=AGXAcceleratorG16G sel=9(0x9) inScalarCnt=0 inStructCnt=104
  IN.struct len=104
  IN 000000: 0000 0000 0000 0000 0100 0100 0100 0000 
  IN 000010: 0101 0001 7004 0000 0000 0000 0000 0000 
  IN 000020: 0000 0000 0000 0000 0000 0000 0000 0000 
  IN 000030: 0100 0000 0000 0000 0000 0000 0000 0000 
  IN 000040: 0000 0000 0000 0000 0000 0100 0000 0000 
  IN 000050: 0000 0000 0000 0000 0000 0000 0000 0000 
  IN 000060: 0cc1 ffff 0f00 0000                     
RET  seq=24 conn=3c03 sel=9(0x9) ret=0x0 outStructCnt=88
  OUT.struct len=88
  OUT 000000: 0000 0a00 0001 0000 0040 c404 0100 0000 
  OUT 000010: 808a b904 0100 0000 0000 0000 0000 0000 
  OUT 000020: 0000 0000 0e00 0000 0000 0100 0000 0000 
  OUT 000030: ccc1 3354 1500 0000 443a 0700 0000 0000 
  OUT 000040: 0000 0000 0000 0000 0000 0000 0000 0000 
  OUT 000050: 0000 0100 0000 0000                     
CALL seq=25 fn=Method conn=3c03 class=AGXAcceleratorG16G sel=9(0x9) inScalarCnt=0 inStructCnt=104
  IN.struct len=104
  IN 000000: 0000 0000 0000 0000 0100 0100 0100 0000 
  IN 000010: 0101 0001 7004 0000 0000 0000 0000 0000 
  IN 000020: 0000 0000 0000 0000 0000 0000 0000 0000 
  IN 000030: 0100 0000 0000 0000 0000 0000 0000 0000 
  IN 000040: 0000 0000 0000 0000 0000 0100 0000 0000 
  IN 000050: 0000 0000 0000 0000 0000 0000 0000 0000 
  IN 000060: 0cc1 ffff 0f00 0000                     
RET  seq=25 conn=3c03 sel=9(0x9) ret=0x0 outStructCnt=88
  OUT.struct len=88
  OUT 000000: 0080 0b00 0001 0000 0040 c504 0100 0000 
  OUT 000010: 408b b904 0100 0000 0000 0000 0000 0000 
  OUT 000020: 0000 0000 0f00 0000 0000 0100 0000 0000 
  OUT 000030: cdc1 3354 1500 0000 453a 0700 0000 0000 
  OUT 000040: 0000 0000 0000 0000 0000 0000 0000 0000 
  OUT 000050: 0000 0100 0000 0000                     
CALL seq=26 fn=Method conn=3c03 class=AGXAcceleratorG16G sel=9(0x9) inScalarCnt=0 inStructCnt=104
  IN.struct len=104
  IN 000000: 0000 0000 0000 0000 0100 0100 0100 0000 
  IN 000010: 0101 0001 7004 0000 0000 0000 0000 0000 
  IN 000020: 0000 0000 0000 0000 0000 0000 0000 0000 
  IN 000030: 0100 0000 0000 0000 0000 0000 0000 0000 
  IN 000040: 0000 0000 0000 0000 0000 0100 0000 0000 
  IN 000050: 0000 0000 0000 0000 0000 0000 0000 0000 
  IN 000060: 0cc1 ffff 0f00 0000                     
RET  seq=26 conn=3c03 sel=9(0x9) ret=0x0 outStructCnt=88
  OUT.struct len=88
  OUT 000000: 0000 0d00 0001 0000 0040 c604 0100 0000 
  OUT 000010: 008c b904 0100 0000 0000 0000 0000 0000 
  OUT 000020: 0000 0000 1000 0000 0000 0100 0000 0000 
  OUT 000030: cec1 3354 1500 0000 463a 0700 0000 0000 
  OUT 000040: 0000 0000 0000 0000 0000 0000 0000 0000 
  OUT 000050: 0000 0100 0000 0000                     
CALL seq=27 fn=Method conn=3c03 class=AGXAcceleratorG16G sel=9(0x9) inScalarCnt=0 inStructCnt=104
  IN.struct len=104
  IN 000000: 0000 0000 0000 0000 0100 0100 0100 0000 
  IN 000010: 0101 0001 7004 0000 0000 0000 0000 0000 
  IN 000020: 0000 0000 0000 0000 0000 0000 0000 0000 
  IN 000030: 0100 0000 0000 0000 0000 0000 0000 0000 
  IN 000040: 0000 0000 0000 0000 0000 0100 0000 0000 
  IN 000050: 0000 0000 0000 0000 0000 0000 0000 0000 
  IN 000060: 0cc1 ffff 0f00 0000                     
RET  seq=27 conn=3c03 sel=9(0x9) ret=0x0 outStructCnt=88
  OUT.struct len=88
  OUT 000000: 0080 0e00 0001 0000 0040 c704 0100 0000 
  OUT 000010: c08c b904 0100 0000 0000 0000 0000 0000 
  OUT 000020: 0000 0000 1100 0000 0000 0100 0000 0000 
  OUT 000030: cfc1 3354 1500 0000 473a 0700 0000 0000 
  OUT 000040: 0000 0000 0000 0000 0000 0000 0000 0000 
  OUT 000050: 0000 0100 0000 0000                     
CALL seq=28 fn=Method conn=3c03 class=AGXAcceleratorG16G sel=9(0x9) inScalarCnt=0 inStructCnt=104
  IN.struct len=104
  IN 000000: 0000 0000 0000 0000 0100 0100 0100 0000 
  IN 000010: 0101 0001 7004 0000 0000 0000 0000 0000 
  IN 000020: 0000 0000 0000 0000 0000 0000 0000 0000 
  IN 000030: 0100 0000 0000 0000 0000 0000 0000 0000 
  IN 000040: 0000 0000 0000 0000 0000 0100 0000 0000 
  IN 000050: 0000 0000 0000 0000 0000 0000 0000 0000 
  IN 000060: 0cc1 ffff 0f00 0000                     
RET  seq=28 conn=3c03 sel=9(0x9) ret=0x0 outStructCnt=88
  OUT.struct len=88
  OUT 000000: 0000 1000 0001 0000 0040 c804 0100 0000 
  OUT 000010: 808d b904 0100 0000 0000 0000 0000 0000 
  OUT 000020: 0000 0000 1200 0000 0000 0100 0000 0000 
  OUT 000030: d0c1 3354 1500 0000 483a 0700 0000 0000 
  OUT 000040: 0000 0000 0000 0000 0000 0000 0000 0000 
  OUT 000050: 0000 0100 0000 0000                     
CALL seq=29 fn=Method conn=3c03 class=AGXAcceleratorG16G sel=7(0x7) inScalarCnt=0 inStructCnt=1040
  IN.struct len=1040
  IN 000000: 2f55 7365 7273 2f75 7365 722f 6173 6168 
  IN 000010: 695f 7265 2f70 7562 6c69 632f 6167 782d 
  IN 000020: 7265 2f65 7870 6572 696d 656e 7473 2f45 
  IN 000030: 5850 2d30 3131 382d 6131 382d 7072 6f2d 
  IN 000040: 7061 7274 6961 6c2d 7265 6e64 6572 2d77 
  IN 000050: 6f72 6b6c 6f61 642f 6275 696c 642f 7061 
  IN 000060: 7274 6961 6c5f 7265 6e64 6572 0000 0000 
  IN 000070: 0000 0000 0000 0000 0000 0000 0000 0000 
  IN 000080: 0000 0000 0000 0000 0000 0000 0000 0000 
  IN 000090: 0000 0000 0000 0000 0000 0000 0000 0000 
  IN 0000a0: 0000 0000 0000 0000 0000 0000 0000 0000 
  IN 0000b0: 0000 0000 0000 0000 0000 0000 0000 0000 
  IN 0000c0: 0000 0000 0000 0000 0000 0000 0000 0000 
  IN 0000d0: 0000 0000 0000 0000 0000 0000 0000 0000 
  IN 0000e0: 0000 0000 0000 0000 0000 0000 0000 0000 
  IN 0000f0: 0000 0000 0000 0000 0000 0000 0000 0000 
  IN 000100: 0000 0000 0000 0000 0000 0000 0000 0000 
  IN 000110: 0000 0000 0000 0000 0000 0000 0000 0000 
  IN 000120: 0000 0000 0000 0000 0000 0000 0000 0000 
  IN 000130: 0000 0000 0000 0000 0000 0000 0000 0000 
  IN 000140: 0000 0000 0000 0000 0000 0000 0000 0000 
  IN 000150: 0000 0000 0000 0000 0000 0000 0000 0000 
  IN 000160: 0000 0000 0000 0000 0000 0000 0000 0000 
  IN 000170: 0000 0000 0000 0000 0000 0000 0000 0000 
  IN 000180: 0000 0000 0000 0000 0000 0000 0000 0000 
  IN 000190: 0000 0000 0000 0000 0000 0000 0000 0000 
  IN 0001a0: 0000 0000 0000 0000 0000 0000 0000 0000 
  IN 0001b0: 0000 0000 0000 0000 0000 0000 0000 0000 
  IN 0001c0: 0000 0000 0000 0000 0000 0000 0000 0000 
  IN 0001d0: 0000 0000 0000 0000 0000 0000 0000 0000 
  IN 0001e0: 0000 0000 0000 0000 0000 0000 0000 0000 
  IN 0001f0: 0000 0000 0000 0000 0000 0000 0000 0000 
  IN 000200: 0000 0000 0000 0000 0000 0000 0000 0000 
  IN 000210: 0000 0000 0000 0000 0000 0000 0000 0000 
  IN 000220: 0000 0000 0000 0000 0000 0000 0000 0000 
  IN 000230: 0000 0000 0000 0000 0000 0000 0000 0000 
  IN 000240: 0000 0000 0000 0000 0000 0000 0000 0000 
  IN 000250: 0000 0000 0000 0000 0000 0000 0000 0000 
  IN 000260: 0000 0000 0000 0000 0000 0000 0000 0000 
  IN 000270: 0000 0000 0000 0000 0000 0000 0000 0000 
  IN 000280: 0000 0000 0000 0000 0000 0000 0000 0000 
  IN 000290: 0000 0000 0000 0000 0000 0000 0000 0000 
  IN 0002a0: 0000 0000 0000 0000 0000 0000 0000 0000 
  IN 0002b0: 0000 0000 0000 0000 0000 0000 0000 0000 
  IN 0002c0: 0000 0000 0000 0000 0000 0000 0000 0000 
  IN 0002d0: 0000 0000 0000 0000 0000 0000 0000 0000 
  IN 0002e0: 0000 0000 0000 0000 0000 0000 0000 0000 
  IN 0002f0: 0000 0000 0000 0000 0000 0000 0000 0000 
  IN 000300: 0000 0000 0000 0000 0000 0000 0000 0000 
  IN 000310: 0000 0000 0000 0000 0000 0000 0000 0000 
  IN 000320: 0000 0000 0000 0000 0000 0000 0000 0000 
  IN 000330: 0000 0000 0000 0000 0000 0000 0000 0000 
  IN 000340: 0000 0000 0000 0000 0000 0000 0000 0000 
  IN 000350: 0000 0000 0000 0000 0000 0000 0000 0000 
  IN 000360: 0000 0000 0000 0000 0000 0000 0000 0000 
  IN 000370: 0000 0000 0000 0000 0000 0000 0000 0000 
  IN 000380: 0000 0000 0000 0000 0000 0000 0000 0000 
  IN 000390: 0000 002f 5573 6572 732f 7573 6572 2f61 
  IN 0003a0: 7361 6869 5f72 652f 7075 626c 6963 2f61 
  IN 0003b0: 6778 2d72 652f 6578 7065 7269 6d65 6e74 
  IN 0003c0: 732f 4558 502d 3031 3138 2d61 3138 2d70 
  IN 0003d0: 726f 2d70 6172 7469 616c 2d72 656e 6465 
  IN 0003e0: 722d 776f 726b 6c6f 6164 2f62 7569 6c64 
  IN 0003f0: 2f70 6172 7469 616c 5f72 656e 6465 7200 
  IN 000400: 0200 0000 0000 0000 ffff ffff 0100 0000 
RET  seq=29 conn=3c03 sel=7(0x7) ret=0x0 outStructCnt=16
  OUT.struct len=16
  OUT 000000: 0100 0000 0000 0000 d1c1 3354 1500 0000 
CALL seq=30 fn=Method conn=3c03 class=AGXAcceleratorG16G sel=16(0x10) inScalarCnt=2 inStructCnt=0 inScalars=[0x100,0x28]
RET  seq=30 conn=3c03 sel=16(0x10) ret=0x0 outStructCnt=16
  OUT.struct len=16
  OUT 000000: 0040 c904 0100 0000 0100 0000 0000 0000 
CALL seq=31 fn=Method conn=3c03 class=AGXAcceleratorG16G sel=28(0x1c) inScalarCnt=2 inStructCnt=0 inScalars=[0x1,0x1]
RET  seq=31 conn=3c03 sel=28(0x1c) ret=0x0
CALL seq=32 fn=Method conn=3c03 class=AGXAcceleratorG16G sel=9(0x9) inScalarCnt=0 inStructCnt=104
  IN.struct len=104
  IN 000000: 8000 0000 0000 0000 0100 0100 0100 0000 
  IN 000010: 0101 0001 300c 0000 0000 0000 0000 0000 
  IN 000020: 0000 0000 0000 0000 0000 0000 0000 0000 
  IN 000030: 0000 0000 0000 0000 0048 bd04 0100 0000 
  IN 000040: 0040 bd04 0100 0000 0000 0200 0000 0000 
  IN 000050: 0300 0000 0000 0000 0000 0000 1800 0000 
  IN 000060: 30e5 0923 0900 0000                     
RET  seq=32 conn=3c03 sel=9(0x9) ret=0x0 outStructCnt=88
  OUT.struct len=88
  OUT 000000: 0088 0100 0001 0000 0000 0000 0000 0000 
  OUT 000010: 408e b904 0100 0000 0000 0000 0000 0000 
  OUT 000020: 0000 0000 1300 0000 0000 0200 0000 0000 
  OUT 000030: d4c1 3354 1500 0000 3e3a 0700 0000 0000 
  OUT 000040: 0000 0000 0000 0000 0000 0000 0000 0000 
  OUT 000050: 00f8 0100 0000 0000                     
CALL seq=33 fn=Method conn=3c03 class=AGXAcceleratorG16G sel=9(0x9) inScalarCnt=0 inStructCnt=104
  IN.struct len=104
  IN 000000: 8000 0000 0000 0000 0100 0100 0100 0000 
  IN 000010: 0101 0001 300c 0000 0000 0000 0000 0000 
  IN 000020: 0000 0000 0000 0000 0000 0000 0000 0000 
  IN 000030: 0000 0000 0000 0000 0049 bd04 0100 0000 
  IN 000040: 0040 bd04 0100 0000 0000 0200 0000 0000 
  IN 000050: 0300 0000 0000 0000 0000 0000 1800 0000 
  IN 000060: 50e8 0923 0900 0000                     
RET  seq=33 conn=3c03 sel=9(0x9) ret=0x0 outStructCnt=88
  OUT.struct len=88
  OUT 000000: 0089 0100 0001 0000 0000 0000 0000 0000 
  OUT 000010: 008f b904 0100 0000 0000 0000 0000 0000 
  OUT 000020: 0000 0000 1400 0000 0000 0200 0000 0000 
  OUT 000030: d5c1 3354 1500 0000 3e3a 0700 0000 0000 
  OUT 000040: 0000 0000 0000 0000 0000 0000 0000 0000 
  OUT 000050: 00f7 0100 0000 0000                     
CALL seq=34 fn=Method conn=3c03 class=AGXAcceleratorG16G sel=9(0x9) inScalarCnt=0 inStructCnt=104
  IN.struct len=104
  IN 000000: 8000 0000 0000 0000 0100 0100 0100 0000 
  IN 000010: 0101 0001 300c 0000 0000 0000 0000 0000 
  IN 000020: 0000 0000 0000 0000 0000 0000 0000 0000 
  IN 000030: 0000 0000 0000 0000 004a bd04 0100 0000 
  IN 000040: 0040 bd04 0100 0000 0000 0200 0000 0000 
  IN 000050: 0300 0000 0000 0000 0000 0000 1800 0000 
  IN 000060: 70eb 0923 0900 0000                     
RET  seq=34 conn=3c03 sel=9(0x9) ret=0x0 outStructCnt=88
  OUT.struct len=88
  OUT 000000: 008a 0100 0001 0000 0000 0000 0000 0000 
  OUT 000010: c08f b904 0100 0000 0000 0000 0000 0000 
  OUT 000020: 0000 0000 1500 0000 0000 0200 0000 0000 
  OUT 000030: d6c1 3354 1500 0000 3e3a 0700 0000 0000 
  OUT 000040: 0000 0000 0000 0000 0000 0000 0000 0000 
  OUT 000050: 00f6 0100 0000 0000                     
CALL seq=35 fn=Method conn=3c03 class=AGXAcceleratorG16G sel=9(0x9) inScalarCnt=0 inStructCnt=104
  IN.struct len=104
  IN 000000: 8000 0000 0000 0000 0100 0100 0100 0000 
  IN 000010: 0101 0001 300c 0000 0000 0000 0000 0000 
  IN 000020: 0000 0000 0000 0000 0000 0000 0000 0000 
  IN 000030: 0000 0000 0000 0000 005a bd04 0100 0000 
  IN 000040: 0040 bd04 0100 0000 0000 0200 0000 0000 
  IN 000050: 0300 0000 0000 0000 0000 0000 1800 0000 
  IN 000060: 90ee 0923 0900 0000                     
RET  seq=35 conn=3c03 sel=9(0x9) ret=0x0 outStructCnt=88
  OUT.struct len=88
  OUT 000000: 009a 0100 0001 0000 0000 0000 0000 0000 
  OUT 000010: 8090 b904 0100 0000 0000 0000 0000 0000 
  OUT 000020: 0000 0000 1600 0000 0000 0200 0000 0000 
  OUT 000030: d7c1 3354 1500 0000 3e3a 0700 0000 0000 
  OUT 000040: 0000 0000 0000 0000 0000 0000 0000 0000 
  OUT 000050: 00e6 0100 0000 0000                     
CALL seq=36 fn=Method conn=3c03 class=AGXAcceleratorG16G sel=9(0x9) inScalarCnt=0 inStructCnt=104
  IN.struct len=104
  IN 000000: 8000 0000 0000 0000 0100 0100 0100 0000 
  IN 000010: 0101 0001 300c 0000 0000 0000 0000 0000 
  IN 000020: 0000 0000 0000 0000 0000 0000 0000 0000 
  IN 000030: 0000 0000 0000 0000 005b bd04 0100 0000 
  IN 000040: 0040 bd04 0100 0000 0000 0200 0000 0000 
  IN 000050: 0300 0000 0000 0000 0000 0000 1800 0000 
  IN 000060: 98f1 0923 0900 0000                     
RET  seq=36 conn=3c03 sel=9(0x9) ret=0x0 outStructCnt=88
  OUT.struct len=88
  OUT 000000: 009b 0100 0001 0000 0000 0000 0000 0000 
  OUT 000010: 4091 b904 0100 0000 0000 0000 0000 0000 
  OUT 000020: 0000 0000 1700 0000 0000 0200 0000 0000 
  OUT 000030: d8c1 3354 1500 0000 3e3a 0700 0000 0000 
  OUT 000040: 0000 0000 0000 0000 0000 0000 0000 0000 
  OUT 000050: 00e5 0100 0000 0000                     
CALL seq=37 fn=Method conn=3c03 class=AGXAcceleratorG16G sel=9(0x9) inScalarCnt=0 inStructCnt=104
  IN.struct len=104
  IN 000000: 8000 0000 0000 0000 0100 0100 0100 0000 
  IN 000010: 0101 0001 300c 0000 0000 0000 0000 0000 
  IN 000020: 0000 0000 0000 0000 0000 0000 0000 0000 
  IN 000030: 0000 0000 0000 0000 005c bd04 0100 0000 
  IN 000040: 0040 bd04 0100 0000 0000 0200 0000 0000 
  IN 000050: 0300 0000 0000 0000 0000 0000 1800 0000 
  IN 000060: a0f4 0923 0900 0000                     
RET  seq=37 conn=3c03 sel=9(0x9) ret=0x0 outStructCnt=88
  OUT.struct len=88
  OUT 000000: 009c 0100 0001 0000 0000 0000 0000 0000 
  OUT 000010: 0092 b904 0100 0000 0000 0000 0000 0000 
  OUT 000020: 0000 0000 1800 0000 0000 0200 0000 0000 
  OUT 000030: d9c1 3354 1500 0000 3e3a 0700 0000 0000 
  OUT 000040: 0000 0000 0000 0000 0000 0000 0000 0000 
  OUT 000050: 00e4 0100 0000 0000                     
CALL seq=38 fn=Method conn=3c03 class=AGXAcceleratorG16G sel=9(0x9) inScalarCnt=0 inStructCnt=104
  IN.struct len=104
  IN 000000: 8000 0000 0000 0000 0100 0100 0100 0000 
  IN 000010: 0101 0001 300c 0000 0000 0000 0000 0000 
  IN 000020: 0000 0000 0000 0000 0000 0000 0000 0000 
  IN 000030: 0000 0000 0000 0000 005d bd04 0100 0000 
  IN 000040: 0040 bd04 0100 0000 0000 0200 0000 0000 
  IN 000050: 0300 0000 0000 0000 0000 0000 1800 0000 
  IN 000060: a8f7 0923 0900 0000                     
RET  seq=38 conn=3c03 sel=9(0x9) ret=0x0 outStructCnt=88
  OUT.struct len=88
  OUT 000000: 009d 0100 0001 0000 0000 0000 0000 0000 
  OUT 000010: c092 b904 0100 0000 0000 0000 0000 0000 
  OUT 000020: 0000 0000 1900 0000 0000 0200 0000 0000 
  OUT 000030: dac1 3354 1500 0000 3e3a 0700 0000 0000 
  OUT 000040: 0000 0000 0000 0000 0000 0000 0000 0000 
  OUT 000050: 00e3 0100 0000 0000                     
CALL seq=39 fn=Method conn=3c03 class=AGXAcceleratorG16G sel=9(0x9) inScalarCnt=0 inStructCnt=104
  IN.struct len=104
  IN 000000: 8000 0000 0000 0000 0100 0100 0100 0000 
  IN 000010: 0101 0001 300c 0000 0000 0000 0000 0000 
  IN 000020: 0000 0000 0000 0000 0000 0000 0000 0000 
  IN 000030: 0000 0000 0000 0000 0065 bd04 0100 0000 
  IN 000040: 0040 bd04 0100 0000 0000 0200 0000 0000 
  IN 000050: 0300 0000 0000 0000 0000 0000 1800 0000 
  IN 000060: b0fa 0923 0900 0000                     
RET  seq=39 conn=3c03 sel=9(0x9) ret=0x0 outStructCnt=88
  OUT.struct len=88
  OUT 000000: 00a5 0100 0001 0000 0000 0000 0000 0000 
  OUT 000010: 8093 b904 0100 0000 0000 0000 0000 0000 
  OUT 000020: 0000 0000 1a00 0000 0000 0200 0000 0000 
  OUT 000030: dbc1 3354 1500 0000 3e3a 0700 0000 0000 
  OUT 000040: 0000 0000 0000 0000 0000 0000 0000 0000 
  OUT 000050: 00db 0100 0000 0000                     
CALL seq=40 fn=Method conn=3c03 class=AGXAcceleratorG16G sel=9(0x9) inScalarCnt=0 inStructCnt=104
  IN.struct len=104
  IN 000000: 8000 0000 0000 0000 0100 0100 0100 0000 
  IN 000010: 0101 0001 300c 0000 0000 0000 0000 0000 
  IN 000020: 0000 0000 0000 0000 0000 0000 0000 0000 
  IN 000030: 0000 0000 0000 0000 0066 bd04 0100 0000 
  IN 000040: 0040 bd04 0100 0000 0000 0200 0000 0000 
  IN 000050: 0300 0000 0000 0000 0000 0000 1800 0000 
  IN 000060: 8889 850b 0100 0000                     
RET  seq=40 conn=3c03 sel=9(0x9) ret=0x0 outStructCnt=88
  OUT.struct len=88
  OUT 000000: 00a6 0100 0001 0000 0000 0000 0000 0000 
  OUT 000010: 4094 b904 0100 0000 0000 0000 0000 0000 
  OUT 000020: 0000 0000 1b00 0000 0000 0200 0000 0000 
  OUT 000030: dcc1 3354 1500 0000 3e3a 0700 0000 0000 
  OUT 000040: 0000 0000 0000 0000 0000 0000 0000 0000 
  OUT 000050: 00da 0100 0000 0000                     
CALL seq=41 fn=Method conn=3c03 class=AGXAcceleratorG16G sel=9(0x9) inScalarCnt=0 inStructCnt=104
  IN.struct len=104
  IN 000000: 0000 0000 0000 0000 0100 0100 0100 0000 
  IN 000010: 0101 0001 7004 0000 0000 0000 0000 0000 
  IN 000020: 0000 0000 0000 0000 0000 0000 0000 0000 
  IN 000030: 0100 0000 0000 0000 0000 0000 0000 0000 
  IN 000040: 0000 0000 0000 0000 0000 0200 0000 0000 
  IN 000050: 0000 0000 0000 0000 0000 0000 0000 0000 
  IN 000060: 8889 850b 0100 0000                     
RET  seq=41 conn=3c03 sel=9(0x9) ret=0x0 outStructCnt=88
  OUT.struct len=88
  OUT 000000: 0080 1100 0001 0000 0080 c904 0100 0000 
  OUT 000010: 0095 b904 0100 0000 0000 0000 0000 0000 
  OUT 000020: 0000 0000 1c00 0000 0000 0200 0000 0000 
  OUT 000030: ddc1 3354 1500 0000 4b3a 0700 0000 0000 
  OUT 000040: 0000 0000 0000 0000 0000 0000 0000 0000 
  OUT 000050: 0000 0200 0000 0000                     
CALL seq=42 fn=Method conn=3c03 class=AGXAcceleratorG16G sel=9(0x9) inScalarCnt=0 inStructCnt=104
  IN.struct len=104
  IN 000000: 8000 0000 0000 0000 0100 0100 0100 0000 
  IN 000010: 0101 0001 300c 0000 0000 0000 0000 0000 
  IN 000020: 0000 0000 0000 0000 0000 0000 0000 0000 
  IN 000030: 0000 0000 0000 0000 0080 c904 0100 0000 
  IN 000040: 0080 c904 0100 0000 0000 0200 0000 0000 
  IN 000050: 1c00 0000 0000 0000 0000 0000 1800 0000 
  IN 000060: 00c0 0923 0900 0000                     
RET  seq=42 conn=3c03 sel=9(0x9) ret=0x0 outStructCnt=88
  OUT.struct len=88
  OUT 000000: 0080 1100 0001 0000 0000 0000 0000 0000 
  OUT 000010: c095 b904 0100 0000 0000 0000 0000 0000 
  OUT 000020: 0000 0000 1d00 0000 0000 0200 0000 0000 
  OUT 000030: dec1 3354 1500 0000 4b3a 0700 0000 0000 
  OUT 000040: 0000 0000 0000 0000 0000 0000 0000 0000 
  OUT 000050: 0000 0200 0000 0000                     
CALL seq=43 fn=Struct conn=3c03 class=AGXAcceleratorG16G sel=6(0x6) inScalarCnt=0 inStructCnt=0
RET  seq=43 conn=3c03 sel=6(0x6) ret=0x0 outStructCnt=16
  OUT.struct len=16
  OUT 000000: dfc1 3354 1500 0000 dfc1 3355 1500 0000 
CALL seq=44 fn=Method conn=3c03 class=AGXAcceleratorG16G sel=14(0xe) inScalarCnt=2 inStructCnt=0 inScalars=[0x4000,0x0]
RET  seq=44 conn=3c03 sel=14(0xe) ret=0x0 outStructCnt=16
  OUT.struct len=16
  OUT 000000: 0080 cb04 0100 0000 0040 0000 0100 0000 
CALL seq=45 fn=Method conn=3c03 class=AGXAcceleratorG16G sel=14(0xe) inScalarCnt=2 inStructCnt=0 inScalars=[0x4000,0x1]
RET  seq=45 conn=3c03 sel=14(0xe) ret=0x0 outStructCnt=16
  OUT.struct len=16
  OUT 000000: 00c0 cb04 0100 0000 0040 0000 0200 0000 
CALL seq=46 fn=Method conn=3c03 class=AGXAcceleratorG16G sel=9(0x9) inScalarCnt=0 inStructCnt=104
  IN.struct len=104
  IN 000000: 0000 0000 0000 0000 0100 0100 0100 0000 
  IN 000010: 0101 0001 3004 0000 0000 0000 0000 0000 
  IN 000020: 0000 0000 0000 0000 0000 0000 0000 0000 
  IN 000030: 0000 0000 0000 0000 0000 0000 0000 0000 
  IN 000040: 0000 0000 0000 0000 0040 0700 0000 0000 
  IN 000050: 0000 0000 0000 0000 0000 0008 1800 0000 
  IN 000060: 0000 0000 0000 0000                     
RET  seq=46 conn=3c03 sel=9(0x9) ret=0x0 outStructCnt=88
  OUT.struct len=88
  OUT 000000: 0000 1400 0001 0000 0000 cc04 0100 0000 
  OUT 000010: 8096 b904 0100 0000 0000 0000 0000 0000 
  OUT 000020: 0000 0000 1e00 0000 0040 0700 0000 0000 
  OUT 000030: dfc1 3355 1500 0000 4c3a 0700 0000 0000 
  OUT 000040: 0000 0000 0000 0000 0000 0000 0000 0000 
  OUT 000050: 0040 0700 0000 0000                     
CALL seq=47 fn=Method conn=3c03 class=AGXAcceleratorG16G sel=9(0x9) inScalarCnt=0 inStructCnt=104
  IN.struct len=104
  IN 000000: 0000 0000 0000 0000 0080 0100 0100 0000 
  IN 000010: 0101 0001 30c4 0000 0000 0000 0000 0000 
  IN 000020: 0000 0000 0000 0000 0000 0000 0000 0000 
  IN 000030: 0000 0000 0000 0000 0000 0000 0000 0000 
  IN 000040: 0000 0000 0000 0000 0080 0000 0000 0000 
  IN 000050: 0000 0000 0000 0000 0000 0038 0000 0000 
  IN 000060: 0000 0000 0000 0000                     
RET  seq=47 conn=3c03 sel=9(0x9) ret=0x0 outStructCnt=88
  OUT.struct len=88
  OUT 000000: 0080 0100 0000 0000 0040 d304 0100 0000 
  OUT 000010: 4097 b904 0100 0000 0000 0000 0000 0000 
  OUT 000020: 0000 0000 1f00 0000 0080 0000 0000 0000 
  OUT 000030: e0c1 3355 1500 0000 4d3a 0700 0000 0000 
  OUT 000040: 0000 0000 0000 0000 0000 0000 0000 0000 
  OUT 000050: 0080 0000 0000 0000                     
CALL seq=48 fn=Method conn=3c03 class=AGXAcceleratorG16G sel=9(0x9) inScalarCnt=0 inStructCnt=104
  IN.struct len=104
  IN 000000: 0000 0000 0000 0000 0080 0100 0100 0000 
  IN 000010: 0101 0001 30c4 0000 0000 0000 0000 0000 
  IN 000020: 0000 0000 0000 0000 0000 0000 0000 0000 
  IN 000030: 0000 0000 0000 0000 0000 0000 0000 0000 
  IN 000040: 0000 0000 0000 0000 0080 0000 0000 0000 
  IN 000050: 0000 0000 0000 0000 0000 0038 0000 0000 
  IN 000060: 0000 0000 0000 0000                     
RET  seq=48 conn=3c03 sel=9(0x9) ret=0x0 outStructCnt=88
  OUT.struct len=88
  OUT 000000: 0080 0200 0000 0000 00c0 d304 0100 0000 
  OUT 000010: 0098 b904 0100 0000 0000 0000 0000 0000 
  OUT 000020: 0000 0000 2000 0000 0080 0000 0000 0000 
  OUT 000030: e1c1 3355 1500 0000 4e3a 0700 0000 0000 
  OUT 000040: 0000 0000 0000 0000 0000 0000 0000 0000 
  OUT 000050: 0080 0000 0000 0000                     
CALL seq=49 fn=Method conn=3c03 class=AGXAcceleratorG16G sel=9(0x9) inScalarCnt=0 inStructCnt=104
  IN.struct len=104
  IN 000000: 0000 0000 0000 0000 0080 0100 0100 0000 
  IN 000010: 0101 0001 30c4 0000 0000 0000 0000 0000 
  IN 000020: 0000 0000 0000 0000 0000 0000 0000 0000 
  IN 000030: 0000 0000 0000 0000 0000 0000 0000 0000 
  IN 000040: 0000 0000 0000 0000 0080 0000 0000 0000 
  IN 000050: 0000 0000 0000 0000 0000 0038 0000 0000 
  IN 000060: 0000 0000 0000 0000                     
RET  seq=49 conn=3c03 sel=9(0x9) ret=0x0 outStructCnt=88
  OUT.struct len=88
  OUT 000000: 0080 0300 0000 0000 0040 d404 0100 0000 
  OUT 000010: c098 b904 0100 0000 0000 0000 0000 0000 
  OUT 000020: 0000 0000 2100 0000 0080 0000 0000 0000 
  OUT 000030: e2c1 3355 1500 0000 4f3a 0700 0000 0000 
  OUT 000040: 0000 0000 0000 0000 0000 0000 0000 0000 
  OUT 000050: 0080 0000 0000 0000                     
CALL seq=50 fn=Method conn=3c03 class=AGXAcceleratorG16G sel=9(0x9) inScalarCnt=0 inStructCnt=104
  IN.struct len=104
  IN 000000: 0000 0000 0000 0000 0080 0100 0100 0000 
  IN 000010: 0101 0001 3044 0000 0000 0000 0000 0000 
  IN 000020: 0000 0000 0000 0000 0000 0000 0000 0000 
  IN 000030: 0000 0000 0000 0000 0000 0000 0000 0000 
  IN 000040: 0000 0000 0000 0000 0080 0000 0000 0000 
  IN 000050: 0000 0000 0000 0000 0000 0008 4800 0000 
  IN 000060: 0000 0000 0000 0000                     
RET  seq=50 conn=3c03 sel=9(0x9) ret=0x0 outStructCnt=88
  OUT.struct len=88
  OUT 000000: 0080 1b00 0001 0000 00c0 d404 0100 0000 
  OUT 000010: 8099 b904 0100 0000 0000 0000 0000 0000 
  OUT 000020: 0000 0000 2200 0000 0080 0000 0000 0000 
  OUT 000030: e3c1 3355 1500 0000 503a 0700 0000 0000 
  OUT 000040: 0000 0000 0000 0000 0000 0000 0000 0000 
  OUT 000050: 0080 0000 0000 0000                     
CALL seq=51 fn=Method conn=3c03 class=AGXAcceleratorG16G sel=9(0x9) inScalarCnt=0 inStructCnt=104
  IN.struct len=104
  IN 000000: 0000 0000 0000 0000 0080 0100 0100 0000 
  IN 000010: 0101 0001 3044 0000 0000 0000 0000 0000 
  IN 000020: 0000 0000 0000 0000 0000 0000 0000 0000 
  IN 000030: 0000 0000 0000 0000 0000 0000 0000 0000 
  IN 000040: 0000 0000 0000 0000 0080 0000 0000 0000 
  IN 000050: 0000 0000 0000 0000 0000 0008 0000 0000 
  IN 000060: 0000 0000 0000 0000                     
RET  seq=51 conn=3c03 sel=9(0x9) ret=0x0 outStructCnt=88
  OUT.struct len=88
  OUT 000000: 0080 1c00 0001 0000 0040 d504 0100 0000 
  OUT 000010: 409a b904 0100 0000 0000 0000 0000 0000 
  OUT 000020: 0000 0000 2300 0000 0080 0000 0000 0000 
  OUT 000030: e4c1 3355 1500 0000 513a 0700 0000 0000 
  OUT 000040: 0000 0000 0000 0000 0000 0000 0000 0000 
  OUT 000050: 0080 0000 0000 0000                     
CALL seq=52 fn=Method conn=3c03 class=AGXAcceleratorG16G sel=9(0x9) inScalarCnt=0 inStructCnt=104
  IN.struct len=104
  IN 000000: 0000 0000 0000 0000 0080 0100 0100 0000 
  IN 000010: 0101 0001 3044 0000 0000 0000 0000 0000 
  IN 000020: 0000 0000 0000 0000 0000 0000 0000 0000 
  IN 000030: 0000 0000 0000 0000 0000 0000 0000 0000 
  IN 000040: 0000 0000 0000 0000 0080 0000 0000 0000 
  IN 000050: 0000 0000 0000 0000 0000 0018 0000 0000 
  IN 000060: 0000 0000 0000 0000                     
RET  seq=52 conn=3c03 sel=9(0x9) ret=0x0 outStructCnt=88
  OUT.struct len=88
  OUT 000000: 0080 1d00 0001 0000 00c0 d504 0100 0000 
  OUT 000010: 009b b904 0100 0000 0000 0000 0000 0000 
  OUT 000020: 0000 0000 2400 0000 0080 0000 0000 0000 
  OUT 000030: e5c1 3355 1500 0000 523a 0700 0000 0000 
  OUT 000040: 0000 0000 0000 0000 0000 0000 0000 0000 
  OUT 000050: 0080 0000 0000 0000                     
CALL seq=53 fn=Method conn=3c03 class=AGXAcceleratorG16G sel=9(0x9) inScalarCnt=0 inStructCnt=104
  IN.struct len=104
  IN 000000: 0000 0000 0000 0000 0080 0100 0100 0000 
  IN 000010: 0101 0001 3044 0000 0000 0000 0000 0000 
  IN 000020: 0000 0000 0000 0000 0000 0000 0000 0000 
  IN 000030: 0000 0000 0000 0000 0000 0000 0000 0000 
  IN 000040: 0000 0000 0000 0000 0080 0000 0000 0000 
  IN 000050: 0000 0000 0000 0000 0000 0018 0000 0000 
  IN 000060: 0000 0000 0000 0000                     
RET  seq=53 conn=3c03 sel=9(0x9) ret=0x0 outStructCnt=88
  OUT.struct len=88
  OUT 000000: 0080 1e00 0001 0000 0040 d604 0100 0000 
  OUT 000010: c09b b904 0100 0000 0000 0000 0000 0000 
  OUT 000020: 0000 0000 2500 0000 0080 0000 0000 0000 
  OUT 000030: e6c1 3355 1500 0000 533a 0700 0000 0000 
  OUT 000040: 0000 0000 0000 0000 0000 0000 0000 0000 
  OUT 000050: 0080 0000 0000 0000                     
CALL seq=54 fn=Method conn=3c03 class=AGXAcceleratorG16G sel=9(0x9) inScalarCnt=0 inStructCnt=104
  IN.struct len=104
  IN 000000: 0000 0000 0000 0000 0000 0100 0100 0000 
  IN 000010: 0101 0001 3044 0000 0000 0000 0000 0000 
  IN 000020: 0000 0000 0000 0000 0000 0000 0000 0000 
  IN 000030: 0000 0000 0000 0000 0000 0000 0000 0000 
  IN 000040: 0000 0000 0000 0000 0000 1000 0000 0000 
  IN 000050: 0000 0000 0000 0000 0000 0018 0000 0000 
  IN 000060: 0000 0000 0000 0000                     
RET  seq=54 conn=3c03 sel=9(0x9) ret=0x0 outStructCnt=88
  OUT.struct len=88
  OUT 000000: 0080 1f00 0001 0000 0040 a809 0100 0000 
  OUT 000010: 809c b904 0100 0000 0000 0000 0000 0000 
  OUT 000020: 0000 0000 2600 0000 0000 1000 0000 0000 
  OUT 000030: e7c1 3355 1500 0000 543a 0700 0000 0000 
  OUT 000040: 0000 0000 0000 0000 0000 0000 0000 0000 
  OUT 000050: 0000 1000 0000 0000                     
CALL seq=55 fn=Method conn=3c03 class=AGXAcceleratorG16G sel=9(0x9) inScalarCnt=0 inStructCnt=104
  IN.struct len=104
  IN 000000: 0000 0000 0000 0000 0080 0100 0100 0000 
  IN 000010: 0101 0001 30c4 0000 0000 0000 0000 0000 
  IN 000020: 0000 0000 0000 0000 0000 0000 0000 0000 
  IN 000030: 0000 0000 0000 0000 0000 0000 0000 0000 
  IN 000040: 0000 0000 0000 0000 0080 0000 0000 0000 
  IN 000050: 0000 0000 0000 0000 0000 0038 0000 0000 
  IN 000060: 0000 0000 0000 0000                     
RET  seq=55 conn=3c03 sel=9(0x9) ret=0x0 outStructCnt=88
  OUT.struct len=88
  OUT 000000: 0080 0400 0000 0000 00c0 d604 0100 0000 
  OUT 000010: 409d b904 0100 0000 0000 0000 0000 0000 
  OUT 000020: 0000 0000 2700 0000 0080 0000 0000 0000 
  OUT 000030: e8c1 3355 1500 0000 553a 0700 0000 0000 
  OUT 000040: 0000 0000 0000 0000 0000 0000 0000 0000 
  OUT 000050: 0080 0000 0000 0000                     
CALL seq=56 fn=Method conn=3c03 class=AGXAcceleratorG16G sel=9(0x9) inScalarCnt=0 inStructCnt=104
  IN.struct len=104
  IN 000000: 0000 0000 0000 0000 0080 0100 0100 0000 
  IN 000010: 0101 0001 3044 0000 0000 0000 0000 0000 
  IN 000020: 0000 0000 0000 0000 0000 0000 0000 0000 
  IN 000030: 0000 0000 0000 0000 0000 0000 0000 0000 
  IN 000040: 0000 0000 0000 0000 0080 0000 0000 0000 
  IN 000050: 0000 0000 0000 0000 0000 0018 0000 0000 
  IN 000060: 0000 0000 0000 0000                     
RET  seq=56 conn=3c03 sel=9(0x9) ret=0x0 outStructCnt=88
  OUT.struct len=88
  OUT 000000: 0000 3000 0001 0000 0040 d704 0100 0000 
  OUT 000010: 009e b904 0100 0000 0000 0000 0000 0000 
  OUT 000020: 0000 0000 2800 0000 0080 0000 0000 0000 
  OUT 000030: e9c1 3355 1500 0000 563a 0700 0000 0000 
  OUT 000040: 0000 0000 0000 0000 0000 0000 0000 0000 
  OUT 000050: 0080 0000 0000 0000                     
CALL seq=57 fn=Method conn=3c03 class=AGXAcceleratorG16G sel=9(0x9) inScalarCnt=0 inStructCnt=104
  IN.struct len=104
  IN 000000: 0000 0000 0000 0000 0080 0100 0100 0000 
  IN 000010: 0101 0001 3044 0000 0000 0000 0000 0000 
  IN 000020: 0000 0000 0000 0000 0000 0000 0000 0000 
  IN 000030: 0000 0000 0000 0000 0000 0000 0000 0000 
  IN 000040: 0000 0000 0000 0000 0080 0000 0000 0000 
  IN 000050: 0000 0000 0000 0000 0000 0008 0000 0000 
  IN 000060: 0000 0000 0000 0000                     
RET  seq=57 conn=3c03 sel=9(0x9) ret=0x0 outStructCnt=88
  OUT.struct len=88
  OUT 000000: 0000 3100 0001 0000 00c0 d704 0100 0000 
  OUT 000010: c09e b904 0100 0000 0000 0000 0000 0000 
  OUT 000020: 0000 0000 2900 0000 0080 0000 0000 0000 
  OUT 000030: eac1 3355 1500 0000 573a 0700 0000 0000 
  OUT 000040: 0000 0000 0000 0000 0000 0000 0000 0000 
  OUT 000050: 0080 0000 0000 0000                     
CALL seq=58 fn=Method conn=3c03 class=AGXAcceleratorG16G sel=9(0x9) inScalarCnt=0 inStructCnt=104
  IN.struct len=104
  IN 000000: 0000 0000 0000 0000 0080 0100 0100 0000 
  IN 000010: 0101 0001 3044 0000 0000 0000 0000 0000 
  IN 000020: 0000 0000 0000 0000 0000 0000 0000 0000 
  IN 000030: 0000 0000 0000 0000 0000 0000 0000 0000 
  IN 000040: 0000 0000 0000 0000 0080 0000 0000 0000 
  IN 000050: 0000 0000 0000 0000 0000 0008 0000 0000 
  IN 000060: 0000 0000 0000 0000                     
RET  seq=58 conn=3c03 sel=9(0x9) ret=0x0 outStructCnt=88
  OUT.struct len=88
  OUT 000000: 0000 3200 0001 0000 0040 d804 0100 0000 
  OUT 000010: 809f b904 0100 0000 0000 0000 0000 0000 
  OUT 000020: 0000 0000 2a00 0000 0080 0000 0000 0000 
  OUT 000030: ebc1 3355 1500 0000 583a 0700 0000 0000 
  OUT 000040: 0000 0000 0000 0000 0000 0000 0000 0000 
  OUT 000050: 0080 0000 0000 0000                     
CALL seq=59 fn=Method conn=3c03 class=AGXAcceleratorG16G sel=9(0x9) inScalarCnt=0 inStructCnt=104
  IN.struct len=104
  IN 000000: 0000 0000 0000 0000 0080 0100 0100 0000 
  IN 000010: 0101 0001 3044 0000 0000 0000 0000 0000 
  IN 000020: 0000 0000 0000 0000 0000 0000 0000 0000 
  IN 000030: 0000 0000 0000 0000 0000 0000 0000 0000 
  IN 000040: 0000 0000 0000 0000 0080 0000 0000 0000 
  IN 000050: 0000 0000 0000 0000 0000 0008 0000 0000 
  IN 000060: 0000 0000 0000 0000                     
RET  seq=59 conn=3c03 sel=9(0x9) ret=0x0 outStructCnt=88
  OUT.struct len=88
  OUT 000000: 0000 3300 0001 0000 00c0 d804 0100 0000 
  OUT 000010: 40a0 b904 0100 0000 0000 0000 0000 0000 
  OUT 000020: 0000 0000 2b00 0000 0080 0000 0000 0000 
  OUT 000030: ecc1 3355 1500 0000 593a 0700 0000 0000 
  OUT 000040: 0000 0000 0000 0000 0000 0000 0000 0000 
  OUT 000050: 0080 0000 0000 0000                     
CALL seq=60 fn=Method conn=3c03 class=AGXAcceleratorG16G sel=9(0x9) inScalarCnt=0 inStructCnt=104
  IN.struct len=104
  IN 000000: 0000 0000 0000 0000 0080 0100 0100 0000 
  IN 000010: 0101 0001 3044 0000 0000 0000 0000 0000 
  IN 000020: 0000 0000 0000 0000 0000 0000 0000 0000 
  IN 000030: 0000 0000 0000 0000 0000 0000 0000 0000 
  IN 000040: 0000 0000 0000 0000 0080 0000 0000 0000 
  IN 000050: 0000 0000 0000 0000 0000 0008 0000 0000 
  IN 000060: 0000 0000 0000 0000                     
RET  seq=60 conn=3c03 sel=9(0x9) ret=0x0 outStructCnt=88
  OUT.struct len=88
  OUT 000000: 0000 3400 0001 0000 0040 d904 0100 0000 
  OUT 000010: 00a1 b904 0100 0000 0000 0000 0000 0000 
  OUT 000020: 0000 0000 2c00 0000 0080 0000 0000 0000 
  OUT 000030: edc1 3355 1500 0000 5a3a 0700 0000 0000 
  OUT 000040: 0000 0000 0000 0000 0000 0000 0000 0000 
  OUT 000050: 0080 0000 0000 0000                     
CALL seq=61 fn=Method conn=3c03 class=AGXAcceleratorG16G sel=9(0x9) inScalarCnt=0 inStructCnt=104
  IN.struct len=104
  IN 000000: 0000 0000 0000 0000 0080 0100 0100 0000 
  IN 000010: 0101 0001 30c4 0000 0000 0000 0000 0000 
  IN 000020: 0000 0000 0000 0000 0000 0000 0000 0000 
  IN 000030: 0000 0000 0000 0000 0000 0000 0000 0000 
  IN 000040: 0000 0000 0000 0000 0080 0000 0000 0000 
  IN 000050: 0000 0000 0000 0000 0000 0048 0000 0000 
  IN 000060: 0000 0000 0000 0000                     
RET  seq=61 conn=3c03 sel=9(0x9) ret=0x0 outStructCnt=88
  OUT.struct len=88
  OUT 000000: 0080 0500 0000 0000 00c0 d904 0100 0000 
  OUT 000010: c0a1 b904 0100 0000 0000 0000 0000 0000 
  OUT 000020: 0000 0000 2d00 0000 0080 0000 0000 0000 
  OUT 000030: eec1 3355 1500 0000 5b3a 0700 0000 0000 
  OUT 000040: 0000 0000 0000 0000 0000 0000 0000 0000 
  OUT 000050: 0080 0000 0000 0000                     
CALL seq=62 fn=Method conn=3c03 class=AGXAcceleratorG16G sel=9(0x9) inScalarCnt=0 inStructCnt=104
  IN.struct len=104
  IN 000000: 0000 0000 0000 0000 e088 0100 0100 0000 
  IN 000010: 0101 0001 30c4 0000 0000 0000 0000 0000 
  IN 000020: 0000 0000 0000 0000 0000 0000 0000 0000 
  IN 000030: 0000 0000 0000 0000 0000 0000 0000 0000 
  IN 000040: 0000 0000 0000 0000 e088 0000 0000 0000 
  IN 000050: 0000 0000 0000 0000 0000 0048 0000 0000 
  IN 000060: 0000 0000 0000 0000                     
RET  seq=62 conn=3c03 sel=9(0x9) ret=0x0 outStructCnt=88
  OUT.struct len=88
  OUT 000000: 0080 0600 0000 0000 0040 da04 0100 0000 
  OUT 000010: 80a2 b904 0100 0000 0000 0000 0000 0000 
  OUT 000020: 0000 0000 2e00 0000 00c0 0000 0000 0000 
  OUT 000030: efc1 3355 1500 0000 5c3a 0700 0000 0000 
  OUT 000040: 0000 0000 0000 0000 0000 0000 0000 0000 
  OUT 000050: 00c0 0000 0000 0000                     
CALL seq=63 fn=Method conn=3c03 class=AGXAcceleratorG16G sel=9(0x9) inScalarCnt=0 inStructCnt=104
  IN.struct len=104
  IN 000000: 0000 0000 0000 0000 0000 0100 0100 0000 
  IN 000010: 0101 0001 3044 0000 0000 0000 0000 0000 
  IN 000020: 0000 0000 0000 0000 0000 0000 0000 0000 
  IN 000030: 0000 0000 0000 0000 0000 0000 0000 0000 
  IN 000040: 0000 0000 0000 0000 0000 0c00 0000 0000 
  IN 000050: 0000 0000 0000 0000 0000 0008 0000 0000 
  IN 000060: 0000 0000 0000 0000                     
RET  seq=63 conn=3c03 sel=9(0x9) ret=0x0 outStructCnt=88
  OUT.struct len=88
  OUT 000000: 0000 3500 0001 0000 0040 b809 0100 0000 
  OUT 000010: 40a3 b904 0100 0000 0000 0000 0000 0000 
  OUT 000020: 0000 0000 2f00 0000 0000 0c00 0000 0000 
  OUT 000030: f0c1 3355 1500 0000 5d3a 0700 0000 0000 
  OUT 000040: 0000 0000 0000 0000 0000 0000 0000 0000 
  OUT 000050: 0000 0c00 0000 0000                     
BODUMP begin reason=sigusr1 n_bo=45
BODUMP handle=0 gpu_va=0x10000000000 cpu=0x104bac000 size=0x10000 read=0x4000 -> /Users/user/asahi_re/public/agx-re/experiments/EXP-0120-m4-tvb-overflow-mechanism/raw/m4_20260828_run02/cases/D-overflow-N15000000/iotrace_maps/bo_sigusr1_h0_va10000000000_cpu104bac000_sz10000.hex
BODUMP handle=0 gpu_va=0x6f00000000 cpu=0x104bbc000 size=0x3800 read=0x3800 -> /Users/user/asahi_re/public/agx-re/experiments/EXP-0120-m4-tvb-overflow-mechanism/raw/m4_20260828_run02/cases/D-overflow-N15000000/iotrace_maps/bo_sigusr1_h0_va6f00000000_cpu104bbc000_sz3800.hex
BODUMP handle=0 gpu_va=0x10000018000 cpu=0x104bd4000 size=0x20000 read=0x4000 -> /Users/user/asahi_re/public/agx-re/experiments/EXP-0120-m4-tvb-overflow-mechanism/raw/m4_20260828_run02/cases/D-overflow-N15000000/iotrace_maps/bo_sigusr1_h0_va10000018000_cpu104bd4000_sz20000.hex
BODUMP handle=0 gpu_va=0x10000040000 cpu=0x104bf4000 size=0x10000 read=0x4000 -> /Users/user/asahi_re/public/agx-re/experiments/EXP-0120-m4-tvb-overflow-mechanism/raw/m4_20260828_run02/cases/D-overflow-N15000000/iotrace_maps/bo_sigusr1_h0_va10000040000_cpu104bf4000_sz10000.hex
BODUMP handle=0 gpu_va=0x0 cpu=0x104c04000 size=0x10000 read=0x4000 -> /Users/user/asahi_re/public/agx-re/experiments/EXP-0120-m4-tvb-overflow-mechanism/raw/m4_20260828_run02/cases/D-overflow-N15000000/iotrace_maps/bo_sigusr1_h0_va0_cpu104c04000_sz10000.hex
BODUMP handle=0 gpu_va=0x10000018200 cpu=0x104bd4200 size=0x20000 read=0x4000 -> /Users/user/asahi_re/public/agx-re/experiments/EXP-0120-m4-tvb-overflow-mechanism/raw/m4_20260828_run02/cases/D-overflow-N15000000/iotrace_maps/bo_sigusr1_h0_va10000018200_cpu104bd4200_sz20000.hex
BODUMP handle=0 gpu_va=0x10000058000 cpu=0x104c14000 size=0x10000 read=0x4000 -> /Users/user/asahi_re/public/agx-re/experiments/EXP-0120-m4-tvb-overflow-mechanism/raw/m4_20260828_run02/cases/D-overflow-N15000000/iotrace_maps/bo_sigusr1_h0_va10000058000_cpu104c14000_sz10000.hex
BODUMP handle=0 gpu_va=0x10000018300 cpu=0x104bd4300 size=0x20000 read=0x4000 -> /Users/user/asahi_re/public/agx-re/experiments/EXP-0120-m4-tvb-overflow-mechanism/raw/m4_20260828_run02/cases/D-overflow-N15000000/iotrace_maps/bo_sigusr1_h0_va10000018300_cpu104bd4300_sz20000.hex
BODUMP handle=0 gpu_va=0x10000018500 cpu=0x104bd4500 size=0x20000 read=0x4000 -> /Users/user/asahi_re/public/agx-re/experiments/EXP-0120-m4-tvb-overflow-mechanism/raw/m4_20260828_run02/cases/D-overflow-N15000000/iotrace_maps/bo_sigusr1_h0_va10000018500_cpu104bd4500_sz20000.hex
BODUMP handle=0 gpu_va=0x10000018700 cpu=0x104bd4700 size=0x20000 read=0x4000 -> /Users/user/asahi_re/public/agx-re/experiments/EXP-0120-m4-tvb-overflow-mechanism/raw/m4_20260828_run02/cases/D-overflow-N15000000/iotrace_maps/bo_sigusr1_h0_va10000018700_cpu104bd4700_sz20000.hex
BODUMP handle=0 gpu_va=0x10000070000 cpu=0x104c24000 size=0x10000 read=0x4000 -> /Users/user/asahi_re/public/agx-re/experiments/EXP-0120-m4-tvb-overflow-mechanism/raw/m4_20260828_run02/cases/D-overflow-N15000000/iotrace_maps/bo_sigusr1_h0_va10000070000_cpu104c24000_sz10000.hex
BODUMP handle=0 gpu_va=0x10000088000 cpu=0x104c34000 size=0x10000 read=0x4000 -> /Users/user/asahi_re/public/agx-re/experiments/EXP-0120-m4-tvb-overflow-mechanism/raw/m4_20260828_run02/cases/D-overflow-N15000000/iotrace_maps/bo_sigusr1_h0_va10000088000_cpu104c34000_sz10000.hex
BODUMP handle=0 gpu_va=0x100000a0000 cpu=0x104c44000 size=0x10000 read=0x4000 -> /Users/user/asahi_re/public/agx-re/experiments/EXP-0120-m4-tvb-overflow-mechanism/raw/m4_20260828_run02/cases/D-overflow-N15000000/iotrace_maps/bo_sigusr1_h0_va100000a0000_cpu104c44000_sz10000.hex
BODUMP handle=0 gpu_va=0x100000b8000 cpu=0x104c54000 size=0x10000 read=0x4000 -> /Users/user/asahi_re/public/agx-re/experiments/EXP-0120-m4-tvb-overflow-mechanism/raw/m4_20260828_run02/cases/D-overflow-N15000000/iotrace_maps/bo_sigusr1_h0_va100000b8000_cpu104c54000_sz10000.hex
BODUMP handle=0 gpu_va=0x100000d0000 cpu=0x104c64000 size=0x10000 read=0x4000 -> /Users/user/asahi_re/public/agx-re/experiments/EXP-0120-m4-tvb-overflow-mechanism/raw/m4_20260828_run02/cases/D-overflow-N15000000/iotrace_maps/bo_sigusr1_h0_va100000d0000_cpu104c64000_sz10000.hex
BODUMP handle=0 gpu_va=0x100000e8000 cpu=0x104c74000 size=0x10000 read=0x4000 -> /Users/user/asahi_re/public/agx-re/experiments/EXP-0120-m4-tvb-overflow-mechanism/raw/m4_20260828_run02/cases/D-overflow-N15000000/iotrace_maps/bo_sigusr1_h0_va100000e8000_cpu104c74000_sz10000.hex
BODUMP handle=0 gpu_va=0x10000100000 cpu=0x104c84000 size=0x10000 read=0x4000 -> /Users/user/asahi_re/public/agx-re/experiments/EXP-0120-m4-tvb-overflow-mechanism/raw/m4_20260828_run02/cases/D-overflow-N15000000/iotrace_maps/bo_sigusr1_h0_va10000100000_cpu104c84000_sz10000.hex
BODUMP handle=0 gpu_va=0x10000018800 cpu=0x104bd4800 size=0x20000 read=0x4000 -> /Users/user/asahi_re/public/agx-re/experiments/EXP-0120-m4-tvb-overflow-mechanism/raw/m4_20260828_run02/cases/D-overflow-N15000000/iotrace_maps/bo_sigusr1_h0_va10000018800_cpu104bd4800_sz20000.hex
BODUMP handle=0 gpu_va=0x10000018900 cpu=0x104bd4900 size=0x20000 read=0x4000 -> /Users/user/asahi_re/public/agx-re/experiments/EXP-0120-m4-tvb-overflow-mechanism/raw/m4_20260828_run02/cases/D-overflow-N15000000/iotrace_maps/bo_sigusr1_h0_va10000018900_cpu104bd4900_sz20000.hex
BODUMP handle=0 gpu_va=0x10000018a00 cpu=0x104bd4a00 size=0x20000 read=0x4000 -> /Users/user/asahi_re/public/agx-re/experiments/EXP-0120-m4-tvb-overflow-mechanism/raw/m4_20260828_run02/cases/D-overflow-N15000000/iotrace_maps/bo_sigusr1_h0_va10000018a00_cpu104bd4a00_sz20000.hex
BODUMP handle=0 gpu_va=0x10000019a00 cpu=0x104bd5a00 size=0x20000 read=0x4000 -> /Users/user/asahi_re/public/agx-re/experiments/EXP-0120-m4-tvb-overflow-mechanism/raw/m4_20260828_run02/cases/D-overflow-N15000000/iotrace_maps/bo_sigusr1_h0_va10000019a00_cpu104bd5a00_sz20000.hex
BODUMP handle=0 gpu_va=0x10000019b00 cpu=0x104bd5b00 size=0x20000 read=0x4000 -> /Users/user/asahi_re/public/agx-re/experiments/EXP-0120-m4-tvb-overflow-mechanism/raw/m4_20260828_run02/cases/D-overflow-N15000000/iotrace_maps/bo_sigusr1_h0_va10000019b00_cpu104bd5b00_sz20000.hex
BODUMP handle=0 gpu_va=0x10000019c00 cpu=0x104bd5c00 size=0x20000 read=0x4000 -> /Users/user/asahi_re/public/agx-re/experiments/EXP-0120-m4-tvb-overflow-mechanism/raw/m4_20260828_run02/cases/D-overflow-N15000000/iotrace_maps/bo_sigusr1_h0_va10000019c00_cpu104bd5c00_sz20000.hex
BODUMP handle=0 gpu_va=0x10000019d00 cpu=0x104bd5d00 size=0x20000 read=0x4000 -> /Users/user/asahi_re/public/agx-re/experiments/EXP-0120-m4-tvb-overflow-mechanism/raw/m4_20260828_run02/cases/D-overflow-N15000000/iotrace_maps/bo_sigusr1_h0_va10000019d00_cpu104bd5d00_sz20000.hex
BODUMP handle=0 gpu_va=0x1000001a500 cpu=0x104bd6500 size=0x20000 read=0x4000 -> /Users/user/asahi_re/public/agx-re/experiments/EXP-0120-m4-tvb-overflow-mechanism/raw/m4_20260828_run02/cases/D-overflow-N15000000/iotrace_maps/bo_sigusr1_h0_va1000001a500_cpu104bd6500_sz20000.hex
BODUMP handle=0 gpu_va=0x1000001a600 cpu=0x104bd6600 size=0x20000 read=0x4000 -> /Users/user/asahi_re/public/agx-re/experiments/EXP-0120-m4-tvb-overflow-mechanism/raw/m4_20260828_run02/cases/D-overflow-N15000000/iotrace_maps/bo_sigusr1_h0_va1000001a600_cpu104bd6600_sz20000.hex
BODUMP handle=0 gpu_va=0x10000118000 cpu=0x104c98000 size=0x20000 read=0x4000 -> /Users/user/asahi_re/public/agx-re/experiments/EXP-0120-m4-tvb-overflow-mechanism/raw/m4_20260828_run02/cases/D-overflow-N15000000/iotrace_maps/bo_sigusr1_h0_va10000118000_cpu104c98000_sz20000.hex
BODUMP handle=0 gpu_va=0x10000140000 cpu=0x104cc0000 size=0x74000 read=0x4000 -> /Users/user/asahi_re/public/agx-re/experiments/EXP-0120-m4-tvb-overflow-mechanism/raw/m4_20260828_run02/cases/D-overflow-N15000000/iotrace_maps/bo_sigusr1_h0_va10000140000_cpu104cc0000_sz74000.hex
BODUMP handle=0 gpu_va=0x18000 cpu=0x104d34000 size=0x8000 read=0x4000 -> /Users/user/asahi_re/public/agx-re/experiments/EXP-0120-m4-tvb-overflow-mechanism/raw/m4_20260828_run02/cases/D-overflow-N15000000/iotrace_maps/bo_sigusr1_h0_va18000_cpu104d34000_sz8000.hex
BODUMP handle=0 gpu_va=0x28000 cpu=0x104d3c000 size=0x8000 read=0x4000 -> /Users/user/asahi_re/public/agx-re/experiments/EXP-0120-m4-tvb-overflow-mechanism/raw/m4_20260828_run02/cases/D-overflow-N15000000/iotrace_maps/bo_sigusr1_h0_va28000_cpu104d3c000_sz8000.hex
BODUMP handle=0 gpu_va=0x38000 cpu=0x104d44000 size=0x8000 read=0x4000 -> /Users/user/asahi_re/public/agx-re/experiments/EXP-0120-m4-tvb-overflow-mechanism/raw/m4_20260828_run02/cases/D-overflow-N15000000/iotrace_maps/bo_sigusr1_h0_va38000_cpu104d44000_sz8000.hex
BODUMP handle=0 gpu_va=0x100001b8000 cpu=0x104d4c000 size=0x8000 read=0x4000 -> /Users/user/asahi_re/public/agx-re/experiments/EXP-0120-m4-tvb-overflow-mechanism/raw/m4_20260828_run02/cases/D-overflow-N15000000/iotrace_maps/bo_sigusr1_h0_va100001b8000_cpu104d4c000_sz8000.hex
BODUMP handle=0 gpu_va=0x100001c8000 cpu=0x104d54000 size=0x8000 read=0x4000 -> /Users/user/asahi_re/public/agx-re/experiments/EXP-0120-m4-tvb-overflow-mechanism/raw/m4_20260828_run02/cases/D-overflow-N15000000/iotrace_maps/bo_sigusr1_h0_va100001c8000_cpu104d54000_sz8000.hex
BODUMP handle=0 gpu_va=0x100001d8000 cpu=0x104d5c000 size=0x8000 read=0x4000 -> /Users/user/asahi_re/public/agx-re/experiments/EXP-0120-m4-tvb-overflow-mechanism/raw/m4_20260828_run02/cases/D-overflow-N15000000/iotrace_maps/bo_sigusr1_h0_va100001d8000_cpu104d5c000_sz8000.hex
BODUMP handle=0 gpu_va=0x100001e8000 cpu=0x104d64000 size=0x8000 read=0x4000 -> /Users/user/asahi_re/public/agx-re/experiments/EXP-0120-m4-tvb-overflow-mechanism/raw/m4_20260828_run02/cases/D-overflow-N15000000/iotrace_maps/bo_sigusr1_h0_va100001e8000_cpu104d64000_sz8000.hex
BODUMP handle=0 gpu_va=0x100001f8000 cpu=0x109a84000 size=0x100000 read=0x4000 -> /Users/user/asahi_re/public/agx-re/experiments/EXP-0120-m4-tvb-overflow-mechanism/raw/m4_20260828_run02/cases/D-overflow-N15000000/iotrace_maps/bo_sigusr1_h0_va100001f8000_cpu109a84000_sz100000.hex
BODUMP handle=0 gpu_va=0x48000 cpu=0x104d6c000 size=0x8000 read=0x4000 -> /Users/user/asahi_re/public/agx-re/experiments/EXP-0120-m4-tvb-overflow-mechanism/raw/m4_20260828_run02/cases/D-overflow-N15000000/iotrace_maps/bo_sigusr1_h0_va48000_cpu104d6c000_sz8000.hex
BODUMP handle=0 gpu_va=0x10000300000 cpu=0x104d74000 size=0x8000 read=0x4000 -> /Users/user/asahi_re/public/agx-re/experiments/EXP-0120-m4-tvb-overflow-mechanism/raw/m4_20260828_run02/cases/D-overflow-N15000000/iotrace_maps/bo_sigusr1_h0_va10000300000_cpu104d74000_sz8000.hex
BODUMP handle=0 gpu_va=0x10000310000 cpu=0x104d7c000 size=0x8000 read=0x4000 -> /Users/user/asahi_re/public/agx-re/experiments/EXP-0120-m4-tvb-overflow-mechanism/raw/m4_20260828_run02/cases/D-overflow-N15000000/iotrace_maps/bo_sigusr1_h0_va10000310000_cpu104d7c000_sz8000.hex
BODUMP handle=0 gpu_va=0x10000320000 cpu=0x104d84000 size=0x8000 read=0x4000 -> /Users/user/asahi_re/public/agx-re/experiments/EXP-0120-m4-tvb-overflow-mechanism/raw/m4_20260828_run02/cases/D-overflow-N15000000/iotrace_maps/bo_sigusr1_h0_va10000320000_cpu104d84000_sz8000.hex
BODUMP handle=0 gpu_va=0x10000330000 cpu=0x104d8c000 size=0x8000 read=0x4000 -> /Users/user/asahi_re/public/agx-re/experiments/EXP-0120-m4-tvb-overflow-mechanism/raw/m4_20260828_run02/cases/D-overflow-N15000000/iotrace_maps/bo_sigusr1_h0_va10000330000_cpu104d8c000_sz8000.hex
BODUMP handle=0 gpu_va=0x10000340000 cpu=0x104d94000 size=0x8000 read=0x4000 -> /Users/user/asahi_re/public/agx-re/experiments/EXP-0120-m4-tvb-overflow-mechanism/raw/m4_20260828_run02/cases/D-overflow-N15000000/iotrace_maps/bo_sigusr1_h0_va10000340000_cpu104d94000_sz8000.hex
BODUMP handle=0 gpu_va=0x58000 cpu=0x104d9c000 size=0x8000 read=0x4000 -> /Users/user/asahi_re/public/agx-re/experiments/EXP-0120-m4-tvb-overflow-mechanism/raw/m4_20260828_run02/cases/D-overflow-N15000000/iotrace_maps/bo_sigusr1_h0_va58000_cpu104d9c000_sz8000.hex
BODUMP handle=0 gpu_va=0x68000 cpu=0x104da4000 size=0x88e0 read=0x4000 -> /Users/user/asahi_re/public/agx-re/experiments/EXP-0120-m4-tvb-overflow-mechanism/raw/m4_20260828_run02/cases/D-overflow-N15000000/iotrace_maps/bo_sigusr1_h0_va68000_cpu104da4000_sz88e0.hex
BODUMP handle=0 gpu_va=0x10000350000 cpu=0x109b84000 size=0xc0000 read=0x4000 -> /Users/user/asahi_re/public/agx-re/experiments/EXP-0120-m4-tvb-overflow-mechanism/raw/m4_20260828_run02/cases/D-overflow-N15000000/iotrace_maps/bo_sigusr1_h0_va10000350000_cpu109b84000_szc0000.hex
BODUMP end reason=sigusr1
MAPDUMP reason=sigusr1 seq=63 conn=0 memType=0x00005e15 addr=0x104ba4000 size=0x4000 read=0x4000 -> /Users/user/asahi_re/public/agx-re/experiments/EXP-0120-m4-tvb-overflow-mechanism/raw/m4_20260828_run02/cases/D-overflow-N15000000/iotrace_maps/map_seq000063_conn0_type00005e15_at104ba4000_sz4000.hex
MAPDUMP reason=sigusr1 seq=63 conn=0 memType=0x00005e15 addr=0x104b98000 size=0x4000 read=0x4000 -> /Users/user/asahi_re/public/agx-re/experiments/EXP-0120-m4-tvb-overflow-mechanism/raw/m4_20260828_run02/cases/D-overflow-N15000000/iotrace_maps/map_seq000063_conn0_type00005e15_at104b98000_sz4000.hex
CALL seq=64 fn=Method conn=3c03 class=AGXAcceleratorG16G sel=8(0x8) inScalarCnt=1 inStructCnt=0 inScalars=[0x1]
CALL seq=65 fn=Method conn=3c03 class=AGXAcceleratorG16G sel=17(0x11) inScalarCnt=1 inStructCnt=0 inScalars=[0x1]
RET  seq=65 conn=3c03 sel=17(0x11) ret=0x0
RET  seq=65 conn=3c03 sel=8(0x8) ret=0x0
CALL seq=66 fn=Scalar conn=3c03 class=AGXAcceleratorG16G sel=15(0xf) inScalarCnt=1 inStructCnt=0 inScalars=[0x2]
RET  seq=66 conn=3c03 sel=15(0xf) ret=0x0
CALL seq=67 fn=Scalar conn=3c03 class=AGXAcceleratorG16G sel=15(0xf) inScalarCnt=1 inStructCnt=0 inScalars=[0x1]
RET  seq=67 conn=3c03 sel=15(0xf) ret=0x0
