=== build ===
built
  cap fmt_r8unorm  ok=1  : --type 2d --fmt r8unorm --w 4 --h 4
  cap fmt_r8snorm  ok=1  : --type 2d --fmt r8snorm --w 4 --h 4
  cap fmt_a8unorm  ok=1  : --type 2d --fmt a8unorm --w 4 --h 4
  cap fmt_rg8unorm  ok=1  : --type 2d --fmt rg8unorm --w 4 --h 4
  cap fmt_rgba8unorm  ok=1  : --type 2d --fmt rgba8unorm --w 4 --h 4
  cap fmt_rgba8snorm  ok=1  : --type 2d --fmt rgba8snorm --w 4 --h 4
  cap fmt_bgra8unorm  ok=1  : --type 2d --fmt bgra8unorm --w 4 --h 4
  cap fmt_rgba8unorm_srgb  ok=1  : --type 2d --fmt rgba8unorm_srgb --w 4 --h 4
  cap fmt_bgra8unorm_srgb  ok=1  : --type 2d --fmt bgra8unorm_srgb --w 4 --h 4
  cap fmt_r16unorm  ok=1  : --type 2d --fmt r16unorm --w 4 --h 4
  cap fmt_rgba16unorm  ok=1  : --type 2d --fmt rgba16unorm --w 4 --h 4
  cap fmt_r16float  ok=1  : --type 2d --fmt r16float --w 4 --h 4
  cap fmt_rg16float  ok=1  : --type 2d --fmt rg16float --w 4 --h 4
  cap fmt_rgba16float  ok=1  : --type 2d --fmt rgba16float --w 4 --h 4
  cap fmt_r32float  ok=1  : --type 2d --fmt r32float --w 4 --h 4
  cap fmt_rg32float  ok=1  : --type 2d --fmt rg32float --w 4 --h 4
  cap fmt_rgba32float  ok=1  : --type 2d --fmt rgba32float --w 4 --h 4
  cap fmt_rgb10a2unorm  ok=1  : --type 2d --fmt rgb10a2unorm --w 4 --h 4
  cap fmt_bgr10a2unorm  ok=1  : --type 2d --fmt bgr10a2unorm --w 4 --h 4
  cap fmt_rg11b10float  ok=1  : --type 2d --fmt rg11b10float --w 4 --h 4
  cap fmt_rgb9e5float  ok=1  : --type 2d --fmt rgb9e5float --w 4 --h 4
  cap fmt_r8uint  ok=1  : --type 2d --fmt r8uint --w 4 --h 4
  cap fmt_rg8uint  ok=1  : --type 2d --fmt rg8uint --w 4 --h 4
  cap fmt_rgba8uint  ok=1  : --type 2d --fmt rgba8uint --w 4 --h 4
  cap fmt_r16uint  ok=1  : --type 2d --fmt r16uint --w 4 --h 4
  cap fmt_rgba16uint  ok=1  : --type 2d --fmt rgba16uint --w 4 --h 4
  cap fmt_r32uint  ok=1  : --type 2d --fmt r32uint --w 4 --h 4
  cap fmt_rgba32uint  ok=1  : --type 2d --fmt rgba32uint --w 4 --h 4
  cap fmt_r8sint  ok=1  : --type 2d --fmt r8sint --w 4 --h 4
  cap fmt_rgba8sint  ok=1  : --type 2d --fmt rgba8sint --w 4 --h 4
  cap fmt_r32sint  ok=1  : --type 2d --fmt r32sint --w 4 --h 4
  cap dim_4x4  ok=1  : --type 2d --fmt rgba8unorm --w 4 --h 4
  cap dim_8x4  ok=1  : --type 2d --fmt rgba8unorm --w 8 --h 4
  cap dim_4x8  ok=1  : --type 2d --fmt rgba8unorm --w 4 --h 8
  cap dim_16x16  ok=1  : --type 2d --fmt rgba8unorm --w 16 --h 16
  cap dim_64x32  ok=1  : --type 2d --fmt rgba8unorm --w 64 --h 32
  cap dim_1x1  ok=1  : --type 2d --fmt rgba8unorm --w 1 --h 1
  cap dim_256x1  ok=1  : --type 2d --fmt rgba8unorm --w 256 --h 1
  cap dim_100x50  ok=1  : --type 2d --fmt rgba8unorm --w 100 --h 50
run.sh: line 18:  7974 Abort trap: 6           IOTRACE_LOG="caps/$label.trace" IOTRACE_DUMP_DIR="$d" DYLD_INSERT_LIBRARIES=$DYL ./tvar "$@" --dump > "caps/$label.stdout" 2>&1
  cap type_1d  ok=0
0  : --type 1d --fmt rgba8unorm --w 16
  cap type_2d  ok=1  : --type 2d --fmt rgba8unorm --w 16 --h 16
  cap type_3d  ok=1  : --type 3d --fmt rgba8unorm --w 16 --h 16 --d 4
  cap type_cube  ok=1  : --type cube --fmt rgba8unorm --w 16 --h 16
  cap type_2darray  ok=1  : --type 2darray --fmt rgba8unorm --w 16 --h 16 --arraylen 6
  cap type_2dms  ok=1  : --type 2dms --fmt rgba8unorm --w 16 --h 16 --samples 4
  cap d3d_d2  ok=1  : --type 3d --fmt rgba8unorm --w 16 --h 16 --d 2
  cap d3d_d8  ok=1  : --type 3d --fmt rgba8unorm --w 16 --h 16 --d 8
  cap mip_1  ok=1  : --type 2d --fmt rgba8unorm --w 16 --h 16 --mips 1
  cap mip_2  ok=1  : --type 2d --fmt rgba8unorm --w 16 --h 16 --mips 2
  cap mip_4  ok=1  : --type 2d --fmt rgba8unorm --w 16 --h 16 --mips 4
  cap mip_5  ok=1  : --type 2d --fmt rgba8unorm --w 16 --h 16 --mips 5
  cap arr_1  ok=1  : --type 2darray --fmt rgba8unorm --w 16 --h 16 --arraylen 1
  cap arr_2  ok=1  : --type 2darray --fmt rgba8unorm --w 16 --h 16 --arraylen 2
  cap arr_6  ok=1  : --type 2darray --fmt rgba8unorm --w 16 --h 16 --arraylen 6
  cap ms_2  ok=1  : --type 2dms --fmt rgba8unorm --w 16 --h 16 --samples 2
  cap ms_4  ok=1  : --type 2dms --fmt rgba8unorm --w 16 --h 16 --samples 4
  cap sw_rgba  ok=1  : --type 2d --fmt rgba8unorm --w 4 --h 4 --swizzle rgba
  cap sw_bgra  ok=1  : --type 2d --fmt rgba8unorm --w 4 --h 4 --swizzle bgra
  cap sw_rrrr  ok=1  : --type 2d --fmt rgba8unorm --w 4 --h 4 --swizzle rrrr
  cap sw_aaaa  ok=1  : --type 2d --fmt rgba8unorm --w 4 --h 4 --swizzle aaaa
  cap sw_000a  ok=1  : --type 2d --fmt rgba8unorm --w 4 --h 4 --swizzle 000a
  cap sw_1111  ok=1  : --type 2d --fmt rgba8unorm --w 4 --h 4 --swizzle 1111
  cap sw_gbar  ok=1  : --type 2d --fmt rgba8unorm --w 4 --h 4 --swizzle gbar
  cap va_0  ok=1  : --type 2d --fmt rgba8unorm --w 16 --h 16 --texoff 0
  cap va_100  ok=1  : --type 2d --fmt rgba8unorm --w 16 --h 16 --texoff 0x100
  cap va_1000  ok=1  : --type 2d --fmt rgba8unorm --w 16 --h 16 --texoff 0x1000
  cap va_10000  ok=1  : --type 2d --fmt rgba8unorm --w 16 --h 16 --texoff 0x10000
  cap smp_base  ok=1  : --type 2d --fmt rgba8unorm --w 16 --h 16
  cap smp_minlin  ok=1  : --type 2d --fmt rgba8unorm --w 16 --h 16 --minf linear
  cap smp_maglin  ok=1  : --type 2d --fmt rgba8unorm --w 16 --h 16 --magf linear
  cap smp_bothlin  ok=1  : --type 2d --fmt rgba8unorm --w 16 --h 16 --minf linear --magf linear
  cap smp_mipnear  ok=1  : --type 2d --fmt rgba8unorm --w 16 --h 16 --mipf nearest
  cap smp_miplin  ok=1  : --type 2d --fmt rgba8unorm --w 16 --h 16 --mipf linear
  cap smp_srep  ok=1  : --type 2d --fmt rgba8unorm --w 16 --h 16 --saddr repeat
  cap smp_trep  ok=1  : --type 2d --fmt rgba8unorm --w 16 --h 16 --taddr repeat
  cap smp_smir  ok=1  : --type 2d --fmt rgba8unorm --w 16 --h 16 --saddr mirror
  cap smp_sczero  ok=1  : --type 2d --fmt rgba8unorm --w 16 --h 16 --saddr clampzero
  cap smp_smedge  ok=1  : --type 2d --fmt rgba8unorm --w 16 --h 16 --saddr mirroredge
  cap smp_sborder  ok=1  : --type 2d --fmt rgba8unorm --w 16 --h 16 --saddr border
  cap smp_aniso2  ok=1  : --type 2d --fmt rgba8unorm --w 16 --h 16 --aniso 2
  cap smp_aniso4  ok=1  : --type 2d --fmt rgba8unorm --w 16 --h 16 --aniso 4
  cap smp_aniso16  ok=1  : --type 2d --fmt rgba8unorm --w 16 --h 16 --aniso 16
  cap smp_unorm  ok=1  : --type 2d --fmt rgba8unorm --w 16 --h 16 --unorm
  cap smp_lodmin1  ok=1  : --type 2d --fmt rgba8unorm --w 16 --h 16 --lodmin 1
  cap smp_lodmax3  ok=1  : --type 2d --fmt rgba8unorm --w 16 --h 16 --lodmax 3
  cap smp_lod2_5  ok=1  : --type 2d --fmt rgba8unorm --w 16 --h 16 --lodmin 2 --lodmax 5
  cap smp_lodmaxf  ok=1  : --type 2d --fmt rgba8unorm --w 16 --h 16 --lodmax 15
  cap smp_bordwhite  ok=1  : --type 2d --fmt rgba8unorm --w 16 --h 16 --saddr border --border owhite
  cap smp_bordblack  ok=1  : --type 2d --fmt rgba8unorm --w 16 --h 16 --saddr border --border oblack
  cap smp_bordtrans  ok=1  : --type 2d --fmt rgba8unorm --w 16 --h 16 --saddr border --border tblack
  cap smp3_base  ok=1  : --type 3d --fmt rgba8unorm --w 16 --h 16 --d 4
  cap smp3_rrep  ok=1  : --type 3d --fmt rgba8unorm --w 16 --h 16 --d 4 --raddr repeat
  cap smp3_rmir  ok=1  : --type 3d --fmt rgba8unorm --w 16 --h 16 --d 4 --raddr mirror
  cap cmp_never  ok=1  : --cmp --cmpf never
  cap cmp_less  ok=1  : --cmp --cmpf less
  cap cmp_lequal  ok=1  : --cmp --cmpf lequal
  cap cmp_greater  ok=1  : --cmp --cmpf greater
  cap cmp_gequal  ok=1  : --cmp --cmpf gequal
  cap cmp_equal  ok=1  : --cmp --cmpf equal
  cap cmp_nequal  ok=1  : --cmp --cmpf nequal
  cap cmp_always  ok=1  : --cmp --cmpf always
=== extract descriptors ===
=== diffs vs group baselines ===
=== VA correlation (texbuf gpuAddress vs descriptor) ===
=== done. see analysis/ and raw/ ===
