# iotrace init pid=5791 dump_dir=caps/base max_struct=65536 max_map=131072 dump_atexit=0 n_dump_sel=0 only_conn=0x0
OPEN class=IOSurfaceRoot type=0 -> conn=1303 ret=0x0
CALL seq=1 fn=Method conn=1303 class=IOSurfaceRoot sel=13(0xd) inScalarCnt=0 inStructCnt=0
RET  seq=1 conn=1303 sel=13(0xd) ret=0x0 outStructCnt=40
  OUT.struct len=40
  OUT 000000: ff3f 0000 7f00 0000 0080 0000 0000 0000 
  OUT 000010: 0040 0000 0000 0000 0040 0000 0000 0000 
  OUT 000020: 0000 0100 0000 0000                     
CALL seq=2 fn=Method conn=1303 class=IOSurfaceRoot sel=44(0x2c) inScalarCnt=1 inStructCnt=0 inScalars=[0x1670]
RET  seq=2 conn=1303 sel=44(0x2c) ret=0xe00002f0 outStructCnt=0
OPEN class=AGXAcceleratorG17P type=1048581 -> conn=2d03 ret=0x0
CALL seq=3 fn=Struct conn=2d03 class=AGXAcceleratorG17P sel=2(0x2) inScalarCnt=0 inStructCnt=0
RET  seq=3 conn=2d03 sel=2(0x2) ret=0x0 outStructCnt=536
  OUT.struct len=536
  OUT 000000: 0000 0305 0100 0000 0800 0000 0800 0000 
  OUT 000010: 0000 0000 8000 0000 0000 0000 0400 0000 
  OUT 000020: 0800 0000 0c00 0000 1000 0000 1400 0000 
  OUT 000030: 1800 0000 1c00 0000 2000 0000 2400 0000 
  OUT 000040: 2800 0000 2c00 0000 3000 0000 3400 0000 
  OUT 000050: 3800 0000 3c00 0000 4000 0000 4400 0000 
  OUT 000060: 4800 0000 4c00 0000 5000 0000 5400 0000 
  OUT 000070: 5800 0000 5c00 0000 6000 0000 6400 0000 
  OUT 000080: 6800 0000 6c00 0000 7000 0000 7400 0000 
  OUT 000090: 7800 0000 7c00 0000 8000 0000 8400 0000 
  OUT 0000a0: 8800 0000 8c00 0000 9000 0000 9400 0000 
  OUT 0000b0: 9800 0000 9c00 0000 a000 0000 a400 0000 
  OUT 0000c0: a800 0000 ac00 0000 b000 0000 b400 0000 
  OUT 0000d0: b800 0000 bc00 0000 c000 0000 c400 0000 
  OUT 0000e0: c800 0000 cc00 0000 d000 0000 d400 0000 
  OUT 0000f0: d800 0000 dc00 0000 e000 0000 e400 0000 
  OUT 000100: e800 0000 ec00 0000 f000 0000 f400 0000 
  OUT 000110: f800 0000 fc00 0000 0001 0000 0401 0000 
  OUT 000120: 0801 0000 0c01 0000 1001 0000 1401 0000 
  OUT 000130: 1801 0000 1c01 0000 2001 0000 2401 0000 
  OUT 000140: 2801 0000 2c01 0000 3001 0000 3401 0000 
  OUT 000150: 3801 0000 3c01 0000 4001 0000 4401 0000 
  OUT 000160: 4801 0000 4c01 0000 5001 0000 5401 0000 
  OUT 000170: 5801 0000 5c01 0000 6001 0000 6401 0000 
  OUT 000180: 6801 0000 6c01 0000 7001 0000 7401 0000 
  OUT 000190: 7801 0000 7c01 0000 8001 0000 8401 0000 
  OUT 0001a0: 8801 0000 8c01 0000 9001 0000 9401 0000 
  OUT 0001b0: 9801 0000 9c01 0000 a001 0000 a401 0000 
  OUT 0001c0: a801 0000 ac01 0000 b001 0000 b401 0000 
  OUT 0001d0: b801 0000 bc01 0000 c001 0000 c401 0000 
  OUT 0001e0: c801 0000 cc01 0000 d001 0000 d401 0000 
  OUT 0001f0: d801 0000 dc01 0000 e001 0000 e401 0000 
  OUT 000200: e801 0000 ec01 0000 f001 0000 f401 0000 
  OUT 000210: f801 0000 fc01 0000                     
CALL seq=4 fn=Struct conn=2d03 class=AGXAcceleratorG17P sel=0(0x0) inScalarCnt=0 inStructCnt=0
RET  seq=4 conn=2d03 sel=0(0x0) ret=0x0 outStructCnt=64
  OUT.struct len=64
  OUT 000000: 4043 0000 0000 0000 0000 0000 0000 0000 
  OUT 000010: 0000 0000 0000 0000 0200 0000 0000 0000 
  OUT 000020: 0080 5555 0100 0000 0000 0000 0100 0000 
  OUT 000030: 0000 0000 0000 0000 0000 0000 0000 0000 
CALL seq=5 fn=Struct conn=2d03 class=AGXAcceleratorG17P sel=5(0x5) inScalarCnt=0 inStructCnt=0
RET  seq=5 conn=2d03 sel=5(0x5) ret=0x0 outStructCnt=32
  OUT.struct len=32
  OUT 000000: 6364 1ca8 0000 0000 0040 0405 0100 0000 
  OUT 000010: 0080 0305 0100 0000 0040 0000 0000 0000 
CALL seq=6 fn=Method conn=1303 class=IOSurfaceRoot sel=32(0x20) inScalarCnt=0 inStructCnt=0
RET  seq=6 conn=1303 sel=32(0x20) ret=0x0 outScalars=[0x104f80000]
CALL seq=7 fn=Struct conn=2d03 class=AGXAcceleratorG17P sel=258(0x102) inScalarCnt=0 inStructCnt=0
RET  seq=7 conn=2d03 sel=258(0x102) ret=0x0 outStructCnt=456
  OUT.struct len=456
  OUT 000000: 0000 0000 0000 0000 0000 0000 0000 0000 
  OUT 000010: 0000 0000 0000 0000 0000 0000 0000 0000 
  OUT 000020: 0000 0000 0000 0000 0000 0000 0000 0000 
  OUT 000030: 0000 0000 0000 0000 0000 0000 0000 0000 
  OUT 000040: 0000 0000 0000 0000 0000 0000 0000 0000 
  OUT 000050: 0000 0000 0000 0000 0000 0000 0000 0000 
  OUT 000060: 0000 0000 0000 0000 0000 0000 0000 0000 
  OUT 000070: 0000 0000 0000 0000 0000 0000 0000 0000 
  OUT 000080: 0000 0000 0000 0000 0000 0000 0000 0000 
  OUT 000090: 0000 0000 0000 0000 0000 0000 0000 0000 
  OUT 0000a0: 0000 0000 0000 0000 0000 0000 0000 0000 
  OUT 0000b0: 0000 0000 0000 0000 0000 0000 0000 0000 
  OUT 0000c0: 0000 0000 0000 0000 4a75 6e20 2039 2032 
  OUT 0000d0: 3032 3620 3232 3a35 343a 3038 0000 0000 
  OUT 0000e0: 0000 0000 0000 0000 7265 6c65 6173 6500 
  OUT 0000f0: 0000 0000 0000 0000 0000 0000 0000 0000 
  OUT 000100: 0000 0000 0000 0000 0000 0000 0000 0000 
  OUT 000110: 0000 0000 0000 0000 0000 0000 0000 0000 
  OUT 000120: 0000 0000 0000 0000 0000 0000 0000 0000 
  OUT 000130: 0000 0000 0000 0000 0000 0000 0000 0000 
  OUT 000140: 0000 0000 0000 0000 0000 0000 0000 0000 
  OUT 000150: 0000 0000 0000 0000 0000 0000 0000 0000 
  OUT 000160: 0000 0000 0000 0000 0000 0000 0000 0000 
  OUT 000170: 0000 0000 0000 0000 0000 0000 0000 0000 
  OUT 000180: 0000 0000 0000 0000 0000 0000 0000 0000 
  OUT 000190: 0000 0000 0000 0000 0000 0000 0000 0000 
  OUT 0001a0: 0000 0000 0000 0000 4a37 3030 4150 0000 
  OUT 0001b0: 0000 0000 0000 0000 0000 0000 0000 0000 
  OUT 0001c0: 0000 0000 0000 0000                     
CALL seq=8 fn=Struct conn=2d03 class=AGXAcceleratorG17P sel=256(0x100) inScalarCnt=0 inStructCnt=0
RET  seq=8 conn=2d03 sel=256(0x100) ret=0x0 outStructCnt=152
  OUT.struct len=152
  OUT 000000: 0000 0000 0000 0000 0000 0000 0000 0000 
  OUT 000010: 3d00 0000 0000 0000 0000 0000 0000 0000 
  OUT 000020: 1e00 0000 0400 0000 0000 0000 0000 0000 
  OUT 000030: 0600 0000 0200 0000 0200 0000 0200 0000 
  OUT 000040: 0000 0000 0600 0000 0200 0000 0300 0000 
  OUT 000050: 0300 0000 0200 0000 0300 0000 0300 0000 
  OUT 000060: 1000 0000 0100 0000 0100 0000 0100 0000 
  OUT 000070: 0100 0000 0600 0000 0600 0000 0000 0000 
  OUT 000080: 0000 0000 0101 0100 0000 0000 0000 0300 
  OUT 000090: 0000 0000 0000 0000                     
CALL seq=9 fn=Method conn=2d03 class=AGXAcceleratorG17P sel=9(0x9) inScalarCnt=0 inStructCnt=104
  IN.struct len=104
  IN 000000: 0000 0000 0000 0000 0100 0100 0100 0000 
  IN 000010: 0101 0001 3004 0000 0000 0000 0000 0000 
  IN 000020: 0000 0000 0000 0000 0000 0000 0000 0000 
  IN 000030: 0000 0000 0000 0000 0000 0000 0000 0000 
  IN 000040: 0000 0000 0000 0000 0000 0100 0000 0000 
  IN 000050: 0000 0000 0000 0000 0000 0008 1800 0000 
  IN 000060: 0000 0000 0000 0000                     
RET  seq=9 conn=2d03 sel=9(0x9) ret=0x0 outStructCnt=88
  OUT.struct len=88
  OUT 000000: 0000 0000 0001 0000 00c0 0405 0100 0000 
  OUT 000010: c080 0305 0100 0000 0000 0000 0000 0000 
  OUT 000020: 0000 0000 0100 0000 0000 0100 0000 0000 
  OUT 000030: 6464 1ca8 0000 0000 13b8 0000 0000 0000 
  OUT 000040: 0000 0000 0000 0000 0000 0000 0000 0000 
  OUT 000050: 0000 0100 0000 0000                     
CALL seq=10 fn=Struct conn=2d03 class=AGXAcceleratorG17P sel=261(0x105) inScalarCnt=0 inStructCnt=72
  IN.struct len=72
  IN 000000: 0b00 0000 0000 0000 0000 0000 0000 0000 
  IN 000010: 0000 0000 0000 0000 0000 0000 0000 0000 
  IN 000020: 0000 0000 0000 0000 0000 0000 0000 0000 
  IN 000030: 0000 0000 0000 0000 0000 0000 0000 0000 
  IN 000040: 0000 0000 0000 0000                     
RET  seq=10 conn=2d03 sel=261(0x105) ret=0x0 outStructCnt=72
  OUT.struct len=72
  OUT 000000: 0b00 0000 0000 0000 0000 0000 0000 0000 
  OUT 000010: 0000 0000 0000 0000 0000 0000 0000 0000 
  OUT 000020: 0000 0000 0000 0000 0000 0000 0000 0000 
  OUT 000030: 0200 0000 0000 0000 0000 0000 0000 0000 
  OUT 000040: 0000 0000 0000 0000                     
CALL seq=11 fn=Method conn=2d03 class=AGXAcceleratorG17P sel=9(0x9) inScalarCnt=0 inStructCnt=104
  IN.struct len=104
  IN 000000: 0000 0000 0000 0000 0100 0100 0100 0000 
  IN 000010: 0101 0001 7004 0000 0000 0000 0000 0000 
  IN 000020: 0000 0000 0000 0000 0000 0000 0000 0000 
  IN 000030: 0100 0000 0000 0000 0000 0000 0000 0000 
  IN 000040: 0000 0000 0000 0000 0038 0000 0000 0000 
  IN 000050: 0000 0000 0000 0000 0000 0058 1800 0000 
  IN 000060: 0000 0000 0000 0000                     
RET  seq=11 conn=2d03 sel=9(0x9) ret=0x0 outStructCnt=88
  OUT.struct len=88
  OUT 000000: 0000 0000 6f00 0000 00c0 0505 0100 0000 
  OUT 000010: 8081 0305 0100 0000 0000 0000 0000 0000 
  OUT 000020: 0000 0000 0200 0000 0040 0000 0000 0000 
  OUT 000030: 6564 1ca8 0000 0000 14b8 0000 0000 0000 
  OUT 000040: 0000 0000 0000 0000 0000 0000 0000 0000 
  OUT 000050: 0040 0000 0000 0000                     
CALL seq=12 fn=Method conn=1303 class=IOSurfaceRoot sel=32(0x20) inScalarCnt=0 inStructCnt=0
RET  seq=12 conn=1303 sel=32(0x20) ret=0x0 outScalars=[0x104f80000]
CALL seq=13 fn=Method conn=2d03 class=AGXAcceleratorG17P sel=9(0x9) inScalarCnt=0 inStructCnt=104
  IN.struct len=104
  IN 000000: 0000 0000 0000 0000 0100 0100 0100 0000 
  IN 000010: 0101 0001 7004 0000 0000 0000 0000 0000 
  IN 000020: 0000 0000 0000 0000 0000 0000 0000 0000 
  IN 000030: 0100 0000 0000 0000 0000 0000 0000 0000 
  IN 000040: 0000 0000 0000 0000 0000 0200 0000 0000 
  IN 000050: 0000 0000 0000 0000 0000 0000 0000 0000 
  IN 000060: 8889 a40b 0100 0000                     
RET  seq=13 conn=2d03 sel=9(0x9) ret=0x0 outStructCnt=88
  OUT.struct len=88
  OUT 000000: 0080 0100 0001 0000 0040 3b05 0100 0000 
  OUT 000010: 4082 0305 0100 0000 0000 0000 0000 0000 
  OUT 000020: 0000 0000 0300 0000 0000 0200 0000 0000 
  OUT 000030: 6a64 1ca8 0000 0000 17b8 0000 0000 0000 
  OUT 000040: 0000 0000 0000 0000 0000 0000 0000 0000 
  OUT 000050: 0000 0200 0000 0000                     
CALL seq=14 fn=Method conn=2d03 class=AGXAcceleratorG17P sel=9(0x9) inScalarCnt=0 inStructCnt=104
  IN.struct len=104
  IN 000000: 8000 0000 0000 0000 0100 0100 0100 0000 
  IN 000010: 0101 0001 300c 0000 0000 0000 0000 0000 
  IN 000020: 0000 0000 0000 0000 0000 0000 0000 0000 
  IN 000030: 0000 0000 0000 0000 0040 3b05 0100 0000 
  IN 000040: 0040 3b05 0100 0000 0000 0200 0000 0000 
  IN 000050: 0300 0000 0000 0000 0000 0000 1800 0000 
  IN 000060: 4095 a40b 0100 0000                     
RET  seq=14 conn=2d03 sel=9(0x9) ret=0x0 outStructCnt=88
  OUT.struct len=88
  OUT 000000: 0080 0100 0001 0000 0000 0000 0000 0000 
  OUT 000010: 0083 0305 0100 0000 0000 0000 0000 0000 
  OUT 000020: 0000 0000 0400 0000 0000 0200 0000 0000 
  OUT 000030: 6b64 1ca8 0000 0000 17b8 0000 0000 0000 
  OUT 000040: 0000 0000 0000 0000 0000 0000 0000 0000 
  OUT 000050: 0000 0200 0000 0000                     
CALL seq=15 fn=Method conn=2d03 class=AGXAcceleratorG17P sel=9(0x9) inScalarCnt=0 inStructCnt=104
  IN.struct len=104
  IN 000000: 0000 0000 0000 0000 0100 0100 0100 0000 
  IN 000010: 0101 0001 3004 0000 0000 0000 0000 0000 
  IN 000020: 0000 0000 0000 0000 0000 0000 0000 0000 
  IN 000030: 0000 0000 0000 0000 0000 0000 0000 0000 
  IN 000040: 0000 0000 0000 0000 0000 0100 0000 0000 
  IN 000050: 0000 0000 0000 0000 0000 0008 1800 0000 
  IN 000060: 0000 0000 0000 0000                     
RET  seq=15 conn=2d03 sel=9(0x9) ret=0x0 outStructCnt=88
  OUT.struct len=88
  OUT 000000: 0000 0400 0001 0000 0040 3d05 0100 0000 
  OUT 000010: c083 0305 0100 0000 0000 0000 0000 0000 
  OUT 000020: 0000 0000 0500 0000 0000 0100 0000 0000 
  OUT 000030: 6c64 1ca8 0000 0000 18b8 0000 0000 0000 
  OUT 000040: 0000 0000 0000 0000 0000 0000 0000 0000 
  OUT 000050: 0000 0100 0000 0000                     
CALL seq=16 fn=Method conn=2d03 class=AGXAcceleratorG17P sel=9(0x9) inScalarCnt=0 inStructCnt=104
  IN.struct len=104
  IN 000000: 0000 0000 0000 0000 0100 0100 0100 0000 
  IN 000010: 0101 0001 3084 0000 0000 0000 0000 0000 
  IN 000020: 0000 0000 0000 0000 0000 0000 0000 0000 
  IN 000030: 0000 0000 0000 0000 0000 0000 0000 0000 
  IN 000040: 0000 0000 0000 0000 0000 0100 0000 0000 
  IN 000050: 0000 0000 0000 0000 0000 0038 1800 0000 
  IN 000060: 0000 0000 0000 0000                     
RET  seq=16 conn=2d03 sel=9(0x9) ret=0x0 outStructCnt=88
  OUT.struct len=88
  OUT 000000: 0000 0000 0000 0000 0000 a209 0100 0000 
  OUT 000010: 8084 0305 0100 0000 0000 0000 0000 0000 
  OUT 000020: 0000 0000 0600 0000 0000 0100 0000 0000 
  OUT 000030: 6d64 1ca8 0000 0000 19b8 0000 0000 0000 
  OUT 000040: 0000 0000 0000 0000 0000 0000 0000 0000 
  OUT 000050: 0000 0100 0000 0000                     
CALL seq=17 fn=Method conn=2d03 class=AGXAcceleratorG17P sel=9(0x9) inScalarCnt=0 inStructCnt=104
  IN.struct len=104
  IN 000000: 0000 0000 0000 0000 0100 0100 0100 0000 
  IN 000010: 0101 0001 7004 0000 0000 0000 0000 0000 
  IN 000020: 0000 0000 0000 0000 0000 0000 0000 0000 
  IN 000030: 0100 0000 0000 0000 0000 0000 0000 0000 
  IN 000040: 0000 0000 0000 0000 0040 0000 0000 0000 
  IN 000050: 0000 0000 0000 0000 0000 0000 0000 0000 
  IN 000060: 8889 a40b 0100 0000                     
RET  seq=17 conn=2d03 sel=9(0x9) ret=0x0 outStructCnt=88
  OUT.struct len=88
  OUT 000000: 0080 0500 0001 0000 0040 3e05 0100 0000 
  OUT 000010: 4085 0305 0100 0000 0000 0000 0000 0000 
  OUT 000020: 0000 0000 0700 0000 0040 0000 0000 0000 
  OUT 000030: 6e64 1ca8 0000 0000 1ab8 0000 0000 0000 
  OUT 000040: 0000 0000 0000 0000 0000 0000 0000 0000 
  OUT 000050: 0040 0000 0000 0000                     
CALL seq=18 fn=Method conn=2d03 class=AGXAcceleratorG17P sel=9(0x9) inScalarCnt=0 inStructCnt=104
  IN.struct len=104
  IN 000000: 8000 0000 0000 0000 0100 0100 0100 0000 
  IN 000010: 0101 0001 300c 0000 0000 0000 0000 0000 
  IN 000020: 0000 0000 0000 0000 0000 0000 0000 0000 
  IN 000030: 0000 0000 0000 0000 0042 3b05 0100 0000 
  IN 000040: 0040 3b05 0100 0000 0000 0200 0000 0000 
  IN 000050: 0300 0000 0000 0000 0000 0000 1800 0000 
  IN 000060: 4095 a40b 0100 0000                     
RET  seq=18 conn=2d03 sel=9(0x9) ret=0x0 outStructCnt=88
  OUT.struct len=88
  OUT 000000: 0082 0100 0001 0000 0000 0000 0000 0000 
  OUT 000010: 0086 0305 0100 0000 0000 0000 0000 0000 
  OUT 000020: 0000 0000 0800 0000 0000 0200 0000 0000 
  OUT 000030: 6f64 1ca8 0000 0000 17b8 0000 0000 0000 
  OUT 000040: 0000 0000 0000 0000 0000 0000 0000 0000 
  OUT 000050: 00fe 0100 0000 0000                     
CALL seq=19 fn=Method conn=2d03 class=AGXAcceleratorG17P sel=9(0x9) inScalarCnt=0 inStructCnt=104
  IN.struct len=104
  IN 000000: 8000 0000 0000 0000 0100 0100 0100 0000 
  IN 000010: 0101 0001 300c 0000 0000 0000 0000 0000 
  IN 000020: 0000 0000 0000 0000 0000 0000 0000 0000 
  IN 000030: 0000 0000 0000 0000 0044 3b05 0100 0000 
  IN 000040: 0040 3b05 0100 0000 0000 0200 0000 0000 
  IN 000050: 0300 0000 0000 0000 0000 0000 1800 0000 
  IN 000060: b81c 0739 0700 0000                     
RET  seq=19 conn=2d03 sel=9(0x9) ret=0x0 outStructCnt=88
  OUT.struct len=88
  OUT 000000: 0084 0100 0001 0000 0000 0000 0000 0000 
  OUT 000010: c086 0305 0100 0000 0000 0000 0000 0000 
  OUT 000020: 0000 0000 0900 0000 0000 0200 0000 0000 
  OUT 000030: 7064 1ca8 0000 0000 17b8 0000 0000 0000 
  OUT 000040: 0000 0000 0000 0000 0000 0000 0000 0000 
  OUT 000050: 00fc 0100 0000 0000                     
CALL seq=20 fn=Method conn=2d03 class=AGXAcceleratorG17P sel=9(0x9) inScalarCnt=0 inStructCnt=104
  IN.struct len=104
  IN 000000: 8000 0000 0000 0000 0100 0100 0100 0000 
  IN 000010: 0101 0001 300c 0000 0000 0000 0000 0000 
  IN 000020: 0000 0000 0000 0000 0000 0000 0000 0000 
  IN 000030: 0000 0000 0000 0000 0046 3b05 0100 0000 
  IN 000040: 0040 3b05 0100 0000 0000 0200 0000 0000 
  IN 000050: 0300 0000 0000 0000 0000 0000 1800 0000 
  IN 000060: b81c 0739 0700 0000                     
RET  seq=20 conn=2d03 sel=9(0x9) ret=0x0 outStructCnt=88
  OUT.struct len=88
  OUT 000000: 0086 0100 0001 0000 0000 0000 0000 0000 
  OUT 000010: 8087 0305 0100 0000 0000 0000 0000 0000 
  OUT 000020: 0000 0000 0a00 0000 0000 0200 0000 0000 
  OUT 000030: 7164 1ca8 0000 0000 17b8 0000 0000 0000 
  OUT 000040: 0000 0000 0000 0000 0000 0000 0000 0000 
  OUT 000050: 00fa 0100 0000 0000                     
CALL seq=21 fn=Method conn=2d03 class=AGXAcceleratorG17P sel=9(0x9) inScalarCnt=0 inStructCnt=104
  IN.struct len=104
  IN 000000: 8000 0000 0000 0000 0100 0100 0100 0000 
  IN 000010: 0101 0001 300c 0000 0000 0000 0000 0000 
  IN 000020: 0000 0000 0000 0000 0000 0000 0000 0000 
  IN 000030: 0000 0000 0000 0000 0047 3b05 0100 0000 
  IN 000040: 0040 3b05 0100 0000 0000 0200 0000 0000 
  IN 000050: 0300 0000 0000 0000 0000 0000 0000 0000 
  IN 000060: 8889 a40b 0100 0000                     
RET  seq=21 conn=2d03 sel=9(0x9) ret=0x0 outStructCnt=88
  OUT.struct len=88
  OUT 000000: 0087 0100 0001 0000 0000 0000 0000 0000 
  OUT 000010: 4088 0305 0100 0000 0000 0000 0000 0000 
  OUT 000020: 0000 0000 0b00 0000 0000 0200 0000 0000 
  OUT 000030: 7264 1ca8 0000 0000 17b8 0000 0000 0000 
  OUT 000040: 0000 0000 0000 0000 0000 0000 0000 0000 
  OUT 000050: 00f9 0100 0000 0000                     
CALL seq=22 fn=Method conn=2d03 class=AGXAcceleratorG17P sel=7(0x7) inScalarCnt=0 inStructCnt=1040
  IN.struct len=1040
  IN 000000: 2f55 7365 7273 2f75 7365 722f 636c 6561 
  IN 000010: 6e72 6f6f 6d5f 776f 726b 2f65 7870 3030 
  IN 000020: 3134 2f64 7661 7200 0000 0000 0000 0000 
  IN 000030: 0000 0000 0000 0000 0000 0000 0000 0000 
  IN 000040: 0000 0000 0000 0000 0000 0000 0000 0000 
  IN 000050: 0000 0000 0000 0000 0000 0000 0000 0000 
  IN 000060: 0000 0000 0000 0000 0000 0000 0000 0000 
  IN 000070: 0000 0000 0000 0000 0000 0000 0000 0000 
  IN 000080: 0000 0000 0000 0000 0000 0000 0000 0000 
  IN 000090: 0000 0000 0000 0000 0000 0000 0000 0000 
  IN 0000a0: 0000 0000 0000 0000 0000 0000 0000 0000 
  IN 0000b0: 0000 0000 0000 0000 0000 0000 0000 0000 
  IN 0000c0: 0000 0000 0000 0000 0000 0000 0000 0000 
  IN 0000d0: 0000 0000 0000 0000 0000 0000 0000 0000 
  IN 0000e0: 0000 0000 0000 0000 0000 0000 0000 0000 
  IN 0000f0: 0000 0000 0000 0000 0000 0000 0000 0000 
  IN 000100: 0000 0000 0000 0000 0000 0000 0000 0000 
  IN 000110: 0000 0000 0000 0000 0000 0000 0000 0000 
  IN 000120: 0000 0000 0000 0000 0000 0000 0000 0000 
  IN 000130: 0000 0000 0000 0000 0000 0000 0000 0000 
  IN 000140: 0000 0000 0000 0000 0000 0000 0000 0000 
  IN 000150: 0000 0000 0000 0000 0000 0000 0000 0000 
  IN 000160: 0000 0000 0000 0000 0000 0000 0000 0000 
  IN 000170: 0000 0000 0000 0000 0000 0000 0000 0000 
  IN 000180: 0000 0000 0000 0000 0000 0000 0000 0000 
  IN 000190: 0000 0000 0000 0000 0000 0000 0000 0000 
  IN 0001a0: 0000 0000 0000 0000 0000 0000 0000 0000 
  IN 0001b0: 0000 0000 0000 0000 0000 0000 0000 0000 
  IN 0001c0: 0000 0000 0000 0000 0000 0000 0000 0000 
  IN 0001d0: 0000 0000 0000 0000 0000 0000 0000 0000 
  IN 0001e0: 0000 0000 0000 0000 0000 0000 0000 0000 
  IN 0001f0: 0000 0000 0000 0000 0000 0000 0000 0000 
  IN 000200: 0000 0000 0000 0000 0000 0000 0000 0000 
  IN 000210: 0000 0000 0000 0000 0000 0000 0000 0000 
  IN 000220: 0000 0000 0000 0000 0000 0000 0000 0000 
  IN 000230: 0000 0000 0000 0000 0000 0000 0000 0000 
  IN 000240: 0000 0000 0000 0000 0000 0000 0000 0000 
  IN 000250: 0000 0000 0000 0000 0000 0000 0000 0000 
  IN 000260: 0000 0000 0000 0000 0000 0000 0000 0000 
  IN 000270: 0000 0000 0000 0000 0000 0000 0000 0000 
  IN 000280: 0000 0000 0000 0000 0000 0000 0000 0000 
  IN 000290: 0000 0000 0000 0000 0000 0000 0000 0000 
  IN 0002a0: 0000 0000 0000 0000 0000 0000 0000 0000 
  IN 0002b0: 0000 0000 0000 0000 0000 0000 0000 0000 
  IN 0002c0: 0000 0000 0000 0000 0000 0000 0000 0000 
  IN 0002d0: 0000 0000 0000 0000 0000 0000 0000 0000 
  IN 0002e0: 0000 0000 0000 0000 0000 0000 0000 0000 
  IN 0002f0: 0000 0000 0000 0000 0000 0000 0000 0000 
  IN 000300: 0000 0000 0000 0000 0000 0000 0000 0000 
  IN 000310: 0000 0000 0000 0000 0000 0000 0000 0000 
  IN 000320: 0000 0000 0000 0000 0000 0000 0000 0000 
  IN 000330: 0000 0000 0000 0000 0000 0000 0000 0000 
  IN 000340: 0000 0000 0000 0000 0000 0000 0000 0000 
  IN 000350: 0000 0000 0000 0000 0000 0000 0000 0000 
  IN 000360: 0000 0000 0000 0000 0000 0000 0000 0000 
  IN 000370: 0000 0000 0000 0000 0000 0000 0000 0000 
  IN 000380: 0000 0000 0000 0000 0000 0000 0000 0000 
  IN 000390: 0000 0000 0000 0000 0000 0000 0000 0000 
  IN 0003a0: 0000 0000 0000 0000 0000 0000 0000 0000 
  IN 0003b0: 0000 0000 0000 0000 0000 0000 0000 0000 
  IN 0003c0: 0000 0000 0000 0000 0000 0000 0000 0000 
  IN 0003d0: 0000 0000 0000 0000 2f55 7365 7273 2f75 
  IN 0003e0: 7365 722f 636c 6561 6e72 6f6f 6d5f 776f 
  IN 0003f0: 726b 2f65 7870 3030 3134 2f64 7661 7200 
  IN 000400: 0200 0000 0000 0000 ffff ffff 0100 0000 
RET  seq=22 conn=2d03 sel=7(0x7) ret=0x0 outStructCnt=16
  OUT.struct len=16
  OUT 000000: 0100 0000 0000 0000 7364 1ca8 0000 0000 
CALL seq=23 fn=Method conn=2d03 class=AGXAcceleratorG17P sel=16(0x10) inScalarCnt=2 inStructCnt=0 inScalars=[0x100,0x28]
RET  seq=23 conn=2d03 sel=16(0x10) ret=0x0 outStructCnt=16
  OUT.struct len=16
  OUT 000000: 0000 a309 0100 0000 0100 0000 0000 0000 
CALL seq=24 fn=Method conn=2d03 class=AGXAcceleratorG17P sel=28(0x1c) inScalarCnt=2 inStructCnt=0 inScalars=[0x1,0x1]
RET  seq=24 conn=2d03 sel=28(0x1c) ret=0x0
CALL seq=25 fn=Method conn=2d03 class=AGXAcceleratorG17P sel=9(0x9) inScalarCnt=0 inStructCnt=104
  IN.struct len=104
  IN 000000: 8000 0000 0000 0000 0100 0100 0100 0000 
  IN 000010: 0101 0001 300c 0000 0000 0000 0000 0000 
  IN 000020: 0000 0000 0000 0000 0000 0000 0000 0000 
  IN 000030: 0000 0000 0000 0000 0048 3b05 0100 0000 
  IN 000040: 0040 3b05 0100 0000 0000 0200 0000 0000 
  IN 000050: 0300 0000 0000 0000 0000 0000 1800 0000 
  IN 000060: 3025 0739 0700 0000                     
RET  seq=25 conn=2d03 sel=9(0x9) ret=0x0 outStructCnt=88
  OUT.struct len=88
  OUT 000000: 0088 0100 0001 0000 0000 0000 0000 0000 
  OUT 000010: 0089 0305 0100 0000 0000 0000 0000 0000 
  OUT 000020: 0000 0000 0c00 0000 0000 0200 0000 0000 
  OUT 000030: 7664 1ca8 0000 0000 17b8 0000 0000 0000 
  OUT 000040: 0000 0000 0000 0000 0000 0000 0000 0000 
  OUT 000050: 00f8 0100 0000 0000                     
CALL seq=26 fn=Method conn=2d03 class=AGXAcceleratorG17P sel=9(0x9) inScalarCnt=0 inStructCnt=104
  IN.struct len=104
  IN 000000: 8000 0000 0000 0000 0100 0100 0100 0000 
  IN 000010: 0101 0001 300c 0000 0000 0000 0000 0000 
  IN 000020: 0000 0000 0000 0000 0000 0000 0000 0000 
  IN 000030: 0000 0000 0000 0000 0049 3b05 0100 0000 
  IN 000040: 0040 3b05 0100 0000 0000 0200 0000 0000 
  IN 000050: 0300 0000 0000 0000 0000 0000 1800 0000 
  IN 000060: 5028 0739 0700 0000                     
RET  seq=26 conn=2d03 sel=9(0x9) ret=0x0 outStructCnt=88
  OUT.struct len=88
  OUT 000000: 0089 0100 0001 0000 0000 0000 0000 0000 
  OUT 000010: c089 0305 0100 0000 0000 0000 0000 0000 
  OUT 000020: 0000 0000 0d00 0000 0000 0200 0000 0000 
  OUT 000030: 7764 1ca8 0000 0000 17b8 0000 0000 0000 
  OUT 000040: 0000 0000 0000 0000 0000 0000 0000 0000 
  OUT 000050: 00f7 0100 0000 0000                     
CALL seq=27 fn=Method conn=2d03 class=AGXAcceleratorG17P sel=9(0x9) inScalarCnt=0 inStructCnt=104
  IN.struct len=104
  IN 000000: 8000 0000 0000 0000 0100 0100 0100 0000 
  IN 000010: 0101 0001 300c 0000 0000 0000 0000 0000 
  IN 000020: 0000 0000 0000 0000 0000 0000 0000 0000 
  IN 000030: 0000 0000 0000 0000 004a 3b05 0100 0000 
  IN 000040: 0040 3b05 0100 0000 0000 0200 0000 0000 
  IN 000050: 0300 0000 0000 0000 0000 0000 1800 0000 
  IN 000060: 702b 0739 0700 0000                     
RET  seq=27 conn=2d03 sel=9(0x9) ret=0x0 outStructCnt=88
  OUT.struct len=88
  OUT 000000: 008a 0100 0001 0000 0000 0000 0000 0000 
  OUT 000010: 808a 0305 0100 0000 0000 0000 0000 0000 
  OUT 000020: 0000 0000 0e00 0000 0000 0200 0000 0000 
  OUT 000030: 7864 1ca8 0000 0000 17b8 0000 0000 0000 
  OUT 000040: 0000 0000 0000 0000 0000 0000 0000 0000 
  OUT 000050: 00f6 0100 0000 0000                     
CALL seq=28 fn=Method conn=2d03 class=AGXAcceleratorG17P sel=9(0x9) inScalarCnt=0 inStructCnt=104
  IN.struct len=104
  IN 000000: 8000 0000 0000 0000 0100 0100 0100 0000 
  IN 000010: 0101 0001 300c 0000 0000 0000 0000 0000 
  IN 000020: 0000 0000 0000 0000 0000 0000 0000 0000 
  IN 000030: 0000 0000 0000 0000 005a 3b05 0100 0000 
  IN 000040: 0040 3b05 0100 0000 0000 0200 0000 0000 
  IN 000050: 0300 0000 0000 0000 0000 0000 1800 0000 
  IN 000060: 902e 0739 0700 0000                     
RET  seq=28 conn=2d03 sel=9(0x9) ret=0x0 outStructCnt=88
  OUT.struct len=88
  OUT 000000: 009a 0100 0001 0000 0000 0000 0000 0000 
  OUT 000010: 408b 0305 0100 0000 0000 0000 0000 0000 
  OUT 000020: 0000 0000 0f00 0000 0000 0200 0000 0000 
  OUT 000030: 7964 1ca8 0000 0000 17b8 0000 0000 0000 
  OUT 000040: 0000 0000 0000 0000 0000 0000 0000 0000 
  OUT 000050: 00e6 0100 0000 0000                     
CALL seq=29 fn=Method conn=2d03 class=AGXAcceleratorG17P sel=9(0x9) inScalarCnt=0 inStructCnt=104
  IN.struct len=104
  IN 000000: 8000 0000 0000 0000 0100 0100 0100 0000 
  IN 000010: 0101 0001 300c 0000 0000 0000 0000 0000 
  IN 000020: 0000 0000 0000 0000 0000 0000 0000 0000 
  IN 000030: 0000 0000 0000 0000 005b 3b05 0100 0000 
  IN 000040: 0040 3b05 0100 0000 0000 0200 0000 0000 
  IN 000050: 0300 0000 0000 0000 0000 0000 1800 0000 
  IN 000060: 9831 0739 0700 0000                     
RET  seq=29 conn=2d03 sel=9(0x9) ret=0x0 outStructCnt=88
  OUT.struct len=88
  OUT 000000: 009b 0100 0001 0000 0000 0000 0000 0000 
  OUT 000010: 008c 0305 0100 0000 0000 0000 0000 0000 
  OUT 000020: 0000 0000 1000 0000 0000 0200 0000 0000 
  OUT 000030: 7a64 1ca8 0000 0000 17b8 0000 0000 0000 
  OUT 000040: 0000 0000 0000 0000 0000 0000 0000 0000 
  OUT 000050: 00e5 0100 0000 0000                     
CALL seq=30 fn=Method conn=2d03 class=AGXAcceleratorG17P sel=9(0x9) inScalarCnt=0 inStructCnt=104
  IN.struct len=104
  IN 000000: 8000 0000 0000 0000 0100 0100 0100 0000 
  IN 000010: 0101 0001 300c 0000 0000 0000 0000 0000 
  IN 000020: 0000 0000 0000 0000 0000 0000 0000 0000 
  IN 000030: 0000 0000 0000 0000 005c 3b05 0100 0000 
  IN 000040: 0040 3b05 0100 0000 0000 0200 0000 0000 
  IN 000050: 0300 0000 0000 0000 0000 0000 1800 0000 
  IN 000060: a034 0739 0700 0000                     
RET  seq=30 conn=2d03 sel=9(0x9) ret=0x0 outStructCnt=88
  OUT.struct len=88
  OUT 000000: 009c 0100 0001 0000 0000 0000 0000 0000 
  OUT 000010: c08c 0305 0100 0000 0000 0000 0000 0000 
  OUT 000020: 0000 0000 1100 0000 0000 0200 0000 0000 
  OUT 000030: 7b64 1ca8 0000 0000 17b8 0000 0000 0000 
  OUT 000040: 0000 0000 0000 0000 0000 0000 0000 0000 
  OUT 000050: 00e4 0100 0000 0000                     
CALL seq=31 fn=Method conn=2d03 class=AGXAcceleratorG17P sel=9(0x9) inScalarCnt=0 inStructCnt=104
  IN.struct len=104
  IN 000000: 8000 0000 0000 0000 0100 0100 0100 0000 
  IN 000010: 0101 0001 300c 0000 0000 0000 0000 0000 
  IN 000020: 0000 0000 0000 0000 0000 0000 0000 0000 
  IN 000030: 0000 0000 0000 0000 005d 3b05 0100 0000 
  IN 000040: 0040 3b05 0100 0000 0000 0200 0000 0000 
  IN 000050: 0300 0000 0000 0000 0000 0000 1800 0000 
  IN 000060: a837 0739 0700 0000                     
RET  seq=31 conn=2d03 sel=9(0x9) ret=0x0 outStructCnt=88
  OUT.struct len=88
  OUT 000000: 009d 0100 0001 0000 0000 0000 0000 0000 
  OUT 000010: 808d 0305 0100 0000 0000 0000 0000 0000 
  OUT 000020: 0000 0000 1200 0000 0000 0200 0000 0000 
  OUT 000030: 7c64 1ca8 0000 0000 17b8 0000 0000 0000 
  OUT 000040: 0000 0000 0000 0000 0000 0000 0000 0000 
  OUT 000050: 00e3 0100 0000 0000                     
CALL seq=32 fn=Method conn=2d03 class=AGXAcceleratorG17P sel=9(0x9) inScalarCnt=0 inStructCnt=104
  IN.struct len=104
  IN 000000: 8000 0000 0000 0000 0100 0100 0100 0000 
  IN 000010: 0101 0001 300c 0000 0000 0000 0000 0000 
  IN 000020: 0000 0000 0000 0000 0000 0000 0000 0000 
  IN 000030: 0000 0000 0000 0000 0065 3b05 0100 0000 
  IN 000040: 0040 3b05 0100 0000 0000 0200 0000 0000 
  IN 000050: 0300 0000 0000 0000 0000 0000 1800 0000 
  IN 000060: b03a 0739 0700 0000                     
RET  seq=32 conn=2d03 sel=9(0x9) ret=0x0 outStructCnt=88
  OUT.struct len=88
  OUT 000000: 00a5 0100 0001 0000 0000 0000 0000 0000 
  OUT 000010: 408e 0305 0100 0000 0000 0000 0000 0000 
  OUT 000020: 0000 0000 1300 0000 0000 0200 0000 0000 
  OUT 000030: 7d64 1ca8 0000 0000 17b8 0000 0000 0000 
  OUT 000040: 0000 0000 0000 0000 0000 0000 0000 0000 
  OUT 000050: 00db 0100 0000 0000                     
CALL seq=33 fn=Method conn=2d03 class=AGXAcceleratorG17P sel=9(0x9) inScalarCnt=0 inStructCnt=104
  IN.struct len=104
  IN 000000: 8000 0000 0000 0000 0100 0100 0100 0000 
  IN 000010: 0101 0001 300c 0000 0000 0000 0000 0000 
  IN 000020: 0000 0000 0000 0000 0000 0000 0000 0000 
  IN 000030: 0000 0000 0000 0000 0066 3b05 0100 0000 
  IN 000040: 0040 3b05 0100 0000 0000 0200 0000 0000 
  IN 000050: 0300 0000 0000 0000 0000 0000 1800 0000 
  IN 000060: 8889 a40b 0100 0000                     
RET  seq=33 conn=2d03 sel=9(0x9) ret=0x0 outStructCnt=88
  OUT.struct len=88
  OUT 000000: 00a6 0100 0001 0000 0000 0000 0000 0000 
  OUT 000010: 008f 0305 0100 0000 0000 0000 0000 0000 
  OUT 000020: 0000 0000 1400 0000 0000 0200 0000 0000 
  OUT 000030: 7e64 1ca8 0000 0000 17b8 0000 0000 0000 
  OUT 000040: 0000 0000 0000 0000 0000 0000 0000 0000 
  OUT 000050: 00da 0100 0000 0000                     
CALL seq=34 fn=Method conn=2d03 class=AGXAcceleratorG17P sel=9(0x9) inScalarCnt=0 inStructCnt=104
  IN.struct len=104
  IN 000000: 0000 0000 0000 0000 0100 0100 0100 0000 
  IN 000010: 0101 0001 7004 0000 0000 0000 0000 0000 
  IN 000020: 0000 0000 0000 0000 0000 0000 0000 0000 
  IN 000030: 0100 0000 0000 0000 0000 0000 0000 0000 
  IN 000040: 0000 0000 0000 0000 0000 0200 0000 0000 
  IN 000050: 0000 0000 0000 0000 0000 0000 0000 0000 
  IN 000060: 8889 a40b 0100 0000                     
RET  seq=34 conn=2d03 sel=9(0x9) ret=0x0 outStructCnt=88
  OUT.struct len=88
  OUT 000000: 0000 0600 0001 0000 0040 a309 0100 0000 
  OUT 000010: c08f 0305 0100 0000 0000 0000 0000 0000 
  OUT 000020: 0000 0000 1500 0000 0000 0200 0000 0000 
  OUT 000030: 7f64 1ca8 0000 0000 1db8 0000 0000 0000 
  OUT 000040: 0000 0000 0000 0000 0000 0000 0000 0000 
  OUT 000050: 0000 0200 0000 0000                     
CALL seq=35 fn=Method conn=2d03 class=AGXAcceleratorG17P sel=9(0x9) inScalarCnt=0 inStructCnt=104
  IN.struct len=104
  IN 000000: 8000 0000 0000 0000 0100 0100 0100 0000 
  IN 000010: 0101 0001 300c 0000 0000 0000 0000 0000 
  IN 000020: 0000 0000 0000 0000 0000 0000 0000 0000 
  IN 000030: 0000 0000 0000 0000 0040 a309 0100 0000 
  IN 000040: 0040 a309 0100 0000 0000 0200 0000 0000 
  IN 000050: 1500 0000 0000 0000 0000 0000 1800 0000 
  IN 000060: 0000 0739 0700 0000                     
RET  seq=35 conn=2d03 sel=9(0x9) ret=0x0 outStructCnt=88
  OUT.struct len=88
  OUT 000000: 0000 0600 0001 0000 0000 0000 0000 0000 
  OUT 000010: 8090 0305 0100 0000 0000 0000 0000 0000 
  OUT 000020: 0000 0000 1600 0000 0000 0200 0000 0000 
  OUT 000030: 8064 1ca8 0000 0000 1db8 0000 0000 0000 
  OUT 000040: 0000 0000 0000 0000 0000 0000 0000 0000 
  OUT 000050: 0000 0200 0000 0000                     
CALL seq=36 fn=Struct conn=2d03 class=AGXAcceleratorG17P sel=6(0x6) inScalarCnt=0 inStructCnt=0
RET  seq=36 conn=2d03 sel=6(0x6) ret=0x0 outStructCnt=16
  OUT.struct len=16
  OUT 000000: 8164 1ca8 0000 0000 8164 1ca9 0000 0000 
CALL seq=37 fn=Method conn=2d03 class=AGXAcceleratorG17P sel=14(0xe) inScalarCnt=2 inStructCnt=0 inScalars=[0x4000,0x0]
RET  seq=37 conn=2d03 sel=14(0xe) ret=0x0 outStructCnt=16
  OUT.struct len=16
  OUT 000000: 0040 a509 0100 0000 0040 0000 0100 0000 
CALL seq=38 fn=Method conn=2d03 class=AGXAcceleratorG17P sel=14(0xe) inScalarCnt=2 inStructCnt=0 inScalars=[0x4000,0x1]
RET  seq=38 conn=2d03 sel=14(0xe) ret=0x0 outStructCnt=16
  OUT.struct len=16
  OUT 000000: 0080 a509 0100 0000 0040 0000 0200 0000 
CALL seq=39 fn=Method conn=2d03 class=AGXAcceleratorG17P sel=9(0x9) inScalarCnt=0 inStructCnt=104
  IN.struct len=104
  IN 000000: 0000 0000 0000 0000 0100 0100 0100 0000 
  IN 000010: 0101 0001 3004 0000 0000 0000 0000 0000 
  IN 000020: 0000 0000 0000 0000 0000 0000 0000 0000 
  IN 000030: 0000 0000 0000 0000 0000 0000 0000 0000 
  IN 000040: 0000 0000 0000 0000 0040 0700 0000 0000 
  IN 000050: 0000 0000 0000 0000 0000 0008 1800 0000 
  IN 000060: 0000 0000 0000 0000                     
RET  seq=39 conn=2d03 sel=9(0x9) ret=0x0 outStructCnt=88
  OUT.struct len=88
  OUT 000000: 0080 0800 0001 0000 00c0 a509 0100 0000 
  OUT 000010: 4091 0305 0100 0000 0000 0000 0000 0000 
  OUT 000020: 0000 0000 1700 0000 0040 0700 0000 0000 
  OUT 000030: 8164 1ca9 0000 0000 1eb8 0000 0000 0000 
  OUT 000040: 0000 0000 0000 0000 0000 0000 0000 0000 
  OUT 000050: 0040 0700 0000 0000                     
CALL seq=40 fn=Method conn=2d03 class=AGXAcceleratorG17P sel=9(0x9) inScalarCnt=0 inStructCnt=104
  IN.struct len=104
  IN 000000: 0000 0000 0000 0000 0080 0100 0100 0000 
  IN 000010: 0101 0001 30c4 0000 0000 0000 0000 0000 
  IN 000020: 0000 0000 0000 0000 0000 0000 0000 0000 
  IN 000030: 0000 0000 0000 0000 0000 0000 0000 0000 
  IN 000040: 0000 0000 0000 0000 0080 0000 0000 0000 
  IN 000050: 0000 0000 0000 0000 0000 0038 0000 0000 
  IN 000060: 0000 0000 0000 0000                     
RET  seq=40 conn=2d03 sel=9(0x9) ret=0x0 outStructCnt=88
  OUT.struct len=88
  OUT 000000: 0080 0100 0000 0000 0000 ad09 0100 0000 
  OUT 000010: 0092 0305 0100 0000 0000 0000 0000 0000 
  OUT 000020: 0000 0000 1800 0000 0080 0000 0000 0000 
  OUT 000030: 8264 1ca9 0000 0000 1fb8 0000 0000 0000 
  OUT 000040: 0000 0000 0000 0000 0000 0000 0000 0000 
  OUT 000050: 0080 0000 0000 0000                     
CALL seq=41 fn=Method conn=2d03 class=AGXAcceleratorG17P sel=9(0x9) inScalarCnt=0 inStructCnt=104
  IN.struct len=104
  IN 000000: 0000 0000 0000 0000 0080 0100 0100 0000 
  IN 000010: 0101 0001 30c4 0000 0000 0000 0000 0000 
  IN 000020: 0000 0000 0000 0000 0000 0000 0000 0000 
  IN 000030: 0000 0000 0000 0000 0000 0000 0000 0000 
  IN 000040: 0000 0000 0000 0000 0080 0000 0000 0000 
  IN 000050: 0000 0000 0000 0000 0000 0038 0000 0000 
  IN 000060: 0000 0000 0000 0000                     
RET  seq=41 conn=2d03 sel=9(0x9) ret=0x0 outStructCnt=88
  OUT.struct len=88
  OUT 000000: 0080 0200 0000 0000 0080 ad09 0100 0000 
  OUT 000010: c092 0305 0100 0000 0000 0000 0000 0000 
  OUT 000020: 0000 0000 1900 0000 0080 0000 0000 0000 
  OUT 000030: 8364 1ca9 0000 0000 20b8 0000 0000 0000 
  OUT 000040: 0000 0000 0000 0000 0000 0000 0000 0000 
  OUT 000050: 0080 0000 0000 0000                     
CALL seq=42 fn=Method conn=2d03 class=AGXAcceleratorG17P sel=9(0x9) inScalarCnt=0 inStructCnt=104
  IN.struct len=104
  IN 000000: 0000 0000 0000 0000 0080 0100 0100 0000 
  IN 000010: 0101 0001 30c4 0000 0000 0000 0000 0000 
  IN 000020: 0000 0000 0000 0000 0000 0000 0000 0000 
  IN 000030: 0000 0000 0000 0000 0000 0000 0000 0000 
  IN 000040: 0000 0000 0000 0000 0080 0000 0000 0000 
  IN 000050: 0000 0000 0000 0000 0000 0038 0000 0000 
  IN 000060: 0000 0000 0000 0000                     
RET  seq=42 conn=2d03 sel=9(0x9) ret=0x0 outStructCnt=88
  OUT.struct len=88
  OUT 000000: 0080 0300 0000 0000 0000 ae09 0100 0000 
  OUT 000010: 8093 0305 0100 0000 0000 0000 0000 0000 
  OUT 000020: 0000 0000 1a00 0000 0080 0000 0000 0000 
  OUT 000030: 8464 1ca9 0000 0000 21b8 0000 0000 0000 
  OUT 000040: 0000 0000 0000 0000 0000 0000 0000 0000 
  OUT 000050: 0080 0000 0000 0000                     
CALL seq=43 fn=Method conn=2d03 class=AGXAcceleratorG17P sel=9(0x9) inScalarCnt=0 inStructCnt=104
  IN.struct len=104
  IN 000000: 0000 0000 0000 0000 0080 0100 0100 0000 
  IN 000010: 0101 0001 3044 0000 0000 0000 0000 0000 
  IN 000020: 0000 0000 0000 0000 0000 0000 0000 0000 
  IN 000030: 0000 0000 0000 0000 0000 0000 0000 0000 
  IN 000040: 0000 0000 0000 0000 0080 0000 0000 0000 
  IN 000050: 0000 0000 0000 0000 0000 0008 4800 0000 
  IN 000060: 0000 0000 0000 0000                     
RET  seq=43 conn=2d03 sel=9(0x9) ret=0x0 outStructCnt=88
  OUT.struct len=88
  OUT 000000: 0000 1000 0001 0000 0080 ae09 0100 0000 
  OUT 000010: 4094 0305 0100 0000 0000 0000 0000 0000 
  OUT 000020: 0000 0000 1b00 0000 0080 0000 0000 0000 
  OUT 000030: 8564 1ca9 0000 0000 22b8 0000 0000 0000 
  OUT 000040: 0000 0000 0000 0000 0000 0000 0000 0000 
  OUT 000050: 0080 0000 0000 0000                     
CALL seq=44 fn=Method conn=2d03 class=AGXAcceleratorG17P sel=9(0x9) inScalarCnt=0 inStructCnt=104
  IN.struct len=104
  IN 000000: 0000 0000 0000 0000 0080 0100 0100 0000 
  IN 000010: 0101 0001 3044 0000 0000 0000 0000 0000 
  IN 000020: 0000 0000 0000 0000 0000 0000 0000 0000 
  IN 000030: 0000 0000 0000 0000 0000 0000 0000 0000 
  IN 000040: 0000 0000 0000 0000 0080 0000 0000 0000 
  IN 000050: 0000 0000 0000 0000 0000 0008 0000 0000 
  IN 000060: 0000 0000 0000 0000                     
RET  seq=44 conn=2d03 sel=9(0x9) ret=0x0 outStructCnt=88
  OUT.struct len=88
  OUT 000000: 0000 1100 0001 0000 0000 af09 0100 0000 
  OUT 000010: 0095 0305 0100 0000 0000 0000 0000 0000 
  OUT 000020: 0000 0000 1c00 0000 0080 0000 0000 0000 
  OUT 000030: 8664 1ca9 0000 0000 23b8 0000 0000 0000 
  OUT 000040: 0000 0000 0000 0000 0000 0000 0000 0000 
  OUT 000050: 0080 0000 0000 0000                     
CALL seq=45 fn=Method conn=2d03 class=AGXAcceleratorG17P sel=9(0x9) inScalarCnt=0 inStructCnt=104
  IN.struct len=104
  IN 000000: 0000 0000 0000 0000 0080 0100 0100 0000 
  IN 000010: 0101 0001 3044 0000 0000 0000 0000 0000 
  IN 000020: 0000 0000 0000 0000 0000 0000 0000 0000 
  IN 000030: 0000 0000 0000 0000 0000 0000 0000 0000 
  IN 000040: 0000 0000 0000 0000 0080 0000 0000 0000 
  IN 000050: 0000 0000 0000 0000 0000 0018 0000 0000 
  IN 000060: 0000 0000 0000 0000                     
RET  seq=45 conn=2d03 sel=9(0x9) ret=0x0 outStructCnt=88
  OUT.struct len=88
  OUT 000000: 0000 1200 0001 0000 0080 af09 0100 0000 
  OUT 000010: c095 0305 0100 0000 0000 0000 0000 0000 
  OUT 000020: 0000 0000 1d00 0000 0080 0000 0000 0000 
  OUT 000030: 8764 1ca9 0000 0000 24b8 0000 0000 0000 
  OUT 000040: 0000 0000 0000 0000 0000 0000 0000 0000 
  OUT 000050: 0080 0000 0000 0000                     
CALL seq=46 fn=Method conn=2d03 class=AGXAcceleratorG17P sel=9(0x9) inScalarCnt=0 inStructCnt=104
  IN.struct len=104
  IN 000000: 0000 0000 0000 0000 0080 0100 0100 0000 
  IN 000010: 0101 0001 3044 0000 0000 0000 0000 0000 
  IN 000020: 0000 0000 0000 0000 0000 0000 0000 0000 
  IN 000030: 0000 0000 0000 0000 0000 0000 0000 0000 
  IN 000040: 0000 0000 0000 0000 0080 0000 0000 0000 
  IN 000050: 0000 0000 0000 0000 0000 0018 0000 0000 
  IN 000060: 0000 0000 0000 0000                     
RET  seq=46 conn=2d03 sel=9(0x9) ret=0x0 outStructCnt=88
  OUT.struct len=88
  OUT 000000: 0000 1300 0001 0000 0000 b009 0100 0000 
  OUT 000010: 8096 0305 0100 0000 0000 0000 0000 0000 
  OUT 000020: 0000 0000 1e00 0000 0080 0000 0000 0000 
  OUT 000030: 8864 1ca9 0000 0000 25b8 0000 0000 0000 
  OUT 000040: 0000 0000 0000 0000 0000 0000 0000 0000 
  OUT 000050: 0080 0000 0000 0000                     
CALL seq=47 fn=Method conn=2d03 class=AGXAcceleratorG17P sel=9(0x9) inScalarCnt=0 inStructCnt=104
  IN.struct len=104
  IN 000000: 0000 0000 0000 0000 0000 0100 0100 0000 
  IN 000010: 0101 0001 3044 0000 0000 0000 0000 0000 
  IN 000020: 0000 0000 0000 0000 0000 0000 0000 0000 
  IN 000030: 0000 0000 0000 0000 0000 0000 0000 0000 
  IN 000040: 0000 0000 0000 0000 0000 1000 0000 0000 
  IN 000050: 0000 0000 0000 0000 0000 0018 0000 0000 
  IN 000060: 0000 0000 0000 0000                     
RET  seq=47 conn=2d03 sel=9(0x9) ret=0x0 outStructCnt=88
  OUT.struct len=88
  OUT 000000: 0000 1400 0001 0000 0080 b009 0100 0000 
  OUT 000010: 4097 0305 0100 0000 0000 0000 0000 0000 
  OUT 000020: 0000 0000 1f00 0000 0000 1000 0000 0000 
  OUT 000030: 8964 1ca9 0000 0000 26b8 0000 0000 0000 
  OUT 000040: 0000 0000 0000 0000 0000 0000 0000 0000 
  OUT 000050: 0000 1000 0000 0000                     
CALL seq=48 fn=Method conn=2d03 class=AGXAcceleratorG17P sel=9(0x9) inScalarCnt=0 inStructCnt=104
  IN.struct len=104
  IN 000000: 0000 0000 0000 0000 0080 0100 0100 0000 
  IN 000010: 0101 0001 30c4 0000 0000 0000 0000 0000 
  IN 000020: 0000 0000 0000 0000 0000 0000 0000 0000 
  IN 000030: 0000 0000 0000 0000 0000 0000 0000 0000 
  IN 000040: 0000 0000 0000 0000 0080 0000 0000 0000 
  IN 000050: 0000 0000 0000 0000 0000 0038 0000 0000 
  IN 000060: 0000 0000 0000 0000                     
RET  seq=48 conn=2d03 sel=9(0x9) ret=0x0 outStructCnt=88
  OUT.struct len=88
  OUT 000000: 0080 0400 0000 0000 0080 c009 0100 0000 
  OUT 000010: 0098 0305 0100 0000 0000 0000 0000 0000 
  OUT 000020: 0000 0000 2000 0000 0080 0000 0000 0000 
  OUT 000030: 8a64 1ca9 0000 0000 27b8 0000 0000 0000 
  OUT 000040: 0000 0000 0000 0000 0000 0000 0000 0000 
  OUT 000050: 0080 0000 0000 0000                     
CALL seq=49 fn=Method conn=2d03 class=AGXAcceleratorG17P sel=9(0x9) inScalarCnt=0 inStructCnt=104
  IN.struct len=104
  IN 000000: 0000 0000 0000 0000 0080 0100 0100 0000 
  IN 000010: 0101 0001 3044 0000 0000 0000 0000 0000 
  IN 000020: 0000 0000 0000 0000 0000 0000 0000 0000 
  IN 000030: 0000 0000 0000 0000 0000 0000 0000 0000 
  IN 000040: 0000 0000 0000 0000 0080 0000 0000 0000 
  IN 000050: 0000 0000 0000 0000 0000 0018 0000 0000 
  IN 000060: 0000 0000 0000 0000                     
RET  seq=49 conn=2d03 sel=9(0x9) ret=0x0 outStructCnt=88
  OUT.struct len=88
  OUT 000000: 0080 2400 0001 0000 0000 c109 0100 0000 
  OUT 000010: c098 0305 0100 0000 0000 0000 0000 0000 
  OUT 000020: 0000 0000 2100 0000 0080 0000 0000 0000 
  OUT 000030: 8b64 1ca9 0000 0000 28b8 0000 0000 0000 
  OUT 000040: 0000 0000 0000 0000 0000 0000 0000 0000 
  OUT 000050: 0080 0000 0000 0000                     
CALL seq=50 fn=Method conn=2d03 class=AGXAcceleratorG17P sel=9(0x9) inScalarCnt=0 inStructCnt=104
  IN.struct len=104
  IN 000000: 0000 0000 0000 0000 0080 0100 0100 0000 
  IN 000010: 0101 0001 3044 0000 0000 0000 0000 0000 
  IN 000020: 0000 0000 0000 0000 0000 0000 0000 0000 
  IN 000030: 0000 0000 0000 0000 0000 0000 0000 0000 
  IN 000040: 0000 0000 0000 0000 0080 0000 0000 0000 
  IN 000050: 0000 0000 0000 0000 0000 0008 0000 0000 
  IN 000060: 0000 0000 0000 0000                     
RET  seq=50 conn=2d03 sel=9(0x9) ret=0x0 outStructCnt=88
  OUT.struct len=88
  OUT 000000: 0080 2500 0001 0000 0080 c109 0100 0000 
  OUT 000010: 8099 0305 0100 0000 0000 0000 0000 0000 
  OUT 000020: 0000 0000 2200 0000 0080 0000 0000 0000 
  OUT 000030: 8c64 1ca9 0000 0000 29b8 0000 0000 0000 
  OUT 000040: 0000 0000 0000 0000 0000 0000 0000 0000 
  OUT 000050: 0080 0000 0000 0000                     
CALL seq=51 fn=Method conn=2d03 class=AGXAcceleratorG17P sel=9(0x9) inScalarCnt=0 inStructCnt=104
  IN.struct len=104
  IN 000000: 0000 0000 0000 0000 0080 0100 0100 0000 
  IN 000010: 0101 0001 3044 0000 0000 0000 0000 0000 
  IN 000020: 0000 0000 0000 0000 0000 0000 0000 0000 
  IN 000030: 0000 0000 0000 0000 0000 0000 0000 0000 
  IN 000040: 0000 0000 0000 0000 0080 0000 0000 0000 
  IN 000050: 0000 0000 0000 0000 0000 0008 0000 0000 
  IN 000060: 0000 0000 0000 0000                     
RET  seq=51 conn=2d03 sel=9(0x9) ret=0x0 outStructCnt=88
  OUT.struct len=88
  OUT 000000: 0080 2600 0001 0000 0000 c209 0100 0000 
  OUT 000010: 409a 0305 0100 0000 0000 0000 0000 0000 
  OUT 000020: 0000 0000 2300 0000 0080 0000 0000 0000 
  OUT 000030: 8d64 1ca9 0000 0000 2ab8 0000 0000 0000 
  OUT 000040: 0000 0000 0000 0000 0000 0000 0000 0000 
  OUT 000050: 0080 0000 0000 0000                     
CALL seq=52 fn=Method conn=2d03 class=AGXAcceleratorG17P sel=9(0x9) inScalarCnt=0 inStructCnt=104
  IN.struct len=104
  IN 000000: 0000 0000 0000 0000 0080 0100 0100 0000 
  IN 000010: 0101 0001 3044 0000 0000 0000 0000 0000 
  IN 000020: 0000 0000 0000 0000 0000 0000 0000 0000 
  IN 000030: 0000 0000 0000 0000 0000 0000 0000 0000 
  IN 000040: 0000 0000 0000 0000 0080 0000 0000 0000 
  IN 000050: 0000 0000 0000 0000 0000 0008 0000 0000 
  IN 000060: 0000 0000 0000 0000                     
RET  seq=52 conn=2d03 sel=9(0x9) ret=0x0 outStructCnt=88
  OUT.struct len=88
  OUT 000000: 0080 2700 0001 0000 0080 c209 0100 0000 
  OUT 000010: 009b 0305 0100 0000 0000 0000 0000 0000 
  OUT 000020: 0000 0000 2400 0000 0080 0000 0000 0000 
  OUT 000030: 8e64 1ca9 0000 0000 2bb8 0000 0000 0000 
  OUT 000040: 0000 0000 0000 0000 0000 0000 0000 0000 
  OUT 000050: 0080 0000 0000 0000                     
CALL seq=53 fn=Method conn=2d03 class=AGXAcceleratorG17P sel=9(0x9) inScalarCnt=0 inStructCnt=104
  IN.struct len=104
  IN 000000: 0000 0000 0000 0000 0080 0100 0100 0000 
  IN 000010: 0101 0001 3044 0000 0000 0000 0000 0000 
  IN 000020: 0000 0000 0000 0000 0000 0000 0000 0000 
  IN 000030: 0000 0000 0000 0000 0000 0000 0000 0000 
  IN 000040: 0000 0000 0000 0000 0080 0000 0000 0000 
  IN 000050: 0000 0000 0000 0000 0000 0008 0000 0000 
  IN 000060: 0000 0000 0000 0000                     
RET  seq=53 conn=2d03 sel=9(0x9) ret=0x0 outStructCnt=88
  OUT.struct len=88
  OUT 000000: 0080 2800 0001 0000 0000 c309 0100 0000 
  OUT 000010: c09b 0305 0100 0000 0000 0000 0000 0000 
  OUT 000020: 0000 0000 2500 0000 0080 0000 0000 0000 
  OUT 000030: 8f64 1ca9 0000 0000 2cb8 0000 0000 0000 
  OUT 000040: 0000 0000 0000 0000 0000 0000 0000 0000 
  OUT 000050: 0080 0000 0000 0000                     
CALL seq=54 fn=Method conn=2d03 class=AGXAcceleratorG17P sel=9(0x9) inScalarCnt=0 inStructCnt=104
  IN.struct len=104
  IN 000000: 0000 0000 0000 0000 0080 0100 0100 0000 
  IN 000010: 0101 0001 30c4 0000 0000 0000 0000 0000 
  IN 000020: 0000 0000 0000 0000 0000 0000 0000 0000 
  IN 000030: 0000 0000 0000 0000 0000 0000 0000 0000 
  IN 000040: 0000 0000 0000 0000 0080 0000 0000 0000 
  IN 000050: 0000 0000 0000 0000 0000 0048 0000 0000 
  IN 000060: 0000 0000 0000 0000                     
RET  seq=54 conn=2d03 sel=9(0x9) ret=0x0 outStructCnt=88
  OUT.struct len=88
  OUT 000000: 0080 0500 0000 0000 0080 c309 0100 0000 
  OUT 000010: 809c 0305 0100 0000 0000 0000 0000 0000 
  OUT 000020: 0000 0000 2600 0000 0080 0000 0000 0000 
  OUT 000030: 9064 1ca9 0000 0000 2db8 0000 0000 0000 
  OUT 000040: 0000 0000 0000 0000 0000 0000 0000 0000 
  OUT 000050: 0080 0000 0000 0000                     
CALL seq=55 fn=Method conn=2d03 class=AGXAcceleratorG17P sel=9(0x9) inScalarCnt=0 inStructCnt=104
  IN.struct len=104
  IN 000000: 0000 0000 0000 0000 e088 0100 0100 0000 
  IN 000010: 0101 0001 30c4 0000 0000 0000 0000 0000 
  IN 000020: 0000 0000 0000 0000 0000 0000 0000 0000 
  IN 000030: 0000 0000 0000 0000 0000 0000 0000 0000 
  IN 000040: 0000 0000 0000 0000 e088 0000 0000 0000 
  IN 000050: 0000 0000 0000 0000 0000 0048 0000 0000 
  IN 000060: 0000 0000 0000 0000                     
RET  seq=55 conn=2d03 sel=9(0x9) ret=0x0 outStructCnt=88
  OUT.struct len=88
  OUT 000000: 0080 0600 0000 0000 0000 c409 0100 0000 
  OUT 000010: 409d 0305 0100 0000 0000 0000 0000 0000 
  OUT 000020: 0000 0000 2700 0000 00c0 0000 0000 0000 
  OUT 000030: 9164 1ca9 0000 0000 2eb8 0000 0000 0000 
  OUT 000040: 0000 0000 0000 0000 0000 0000 0000 0000 
  OUT 000050: 00c0 0000 0000 0000                     
CALL seq=56 fn=Method conn=2d03 class=AGXAcceleratorG17P sel=9(0x9) inScalarCnt=0 inStructCnt=104
  IN.struct len=104
  IN 000000: 0000 0000 0000 0000 0000 0100 0100 0000 
  IN 000010: 0101 0001 3044 0000 0000 0000 0000 0000 
  IN 000020: 0000 0000 0000 0000 0000 0000 0000 0000 
  IN 000030: 0000 0000 0000 0000 0000 0000 0000 0000 
  IN 000040: 0000 0000 0000 0000 0000 0c00 0000 0000 
  IN 000050: 0000 0000 0000 0000 0000 0008 0000 0000 
  IN 000060: 0000 0000 0000 0000                     
RET  seq=56 conn=2d03 sel=9(0x9) ret=0x0 outStructCnt=88
  OUT.struct len=88
  OUT 000000: 0080 2900 0001 0000 00c0 c409 0100 0000 
  OUT 000010: 009e 0305 0100 0000 0000 0000 0000 0000 
  OUT 000020: 0000 0000 2800 0000 0000 0c00 0000 0000 
  OUT 000030: 9264 1ca9 0000 0000 2fb8 0000 0000 0000 
  OUT 000040: 0000 0000 0000 0000 0000 0000 0000 0000 
  OUT 000050: 0000 0c00 0000 0000                     
BODUMP begin reason=sigusr1 n_bo=38
BODUMP handle=0 gpu_va=0x10000000000 cpu=0x10504c000 size=0x10000 read=0x10000 -> caps/base/bo_sigusr1_h0_va10000000000_cpu10504c000_sz10000.hex
BODUMP handle=0 gpu_va=0x6f00000000 cpu=0x10505c000 size=0x3800 read=0x3800 -> caps/base/bo_sigusr1_h0_va6f00000000_cpu10505c000_sz3800.hex
BODUMP handle=0 gpu_va=0x10000018000 cpu=0x1053b4000 size=0x20000 read=0x20000 -> caps/base/bo_sigusr1_h0_va10000018000_cpu1053b4000_sz20000.hex
BODUMP handle=0 gpu_va=0x10000040000 cpu=0x1053d4000 size=0x10000 read=0x10000 -> caps/base/bo_sigusr1_h0_va10000040000_cpu1053d4000_sz10000.hex
BODUMP handle=0 gpu_va=0x0 cpu=0x109a20000 size=0x10000 read=0x10000 -> caps/base/bo_sigusr1_h0_va0_cpu109a20000_sz10000.hex
BODUMP handle=0 gpu_va=0x10000058000 cpu=0x1053e4000 size=0x4000 read=0x4000 -> caps/base/bo_sigusr1_h0_va10000058000_cpu1053e4000_sz4000.hex
BODUMP handle=0 gpu_va=0x10000018200 cpu=0x1053b4200 size=0x20000 read=0x20000 -> caps/base/bo_sigusr1_h0_va10000018200_cpu1053b4200_sz20000.hex
BODUMP handle=0 gpu_va=0x10000018400 cpu=0x1053b4400 size=0x20000 read=0x20000 -> caps/base/bo_sigusr1_h0_va10000018400_cpu1053b4400_sz20000.hex
BODUMP handle=0 gpu_va=0x10000018600 cpu=0x1053b4600 size=0x20000 read=0x20000 -> caps/base/bo_sigusr1_h0_va10000018600_cpu1053b4600_sz20000.hex
BODUMP handle=0 gpu_va=0x10000018700 cpu=0x1053b4700 size=0x20000 read=0x20000 -> caps/base/bo_sigusr1_h0_va10000018700_cpu1053b4700_sz20000.hex
BODUMP handle=0 gpu_va=0x10000018800 cpu=0x1053b4800 size=0x20000 read=0x20000 -> caps/base/bo_sigusr1_h0_va10000018800_cpu1053b4800_sz20000.hex
BODUMP handle=0 gpu_va=0x10000018900 cpu=0x1053b4900 size=0x20000 read=0x20000 -> caps/base/bo_sigusr1_h0_va10000018900_cpu1053b4900_sz20000.hex
BODUMP handle=0 gpu_va=0x10000018a00 cpu=0x1053b4a00 size=0x20000 read=0x20000 -> caps/base/bo_sigusr1_h0_va10000018a00_cpu1053b4a00_sz20000.hex
BODUMP handle=0 gpu_va=0x10000019a00 cpu=0x1053b5a00 size=0x20000 read=0x20000 -> caps/base/bo_sigusr1_h0_va10000019a00_cpu1053b5a00_sz20000.hex
BODUMP handle=0 gpu_va=0x10000019b00 cpu=0x1053b5b00 size=0x20000 read=0x20000 -> caps/base/bo_sigusr1_h0_va10000019b00_cpu1053b5b00_sz20000.hex
BODUMP handle=0 gpu_va=0x10000019c00 cpu=0x1053b5c00 size=0x20000 read=0x20000 -> caps/base/bo_sigusr1_h0_va10000019c00_cpu1053b5c00_sz20000.hex
BODUMP handle=0 gpu_va=0x10000019d00 cpu=0x1053b5d00 size=0x20000 read=0x20000 -> caps/base/bo_sigusr1_h0_va10000019d00_cpu1053b5d00_sz20000.hex
BODUMP handle=0 gpu_va=0x1000001a500 cpu=0x1053b6500 size=0x20000 read=0x20000 -> caps/base/bo_sigusr1_h0_va1000001a500_cpu1053b6500_sz20000.hex
BODUMP handle=0 gpu_va=0x1000001a600 cpu=0x1053b6600 size=0x20000 read=0x20000 -> caps/base/bo_sigusr1_h0_va1000001a600_cpu1053b6600_sz20000.hex
BODUMP handle=0 gpu_va=0x10000060000 cpu=0x109a34000 size=0x20000 read=0x20000 -> caps/base/bo_sigusr1_h0_va10000060000_cpu109a34000_sz20000.hex
BODUMP handle=0 gpu_va=0x10000088000 cpu=0x109a5c000 size=0x74000 read=0x20000 -> caps/base/bo_sigusr1_h0_va10000088000_cpu109a5c000_sz74000.hex
BODUMP handle=0 gpu_va=0x18000 cpu=0x109ad0000 size=0x8000 read=0x8000 -> caps/base/bo_sigusr1_h0_va18000_cpu109ad0000_sz8000.hex
BODUMP handle=0 gpu_va=0x28000 cpu=0x109ad8000 size=0x8000 read=0x8000 -> caps/base/bo_sigusr1_h0_va28000_cpu109ad8000_sz8000.hex
BODUMP handle=0 gpu_va=0x38000 cpu=0x109ae0000 size=0x8000 read=0x8000 -> caps/base/bo_sigusr1_h0_va38000_cpu109ae0000_sz8000.hex
BODUMP handle=0 gpu_va=0x10000100000 cpu=0x109ae8000 size=0x8000 read=0x8000 -> caps/base/bo_sigusr1_h0_va10000100000_cpu109ae8000_sz8000.hex
BODUMP handle=0 gpu_va=0x10000110000 cpu=0x109af0000 size=0x8000 read=0x8000 -> caps/base/bo_sigusr1_h0_va10000110000_cpu109af0000_sz8000.hex
BODUMP handle=0 gpu_va=0x10000120000 cpu=0x109af8000 size=0x8000 read=0x8000 -> caps/base/bo_sigusr1_h0_va10000120000_cpu109af8000_sz8000.hex
BODUMP handle=0 gpu_va=0x10000130000 cpu=0x109b00000 size=0x8000 read=0x8000 -> caps/base/bo_sigusr1_h0_va10000130000_cpu109b00000_sz8000.hex
BODUMP handle=0 gpu_va=0x10000140000 cpu=0x109b08000 size=0x100000 read=0x20000 -> caps/base/bo_sigusr1_h0_va10000140000_cpu109b08000_sz100000.hex
BODUMP handle=0 gpu_va=0x48000 cpu=0x109c08000 size=0x8000 read=0x8000 -> caps/base/bo_sigusr1_h0_va48000_cpu109c08000_sz8000.hex
BODUMP handle=0 gpu_va=0x10000248000 cpu=0x109c10000 size=0x8000 read=0x8000 -> caps/base/bo_sigusr1_h0_va10000248000_cpu109c10000_sz8000.hex
BODUMP handle=0 gpu_va=0x10000258000 cpu=0x109c18000 size=0x8000 read=0x8000 -> caps/base/bo_sigusr1_h0_va10000258000_cpu109c18000_sz8000.hex
BODUMP handle=0 gpu_va=0x10000268000 cpu=0x109c20000 size=0x8000 read=0x8000 -> caps/base/bo_sigusr1_h0_va10000268000_cpu109c20000_sz8000.hex
BODUMP handle=0 gpu_va=0x10000278000 cpu=0x109c28000 size=0x8000 read=0x8000 -> caps/base/bo_sigusr1_h0_va10000278000_cpu109c28000_sz8000.hex
BODUMP handle=0 gpu_va=0x10000288000 cpu=0x109c30000 size=0x8000 read=0x8000 -> caps/base/bo_sigusr1_h0_va10000288000_cpu109c30000_sz8000.hex
BODUMP handle=0 gpu_va=0x58000 cpu=0x109c38000 size=0x8000 read=0x8000 -> caps/base/bo_sigusr1_h0_va58000_cpu109c38000_sz8000.hex
BODUMP handle=0 gpu_va=0x68000 cpu=0x109c40000 size=0x88e0 read=0x88e0 -> caps/base/bo_sigusr1_h0_va68000_cpu109c40000_sz88e0.hex
BODUMP handle=0 gpu_va=0x10000298000 cpu=0x109c4c000 size=0xc0000 read=0x20000 -> caps/base/bo_sigusr1_h0_va10000298000_cpu109c4c000_szc0000.hex
BODUMP end reason=sigusr1
MAPDUMP reason=sigusr1 seq=56 conn=0 memType=0x00005e15 addr=0x105044000 size=0x4000 read=0x4000 -> caps/base/map_seq000056_conn0_type00005e15_at105044000_sz4000.hex
MAPDUMP reason=sigusr1 seq=56 conn=0 memType=0x00005e15 addr=0x105038000 size=0x4000 read=0x4000 -> caps/base/map_seq000056_conn0_type00005e15_at105038000_sz4000.hex
CALL seq=57 fn=Method conn=2d03 class=AGXAcceleratorG17P sel=8(0x8) inScalarCnt=1 inStructCnt=0 inScalars=[0x1]
CALL seq=58 fn=Method conn=2d03 class=AGXAcceleratorG17P sel=17(0x11) inScalarCnt=1 inStructCnt=0 inScalars=[0x1]
RET  seq=58 conn=2d03 sel=17(0x11) ret=0x0
RET  seq=58 conn=2d03 sel=8(0x8) ret=0x0
CALL seq=59 fn=Scalar conn=2d03 class=AGXAcceleratorG17P sel=15(0xf) inScalarCnt=1 inStructCnt=0 inScalars=[0x2]
RET  seq=59 conn=2d03 sel=15(0xf) ret=0x0
CALL seq=60 fn=Scalar conn=2d03 class=AGXAcceleratorG17P sel=15(0xf) inScalarCnt=1 inStructCnt=0 inScalars=[0x1]
RET  seq=60 conn=2d03 sel=15(0xf) ret=0x0
