# EXP-0049 fixed_allowlist=4 unknown_bo_dump=0 pointer_following=0 shader_dump=0 command_mutation=0
SERVICE_OPEN class=IOSurfaceRoot type=0
CALL class=IOSurfaceRoot sel=13 ret=0x0 in_struct=0x0 out_struct=0x28
CALL class=IOSurfaceRoot sel=44 ret=0xe00002f0 in_struct=0x0 out_struct=0x0
SERVICE_OPEN class=AGXAcceleratorG16G type=1048581
CALL class=IOSurfaceRoot sel=32 ret=0x0 in_struct=0x0 out_struct=0x0
CALL class=AGXAcceleratorG16G sel=9 ret=0x0 in_struct=0x68 out_struct=0x58
RESOURCE_MAP class=AGXAcceleratorG16G va=0x10000000000 size=0x10000 handle=0 cpu_present=0 outcpu_present=1 allowlisted=0
CALL class=AGXAcceleratorG16G sel=9 ret=0x0 in_struct=0x68 out_struct=0x58
RESOURCE_MAP class=AGXAcceleratorG16G va=0x6f00000000 size=0x3800 handle=0 cpu_present=0 outcpu_present=1 allowlisted=0
CALL class=AGXAcceleratorG16G sel=9 ret=0x0 in_struct=0x68 out_struct=0x58
RESOURCE_MAP class=AGXAcceleratorG16G va=0x10000018000 size=0x20000 handle=0 cpu_present=0 outcpu_present=1 allowlisted=0
CALL class=AGXAcceleratorG16G sel=9 ret=0x0 in_struct=0x68 out_struct=0x58
RESOURCE_MAP class=AGXAcceleratorG16G va=0x10000018000 size=0x20000 handle=0 cpu_present=1 outcpu_present=0 allowlisted=0
CALL class=AGXAcceleratorG16G sel=9 ret=0x0 in_struct=0x68 out_struct=0x58
RESOURCE_MAP class=AGXAcceleratorG16G va=0x1000001b000 size=0x20000 handle=0 cpu_present=1 outcpu_present=0 allowlisted=0
CALL class=AGXAcceleratorG16G sel=9 ret=0x0 in_struct=0x68 out_struct=0x58
RESOURCE_MAP class=AGXAcceleratorG16G va=0x1000001e000 size=0x20000 handle=0 cpu_present=1 outcpu_present=0 allowlisted=0
CALL class=AGXAcceleratorG16G sel=9 ret=0x0 in_struct=0x68 out_struct=0x58
RESOURCE_MAP class=AGXAcceleratorG16G va=0x10000021000 size=0x20000 handle=0 cpu_present=1 outcpu_present=0 allowlisted=0
CALL class=AGXAcceleratorG16G sel=9 ret=0x0 in_struct=0x68 out_struct=0x58
RESOURCE_MAP class=AGXAcceleratorG16G va=0x10000024000 size=0x20000 handle=0 cpu_present=1 outcpu_present=0 allowlisted=0
CALL class=AGXAcceleratorG16G sel=9 ret=0x0 in_struct=0x68 out_struct=0x58
RESOURCE_MAP class=AGXAcceleratorG16G va=0x10000027000 size=0x20000 handle=0 cpu_present=1 outcpu_present=0 allowlisted=0
CALL class=AGXAcceleratorG16G sel=9 ret=0x0 in_struct=0x68 out_struct=0x58
RESOURCE_MAP class=AGXAcceleratorG16G va=0x1000002a000 size=0x20000 handle=0 cpu_present=1 outcpu_present=0 allowlisted=0
CALL class=AGXAcceleratorG16G sel=9 ret=0x0 in_struct=0x68 out_struct=0x58
RESOURCE_MAP class=AGXAcceleratorG16G va=0x10000040000 size=0x10000 handle=0 cpu_present=0 outcpu_present=1 allowlisted=0
CALL class=AGXAcceleratorG16G sel=9 ret=0x0 in_struct=0x68 out_struct=0x58
RESOURCE_MAP class=AGXAcceleratorG16G va=0x1000002d000 size=0x20000 handle=0 cpu_present=1 outcpu_present=0 allowlisted=0
CALL class=AGXAcceleratorG16G sel=9 ret=0x0 in_struct=0x68 out_struct=0x58
RESOURCE_MAP class=AGXAcceleratorG16G va=0x0 size=0x10000 handle=0 cpu_present=0 outcpu_present=1 allowlisted=0
CALL class=AGXAcceleratorG16G sel=9 ret=0x0 in_struct=0x68 out_struct=0x58
RESOURCE_MAP class=AGXAcceleratorG16G va=0x1000002d200 size=0x20000 handle=0 cpu_present=1 outcpu_present=0 allowlisted=0
CALL class=AGXAcceleratorG16G sel=9 ret=0x0 in_struct=0x68 out_struct=0x58
RESOURCE_MAP class=AGXAcceleratorG16G va=0x1000002d300 size=0x20000 handle=0 cpu_present=1 outcpu_present=0 allowlisted=0
CALL class=AGXAcceleratorG16G sel=9 ret=0x0 in_struct=0x68 out_struct=0x58
RESOURCE_MAP class=AGXAcceleratorG16G va=0x10000058000 size=0x4000 handle=0 cpu_present=0 outcpu_present=1 allowlisted=0
CALL class=AGXAcceleratorG16G sel=9 ret=0x0 in_struct=0x68 out_struct=0x58
RESOURCE_MAP class=AGXAcceleratorG16G va=0x1000002d400 size=0x20000 handle=0 cpu_present=1 outcpu_present=0 allowlisted=0
CALL class=AGXAcceleratorG16G sel=9 ret=0x0 in_struct=0x68 out_struct=0x58
RESOURCE_MAP class=AGXAcceleratorG16G va=0x1000002d600 size=0x20000 handle=0 cpu_present=1 outcpu_present=0 allowlisted=0
CALL class=AGXAcceleratorG16G sel=9 ret=0x0 in_struct=0x68 out_struct=0x58
RESOURCE_MAP class=AGXAcceleratorG16G va=0x1000002d800 size=0x20000 handle=0 cpu_present=1 outcpu_present=0 allowlisted=0
CALL class=AGXAcceleratorG16G sel=9 ret=0x0 in_struct=0x68 out_struct=0x58
RESOURCE_MAP class=AGXAcceleratorG16G va=0x1000002d900 size=0x20000 handle=0 cpu_present=1 outcpu_present=0 allowlisted=0
CALL class=AGXAcceleratorG16G sel=7 ret=0x0 in_struct=0x410 out_struct=0x10
CALL class=AGXAcceleratorG16G sel=16 ret=0x0 in_struct=0x0 out_struct=0x10
CALL class=AGXAcceleratorG16G sel=28 ret=0x0 in_struct=0x0 out_struct=0x0
CALL class=AGXAcceleratorG16G sel=9 ret=0x0 in_struct=0x68 out_struct=0x58
RESOURCE_MAP class=AGXAcceleratorG16G va=0x1000002da00 size=0x20000 handle=0 cpu_present=1 outcpu_present=0 allowlisted=0
CALL class=AGXAcceleratorG16G sel=9 ret=0x0 in_struct=0x68 out_struct=0x58
RESOURCE_MAP class=AGXAcceleratorG16G va=0x1000002db00 size=0x20000 handle=0 cpu_present=1 outcpu_present=0 allowlisted=0
CALL class=AGXAcceleratorG16G sel=9 ret=0x0 in_struct=0x68 out_struct=0x58
RESOURCE_MAP class=AGXAcceleratorG16G va=0x1000002dc00 size=0x20000 handle=0 cpu_present=1 outcpu_present=0 allowlisted=0
CALL class=AGXAcceleratorG16G sel=9 ret=0x0 in_struct=0x68 out_struct=0x58
RESOURCE_MAP class=AGXAcceleratorG16G va=0x1000002ec00 size=0x20000 handle=0 cpu_present=1 outcpu_present=0 allowlisted=0
CALL class=AGXAcceleratorG16G sel=9 ret=0x0 in_struct=0x68 out_struct=0x58
RESOURCE_MAP class=AGXAcceleratorG16G va=0x1000002ed00 size=0x20000 handle=0 cpu_present=1 outcpu_present=0 allowlisted=0
CALL class=AGXAcceleratorG16G sel=9 ret=0x0 in_struct=0x68 out_struct=0x58
RESOURCE_MAP class=AGXAcceleratorG16G va=0x1000002ee00 size=0x20000 handle=0 cpu_present=1 outcpu_present=0 allowlisted=0
CALL class=AGXAcceleratorG16G sel=9 ret=0x0 in_struct=0x68 out_struct=0x58
RESOURCE_MAP class=AGXAcceleratorG16G va=0x1000002ef00 size=0x20000 handle=0 cpu_present=1 outcpu_present=0 allowlisted=0
CALL class=AGXAcceleratorG16G sel=9 ret=0x0 in_struct=0x68 out_struct=0x58
RESOURCE_MAP class=AGXAcceleratorG16G va=0x1000002f700 size=0x20000 handle=0 cpu_present=1 outcpu_present=0 allowlisted=0
CALL class=AGXAcceleratorG16G sel=9 ret=0x0 in_struct=0x68 out_struct=0x58
RESOURCE_MAP class=AGXAcceleratorG16G va=0x1000002f800 size=0x20000 handle=0 cpu_present=1 outcpu_present=0 allowlisted=0
CALL class=AGXAcceleratorG16G sel=9 ret=0x0 in_struct=0x68 out_struct=0x58
RESOURCE_MAP class=AGXAcceleratorG16G va=0x10000060000 size=0x20000 handle=0 cpu_present=0 outcpu_present=1 allowlisted=0
CALL class=AGXAcceleratorG16G sel=9 ret=0x0 in_struct=0x68 out_struct=0x58
RESOURCE_MAP class=AGXAcceleratorG16G va=0x10000060000 size=0x20000 handle=0 cpu_present=1 outcpu_present=0 allowlisted=0
CALL class=AGXAcceleratorG16G sel=14 ret=0x0 in_struct=0x0 out_struct=0x10
CALL class=AGXAcceleratorG16G sel=14 ret=0x0 in_struct=0x0 out_struct=0x10
CALL class=AGXAcceleratorG16G sel=9 ret=0x0 in_struct=0x68 out_struct=0x58
RESOURCE_MAP class=AGXAcceleratorG16G va=0x10000088000 size=0x8000 handle=0 cpu_present=0 outcpu_present=1 allowlisted=0
CALL class=AGXAcceleratorG16G sel=9 ret=0x0 in_struct=0x68 out_struct=0x58
RESOURCE_MAP class=AGXAcceleratorG16G va=0x10000098000 size=0x8000 handle=0 cpu_present=0 outcpu_present=1 allowlisted=0
CALL class=AGXAcceleratorG16G sel=9 ret=0x0 in_struct=0x68 out_struct=0x58
RESOURCE_MAP class=AGXAcceleratorG16G va=0x100000a8000 size=0x8000 handle=0 cpu_present=0 outcpu_present=1 allowlisted=0
CALL class=AGXAcceleratorG16G sel=9 ret=0x0 in_struct=0x68 out_struct=0x58
RESOURCE_MAP class=AGXAcceleratorG16G va=0x100000b8000 size=0x8000 handle=0 cpu_present=0 outcpu_present=1 allowlisted=1
CALL class=AGXAcceleratorG16G sel=9 ret=0x0 in_struct=0x68 out_struct=0x58
RESOURCE_MAP class=AGXAcceleratorG16G va=0x100000c8000 size=0x8000 handle=0 cpu_present=0 outcpu_present=1 allowlisted=0
CALL class=AGXAcceleratorG16G sel=9 ret=0x0 in_struct=0x68 out_struct=0x58
RESOURCE_MAP class=AGXAcceleratorG16G va=0x100000d8000 size=0x8000 handle=0 cpu_present=0 outcpu_present=1 allowlisted=0
CALL class=AGXAcceleratorG16G sel=9 ret=0x0 in_struct=0x68 out_struct=0x58
RESOURCE_MAP class=AGXAcceleratorG16G va=0x100000e8000 size=0x9480 handle=0 cpu_present=0 outcpu_present=1 allowlisted=0
CALL class=AGXAcceleratorG16G sel=9 ret=0x0 in_struct=0x68 out_struct=0x58
RESOURCE_MAP class=AGXAcceleratorG16G va=0x100000f8000 size=0x8000 handle=0 cpu_present=0 outcpu_present=1 allowlisted=0
CALL class=AGXAcceleratorG16G sel=9 ret=0x0 in_struct=0x68 out_struct=0x58
RESOURCE_MAP class=AGXAcceleratorG16G va=0x10000108000 size=0x8000 handle=0 cpu_present=0 outcpu_present=1 allowlisted=0
CALL class=AGXAcceleratorG16G sel=9 ret=0x0 in_struct=0x68 out_struct=0x58
RESOURCE_MAP class=AGXAcceleratorG16G va=0x10000118000 size=0x8000 handle=0 cpu_present=0 outcpu_present=1 allowlisted=0
CALL class=AGXAcceleratorG16G sel=9 ret=0x0 in_struct=0x68 out_struct=0x58
RESOURCE_MAP class=AGXAcceleratorG16G va=0x10000128000 size=0x8000 handle=0 cpu_present=0 outcpu_present=1 allowlisted=0
CALL class=AGXAcceleratorG16G sel=9 ret=0x0 in_struct=0x68 out_struct=0x58
RESOURCE_MAP class=AGXAcceleratorG16G va=0x10000138000 size=0x8000 handle=0 cpu_present=0 outcpu_present=1 allowlisted=0
CALL class=AGXAcceleratorG16G sel=9 ret=0x0 in_struct=0x68 out_struct=0x58
RESOURCE_MAP class=AGXAcceleratorG16G va=0x10000148000 size=0x8000 handle=0 cpu_present=0 outcpu_present=1 allowlisted=0
CALL class=AGXAcceleratorG16G sel=9 ret=0x0 in_struct=0x68 out_struct=0x58
RESOURCE_MAP class=AGXAcceleratorG16G va=0x10000158000 size=0x8000 handle=0 cpu_present=0 outcpu_present=1 allowlisted=1
CALL class=AGXAcceleratorG16G sel=9 ret=0x0 in_struct=0x68 out_struct=0x58
RESOURCE_MAP class=AGXAcceleratorG16G va=0x10000168000 size=0x8000 handle=0 cpu_present=0 outcpu_present=1 allowlisted=0
CALL class=AGXAcceleratorG16G sel=9 ret=0x0 in_struct=0x68 out_struct=0x58
RESOURCE_MAP class=AGXAcceleratorG16G va=0x10000178000 size=0x8000 handle=0 cpu_present=0 outcpu_present=1 allowlisted=0
CALL class=AGXAcceleratorG16G sel=9 ret=0x0 in_struct=0x68 out_struct=0x58
RESOURCE_MAP class=AGXAcceleratorG16G va=0x10000188000 size=0x8000 handle=0 cpu_present=0 outcpu_present=1 allowlisted=0
CALL class=AGXAcceleratorG16G sel=9 ret=0x0 in_struct=0x68 out_struct=0x58
RESOURCE_MAP class=AGXAcceleratorG16G va=0x10000198000 size=0x8000 handle=0 cpu_present=0 outcpu_present=1 allowlisted=0
CALL class=AGXAcceleratorG16G sel=9 ret=0x0 in_struct=0x68 out_struct=0x58
RESOURCE_MAP class=AGXAcceleratorG16G va=0x100001a8000 size=0x8000 handle=0 cpu_present=0 outcpu_present=1 allowlisted=0
CALL class=AGXAcceleratorG16G sel=9 ret=0x0 in_struct=0x68 out_struct=0x58
RESOURCE_MAP class=AGXAcceleratorG16G va=0x100001b8000 size=0x9480 handle=0 cpu_present=0 outcpu_present=1 allowlisted=0
CALL class=AGXAcceleratorG16G sel=9 ret=0x0 in_struct=0x68 out_struct=0x58
RESOURCE_MAP class=AGXAcceleratorG16G va=0x100001c8000 size=0x8000 handle=0 cpu_present=0 outcpu_present=1 allowlisted=0
CALL class=AGXAcceleratorG16G sel=9 ret=0x0 in_struct=0x68 out_struct=0x58
RESOURCE_MAP class=AGXAcceleratorG16G va=0x100001d8000 size=0x8000 handle=0 cpu_present=0 outcpu_present=1 allowlisted=0
CALL class=AGXAcceleratorG16G sel=9 ret=0x0 in_struct=0x68 out_struct=0x58
RESOURCE_MAP class=AGXAcceleratorG16G va=0x100001e8000 size=0x8000 handle=0 cpu_present=0 outcpu_present=1 allowlisted=0
CALL class=AGXAcceleratorG16G sel=9 ret=0x0 in_struct=0x68 out_struct=0x58
RESOURCE_MAP class=AGXAcceleratorG16G va=0x100001f8000 size=0x8000 handle=0 cpu_present=0 outcpu_present=1 allowlisted=0
CALL class=AGXAcceleratorG16G sel=9 ret=0x0 in_struct=0x68 out_struct=0x58
RESOURCE_MAP class=AGXAcceleratorG16G va=0x10000208000 size=0x8000 handle=0 cpu_present=0 outcpu_present=1 allowlisted=0
CALL class=AGXAcceleratorG16G sel=9 ret=0x0 in_struct=0x68 out_struct=0x58
RESOURCE_MAP class=AGXAcceleratorG16G va=0x10000218000 size=0x8000 handle=0 cpu_present=0 outcpu_present=1 allowlisted=0
CALL class=AGXAcceleratorG16G sel=9 ret=0x0 in_struct=0x68 out_struct=0x58
RESOURCE_MAP class=AGXAcceleratorG16G va=0x10000228000 size=0x8000 handle=0 cpu_present=0 outcpu_present=1 allowlisted=0
CALL class=AGXAcceleratorG16G sel=9 ret=0x0 in_struct=0x68 out_struct=0x58
RESOURCE_MAP class=AGXAcceleratorG16G va=0x10000238000 size=0x8000 handle=0 cpu_present=0 outcpu_present=1 allowlisted=0
ALLOWLIST_DUMP va=0x100000b8000 alloc=0x8000 cap=0x8000 got=0x8000 role=cdm-segment-0 kr=0x0
ALLOWLIST_DUMP va=0x10000158000 alloc=0x8000 cap=0x8000 got=0x8000 role=cdm-segment-1 kr=0x0
CALL class=AGXAcceleratorG16G sel=17 ret=0x0 in_struct=0x0 out_struct=0x0
CALL class=AGXAcceleratorG16G sel=8 ret=0x0 in_struct=0x0 out_struct=0x0
