G17P_PARTIAL_START pid=43734 device=Apple M4 width=128 height=128 triangles=15000 vertices=45000 varying_bytes=16 submissions=48 command_queues=1 enqueue_all=0 mode=accumulate
G17P_PARTIAL_LIBRARY_BEGIN path=/Users/user/asahi_re/public/agx-re/experiments/EXP-0118-a18-pro-partial-render-workload/build/g17ppartial.metallib
G17P_PARTIAL_LIBRARY_READY
G17P_PARTIAL_PIPELINE_BEGIN
G17P_PARTIAL_PIPELINE_READY
G17P_PARTIAL_READY submission=1/48 queue=1/1 input=0x10000018200 input_size=0x10 output0=0x10000058000 output_size=0x10000
G17P_PARTIAL_ACCUM submission=1 index=0 max=0.999792695
G17P_PARTIAL_TARGET submission=1 index=0 exact_pixels=0/16384 changed_bytes=8 first=00000000
G17P_PARTIAL_ACCUM submission=1 index=1 max=1.99958539
G17P_PARTIAL_TARGET submission=1 index=1 exact_pixels=0/16384 changed_bytes=8 first=00000000
G17P_PARTIAL_ACCUM submission=1 index=2 max=3.00027299
G17P_PARTIAL_TARGET submission=1 index=2 exact_pixels=0/16384 changed_bytes=8 first=00000000
G17P_PARTIAL_ACCUM submission=1 index=3 max=3.99917078
G17P_PARTIAL_TARGET submission=1 index=3 exact_pixels=0/16384 changed_bytes=8 first=00000000
G17P_PARTIAL_ACCUM submission=1 index=4 max=4.99968004
G17P_PARTIAL_TARGET submission=1 index=4 exact_pixels=0/16384 changed_bytes=8 first=00000000
G17P_PARTIAL_ACCUM submission=1 index=5 max=6.00054598
G17P_PARTIAL_TARGET submission=1 index=5 exact_pixels=0/16384 changed_bytes=8 first=00000000
G17P_PARTIAL_ACCUM submission=1 index=6 max=7.00071907
G17P_PARTIAL_TARGET submission=1 index=6 exact_pixels=0/16384 changed_bytes=8 first=00000000
G17P_PARTIAL_ACCUM submission=1 index=7 max=7.99834156
G17P_PARTIAL_TARGET submission=1 index=7 exact_pixels=0/16384 changed_bytes=8 first=00000000
G17P_PARTIAL_SUBMISSION_DONE submission=1/48 status=4 error=none exact=1
G17P_PARTIAL_READY submission=2/48 queue=1/1 input=0x10000018200 input_size=0x10 output0=0x10000058000 output_size=0x10000
G17P_PARTIAL_ACCUM submission=2 index=0 max=0.999792695
G17P_PARTIAL_TARGET submission=2 index=0 exact_pixels=0/16384 changed_bytes=8 first=00000000
G17P_PARTIAL_ACCUM submission=2 index=1 max=1.99958539
G17P_PARTIAL_TARGET submission=2 index=1 exact_pixels=0/16384 changed_bytes=8 first=00000000
G17P_PARTIAL_ACCUM submission=2 index=2 max=3.00027299
G17P_PARTIAL_TARGET submission=2 index=2 exact_pixels=0/16384 changed_bytes=8 first=00000000
G17P_PARTIAL_ACCUM submission=2 index=3 max=3.99917078
G17P_PARTIAL_TARGET submission=2 index=3 exact_pixels=0/16384 changed_bytes=8 first=00000000
G17P_PARTIAL_ACCUM submission=2 index=4 max=4.99968004
G17P_PARTIAL_TARGET submission=2 index=4 exact_pixels=0/16384 changed_bytes=8 first=00000000
G17P_PARTIAL_ACCUM submission=2 index=5 max=6.00054598
G17P_PARTIAL_TARGET submission=2 index=5 exact_pixels=0/16384 changed_bytes=8 first=00000000
G17P_PARTIAL_ACCUM submission=2 index=6 max=7.00071907
G17P_PARTIAL_TARGET submission=2 index=6 exact_pixels=0/16384 changed_bytes=8 first=00000000
G17P_PARTIAL_ACCUM submission=2 index=7 max=7.99834156
G17P_PARTIAL_TARGET submission=2 index=7 exact_pixels=0/16384 changed_bytes=8 first=00000000
G17P_PARTIAL_SUBMISSION_DONE submission=2/48 status=4 error=none exact=1
G17P_PARTIAL_READY submission=3/48 queue=1/1 input=0x10000018200 input_size=0x10 output0=0x10000058000 output_size=0x10000
G17P_PARTIAL_ACCUM submission=3 index=0 max=0.999792695
G17P_PARTIAL_TARGET submission=3 index=0 exact_pixels=0/16384 changed_bytes=8 first=00000000
G17P_PARTIAL_ACCUM submission=3 index=1 max=1.99958539
G17P_PARTIAL_TARGET submission=3 index=1 exact_pixels=0/16384 changed_bytes=8 first=00000000
G17P_PARTIAL_ACCUM submission=3 index=2 max=3.00027299
G17P_PARTIAL_TARGET submission=3 index=2 exact_pixels=0/16384 changed_bytes=8 first=00000000
G17P_PARTIAL_ACCUM submission=3 index=3 max=3.99917078
G17P_PARTIAL_TARGET submission=3 index=3 exact_pixels=0/16384 changed_bytes=8 first=00000000
G17P_PARTIAL_ACCUM submission=3 index=4 max=4.99968004
G17P_PARTIAL_TARGET submission=3 index=4 exact_pixels=0/16384 changed_bytes=8 first=00000000
G17P_PARTIAL_ACCUM submission=3 index=5 max=6.00054598
G17P_PARTIAL_TARGET submission=3 index=5 exact_pixels=0/16384 changed_bytes=8 first=00000000
G17P_PARTIAL_ACCUM submission=3 index=6 max=7.00071907
G17P_PARTIAL_TARGET submission=3 index=6 exact_pixels=0/16384 changed_bytes=8 first=00000000
G17P_PARTIAL_ACCUM submission=3 index=7 max=7.99834156
G17P_PARTIAL_TARGET submission=3 index=7 exact_pixels=0/16384 changed_bytes=8 first=00000000
G17P_PARTIAL_SUBMISSION_DONE submission=3/48 status=4 error=none exact=1
G17P_PARTIAL_READY submission=4/48 queue=1/1 input=0x10000018200 input_size=0x10 output0=0x10000058000 output_size=0x10000
G17P_PARTIAL_ACCUM submission=4 index=0 max=0.999792695
G17P_PARTIAL_TARGET submission=4 index=0 exact_pixels=0/16384 changed_bytes=8 first=00000000
G17P_PARTIAL_ACCUM submission=4 index=1 max=1.99958539
G17P_PARTIAL_TARGET submission=4 index=1 exact_pixels=0/16384 changed_bytes=8 first=00000000
G17P_PARTIAL_ACCUM submission=4 index=2 max=3.00027299
G17P_PARTIAL_TARGET submission=4 index=2 exact_pixels=0/16384 changed_bytes=8 first=00000000
G17P_PARTIAL_ACCUM submission=4 index=3 max=3.99917078
G17P_PARTIAL_TARGET submission=4 index=3 exact_pixels=0/16384 changed_bytes=8 first=00000000
G17P_PARTIAL_ACCUM submission=4 index=4 max=4.99968004
G17P_PARTIAL_TARGET submission=4 index=4 exact_pixels=0/16384 changed_bytes=8 first=00000000
G17P_PARTIAL_ACCUM submission=4 index=5 max=6.00054598
G17P_PARTIAL_TARGET submission=4 index=5 exact_pixels=0/16384 changed_bytes=8 first=00000000
G17P_PARTIAL_ACCUM submission=4 index=6 max=7.00071907
G17P_PARTIAL_TARGET submission=4 index=6 exact_pixels=0/16384 changed_bytes=8 first=00000000
G17P_PARTIAL_ACCUM submission=4 index=7 max=7.99834156
G17P_PARTIAL_TARGET submission=4 index=7 exact_pixels=0/16384 changed_bytes=8 first=00000000
G17P_PARTIAL_SUBMISSION_DONE submission=4/48 status=4 error=none exact=1
G17P_PARTIAL_READY submission=5/48 queue=1/1 input=0x10000018200 input_size=0x10 output0=0x10000058000 output_size=0x10000
G17P_PARTIAL_ACCUM submission=5 index=0 max=0.999792695
G17P_PARTIAL_TARGET submission=5 index=0 exact_pixels=0/16384 changed_bytes=8 first=00000000
G17P_PARTIAL_ACCUM submission=5 index=1 max=1.99958539
G17P_PARTIAL_TARGET submission=5 index=1 exact_pixels=0/16384 changed_bytes=8 first=00000000
G17P_PARTIAL_ACCUM submission=5 index=2 max=3.00027299
G17P_PARTIAL_TARGET submission=5 index=2 exact_pixels=0/16384 changed_bytes=8 first=00000000
G17P_PARTIAL_ACCUM submission=5 index=3 max=3.99917078
G17P_PARTIAL_TARGET submission=5 index=3 exact_pixels=0/16384 changed_bytes=8 first=00000000
G17P_PARTIAL_ACCUM submission=5 index=4 max=4.99968004
G17P_PARTIAL_TARGET submission=5 index=4 exact_pixels=0/16384 changed_bytes=8 first=00000000
G17P_PARTIAL_ACCUM submission=5 index=5 max=6.00054598
G17P_PARTIAL_TARGET submission=5 index=5 exact_pixels=0/16384 changed_bytes=8 first=00000000
G17P_PARTIAL_ACCUM submission=5 index=6 max=7.00071907
G17P_PARTIAL_TARGET submission=5 index=6 exact_pixels=0/16384 changed_bytes=8 first=00000000
G17P_PARTIAL_ACCUM submission=5 index=7 max=7.99834156
G17P_PARTIAL_TARGET submission=5 index=7 exact_pixels=0/16384 changed_bytes=8 first=00000000
G17P_PARTIAL_SUBMISSION_DONE submission=5/48 status=4 error=none exact=1
G17P_PARTIAL_READY submission=6/48 queue=1/1 input=0x10000018200 input_size=0x10 output0=0x10000058000 output_size=0x10000
G17P_PARTIAL_ACCUM submission=6 index=0 max=0.999792695
G17P_PARTIAL_TARGET submission=6 index=0 exact_pixels=0/16384 changed_bytes=8 first=00000000
G17P_PARTIAL_ACCUM submission=6 index=1 max=1.99958539
G17P_PARTIAL_TARGET submission=6 index=1 exact_pixels=0/16384 changed_bytes=8 first=00000000
G17P_PARTIAL_ACCUM submission=6 index=2 max=3.00027299
G17P_PARTIAL_TARGET submission=6 index=2 exact_pixels=0/16384 changed_bytes=8 first=00000000
G17P_PARTIAL_ACCUM submission=6 index=3 max=3.99917078
G17P_PARTIAL_TARGET submission=6 index=3 exact_pixels=0/16384 changed_bytes=8 first=00000000
G17P_PARTIAL_ACCUM submission=6 index=4 max=4.99968004
G17P_PARTIAL_TARGET submission=6 index=4 exact_pixels=0/16384 changed_bytes=8 first=00000000
G17P_PARTIAL_ACCUM submission=6 index=5 max=6.00054598
G17P_PARTIAL_TARGET submission=6 index=5 exact_pixels=0/16384 changed_bytes=8 first=00000000
G17P_PARTIAL_ACCUM submission=6 index=6 max=7.00071907
G17P_PARTIAL_TARGET submission=6 index=6 exact_pixels=0/16384 changed_bytes=8 first=00000000
G17P_PARTIAL_ACCUM submission=6 index=7 max=7.99834156
G17P_PARTIAL_TARGET submission=6 index=7 exact_pixels=0/16384 changed_bytes=8 first=00000000
G17P_PARTIAL_SUBMISSION_DONE submission=6/48 status=4 error=none exact=1
G17P_PARTIAL_READY submission=7/48 queue=1/1 input=0x10000018200 input_size=0x10 output0=0x10000058000 output_size=0x10000
G17P_PARTIAL_ACCUM submission=7 index=0 max=0.999792695
G17P_PARTIAL_TARGET submission=7 index=0 exact_pixels=0/16384 changed_bytes=8 first=00000000
G17P_PARTIAL_ACCUM submission=7 index=1 max=1.99958539
G17P_PARTIAL_TARGET submission=7 index=1 exact_pixels=0/16384 changed_bytes=8 first=00000000
G17P_PARTIAL_ACCUM submission=7 index=2 max=3.00027299
G17P_PARTIAL_TARGET submission=7 index=2 exact_pixels=0/16384 changed_bytes=8 first=00000000
G17P_PARTIAL_ACCUM submission=7 index=3 max=3.99917078
G17P_PARTIAL_TARGET submission=7 index=3 exact_pixels=0/16384 changed_bytes=8 first=00000000
G17P_PARTIAL_ACCUM submission=7 index=4 max=4.99968004
G17P_PARTIAL_TARGET submission=7 index=4 exact_pixels=0/16384 changed_bytes=8 first=00000000
G17P_PARTIAL_ACCUM submission=7 index=5 max=6.00054598
G17P_PARTIAL_TARGET submission=7 index=5 exact_pixels=0/16384 changed_bytes=8 first=00000000
G17P_PARTIAL_ACCUM submission=7 index=6 max=7.00071907
G17P_PARTIAL_TARGET submission=7 index=6 exact_pixels=0/16384 changed_bytes=8 first=00000000
G17P_PARTIAL_ACCUM submission=7 index=7 max=7.99834156
G17P_PARTIAL_TARGET submission=7 index=7 exact_pixels=0/16384 changed_bytes=8 first=00000000
G17P_PARTIAL_SUBMISSION_DONE submission=7/48 status=4 error=none exact=1
G17P_PARTIAL_READY submission=8/48 queue=1/1 input=0x10000018200 input_size=0x10 output0=0x10000058000 output_size=0x10000
G17P_PARTIAL_ACCUM submission=8 index=0 max=0.999792695
G17P_PARTIAL_TARGET submission=8 index=0 exact_pixels=0/16384 changed_bytes=8 first=00000000
G17P_PARTIAL_ACCUM submission=8 index=1 max=1.99958539
G17P_PARTIAL_TARGET submission=8 index=1 exact_pixels=0/16384 changed_bytes=8 first=00000000
G17P_PARTIAL_ACCUM submission=8 index=2 max=3.00027299
G17P_PARTIAL_TARGET submission=8 index=2 exact_pixels=0/16384 changed_bytes=8 first=00000000
G17P_PARTIAL_ACCUM submission=8 index=3 max=3.99917078
G17P_PARTIAL_TARGET submission=8 index=3 exact_pixels=0/16384 changed_bytes=8 first=00000000
G17P_PARTIAL_ACCUM submission=8 index=4 max=4.99968004
G17P_PARTIAL_TARGET submission=8 index=4 exact_pixels=0/16384 changed_bytes=8 first=00000000
G17P_PARTIAL_ACCUM submission=8 index=5 max=6.00054598
G17P_PARTIAL_TARGET submission=8 index=5 exact_pixels=0/16384 changed_bytes=8 first=00000000
G17P_PARTIAL_ACCUM submission=8 index=6 max=7.00071907
G17P_PARTIAL_TARGET submission=8 index=6 exact_pixels=0/16384 changed_bytes=8 first=00000000
G17P_PARTIAL_ACCUM submission=8 index=7 max=7.99834156
G17P_PARTIAL_TARGET submission=8 index=7 exact_pixels=0/16384 changed_bytes=8 first=00000000
G17P_PARTIAL_SUBMISSION_DONE submission=8/48 status=4 error=none exact=1
G17P_PARTIAL_READY submission=9/48 queue=1/1 input=0x10000018200 input_size=0x10 output0=0x10000058000 output_size=0x10000
G17P_PARTIAL_ACCUM submission=9 index=0 max=0.999792695
G17P_PARTIAL_TARGET submission=9 index=0 exact_pixels=0/16384 changed_bytes=8 first=00000000
G17P_PARTIAL_ACCUM submission=9 index=1 max=1.99958539
G17P_PARTIAL_TARGET submission=9 index=1 exact_pixels=0/16384 changed_bytes=8 first=00000000
G17P_PARTIAL_ACCUM submission=9 index=2 max=3.00027299
G17P_PARTIAL_TARGET submission=9 index=2 exact_pixels=0/16384 changed_bytes=8 first=00000000
G17P_PARTIAL_ACCUM submission=9 index=3 max=3.99917078
G17P_PARTIAL_TARGET submission=9 index=3 exact_pixels=0/16384 changed_bytes=8 first=00000000
G17P_PARTIAL_ACCUM submission=9 index=4 max=4.99968004
G17P_PARTIAL_TARGET submission=9 index=4 exact_pixels=0/16384 changed_bytes=8 first=00000000
G17P_PARTIAL_ACCUM submission=9 index=5 max=6.00054598
G17P_PARTIAL_TARGET submission=9 index=5 exact_pixels=0/16384 changed_bytes=8 first=00000000
G17P_PARTIAL_ACCUM submission=9 index=6 max=7.00071907
G17P_PARTIAL_TARGET submission=9 index=6 exact_pixels=0/16384 changed_bytes=8 first=00000000
G17P_PARTIAL_ACCUM submission=9 index=7 max=7.99834156
G17P_PARTIAL_TARGET submission=9 index=7 exact_pixels=0/16384 changed_bytes=8 first=00000000
G17P_PARTIAL_SUBMISSION_DONE submission=9/48 status=4 error=none exact=1
G17P_PARTIAL_READY submission=10/48 queue=1/1 input=0x10000018200 input_size=0x10 output0=0x10000058000 output_size=0x10000
G17P_PARTIAL_ACCUM submission=10 index=0 max=0.999792695
G17P_PARTIAL_TARGET submission=10 index=0 exact_pixels=0/16384 changed_bytes=8 first=00000000
G17P_PARTIAL_ACCUM submission=10 index=1 max=1.99958539
G17P_PARTIAL_TARGET submission=10 index=1 exact_pixels=0/16384 changed_bytes=8 first=00000000
G17P_PARTIAL_ACCUM submission=10 index=2 max=3.00027299
G17P_PARTIAL_TARGET submission=10 index=2 exact_pixels=0/16384 changed_bytes=8 first=00000000
G17P_PARTIAL_ACCUM submission=10 index=3 max=3.99917078
G17P_PARTIAL_TARGET submission=10 index=3 exact_pixels=0/16384 changed_bytes=8 first=00000000
G17P_PARTIAL_ACCUM submission=10 index=4 max=4.99968004
G17P_PARTIAL_TARGET submission=10 index=4 exact_pixels=0/16384 changed_bytes=8 first=00000000
G17P_PARTIAL_ACCUM submission=10 index=5 max=6.00054598
G17P_PARTIAL_TARGET submission=10 index=5 exact_pixels=0/16384 changed_bytes=8 first=00000000
G17P_PARTIAL_ACCUM submission=10 index=6 max=7.00071907
G17P_PARTIAL_TARGET submission=10 index=6 exact_pixels=0/16384 changed_bytes=8 first=00000000
G17P_PARTIAL_ACCUM submission=10 index=7 max=7.99834156
G17P_PARTIAL_TARGET submission=10 index=7 exact_pixels=0/16384 changed_bytes=8 first=00000000
G17P_PARTIAL_SUBMISSION_DONE submission=10/48 status=4 error=none exact=1
G17P_PARTIAL_READY submission=11/48 queue=1/1 input=0x10000018200 input_size=0x10 output0=0x10000058000 output_size=0x10000
G17P_PARTIAL_ACCUM submission=11 index=0 max=0.999792695
G17P_PARTIAL_TARGET submission=11 index=0 exact_pixels=0/16384 changed_bytes=8 first=00000000
G17P_PARTIAL_ACCUM submission=11 index=1 max=1.99958539
G17P_PARTIAL_TARGET submission=11 index=1 exact_pixels=0/16384 changed_bytes=8 first=00000000
G17P_PARTIAL_ACCUM submission=11 index=2 max=3.00027299
G17P_PARTIAL_TARGET submission=11 index=2 exact_pixels=0/16384 changed_bytes=8 first=00000000
G17P_PARTIAL_ACCUM submission=11 index=3 max=3.99917078
G17P_PARTIAL_TARGET submission=11 index=3 exact_pixels=0/16384 changed_bytes=8 first=00000000
G17P_PARTIAL_ACCUM submission=11 index=4 max=4.99968004
G17P_PARTIAL_TARGET submission=11 index=4 exact_pixels=0/16384 changed_bytes=8 first=00000000
G17P_PARTIAL_ACCUM submission=11 index=5 max=6.00054598
G17P_PARTIAL_TARGET submission=11 index=5 exact_pixels=0/16384 changed_bytes=8 first=00000000
G17P_PARTIAL_ACCUM submission=11 index=6 max=7.00071907
G17P_PARTIAL_TARGET submission=11 index=6 exact_pixels=0/16384 changed_bytes=8 first=00000000
G17P_PARTIAL_ACCUM submission=11 index=7 max=7.99834156
G17P_PARTIAL_TARGET submission=11 index=7 exact_pixels=0/16384 changed_bytes=8 first=00000000
G17P_PARTIAL_SUBMISSION_DONE submission=11/48 status=4 error=none exact=1
G17P_PARTIAL_READY submission=12/48 queue=1/1 input=0x10000018200 input_size=0x10 output0=0x10000058000 output_size=0x10000
G17P_PARTIAL_ACCUM submission=12 index=0 max=0.999792695
G17P_PARTIAL_TARGET submission=12 index=0 exact_pixels=0/16384 changed_bytes=8 first=00000000
G17P_PARTIAL_ACCUM submission=12 index=1 max=1.99958539
G17P_PARTIAL_TARGET submission=12 index=1 exact_pixels=0/16384 changed_bytes=8 first=00000000
G17P_PARTIAL_ACCUM submission=12 index=2 max=3.00027299
G17P_PARTIAL_TARGET submission=12 index=2 exact_pixels=0/16384 changed_bytes=8 first=00000000
G17P_PARTIAL_ACCUM submission=12 index=3 max=3.99917078
G17P_PARTIAL_TARGET submission=12 index=3 exact_pixels=0/16384 changed_bytes=8 first=00000000
G17P_PARTIAL_ACCUM submission=12 index=4 max=4.99968004
G17P_PARTIAL_TARGET submission=12 index=4 exact_pixels=0/16384 changed_bytes=8 first=00000000
G17P_PARTIAL_ACCUM submission=12 index=5 max=6.00054598
G17P_PARTIAL_TARGET submission=12 index=5 exact_pixels=0/16384 changed_bytes=8 first=00000000
G17P_PARTIAL_ACCUM submission=12 index=6 max=7.00071907
G17P_PARTIAL_TARGET submission=12 index=6 exact_pixels=0/16384 changed_bytes=8 first=00000000
G17P_PARTIAL_ACCUM submission=12 index=7 max=7.99834156
G17P_PARTIAL_TARGET submission=12 index=7 exact_pixels=0/16384 changed_bytes=8 first=00000000
G17P_PARTIAL_SUBMISSION_DONE submission=12/48 status=4 error=none exact=1
G17P_PARTIAL_READY submission=13/48 queue=1/1 input=0x10000018200 input_size=0x10 output0=0x10000058000 output_size=0x10000
G17P_PARTIAL_ACCUM submission=13 index=0 max=0.999792695
G17P_PARTIAL_TARGET submission=13 index=0 exact_pixels=0/16384 changed_bytes=8 first=00000000
G17P_PARTIAL_ACCUM submission=13 index=1 max=1.99958539
G17P_PARTIAL_TARGET submission=13 index=1 exact_pixels=0/16384 changed_bytes=8 first=00000000
G17P_PARTIAL_ACCUM submission=13 index=2 max=3.00027299
G17P_PARTIAL_TARGET submission=13 index=2 exact_pixels=0/16384 changed_bytes=8 first=00000000
G17P_PARTIAL_ACCUM submission=13 index=3 max=3.99917078
G17P_PARTIAL_TARGET submission=13 index=3 exact_pixels=0/16384 changed_bytes=8 first=00000000
G17P_PARTIAL_ACCUM submission=13 index=4 max=4.99968004
G17P_PARTIAL_TARGET submission=13 index=4 exact_pixels=0/16384 changed_bytes=8 first=00000000
G17P_PARTIAL_ACCUM submission=13 index=5 max=6.00054598
G17P_PARTIAL_TARGET submission=13 index=5 exact_pixels=0/16384 changed_bytes=8 first=00000000
G17P_PARTIAL_ACCUM submission=13 index=6 max=7.00071907
G17P_PARTIAL_TARGET submission=13 index=6 exact_pixels=0/16384 changed_bytes=8 first=00000000
G17P_PARTIAL_ACCUM submission=13 index=7 max=7.99834156
G17P_PARTIAL_TARGET submission=13 index=7 exact_pixels=0/16384 changed_bytes=8 first=00000000
G17P_PARTIAL_SUBMISSION_DONE submission=13/48 status=4 error=none exact=1
G17P_PARTIAL_READY submission=14/48 queue=1/1 input=0x10000018200 input_size=0x10 output0=0x10000058000 output_size=0x10000
G17P_PARTIAL_ACCUM submission=14 index=0 max=0.999792695
G17P_PARTIAL_TARGET submission=14 index=0 exact_pixels=0/16384 changed_bytes=8 first=00000000
G17P_PARTIAL_ACCUM submission=14 index=1 max=1.99958539
G17P_PARTIAL_TARGET submission=14 index=1 exact_pixels=0/16384 changed_bytes=8 first=00000000
G17P_PARTIAL_ACCUM submission=14 index=2 max=3.00027299
G17P_PARTIAL_TARGET submission=14 index=2 exact_pixels=0/16384 changed_bytes=8 first=00000000
G17P_PARTIAL_ACCUM submission=14 index=3 max=3.99917078
G17P_PARTIAL_TARGET submission=14 index=3 exact_pixels=0/16384 changed_bytes=8 first=00000000
G17P_PARTIAL_ACCUM submission=14 index=4 max=4.99968004
G17P_PARTIAL_TARGET submission=14 index=4 exact_pixels=0/16384 changed_bytes=8 first=00000000
G17P_PARTIAL_ACCUM submission=14 index=5 max=6.00054598
G17P_PARTIAL_TARGET submission=14 index=5 exact_pixels=0/16384 changed_bytes=8 first=00000000
G17P_PARTIAL_ACCUM submission=14 index=6 max=7.00071907
G17P_PARTIAL_TARGET submission=14 index=6 exact_pixels=0/16384 changed_bytes=8 first=00000000
G17P_PARTIAL_ACCUM submission=14 index=7 max=7.99834156
G17P_PARTIAL_TARGET submission=14 index=7 exact_pixels=0/16384 changed_bytes=8 first=00000000
G17P_PARTIAL_SUBMISSION_DONE submission=14/48 status=4 error=none exact=1
G17P_PARTIAL_READY submission=15/48 queue=1/1 input=0x10000018200 input_size=0x10 output0=0x10000058000 output_size=0x10000
G17P_PARTIAL_ACCUM submission=15 index=0 max=0.999792695
G17P_PARTIAL_TARGET submission=15 index=0 exact_pixels=0/16384 changed_bytes=8 first=00000000
G17P_PARTIAL_ACCUM submission=15 index=1 max=1.99958539
G17P_PARTIAL_TARGET submission=15 index=1 exact_pixels=0/16384 changed_bytes=8 first=00000000
G17P_PARTIAL_ACCUM submission=15 index=2 max=3.00027299
G17P_PARTIAL_TARGET submission=15 index=2 exact_pixels=0/16384 changed_bytes=8 first=00000000
G17P_PARTIAL_ACCUM submission=15 index=3 max=3.99917078
G17P_PARTIAL_TARGET submission=15 index=3 exact_pixels=0/16384 changed_bytes=8 first=00000000
G17P_PARTIAL_ACCUM submission=15 index=4 max=4.99968004
G17P_PARTIAL_TARGET submission=15 index=4 exact_pixels=0/16384 changed_bytes=8 first=00000000
G17P_PARTIAL_ACCUM submission=15 index=5 max=6.00054598
G17P_PARTIAL_TARGET submission=15 index=5 exact_pixels=0/16384 changed_bytes=8 first=00000000
G17P_PARTIAL_ACCUM submission=15 index=6 max=7.00071907
G17P_PARTIAL_TARGET submission=15 index=6 exact_pixels=0/16384 changed_bytes=8 first=00000000
G17P_PARTIAL_ACCUM submission=15 index=7 max=7.99834156
G17P_PARTIAL_TARGET submission=15 index=7 exact_pixels=0/16384 changed_bytes=8 first=00000000
G17P_PARTIAL_SUBMISSION_DONE submission=15/48 status=4 error=none exact=1
G17P_PARTIAL_READY submission=16/48 queue=1/1 input=0x10000018200 input_size=0x10 output0=0x10000058000 output_size=0x10000
G17P_PARTIAL_ACCUM submission=16 index=0 max=0.999792695
G17P_PARTIAL_TARGET submission=16 index=0 exact_pixels=0/16384 changed_bytes=8 first=00000000
G17P_PARTIAL_ACCUM submission=16 index=1 max=1.99958539
G17P_PARTIAL_TARGET submission=16 index=1 exact_pixels=0/16384 changed_bytes=8 first=00000000
G17P_PARTIAL_ACCUM submission=16 index=2 max=3.00027299
G17P_PARTIAL_TARGET submission=16 index=2 exact_pixels=0/16384 changed_bytes=8 first=00000000
G17P_PARTIAL_ACCUM submission=16 index=3 max=3.99917078
G17P_PARTIAL_TARGET submission=16 index=3 exact_pixels=0/16384 changed_bytes=8 first=00000000
G17P_PARTIAL_ACCUM submission=16 index=4 max=4.99968004
G17P_PARTIAL_TARGET submission=16 index=4 exact_pixels=0/16384 changed_bytes=8 first=00000000
G17P_PARTIAL_ACCUM submission=16 index=5 max=6.00054598
G17P_PARTIAL_TARGET submission=16 index=5 exact_pixels=0/16384 changed_bytes=8 first=00000000
G17P_PARTIAL_ACCUM submission=16 index=6 max=7.00071907
G17P_PARTIAL_TARGET submission=16 index=6 exact_pixels=0/16384 changed_bytes=8 first=00000000
G17P_PARTIAL_ACCUM submission=16 index=7 max=7.99834156
G17P_PARTIAL_TARGET submission=16 index=7 exact_pixels=0/16384 changed_bytes=8 first=00000000
G17P_PARTIAL_SUBMISSION_DONE submission=16/48 status=4 error=none exact=1
G17P_PARTIAL_READY submission=17/48 queue=1/1 input=0x10000018200 input_size=0x10 output0=0x10000058000 output_size=0x10000
G17P_PARTIAL_ACCUM submission=17 index=0 max=0
G17P_PARTIAL_TARGET submission=17 index=0 exact_pixels=0/16384 changed_bytes=0 first=00000000
G17P_PARTIAL_ACCUM submission=17 index=1 max=0
G17P_PARTIAL_TARGET submission=17 index=1 exact_pixels=0/16384 changed_bytes=0 first=00000000
G17P_PARTIAL_ACCUM submission=17 index=2 max=0
G17P_PARTIAL_TARGET submission=17 index=2 exact_pixels=0/16384 changed_bytes=0 first=00000000
G17P_PARTIAL_ACCUM submission=17 index=3 max=0
G17P_PARTIAL_TARGET submission=17 index=3 exact_pixels=0/16384 changed_bytes=0 first=00000000
G17P_PARTIAL_ACCUM submission=17 index=4 max=0
G17P_PARTIAL_TARGET submission=17 index=4 exact_pixels=0/16384 changed_bytes=0 first=00000000
G17P_PARTIAL_ACCUM submission=17 index=5 max=0
G17P_PARTIAL_TARGET submission=17 index=5 exact_pixels=0/16384 changed_bytes=0 first=00000000
G17P_PARTIAL_ACCUM submission=17 index=6 max=0
G17P_PARTIAL_TARGET submission=17 index=6 exact_pixels=0/16384 changed_bytes=0 first=00000000
G17P_PARTIAL_ACCUM submission=17 index=7 max=0
G17P_PARTIAL_TARGET submission=17 index=7 exact_pixels=0/16384 changed_bytes=0 first=00000000
G17P_PARTIAL_SUBMISSION_DONE submission=17/48 status=5 error=Discarded (victim of GPU error/recovery) (00000005:kIOGPUCommandBufferCallbackErrorInnocentVictim) exact=0
G17P_PARTIAL_DONE status=5 error=Discarded (victim of GPU error/recovery) (00000005:kIOGPUCommandBufferCallbackErrorInnocentVictim) exact=0 submissions=17/48
