# sweep rel=0x3 abs=0x23 baseALU=09011c0500c0
0x00  OK  a        [1 2 4 8]  raw=0000803f000000400000804000000041
0x01  OK  a+a      [2 4 8 16]  raw=00000040000080400000004100008041
0x02  OK  OTHER    [1 0 0 0]  raw=0000803f000000000000000000000000
0x03  OK  OTHER    [1 0 0 0]  raw=0000803f000000000000000000000000
0x04  OK  a        [1 2 4 8]  raw=0000803f000000400000804000000041
0x05  OK  a+b      [17 34 68 136]  raw=00008841000008420000884200000843
0x06  OK  a        [1 2 4 8]  raw=0000803f000000400000804000000041
0x07  OK  a        [1 2 4 8]  raw=0000803f000000400000804000000041
0x08  OK  a        [1 2 4 8]  raw=0000803f000000400000804000000041
0x09  OK  a        [1 2 4 8]  raw=0000803f000000400000804000000041
0x0a  OK  a        [1 2 4 8]  raw=0000803f000000400000804000000041
0x0b  OK  a        [1 2 4 8]  raw=0000803f000000400000804000000041
0x0c  OK  a        [1 2 4 8]  raw=0000803f000000400000804000000041
0x0d  OK  a        [1 2 4 8]  raw=0000803f000000400000804000000041
0x0e  OK  a        [1 2 4 8]  raw=0000803f000000400000804000000041
0x0f  OK  a        [1 2 4 8]  raw=0000803f000000400000804000000041
0x10  OK  a        [1 2 4 8]  raw=0000803f000000400000804000000041
0x11  OK  a        [1 2 4 8]  raw=0000803f000000400000804000000041
0x12  OK  a        [1 2 4 8]  raw=0000803f000000400000804000000041
0x13  OK  a        [1 2 4 8]  raw=0000803f000000400000804000000041
0x14  OK  a        [1 2 4 8]  raw=0000803f000000400000804000000041
0x15  OK  a        [1 2 4 8]  raw=0000803f000000400000804000000041
0x16  OK  a        [1 2 4 8]  raw=0000803f000000400000804000000041
0x17  OK  a        [1 2 4 8]  raw=0000803f000000400000804000000041
0x18  OK  a        [1 2 4 8]  raw=0000803f000000400000804000000041
0x19  OK  a        [1 2 4 8]  raw=0000803f000000400000804000000041
0x1a  OK  a        [1 2 4 8]  raw=0000803f000000400000804000000041
0x1b  OK  a        [1 2 4 8]  raw=0000803f000000400000804000000041
0x1c  OK  a        [1 2 4 8]  raw=0000803f000000400000804000000041
0x1d  OK  a        [1 2 4 8]  raw=0000803f000000400000804000000041
0x1e  OK  a        [1 2 4 8]  raw=0000803f000000400000804000000041
0x1f  OK  a        [1 2 4 8]  raw=0000803f000000400000804000000041
0x20  OK  a        [1 2 4 8]  raw=0000803f000000400000804000000041
0x21  OK  a        [1 2 4 8]  raw=0000803f000000400000804000000041
0x22  OK  a        [1 2 4 8]  raw=0000803f000000400000804000000041
0x23  OK  a        [1 2 4 8]  raw=0000803f000000400000804000000041
0x24  OK  a        [1 2 4 8]  raw=0000803f000000400000804000000041
0x25  OK  a        [1 2 4 8]  raw=0000803f000000400000804000000041
0x26  OK  a        [1 2 4 8]  raw=0000803f000000400000804000000041
0x27  OK  a        [1 2 4 8]  raw=0000803f000000400000804000000041
0x28  OK  a        [1 2 4 8]  raw=0000803f000000400000804000000041
0x29  OK  a        [1 2 4 8]  raw=0000803f000000400000804000000041
0x2a  OK  a        [1 2 4 8]  raw=0000803f000000400000804000000041
0x2b  OK  a        [1 2 4 8]  raw=0000803f000000400000804000000041
0x2c  OK  a        [1 2 4 8]  raw=0000803f000000400000804000000041
0x2d  OK  a        [1 2 4 8]  raw=0000803f000000400000804000000041
0x2e  OK  a        [1 2 4 8]  raw=0000803f000000400000804000000041
0x2f  OK  a        [1 2 4 8]  raw=0000803f000000400000804000000041
0x30  OK  a        [1 2 4 8]  raw=0000803f000000400000804000000041
0x31  OK  a        [1 2 4 8]  raw=0000803f000000400000804000000041
0x32  OK  a        [1 2 4 8]  raw=0000803f000000400000804000000041
0x33  OK  a        [1 2 4 8]  raw=0000803f000000400000804000000041
0x34  OK  a        [1 2 4 8]  raw=0000803f000000400000804000000041
0x35  OK  a        [1 2 4 8]  raw=0000803f000000400000804000000041
0x36  OK  a        [1 2 4 8]  raw=0000803f000000400000804000000041
0x37  OK  a        [1 2 4 8]  raw=0000803f000000400000804000000041
0x38  OK  a        [1 2 4 8]  raw=0000803f000000400000804000000041
0x39  OK  a        [1 2 4 8]  raw=0000803f000000400000804000000041
0x3a  OK  a        [1 2 4 8]  raw=0000803f000000400000804000000041
0x3b  OK  a        [1 2 4 8]  raw=0000803f000000400000804000000041
0x3c  OK  a        [1 2 4 8]  raw=0000803f000000400000804000000041
0x3d  OK  a        [1 2 4 8]  raw=0000803f000000400000804000000041
0x3e  OK  a        [1 2 4 8]  raw=0000803f000000400000804000000041
0x3f  OK  a        [1 2 4 8]  raw=0000803f000000400000804000000041
0x40  OK  a        [1 2 4 8]  raw=0000803f000000400000804000000041
0x41  OK  a        [1 2 4 8]  raw=0000803f000000400000804000000041
0x42  OK  a        [1 2 4 8]  raw=0000803f000000400000804000000041
0x43  OK  a        [1 2 4 8]  raw=0000803f000000400000804000000041
0x44  OK  a        [1 2 4 8]  raw=0000803f000000400000804000000041
0x45  OK  a        [1 2 4 8]  raw=0000803f000000400000804000000041
0x46  OK  a        [1 2 4 8]  raw=0000803f000000400000804000000041
0x47  OK  a        [1 2 4 8]  raw=0000803f000000400000804000000041
0x48  OK  a        [1 2 4 8]  raw=0000803f000000400000804000000041
0x49  OK  a        [1 2 4 8]  raw=0000803f000000400000804000000041
0x4a  OK  a        [1 2 4 8]  raw=0000803f000000400000804000000041
0x4b  OK  a        [1 2 4 8]  raw=0000803f000000400000804000000041
0x4c  OK  a        [1 2 4 8]  raw=0000803f000000400000804000000041
0x4d  OK  a        [1 2 4 8]  raw=0000803f000000400000804000000041
0x4e  OK  a        [1 2 4 8]  raw=0000803f000000400000804000000041
0x4f  OK  a        [1 2 4 8]  raw=0000803f000000400000804000000041
0x50  OK  a        [1 2 4 8]  raw=0000803f000000400000804000000041
0x51  OK  a        [1 2 4 8]  raw=0000803f000000400000804000000041
0x52  OK  a        [1 2 4 8]  raw=0000803f000000400000804000000041
0x53  OK  a        [1 2 4 8]  raw=0000803f000000400000804000000041
0x54  OK  a        [1 2 4 8]  raw=0000803f000000400000804000000041
0x55  OK  a        [1 2 4 8]  raw=0000803f000000400000804000000041
0x56  OK  a        [1 2 4 8]  raw=0000803f000000400000804000000041
0x57  OK  a        [1 2 4 8]  raw=0000803f000000400000804000000041
0x58  OK  a        [1 2 4 8]  raw=0000803f000000400000804000000041
0x59  OK  a        [1 2 4 8]  raw=0000803f000000400000804000000041
0x5a  OK  a        [1 2 4 8]  raw=0000803f000000400000804000000041
0x5b  OK  a        [1 2 4 8]  raw=0000803f000000400000804000000041
0x5c  OK  a        [1 2 4 8]  raw=0000803f000000400000804000000041
0x5d  OK  a        [1 2 4 8]  raw=0000803f000000400000804000000041
0x5e  OK  a        [1 2 4 8]  raw=0000803f000000400000804000000041
0x5f  OK  a        [1 2 4 8]  raw=0000803f000000400000804000000041
0x60  OK  a        [1 2 4 8]  raw=0000803f000000400000804000000041
0x61  OK  a        [1 2 4 8]  raw=0000803f000000400000804000000041
0x62  OK  a        [1 2 4 8]  raw=0000803f000000400000804000000041
0x63  OK  a        [1 2 4 8]  raw=0000803f000000400000804000000041
0x64  OK  a        [1 2 4 8]  raw=0000803f000000400000804000000041
0x65  OK  a        [1 2 4 8]  raw=0000803f000000400000804000000041
0x66  OK  a        [1 2 4 8]  raw=0000803f000000400000804000000041
0x67  OK  a        [1 2 4 8]  raw=0000803f000000400000804000000041
0x68  OK  a        [1 2 4 8]  raw=0000803f000000400000804000000041
0x69  OK  a        [1 2 4 8]  raw=0000803f000000400000804000000041
0x6a  OK  a        [1 2 4 8]  raw=0000803f000000400000804000000041
0x6b  OK  a        [1 2 4 8]  raw=0000803f000000400000804000000041
0x6c  OK  a        [1 2 4 8]  raw=0000803f000000400000804000000041
0x6d  OK  a        [1 2 4 8]  raw=0000803f000000400000804000000041
0x6e  OK  a        [1 2 4 8]  raw=0000803f000000400000804000000041
0x6f  OK  a        [1 2 4 8]  raw=0000803f000000400000804000000041
0x70  OK  a        [1 2 4 8]  raw=0000803f000000400000804000000041
0x71  OK  a        [1 2 4 8]  raw=0000803f000000400000804000000041
0x72  OK  a        [1 2 4 8]  raw=0000803f000000400000804000000041
0x73  OK  a        [1 2 4 8]  raw=0000803f000000400000804000000041
0x74  OK  a        [1 2 4 8]  raw=0000803f000000400000804000000041
0x75  OK  a        [1 2 4 8]  raw=0000803f000000400000804000000041
0x76  OK  a        [1 2 4 8]  raw=0000803f000000400000804000000041
0x77  OK  a        [1 2 4 8]  raw=0000803f000000400000804000000041
0x78  OK  a        [1 2 4 8]  raw=0000803f000000400000804000000041
0x79  OK  a        [1 2 4 8]  raw=0000803f000000400000804000000041
0x7a  OK  a        [1 2 4 8]  raw=0000803f000000400000804000000041
0x7b  OK  a        [1 2 4 8]  raw=0000803f000000400000804000000041
0x7c  OK  a        [1 2 4 8]  raw=0000803f000000400000804000000041
0x7d  OK  a        [1 2 4 8]  raw=0000803f000000400000804000000041
0x7e  OK  a        [1 2 4 8]  raw=0000803f000000400000804000000041
0x7f  OK  a        [1 2 4 8]  raw=0000803f000000400000804000000041
0x80  OK  a        [1 2 4 8]  raw=0000803f000000400000804000000041
0x81  OK  a+a      [2 4 8 16]  raw=00000040000080400000004100008041
0x82  OK  OTHER    [1 0 0 0]  raw=0000803f000000000000000000000000
0x83  OK  OTHER    [1 0 0 0]  raw=0000803f000000000000000000000000
0x84  OK  a        [1 2 4 8]  raw=0000803f000000400000804000000041
0x85  OK  a+b      [17 34 68 136]  raw=00008841000008420000884200000843
0x86  OK  a        [1 2 4 8]  raw=0000803f000000400000804000000041
0x87  OK  a        [1 2 4 8]  raw=0000803f000000400000804000000041
0x88  OK  a        [1 2 4 8]  raw=0000803f000000400000804000000041
0x89  OK  a        [1 2 4 8]  raw=0000803f000000400000804000000041
0x8a  OK  a        [1 2 4 8]  raw=0000803f000000400000804000000041
0x8b  OK  a        [1 2 4 8]  raw=0000803f000000400000804000000041
0x8c  OK  a        [1 2 4 8]  raw=0000803f000000400000804000000041
0x8d  OK  a        [1 2 4 8]  raw=0000803f000000400000804000000041
0x8e  OK  a        [1 2 4 8]  raw=0000803f000000400000804000000041
0x8f  OK  a        [1 2 4 8]  raw=0000803f000000400000804000000041
0x90  OK  a        [1 2 4 8]  raw=0000803f000000400000804000000041
0x91  OK  a        [1 2 4 8]  raw=0000803f000000400000804000000041
0x92  OK  a        [1 2 4 8]  raw=0000803f000000400000804000000041
0x93  OK  a        [1 2 4 8]  raw=0000803f000000400000804000000041
0x94  OK  a        [1 2 4 8]  raw=0000803f000000400000804000000041
0x95  OK  a        [1 2 4 8]  raw=0000803f000000400000804000000041
0x96  OK  a        [1 2 4 8]  raw=0000803f000000400000804000000041
0x97  OK  a        [1 2 4 8]  raw=0000803f000000400000804000000041
0x98  OK  a        [1 2 4 8]  raw=0000803f000000400000804000000041
0x99  OK  a        [1 2 4 8]  raw=0000803f000000400000804000000041
0x9a  OK  a        [1 2 4 8]  raw=0000803f000000400000804000000041
0x9b  OK  a        [1 2 4 8]  raw=0000803f000000400000804000000041
0x9c  OK  a        [1 2 4 8]  raw=0000803f000000400000804000000041
0x9d  OK  a        [1 2 4 8]  raw=0000803f000000400000804000000041
0x9e  OK  a        [1 2 4 8]  raw=0000803f000000400000804000000041
0x9f  OK  a        [1 2 4 8]  raw=0000803f000000400000804000000041
0xa0  OK  a        [1 2 4 8]  raw=0000803f000000400000804000000041
0xa1  OK  a        [1 2 4 8]  raw=0000803f000000400000804000000041
0xa2  OK  a        [1 2 4 8]  raw=0000803f000000400000804000000041
0xa3  OK  a        [1 2 4 8]  raw=0000803f000000400000804000000041
0xa4  OK  a        [1 2 4 8]  raw=0000803f000000400000804000000041
0xa5  OK  a        [1 2 4 8]  raw=0000803f000000400000804000000041
0xa6  OK  a        [1 2 4 8]  raw=0000803f000000400000804000000041
0xa7  OK  a        [1 2 4 8]  raw=0000803f000000400000804000000041
0xa8  OK  a        [1 2 4 8]  raw=0000803f000000400000804000000041
0xa9  OK  a        [1 2 4 8]  raw=0000803f000000400000804000000041
0xaa  OK  a        [1 2 4 8]  raw=0000803f000000400000804000000041
0xab  OK  a        [1 2 4 8]  raw=0000803f000000400000804000000041
0xac  OK  a        [1 2 4 8]  raw=0000803f000000400000804000000041
0xad  OK  a        [1 2 4 8]  raw=0000803f000000400000804000000041
0xae  OK  a        [1 2 4 8]  raw=0000803f000000400000804000000041
0xaf  OK  a        [1 2 4 8]  raw=0000803f000000400000804000000041
0xb0  OK  a        [1 2 4 8]  raw=0000803f000000400000804000000041
0xb1  OK  a        [1 2 4 8]  raw=0000803f000000400000804000000041
0xb2  OK  a        [1 2 4 8]  raw=0000803f000000400000804000000041
0xb3  OK  a        [1 2 4 8]  raw=0000803f000000400000804000000041
0xb4  OK  a        [1 2 4 8]  raw=0000803f000000400000804000000041
0xb5  OK  a        [1 2 4 8]  raw=0000803f000000400000804000000041
0xb6  OK  a        [1 2 4 8]  raw=0000803f000000400000804000000041
0xb7  OK  a        [1 2 4 8]  raw=0000803f000000400000804000000041
0xb8  OK  a        [1 2 4 8]  raw=0000803f000000400000804000000041
0xb9  OK  a        [1 2 4 8]  raw=0000803f000000400000804000000041
0xba  OK  a        [1 2 4 8]  raw=0000803f000000400000804000000041
0xbb  OK  a        [1 2 4 8]  raw=0000803f000000400000804000000041
0xbc  OK  a        [1 2 4 8]  raw=0000803f000000400000804000000041
0xbd  OK  a        [1 2 4 8]  raw=0000803f000000400000804000000041
0xbe  OK  a        [1 2 4 8]  raw=0000803f000000400000804000000041
0xbf  OK  a        [1 2 4 8]  raw=0000803f000000400000804000000041
0xc0  OK  a        [1 2 4 8]  raw=0000803f000000400000804000000041
0xc1  OK  a        [1 2 4 8]  raw=0000803f000000400000804000000041
0xc2  OK  a        [1 2 4 8]  raw=0000803f000000400000804000000041
0xc3  OK  a        [1 2 4 8]  raw=0000803f000000400000804000000041
0xc4  OK  a        [1 2 4 8]  raw=0000803f000000400000804000000041
0xc5  OK  a        [1 2 4 8]  raw=0000803f000000400000804000000041
0xc6  OK  a        [1 2 4 8]  raw=0000803f000000400000804000000041
0xc7  OK  a        [1 2 4 8]  raw=0000803f000000400000804000000041
0xc8  OK  a        [1 2 4 8]  raw=0000803f000000400000804000000041
0xc9  OK  a        [1 2 4 8]  raw=0000803f000000400000804000000041
0xca  OK  a        [1 2 4 8]  raw=0000803f000000400000804000000041
0xcb  OK  a        [1 2 4 8]  raw=0000803f000000400000804000000041
0xcc  OK  a        [1 2 4 8]  raw=0000803f000000400000804000000041
0xcd  OK  a        [1 2 4 8]  raw=0000803f000000400000804000000041
0xce  OK  a        [1 2 4 8]  raw=0000803f000000400000804000000041
0xcf  OK  a        [1 2 4 8]  raw=0000803f000000400000804000000041
0xd0  OK  a        [1 2 4 8]  raw=0000803f000000400000804000000041
0xd1  OK  a        [1 2 4 8]  raw=0000803f000000400000804000000041
0xd2  OK  a        [1 2 4 8]  raw=0000803f000000400000804000000041
0xd3  OK  a        [1 2 4 8]  raw=0000803f000000400000804000000041
0xd4  OK  a        [1 2 4 8]  raw=0000803f000000400000804000000041
0xd5  OK  a        [1 2 4 8]  raw=0000803f000000400000804000000041
0xd6  OK  a        [1 2 4 8]  raw=0000803f000000400000804000000041
0xd7  OK  a        [1 2 4 8]  raw=0000803f000000400000804000000041
0xd8  OK  a        [1 2 4 8]  raw=0000803f000000400000804000000041
0xd9  OK  a        [1 2 4 8]  raw=0000803f000000400000804000000041
0xda  OK  a        [1 2 4 8]  raw=0000803f000000400000804000000041
0xdb  OK  a        [1 2 4 8]  raw=0000803f000000400000804000000041
0xdc  OK  a        [1 2 4 8]  raw=0000803f000000400000804000000041
0xdd  OK  a        [1 2 4 8]  raw=0000803f000000400000804000000041
0xde  OK  a        [1 2 4 8]  raw=0000803f000000400000804000000041
0xdf  OK  a        [1 2 4 8]  raw=0000803f000000400000804000000041
0xe0  OK  a        [1 2 4 8]  raw=0000803f000000400000804000000041
0xe1  OK  a        [1 2 4 8]  raw=0000803f000000400000804000000041
0xe2  OK  a        [1 2 4 8]  raw=0000803f000000400000804000000041
0xe3  OK  a        [1 2 4 8]  raw=0000803f000000400000804000000041
0xe4  OK  a        [1 2 4 8]  raw=0000803f000000400000804000000041
0xe5  OK  a        [1 2 4 8]  raw=0000803f000000400000804000000041
0xe6  OK  a        [1 2 4 8]  raw=0000803f000000400000804000000041
0xe7  OK  a        [1 2 4 8]  raw=0000803f000000400000804000000041
0xe8  OK  a        [1 2 4 8]  raw=0000803f000000400000804000000041
0xe9  OK  a        [1 2 4 8]  raw=0000803f000000400000804000000041
0xea  OK  a        [1 2 4 8]  raw=0000803f000000400000804000000041
0xeb  OK  a        [1 2 4 8]  raw=0000803f000000400000804000000041
0xec  OK  a        [1 2 4 8]  raw=0000803f000000400000804000000041
0xed  OK  a        [1 2 4 8]  raw=0000803f000000400000804000000041
0xee  OK  a        [1 2 4 8]  raw=0000803f000000400000804000000041
0xef  OK  a        [1 2 4 8]  raw=0000803f000000400000804000000041
0xf0  OK  a        [1 2 4 8]  raw=0000803f000000400000804000000041
0xf1  OK  a        [1 2 4 8]  raw=0000803f000000400000804000000041
0xf2  OK  a        [1 2 4 8]  raw=0000803f000000400000804000000041
0xf3  OK  a        [1 2 4 8]  raw=0000803f000000400000804000000041
0xf4  OK  a        [1 2 4 8]  raw=0000803f000000400000804000000041
0xf5  OK  a        [1 2 4 8]  raw=0000803f000000400000804000000041
0xf6  OK  a        [1 2 4 8]  raw=0000803f000000400000804000000041
0xf7  OK  a        [1 2 4 8]  raw=0000803f000000400000804000000041
0xf8  OK  a        [1 2 4 8]  raw=0000803f000000400000804000000041
0xf9  OK  a        [1 2 4 8]  raw=0000803f000000400000804000000041
0xfa  OK  a        [1 2 4 8]  raw=0000803f000000400000804000000041
0xfb  OK  a        [1 2 4 8]  raw=0000803f000000400000804000000041
0xfc  OK  a        [1 2 4 8]  raw=0000803f000000400000804000000041
0xfd  OK  a        [1 2 4 8]  raw=0000803f000000400000804000000041
0xfe  OK  a        [1 2 4 8]  raw=0000803f000000400000804000000041
0xff  OK  a        [1 2 4 8]  raw=0000803f000000400000804000000041
# SUMMARY: OTHER=4, a=248, a+a=2, a+b=2
