# sweep rel=0x5 abs=0x25 baseALU=09011c0500c0
0x00  OK  zero     [0 0 0 0]  raw=00000000000000000000000000000000
0x01  OK  zero     [0 0 0 0]  raw=00000000000000000000000000000000
0x02  OK  zero     [0 0 0 0]  raw=00000000000000000000000000000000
0x03  OK  zero     [0 0 0 0]  raw=00000000000000000000000000000000
0x04  OK  zero     [0 0 0 0]  raw=00000000000000000000000000000000
0x05  OK  zero     [0 0 0 0]  raw=00000000000000000000000000000000
0x06  OK  zero     [0 0 0 0]  raw=00000000000000000000000000000000
0x07  OK  zero     [0 0 0 0]  raw=00000000000000000000000000000000
0x08  OK  zero     [0 0 0 0]  raw=00000000000000000000000000000000
0x09  OK  zero     [0 0 0 0]  raw=00000000000000000000000000000000
0x0a  OK  zero     [0 0 0 0]  raw=00000000000000000000000000000000
0x0b  OK  zero     [0 0 0 0]  raw=00000000000000000000000000000000
0x0c  OK  zero     [0 0 0 0]  raw=00000000000000000000000000000000
0x0d  OK  zero     [0 0 0 0]  raw=00000000000000000000000000000000
0x0e  OK  zero     [0 0 0 0]  raw=00000000000000000000000000000000
0x0f  OK  zero     [0 0 0 0]  raw=00000000000000000000000000000000
0x10  OK  zero     [0 0 0 0]  raw=00000000000000000000000000000000
0x11  OK  zero     [0 0 0 0]  raw=00000000000000000000000000000000
0x12  OK  zero     [0 0 0 0]  raw=00000000000000000000000000000000
0x13  OK  zero     [0 0 0 0]  raw=00000000000000000000000000000000
0x14  OK  zero     [0 0 0 0]  raw=00000000000000000000000000000000
0x15  OK  zero     [0 0 0 0]  raw=00000000000000000000000000000000
0x16  OK  zero     [0 0 0 0]  raw=00000000000000000000000000000000
0x17  OK  zero     [0 0 0 0]  raw=00000000000000000000000000000000
0x18  OK  zero     [0 0 0 0]  raw=00000000000000000000000000000000
0x19  OK  zero     [0 0 0 0]  raw=00000000000000000000000000000000
0x1a  OK  zero     [0 0 0 0]  raw=00000000000000000000000000000000
0x1b  OK  zero     [0 0 0 0]  raw=00000000000000000000000000000000
0x1c  OK  zero     [0 0 0 0]  raw=00000000000000000000000000000000
0x1d  OK  zero     [0 0 0 0]  raw=00000000000000000000000000000000
0x1e  OK  zero     [0 0 0 0]  raw=00000000000000000000000000000000
0x1f  OK  zero     [0 0 0 0]  raw=00000000000000000000000000000000
0x20  OK  zero     [0 0 0 0]  raw=00000000000000000000000000000000
0x21  OK  zero     [0 0 0 0]  raw=00000000000000000000000000000000
0x22  OK  zero     [0 0 0 0]  raw=00000000000000000000000000000000
0x23  OK  zero     [0 0 0 0]  raw=00000000000000000000000000000000
0x24  OK  zero     [0 0 0 0]  raw=00000000000000000000000000000000
0x25  OK  zero     [0 0 0 0]  raw=00000000000000000000000000000000
0x26  OK  zero     [0 0 0 0]  raw=00000000000000000000000000000000
0x27  OK  zero     [0 0 0 0]  raw=00000000000000000000000000000000
0x28  OK  zero     [0 0 0 0]  raw=00000000000000000000000000000000
0x29  OK  zero     [0 0 0 0]  raw=00000000000000000000000000000000
0x2a  OK  zero     [0 0 0 0]  raw=00000000000000000000000000000000
0x2b  OK  zero     [0 0 0 0]  raw=00000000000000000000000000000000
0x2c  OK  zero     [0 0 0 0]  raw=00000000000000000000000000000000
0x2d  OK  zero     [0 0 0 0]  raw=00000000000000000000000000000000
0x2e  OK  zero     [0 0 0 0]  raw=00000000000000000000000000000000
0x2f  OK  zero     [0 0 0 0]  raw=00000000000000000000000000000000
0x30  OK  zero     [0 0 0 0]  raw=00000000000000000000000000000000
0x31  OK  zero     [0 0 0 0]  raw=00000000000000000000000000000000
0x32  OK  zero     [0 0 0 0]  raw=00000000000000000000000000000000
0x33  OK  zero     [0 0 0 0]  raw=00000000000000000000000000000000
0x34  OK  zero     [0 0 0 0]  raw=00000000000000000000000000000000
0x35  OK  zero     [0 0 0 0]  raw=00000000000000000000000000000000
0x36  OK  zero     [0 0 0 0]  raw=00000000000000000000000000000000
0x37  OK  zero     [0 0 0 0]  raw=00000000000000000000000000000000
0x38  OK  zero     [0 0 0 0]  raw=00000000000000000000000000000000
0x39  OK  zero     [0 0 0 0]  raw=00000000000000000000000000000000
0x3a  OK  zero     [0 0 0 0]  raw=00000000000000000000000000000000
0x3b  OK  zero     [0 0 0 0]  raw=00000000000000000000000000000000
0x3c  OK  zero     [0 0 0 0]  raw=00000000000000000000000000000000
0x3d  OK  zero     [0 0 0 0]  raw=00000000000000000000000000000000
0x3e  OK  zero     [0 0 0 0]  raw=00000000000000000000000000000000
0x3f  OK  zero     [0 0 0 0]  raw=00000000000000000000000000000000
0x40  OK  zero     [0 0 0 0]  raw=00000000000000000000000000000000
0x41  OK  zero     [0 0 0 0]  raw=00000000000000000000000000000000
0x42  OK  zero     [0 0 0 0]  raw=00000000000000000000000000000000
0x43  OK  zero     [0 0 0 0]  raw=00000000000000000000000000000000
0x44  OK  zero     [0 0 0 0]  raw=00000000000000000000000000000000
0x45  OK  zero     [0 0 0 0]  raw=00000000000000000000000000000000
0x46  OK  zero     [0 0 0 0]  raw=00000000000000000000000000000000
0x47  OK  zero     [0 0 0 0]  raw=00000000000000000000000000000000
0x48  OK  zero     [0 0 0 0]  raw=00000000000000000000000000000000
0x49  OK  zero     [0 0 0 0]  raw=00000000000000000000000000000000
0x4a  OK  zero     [0 0 0 0]  raw=00000000000000000000000000000000
0x4b  OK  zero     [0 0 0 0]  raw=00000000000000000000000000000000
0x4c  OK  zero     [0 0 0 0]  raw=00000000000000000000000000000000
0x4d  OK  zero     [0 0 0 0]  raw=00000000000000000000000000000000
0x4e  OK  zero     [0 0 0 0]  raw=00000000000000000000000000000000
0x4f  OK  zero     [0 0 0 0]  raw=00000000000000000000000000000000
0x50  OK  zero     [0 0 0 0]  raw=00000000000000000000000000000000
0x51  OK  zero     [0 0 0 0]  raw=00000000000000000000000000000000
0x52  OK  zero     [0 0 0 0]  raw=00000000000000000000000000000000
0x53  OK  zero     [0 0 0 0]  raw=00000000000000000000000000000000
0x54  OK  zero     [0 0 0 0]  raw=00000000000000000000000000000000
0x55  OK  zero     [0 0 0 0]  raw=00000000000000000000000000000000
0x56  OK  zero     [0 0 0 0]  raw=00000000000000000000000000000000
0x57  OK  zero     [0 0 0 0]  raw=00000000000000000000000000000000
0x58  OK  zero     [0 0 0 0]  raw=00000000000000000000000000000000
0x59  OK  zero     [0 0 0 0]  raw=00000000000000000000000000000000
0x5a  OK  zero     [0 0 0 0]  raw=00000000000000000000000000000000
0x5b  OK  zero     [0 0 0 0]  raw=00000000000000000000000000000000
0x5c  OK  zero     [0 0 0 0]  raw=00000000000000000000000000000000
0x5d  OK  zero     [0 0 0 0]  raw=00000000000000000000000000000000
0x5e  OK  zero     [0 0 0 0]  raw=00000000000000000000000000000000
0x5f  OK  zero     [0 0 0 0]  raw=00000000000000000000000000000000
0x60  OK  zero     [0 0 0 0]  raw=00000000000000000000000000000000
0x61  OK  zero     [0 0 0 0]  raw=00000000000000000000000000000000
0x62  OK  zero     [0 0 0 0]  raw=00000000000000000000000000000000
0x63  OK  zero     [0 0 0 0]  raw=00000000000000000000000000000000
0x64  OK  zero     [0 0 0 0]  raw=00000000000000000000000000000000
0x65  OK  zero     [0 0 0 0]  raw=00000000000000000000000000000000
0x66  OK  zero     [0 0 0 0]  raw=00000000000000000000000000000000
0x67  OK  zero     [0 0 0 0]  raw=00000000000000000000000000000000
0x68  OK  zero     [0 0 0 0]  raw=00000000000000000000000000000000
0x69  OK  zero     [0 0 0 0]  raw=00000000000000000000000000000000
0x6a  OK  zero     [0 0 0 0]  raw=00000000000000000000000000000000
0x6b  OK  zero     [0 0 0 0]  raw=00000000000000000000000000000000
0x6c  OK  zero     [0 0 0 0]  raw=00000000000000000000000000000000
0x6d  OK  zero     [0 0 0 0]  raw=00000000000000000000000000000000
0x6e  OK  zero     [0 0 0 0]  raw=00000000000000000000000000000000
0x6f  OK  zero     [0 0 0 0]  raw=00000000000000000000000000000000
0x70  OK  zero     [0 0 0 0]  raw=00000000000000000000000000000000
0x71  OK  zero     [0 0 0 0]  raw=00000000000000000000000000000000
0x72  OK  zero     [0 0 0 0]  raw=00000000000000000000000000000000
0x73  OK  zero     [0 0 0 0]  raw=00000000000000000000000000000000
0x74  OK  zero     [0 0 0 0]  raw=00000000000000000000000000000000
0x75  OK  zero     [0 0 0 0]  raw=00000000000000000000000000000000
0x76  OK  zero     [0 0 0 0]  raw=00000000000000000000000000000000
0x77  OK  zero     [0 0 0 0]  raw=00000000000000000000000000000000
0x78  OK  zero     [0 0 0 0]  raw=00000000000000000000000000000000
0x79  OK  zero     [0 0 0 0]  raw=00000000000000000000000000000000
0x7a  OK  zero     [0 0 0 0]  raw=00000000000000000000000000000000
0x7b  OK  zero     [0 0 0 0]  raw=00000000000000000000000000000000
0x7c  OK  zero     [0 0 0 0]  raw=00000000000000000000000000000000
0x7d  OK  zero     [0 0 0 0]  raw=00000000000000000000000000000000
0x7e  OK  zero     [0 0 0 0]  raw=00000000000000000000000000000000
0x7f  OK  zero     [0 0 0 0]  raw=00000000000000000000000000000000
0x80  OK  zero     [0 0 0 0]  raw=00000000000000000000000000000000
0x81  OK  zero     [0 0 0 0]  raw=00000000000000000000000000000000
0x82  OK  zero     [0 0 0 0]  raw=00000000000000000000000000000000
0x83  OK  zero     [0 0 0 0]  raw=00000000000000000000000000000000
0x84  OK  zero     [0 0 0 0]  raw=00000000000000000000000000000000
0x85  OK  zero     [0 0 0 0]  raw=00000000000000000000000000000000
0x86  OK  zero     [0 0 0 0]  raw=00000000000000000000000000000000
0x87  OK  zero     [0 0 0 0]  raw=00000000000000000000000000000000
0x88  OK  zero     [0 0 0 0]  raw=00000000000000000000000000000000
0x89  OK  zero     [0 0 0 0]  raw=00000000000000000000000000000000
0x8a  OK  zero     [0 0 0 0]  raw=00000000000000000000000000000000
0x8b  OK  zero     [0 0 0 0]  raw=00000000000000000000000000000000
0x8c  OK  zero     [0 0 0 0]  raw=00000000000000000000000000000000
0x8d  OK  zero     [0 0 0 0]  raw=00000000000000000000000000000000
0x8e  OK  zero     [0 0 0 0]  raw=00000000000000000000000000000000
0x8f  OK  zero     [0 0 0 0]  raw=00000000000000000000000000000000
0x90  OK  zero     [0 0 0 0]  raw=00000000000000000000000000000000
0x91  OK  zero     [0 0 0 0]  raw=00000000000000000000000000000000
0x92  OK  zero     [0 0 0 0]  raw=00000000000000000000000000000000
0x93  OK  zero     [0 0 0 0]  raw=00000000000000000000000000000000
0x94  OK  zero     [0 0 0 0]  raw=00000000000000000000000000000000
0x95  OK  zero     [0 0 0 0]  raw=00000000000000000000000000000000
0x96  OK  zero     [0 0 0 0]  raw=00000000000000000000000000000000
0x97  OK  zero     [0 0 0 0]  raw=00000000000000000000000000000000
0x98  OK  zero     [0 0 0 0]  raw=00000000000000000000000000000000
0x99  OK  zero     [0 0 0 0]  raw=00000000000000000000000000000000
0x9a  OK  zero     [0 0 0 0]  raw=00000000000000000000000000000000
0x9b  OK  zero     [0 0 0 0]  raw=00000000000000000000000000000000
0x9c  OK  zero     [0 0 0 0]  raw=00000000000000000000000000000000
0x9d  OK  zero     [0 0 0 0]  raw=00000000000000000000000000000000
0x9e  OK  zero     [0 0 0 0]  raw=00000000000000000000000000000000
0x9f  OK  zero     [0 0 0 0]  raw=00000000000000000000000000000000
0xa0  OK  zero     [0 0 0 0]  raw=00000000000000000000000000000000
0xa1  OK  zero     [0 0 0 0]  raw=00000000000000000000000000000000
0xa2  OK  zero     [0 0 0 0]  raw=00000000000000000000000000000000
0xa3  OK  zero     [0 0 0 0]  raw=00000000000000000000000000000000
0xa4  OK  zero     [0 0 0 0]  raw=00000000000000000000000000000000
0xa5  OK  zero     [0 0 0 0]  raw=00000000000000000000000000000000
0xa6  OK  zero     [0 0 0 0]  raw=00000000000000000000000000000000
0xa7  OK  zero     [0 0 0 0]  raw=00000000000000000000000000000000
0xa8  OK  zero     [0 0 0 0]  raw=00000000000000000000000000000000
0xa9  OK  zero     [0 0 0 0]  raw=00000000000000000000000000000000
0xaa  OK  zero     [0 0 0 0]  raw=00000000000000000000000000000000
0xab  OK  zero     [0 0 0 0]  raw=00000000000000000000000000000000
0xac  OK  zero     [0 0 0 0]  raw=00000000000000000000000000000000
0xad  OK  zero     [0 0 0 0]  raw=00000000000000000000000000000000
0xae  OK  zero     [0 0 0 0]  raw=00000000000000000000000000000000
0xaf  OK  zero     [0 0 0 0]  raw=00000000000000000000000000000000
0xb0  OK  zero     [0 0 0 0]  raw=00000000000000000000000000000000
0xb1  OK  zero     [0 0 0 0]  raw=00000000000000000000000000000000
0xb2  OK  zero     [0 0 0 0]  raw=00000000000000000000000000000000
0xb3  OK  zero     [0 0 0 0]  raw=00000000000000000000000000000000
0xb4  OK  zero     [0 0 0 0]  raw=00000000000000000000000000000000
0xb5  OK  zero     [0 0 0 0]  raw=00000000000000000000000000000000
0xb6  OK  zero     [0 0 0 0]  raw=00000000000000000000000000000000
0xb7  OK  zero     [0 0 0 0]  raw=00000000000000000000000000000000
0xb8  OK  zero     [0 0 0 0]  raw=00000000000000000000000000000000
0xb9  OK  zero     [0 0 0 0]  raw=00000000000000000000000000000000
0xba  OK  zero     [0 0 0 0]  raw=00000000000000000000000000000000
0xbb  OK  zero     [0 0 0 0]  raw=00000000000000000000000000000000
0xbc  OK  zero     [0 0 0 0]  raw=00000000000000000000000000000000
0xbd  OK  zero     [0 0 0 0]  raw=00000000000000000000000000000000
0xbe  OK  zero     [0 0 0 0]  raw=00000000000000000000000000000000
0xbf  OK  zero     [0 0 0 0]  raw=00000000000000000000000000000000
0xc0  OK  a+b      [17 34 68 136]  raw=00008841000008420000884200000843
0xc1  OK  b        [16 32 64 128]  raw=00008041000000420000804200000043
0xc2  OK  a        [1 2 4 8]  raw=0000803f000000400000804000000041
0xc3  OK  zero     [0 0 0 0]  raw=00000000000000000000000000000000
0xc4  OK  a        [1 2 4 8]  raw=0000803f000000400000804000000041
0xc5  OK  zero     [0 0 0 0]  raw=00000000000000000000000000000000
0xc6  OK  a        [1 2 4 8]  raw=0000803f000000400000804000000041
0xc7  OK  zero     [0 0 0 0]  raw=00000000000000000000000000000000
0xc8  OK  a-b      [-15 -30 -60 -120]  raw=000070c10000f0c1000070c20000f0c2
0xc9  OK  -b       [-16 -32 -64 -128]  raw=000080c1000000c2000080c2000000c3
0xca  OK  a        [1 2 4 8]  raw=0000803f000000400000804000000041
0xcb  OK  zero     [0 0 0 0]  raw=00000000000000000000000000000000
0xcc  OK  a        [1 2 4 8]  raw=0000803f000000400000804000000041
0xcd  OK  zero     [0 0 0 0]  raw=00000000000000000000000000000000
0xce  OK  a        [1 2 4 8]  raw=0000803f000000400000804000000041
0xcf  OK  zero     [0 0 0 0]  raw=00000000000000000000000000000000
0xd0  OK  zero     [0 0 0 0]  raw=00000000000000000000000000000000
0xd1  OK  a        [1 2 4 8]  raw=0000803f000000400000804000000041
0xd2  OK  zero     [0 0 0 0]  raw=00000000000000000000000000000000
0xd3  OK  a        [1 2 4 8]  raw=0000803f000000400000804000000041
0xd4  OK  zero     [0 0 0 0]  raw=00000000000000000000000000000000
0xd5  OK  a        [1 2 4 8]  raw=0000803f000000400000804000000041
0xd6  OK  zero     [0 0 0 0]  raw=00000000000000000000000000000000
0xd7  OK  a        [1 2 4 8]  raw=0000803f000000400000804000000041
0xd8  OK  zero     [0 0 0 0]  raw=00000000000000000000000000000000
0xd9  OK  a        [1 2 4 8]  raw=0000803f000000400000804000000041
0xda  OK  zero     [0 0 0 0]  raw=00000000000000000000000000000000
0xdb  OK  a        [1 2 4 8]  raw=0000803f000000400000804000000041
0xdc  OK  zero     [0 0 0 0]  raw=00000000000000000000000000000000
0xdd  OK  a        [1 2 4 8]  raw=0000803f000000400000804000000041
0xde  OK  zero     [0 0 0 0]  raw=00000000000000000000000000000000
0xdf  OK  a        [1 2 4 8]  raw=0000803f000000400000804000000041
0xe0  OK  zero     [0 0 0 0]  raw=00000000000000000000000000000000
0xe1  OK  zero     [0 0 0 0]  raw=00000000000000000000000000000000
0xe2  OK  zero     [0 0 0 0]  raw=00000000000000000000000000000000
0xe3  OK  zero     [0 0 0 0]  raw=00000000000000000000000000000000
0xe4  OK  zero     [0 0 0 0]  raw=00000000000000000000000000000000
0xe5  OK  zero     [0 0 0 0]  raw=00000000000000000000000000000000
0xe6  OK  zero     [0 0 0 0]  raw=00000000000000000000000000000000
0xe7  OK  zero     [0 0 0 0]  raw=00000000000000000000000000000000
0xe8  OK  zero     [0 0 0 0]  raw=00000000000000000000000000000000
0xe9  OK  zero     [0 0 0 0]  raw=00000000000000000000000000000000
0xea  OK  zero     [0 0 0 0]  raw=00000000000000000000000000000000
0xeb  OK  zero     [0 0 0 0]  raw=00000000000000000000000000000000
0xec  OK  zero     [0 0 0 0]  raw=00000000000000000000000000000000
0xed  OK  zero     [0 0 0 0]  raw=00000000000000000000000000000000
0xee  OK  zero     [0 0 0 0]  raw=00000000000000000000000000000000
0xef  OK  zero     [0 0 0 0]  raw=00000000000000000000000000000000
0xf0  OK  zero     [0 0 0 0]  raw=00000000000000000000000000000000
0xf1  OK  zero     [0 0 0 0]  raw=00000000000000000000000000000000
0xf2  OK  zero     [0 0 0 0]  raw=00000000000000000000000000000000
0xf3  OK  zero     [0 0 0 0]  raw=00000000000000000000000000000000
0xf4  OK  zero     [0 0 0 0]  raw=00000000000000000000000000000000
0xf5  OK  zero     [0 0 0 0]  raw=00000000000000000000000000000000
0xf6  OK  zero     [0 0 0 0]  raw=00000000000000000000000000000000
0xf7  OK  zero     [0 0 0 0]  raw=00000000000000000000000000000000
0xf8  OK  zero     [0 0 0 0]  raw=00000000000000000000000000000000
0xf9  OK  zero     [0 0 0 0]  raw=00000000000000000000000000000000
0xfa  OK  zero     [0 0 0 0]  raw=00000000000000000000000000000000
0xfb  OK  zero     [0 0 0 0]  raw=00000000000000000000000000000000
0xfc  OK  zero     [0 0 0 0]  raw=00000000000000000000000000000000
0xfd  OK  zero     [0 0 0 0]  raw=00000000000000000000000000000000
0xfe  OK  zero     [0 0 0 0]  raw=00000000000000000000000000000000
0xff  OK  zero     [0 0 0 0]  raw=00000000000000000000000000000000
# SUMMARY: -b=1, a=14, a+b=1, a-b=1, b=1, zero=238
