# sweep rel=0x1 abs=0x21 baseALU=09011c0500c0
0x00  OK  b        [16 32 64 128]  raw=00008041000000420000804200000043
0x01  OK  a+b      [17 34 68 136]  raw=00008841000008420000884200000843
0x02  OK  OTHER    [16 0 0 0]  raw=00008041000000000000000000000000
0x03  OK  OTHER    [16 0 0 0]  raw=00008041000000000000000000000000
0x04  OK  b        [16 32 64 128]  raw=00008041000000420000804200000043
0x05  OK  b+b      [32 64 128 256]  raw=00000042000080420000004300008043
0x06  OK  b        [16 32 64 128]  raw=00008041000000420000804200000043
0x07  OK  b        [16 32 64 128]  raw=00008041000000420000804200000043
0x08  OK  b        [16 32 64 128]  raw=00008041000000420000804200000043
0x09  OK  b        [16 32 64 128]  raw=00008041000000420000804200000043
0x0a  OK  b        [16 32 64 128]  raw=00008041000000420000804200000043
0x0b  OK  b        [16 32 64 128]  raw=00008041000000420000804200000043
0x0c  OK  b        [16 32 64 128]  raw=00008041000000420000804200000043
0x0d  OK  b        [16 32 64 128]  raw=00008041000000420000804200000043
0x0e  OK  b        [16 32 64 128]  raw=00008041000000420000804200000043
0x0f  OK  b        [16 32 64 128]  raw=00008041000000420000804200000043
0x10  OK  b        [16 32 64 128]  raw=00008041000000420000804200000043
0x11  OK  b        [16 32 64 128]  raw=00008041000000420000804200000043
0x12  OK  b        [16 32 64 128]  raw=00008041000000420000804200000043
0x13  OK  b        [16 32 64 128]  raw=00008041000000420000804200000043
0x14  OK  b        [16 32 64 128]  raw=00008041000000420000804200000043
0x15  OK  b        [16 32 64 128]  raw=00008041000000420000804200000043
0x16  OK  b        [16 32 64 128]  raw=00008041000000420000804200000043
0x17  OK  b        [16 32 64 128]  raw=00008041000000420000804200000043
0x18  OK  b        [16 32 64 128]  raw=00008041000000420000804200000043
0x19  OK  b        [16 32 64 128]  raw=00008041000000420000804200000043
0x1a  OK  b        [16 32 64 128]  raw=00008041000000420000804200000043
0x1b  OK  b        [16 32 64 128]  raw=00008041000000420000804200000043
0x1c  OK  b        [16 32 64 128]  raw=00008041000000420000804200000043
0x1d  OK  b        [16 32 64 128]  raw=00008041000000420000804200000043
0x1e  OK  b        [16 32 64 128]  raw=00008041000000420000804200000043
0x1f  OK  b        [16 32 64 128]  raw=00008041000000420000804200000043
0x20  OK  b        [16 32 64 128]  raw=00008041000000420000804200000043
0x21  OK  b        [16 32 64 128]  raw=00008041000000420000804200000043
0x22  OK  b        [16 32 64 128]  raw=00008041000000420000804200000043
0x23  OK  b        [16 32 64 128]  raw=00008041000000420000804200000043
0x24  OK  b        [16 32 64 128]  raw=00008041000000420000804200000043
0x25  OK  b        [16 32 64 128]  raw=00008041000000420000804200000043
0x26  OK  b        [16 32 64 128]  raw=00008041000000420000804200000043
0x27  OK  b        [16 32 64 128]  raw=00008041000000420000804200000043
0x28  OK  b        [16 32 64 128]  raw=00008041000000420000804200000043
0x29  OK  b        [16 32 64 128]  raw=00008041000000420000804200000043
0x2a  OK  b        [16 32 64 128]  raw=00008041000000420000804200000043
0x2b  OK  b        [16 32 64 128]  raw=00008041000000420000804200000043
0x2c  OK  b        [16 32 64 128]  raw=00008041000000420000804200000043
0x2d  OK  b        [16 32 64 128]  raw=00008041000000420000804200000043
0x2e  OK  b        [16 32 64 128]  raw=00008041000000420000804200000043
0x2f  OK  b        [16 32 64 128]  raw=00008041000000420000804200000043
0x30  OK  b        [16 32 64 128]  raw=00008041000000420000804200000043
0x31  OK  b        [16 32 64 128]  raw=00008041000000420000804200000043
0x32  OK  b        [16 32 64 128]  raw=00008041000000420000804200000043
0x33  OK  b        [16 32 64 128]  raw=00008041000000420000804200000043
0x34  OK  b        [16 32 64 128]  raw=00008041000000420000804200000043
0x35  OK  b        [16 32 64 128]  raw=00008041000000420000804200000043
0x36  OK  b        [16 32 64 128]  raw=00008041000000420000804200000043
0x37  OK  b        [16 32 64 128]  raw=00008041000000420000804200000043
0x38  OK  b        [16 32 64 128]  raw=00008041000000420000804200000043
0x39  OK  b        [16 32 64 128]  raw=00008041000000420000804200000043
0x3a  OK  b        [16 32 64 128]  raw=00008041000000420000804200000043
0x3b  OK  b        [16 32 64 128]  raw=00008041000000420000804200000043
0x3c  OK  b        [16 32 64 128]  raw=00008041000000420000804200000043
0x3d  OK  b        [16 32 64 128]  raw=00008041000000420000804200000043
0x3e  OK  b        [16 32 64 128]  raw=00008041000000420000804200000043
0x3f  OK  b        [16 32 64 128]  raw=00008041000000420000804200000043
0x40  OK  b        [16 32 64 128]  raw=00008041000000420000804200000043
0x41  OK  b        [16 32 64 128]  raw=00008041000000420000804200000043
0x42  OK  b        [16 32 64 128]  raw=00008041000000420000804200000043
0x43  OK  b        [16 32 64 128]  raw=00008041000000420000804200000043
0x44  OK  b        [16 32 64 128]  raw=00008041000000420000804200000043
0x45  OK  b        [16 32 64 128]  raw=00008041000000420000804200000043
0x46  OK  b        [16 32 64 128]  raw=00008041000000420000804200000043
0x47  OK  b        [16 32 64 128]  raw=00008041000000420000804200000043
0x48  OK  b        [16 32 64 128]  raw=00008041000000420000804200000043
0x49  OK  b        [16 32 64 128]  raw=00008041000000420000804200000043
0x4a  OK  b        [16 32 64 128]  raw=00008041000000420000804200000043
0x4b  OK  b        [16 32 64 128]  raw=00008041000000420000804200000043
0x4c  OK  b        [16 32 64 128]  raw=00008041000000420000804200000043
0x4d  OK  b        [16 32 64 128]  raw=00008041000000420000804200000043
0x4e  OK  b        [16 32 64 128]  raw=00008041000000420000804200000043
0x4f  OK  b        [16 32 64 128]  raw=00008041000000420000804200000043
0x50  OK  b        [16 32 64 128]  raw=00008041000000420000804200000043
0x51  OK  b        [16 32 64 128]  raw=00008041000000420000804200000043
0x52  OK  b        [16 32 64 128]  raw=00008041000000420000804200000043
0x53  OK  b        [16 32 64 128]  raw=00008041000000420000804200000043
0x54  OK  b        [16 32 64 128]  raw=00008041000000420000804200000043
0x55  OK  b        [16 32 64 128]  raw=00008041000000420000804200000043
0x56  OK  b        [16 32 64 128]  raw=00008041000000420000804200000043
0x57  OK  b        [16 32 64 128]  raw=00008041000000420000804200000043
0x58  OK  b        [16 32 64 128]  raw=00008041000000420000804200000043
0x59  OK  b        [16 32 64 128]  raw=00008041000000420000804200000043
0x5a  OK  b        [16 32 64 128]  raw=00008041000000420000804200000043
0x5b  OK  b        [16 32 64 128]  raw=00008041000000420000804200000043
0x5c  OK  b        [16 32 64 128]  raw=00008041000000420000804200000043
0x5d  OK  b        [16 32 64 128]  raw=00008041000000420000804200000043
0x5e  OK  b        [16 32 64 128]  raw=00008041000000420000804200000043
0x5f  OK  b        [16 32 64 128]  raw=00008041000000420000804200000043
0x60  OK  b        [16 32 64 128]  raw=00008041000000420000804200000043
0x61  OK  b        [16 32 64 128]  raw=00008041000000420000804200000043
0x62  OK  b        [16 32 64 128]  raw=00008041000000420000804200000043
0x63  OK  b        [16 32 64 128]  raw=00008041000000420000804200000043
0x64  OK  b        [16 32 64 128]  raw=00008041000000420000804200000043
0x65  OK  b        [16 32 64 128]  raw=00008041000000420000804200000043
0x66  OK  b        [16 32 64 128]  raw=00008041000000420000804200000043
0x67  OK  b        [16 32 64 128]  raw=00008041000000420000804200000043
0x68  OK  b        [16 32 64 128]  raw=00008041000000420000804200000043
0x69  OK  b        [16 32 64 128]  raw=00008041000000420000804200000043
0x6a  OK  b        [16 32 64 128]  raw=00008041000000420000804200000043
0x6b  OK  b        [16 32 64 128]  raw=00008041000000420000804200000043
0x6c  OK  b        [16 32 64 128]  raw=00008041000000420000804200000043
0x6d  OK  b        [16 32 64 128]  raw=00008041000000420000804200000043
0x6e  OK  b        [16 32 64 128]  raw=00008041000000420000804200000043
0x6f  OK  b        [16 32 64 128]  raw=00008041000000420000804200000043
0x70  OK  b        [16 32 64 128]  raw=00008041000000420000804200000043
0x71  OK  b        [16 32 64 128]  raw=00008041000000420000804200000043
0x72  OK  b        [16 32 64 128]  raw=00008041000000420000804200000043
0x73  OK  b        [16 32 64 128]  raw=00008041000000420000804200000043
0x74  OK  b        [16 32 64 128]  raw=00008041000000420000804200000043
0x75  OK  b        [16 32 64 128]  raw=00008041000000420000804200000043
0x76  OK  b        [16 32 64 128]  raw=00008041000000420000804200000043
0x77  OK  b        [16 32 64 128]  raw=00008041000000420000804200000043
0x78  OK  b        [16 32 64 128]  raw=00008041000000420000804200000043
0x79  OK  b        [16 32 64 128]  raw=00008041000000420000804200000043
0x7a  OK  b        [16 32 64 128]  raw=00008041000000420000804200000043
0x7b  OK  b        [16 32 64 128]  raw=00008041000000420000804200000043
0x7c  OK  b        [16 32 64 128]  raw=00008041000000420000804200000043
0x7d  OK  b        [16 32 64 128]  raw=00008041000000420000804200000043
0x7e  OK  b        [16 32 64 128]  raw=00008041000000420000804200000043
0x7f  OK  b        [16 32 64 128]  raw=00008041000000420000804200000043
0x80  OK  b        [16 32 64 128]  raw=00008041000000420000804200000043
0x81  OK  a+b      [17 34 68 136]  raw=00008841000008420000884200000843
0x82  OK  OTHER    [16 0 0 0]  raw=00008041000000000000000000000000
0x83  OK  OTHER    [16 0 0 0]  raw=00008041000000000000000000000000
0x84  OK  b        [16 32 64 128]  raw=00008041000000420000804200000043
0x85  OK  b+b      [32 64 128 256]  raw=00000042000080420000004300008043
0x86  OK  b        [16 32 64 128]  raw=00008041000000420000804200000043
0x87  OK  b        [16 32 64 128]  raw=00008041000000420000804200000043
0x88  OK  b        [16 32 64 128]  raw=00008041000000420000804200000043
0x89  OK  b        [16 32 64 128]  raw=00008041000000420000804200000043
0x8a  OK  b        [16 32 64 128]  raw=00008041000000420000804200000043
0x8b  OK  b        [16 32 64 128]  raw=00008041000000420000804200000043
0x8c  OK  b        [16 32 64 128]  raw=00008041000000420000804200000043
0x8d  OK  b        [16 32 64 128]  raw=00008041000000420000804200000043
0x8e  OK  b        [16 32 64 128]  raw=00008041000000420000804200000043
0x8f  OK  b        [16 32 64 128]  raw=00008041000000420000804200000043
0x90  OK  b        [16 32 64 128]  raw=00008041000000420000804200000043
0x91  OK  b        [16 32 64 128]  raw=00008041000000420000804200000043
0x92  OK  b        [16 32 64 128]  raw=00008041000000420000804200000043
0x93  OK  b        [16 32 64 128]  raw=00008041000000420000804200000043
0x94  OK  b        [16 32 64 128]  raw=00008041000000420000804200000043
0x95  OK  b        [16 32 64 128]  raw=00008041000000420000804200000043
0x96  OK  b        [16 32 64 128]  raw=00008041000000420000804200000043
0x97  OK  b        [16 32 64 128]  raw=00008041000000420000804200000043
0x98  OK  b        [16 32 64 128]  raw=00008041000000420000804200000043
0x99  OK  b        [16 32 64 128]  raw=00008041000000420000804200000043
0x9a  OK  b        [16 32 64 128]  raw=00008041000000420000804200000043
0x9b  OK  b        [16 32 64 128]  raw=00008041000000420000804200000043
0x9c  OK  b        [16 32 64 128]  raw=00008041000000420000804200000043
0x9d  OK  b        [16 32 64 128]  raw=00008041000000420000804200000043
0x9e  OK  b        [16 32 64 128]  raw=00008041000000420000804200000043
0x9f  OK  b        [16 32 64 128]  raw=00008041000000420000804200000043
0xa0  OK  b        [16 32 64 128]  raw=00008041000000420000804200000043
0xa1  OK  b        [16 32 64 128]  raw=00008041000000420000804200000043
0xa2  OK  b        [16 32 64 128]  raw=00008041000000420000804200000043
0xa3  OK  b        [16 32 64 128]  raw=00008041000000420000804200000043
0xa4  OK  b        [16 32 64 128]  raw=00008041000000420000804200000043
0xa5  OK  b        [16 32 64 128]  raw=00008041000000420000804200000043
0xa6  OK  b        [16 32 64 128]  raw=00008041000000420000804200000043
0xa7  OK  b        [16 32 64 128]  raw=00008041000000420000804200000043
0xa8  OK  b        [16 32 64 128]  raw=00008041000000420000804200000043
0xa9  OK  b        [16 32 64 128]  raw=00008041000000420000804200000043
0xaa  OK  b        [16 32 64 128]  raw=00008041000000420000804200000043
0xab  OK  b        [16 32 64 128]  raw=00008041000000420000804200000043
0xac  OK  b        [16 32 64 128]  raw=00008041000000420000804200000043
0xad  OK  b        [16 32 64 128]  raw=00008041000000420000804200000043
0xae  OK  b        [16 32 64 128]  raw=00008041000000420000804200000043
0xaf  OK  b        [16 32 64 128]  raw=00008041000000420000804200000043
0xb0  OK  b        [16 32 64 128]  raw=00008041000000420000804200000043
0xb1  OK  b        [16 32 64 128]  raw=00008041000000420000804200000043
0xb2  OK  b        [16 32 64 128]  raw=00008041000000420000804200000043
0xb3  OK  b        [16 32 64 128]  raw=00008041000000420000804200000043
0xb4  OK  b        [16 32 64 128]  raw=00008041000000420000804200000043
0xb5  OK  b        [16 32 64 128]  raw=00008041000000420000804200000043
0xb6  OK  b        [16 32 64 128]  raw=00008041000000420000804200000043
0xb7  OK  b        [16 32 64 128]  raw=00008041000000420000804200000043
0xb8  OK  b        [16 32 64 128]  raw=00008041000000420000804200000043
0xb9  OK  b        [16 32 64 128]  raw=00008041000000420000804200000043
0xba  OK  b        [16 32 64 128]  raw=00008041000000420000804200000043
0xbb  OK  b        [16 32 64 128]  raw=00008041000000420000804200000043
0xbc  OK  b        [16 32 64 128]  raw=00008041000000420000804200000043
0xbd  OK  b        [16 32 64 128]  raw=00008041000000420000804200000043
0xbe  OK  b        [16 32 64 128]  raw=00008041000000420000804200000043
0xbf  OK  b        [16 32 64 128]  raw=00008041000000420000804200000043
0xc0  OK  b        [16 32 64 128]  raw=00008041000000420000804200000043
0xc1  OK  b        [16 32 64 128]  raw=00008041000000420000804200000043
0xc2  OK  b        [16 32 64 128]  raw=00008041000000420000804200000043
0xc3  OK  b        [16 32 64 128]  raw=00008041000000420000804200000043
0xc4  OK  b        [16 32 64 128]  raw=00008041000000420000804200000043
0xc5  OK  b        [16 32 64 128]  raw=00008041000000420000804200000043
0xc6  OK  b        [16 32 64 128]  raw=00008041000000420000804200000043
0xc7  OK  b        [16 32 64 128]  raw=00008041000000420000804200000043
0xc8  OK  b        [16 32 64 128]  raw=00008041000000420000804200000043
0xc9  OK  b        [16 32 64 128]  raw=00008041000000420000804200000043
0xca  OK  b        [16 32 64 128]  raw=00008041000000420000804200000043
0xcb  OK  b        [16 32 64 128]  raw=00008041000000420000804200000043
0xcc  OK  b        [16 32 64 128]  raw=00008041000000420000804200000043
0xcd  OK  b        [16 32 64 128]  raw=00008041000000420000804200000043
0xce  OK  b        [16 32 64 128]  raw=00008041000000420000804200000043
0xcf  OK  b        [16 32 64 128]  raw=00008041000000420000804200000043
0xd0  OK  b        [16 32 64 128]  raw=00008041000000420000804200000043
0xd1  OK  b        [16 32 64 128]  raw=00008041000000420000804200000043
0xd2  OK  b        [16 32 64 128]  raw=00008041000000420000804200000043
0xd3  OK  b        [16 32 64 128]  raw=00008041000000420000804200000043
0xd4  OK  b        [16 32 64 128]  raw=00008041000000420000804200000043
0xd5  OK  b        [16 32 64 128]  raw=00008041000000420000804200000043
0xd6  OK  b        [16 32 64 128]  raw=00008041000000420000804200000043
0xd7  OK  b        [16 32 64 128]  raw=00008041000000420000804200000043
0xd8  OK  b        [16 32 64 128]  raw=00008041000000420000804200000043
0xd9  OK  b        [16 32 64 128]  raw=00008041000000420000804200000043
0xda  OK  b        [16 32 64 128]  raw=00008041000000420000804200000043
0xdb  OK  b        [16 32 64 128]  raw=00008041000000420000804200000043
0xdc  OK  b        [16 32 64 128]  raw=00008041000000420000804200000043
0xdd  OK  b        [16 32 64 128]  raw=00008041000000420000804200000043
0xde  OK  b        [16 32 64 128]  raw=00008041000000420000804200000043
0xdf  OK  b        [16 32 64 128]  raw=00008041000000420000804200000043
0xe0  OK  b        [16 32 64 128]  raw=00008041000000420000804200000043
0xe1  OK  b        [16 32 64 128]  raw=00008041000000420000804200000043
0xe2  OK  b        [16 32 64 128]  raw=00008041000000420000804200000043
0xe3  OK  b        [16 32 64 128]  raw=00008041000000420000804200000043
0xe4  OK  b        [16 32 64 128]  raw=00008041000000420000804200000043
0xe5  OK  b        [16 32 64 128]  raw=00008041000000420000804200000043
0xe6  OK  b        [16 32 64 128]  raw=00008041000000420000804200000043
0xe7  OK  b        [16 32 64 128]  raw=00008041000000420000804200000043
0xe8  OK  b        [16 32 64 128]  raw=00008041000000420000804200000043
0xe9  OK  b        [16 32 64 128]  raw=00008041000000420000804200000043
0xea  OK  b        [16 32 64 128]  raw=00008041000000420000804200000043
0xeb  OK  b        [16 32 64 128]  raw=00008041000000420000804200000043
0xec  OK  b        [16 32 64 128]  raw=00008041000000420000804200000043
0xed  OK  b        [16 32 64 128]  raw=00008041000000420000804200000043
0xee  OK  b        [16 32 64 128]  raw=00008041000000420000804200000043
0xef  OK  b        [16 32 64 128]  raw=00008041000000420000804200000043
0xf0  OK  b        [16 32 64 128]  raw=00008041000000420000804200000043
0xf1  OK  b        [16 32 64 128]  raw=00008041000000420000804200000043
0xf2  OK  b        [16 32 64 128]  raw=00008041000000420000804200000043
0xf3  OK  b        [16 32 64 128]  raw=00008041000000420000804200000043
0xf4  OK  b        [16 32 64 128]  raw=00008041000000420000804200000043
0xf5  OK  b        [16 32 64 128]  raw=00008041000000420000804200000043
0xf6  OK  b        [16 32 64 128]  raw=00008041000000420000804200000043
0xf7  OK  b        [16 32 64 128]  raw=00008041000000420000804200000043
0xf8  OK  b        [16 32 64 128]  raw=00008041000000420000804200000043
0xf9  OK  b        [16 32 64 128]  raw=00008041000000420000804200000043
0xfa  OK  b        [16 32 64 128]  raw=00008041000000420000804200000043
0xfb  OK  b        [16 32 64 128]  raw=00008041000000420000804200000043
0xfc  OK  b        [16 32 64 128]  raw=00008041000000420000804200000043
0xfd  OK  b        [16 32 64 128]  raw=00008041000000420000804200000043
0xfe  OK  b        [16 32 64 128]  raw=00008041000000420000804200000043
0xff  OK  b        [16 32 64 128]  raw=00008041000000420000804200000043
# SUMMARY: OTHER=4, a+b=2, b=248, b+b=2
