0x00  reg0 /16b  out0=100  reg[idx]=0  -> val=0
0x01  reg0 /32b  out0=100  reg[idx]=0  -> val=0
0x02  reg1 /16b  out0=100  reg[idx]=0  -> val=0
0x03  reg1 /32b  out0=100  reg[idx]=0  -> val=0
0x04  reg2 /16b  out0=100  reg[idx]=0  -> val=0
0x05  reg2 /32b  out0=100  reg[idx]=0  -> val=0
0x06  reg3 /16b  out0=100  reg[idx]=0  -> val=0
0x07  reg3 /32b  out0=100  reg[idx]=0  -> val=0
0x08  reg4 /16b  out0=100  reg[idx]=0  -> val=0
0x09  reg4 /32b  out0=200  reg[idx]=100  -> a(buf0)
0x0a  reg5 /16b  out0=100  reg[idx]=0  -> val=0
0x0b  reg5 /32b  out0=300  reg[idx]=200  -> b(buf1)
0x0c  reg6 /16b  out0=100  reg[idx]=0  -> val=0
0x0d  reg6 /32b  out0=100  reg[idx]=0  -> val=0
0x0e  reg7 /16b  out0=100  reg[idx]=0  -> val=0
0x0f  reg7 /32b  out0=100  reg[idx]=0  -> val=0
0x10  reg8 /16b  out0=100  reg[idx]=0  -> val=0
0x11  reg8 /32b  out0=100  reg[idx]=0  -> val=0
0x12  reg9 /16b  out0=100  reg[idx]=0  -> val=0
0x13  reg9 /32b  out0=100  reg[idx]=0  -> val=0
0x14  reg10/16b  out0=100  reg[idx]=0  -> val=0
0x15  reg10/32b  out0=100  reg[idx]=0  -> val=0
0x16  reg11/16b  out0=100  reg[idx]=0  -> val=0
0x17  reg11/32b  out0=100  reg[idx]=0  -> val=0
0x18  reg12/16b  out0=100  reg[idx]=0  -> val=0
0x19  reg12/32b  out0=100  reg[idx]=0  -> val=0
0x1a  reg13/16b  out0=100  reg[idx]=0  -> val=0
0x1b  reg13/32b  out0=100  reg[idx]=0  -> val=0
0x1c  reg14/16b  out0=100  reg[idx]=0  -> val=0
0x1d  reg14/32b  out0=100  reg[idx]=0  -> val=0
0x1e  reg15/16b  out0=100  reg[idx]=0  -> val=0
0x1f  reg15/32b  out0=100  reg[idx]=0  -> val=0
0x20  reg16/16b  out0=100  reg[idx]=0  -> val=0
0x21  reg16/32b  out0=100  reg[idx]=0  -> val=0
0x22  reg17/16b  out0=100  reg[idx]=0  -> val=0
0x23  reg17/32b  out0=100  reg[idx]=0  -> val=0
0x24  reg18/16b  out0=100  reg[idx]=0  -> val=0
0x25  reg18/32b  out0=100  reg[idx]=0  -> val=0
0x26  reg19/16b  out0=100  reg[idx]=0  -> val=0
0x27  reg19/32b  out0=100  reg[idx]=0  -> val=0
0x28  reg20/16b  out0=100  reg[idx]=0  -> val=0
0x29  reg20/32b  out0=100  reg[idx]=0  -> val=0
0x2a  reg21/16b  out0=100  reg[idx]=0  -> val=0
0x2b  reg21/32b  out0=100  reg[idx]=0  -> val=0
0x2c  reg22/16b  out0=100  reg[idx]=0  -> val=0
0x2d  reg22/32b  out0=100  reg[idx]=0  -> val=0
0x2e  reg23/16b  out0=100  reg[idx]=0  -> val=0
0x2f  reg23/32b  out0=100  reg[idx]=0  -> val=0
0x30  reg24/16b  out0=100  reg[idx]=0  -> val=0
0x31  reg24/32b  out0=100  reg[idx]=0  -> val=0
0x32  reg25/16b  out0=100  reg[idx]=0  -> val=0
0x33  reg25/32b  out0=100  reg[idx]=0  -> val=0
0x34  reg26/16b  out0=100  reg[idx]=0  -> val=0
0x35  reg26/32b  out0=100  reg[idx]=0  -> val=0
0x36  reg27/16b  out0=100  reg[idx]=0  -> val=0
0x37  reg27/32b  out0=100  reg[idx]=0  -> val=0
0x38  reg28/16b  out0=100  reg[idx]=0  -> val=0
0x39  reg28/32b  out0=100  reg[idx]=0  -> val=0
0x3a  reg29/16b  out0=100  reg[idx]=0  -> val=0
0x3b  reg29/32b  out0=100  reg[idx]=0  -> val=0
0x3c  reg30/16b  out0=100  reg[idx]=0  -> val=0
0x3d  reg30/32b  out0=100  reg[idx]=0  -> val=0
0x3e  reg31/16b  out0=100  reg[idx]=0  -> val=0
0x3f  reg31/32b  out0=100  reg[idx]=0  -> val=0
0x40  reg32/16b  out0=100  reg[idx]=0  -> val=0
0x41  reg32/32b  out0=100  reg[idx]=0  -> val=0
0x42  reg33/16b  out0=100  reg[idx]=0  -> val=0
0x43  reg33/32b  out0=100  reg[idx]=0  -> val=0
0x44  reg34/16b  out0=100  reg[idx]=0  -> val=0
0x45  reg34/32b  out0=100  reg[idx]=0  -> val=0
0x46  reg35/16b  out0=100  reg[idx]=0  -> val=0
0x47  reg35/32b  out0=100  reg[idx]=0  -> val=0
0x48  reg36/16b  out0=100  reg[idx]=0  -> val=0
0x49  reg36/32b  out0=100  reg[idx]=0  -> val=0
0x4a  reg37/16b  out0=100  reg[idx]=0  -> val=0
0x4b  reg37/32b  out0=100  reg[idx]=0  -> val=0
0x4c  reg38/16b  out0=100  reg[idx]=0  -> val=0
0x4d  reg38/32b  out0=100  reg[idx]=0  -> val=0
0x4e  reg39/16b  out0=100  reg[idx]=0  -> val=0
0x4f  reg39/32b  out0=100  reg[idx]=0  -> val=0
0x50  reg40/16b  out0=100  reg[idx]=0  -> val=0
0x51  reg40/32b  out0=100  reg[idx]=0  -> val=0
0x52  reg41/16b  out0=100  reg[idx]=0  -> val=0
0x53  reg41/32b  out0=100  reg[idx]=0  -> val=0
0x54  reg42/16b  out0=100  reg[idx]=0  -> val=0
0x55  reg42/32b  out0=100  reg[idx]=0  -> val=0
0x56  reg43/16b  out0=100  reg[idx]=0  -> val=0
0x57  reg43/32b  out0=100  reg[idx]=0  -> val=0
0x58  reg44/16b  out0=100  reg[idx]=0  -> val=0
0x59  reg44/32b  out0=100  reg[idx]=0  -> val=0
0x5a  reg45/16b  out0=100  reg[idx]=0  -> val=0
0x5b  reg45/32b  out0=100  reg[idx]=0  -> val=0
0x5c  reg46/16b  out0=100  reg[idx]=0  -> val=0
0x5d  reg46/32b  out0=100  reg[idx]=0  -> val=0
0x5e  reg47/16b  out0=100  reg[idx]=0  -> val=0
0x5f  reg47/32b  out0=100  reg[idx]=0  -> val=0
0x60  reg48/16b  out0=100  reg[idx]=0  -> val=0
0x61  reg48/32b  out0=100  reg[idx]=0  -> val=0
0x62  reg49/16b  out0=100  reg[idx]=0  -> val=0
0x63  reg49/32b  out0=100  reg[idx]=0  -> val=0
0x64  reg50/16b  out0=100  reg[idx]=0  -> val=0
0x65  reg50/32b  out0=100  reg[idx]=0  -> val=0
0x66  reg51/16b  out0=100  reg[idx]=0  -> val=0
0x67  reg51/32b  out0=100  reg[idx]=0  -> val=0
0x68  reg52/16b  out0=100  reg[idx]=0  -> val=0
0x69  reg52/32b  out0=100  reg[idx]=0  -> val=0
0x6a  reg53/16b  out0=100  reg[idx]=0  -> val=0
0x6b  reg53/32b  out0=100  reg[idx]=0  -> val=0
0x6c  reg54/16b  out0=100  reg[idx]=0  -> val=0
0x6d  reg54/32b  out0=100  reg[idx]=0  -> val=0
0x6e  reg55/16b  out0=100  reg[idx]=0  -> val=0
0x6f  reg55/32b  out0=100  reg[idx]=0  -> val=0
0x70  reg56/16b  out0=100  reg[idx]=0  -> val=0
0x71  reg56/32b  out0=100  reg[idx]=0  -> val=0
0x72  reg57/16b  out0=100  reg[idx]=0  -> val=0
0x73  reg57/32b  out0=100  reg[idx]=0  -> val=0
0x74  reg58/16b  out0=100  reg[idx]=0  -> val=0
0x75  reg58/32b  out0=100  reg[idx]=0  -> val=0
0x76  reg59/16b  out0=100  reg[idx]=0  -> val=0
0x77  reg59/32b  out0=100  reg[idx]=0  -> val=0
0x78  reg60/16b  out0=100  reg[idx]=0  -> val=0
0x79  reg60/32b  out0=100  reg[idx]=0  -> val=0
0x7a  reg61/16b  out0=100  reg[idx]=0  -> val=0
0x7b  reg61/32b  out0=100  reg[idx]=0  -> val=0
0x7c  reg62/16b  out0=100  reg[idx]=0  -> val=0
0x7d  reg62/32b  out0=100  reg[idx]=0  -> val=0
0x7e  reg63/16b  out0=100  reg[idx]=0  -> val=0
0x7f  reg63/32b  out0=100  reg[idx]=0  -> val=0
0x80  reg64/16b  out0=100  reg[idx]=0  -> val=0
0x81  reg64/32b  out0=100  reg[idx]=0  -> val=0
0x82  reg65/16b  out0=100  reg[idx]=0  -> val=0
0x83  reg65/32b  out0=100  reg[idx]=0  -> val=0
0x84  reg66/16b  out0=100  reg[idx]=0  -> val=0
0x85  reg66/32b  out0=100  reg[idx]=0  -> val=0
0x86  reg67/16b  out0=100  reg[idx]=0  -> val=0
0x87  reg67/32b  out0=100  reg[idx]=0  -> val=0
0x88  reg68/16b  out0=100  reg[idx]=0  -> val=0
0x89  reg68/32b  out0=200  reg[idx]=100  -> a(buf0)
0x8a  reg69/16b  out0=100  reg[idx]=0  -> val=0
0x8b  reg69/32b  out0=300  reg[idx]=200  -> b(buf1)
0x8c  reg70/16b  out0=100  reg[idx]=0  -> val=0
0x8d  reg70/32b  out0=100  reg[idx]=0  -> val=0
0x8e  reg71/16b  out0=100  reg[idx]=0  -> val=0
0x8f  reg71/32b  out0=100  reg[idx]=0  -> val=0
0x90  reg72/16b  out0=100  reg[idx]=0  -> val=0
0x91  reg72/32b  out0=100  reg[idx]=0  -> val=0
0x92  reg73/16b  out0=100  reg[idx]=0  -> val=0
0x93  reg73/32b  out0=100  reg[idx]=0  -> val=0
0x94  reg74/16b  out0=100  reg[idx]=0  -> val=0
0x95  reg74/32b  out0=100  reg[idx]=0  -> val=0
0x96  reg75/16b  out0=100  reg[idx]=0  -> val=0
0x97  reg75/32b  out0=100  reg[idx]=0  -> val=0
0x98  reg76/16b  out0=100  reg[idx]=0  -> val=0
0x99  reg76/32b  out0=100  reg[idx]=0  -> val=0
0x9a  reg77/16b  out0=100  reg[idx]=0  -> val=0
0x9b  reg77/32b  out0=100  reg[idx]=0  -> val=0
0x9c  reg78/16b  out0=100  reg[idx]=0  -> val=0
0x9d  reg78/32b  out0=100  reg[idx]=0  -> val=0
0x9e  reg79/16b  out0=100  reg[idx]=0  -> val=0
0x9f  reg79/32b  out0=100  reg[idx]=0  -> val=0
0xa0  reg80/16b  out0=100  reg[idx]=0  -> val=0
0xa1  reg80/32b  out0=100  reg[idx]=0  -> val=0
0xa2  reg81/16b  out0=100  reg[idx]=0  -> val=0
0xa3  reg81/32b  out0=100  reg[idx]=0  -> val=0
0xa4  reg82/16b  out0=100  reg[idx]=0  -> val=0
0xa5  reg82/32b  out0=100  reg[idx]=0  -> val=0
0xa6  reg83/16b  out0=100  reg[idx]=0  -> val=0
0xa7  reg83/32b  out0=100  reg[idx]=0  -> val=0
0xa8  reg84/16b  out0=100  reg[idx]=0  -> val=0
0xa9  reg84/32b  out0=100  reg[idx]=0  -> val=0
0xaa  reg85/16b  out0=100  reg[idx]=0  -> val=0
0xab  reg85/32b  out0=100  reg[idx]=0  -> val=0
0xac  reg86/16b  out0=100  reg[idx]=0  -> val=0
0xad  reg86/32b  out0=100  reg[idx]=0  -> val=0
0xae  reg87/16b  out0=100  reg[idx]=0  -> val=0
0xaf  reg87/32b  out0=100  reg[idx]=0  -> val=0
0xb0  reg88/16b  out0=100  reg[idx]=0  -> val=0
0xb1  reg88/32b  out0=100  reg[idx]=0  -> val=0
0xb2  reg89/16b  out0=100  reg[idx]=0  -> val=0
0xb3  reg89/32b  out0=100  reg[idx]=0  -> val=0
0xb4  reg90/16b  out0=100  reg[idx]=0  -> val=0
0xb5  reg90/32b  out0=100  reg[idx]=0  -> val=0
0xb6  reg91/16b  out0=100  reg[idx]=0  -> val=0
0xb7  reg91/32b  out0=100  reg[idx]=0  -> val=0
0xb8  reg92/16b  out0=100  reg[idx]=0  -> val=0
0xb9  reg92/32b  out0=100  reg[idx]=0  -> val=0
0xba  reg93/16b  out0=100  reg[idx]=0  -> val=0
0xbb  reg93/32b  out0=100  reg[idx]=0  -> val=0
0xbc  reg94/16b  out0=100  reg[idx]=0  -> val=0
0xbd  reg94/32b  out0=100  reg[idx]=0  -> val=0
0xbe  reg95/16b  out0=100  reg[idx]=0  -> val=0
0xbf  reg95/32b  out0=100  reg[idx]=0  -> val=0
0xc0  reg96/16b  out0=100  reg[idx]=0  -> val=0
0xc1  reg96/32b  out0=100  reg[idx]=0  -> val=0
0xc2  reg97/16b  out0=100  reg[idx]=0  -> val=0
0xc3  reg97/32b  out0=100  reg[idx]=0  -> val=0
0xc4  reg98/16b  out0=100  reg[idx]=0  -> val=0
0xc5  reg98/32b  out0=100  reg[idx]=0  -> val=0
0xc6  reg99/16b  out0=100  reg[idx]=0  -> val=0
0xc7  reg99/32b  out0=100  reg[idx]=0  -> val=0
0xc8  reg100/16b  out0=100  reg[idx]=0  -> val=0
0xc9  reg100/32b  out0=100  reg[idx]=0  -> val=0
0xca  reg101/16b  out0=100  reg[idx]=0  -> val=0
0xcb  reg101/32b  out0=100  reg[idx]=0  -> val=0
0xcc  reg102/16b  out0=100  reg[idx]=0  -> val=0
0xcd  reg102/32b  out0=100  reg[idx]=0  -> val=0
0xce  reg103/16b  out0=100  reg[idx]=0  -> val=0
0xcf  reg103/32b  out0=100  reg[idx]=0  -> val=0
0xd0  reg104/16b  out0=100  reg[idx]=0  -> val=0
0xd1  reg104/32b  out0=100  reg[idx]=0  -> val=0
0xd2  reg105/16b  out0=100  reg[idx]=0  -> val=0
0xd3  reg105/32b  out0=100  reg[idx]=0  -> val=0
0xd4  reg106/16b  out0=100  reg[idx]=0  -> val=0
0xd5  reg106/32b  out0=100  reg[idx]=0  -> val=0
0xd6  reg107/16b  out0=100  reg[idx]=0  -> val=0
0xd7  reg107/32b  out0=100  reg[idx]=0  -> val=0
0xd8  reg108/16b  out0=100  reg[idx]=0  -> val=0
0xd9  reg108/32b  out0=100  reg[idx]=0  -> val=0
0xda  reg109/16b  out0=100  reg[idx]=0  -> val=0
0xdb  reg109/32b  out0=100  reg[idx]=0  -> val=0
0xdc  reg110/16b  out0=100  reg[idx]=0  -> val=0
0xdd  reg110/32b  out0=100  reg[idx]=0  -> val=0
0xde  reg111/16b  out0=100  reg[idx]=0  -> val=0
0xdf  reg111/32b  out0=100  reg[idx]=0  -> val=0
0xe0  reg112/16b  out0=100  reg[idx]=0  -> val=0
0xe1  reg112/32b  out0=100  reg[idx]=0  -> val=0
0xe2  reg113/16b  out0=100  reg[idx]=0  -> val=0
0xe3  reg113/32b  out0=100  reg[idx]=0  -> val=0
0xe4  reg114/16b  out0=100  reg[idx]=0  -> val=0
0xe5  reg114/32b  out0=100  reg[idx]=0  -> val=0
0xe6  reg115/16b  out0=100  reg[idx]=0  -> val=0
0xe7  reg115/32b  out0=100  reg[idx]=0  -> val=0
0xe8  reg116/16b  out0=100  reg[idx]=0  -> val=0
0xe9  reg116/32b  out0=100  reg[idx]=0  -> val=0
0xea  reg117/16b  out0=100  reg[idx]=0  -> val=0
0xeb  reg117/32b  out0=100  reg[idx]=0  -> val=0
0xec  reg118/16b  out0=100  reg[idx]=0  -> val=0
0xed  reg118/32b  out0=100  reg[idx]=0  -> val=0
0xee  reg119/16b  out0=100  reg[idx]=0  -> val=0
0xef  reg119/32b  out0=100  reg[idx]=0  -> val=0
0xf0  reg120/16b  out0=100  reg[idx]=0  -> val=0
0xf1  reg120/32b  out0=100  reg[idx]=0  -> val=0
0xf2  reg121/16b  out0=100  reg[idx]=0  -> val=0
0xf3  reg121/32b  out0=100  reg[idx]=0  -> val=0
0xf4  reg122/16b  out0=100  reg[idx]=0  -> val=0
0xf5  reg122/32b  out0=100  reg[idx]=0  -> val=0
0xf6  reg123/16b  out0=100  reg[idx]=0  -> val=0
0xf7  reg123/32b  out0=100  reg[idx]=0  -> val=0
0xf8  reg124/16b  out0=100  reg[idx]=0  -> val=0
0xf9  reg124/32b  out0=100  reg[idx]=0  -> val=0
0xfa  reg125/16b  out0=100  reg[idx]=0  -> val=0
0xfb  reg125/32b  out0=100  reg[idx]=0  -> val=0
0xfc  reg126/16b  out0=100  reg[idx]=0  -> val=0
0xfd  reg126/32b  out0=100  reg[idx]=0  -> val=0
0xfe  reg127/16b  out0=100  reg[idx]=0  -> val=0
0xff  reg127/32b  out0=100  reg[idx]=0  -> val=0
