G17P_PARTIAL_START pid=43765 device=Apple M4 width=128 height=128 triangles=30000 vertices=90000 varying_bytes=16 submissions=48 command_queues=1 enqueue_all=0 mode=accumulate
G17P_PARTIAL_LIBRARY_BEGIN path=/Users/user/asahi_re/public/agx-re/experiments/EXP-0118-a18-pro-partial-render-workload/build/g17ppartial.metallib
G17P_PARTIAL_LIBRARY_READY
G17P_PARTIAL_PIPELINE_BEGIN
G17P_PARTIAL_PIPELINE_READY
G17P_PARTIAL_READY submission=1/48 queue=1/1 input=0x10000018200 input_size=0x10 output0=0x10000058000 output_size=0x10000
G17P_PARTIAL_ACCUM submission=1 index=0 max=0.999681294
G17P_PARTIAL_TARGET submission=1 index=0 exact_pixels=0/16384 changed_bytes=8 first=00000000
G17P_PARTIAL_ACCUM submission=1 index=1 max=1.99936259
G17P_PARTIAL_TARGET submission=1 index=1 exact_pixels=0/16384 changed_bytes=8 first=00000000
G17P_PARTIAL_ACCUM submission=1 index=2 max=2.99919295
G17P_PARTIAL_TARGET submission=1 index=2 exact_pixels=0/16384 changed_bytes=8 first=00000000
G17P_PARTIAL_ACCUM submission=1 index=3 max=3.99872518
G17P_PARTIAL_TARGET submission=1 index=3 exact_pixels=0/16384 changed_bytes=8 first=00000000
G17P_PARTIAL_ACCUM submission=1 index=4 max=5.0010891
G17P_PARTIAL_TARGET submission=1 index=4 exact_pixels=0/16384 changed_bytes=8 first=00000000
G17P_PARTIAL_ACCUM submission=1 index=5 max=5.99838591
G17P_PARTIAL_TARGET submission=1 index=5 exact_pixels=0/16384 changed_bytes=8 first=00000000
G17P_PARTIAL_ACCUM submission=1 index=6 max=6.99847031
G17P_PARTIAL_TARGET submission=1 index=6 exact_pixels=0/16384 changed_bytes=8 first=00000000
G17P_PARTIAL_ACCUM submission=1 index=7 max=7.99745035
G17P_PARTIAL_TARGET submission=1 index=7 exact_pixels=0/16384 changed_bytes=8 first=00000000
G17P_PARTIAL_SUBMISSION_DONE submission=1/48 status=4 error=none exact=1
G17P_PARTIAL_READY submission=2/48 queue=1/1 input=0x10000018200 input_size=0x10 output0=0x10000058000 output_size=0x10000
G17P_PARTIAL_ACCUM submission=2 index=0 max=0.999681294
G17P_PARTIAL_TARGET submission=2 index=0 exact_pixels=0/16384 changed_bytes=8 first=00000000
G17P_PARTIAL_ACCUM submission=2 index=1 max=1.99936259
G17P_PARTIAL_TARGET submission=2 index=1 exact_pixels=0/16384 changed_bytes=8 first=00000000
G17P_PARTIAL_ACCUM submission=2 index=2 max=2.99919295
G17P_PARTIAL_TARGET submission=2 index=2 exact_pixels=0/16384 changed_bytes=8 first=00000000
G17P_PARTIAL_ACCUM submission=2 index=3 max=3.99872518
G17P_PARTIAL_TARGET submission=2 index=3 exact_pixels=0/16384 changed_bytes=8 first=00000000
G17P_PARTIAL_ACCUM submission=2 index=4 max=5.0010891
G17P_PARTIAL_TARGET submission=2 index=4 exact_pixels=0/16384 changed_bytes=8 first=00000000
G17P_PARTIAL_ACCUM submission=2 index=5 max=5.99838591
G17P_PARTIAL_TARGET submission=2 index=5 exact_pixels=0/16384 changed_bytes=8 first=00000000
G17P_PARTIAL_ACCUM submission=2 index=6 max=6.99847031
G17P_PARTIAL_TARGET submission=2 index=6 exact_pixels=0/16384 changed_bytes=8 first=00000000
G17P_PARTIAL_ACCUM submission=2 index=7 max=7.99745035
G17P_PARTIAL_TARGET submission=2 index=7 exact_pixels=0/16384 changed_bytes=8 first=00000000
G17P_PARTIAL_SUBMISSION_DONE submission=2/48 status=4 error=none exact=1
G17P_PARTIAL_READY submission=3/48 queue=1/1 input=0x10000018200 input_size=0x10 output0=0x10000058000 output_size=0x10000
G17P_PARTIAL_ACCUM submission=3 index=0 max=0
G17P_PARTIAL_TARGET submission=3 index=0 exact_pixels=0/16384 changed_bytes=0 first=00000000
G17P_PARTIAL_ACCUM submission=3 index=1 max=0
G17P_PARTIAL_TARGET submission=3 index=1 exact_pixels=0/16384 changed_bytes=0 first=00000000
G17P_PARTIAL_ACCUM submission=3 index=2 max=0
G17P_PARTIAL_TARGET submission=3 index=2 exact_pixels=0/16384 changed_bytes=0 first=00000000
G17P_PARTIAL_ACCUM submission=3 index=3 max=0
G17P_PARTIAL_TARGET submission=3 index=3 exact_pixels=0/16384 changed_bytes=0 first=00000000
G17P_PARTIAL_ACCUM submission=3 index=4 max=0
G17P_PARTIAL_TARGET submission=3 index=4 exact_pixels=0/16384 changed_bytes=0 first=00000000
G17P_PARTIAL_ACCUM submission=3 index=5 max=0
G17P_PARTIAL_TARGET submission=3 index=5 exact_pixels=0/16384 changed_bytes=0 first=00000000
G17P_PARTIAL_ACCUM submission=3 index=6 max=0
G17P_PARTIAL_TARGET submission=3 index=6 exact_pixels=0/16384 changed_bytes=0 first=00000000
G17P_PARTIAL_ACCUM submission=3 index=7 max=0
G17P_PARTIAL_TARGET submission=3 index=7 exact_pixels=0/16384 changed_bytes=0 first=00000000
G17P_PARTIAL_SUBMISSION_DONE submission=3/48 status=5 error=Discarded (victim of GPU error/recovery) (00000005:kIOGPUCommandBufferCallbackErrorInnocentVictim) exact=0
G17P_PARTIAL_DONE status=5 error=Discarded (victim of GPU error/recovery) (00000005:kIOGPUCommandBufferCallbackErrorInnocentVictim) exact=0 submissions=3/48
