# iotrace init pid=22807 dump_dir=/Users/user/asahi_re/public/agx-re/experiments/EXP-0136-m4-unreachable-encodings/work/gen/m4_20260828_run02/d_swizzle_comp0_code3/dump max_struct=65536 max_map=1048576 dump_atexit=0 n_dump_sel=0 only_conn=0x0
OPEN class=IOSurfaceRoot type=0 -> conn=c03 ret=0x0
CALL seq=1 fn=Method conn=c03 class=IOSurfaceRoot sel=13(0xd) inScalarCnt=0 inStructCnt=0
RET  seq=1 conn=c03 sel=13(0xd) ret=0x0 outStructCnt=40
  OUT.struct len=40
  OUT 000000: ff3f 0000 7f00 0000 0080 0000 0000 0000 
  OUT 000010: 0040 0000 0000 0000 0040 0000 0000 0000 
  OUT 000020: 0000 0100 0000 0000                     
MEMENTRY size=0x40000 offset=0x1042dc000 perm=0x400001 parent=0x0 -> handle=0x1003 ret=0x0
CALL seq=2 fn=Method conn=c03 class=IOSurfaceRoot sel=44(0x2c) inScalarCnt=1 inStructCnt=0 inScalars=[0x6d4]
RET  seq=2 conn=c03 sel=44(0x2c) ret=0xe00002f0 outStructCnt=0
OPEN class=AGXAcceleratorG16G type=1048581 -> conn=2f03 ret=0x0
CALL seq=3 fn=Struct conn=2f03 class=AGXAcceleratorG16G sel=2(0x2) inScalarCnt=0 inStructCnt=0
RET  seq=3 conn=2f03 sel=2(0x2) ret=0x0 outStructCnt=536
  OUT.struct len=536
  OUT 000000: 00c0 3c04 0100 0000 0800 0000 0800 0000 
  OUT 000010: 0000 0000 8000 0000 0000 0000 0400 0000 
  OUT 000020: 0800 0000 0c00 0000 1000 0000 1400 0000 
  OUT 000030: 1800 0000 1c00 0000 2000 0000 2400 0000 
  OUT 000040: 2800 0000 2c00 0000 3000 0000 3400 0000 
  OUT 000050: 3800 0000 3c00 0000 4000 0000 4400 0000 
  OUT 000060: 4800 0000 4c00 0000 5000 0000 5400 0000 
  OUT 000070: 5800 0000 5c00 0000 6000 0000 6400 0000 
  OUT 000080: 6800 0000 6c00 0000 7000 0000 7400 0000 
  OUT 000090: 7800 0000 7c00 0000 8000 0000 8400 0000 
  OUT 0000a0: 8800 0000 8c00 0000 9000 0000 9400 0000 
  OUT 0000b0: 9800 0000 9c00 0000 a000 0000 a400 0000 
  OUT 0000c0: a800 0000 ac00 0000 b000 0000 b400 0000 
  OUT 0000d0: b800 0000 bc00 0000 c000 0000 c400 0000 
  OUT 0000e0: c800 0000 cc00 0000 d000 0000 d400 0000 
  OUT 0000f0: d800 0000 dc00 0000 e000 0000 e400 0000 
  OUT 000100: e800 0000 ec00 0000 f000 0000 f400 0000 
  OUT 000110: f800 0000 fc00 0000 0001 0000 0401 0000 
  OUT 000120: 0801 0000 0c01 0000 1001 0000 1401 0000 
  OUT 000130: 1801 0000 1c01 0000 2001 0000 2401 0000 
  OUT 000140: 2801 0000 2c01 0000 3001 0000 3401 0000 
  OUT 000150: 3801 0000 3c01 0000 4001 0000 4401 0000 
  OUT 000160: 4801 0000 4c01 0000 5001 0000 5401 0000 
  OUT 000170: 5801 0000 5c01 0000 6001 0000 6401 0000 
  OUT 000180: 6801 0000 6c01 0000 7001 0000 7401 0000 
  OUT 000190: 7801 0000 7c01 0000 8001 0000 8401 0000 
  OUT 0001a0: 8801 0000 8c01 0000 9001 0000 9401 0000 
  OUT 0001b0: 9801 0000 9c01 0000 a001 0000 a401 0000 
  OUT 0001c0: a801 0000 ac01 0000 b001 0000 b401 0000 
  OUT 0001d0: b801 0000 bc01 0000 c001 0000 c401 0000 
  OUT 0001e0: c801 0000 cc01 0000 d001 0000 d401 0000 
  OUT 0001f0: d801 0000 dc01 0000 e001 0000 e401 0000 
  OUT 000200: e801 0000 ec01 0000 f001 0000 f401 0000 
  OUT 000210: f801 0000 fc01 0000                     
CALL seq=4 fn=Struct conn=2f03 class=AGXAcceleratorG16G sel=0(0x0) inScalarCnt=0 inStructCnt=0
RET  seq=4 conn=2f03 sel=0(0x0) ret=0x0 outStructCnt=64
  OUT.struct len=64
  OUT 000000: 4043 0000 0000 0000 0000 0000 0000 0000 
  OUT 000010: 0000 0000 0000 0000 0200 0000 0000 0000 
  OUT 000020: 00c0 c2f5 0200 0000 0000 5238 0200 0000 
  OUT 000030: 0000 0000 0000 0000 0000 0000 0000 0000 
CALL seq=5 fn=Struct conn=2f03 class=AGXAcceleratorG16G sel=5(0x5) inScalarCnt=0 inStructCnt=0
RET  seq=5 conn=2f03 sel=5(0x5) ret=0x0 outStructCnt=32
  OUT.struct len=32
  OUT 000000: 016b 5c99 2800 0000 0000 3e04 0100 0000 
  OUT 000010: 0040 3d04 0100 0000 0040 0000 0000 0000 
CALL seq=6 fn=Method conn=c03 class=IOSurfaceRoot sel=32(0x20) inScalarCnt=0 inStructCnt=0
RET  seq=6 conn=c03 sel=32(0x20) ret=0x0 outScalars=[0x1042d8000]
CALL seq=7 fn=Struct conn=2f03 class=AGXAcceleratorG16G sel=258(0x102) inScalarCnt=0 inStructCnt=0
RET  seq=7 conn=2f03 sel=258(0x102) ret=0x0 outStructCnt=456
  OUT.struct len=456
  OUT 000000: 0000 0000 0000 0000 0000 0000 0000 0000 
  OUT 000010: 0000 0000 0000 0000 0000 0000 0000 0000 
  OUT 000020: 0000 0000 0000 0000 0000 0000 0000 0000 
  OUT 000030: 0000 0000 0000 0000 0000 0000 0000 0000 
  OUT 000040: 0000 0000 0000 0000 0000 0000 0000 0000 
  OUT 000050: 0000 0000 0000 0000 0000 0000 0000 0000 
  OUT 000060: 0000 0000 0000 0000 0000 0000 0000 0000 
  OUT 000070: 0000 0000 0000 0000 0000 0000 0000 0000 
  OUT 000080: 0000 0000 0000 0000 0000 0000 0000 0000 
  OUT 000090: 0000 0000 0000 0000 0000 0000 0000 0000 
  OUT 0000a0: 0000 0000 0000 0000 0000 0000 0000 0000 
  OUT 0000b0: 0000 0000 0000 0000 0000 0000 0000 0000 
  OUT 0000c0: 0000 0000 0000 0000 4a75 6c20 3331 2032 
  OUT 0000d0: 3032 3620 3232 3a34 333a 3233 0000 0000 
  OUT 0000e0: 0000 0000 0000 0000 7265 6c65 6173 6520 
  OUT 0000f0: 6665 6e64 6572 5f73 6372 6174 6368 5f72 
  OUT 000100: 616d 5f72 6574 656e 7469 6f6e 0000 0000 
  OUT 000110: 0000 0000 0000 0000 0000 0000 0000 0000 
  OUT 000120: 0000 0000 0000 0000 0000 0000 0000 0000 
  OUT 000130: 0000 0000 0000 0000 0000 0000 0000 0000 
  OUT 000140: 0000 0000 0000 0000 0000 0000 0000 0000 
  OUT 000150: 0000 0000 0000 0000 0000 0000 0000 0000 
  OUT 000160: 0000 0000 0000 0000 0000 0000 0000 0000 
  OUT 000170: 0000 0000 0000 0000 0000 0000 0000 0000 
  OUT 000180: 0000 0000 0000 0000 0000 0000 0000 0000 
  OUT 000190: 0000 0000 0000 0000 0000 0000 0000 0000 
  OUT 0001a0: 0000 0000 0000 0000 4a37 3733 6741 5000 
  OUT 0001b0: 0000 0000 0000 0000 0000 0000 0000 0000 
  OUT 0001c0: 0000 0000 0000 0000                     
CALL seq=8 fn=Struct conn=2f03 class=AGXAcceleratorG16G sel=256(0x100) inScalarCnt=0 inStructCnt=0
RET  seq=8 conn=2f03 sel=256(0x100) ret=0x0 outStructCnt=152
  OUT.struct len=152
  OUT 000000: 0000 0000 0000 0000 0000 0000 0000 0000 
  OUT 000010: ff03 0000 0000 0000 0000 0000 0000 0000 
  OUT 000020: 1b00 0000 0400 0000 0000 0000 0000 0000 
  OUT 000030: 0a00 0000 0400 0000 0400 0000 0400 0000 
  OUT 000040: 0000 0000 0a00 0000 0200 0000 0300 0000 
  OUT 000050: 0300 0000 0200 0000 0300 0000 0300 0000 
  OUT 000060: 1000 0000 0100 0000 0100 0000 0100 0000 
  OUT 000070: 0100 0000 0a00 0000 0a00 0000 0000 0000 
  OUT 000080: 0000 0000 0001 0100 0000 0000 0000 0300 
  OUT 000090: 0000 0000 0000 0000                     
CALL seq=9 fn=Method conn=2f03 class=AGXAcceleratorG16G sel=9(0x9) inScalarCnt=0 inStructCnt=104
  IN.struct len=104
  IN 000000: 0000 0000 0000 0000 0100 0100 0100 0000 
  IN 000010: 0101 0001 3004 0000 0000 0000 0000 0000 
  IN 000020: 0000 0000 0000 0000 0000 0000 0000 0000 
  IN 000030: 0000 0000 0000 0000 0000 0000 0000 0000 
  IN 000040: 0000 0000 0000 0000 0000 0100 0000 0000 
  IN 000050: 0000 0000 0000 0000 0000 0008 1800 0000 
  IN 000060: 0000 0000 0000 0000                     
RET  seq=9 conn=2f03 sel=9(0x9) ret=0x0 outStructCnt=88
  OUT.struct len=88
  OUT 000000: 0000 0000 0001 0000 0080 3e04 0100 0000 
  OUT 000010: c040 3d04 0100 0000 0000 0000 0000 0000 
  OUT 000020: 0000 0000 0100 0000 0000 0100 0000 0000 
  OUT 000030: 026b 5c99 2800 0000 f75b 0e00 0000 0000 
  OUT 000040: 0000 0000 0000 0000 0000 0000 0000 0000 
  OUT 000050: 0000 0100 0000 0000                     
CALL seq=10 fn=Struct conn=2f03 class=AGXAcceleratorG16G sel=261(0x105) inScalarCnt=0 inStructCnt=72
  IN.struct len=72
  IN 000000: 0b00 0000 0000 0000 0000 0000 0000 0000 
  IN 000010: 0000 0000 0000 0000 0000 0000 0000 0000 
  IN 000020: 0000 0000 0000 0000 0000 0000 0000 0000 
  IN 000030: 0000 0000 0000 0000 0000 0000 0000 0000 
  IN 000040: 0000 0000 0000 0000                     
RET  seq=10 conn=2f03 sel=261(0x105) ret=0x0 outStructCnt=72
  OUT.struct len=72
  OUT 000000: 0b00 0000 0000 0000 0000 0000 0000 0000 
  OUT 000010: 0000 0000 0000 0000 0000 0000 0000 0000 
  OUT 000020: 0000 0000 0000 0000 0000 0000 0000 0000 
  OUT 000030: 0200 0000 0000 0000 0000 0000 0000 0000 
  OUT 000040: 0000 0000 0000 0000                     
CALL seq=11 fn=Method conn=2f03 class=AGXAcceleratorG16G sel=9(0x9) inScalarCnt=0 inStructCnt=104
  IN.struct len=104
  IN 000000: 0000 0000 0000 0000 0100 0100 0100 0000 
  IN 000010: 0101 0001 7004 0000 0000 0000 0000 0000 
  IN 000020: 0000 0000 0000 0000 0000 0000 0000 0000 
  IN 000030: 0100 0000 0000 0000 0000 0000 0000 0000 
  IN 000040: 0000 0000 0000 0000 0038 0000 0000 0000 
  IN 000050: 0000 0000 0000 0000 0000 0058 1800 0000 
  IN 000060: 0000 0000 0000 0000                     
RET  seq=11 conn=2f03 sel=9(0x9) ret=0x0 outStructCnt=88
  OUT.struct len=88
  OUT 000000: 0000 0000 6f00 0000 0080 3f04 0100 0000 
  OUT 000010: 8041 3d04 0100 0000 0000 0000 0000 0000 
  OUT 000020: 0000 0000 0200 0000 0040 0000 0000 0000 
  OUT 000030: 036b 5c99 2800 0000 f85b 0e00 0000 0000 
  OUT 000040: 0000 0000 0000 0000 0000 0000 0000 0000 
  OUT 000050: 0040 0000 0000 0000                     
CALL seq=12 fn=Method conn=2f03 class=AGXAcceleratorG16G sel=9(0x9) inScalarCnt=0 inStructCnt=104
  IN.struct len=104
  IN 000000: 0000 0000 0000 0000 0100 0100 0100 0000 
  IN 000010: 0101 0001 7004 0000 0000 0000 0000 0000 
  IN 000020: 0000 0000 0000 0000 0000 0000 0000 0000 
  IN 000030: 0100 0000 0000 0000 0000 0000 0000 0000 
  IN 000040: 0000 0000 0000 0000 0000 0200 0000 0000 
  IN 000050: 0000 0000 0000 0000 0000 0000 0000 0000 
  IN 000060: 8889 ee0a 0100 0000                     
RET  seq=12 conn=2f03 sel=9(0x9) ret=0x0 outStructCnt=88
  OUT.struct len=88
  OUT 000000: 0080 0100 0001 0000 0000 4104 0100 0000 
  OUT 000010: 4042 3d04 0100 0000 0000 0000 0000 0000 
  OUT 000020: 0000 0000 0300 0000 0000 0200 0000 0000 
  OUT 000030: 676b 5c99 2800 0000 fe5b 0e00 0000 0000 
  OUT 000040: 0000 0000 0000 0000 0000 0000 0000 0000 
  OUT 000050: 0000 0200 0000 0000                     
CALL seq=13 fn=Method conn=2f03 class=AGXAcceleratorG16G sel=9(0x9) inScalarCnt=0 inStructCnt=104
  IN.struct len=104
  IN 000000: 8000 0000 0000 0000 0100 0100 0100 0000 
  IN 000010: 0101 0001 300c 0000 0000 0000 0000 0000 
  IN 000020: 0000 0000 0000 0000 0000 0000 0000 0000 
  IN 000030: 0000 0000 0000 0000 0000 4104 0100 0000 
  IN 000040: 0000 4104 0100 0000 0000 0200 0000 0000 
  IN 000050: 0300 0000 0000 0000 0000 0000 1800 0000 
  IN 000060: 4095 ee0a 0100 0000                     
RET  seq=13 conn=2f03 sel=9(0x9) ret=0x0 outStructCnt=88
  OUT.struct len=88
  OUT 000000: 0080 0100 0001 0000 0000 0000 0000 0000 
  OUT 000010: 0043 3d04 0100 0000 0000 0000 0000 0000 
  OUT 000020: 0000 0000 0400 0000 0000 0200 0000 0000 
  OUT 000030: 686b 5c99 2800 0000 fe5b 0e00 0000 0000 
  OUT 000040: 0000 0000 0000 0000 0000 0000 0000 0000 
  OUT 000050: 0000 0200 0000 0000                     
CALL seq=14 fn=Method conn=2f03 class=AGXAcceleratorG16G sel=9(0x9) inScalarCnt=0 inStructCnt=104
  IN.struct len=104
  IN 000000: 8000 0000 0000 0000 0100 0100 0100 0000 
  IN 000010: 0101 0001 300c 0000 0000 0000 0000 0000 
  IN 000020: 0000 0000 0000 0000 0000 0000 0000 0000 
  IN 000030: 0000 0000 0000 0000 0002 4104 0100 0000 
  IN 000040: 0000 4104 0100 0000 0000 0200 0000 0000 
  IN 000050: 0300 0000 0000 0000 0000 0000 1800 0000 
  IN 000060: 4095 ee0a 0100 0000                     
RET  seq=14 conn=2f03 sel=9(0x9) ret=0x0 outStructCnt=88
  OUT.struct len=88
  OUT 000000: 0082 0100 0001 0000 0000 0000 0000 0000 
  OUT 000010: c043 3d04 0100 0000 0000 0000 0000 0000 
  OUT 000020: 0000 0000 0500 0000 0000 0200 0000 0000 
  OUT 000030: 696b 5c99 2800 0000 fe5b 0e00 0000 0000 
  OUT 000040: 0000 0000 0000 0000 0000 0000 0000 0000 
  OUT 000050: 00fe 0100 0000 0000                     
CALL seq=15 fn=Method conn=2f03 class=AGXAcceleratorG16G sel=9(0x9) inScalarCnt=0 inStructCnt=104
  IN.struct len=104
  IN 000000: 8000 0000 0000 0000 0100 0100 0100 0000 
  IN 000010: 0101 0001 300c 0000 0000 0000 0000 0000 
  IN 000020: 0000 0000 0000 0000 0000 0000 0000 0000 
  IN 000030: 0000 0000 0000 0000 0004 4104 0100 0000 
  IN 000040: 0000 4104 0100 0000 0000 0200 0000 0000 
  IN 000050: 0300 0000 0000 0000 0000 0000 1800 0000 
  IN 000060: b81c cca4 0800 0000                     
RET  seq=15 conn=2f03 sel=9(0x9) ret=0x0 outStructCnt=88
  OUT.struct len=88
  OUT 000000: 0084 0100 0001 0000 0000 0000 0000 0000 
  OUT 000010: 8044 3d04 0100 0000 0000 0000 0000 0000 
  OUT 000020: 0000 0000 0600 0000 0000 0200 0000 0000 
  OUT 000030: 6a6b 5c99 2800 0000 fe5b 0e00 0000 0000 
  OUT 000040: 0000 0000 0000 0000 0000 0000 0000 0000 
  OUT 000050: 00fc 0100 0000 0000                     
CALL seq=16 fn=Method conn=2f03 class=AGXAcceleratorG16G sel=9(0x9) inScalarCnt=0 inStructCnt=104
  IN.struct len=104
  IN 000000: 8000 0000 0000 0000 0100 0100 0100 0000 
  IN 000010: 0101 0001 300c 0000 0000 0000 0000 0000 
  IN 000020: 0000 0000 0000 0000 0000 0000 0000 0000 
  IN 000030: 0000 0000 0000 0000 0005 4104 0100 0000 
  IN 000040: 0000 4104 0100 0000 0000 0200 0000 0000 
  IN 000050: 0300 0000 0000 0000 0000 0000 1800 0000 
  IN 000060: 1022 cca4 0800 0000                     
RET  seq=16 conn=2f03 sel=9(0x9) ret=0x0 outStructCnt=88
  OUT.struct len=88
  OUT 000000: 0085 0100 0001 0000 0000 0000 0000 0000 
  OUT 000010: 4045 3d04 0100 0000 0000 0000 0000 0000 
  OUT 000020: 0000 0000 0700 0000 0000 0200 0000 0000 
  OUT 000030: 6b6b 5c99 2800 0000 fe5b 0e00 0000 0000 
  OUT 000040: 0000 0000 0000 0000 0000 0000 0000 0000 
  OUT 000050: 00fb 0100 0000 0000                     
CALL seq=17 fn=Method conn=2f03 class=AGXAcceleratorG16G sel=9(0x9) inScalarCnt=0 inStructCnt=104
  IN.struct len=104
  IN 000000: 8000 0000 0000 0000 0100 0100 0100 0000 
  IN 000010: 0101 0001 300c 0000 0000 0000 0000 0000 
  IN 000020: 0000 0000 0000 0000 0000 0000 0000 0000 
  IN 000030: 0000 0000 0000 0000 0007 4104 0100 0000 
  IN 000040: 0000 4104 0100 0000 0000 0200 0000 0000 
  IN 000050: 0300 0000 0000 0000 0000 0000 1800 0000 
  IN 000060: 3025 cca4 0800 0000                     
RET  seq=17 conn=2f03 sel=9(0x9) ret=0x0 outStructCnt=88
  OUT.struct len=88
  OUT 000000: 0087 0100 0001 0000 0000 0000 0000 0000 
  OUT 000010: 0046 3d04 0100 0000 0000 0000 0000 0000 
  OUT 000020: 0000 0000 0800 0000 0000 0200 0000 0000 
  OUT 000030: 6c6b 5c99 2800 0000 fe5b 0e00 0000 0000 
  OUT 000040: 0000 0000 0000 0000 0000 0000 0000 0000 
  OUT 000050: 00f9 0100 0000 0000                     
CALL seq=18 fn=Method conn=2f03 class=AGXAcceleratorG16G sel=9(0x9) inScalarCnt=0 inStructCnt=104
  IN.struct len=104
  IN 000000: 8000 0000 0000 0000 0100 0100 0100 0000 
  IN 000010: 0101 0001 300c 0000 0000 0000 0000 0000 
  IN 000020: 0000 0000 0000 0000 0000 0000 0000 0000 
  IN 000030: 0000 0000 0000 0000 0008 4104 0100 0000 
  IN 000040: 0000 4104 0100 0000 0000 0200 0000 0000 
  IN 000050: 0300 0000 0000 0000 0000 0000 1800 0000 
  IN 000060: 5028 cca4 0800 0000                     
RET  seq=18 conn=2f03 sel=9(0x9) ret=0x0 outStructCnt=88
  OUT.struct len=88
  OUT 000000: 0088 0100 0001 0000 0000 0000 0000 0000 
  OUT 000010: c046 3d04 0100 0000 0000 0000 0000 0000 
  OUT 000020: 0000 0000 0900 0000 0000 0200 0000 0000 
  OUT 000030: 6d6b 5c99 2800 0000 fe5b 0e00 0000 0000 
  OUT 000040: 0000 0000 0000 0000 0000 0000 0000 0000 
  OUT 000050: 00f8 0100 0000 0000                     
CALL seq=19 fn=Method conn=2f03 class=AGXAcceleratorG16G sel=9(0x9) inScalarCnt=0 inStructCnt=104
  IN.struct len=104
  IN 000000: 8000 0000 0000 0000 0100 0100 0100 0000 
  IN 000010: 0101 0001 300c 0000 0000 0000 0000 0000 
  IN 000020: 0000 0000 0000 0000 0000 0000 0000 0000 
  IN 000030: 0000 0000 0000 0000 0009 4104 0100 0000 
  IN 000040: 0000 4104 0100 0000 0000 0200 0000 0000 
  IN 000050: 0300 0000 0000 0000 0000 0000 1800 0000 
  IN 000060: 702b cca4 0800 0000                     
RET  seq=19 conn=2f03 sel=9(0x9) ret=0x0 outStructCnt=88
  OUT.struct len=88
  OUT 000000: 0089 0100 0001 0000 0000 0000 0000 0000 
  OUT 000010: 8047 3d04 0100 0000 0000 0000 0000 0000 
  OUT 000020: 0000 0000 0a00 0000 0000 0200 0000 0000 
  OUT 000030: 6e6b 5c99 2800 0000 fe5b 0e00 0000 0000 
  OUT 000040: 0000 0000 0000 0000 0000 0000 0000 0000 
  OUT 000050: 00f7 0100 0000 0000                     
CALL seq=20 fn=Method conn=2f03 class=AGXAcceleratorG16G sel=9(0x9) inScalarCnt=0 inStructCnt=104
  IN.struct len=104
  IN 000000: 8000 0000 0000 0000 0100 0100 0100 0000 
  IN 000010: 0101 0001 300c 0000 0000 0000 0000 0000 
  IN 000020: 0000 0000 0000 0000 0000 0000 0000 0000 
  IN 000030: 0000 0000 0000 0000 0019 4104 0100 0000 
  IN 000040: 0000 4104 0100 0000 0000 0200 0000 0000 
  IN 000050: 0300 0000 0000 0000 0000 0000 1800 0000 
  IN 000060: 902e cca4 0800 0000                     
RET  seq=20 conn=2f03 sel=9(0x9) ret=0x0 outStructCnt=88
  OUT.struct len=88
  OUT 000000: 0099 0100 0001 0000 0000 0000 0000 0000 
  OUT 000010: 4048 3d04 0100 0000 0000 0000 0000 0000 
  OUT 000020: 0000 0000 0b00 0000 0000 0200 0000 0000 
  OUT 000030: 6f6b 5c99 2800 0000 fe5b 0e00 0000 0000 
  OUT 000040: 0000 0000 0000 0000 0000 0000 0000 0000 
  OUT 000050: 00e7 0100 0000 0000                     
CALL seq=21 fn=Method conn=2f03 class=AGXAcceleratorG16G sel=9(0x9) inScalarCnt=0 inStructCnt=104
  IN.struct len=104
  IN 000000: 8000 0000 0000 0000 0100 0100 0100 0000 
  IN 000010: 0101 0001 300c 0000 0000 0000 0000 0000 
  IN 000020: 0000 0000 0000 0000 0000 0000 0000 0000 
  IN 000030: 0000 0000 0000 0000 001a 4104 0100 0000 
  IN 000040: 0000 4104 0100 0000 0000 0200 0000 0000 
  IN 000050: 0300 0000 0000 0000 0000 0000 1800 0000 
  IN 000060: 9831 cca4 0800 0000                     
RET  seq=21 conn=2f03 sel=9(0x9) ret=0x0 outStructCnt=88
  OUT.struct len=88
  OUT 000000: 009a 0100 0001 0000 0000 0000 0000 0000 
  OUT 000010: 0049 3d04 0100 0000 0000 0000 0000 0000 
  OUT 000020: 0000 0000 0c00 0000 0000 0200 0000 0000 
  OUT 000030: 706b 5c99 2800 0000 fe5b 0e00 0000 0000 
  OUT 000040: 0000 0000 0000 0000 0000 0000 0000 0000 
  OUT 000050: 00e6 0100 0000 0000                     
CALL seq=22 fn=Method conn=2f03 class=AGXAcceleratorG16G sel=9(0x9) inScalarCnt=0 inStructCnt=104
  IN.struct len=104
  IN 000000: 8000 0000 0000 0000 0100 0100 0100 0000 
  IN 000010: 0101 0001 300c 0000 0000 0000 0000 0000 
  IN 000020: 0000 0000 0000 0000 0000 0000 0000 0000 
  IN 000030: 0000 0000 0000 0000 001b 4104 0100 0000 
  IN 000040: 0000 4104 0100 0000 0000 0200 0000 0000 
  IN 000050: 0300 0000 0000 0000 0000 0000 1800 0000 
  IN 000060: a034 cca4 0800 0000                     
RET  seq=22 conn=2f03 sel=9(0x9) ret=0x0 outStructCnt=88
  OUT.struct len=88
  OUT 000000: 009b 0100 0001 0000 0000 0000 0000 0000 
  OUT 000010: c049 3d04 0100 0000 0000 0000 0000 0000 
  OUT 000020: 0000 0000 0d00 0000 0000 0200 0000 0000 
  OUT 000030: 716b 5c99 2800 0000 fe5b 0e00 0000 0000 
  OUT 000040: 0000 0000 0000 0000 0000 0000 0000 0000 
  OUT 000050: 00e5 0100 0000 0000                     
CALL seq=23 fn=Method conn=2f03 class=AGXAcceleratorG16G sel=9(0x9) inScalarCnt=0 inStructCnt=104
  IN.struct len=104
  IN 000000: 8000 0000 0000 0000 0100 0100 0100 0000 
  IN 000010: 0101 0001 300c 0000 0000 0000 0000 0000 
  IN 000020: 0000 0000 0000 0000 0000 0000 0000 0000 
  IN 000030: 0000 0000 0000 0000 001c 4104 0100 0000 
  IN 000040: 0000 4104 0100 0000 0000 0200 0000 0000 
  IN 000050: 0300 0000 0000 0000 0000 0000 1800 0000 
  IN 000060: a837 cca4 0800 0000                     
RET  seq=23 conn=2f03 sel=9(0x9) ret=0x0 outStructCnt=88
  OUT.struct len=88
  OUT 000000: 009c 0100 0001 0000 0000 0000 0000 0000 
  OUT 000010: 804a 3d04 0100 0000 0000 0000 0000 0000 
  OUT 000020: 0000 0000 0e00 0000 0000 0200 0000 0000 
  OUT 000030: 726b 5c99 2800 0000 fe5b 0e00 0000 0000 
  OUT 000040: 0000 0000 0000 0000 0000 0000 0000 0000 
  OUT 000050: 00e4 0100 0000 0000                     
CALL seq=24 fn=Method conn=2f03 class=AGXAcceleratorG16G sel=9(0x9) inScalarCnt=0 inStructCnt=104
  IN.struct len=104
  IN 000000: 8000 0000 0000 0000 0100 0100 0100 0000 
  IN 000010: 0101 0001 300c 0000 0000 0000 0000 0000 
  IN 000020: 0000 0000 0000 0000 0000 0000 0000 0000 
  IN 000030: 0000 0000 0000 0000 0024 4104 0100 0000 
  IN 000040: 0000 4104 0100 0000 0000 0200 0000 0000 
  IN 000050: 0300 0000 0000 0000 0000 0000 1800 0000 
  IN 000060: b03a cca4 0800 0000                     
RET  seq=24 conn=2f03 sel=9(0x9) ret=0x0 outStructCnt=88
  OUT.struct len=88
  OUT 000000: 00a4 0100 0001 0000 0000 0000 0000 0000 
  OUT 000010: 404b 3d04 0100 0000 0000 0000 0000 0000 
  OUT 000020: 0000 0000 0f00 0000 0000 0200 0000 0000 
  OUT 000030: 736b 5c99 2800 0000 fe5b 0e00 0000 0000 
  OUT 000040: 0000 0000 0000 0000 0000 0000 0000 0000 
  OUT 000050: 00dc 0100 0000 0000                     
CALL seq=25 fn=Method conn=2f03 class=AGXAcceleratorG16G sel=9(0x9) inScalarCnt=0 inStructCnt=104
  IN.struct len=104
  IN 000000: 0000 0000 0000 0000 0100 0100 0100 0000 
  IN 000010: 0101 0001 3004 0000 0000 0000 0000 0000 
  IN 000020: 0000 0000 0000 0000 0000 0000 0000 0000 
  IN 000030: 0000 0000 0000 0000 0000 0000 0000 0000 
  IN 000040: 0000 0000 0000 0000 0000 0100 0000 0000 
  IN 000050: 0000 0000 0000 0000 0000 0008 1800 0000 
  IN 000060: 0000 0000 0000 0000                     
RET  seq=25 conn=2f03 sel=9(0x9) ret=0x0 outStructCnt=88
  OUT.struct len=88
  OUT 000000: 0000 0400 0001 0000 0000 4304 0100 0000 
  OUT 000010: 004c 3d04 0100 0000 0000 0000 0000 0000 
  OUT 000020: 0000 0000 1000 0000 0000 0100 0000 0000 
  OUT 000030: 746b 5c99 2800 0000 ff5b 0e00 0000 0000 
  OUT 000040: 0000 0000 0000 0000 0000 0000 0000 0000 
  OUT 000050: 0000 0100 0000 0000                     
CALL seq=26 fn=Method conn=2f03 class=AGXAcceleratorG16G sel=9(0x9) inScalarCnt=0 inStructCnt=104
  IN.struct len=104
  IN 000000: 0000 0000 0000 0000 0100 0100 0100 0000 
  IN 000010: 0101 0001 3084 0000 0000 0000 0000 0000 
  IN 000020: 0000 0000 0000 0000 0000 0000 0000 0000 
  IN 000030: 0000 0000 0000 0000 0000 0000 0000 0000 
  IN 000040: 0000 0000 0000 0000 0000 0100 0000 0000 
  IN 000050: 0000 0000 0000 0000 0000 0038 1800 0000 
  IN 000060: 0000 0000 0000 0000                     
RET  seq=26 conn=2f03 sel=9(0x9) ret=0x0 outStructCnt=88
  OUT.struct len=88
  OUT 000000: 0000 0000 0000 0000 0000 4404 0100 0000 
  OUT 000010: c04c 3d04 0100 0000 0000 0000 0000 0000 
  OUT 000020: 0000 0000 1100 0000 0000 0100 0000 0000 
  OUT 000030: 756b 5c99 2800 0000 005c 0e00 0000 0000 
  OUT 000040: 0000 0000 0000 0000 0000 0000 0000 0000 
  OUT 000050: 0000 0100 0000 0000                     
CALL seq=27 fn=Method conn=2f03 class=AGXAcceleratorG16G sel=9(0x9) inScalarCnt=0 inStructCnt=104
  IN.struct len=104
  IN 000000: 8000 0000 0000 0000 0100 0100 0100 0000 
  IN 000010: 0101 0001 300c 0000 0000 0000 0000 0000 
  IN 000020: 0000 0000 0000 0000 0000 0000 0000 0000 
  IN 000030: 0000 0000 0000 0000 0025 4104 0100 0000 
  IN 000040: 0000 4104 0100 0000 0000 0200 0000 0000 
  IN 000050: 0300 0000 0000 0000 0000 0000 1800 0000 
  IN 000060: 8889 ee0a 0100 0000                     
RET  seq=27 conn=2f03 sel=9(0x9) ret=0x0 outStructCnt=88
  OUT.struct len=88
  OUT 000000: 00a5 0100 0001 0000 0000 0000 0000 0000 
  OUT 000010: 804d 3d04 0100 0000 0000 0000 0000 0000 
  OUT 000020: 0000 0000 1200 0000 0000 0200 0000 0000 
  OUT 000030: 766b 5c99 2800 0000 fe5b 0e00 0000 0000 
  OUT 000040: 0000 0000 0000 0000 0000 0000 0000 0000 
  OUT 000050: 00db 0100 0000 0000                     
CALL seq=28 fn=Method conn=2f03 class=AGXAcceleratorG16G sel=9(0x9) inScalarCnt=0 inStructCnt=104
  IN.struct len=104
  IN 000000: 0000 0000 0000 0000 0100 0100 0100 0000 
  IN 000010: 0101 0001 7004 0000 0000 0000 0000 0000 
  IN 000020: 0000 0000 0000 0000 0000 0000 0000 0000 
  IN 000030: 0100 0000 0000 0000 0000 0000 0000 0000 
  IN 000040: 0000 0000 0000 0000 0000 0200 0000 0000 
  IN 000050: 0000 0000 0000 0000 0000 0000 0000 0000 
  IN 000060: 8889 ee0a 0100 0000                     
RET  seq=28 conn=2f03 sel=9(0x9) ret=0x0 outStructCnt=88
  OUT.struct len=88
  OUT 000000: 0080 0500 0001 0000 0000 4504 0100 0000 
  OUT 000010: 404e 3d04 0100 0000 0000 0000 0000 0000 
  OUT 000020: 0000 0000 1300 0000 0000 0200 0000 0000 
  OUT 000030: 776b 5c99 2800 0000 015c 0e00 0000 0000 
  OUT 000040: 0000 0000 0000 0000 0000 0000 0000 0000 
  OUT 000050: 0000 0200 0000 0000                     
CALL seq=29 fn=Method conn=2f03 class=AGXAcceleratorG16G sel=9(0x9) inScalarCnt=0 inStructCnt=104
  IN.struct len=104
  IN 000000: 8000 0000 0000 0000 0100 0100 0100 0000 
  IN 000010: 0101 0001 300c 0000 0000 0000 0000 0000 
  IN 000020: 0000 0000 0000 0000 0000 0000 0000 0000 
  IN 000030: 0000 0000 0000 0000 0000 4504 0100 0000 
  IN 000040: 0000 4504 0100 0000 0000 0200 0000 0000 
  IN 000050: 1300 0000 0000 0000 0000 0000 1800 0000 
  IN 000060: 8889 ee0a 0100 0000                     
RET  seq=29 conn=2f03 sel=9(0x9) ret=0x0 outStructCnt=88
  OUT.struct len=88
  OUT 000000: 0080 0500 0001 0000 0000 0000 0000 0000 
  OUT 000010: 004f 3d04 0100 0000 0000 0000 0000 0000 
  OUT 000020: 0000 0000 1400 0000 0000 0200 0000 0000 
  OUT 000030: 786b 5c99 2800 0000 015c 0e00 0000 0000 
  OUT 000040: 0000 0000 0000 0000 0000 0000 0000 0000 
  OUT 000050: 0000 0200 0000 0000                     
CALL seq=30 fn=Method conn=2f03 class=AGXAcceleratorG16G sel=9(0x9) inScalarCnt=0 inStructCnt=104
  IN.struct len=104
  IN 000000: 8000 0000 0000 0000 0400 0400 0100 0000 
  IN 000010: 0101 0004 300c 0000 0000 0000 0000 0000 
  IN 000020: 0000 0000 0000 0000 0000 0000 0000 0000 
  IN 000030: 0000 0000 0000 0000 0045 4104 0100 0000 
  IN 000040: 0000 4104 0100 0000 0000 0200 0000 0000 
  IN 000050: 0300 0000 0000 0000 008f 8880 0100 0000 
  IN 000060: 0000 0000 0000 0000                     
RET  seq=30 conn=2f03 sel=9(0x9) ret=0x0 outStructCnt=88
  OUT.struct len=88
  OUT 000000: 00c5 0100 0001 0000 0000 0000 0000 0000 
  OUT 000010: c04f 3d04 0100 0000 0000 0000 0000 0000 
  OUT 000020: 0000 0000 1500 0000 0000 0200 0000 0000 
  OUT 000030: 796b 5c99 2800 0000 fe5b 0e00 0000 0000 
  OUT 000040: 0000 0000 0000 0000 0000 0000 0000 0000 
  OUT 000050: 00bb 0100 0000 0000                     
CALL seq=31 fn=Method conn=2f03 class=AGXAcceleratorG16G sel=9(0x9) inScalarCnt=0 inStructCnt=104
  IN.struct len=104
  IN 000000: 8000 0000 0000 0000 0100 0100 0100 0000 
  IN 000010: 0101 0001 300c 0000 0000 0000 0000 0000 
  IN 000020: 0000 0000 0000 0000 0000 0000 0000 0000 
  IN 000030: 0000 0000 0000 0000 0046 4104 0100 0000 
  IN 000040: 0000 4104 0100 0000 0000 0200 0000 0000 
  IN 000050: 0300 0000 0000 0000 0000 0000 0000 0000 
  IN 000060: 8889 ee0a 0100 0000                     
RET  seq=31 conn=2f03 sel=9(0x9) ret=0x0 outStructCnt=88
  OUT.struct len=88
  OUT 000000: 00c6 0100 0001 0000 0000 0000 0000 0000 
  OUT 000010: 8050 3d04 0100 0000 0000 0000 0000 0000 
  OUT 000020: 0000 0000 1600 0000 0000 0200 0000 0000 
  OUT 000030: 7a6b 5c99 2800 0000 fe5b 0e00 0000 0000 
  OUT 000040: 0000 0000 0000 0000 0000 0000 0000 0000 
  OUT 000050: 00ba 0100 0000 0000                     
CALL seq=32 fn=Method conn=2f03 class=AGXAcceleratorG16G sel=7(0x7) inScalarCnt=0 inStructCnt=1040
  IN.struct len=1040
  IN 000000: 2f55 7365 7273 2f75 7365 722f 6173 6168 
  IN 000010: 695f 7265 2f70 7562 6c69 632f 6167 782d 
  IN 000020: 7265 2f65 7870 6572 696d 656e 7473 2f45 
  IN 000030: 5850 2d30 3133 362d 6d34 2d75 6e72 6561 
  IN 000040: 6368 6162 6c65 2d65 6e63 6f64 696e 6773 
  IN 000050: 2f77 6f72 6b2f 6269 6e2f 6465 7363 7061 
  IN 000060: 7463 6800 0000 0000 0000 0000 0000 0000 
  IN 000070: 0000 0000 0000 0000 0000 0000 0000 0000 
  IN 000080: 0000 0000 0000 0000 0000 0000 0000 0000 
  IN 000090: 0000 0000 0000 0000 0000 0000 0000 0000 
  IN 0000a0: 0000 0000 0000 0000 0000 0000 0000 0000 
  IN 0000b0: 0000 0000 0000 0000 0000 0000 0000 0000 
  IN 0000c0: 0000 0000 0000 0000 0000 0000 0000 0000 
  IN 0000d0: 0000 0000 0000 0000 0000 0000 0000 0000 
  IN 0000e0: 0000 0000 0000 0000 0000 0000 0000 0000 
  IN 0000f0: 0000 0000 0000 0000 0000 0000 0000 0000 
  IN 000100: 0000 0000 0000 0000 0000 0000 0000 0000 
  IN 000110: 0000 0000 0000 0000 0000 0000 0000 0000 
  IN 000120: 0000 0000 0000 0000 0000 0000 0000 0000 
  IN 000130: 0000 0000 0000 0000 0000 0000 0000 0000 
  IN 000140: 0000 0000 0000 0000 0000 0000 0000 0000 
  IN 000150: 0000 0000 0000 0000 0000 0000 0000 0000 
  IN 000160: 0000 0000 0000 0000 0000 0000 0000 0000 
  IN 000170: 0000 0000 0000 0000 0000 0000 0000 0000 
  IN 000180: 0000 0000 0000 0000 0000 0000 0000 0000 
  IN 000190: 0000 0000 0000 0000 0000 0000 0000 0000 
  IN 0001a0: 0000 0000 0000 0000 0000 0000 0000 0000 
  IN 0001b0: 0000 0000 0000 0000 0000 0000 0000 0000 
  IN 0001c0: 0000 0000 0000 0000 0000 0000 0000 0000 
  IN 0001d0: 0000 0000 0000 0000 0000 0000 0000 0000 
  IN 0001e0: 0000 0000 0000 0000 0000 0000 0000 0000 
  IN 0001f0: 0000 0000 0000 0000 0000 0000 0000 0000 
  IN 000200: 0000 0000 0000 0000 0000 0000 0000 0000 
  IN 000210: 0000 0000 0000 0000 0000 0000 0000 0000 
  IN 000220: 0000 0000 0000 0000 0000 0000 0000 0000 
  IN 000230: 0000 0000 0000 0000 0000 0000 0000 0000 
  IN 000240: 0000 0000 0000 0000 0000 0000 0000 0000 
  IN 000250: 0000 0000 0000 0000 0000 0000 0000 0000 
  IN 000260: 0000 0000 0000 0000 0000 0000 0000 0000 
  IN 000270: 0000 0000 0000 0000 0000 0000 0000 0000 
  IN 000280: 0000 0000 0000 0000 0000 0000 0000 0000 
  IN 000290: 0000 0000 0000 0000 0000 0000 0000 0000 
  IN 0002a0: 0000 0000 0000 0000 0000 0000 0000 0000 
  IN 0002b0: 0000 0000 0000 0000 0000 0000 0000 0000 
  IN 0002c0: 0000 0000 0000 0000 0000 0000 0000 0000 
  IN 0002d0: 0000 0000 0000 0000 0000 0000 0000 0000 
  IN 0002e0: 0000 0000 0000 0000 0000 0000 0000 0000 
  IN 0002f0: 0000 0000 0000 0000 0000 0000 0000 0000 
  IN 000300: 0000 0000 0000 0000 0000 0000 0000 0000 
  IN 000310: 0000 0000 0000 0000 0000 0000 0000 0000 
  IN 000320: 0000 0000 0000 0000 0000 0000 0000 0000 
  IN 000330: 0000 0000 0000 0000 0000 0000 0000 0000 
  IN 000340: 0000 0000 0000 0000 0000 0000 0000 0000 
  IN 000350: 0000 0000 0000 0000 0000 0000 0000 0000 
  IN 000360: 0000 0000 0000 0000 0000 0000 0000 0000 
  IN 000370: 0000 0000 0000 0000 0000 0000 0000 0000 
  IN 000380: 0000 0000 0000 0000 0000 0000 0000 0000 
  IN 000390: 0000 0000 0000 0000 0000 0000 2f55 7365 
  IN 0003a0: 7273 2f75 7365 722f 6173 6168 695f 7265 
  IN 0003b0: 2f70 7562 6c69 632f 6167 782d 7265 2f65 
  IN 0003c0: 7870 6572 696d 656e 7473 2f45 5850 2d30 
  IN 0003d0: 3133 362d 6d34 2d75 6e72 6561 6368 6162 
  IN 0003e0: 6c65 2d65 6e63 6f64 696e 6773 2f77 6f72 
  IN 0003f0: 6b2f 6269 6e2f 6465 7363 7061 7463 6800 
  IN 000400: 0200 0000 0000 0000 ffff ffff 0100 0000 
RET  seq=32 conn=2f03 sel=7(0x7) ret=0x0 outStructCnt=16
  OUT.struct len=16
  OUT 000000: 0100 0000 0000 0000 7b6b 5c99 2800 0000 
CALL seq=33 fn=Method conn=2f03 class=AGXAcceleratorG16G sel=16(0x10) inScalarCnt=2 inStructCnt=0 inScalars=[0x100,0x28]
RET  seq=33 conn=2f03 sel=16(0x10) ret=0x0 outStructCnt=16
  OUT.struct len=16
  OUT 000000: 0000 4704 0100 0000 0100 0000 0000 0000 
CALL seq=34 fn=Method conn=2f03 class=AGXAcceleratorG16G sel=28(0x1c) inScalarCnt=2 inStructCnt=0 inScalars=[0x1,0x1]
RET  seq=34 conn=2f03 sel=28(0x1c) ret=0x0
CALL seq=35 fn=Struct conn=2f03 class=AGXAcceleratorG16G sel=6(0x6) inScalarCnt=0 inStructCnt=0
RET  seq=35 conn=2f03 sel=6(0x6) ret=0x0 outStructCnt=16
  OUT.struct len=16
  OUT 000000: 7e6b 5c99 2800 0000 7e6b 5c9a 2800 0000 
CALL seq=36 fn=Method conn=2f03 class=AGXAcceleratorG16G sel=14(0xe) inScalarCnt=2 inStructCnt=0 inScalars=[0x4000,0x0]
RET  seq=36 conn=2f03 sel=14(0xe) ret=0x0 outStructCnt=16
  OUT.struct len=16
  OUT 000000: 0040 4704 0100 0000 0040 0000 0100 0000 
CALL seq=37 fn=Method conn=2f03 class=AGXAcceleratorG16G sel=14(0xe) inScalarCnt=2 inStructCnt=0 inScalars=[0x4000,0x1]
RET  seq=37 conn=2f03 sel=14(0xe) ret=0x0 outStructCnt=16
  OUT.struct len=16
  OUT 000000: 0080 4704 0100 0000 0040 0000 0200 0000 
CALL seq=38 fn=Method conn=2f03 class=AGXAcceleratorG16G sel=9(0x9) inScalarCnt=0 inStructCnt=104
  IN.struct len=104
  IN 000000: 0000 0000 0000 0000 0080 0100 0100 0000 
  IN 000010: 0101 0001 3044 0000 0000 0000 0000 0000 
  IN 000020: 0000 0000 0000 0000 0000 0000 0000 0000 
  IN 000030: 0000 0000 0000 0000 0000 0000 0000 0000 
  IN 000040: 0000 0000 0000 0000 0080 0000 0000 0000 
  IN 000050: 0000 0000 0000 0000 0000 0008 4800 0000 
  IN 000060: 0000 0000 0000 0000                     
RET  seq=38 conn=2f03 sel=9(0x9) ret=0x0 outStructCnt=88
  OUT.struct len=88
  OUT 000000: 0000 0800 0001 0000 00c0 4704 0100 0000 
  OUT 000010: 4051 3d04 0100 0000 0000 0000 0000 0000 
  OUT 000020: 0000 0000 1700 0000 0080 0000 0000 0000 
  OUT 000030: 7e6b 5c9a 2800 0000 045c 0e00 0000 0000 
  OUT 000040: 0000 0000 0000 0000 0000 0000 0000 0000 
  OUT 000050: 0080 0000 0000 0000                     
CALL seq=39 fn=Method conn=2f03 class=AGXAcceleratorG16G sel=9(0x9) inScalarCnt=0 inStructCnt=104
  IN.struct len=104
  IN 000000: 0000 0000 0000 0000 0080 0100 0100 0000 
  IN 000010: 0101 0001 3044 0000 0000 0000 0000 0000 
  IN 000020: 0000 0000 0000 0000 0000 0000 0000 0000 
  IN 000030: 0000 0000 0000 0000 0000 0000 0000 0000 
  IN 000040: 0000 0000 0000 0000 0080 0000 0000 0000 
  IN 000050: 0000 0000 0000 0000 0000 0018 0000 0000 
  IN 000060: 0000 0000 0000 0000                     
RET  seq=39 conn=2f03 sel=9(0x9) ret=0x0 outStructCnt=88
  OUT.struct len=88
  OUT 000000: 0000 0900 0001 0000 0040 4804 0100 0000 
  OUT 000010: 0052 3d04 0100 0000 0000 0000 0000 0000 
  OUT 000020: 0000 0000 1800 0000 0080 0000 0000 0000 
  OUT 000030: 7f6b 5c9a 2800 0000 055c 0e00 0000 0000 
  OUT 000040: 0000 0000 0000 0000 0000 0000 0000 0000 
  OUT 000050: 0080 0000 0000 0000                     
CALL seq=40 fn=Method conn=2f03 class=AGXAcceleratorG16G sel=9(0x9) inScalarCnt=0 inStructCnt=104
  IN.struct len=104
  IN 000000: 0000 0000 0000 0000 0080 0100 0100 0000 
  IN 000010: 0101 0001 3044 0000 0000 0000 0000 0000 
  IN 000020: 0000 0000 0000 0000 0000 0000 0000 0000 
  IN 000030: 0000 0000 0000 0000 0000 0000 0000 0000 
  IN 000040: 0000 0000 0000 0000 0080 0000 0000 0000 
  IN 000050: 0000 0000 0000 0000 0000 0008 0000 0000 
  IN 000060: 0000 0000 0000 0000                     
RET  seq=40 conn=2f03 sel=9(0x9) ret=0x0 outStructCnt=88
  OUT.struct len=88
  OUT 000000: 0000 0a00 0001 0000 00c0 4804 0100 0000 
  OUT 000010: c052 3d04 0100 0000 0000 0000 0000 0000 
  OUT 000020: 0000 0000 1900 0000 0080 0000 0000 0000 
  OUT 000030: 806b 5c9a 2800 0000 065c 0e00 0000 0000 
  OUT 000040: 0000 0000 0000 0000 0000 0000 0000 0000 
  OUT 000050: 0080 0000 0000 0000                     
CALL seq=41 fn=Method conn=2f03 class=AGXAcceleratorG16G sel=9(0x9) inScalarCnt=0 inStructCnt=104
  IN.struct len=104
  IN 000000: 0000 0000 0000 0000 0080 0100 0100 0000 
  IN 000010: 0101 0001 3044 0000 0000 0000 0000 0000 
  IN 000020: 0000 0000 0000 0000 0000 0000 0000 0000 
  IN 000030: 0000 0000 0000 0000 0000 0000 0000 0000 
  IN 000040: 0000 0000 0000 0000 0080 0000 0000 0000 
  IN 000050: 0000 0000 0000 0000 0000 0008 4000 0000 
  IN 000060: 0000 0000 0000 0000                     
RET  seq=41 conn=2f03 sel=9(0x9) ret=0x0 outStructCnt=88
  OUT.struct len=88
  OUT 000000: 0000 0b00 0001 0000 0040 4904 0100 0000 
  OUT 000010: 8053 3d04 0100 0000 0000 0000 0000 0000 
  OUT 000020: 0000 0000 1a00 0000 0080 0000 0000 0000 
  OUT 000030: 816b 5c9a 2800 0000 075c 0e00 0000 0000 
  OUT 000040: 0000 0000 0000 0000 0000 0000 0000 0000 
  OUT 000050: 0080 0000 0000 0000                     
CALL seq=42 fn=Method conn=2f03 class=AGXAcceleratorG16G sel=9(0x9) inScalarCnt=0 inStructCnt=104
  IN.struct len=104
  IN 000000: 0000 0000 0000 0000 0080 0100 0100 0000 
  IN 000010: 0101 0001 3044 0000 0000 0000 0000 0000 
  IN 000020: 0000 0000 0000 0000 0000 0000 0000 0000 
  IN 000030: 0000 0000 0000 0000 0000 0000 0000 0000 
  IN 000040: 0000 0000 0000 0000 0080 0000 0000 0000 
  IN 000050: 0000 0000 0000 0000 0000 0008 0000 0000 
  IN 000060: 0000 0000 0000 0000                     
RET  seq=42 conn=2f03 sel=9(0x9) ret=0x0 outStructCnt=88
  OUT.struct len=88
  OUT 000000: 0000 0c00 0001 0000 00c0 4904 0100 0000 
  OUT 000010: 4054 3d04 0100 0000 0000 0000 0000 0000 
  OUT 000020: 0000 0000 1b00 0000 0080 0000 0000 0000 
  OUT 000030: 826b 5c9a 2800 0000 085c 0e00 0000 0000 
  OUT 000040: 0000 0000 0000 0000 0000 0000 0000 0000 
  OUT 000050: 0080 0000 0000 0000                     
CALL seq=43 fn=Method conn=2f03 class=AGXAcceleratorG16G sel=9(0x9) inScalarCnt=0 inStructCnt=104
  IN.struct len=104
  IN 000000: 0000 0000 0000 0000 0080 0100 0100 0000 
  IN 000010: 0101 0001 3044 0000 0000 0000 0000 0000 
  IN 000020: 0000 0000 0000 0000 0000 0000 0000 0000 
  IN 000030: 0000 0000 0000 0000 0000 0000 0000 0000 
  IN 000040: 0000 0000 0000 0000 0080 0000 0000 0000 
  IN 000050: 0000 0000 0000 0000 0000 0008 0000 0000 
  IN 000060: 0000 0000 0000 0000                     
RET  seq=43 conn=2f03 sel=9(0x9) ret=0x0 outStructCnt=88
  OUT.struct len=88
  OUT 000000: 0000 0d00 0001 0000 0040 4a04 0100 0000 
  OUT 000010: 0055 3d04 0100 0000 0000 0000 0000 0000 
  OUT 000020: 0000 0000 1c00 0000 0080 0000 0000 0000 
  OUT 000030: 836b 5c9a 2800 0000 095c 0e00 0000 0000 
  OUT 000040: 0000 0000 0000 0000 0000 0000 0000 0000 
  OUT 000050: 0080 0000 0000 0000                     
CALL seq=44 fn=Method conn=2f03 class=AGXAcceleratorG16G sel=9(0x9) inScalarCnt=0 inStructCnt=104
  IN.struct len=104
  IN 000000: 0000 0000 0000 0000 8094 0100 0100 0000 
  IN 000010: 0101 0001 3044 0000 0000 0000 0000 0000 
  IN 000020: 0000 0000 0000 0000 0000 0000 0000 0000 
  IN 000030: 0000 0000 0000 0000 0000 0000 0000 0000 
  IN 000040: 0000 0000 0000 0000 8094 0000 0000 0000 
  IN 000050: 0000 0000 0000 0000 0000 0018 0000 0000 
  IN 000060: 0000 0000 0000 0000                     
RET  seq=44 conn=2f03 sel=9(0x9) ret=0x0 outStructCnt=88
  OUT.struct len=88
  OUT 000000: 0000 0e00 0001 0000 00c0 4a04 0100 0000 
  OUT 000010: c055 3d04 0100 0000 0000 0000 0000 0000 
  OUT 000020: 0000 0000 1d00 0000 00c0 0000 0000 0000 
  OUT 000030: 846b 5c9a 2800 0000 0a5c 0e00 0000 0000 
  OUT 000040: 0000 0000 0000 0000 0000 0000 0000 0000 
  OUT 000050: 00c0 0000 0000 0000                     
BODUMP begin reason=sigusr1 n_bo=27
BODUMP handle=0 gpu_va=0x10000000000 cpu=0x1043e8000 size=0x10000 read=0x10000 -> /Users/user/asahi_re/public/agx-re/experiments/EXP-0136-m4-unreachable-encodings/work/gen/m4_20260828_run02/d_swizzle_comp0_code3/dump/bo_sigusr1_h0_va10000000000_cpu1043e8000_sz10000.hex
BODUMP handle=0 gpu_va=0x6f00000000 cpu=0x1043f8000 size=0x3800 read=0x3800 -> /Users/user/asahi_re/public/agx-re/experiments/EXP-0136-m4-unreachable-encodings/work/gen/m4_20260828_run02/d_swizzle_comp0_code3/dump/bo_sigusr1_h0_va6f00000000_cpu1043f8000_sz3800.hex
BODUMP handle=0 gpu_va=0x10000018000 cpu=0x104410000 size=0x20000 read=0x20000 -> /Users/user/asahi_re/public/agx-re/experiments/EXP-0136-m4-unreachable-encodings/work/gen/m4_20260828_run02/d_swizzle_comp0_code3/dump/bo_sigusr1_h0_va10000018000_cpu104410000_sz20000.hex
BODUMP handle=0 gpu_va=0x10000018200 cpu=0x104410200 size=0x20000 read=0x20000 -> /Users/user/asahi_re/public/agx-re/experiments/EXP-0136-m4-unreachable-encodings/work/gen/m4_20260828_run02/d_swizzle_comp0_code3/dump/bo_sigusr1_h0_va10000018200_cpu104410200_sz20000.hex
BODUMP handle=0 gpu_va=0x10000018400 cpu=0x104410400 size=0x20000 read=0x20000 -> /Users/user/asahi_re/public/agx-re/experiments/EXP-0136-m4-unreachable-encodings/work/gen/m4_20260828_run02/d_swizzle_comp0_code3/dump/bo_sigusr1_h0_va10000018400_cpu104410400_sz20000.hex
BODUMP handle=0 gpu_va=0x10000018500 cpu=0x104410500 size=0x20000 read=0x20000 -> /Users/user/asahi_re/public/agx-re/experiments/EXP-0136-m4-unreachable-encodings/work/gen/m4_20260828_run02/d_swizzle_comp0_code3/dump/bo_sigusr1_h0_va10000018500_cpu104410500_sz20000.hex
BODUMP handle=0 gpu_va=0x10000018700 cpu=0x104410700 size=0x20000 read=0x20000 -> /Users/user/asahi_re/public/agx-re/experiments/EXP-0136-m4-unreachable-encodings/work/gen/m4_20260828_run02/d_swizzle_comp0_code3/dump/bo_sigusr1_h0_va10000018700_cpu104410700_sz20000.hex
BODUMP handle=0 gpu_va=0x10000018800 cpu=0x104410800 size=0x20000 read=0x20000 -> /Users/user/asahi_re/public/agx-re/experiments/EXP-0136-m4-unreachable-encodings/work/gen/m4_20260828_run02/d_swizzle_comp0_code3/dump/bo_sigusr1_h0_va10000018800_cpu104410800_sz20000.hex
BODUMP handle=0 gpu_va=0x10000018900 cpu=0x104410900 size=0x20000 read=0x20000 -> /Users/user/asahi_re/public/agx-re/experiments/EXP-0136-m4-unreachable-encodings/work/gen/m4_20260828_run02/d_swizzle_comp0_code3/dump/bo_sigusr1_h0_va10000018900_cpu104410900_sz20000.hex
BODUMP handle=0 gpu_va=0x10000019900 cpu=0x104411900 size=0x20000 read=0x20000 -> /Users/user/asahi_re/public/agx-re/experiments/EXP-0136-m4-unreachable-encodings/work/gen/m4_20260828_run02/d_swizzle_comp0_code3/dump/bo_sigusr1_h0_va10000019900_cpu104411900_sz20000.hex
BODUMP handle=0 gpu_va=0x10000019a00 cpu=0x104411a00 size=0x20000 read=0x20000 -> /Users/user/asahi_re/public/agx-re/experiments/EXP-0136-m4-unreachable-encodings/work/gen/m4_20260828_run02/d_swizzle_comp0_code3/dump/bo_sigusr1_h0_va10000019a00_cpu104411a00_sz20000.hex
BODUMP handle=0 gpu_va=0x10000019b00 cpu=0x104411b00 size=0x20000 read=0x20000 -> /Users/user/asahi_re/public/agx-re/experiments/EXP-0136-m4-unreachable-encodings/work/gen/m4_20260828_run02/d_swizzle_comp0_code3/dump/bo_sigusr1_h0_va10000019b00_cpu104411b00_sz20000.hex
BODUMP handle=0 gpu_va=0x10000019c00 cpu=0x104411c00 size=0x20000 read=0x20000 -> /Users/user/asahi_re/public/agx-re/experiments/EXP-0136-m4-unreachable-encodings/work/gen/m4_20260828_run02/d_swizzle_comp0_code3/dump/bo_sigusr1_h0_va10000019c00_cpu104411c00_sz20000.hex
BODUMP handle=0 gpu_va=0x1000001a400 cpu=0x104412400 size=0x20000 read=0x20000 -> /Users/user/asahi_re/public/agx-re/experiments/EXP-0136-m4-unreachable-encodings/work/gen/m4_20260828_run02/d_swizzle_comp0_code3/dump/bo_sigusr1_h0_va1000001a400_cpu104412400_sz20000.hex
BODUMP handle=0 gpu_va=0x10000040000 cpu=0x104430000 size=0x10000 read=0x10000 -> /Users/user/asahi_re/public/agx-re/experiments/EXP-0136-m4-unreachable-encodings/work/gen/m4_20260828_run02/d_swizzle_comp0_code3/dump/bo_sigusr1_h0_va10000040000_cpu104430000_sz10000.hex
BODUMP handle=0 gpu_va=0x0 cpu=0x104440000 size=0x10000 read=0x10000 -> /Users/user/asahi_re/public/agx-re/experiments/EXP-0136-m4-unreachable-encodings/work/gen/m4_20260828_run02/d_swizzle_comp0_code3/dump/bo_sigusr1_h0_va0_cpu104440000_sz10000.hex
BODUMP handle=0 gpu_va=0x1000001a500 cpu=0x104412500 size=0x20000 read=0x20000 -> /Users/user/asahi_re/public/agx-re/experiments/EXP-0136-m4-unreachable-encodings/work/gen/m4_20260828_run02/d_swizzle_comp0_code3/dump/bo_sigusr1_h0_va1000001a500_cpu104412500_sz20000.hex
BODUMP handle=0 gpu_va=0x10000058000 cpu=0x104450000 size=0x20000 read=0x20000 -> /Users/user/asahi_re/public/agx-re/experiments/EXP-0136-m4-unreachable-encodings/work/gen/m4_20260828_run02/d_swizzle_comp0_code3/dump/bo_sigusr1_h0_va10000058000_cpu104450000_sz20000.hex
BODUMP handle=0 gpu_va=0x1000001c500 cpu=0x104414500 size=0x20000 read=0x20000 -> /Users/user/asahi_re/public/agx-re/experiments/EXP-0136-m4-unreachable-encodings/work/gen/m4_20260828_run02/d_swizzle_comp0_code3/dump/bo_sigusr1_h0_va1000001c500_cpu104414500_sz20000.hex
BODUMP handle=0 gpu_va=0x1000001c600 cpu=0x104414600 size=0x20000 read=0x20000 -> /Users/user/asahi_re/public/agx-re/experiments/EXP-0136-m4-unreachable-encodings/work/gen/m4_20260828_run02/d_swizzle_comp0_code3/dump/bo_sigusr1_h0_va1000001c600_cpu104414600_sz20000.hex
BODUMP handle=0 gpu_va=0x10000080000 cpu=0x10447c000 size=0x8000 read=0x8000 -> /Users/user/asahi_re/public/agx-re/experiments/EXP-0136-m4-unreachable-encodings/work/gen/m4_20260828_run02/d_swizzle_comp0_code3/dump/bo_sigusr1_h0_va10000080000_cpu10447c000_sz8000.hex
BODUMP handle=0 gpu_va=0x10000090000 cpu=0x104484000 size=0x8000 read=0x8000 -> /Users/user/asahi_re/public/agx-re/experiments/EXP-0136-m4-unreachable-encodings/work/gen/m4_20260828_run02/d_swizzle_comp0_code3/dump/bo_sigusr1_h0_va10000090000_cpu104484000_sz8000.hex
BODUMP handle=0 gpu_va=0x100000a0000 cpu=0x10448c000 size=0x8000 read=0x8000 -> /Users/user/asahi_re/public/agx-re/experiments/EXP-0136-m4-unreachable-encodings/work/gen/m4_20260828_run02/d_swizzle_comp0_code3/dump/bo_sigusr1_h0_va100000a0000_cpu10448c000_sz8000.hex
BODUMP handle=0 gpu_va=0x100000b0000 cpu=0x104494000 size=0x8000 read=0x8000 -> /Users/user/asahi_re/public/agx-re/experiments/EXP-0136-m4-unreachable-encodings/work/gen/m4_20260828_run02/d_swizzle_comp0_code3/dump/bo_sigusr1_h0_va100000b0000_cpu104494000_sz8000.hex
BODUMP handle=0 gpu_va=0x100000c0000 cpu=0x10449c000 size=0x8000 read=0x8000 -> /Users/user/asahi_re/public/agx-re/experiments/EXP-0136-m4-unreachable-encodings/work/gen/m4_20260828_run02/d_swizzle_comp0_code3/dump/bo_sigusr1_h0_va100000c0000_cpu10449c000_sz8000.hex
BODUMP handle=0 gpu_va=0x100000d0000 cpu=0x1044a4000 size=0x8000 read=0x8000 -> /Users/user/asahi_re/public/agx-re/experiments/EXP-0136-m4-unreachable-encodings/work/gen/m4_20260828_run02/d_swizzle_comp0_code3/dump/bo_sigusr1_h0_va100000d0000_cpu1044a4000_sz8000.hex
BODUMP handle=0 gpu_va=0x100000e0000 cpu=0x1044ac000 size=0x9480 read=0x9480 -> /Users/user/asahi_re/public/agx-re/experiments/EXP-0136-m4-unreachable-encodings/work/gen/m4_20260828_run02/d_swizzle_comp0_code3/dump/bo_sigusr1_h0_va100000e0000_cpu1044ac000_sz9480.hex
BODUMP end reason=sigusr1
MAPDUMP reason=sigusr1 seq=44 conn=0 memType=0x00005e15 addr=0x1043e0000 size=0x4000 read=0x4000 -> /Users/user/asahi_re/public/agx-re/experiments/EXP-0136-m4-unreachable-encodings/work/gen/m4_20260828_run02/d_swizzle_comp0_code3/dump/map_seq000044_conn0_type00005e15_at1043e0000_sz4000.hex
MAPDUMP reason=sigusr1 seq=44 conn=0 memType=0x00005e15 addr=0x1043d4000 size=0x4000 read=0x4000 -> /Users/user/asahi_re/public/agx-re/experiments/EXP-0136-m4-unreachable-encodings/work/gen/m4_20260828_run02/d_swizzle_comp0_code3/dump/map_seq000044_conn0_type00005e15_at1043d4000_sz4000.hex
BODUMP begin reason=sigusr1 n_bo=27
BODUMP handle=0 gpu_va=0x10000000000 cpu=0x1043e8000 size=0x10000 read=0x10000 -> /Users/user/asahi_re/public/agx-re/experiments/EXP-0136-m4-unreachable-encodings/work/gen/m4_20260828_run02/d_swizzle_comp0_code3/dump/bo_sigusr1_h0_va10000000000_cpu1043e8000_sz10000.hex
BODUMP handle=0 gpu_va=0x6f00000000 cpu=0x1043f8000 size=0x3800 read=0x3800 -> /Users/user/asahi_re/public/agx-re/experiments/EXP-0136-m4-unreachable-encodings/work/gen/m4_20260828_run02/d_swizzle_comp0_code3/dump/bo_sigusr1_h0_va6f00000000_cpu1043f8000_sz3800.hex
BODUMP handle=0 gpu_va=0x10000018000 cpu=0x104410000 size=0x20000 read=0x20000 -> /Users/user/asahi_re/public/agx-re/experiments/EXP-0136-m4-unreachable-encodings/work/gen/m4_20260828_run02/d_swizzle_comp0_code3/dump/bo_sigusr1_h0_va10000018000_cpu104410000_sz20000.hex
BODUMP handle=0 gpu_va=0x10000018200 cpu=0x104410200 size=0x20000 read=0x20000 -> /Users/user/asahi_re/public/agx-re/experiments/EXP-0136-m4-unreachable-encodings/work/gen/m4_20260828_run02/d_swizzle_comp0_code3/dump/bo_sigusr1_h0_va10000018200_cpu104410200_sz20000.hex
BODUMP handle=0 gpu_va=0x10000018400 cpu=0x104410400 size=0x20000 read=0x20000 -> /Users/user/asahi_re/public/agx-re/experiments/EXP-0136-m4-unreachable-encodings/work/gen/m4_20260828_run02/d_swizzle_comp0_code3/dump/bo_sigusr1_h0_va10000018400_cpu104410400_sz20000.hex
BODUMP handle=0 gpu_va=0x10000018500 cpu=0x104410500 size=0x20000 read=0x20000 -> /Users/user/asahi_re/public/agx-re/experiments/EXP-0136-m4-unreachable-encodings/work/gen/m4_20260828_run02/d_swizzle_comp0_code3/dump/bo_sigusr1_h0_va10000018500_cpu104410500_sz20000.hex
BODUMP handle=0 gpu_va=0x10000018700 cpu=0x104410700 size=0x20000 read=0x20000 -> /Users/user/asahi_re/public/agx-re/experiments/EXP-0136-m4-unreachable-encodings/work/gen/m4_20260828_run02/d_swizzle_comp0_code3/dump/bo_sigusr1_h0_va10000018700_cpu104410700_sz20000.hex
BODUMP handle=0 gpu_va=0x10000018800 cpu=0x104410800 size=0x20000 read=0x20000 -> /Users/user/asahi_re/public/agx-re/experiments/EXP-0136-m4-unreachable-encodings/work/gen/m4_20260828_run02/d_swizzle_comp0_code3/dump/bo_sigusr1_h0_va10000018800_cpu104410800_sz20000.hex
BODUMP handle=0 gpu_va=0x10000018900 cpu=0x104410900 size=0x20000 read=0x20000 -> /Users/user/asahi_re/public/agx-re/experiments/EXP-0136-m4-unreachable-encodings/work/gen/m4_20260828_run02/d_swizzle_comp0_code3/dump/bo_sigusr1_h0_va10000018900_cpu104410900_sz20000.hex
BODUMP handle=0 gpu_va=0x10000019900 cpu=0x104411900 size=0x20000 read=0x20000 -> /Users/user/asahi_re/public/agx-re/experiments/EXP-0136-m4-unreachable-encodings/work/gen/m4_20260828_run02/d_swizzle_comp0_code3/dump/bo_sigusr1_h0_va10000019900_cpu104411900_sz20000.hex
BODUMP handle=0 gpu_va=0x10000019a00 cpu=0x104411a00 size=0x20000 read=0x20000 -> /Users/user/asahi_re/public/agx-re/experiments/EXP-0136-m4-unreachable-encodings/work/gen/m4_20260828_run02/d_swizzle_comp0_code3/dump/bo_sigusr1_h0_va10000019a00_cpu104411a00_sz20000.hex
BODUMP handle=0 gpu_va=0x10000019b00 cpu=0x104411b00 size=0x20000 read=0x20000 -> /Users/user/asahi_re/public/agx-re/experiments/EXP-0136-m4-unreachable-encodings/work/gen/m4_20260828_run02/d_swizzle_comp0_code3/dump/bo_sigusr1_h0_va10000019b00_cpu104411b00_sz20000.hex
BODUMP handle=0 gpu_va=0x10000019c00 cpu=0x104411c00 size=0x20000 read=0x20000 -> /Users/user/asahi_re/public/agx-re/experiments/EXP-0136-m4-unreachable-encodings/work/gen/m4_20260828_run02/d_swizzle_comp0_code3/dump/bo_sigusr1_h0_va10000019c00_cpu104411c00_sz20000.hex
BODUMP handle=0 gpu_va=0x1000001a400 cpu=0x104412400 size=0x20000 read=0x20000 -> /Users/user/asahi_re/public/agx-re/experiments/EXP-0136-m4-unreachable-encodings/work/gen/m4_20260828_run02/d_swizzle_comp0_code3/dump/bo_sigusr1_h0_va1000001a400_cpu104412400_sz20000.hex
BODUMP handle=0 gpu_va=0x10000040000 cpu=0x104430000 size=0x10000 read=0x10000 -> /Users/user/asahi_re/public/agx-re/experiments/EXP-0136-m4-unreachable-encodings/work/gen/m4_20260828_run02/d_swizzle_comp0_code3/dump/bo_sigusr1_h0_va10000040000_cpu104430000_sz10000.hex
BODUMP handle=0 gpu_va=0x0 cpu=0x104440000 size=0x10000 read=0x10000 -> /Users/user/asahi_re/public/agx-re/experiments/EXP-0136-m4-unreachable-encodings/work/gen/m4_20260828_run02/d_swizzle_comp0_code3/dump/bo_sigusr1_h0_va0_cpu104440000_sz10000.hex
BODUMP handle=0 gpu_va=0x1000001a500 cpu=0x104412500 size=0x20000 read=0x20000 -> /Users/user/asahi_re/public/agx-re/experiments/EXP-0136-m4-unreachable-encodings/work/gen/m4_20260828_run02/d_swizzle_comp0_code3/dump/bo_sigusr1_h0_va1000001a500_cpu104412500_sz20000.hex
BODUMP handle=0 gpu_va=0x10000058000 cpu=0x104450000 size=0x20000 read=0x20000 -> /Users/user/asahi_re/public/agx-re/experiments/EXP-0136-m4-unreachable-encodings/work/gen/m4_20260828_run02/d_swizzle_comp0_code3/dump/bo_sigusr1_h0_va10000058000_cpu104450000_sz20000.hex
BODUMP handle=0 gpu_va=0x1000001c500 cpu=0x104414500 size=0x20000 read=0x20000 -> /Users/user/asahi_re/public/agx-re/experiments/EXP-0136-m4-unreachable-encodings/work/gen/m4_20260828_run02/d_swizzle_comp0_code3/dump/bo_sigusr1_h0_va1000001c500_cpu104414500_sz20000.hex
BODUMP handle=0 gpu_va=0x1000001c600 cpu=0x104414600 size=0x20000 read=0x20000 -> /Users/user/asahi_re/public/agx-re/experiments/EXP-0136-m4-unreachable-encodings/work/gen/m4_20260828_run02/d_swizzle_comp0_code3/dump/bo_sigusr1_h0_va1000001c600_cpu104414600_sz20000.hex
BODUMP handle=0 gpu_va=0x10000080000 cpu=0x10447c000 size=0x8000 read=0x8000 -> /Users/user/asahi_re/public/agx-re/experiments/EXP-0136-m4-unreachable-encodings/work/gen/m4_20260828_run02/d_swizzle_comp0_code3/dump/bo_sigusr1_h0_va10000080000_cpu10447c000_sz8000.hex
BODUMP handle=0 gpu_va=0x10000090000 cpu=0x104484000 size=0x8000 read=0x8000 -> /Users/user/asahi_re/public/agx-re/experiments/EXP-0136-m4-unreachable-encodings/work/gen/m4_20260828_run02/d_swizzle_comp0_code3/dump/bo_sigusr1_h0_va10000090000_cpu104484000_sz8000.hex
BODUMP handle=0 gpu_va=0x100000a0000 cpu=0x10448c000 size=0x8000 read=0x8000 -> /Users/user/asahi_re/public/agx-re/experiments/EXP-0136-m4-unreachable-encodings/work/gen/m4_20260828_run02/d_swizzle_comp0_code3/dump/bo_sigusr1_h0_va100000a0000_cpu10448c000_sz8000.hex
BODUMP handle=0 gpu_va=0x100000b0000 cpu=0x104494000 size=0x8000 read=0x8000 -> /Users/user/asahi_re/public/agx-re/experiments/EXP-0136-m4-unreachable-encodings/work/gen/m4_20260828_run02/d_swizzle_comp0_code3/dump/bo_sigusr1_h0_va100000b0000_cpu104494000_sz8000.hex
BODUMP handle=0 gpu_va=0x100000c0000 cpu=0x10449c000 size=0x8000 read=0x8000 -> /Users/user/asahi_re/public/agx-re/experiments/EXP-0136-m4-unreachable-encodings/work/gen/m4_20260828_run02/d_swizzle_comp0_code3/dump/bo_sigusr1_h0_va100000c0000_cpu10449c000_sz8000.hex
BODUMP handle=0 gpu_va=0x100000d0000 cpu=0x1044a4000 size=0x8000 read=0x8000 -> /Users/user/asahi_re/public/agx-re/experiments/EXP-0136-m4-unreachable-encodings/work/gen/m4_20260828_run02/d_swizzle_comp0_code3/dump/bo_sigusr1_h0_va100000d0000_cpu1044a4000_sz8000.hex
BODUMP handle=0 gpu_va=0x100000e0000 cpu=0x1044ac000 size=0x9480 read=0x9480 -> /Users/user/asahi_re/public/agx-re/experiments/EXP-0136-m4-unreachable-encodings/work/gen/m4_20260828_run02/d_swizzle_comp0_code3/dump/bo_sigusr1_h0_va100000e0000_cpu1044ac000_sz9480.hex
BODUMP end reason=sigusr1
MAPDUMP reason=sigusr1 seq=44 conn=0 memType=0x00005e15 addr=0x1043e0000 size=0x4000 read=0x4000 -> /Users/user/asahi_re/public/agx-re/experiments/EXP-0136-m4-unreachable-encodings/work/gen/m4_20260828_run02/d_swizzle_comp0_code3/dump/map_seq000044_conn0_type00005e15_at1043e0000_sz4000.hex
MAPDUMP reason=sigusr1 seq=44 conn=0 memType=0x00005e15 addr=0x1043d4000 size=0x4000 read=0x4000 -> /Users/user/asahi_re/public/agx-re/experiments/EXP-0136-m4-unreachable-encodings/work/gen/m4_20260828_run02/d_swizzle_comp0_code3/dump/map_seq000044_conn0_type00005e15_at1043d4000_sz4000.hex
BODUMP begin reason=sigusr1 n_bo=27
BODUMP handle=0 gpu_va=0x10000000000 cpu=0x1043e8000 size=0x10000 read=0x10000 -> /Users/user/asahi_re/public/agx-re/experiments/EXP-0136-m4-unreachable-encodings/work/gen/m4_20260828_run02/d_swizzle_comp0_code3/dump/bo_sigusr1_h0_va10000000000_cpu1043e8000_sz10000.hex
BODUMP handle=0 gpu_va=0x6f00000000 cpu=0x1043f8000 size=0x3800 read=0x3800 -> /Users/user/asahi_re/public/agx-re/experiments/EXP-0136-m4-unreachable-encodings/work/gen/m4_20260828_run02/d_swizzle_comp0_code3/dump/bo_sigusr1_h0_va6f00000000_cpu1043f8000_sz3800.hex
BODUMP handle=0 gpu_va=0x10000018000 cpu=0x104410000 size=0x20000 read=0x20000 -> /Users/user/asahi_re/public/agx-re/experiments/EXP-0136-m4-unreachable-encodings/work/gen/m4_20260828_run02/d_swizzle_comp0_code3/dump/bo_sigusr1_h0_va10000018000_cpu104410000_sz20000.hex
BODUMP handle=0 gpu_va=0x10000018200 cpu=0x104410200 size=0x20000 read=0x20000 -> /Users/user/asahi_re/public/agx-re/experiments/EXP-0136-m4-unreachable-encodings/work/gen/m4_20260828_run02/d_swizzle_comp0_code3/dump/bo_sigusr1_h0_va10000018200_cpu104410200_sz20000.hex
BODUMP handle=0 gpu_va=0x10000018400 cpu=0x104410400 size=0x20000 read=0x20000 -> /Users/user/asahi_re/public/agx-re/experiments/EXP-0136-m4-unreachable-encodings/work/gen/m4_20260828_run02/d_swizzle_comp0_code3/dump/bo_sigusr1_h0_va10000018400_cpu104410400_sz20000.hex
BODUMP handle=0 gpu_va=0x10000018500 cpu=0x104410500 size=0x20000 read=0x20000 -> /Users/user/asahi_re/public/agx-re/experiments/EXP-0136-m4-unreachable-encodings/work/gen/m4_20260828_run02/d_swizzle_comp0_code3/dump/bo_sigusr1_h0_va10000018500_cpu104410500_sz20000.hex
BODUMP handle=0 gpu_va=0x10000018700 cpu=0x104410700 size=0x20000 read=0x20000 -> /Users/user/asahi_re/public/agx-re/experiments/EXP-0136-m4-unreachable-encodings/work/gen/m4_20260828_run02/d_swizzle_comp0_code3/dump/bo_sigusr1_h0_va10000018700_cpu104410700_sz20000.hex
BODUMP handle=0 gpu_va=0x10000018800 cpu=0x104410800 size=0x20000 read=0x20000 -> /Users/user/asahi_re/public/agx-re/experiments/EXP-0136-m4-unreachable-encodings/work/gen/m4_20260828_run02/d_swizzle_comp0_code3/dump/bo_sigusr1_h0_va10000018800_cpu104410800_sz20000.hex
BODUMP handle=0 gpu_va=0x10000018900 cpu=0x104410900 size=0x20000 read=0x20000 -> /Users/user/asahi_re/public/agx-re/experiments/EXP-0136-m4-unreachable-encodings/work/gen/m4_20260828_run02/d_swizzle_comp0_code3/dump/bo_sigusr1_h0_va10000018900_cpu104410900_sz20000.hex
BODUMP handle=0 gpu_va=0x10000019900 cpu=0x104411900 size=0x20000 read=0x20000 -> /Users/user/asahi_re/public/agx-re/experiments/EXP-0136-m4-unreachable-encodings/work/gen/m4_20260828_run02/d_swizzle_comp0_code3/dump/bo_sigusr1_h0_va10000019900_cpu104411900_sz20000.hex
BODUMP handle=0 gpu_va=0x10000019a00 cpu=0x104411a00 size=0x20000 read=0x20000 -> /Users/user/asahi_re/public/agx-re/experiments/EXP-0136-m4-unreachable-encodings/work/gen/m4_20260828_run02/d_swizzle_comp0_code3/dump/bo_sigusr1_h0_va10000019a00_cpu104411a00_sz20000.hex
BODUMP handle=0 gpu_va=0x10000019b00 cpu=0x104411b00 size=0x20000 read=0x20000 -> /Users/user/asahi_re/public/agx-re/experiments/EXP-0136-m4-unreachable-encodings/work/gen/m4_20260828_run02/d_swizzle_comp0_code3/dump/bo_sigusr1_h0_va10000019b00_cpu104411b00_sz20000.hex
BODUMP handle=0 gpu_va=0x10000019c00 cpu=0x104411c00 size=0x20000 read=0x20000 -> /Users/user/asahi_re/public/agx-re/experiments/EXP-0136-m4-unreachable-encodings/work/gen/m4_20260828_run02/d_swizzle_comp0_code3/dump/bo_sigusr1_h0_va10000019c00_cpu104411c00_sz20000.hex
BODUMP handle=0 gpu_va=0x1000001a400 cpu=0x104412400 size=0x20000 read=0x20000 -> /Users/user/asahi_re/public/agx-re/experiments/EXP-0136-m4-unreachable-encodings/work/gen/m4_20260828_run02/d_swizzle_comp0_code3/dump/bo_sigusr1_h0_va1000001a400_cpu104412400_sz20000.hex
BODUMP handle=0 gpu_va=0x10000040000 cpu=0x104430000 size=0x10000 read=0x10000 -> /Users/user/asahi_re/public/agx-re/experiments/EXP-0136-m4-unreachable-encodings/work/gen/m4_20260828_run02/d_swizzle_comp0_code3/dump/bo_sigusr1_h0_va10000040000_cpu104430000_sz10000.hex
BODUMP handle=0 gpu_va=0x0 cpu=0x104440000 size=0x10000 read=0x10000 -> /Users/user/asahi_re/public/agx-re/experiments/EXP-0136-m4-unreachable-encodings/work/gen/m4_20260828_run02/d_swizzle_comp0_code3/dump/bo_sigusr1_h0_va0_cpu104440000_sz10000.hex
BODUMP handle=0 gpu_va=0x1000001a500 cpu=0x104412500 size=0x20000 read=0x20000 -> /Users/user/asahi_re/public/agx-re/experiments/EXP-0136-m4-unreachable-encodings/work/gen/m4_20260828_run02/d_swizzle_comp0_code3/dump/bo_sigusr1_h0_va1000001a500_cpu104412500_sz20000.hex
BODUMP handle=0 gpu_va=0x10000058000 cpu=0x104450000 size=0x20000 read=0x20000 -> /Users/user/asahi_re/public/agx-re/experiments/EXP-0136-m4-unreachable-encodings/work/gen/m4_20260828_run02/d_swizzle_comp0_code3/dump/bo_sigusr1_h0_va10000058000_cpu104450000_sz20000.hex
BODUMP handle=0 gpu_va=0x1000001c500 cpu=0x104414500 size=0x20000 read=0x20000 -> /Users/user/asahi_re/public/agx-re/experiments/EXP-0136-m4-unreachable-encodings/work/gen/m4_20260828_run02/d_swizzle_comp0_code3/dump/bo_sigusr1_h0_va1000001c500_cpu104414500_sz20000.hex
BODUMP handle=0 gpu_va=0x1000001c600 cpu=0x104414600 size=0x20000 read=0x20000 -> /Users/user/asahi_re/public/agx-re/experiments/EXP-0136-m4-unreachable-encodings/work/gen/m4_20260828_run02/d_swizzle_comp0_code3/dump/bo_sigusr1_h0_va1000001c600_cpu104414600_sz20000.hex
BODUMP handle=0 gpu_va=0x10000080000 cpu=0x10447c000 size=0x8000 read=0x8000 -> /Users/user/asahi_re/public/agx-re/experiments/EXP-0136-m4-unreachable-encodings/work/gen/m4_20260828_run02/d_swizzle_comp0_code3/dump/bo_sigusr1_h0_va10000080000_cpu10447c000_sz8000.hex
BODUMP handle=0 gpu_va=0x10000090000 cpu=0x104484000 size=0x8000 read=0x8000 -> /Users/user/asahi_re/public/agx-re/experiments/EXP-0136-m4-unreachable-encodings/work/gen/m4_20260828_run02/d_swizzle_comp0_code3/dump/bo_sigusr1_h0_va10000090000_cpu104484000_sz8000.hex
BODUMP handle=0 gpu_va=0x100000a0000 cpu=0x10448c000 size=0x8000 read=0x8000 -> /Users/user/asahi_re/public/agx-re/experiments/EXP-0136-m4-unreachable-encodings/work/gen/m4_20260828_run02/d_swizzle_comp0_code3/dump/bo_sigusr1_h0_va100000a0000_cpu10448c000_sz8000.hex
BODUMP handle=0 gpu_va=0x100000b0000 cpu=0x104494000 size=0x8000 read=0x8000 -> /Users/user/asahi_re/public/agx-re/experiments/EXP-0136-m4-unreachable-encodings/work/gen/m4_20260828_run02/d_swizzle_comp0_code3/dump/bo_sigusr1_h0_va100000b0000_cpu104494000_sz8000.hex
BODUMP handle=0 gpu_va=0x100000c0000 cpu=0x10449c000 size=0x8000 read=0x8000 -> /Users/user/asahi_re/public/agx-re/experiments/EXP-0136-m4-unreachable-encodings/work/gen/m4_20260828_run02/d_swizzle_comp0_code3/dump/bo_sigusr1_h0_va100000c0000_cpu10449c000_sz8000.hex
BODUMP handle=0 gpu_va=0x100000d0000 cpu=0x1044a4000 size=0x8000 read=0x8000 -> /Users/user/asahi_re/public/agx-re/experiments/EXP-0136-m4-unreachable-encodings/work/gen/m4_20260828_run02/d_swizzle_comp0_code3/dump/bo_sigusr1_h0_va100000d0000_cpu1044a4000_sz8000.hex
BODUMP handle=0 gpu_va=0x100000e0000 cpu=0x1044ac000 size=0x9480 read=0x9480 -> /Users/user/asahi_re/public/agx-re/experiments/EXP-0136-m4-unreachable-encodings/work/gen/m4_20260828_run02/d_swizzle_comp0_code3/dump/bo_sigusr1_h0_va100000e0000_cpu1044ac000_sz9480.hex
BODUMP end reason=sigusr1
MAPDUMP reason=sigusr1 seq=44 conn=0 memType=0x00005e15 addr=0x1043e0000 size=0x4000 read=0x4000 -> /Users/user/asahi_re/public/agx-re/experiments/EXP-0136-m4-unreachable-encodings/work/gen/m4_20260828_run02/d_swizzle_comp0_code3/dump/map_seq000044_conn0_type00005e15_at1043e0000_sz4000.hex
MAPDUMP reason=sigusr1 seq=44 conn=0 memType=0x00005e15 addr=0x1043d4000 size=0x4000 read=0x4000 -> /Users/user/asahi_re/public/agx-re/experiments/EXP-0136-m4-unreachable-encodings/work/gen/m4_20260828_run02/d_swizzle_comp0_code3/dump/map_seq000044_conn0_type00005e15_at1043d4000_sz4000.hex
BODUMP begin reason=sigusr1 n_bo=27
BODUMP handle=0 gpu_va=0x10000000000 cpu=0x1043e8000 size=0x10000 read=0x10000 -> /Users/user/asahi_re/public/agx-re/experiments/EXP-0136-m4-unreachable-encodings/work/gen/m4_20260828_run02/d_swizzle_comp0_code3/dump/bo_sigusr1_h0_va10000000000_cpu1043e8000_sz10000.hex
BODUMP handle=0 gpu_va=0x6f00000000 cpu=0x1043f8000 size=0x3800 read=0x3800 -> /Users/user/asahi_re/public/agx-re/experiments/EXP-0136-m4-unreachable-encodings/work/gen/m4_20260828_run02/d_swizzle_comp0_code3/dump/bo_sigusr1_h0_va6f00000000_cpu1043f8000_sz3800.hex
BODUMP handle=0 gpu_va=0x10000018000 cpu=0x104410000 size=0x20000 read=0x20000 -> /Users/user/asahi_re/public/agx-re/experiments/EXP-0136-m4-unreachable-encodings/work/gen/m4_20260828_run02/d_swizzle_comp0_code3/dump/bo_sigusr1_h0_va10000018000_cpu104410000_sz20000.hex
BODUMP handle=0 gpu_va=0x10000018200 cpu=0x104410200 size=0x20000 read=0x20000 -> /Users/user/asahi_re/public/agx-re/experiments/EXP-0136-m4-unreachable-encodings/work/gen/m4_20260828_run02/d_swizzle_comp0_code3/dump/bo_sigusr1_h0_va10000018200_cpu104410200_sz20000.hex
BODUMP handle=0 gpu_va=0x10000018400 cpu=0x104410400 size=0x20000 read=0x20000 -> /Users/user/asahi_re/public/agx-re/experiments/EXP-0136-m4-unreachable-encodings/work/gen/m4_20260828_run02/d_swizzle_comp0_code3/dump/bo_sigusr1_h0_va10000018400_cpu104410400_sz20000.hex
BODUMP handle=0 gpu_va=0x10000018500 cpu=0x104410500 size=0x20000 read=0x20000 -> /Users/user/asahi_re/public/agx-re/experiments/EXP-0136-m4-unreachable-encodings/work/gen/m4_20260828_run02/d_swizzle_comp0_code3/dump/bo_sigusr1_h0_va10000018500_cpu104410500_sz20000.hex
BODUMP handle=0 gpu_va=0x10000018700 cpu=0x104410700 size=0x20000 read=0x20000 -> /Users/user/asahi_re/public/agx-re/experiments/EXP-0136-m4-unreachable-encodings/work/gen/m4_20260828_run02/d_swizzle_comp0_code3/dump/bo_sigusr1_h0_va10000018700_cpu104410700_sz20000.hex
BODUMP handle=0 gpu_va=0x10000018800 cpu=0x104410800 size=0x20000 read=0x20000 -> /Users/user/asahi_re/public/agx-re/experiments/EXP-0136-m4-unreachable-encodings/work/gen/m4_20260828_run02/d_swizzle_comp0_code3/dump/bo_sigusr1_h0_va10000018800_cpu104410800_sz20000.hex
BODUMP handle=0 gpu_va=0x10000018900 cpu=0x104410900 size=0x20000 read=0x20000 -> /Users/user/asahi_re/public/agx-re/experiments/EXP-0136-m4-unreachable-encodings/work/gen/m4_20260828_run02/d_swizzle_comp0_code3/dump/bo_sigusr1_h0_va10000018900_cpu104410900_sz20000.hex
BODUMP handle=0 gpu_va=0x10000019900 cpu=0x104411900 size=0x20000 read=0x20000 -> /Users/user/asahi_re/public/agx-re/experiments/EXP-0136-m4-unreachable-encodings/work/gen/m4_20260828_run02/d_swizzle_comp0_code3/dump/bo_sigusr1_h0_va10000019900_cpu104411900_sz20000.hex
BODUMP handle=0 gpu_va=0x10000019a00 cpu=0x104411a00 size=0x20000 read=0x20000 -> /Users/user/asahi_re/public/agx-re/experiments/EXP-0136-m4-unreachable-encodings/work/gen/m4_20260828_run02/d_swizzle_comp0_code3/dump/bo_sigusr1_h0_va10000019a00_cpu104411a00_sz20000.hex
BODUMP handle=0 gpu_va=0x10000019b00 cpu=0x104411b00 size=0x20000 read=0x20000 -> /Users/user/asahi_re/public/agx-re/experiments/EXP-0136-m4-unreachable-encodings/work/gen/m4_20260828_run02/d_swizzle_comp0_code3/dump/bo_sigusr1_h0_va10000019b00_cpu104411b00_sz20000.hex
BODUMP handle=0 gpu_va=0x10000019c00 cpu=0x104411c00 size=0x20000 read=0x20000 -> /Users/user/asahi_re/public/agx-re/experiments/EXP-0136-m4-unreachable-encodings/work/gen/m4_20260828_run02/d_swizzle_comp0_code3/dump/bo_sigusr1_h0_va10000019c00_cpu104411c00_sz20000.hex
BODUMP handle=0 gpu_va=0x1000001a400 cpu=0x104412400 size=0x20000 read=0x20000 -> /Users/user/asahi_re/public/agx-re/experiments/EXP-0136-m4-unreachable-encodings/work/gen/m4_20260828_run02/d_swizzle_comp0_code3/dump/bo_sigusr1_h0_va1000001a400_cpu104412400_sz20000.hex
BODUMP handle=0 gpu_va=0x10000040000 cpu=0x104430000 size=0x10000 read=0x10000 -> /Users/user/asahi_re/public/agx-re/experiments/EXP-0136-m4-unreachable-encodings/work/gen/m4_20260828_run02/d_swizzle_comp0_code3/dump/bo_sigusr1_h0_va10000040000_cpu104430000_sz10000.hex
BODUMP handle=0 gpu_va=0x0 cpu=0x104440000 size=0x10000 read=0x10000 -> /Users/user/asahi_re/public/agx-re/experiments/EXP-0136-m4-unreachable-encodings/work/gen/m4_20260828_run02/d_swizzle_comp0_code3/dump/bo_sigusr1_h0_va0_cpu104440000_sz10000.hex
BODUMP handle=0 gpu_va=0x1000001a500 cpu=0x104412500 size=0x20000 read=0x20000 -> /Users/user/asahi_re/public/agx-re/experiments/EXP-0136-m4-unreachable-encodings/work/gen/m4_20260828_run02/d_swizzle_comp0_code3/dump/bo_sigusr1_h0_va1000001a500_cpu104412500_sz20000.hex
BODUMP handle=0 gpu_va=0x10000058000 cpu=0x104450000 size=0x20000 read=0x20000 -> /Users/user/asahi_re/public/agx-re/experiments/EXP-0136-m4-unreachable-encodings/work/gen/m4_20260828_run02/d_swizzle_comp0_code3/dump/bo_sigusr1_h0_va10000058000_cpu104450000_sz20000.hex
BODUMP handle=0 gpu_va=0x1000001c500 cpu=0x104414500 size=0x20000 read=0x20000 -> /Users/user/asahi_re/public/agx-re/experiments/EXP-0136-m4-unreachable-encodings/work/gen/m4_20260828_run02/d_swizzle_comp0_code3/dump/bo_sigusr1_h0_va1000001c500_cpu104414500_sz20000.hex
BODUMP handle=0 gpu_va=0x1000001c600 cpu=0x104414600 size=0x20000 read=0x20000 -> /Users/user/asahi_re/public/agx-re/experiments/EXP-0136-m4-unreachable-encodings/work/gen/m4_20260828_run02/d_swizzle_comp0_code3/dump/bo_sigusr1_h0_va1000001c600_cpu104414600_sz20000.hex
BODUMP handle=0 gpu_va=0x10000080000 cpu=0x10447c000 size=0x8000 read=0x8000 -> /Users/user/asahi_re/public/agx-re/experiments/EXP-0136-m4-unreachable-encodings/work/gen/m4_20260828_run02/d_swizzle_comp0_code3/dump/bo_sigusr1_h0_va10000080000_cpu10447c000_sz8000.hex
BODUMP handle=0 gpu_va=0x10000090000 cpu=0x104484000 size=0x8000 read=0x8000 -> /Users/user/asahi_re/public/agx-re/experiments/EXP-0136-m4-unreachable-encodings/work/gen/m4_20260828_run02/d_swizzle_comp0_code3/dump/bo_sigusr1_h0_va10000090000_cpu104484000_sz8000.hex
BODUMP handle=0 gpu_va=0x100000a0000 cpu=0x10448c000 size=0x8000 read=0x8000 -> /Users/user/asahi_re/public/agx-re/experiments/EXP-0136-m4-unreachable-encodings/work/gen/m4_20260828_run02/d_swizzle_comp0_code3/dump/bo_sigusr1_h0_va100000a0000_cpu10448c000_sz8000.hex
BODUMP handle=0 gpu_va=0x100000b0000 cpu=0x104494000 size=0x8000 read=0x8000 -> /Users/user/asahi_re/public/agx-re/experiments/EXP-0136-m4-unreachable-encodings/work/gen/m4_20260828_run02/d_swizzle_comp0_code3/dump/bo_sigusr1_h0_va100000b0000_cpu104494000_sz8000.hex
BODUMP handle=0 gpu_va=0x100000c0000 cpu=0x10449c000 size=0x8000 read=0x8000 -> /Users/user/asahi_re/public/agx-re/experiments/EXP-0136-m4-unreachable-encodings/work/gen/m4_20260828_run02/d_swizzle_comp0_code3/dump/bo_sigusr1_h0_va100000c0000_cpu10449c000_sz8000.hex
BODUMP handle=0 gpu_va=0x100000d0000 cpu=0x1044a4000 size=0x8000 read=0x8000 -> /Users/user/asahi_re/public/agx-re/experiments/EXP-0136-m4-unreachable-encodings/work/gen/m4_20260828_run02/d_swizzle_comp0_code3/dump/bo_sigusr1_h0_va100000d0000_cpu1044a4000_sz8000.hex
BODUMP handle=0 gpu_va=0x100000e0000 cpu=0x1044ac000 size=0x9480 read=0x9480 -> /Users/user/asahi_re/public/agx-re/experiments/EXP-0136-m4-unreachable-encodings/work/gen/m4_20260828_run02/d_swizzle_comp0_code3/dump/bo_sigusr1_h0_va100000e0000_cpu1044ac000_sz9480.hex
BODUMP end reason=sigusr1
MAPDUMP reason=sigusr1 seq=44 conn=0 memType=0x00005e15 addr=0x1043e0000 size=0x4000 read=0x4000 -> /Users/user/asahi_re/public/agx-re/experiments/EXP-0136-m4-unreachable-encodings/work/gen/m4_20260828_run02/d_swizzle_comp0_code3/dump/map_seq000044_conn0_type00005e15_at1043e0000_sz4000.hex
MAPDUMP reason=sigusr1 seq=44 conn=0 memType=0x00005e15 addr=0x1043d4000 size=0x4000 read=0x4000 -> /Users/user/asahi_re/public/agx-re/experiments/EXP-0136-m4-unreachable-encodings/work/gen/m4_20260828_run02/d_swizzle_comp0_code3/dump/map_seq000044_conn0_type00005e15_at1043d4000_sz4000.hex
