[02:06:45] ILOGIC       NAT   k_and        baseline OK
    1000/35949  1388.7 case/s  {"baseline_fail": 0, "carrier_fail": 0, "fault": 0, "hang": 0, "invalid_run": 0, "ok": 28, "poison_out": 8, "sentinel_bad": 1, "silent_zero": 912, "undecodable": 0, "victim": 0, "wrong_value": 60}
    2000/35949  1510.6 case/s  {"baseline_fail": 0, "carrier_fail": 0, "fault": 0, "hang": 0, "invalid_run": 0, "ok": 875, "poison_out": 8, "sentinel_bad": 1, "silent_zero": 1065, "undecodable": 0, "victim": 0, "wrong_value": 60}
[02:06:46] ILOGIC       SYNTH k_and        baseline OK
    3000/35949  56.2 case/s  {"baseline_fail": 0, "carrier_fail": 0, "fault": 43, "hang": 0, "invalid_run": 0, "ok": 950, "poison_out": 83, "sentinel_bad": 7, "silent_zero": 1065, "undecodable": 0, "victim": 21, "wrong_value": 942}
    4000/35949  54.4 case/s  {"baseline_fail": 0, "carrier_fail": 0, "fault": 60, "hang": 0, "invalid_run": 0, "ok": 1628, "poison_out": 118, "sentinel_bad": 9, "silent_zero": 1065, "undecodable": 0, "victim": 28, "wrong_value": 1247}
[02:07:58] ILOGIC       FRAME k_and        baseline OK
    5000/35949  67.3 case/s  {"baseline_fail": 0, "carrier_fail": 0, "fault": 60, "hang": 0, "invalid_run": 0, "ok": 1999, "poison_out": 118, "sentinel_bad": 9, "silent_zero": 1065, "undecodable": 0, "victim": 28, "wrong_value": 1876}
    6000/35949  79.6 case/s  {"baseline_fail": 0, "carrier_fail": 0, "fault": 60, "hang": 0, "invalid_run": 0, "ok": 2635, "poison_out": 118, "sentinel_bad": 9, "silent_zero": 1065, "undecodable": 0, "victim": 31, "wrong_value": 2240}
[02:08:00] ILOGIC       NAT   k_or         baseline OK
    7000/35949  92.1 case/s  {"baseline_fail": 0, "carrier_fail": 0, "fault": 60, "hang": 0, "invalid_run": 0, "ok": 3048, "poison_out": 122, "sentinel_bad": 9, "silent_zero": 1350, "undecodable": 0, "victim": 31, "wrong_value": 2542}
[02:08:01] ILOGIC       NAT   k_xor        baseline OK
[02:08:01] ILOGIC       NAT   k_andn       baseline OK
    8000/35949  104.3 case/s  {"baseline_fail": 0, "carrier_fail": 0, "fault": 60, "hang": 0, "invalid_run": 0, "ok": 3315, "poison_out": 128, "sentinel_bad": 9, "silent_zero": 1772, "undecodable": 0, "victim": 31, "wrong_value": 2853}
[02:09:26] ILOGIC       NAT   k_nand       baseline OK
    9000/35949  55.6 case/s  {"baseline_fail": 0, "carrier_fail": 0, "fault": 124, "hang": 0, "invalid_run": 0, "ok": 3462, "poison_out": 134, "sentinel_bad": 10, "silent_zero": 2264, "undecodable": 0, "victim": 65, "wrong_value": 3150}
[02:09:27] ILOGIC       NAT   k_or         baseline OK
[02:09:27] ILOGIC       NAT   k_xor        baseline OK
[02:09:27] ILOGIC       NAT   k_andn       baseline OK
[02:09:27] ILOGIC       NAT   k_nand       baseline OK
[02:09:27] ILOGIC       NAT   k_and        baseline OK
[02:09:27] ILOGIC       NAT   k_xor        baseline OK
[02:09:27] ILOGIC       NAT   k_andn       baseline OK
[02:09:27] ILOGIC       NAT   k_nand       baseline OK
[02:09:27] ILOGIC       NAT   k_and        baseline OK
[02:09:27] ILOGIC       NAT   k_or         baseline OK
[02:09:27] ILOGIC       NAT   k_andn       baseline OK
[02:09:27] ILOGIC       NAT   k_nand       baseline OK
[02:09:27] ILOGIC       NAT   k_and        baseline OK
[02:09:27] ILOGIC       NAT   k_or         baseline OK
[02:09:27] ILOGIC       NAT   k_xor        baseline OK
[02:09:27] ILOGIC       NAT   k_nand       baseline OK
[02:09:27] ILOGIC       NAT   k_and        baseline OK
[02:09:27] ILOGIC       NAT   k_or         baseline OK
[02:09:27] ILOGIC       NAT   k_xor        baseline OK
[02:09:27] ILOGIC       NAT   k_andn       baseline OK
[02:09:27] IBITCOUNT    NAT   k_popcnt     baseline OK
   10000/35949  39.6 case/s  {"baseline_fail": 0, "carrier_fail": 0, "fault": 188, "hang": 0, "invalid_run": 0, "ok": 3596, "poison_out": 140, "sentinel_bad": 11, "silent_zero": 2879, "undecodable": 0, "victim": 104, "wrong_value": 3337}
[02:10:57] IBITCOUNT    NAT   k_clz        baseline OK
   11000/35949  31.9 case/s  {"baseline_fail": 0, "carrier_fail": 0, "fault": 252, "hang": 0, "invalid_run": 0, "ok": 3762, "poison_out": 142, "sentinel_bad": 12, "silent_zero": 3084, "undecodable": 0, "victim": 135, "wrong_value": 3902}
[02:12:29] IBITCOUNT    SYNTH k_popcnt     baseline OK
   12000/35949  27.5 case/s  {"baseline_fail": 0, "carrier_fail": 0, "fault": 316, "hang": 0, "invalid_run": 0, "ok": 3912, "poison_out": 142, "sentinel_bad": 12, "silent_zero": 3084, "undecodable": 0, "victim": 164, "wrong_value": 4688}
[02:14:01] IBITCOUNT    FRAME k_popcnt     baseline OK
   13000/35949  24.2 case/s  {"baseline_fail": 0, "carrier_fail": 0, "fault": 380, "hang": 0, "invalid_run": 0, "ok": 4078, "poison_out": 142, "sentinel_bad": 12, "silent_zero": 3084, "undecodable": 0, "victim": 188, "wrong_value": 5458}
[02:15:42] BF_FMA_DST   NAT   k_bffma      baseline OK
   14000/35949  26.0 case/s  {"baseline_fail": 0, "carrier_fail": 0, "fault": 380, "hang": 0, "invalid_run": 0, "ok": 4244, "poison_out": 543, "sentinel_bad": 92, "silent_zero": 3142, "undecodable": 0, "victim": 188, "wrong_value": 6234}
   15000/35949  27.9 case/s  {"baseline_fail": 0, "carrier_fail": 0, "fault": 380, "hang": 0, "invalid_run": 0, "ok": 4258, "poison_out": 1543, "sentinel_bad": 155, "silent_zero": 3536, "undecodable": 0, "victim": 188, "wrong_value": 6826}
[02:15:43] BF_FMA_DST   SYNTH k_bffma      baseline OK
   16000/35949  29.7 case/s  {"baseline_fail": 0, "carrier_fail": 0, "fault": 380, "hang": 0, "invalid_run": 0, "ok": 4469, "poison_out": 2049, "sentinel_bad": 155, "silent_zero": 3713, "undecodable": 0, "victim": 188, "wrong_value": 7438}
   17000/35949  31.4 case/s  {"baseline_fail": 0, "carrier_fail": 0, "fault": 391, "hang": 0, "invalid_run": 0, "ok": 4925, "poison_out": 2148, "sentinel_bad": 163, "silent_zero": 3729, "undecodable": 0, "victim": 188, "wrong_value": 7955}
[02:15:47] BF_FMA_DST   FRAME k_bffma      baseline OK
   18000/35949  32.8 case/s  {"baseline_fail": 0, "carrier_fail": 0, "fault": 391, "hang": 0, "invalid_run": 0, "ok": 5468, "poison_out": 2148, "sentinel_bad": 163, "silent_zero": 3730, "undecodable": 0, "victim": 205, "wrong_value": 8411}
   19000/35949  34.6 case/s  {"baseline_fail": 0, "carrier_fail": 0, "fault": 391, "hang": 0, "invalid_run": 0, "ok": 6088, "poison_out": 2148, "sentinel_bad": 163, "silent_zero": 3746, "undecodable": 0, "victim": 205, "wrong_value": 8775}
[02:15:55] FSPECIAL_EST SYNTH k_rsqrt      baseline OK
   20000/35949  36.0 case/s  {"baseline_fail": 0, "carrier_fail": 0, "fault": 391, "hang": 0, "invalid_run": 0, "ok": 6445, "poison_out": 2212, "sentinel_bad": 163, "silent_zero": 3859, "undecodable": 0, "victim": 224, "wrong_value": 9305}
[02:16:01] FSPECIAL_EST FRAME k_rsqrt      baseline OK
   21000/35949  37.3 case/s  {"baseline_fail": 0, "carrier_fail": 0, "fault": 391, "hang": 0, "invalid_run": 0, "ok": 6464, "poison_out": 2212, "sentinel_bad": 163, "silent_zero": 4039, "undecodable": 0, "victim": 247, "wrong_value": 10106}
[02:16:09] FSPECIAL_EST NAT   k_rsqrt      baseline OK
   22000/35949  38.9 case/s  {"baseline_fail": 0, "carrier_fail": 0, "fault": 391, "hang": 0, "invalid_run": 128, "ok": 6616, "poison_out": 2340, "sentinel_bad": 293, "silent_zero": 4163, "undecodable": 128, "victim": 248, "wrong_value": 10702}
[02:16:10] IADD2        NAT   k_u32add     baseline OK
   23000/35949  34.5 case/s  {"baseline_fail": 0, "carrier_fail": 0, "fault": 455, "hang": 0, "invalid_run": 128, "ok": 7095, "poison_out": 2346, "sentinel_bad": 293, "silent_zero": 4366, "undecodable": 128, "victim": 271, "wrong_value": 10956}
[02:19:33] IADD2        SYNTH k_u32add     baseline OK
   24000/35949  27.8 case/s  {"baseline_fail": 0, "carrier_fail": 0, "fault": 583, "hang": 0, "invalid_run": 128, "ok": 7222, "poison_out": 2394, "sentinel_bad": 293, "silent_zero": 4480, "undecodable": 128, "victim": 335, "wrong_value": 11587}
[02:22:25] IADD2        FRAME k_u32add     baseline OK
   25000/35949  24.3 case/s  {"baseline_fail": 0, "carrier_fail": 0, "fault": 711, "hang": 0, "invalid_run": 128, "ok": 7529, "poison_out": 2394, "sentinel_bad": 293, "silent_zero": 4486, "undecodable": 128, "victim": 422, "wrong_value": 12146}
[02:25:23] BF_ALU       NAT   k_bfadd      baseline OK
   26000/35949  22.3 case/s  {"baseline_fail": 0, "carrier_fail": 0, "fault": 805, "hang": 0, "invalid_run": 128, "ok": 7843, "poison_out": 2830, "sentinel_bad": 293, "silent_zero": 4703, "undecodable": 128, "victim": 490, "wrong_value": 12521}
   27000/35949  23.2 case/s  {"baseline_fail": 0, "carrier_fail": 0, "fault": 805, "hang": 0, "invalid_run": 128, "ok": 7899, "poison_out": 3830, "sentinel_bad": 485, "silent_zero": 5207, "undecodable": 128, "victim": 490, "wrong_value": 12961}
[02:26:10] BF_ALU       NAT   k_bfmul      baseline OK
   28000/35949  23.1 case/s  {"baseline_fail": 0, "carrier_fail": 0, "fault": 837, "hang": 0, "invalid_run": 128, "ok": 7933, "poison_out": 4798, "sentinel_bad": 613, "silent_zero": 5992, "undecodable": 128, "victim": 514, "wrong_value": 13110}
[02:26:57] BF_ALU       SYNTH k_bfadd      baseline OK
   29000/35949  22.9 case/s  {"baseline_fail": 0, "carrier_fail": 0, "fault": 870, "hang": 0, "invalid_run": 128, "ok": 8006, "poison_out": 5508, "sentinel_bad": 615, "silent_zero": 6260, "undecodable": 128, "victim": 545, "wrong_value": 13736}
   30000/35949  23.6 case/s  {"baseline_fail": 0, "carrier_fail": 0, "fault": 880, "hang": 0, "invalid_run": 128, "ok": 8032, "poison_out": 5705, "sentinel_bad": 621, "silent_zero": 6260, "undecodable": 128, "victim": 546, "wrong_value": 14700}
[02:27:58] BF_ALU       FRAME k_bfadd      baseline OK
   31000/35949  23.5 case/s  {"baseline_fail": 0, "carrier_fail": 0, "fault": 911, "hang": 0, "invalid_run": 128, "ok": 8248, "poison_out": 5705, "sentinel_bad": 621, "silent_zero": 6260, "undecodable": 128, "victim": 573, "wrong_value": 15453}
   32000/35949  24.3 case/s  {"baseline_fail": 0, "carrier_fail": 0, "fault": 911, "hang": 0, "invalid_run": 128, "ok": 8444, "poison_out": 5705, "sentinel_bad": 621, "silent_zero": 6260, "undecodable": 128, "victim": 574, "wrong_value": 16257}
[02:28:43] IBFE         NAT   k_bfe        baseline OK
   33000/35949  23.5 case/s  {"baseline_fail": 0, "carrier_fail": 0, "fault": 975, "hang": 0, "invalid_run": 128, "ok": 8612, "poison_out": 5707, "sentinel_bad": 622, "silent_zero": 6675, "undecodable": 128, "victim": 578, "wrong_value": 16610}
[02:30:12] IBFE         NAT   k_bfe_s      baseline OK
   34000/35949  22.6 case/s  {"baseline_fail": 0, "carrier_fail": 0, "fault": 1039, "hang": 0, "invalid_run": 128, "ok": 8730, "poison_out": 5709, "sentinel_bad": 622, "silent_zero": 6858, "undecodable": 128, "victim": 595, "wrong_value": 17245}
[02:31:46] IBFE         SYNTH k_bfe        baseline OK
   35000/35949  21.9 case/s  {"baseline_fail": 0, "carrier_fail": 0, "fault": 1103, "hang": 0, "invalid_run": 128, "ok": 8884, "poison_out": 5710, "sentinel_bad": 622, "silent_zero": 6950, "undecodable": 128, "victim": 595, "wrong_value": 17935}
DONE 35949 {"baseline_fail": 0, "carrier_fail": 0, "fault": 1103, "hang": 0, "invalid_run": 128, "ok": 9246, "poison_out": 5710, "sentinel_bad": 622, "silent_zero": 7104, "undecodable": 128, "victim": 595, "wrong_value": 18368}
