[02:35:32] IBFE         SYNTH k_bfe        baseline OK
    1000/35949  9.2 case/s  {"baseline_fail": 0, "carrier_fail": 0, "fault": 64, "hang": 0, "invalid_run": 0, "ok": 308, "poison_out": 1, "sentinel_bad": 0, "silent_zero": 156, "undecodable": 0, "victim": 0, "wrong_value": 472}
[02:37:20] IBFE         NAT   k_bfe_s      baseline OK
    2000/35949  7.4 case/s  {"baseline_fail": 0, "carrier_fail": 0, "fault": 127, "hang": 1, "invalid_run": 0, "ok": 478, "poison_out": 3, "sentinel_bad": 0, "silent_zero": 275, "undecodable": 0, "victim": 9, "wrong_value": 1119}
[02:40:01] IBFE         NAT   k_bfe        baseline OK
    3000/35949  6.9 case/s  {"baseline_fail": 0, "carrier_fail": 0, "fault": 191, "hang": 1, "invalid_run": 0, "ok": 574, "poison_out": 5, "sentinel_bad": 1, "silent_zero": 523, "undecodable": 0, "victim": 20, "wrong_value": 1711}
[02:42:44] BF_ALU       FRAME k_bfadd      baseline OK
    4000/35949  9.2 case/s  {"baseline_fail": 0, "carrier_fail": 0, "fault": 191, "hang": 1, "invalid_run": 0, "ok": 772, "poison_out": 5, "sentinel_bad": 1, "silent_zero": 844, "undecodable": 0, "victim": 20, "wrong_value": 2192}
    5000/35949  11.5 case/s  {"baseline_fail": 0, "carrier_fail": 0, "fault": 191, "hang": 1, "invalid_run": 0, "ok": 858, "poison_out": 5, "sentinel_bad": 1, "silent_zero": 844, "undecodable": 0, "victim": 20, "wrong_value": 3106}
[02:42:47] BF_ALU       SYNTH k_bfadd      baseline OK
    6000/35949  13.7 case/s  {"baseline_fail": 0, "carrier_fail": 0, "fault": 203, "hang": 1, "invalid_run": 0, "ok": 1010, "poison_out": 92, "sentinel_bad": 9, "silent_zero": 844, "undecodable": 0, "victim": 20, "wrong_value": 3942}
    7000/35949  15.9 case/s  {"baseline_fail": 0, "carrier_fail": 0, "fault": 203, "hang": 1, "invalid_run": 0, "ok": 1173, "poison_out": 220, "sentinel_bad": 9, "silent_zero": 844, "undecodable": 0, "victim": 20, "wrong_value": 4779}
[02:42:52] BF_ALU       NAT   k_bfmul      baseline OK
    8000/35949  18.1 case/s  {"baseline_fail": 0, "carrier_fail": 0, "fault": 203, "hang": 1, "invalid_run": 0, "ok": 1257, "poison_out": 963, "sentinel_bad": 124, "silent_zero": 1522, "undecodable": 0, "victim": 20, "wrong_value": 5017}
[02:42:54] BF_ALU       NAT   k_bfadd      baseline OK
    9000/35949  20.2 case/s  {"baseline_fail": 0, "carrier_fail": 0, "fault": 203, "hang": 1, "invalid_run": 0, "ok": 1337, "poison_out": 1963, "sentinel_bad": 137, "silent_zero": 2039, "undecodable": 0, "victim": 20, "wrong_value": 5420}
   10000/35949  22.5 case/s  {"baseline_fail": 0, "carrier_fail": 0, "fault": 203, "hang": 1, "invalid_run": 0, "ok": 1349, "poison_out": 2963, "sentinel_bad": 329, "silent_zero": 2508, "undecodable": 0, "victim": 20, "wrong_value": 5939}
[02:42:57] IADD2        FRAME k_u32add     baseline OK
   11000/35949  20.4 case/s  {"baseline_fail": 0, "carrier_fail": 0, "fault": 267, "hang": 1, "invalid_run": 0, "ok": 1491, "poison_out": 3378, "sentinel_bad": 329, "silent_zero": 2674, "undecodable": 0, "victim": 20, "wrong_value": 6567}
[02:45:57] IADD2        SYNTH k_u32add     baseline OK
   12000/35949  17.0 case/s  {"baseline_fail": 0, "carrier_fail": 0, "fault": 395, "hang": 1, "invalid_run": 0, "ok": 1776, "poison_out": 3378, "sentinel_bad": 329, "silent_zero": 2680, "undecodable": 0, "victim": 23, "wrong_value": 7148}
[02:48:42] IADD2        NAT   k_u32add     baseline OK
   13000/35949  14.9 case/s  {"baseline_fail": 0, "carrier_fail": 0, "fault": 523, "hang": 1, "invalid_run": 0, "ok": 2049, "poison_out": 3384, "sentinel_bad": 329, "silent_zero": 2887, "undecodable": 0, "victim": 23, "wrong_value": 7540}
[02:51:33] FSPECIAL_EST NAT   k_rsqrt      baseline OK
   14000/35949  14.6 case/s  {"baseline_fail": 0, "carrier_fail": 0, "fault": 587, "hang": 1, "invalid_run": 128, "ok": 2268, "poison_out": 3560, "sentinel_bad": 477, "silent_zero": 3003, "undecodable": 128, "victim": 23, "wrong_value": 8013}
[02:51:33] FSPECIAL_EST FRAME k_rsqrt      baseline OK
   15000/35949  15.6 case/s  {"baseline_fail": 0, "carrier_fail": 0, "fault": 587, "hang": 1, "invalid_run": 128, "ok": 2796, "poison_out": 3560, "sentinel_bad": 478, "silent_zero": 3054, "undecodable": 128, "victim": 23, "wrong_value": 8434}
[02:51:34] FSPECIAL_EST SYNTH k_rsqrt      baseline OK
   16000/35949  16.6 case/s  {"baseline_fail": 0, "carrier_fail": 0, "fault": 587, "hang": 1, "invalid_run": 128, "ok": 2814, "poison_out": 3624, "sentinel_bad": 478, "silent_zero": 3288, "undecodable": 128, "victim": 23, "wrong_value": 9182}
[02:51:35] BF_FMA_DST   FRAME k_bffma      baseline OK
   17000/35949  17.6 case/s  {"baseline_fail": 0, "carrier_fail": 0, "fault": 587, "hang": 1, "invalid_run": 128, "ok": 2858, "poison_out": 3624, "sentinel_bad": 478, "silent_zero": 3419, "undecodable": 128, "victim": 23, "wrong_value": 10007}
   18000/35949  18.6 case/s  {"baseline_fail": 0, "carrier_fail": 0, "fault": 587, "hang": 1, "invalid_run": 128, "ok": 3460, "poison_out": 3624, "sentinel_bad": 478, "silent_zero": 3435, "undecodable": 128, "victim": 23, "wrong_value": 10389}
[02:51:37] BF_FMA_DST   SYNTH k_bffma      baseline OK
   19000/35949  19.7 case/s  {"baseline_fail": 0, "carrier_fail": 0, "fault": 587, "hang": 1, "invalid_run": 128, "ok": 4005, "poison_out": 3688, "sentinel_bad": 478, "silent_zero": 3436, "undecodable": 128, "victim": 23, "wrong_value": 10843}
   20000/35949  20.6 case/s  {"baseline_fail": 0, "carrier_fail": 0, "fault": 598, "hang": 1, "invalid_run": 128, "ok": 4461, "poison_out": 3787, "sentinel_bad": 486, "silent_zero": 3452, "undecodable": 128, "victim": 23, "wrong_value": 11360}
[02:51:41] BF_FMA_DST   NAT   k_bffma      baseline OK
   21000/35949  21.7 case/s  {"baseline_fail": 0, "carrier_fail": 0, "fault": 598, "hang": 1, "invalid_run": 128, "ok": 4930, "poison_out": 4280, "sentinel_bad": 604, "silent_zero": 3570, "undecodable": 128, "victim": 23, "wrong_value": 11773}
   22000/35949  22.7 case/s  {"baseline_fail": 0, "carrier_fail": 0, "fault": 598, "hang": 1, "invalid_run": 128, "ok": 4954, "poison_out": 5280, "sentinel_bad": 614, "silent_zero": 3932, "undecodable": 128, "victim": 23, "wrong_value": 12387}
[02:51:41] IBITCOUNT    FRAME k_popcnt     baseline OK
   23000/35949  21.7 case/s  {"baseline_fail": 0, "carrier_fail": 0, "fault": 662, "hang": 1, "invalid_run": 128, "ok": 5030, "poison_out": 5630, "sentinel_bad": 614, "silent_zero": 4109, "undecodable": 128, "victim": 40, "wrong_value": 13070}
[02:53:12] IBITCOUNT    SYNTH k_popcnt     baseline OK
   24000/35949  20.8 case/s  {"baseline_fail": 0, "carrier_fail": 0, "fault": 726, "hang": 1, "invalid_run": 128, "ok": 5188, "poison_out": 5630, "sentinel_bad": 614, "silent_zero": 4109, "undecodable": 128, "victim": 40, "wrong_value": 13848}
[02:54:45] IBITCOUNT    NAT   k_clz        baseline OK
   25000/35949  20.0 case/s  {"baseline_fail": 0, "carrier_fail": 0, "fault": 790, "hang": 1, "invalid_run": 128, "ok": 5350, "poison_out": 5632, "sentinel_bad": 615, "silent_zero": 4109, "undecodable": 128, "victim": 40, "wrong_value": 14622}
[02:56:20] IBITCOUNT    NAT   k_popcnt     baseline OK
   26000/35949  19.3 case/s  {"baseline_fail": 0, "carrier_fail": 0, "fault": 854, "hang": 1, "invalid_run": 128, "ok": 5496, "poison_out": 5638, "sentinel_bad": 616, "silent_zero": 4607, "undecodable": 128, "victim": 40, "wrong_value": 14914}
[02:57:58] ILOGIC       NAT   k_andn       baseline OK
   27000/35949  19.7 case/s  {"baseline_fail": 0, "carrier_fail": 0, "fault": 918, "hang": 1, "invalid_run": 128, "ok": 5666, "poison_out": 5642, "sentinel_bad": 616, "silent_zero": 5191, "undecodable": 128, "victim": 40, "wrong_value": 15096}
[02:58:25] ILOGIC       NAT   k_xor        baseline OK
[02:58:26] ILOGIC       NAT   k_or         baseline OK
   28000/35949  20.4 case/s  {"baseline_fail": 0, "carrier_fail": 0, "fault": 918, "hang": 1, "invalid_run": 128, "ok": 5932, "poison_out": 5646, "sentinel_bad": 616, "silent_zero": 5606, "undecodable": 128, "victim": 40, "wrong_value": 15415}
[02:58:26] ILOGIC       NAT   k_and        baseline OK
   29000/35949  21.1 case/s  {"baseline_fail": 0, "carrier_fail": 0, "fault": 918, "hang": 1, "invalid_run": 128, "ok": 6072, "poison_out": 5654, "sentinel_bad": 617, "silent_zero": 6153, "undecodable": 128, "victim": 40, "wrong_value": 15728}
   30000/35949  21.8 case/s  {"baseline_fail": 0, "carrier_fail": 0, "fault": 918, "hang": 1, "invalid_run": 128, "ok": 6304, "poison_out": 5658, "sentinel_bad": 617, "silent_zero": 6871, "undecodable": 128, "victim": 40, "wrong_value": 15778}
[02:58:27] ILOGIC       NAT   k_nand       baseline OK
   31000/35949  22.5 case/s  {"baseline_fail": 0, "carrier_fail": 0, "fault": 918, "hang": 1, "invalid_run": 128, "ok": 6996, "poison_out": 5662, "sentinel_bad": 618, "silent_zero": 7000, "undecodable": 128, "victim": 40, "wrong_value": 15957}
[02:58:28] ILOGIC       FRAME k_and        baseline OK
   32000/35949  23.2 case/s  {"baseline_fail": 0, "carrier_fail": 0, "fault": 918, "hang": 1, "invalid_run": 128, "ok": 7140, "poison_out": 5662, "sentinel_bad": 618, "silent_zero": 7192, "undecodable": 128, "victim": 40, "wrong_value": 16621}
   33000/35949  24.0 case/s  {"baseline_fail": 0, "carrier_fail": 0, "fault": 918, "hang": 1, "invalid_run": 128, "ok": 7544, "poison_out": 5662, "sentinel_bad": 618, "silent_zero": 7192, "undecodable": 128, "victim": 40, "wrong_value": 17217}
[02:58:29] ILOGIC       SYNTH k_and        baseline OK
   34000/35949  24.7 case/s  {"baseline_fail": 0, "carrier_fail": 0, "fault": 918, "hang": 1, "invalid_run": 128, "ok": 8194, "poison_out": 5663, "sentinel_bad": 618, "silent_zero": 7192, "undecodable": 128, "victim": 40, "wrong_value": 17567}
   35000/35949  24.1 case/s  {"baseline_fail": 0, "carrier_fail": 0, "fault": 979, "hang": 1, "invalid_run": 128, "ok": 8297, "poison_out": 5771, "sentinel_bad": 626, "silent_zero": 7192, "undecodable": 128, "victim": 40, "wrong_value": 18403}
DONE 35949 {"baseline_fail": 0, "carrier_fail": 0, "fault": 979, "hang": 1, "invalid_run": 128, "ok": 9246, "poison_out": 5771, "sentinel_bad": 626, "silent_zero": 7192, "undecodable": 128, "victim": 40, "wrong_value": 18403}
