[   0.1s] rq_mdist   P/rq_mdist#0/opB             5 values
[   0.1s] rq_mdist   P/rq_mdist#0/dst             16 values
[   0.1s] rq_mdist   P/rq_mdist#1/opB             5 values
[   0.1s] rq_mdist   P/rq_mdist#1/dst             16 values
[   0.1s] rq_mdist   P/rq_mdist#2/opB             5 values
[   0.1s] rq_mdist   P/rq_mdist#2/dst             16 values
[   0.1s] rq_mdist   P/rq_mdist#3/opB             5 values
[   0.2s] rq_mdist   P/rq_mdist#3/dst             16 values
[   0.2s] rq_mdist   P/rq_mdist#4/opB             5 values
[   0.2s] rq_mdist   P/rq_mdist#4/dst             16 values
[   0.2s] rq_mdist   P/rq_mdist#5/opB             5 values
[   0.2s] rq_mdist   P/rq_mdist#5/dst             16 values
[   0.2s] rq_mdist   P/rq_mdist#6/opB             5 values
[   0.2s] rq_mdist   P/rq_mdist#6/dst             16 values
[   0.2s] rq_mdist   P/rq_mdist#7/opB             5 values
[   0.2s] rq_mdist   P/rq_mdist#7/dst             16 values
[   0.2s] rq_mdist   P/rq_mdist#8/opB             5 values
[   0.2s] rq_mdist   P/rq_mdist#8/dst             16 values
[   0.2s] rq_mdist   P/rq_mdist#9/opB             5 values
[   0.2s] rq_mdist   P/rq_mdist#9/dst             16 values
[   0.2s] rq_mdist   P/rq_mdist#10/opB            5 values
[   0.2s] rq_mdist   P/rq_mdist#10/dst            16 values
[   0.2s] rq_mdist   P/rq_mdist#11/opB            5 values
[   0.2s] rq_mdist   P/rq_mdist#11/dst            16 values
[   0.3s] rq_mdist   P/rq_mdist#12/opB            5 values
[   0.3s] rq_mdist   P/rq_mdist#12/dst            16 values
[   0.3s] rq_mdist   P/rq_mdist#13/opB            5 values
[   0.3s] rq_mdist   P/rq_mdist#13/dst            16 values
[   0.8s] cf_if3     P/cf_if3#0/scope             18 values
[   0.8s] cf_if3     P/cf_if3#0/scope_kind        7 values
[   0.8s] cf_if3     P/cf_if3#6/scope             18 values
[   0.8s] cf_if3     P/cf_if3#6/scope_kind        7 values
[   1.3s] cf_if2     P/cf_if2#0/scope             18 values
[   1.3s] cf_if2     P/cf_if2#0/scope_kind        7 values
[   1.7s] cvt_s32    P/cvt_s32#0/b9               8 values
[   7.8s] cvt_s32    P/cvt_s32#0/dst              16 values
[   8.3s] cs_load    P/cs_load#0/operands         8 values
[   8.3s] cs_load    P/cs_load#0/_b1_match        16 values
cases=417 elapsed=8.6s -> /Users/user/agxre/EXP-0184/raw/prefreeze/pilot01
