[   0.2s] cf_if2     cf_if2#0/if_push.scope       256 values
[   0.2s] cf_if2     cf_if2#0/if_push.scope_kind  16 values
[   0.3s] cf_if2     cf_if2#1/if_push.scope       256 values
[   0.4s] cf_if2     cf_if2#1/if_push.scope_kind  16 values
[   0.5s] cf_if2     cf_if2#2/if_push.scope       256 values
[   0.5s] cf_if2     cf_if2#2/if_push.scope_kind  16 values
[   1.1s] cf_if3     cf_if3#0/if_push.scope       256 values
[   1.1s] cf_if3     cf_if3#0/if_push.scope_kind  16 values
[   1.2s] cf_if3     cf_if3#1/if_push.scope       256 values
[   1.2s] cf_if3     cf_if3#1/if_push.scope_kind  16 values
[   1.3s] cf_if3     cf_if3#2/if_push.scope       256 values
[   1.3s] cf_if3     cf_if3#2/if_push.scope_kind  16 values
[   1.5s] cf_if3     cf_if3#3/if_push.scope       256 values
[   1.5s] cf_if3     cf_if3#3/if_push.scope_kind  16 values
[   1.6s] cf_if3     cf_if3#4/if_push.scope       256 values
[   1.6s] cf_if3     cf_if3#4/if_push.scope_kind  16 values
[   1.7s] cf_if3     cf_if3#5/if_push.scope       256 values
[   1.7s] cf_if3     cf_if3#5/if_push.scope_kind  16 values
[   1.8s] cf_if3     cf_if3#6/if_push.scope       256 values
[   1.8s] cf_if3     cf_if3#6/if_push.scope_kind  16 values
[   2.4s] cs_chain   cs_chain#0/copysign.operands 256 values
[   2.5s] cs_chain   cs_chain#0/copysign._b1_match 256 values
[   3.1s] cs_load    cs_load#0/copysign.operands  256 values
[   3.2s] cs_load    cs_load#0/copysign._b1_match 256 values
[   3.3s] cs_load    cs_load#0/copysign._b2_match 256 values
[   3.9s] cvt_h32    cvt_h32#0/cvt_f2i.b9         256 values
[  16.1s] cvt_h32    cvt_h32#0/cvt_f2i.dst        32 values
[  16.7s] cvt_s16    cvt_s16#0/cvt_f2i.b9         256 values
[  28.8s] cvt_s16    cvt_s16#0/cvt_f2i.dst        32 values
[  29.4s] cvt_s32    cvt_s32#0/cvt_f2i.b9         256 values
[  41.6s] cvt_s32    cvt_s32#0/cvt_f2i.dst        32 values
[  42.2s] cvt_u16    cvt_u16#0/cvt_f2i.b9         256 values
[  53.2s] cvt_u16    cvt_u16#0/cvt_f2i.dst        32 values
[  53.8s] cvt_u32    cvt_u32#0/cvt_f2i.b9         256 values
[  66.0s] cvt_u32    cvt_u32#0/cvt_f2i.dst        32 values
[  66.4s] rq_ccount  rq_ccount#0/rt_query_traverse.dst 16 values
[  66.4s] rq_ccount  rq_ccount#0/rt_query_traverse.opB 15 values
[  66.5s] rq_ccount  rq_ccount#1/rt_query_traverse.dst 16 values
[  66.5s] rq_ccount  rq_ccount#1/rt_query_traverse.opB 15 values
[  66.5s] rq_ccount  rq_ccount#2/rt_query_traverse.dst 16 values
[  66.5s] rq_ccount  rq_ccount#2/rt_query_traverse.opB 15 values
[  66.5s] rq_ccount  rq_ccount#3/rt_query_traverse.dst 16 values
[  66.5s] rq_ccount  rq_ccount#3/rt_query_traverse.opB 15 values
[  66.5s] rq_ccount  rq_ccount#4/rt_query_traverse.dst 16 values
[  66.5s] rq_ccount  rq_ccount#4/rt_query_traverse.opB 15 values
[  66.5s] rq_ccount  rq_ccount#5/rt_query_traverse.dst 16 values
[  66.5s] rq_ccount  rq_ccount#5/rt_query_traverse.opB 15 values
[  66.5s] rq_ccount  rq_ccount#6/rt_query_traverse.dst 16 values
[  66.5s] rq_ccount  rq_ccount#6/rt_query_traverse.opB 15 values
[  66.5s] rq_ccount  rq_ccount#7/rt_query_traverse.dst 16 values
[  66.6s] rq_ccount  rq_ccount#7/rt_query_traverse.opB 15 values
[  66.6s] rq_ccount  rq_ccount#8/rt_query_traverse.dst 16 values
[  66.6s] rq_ccount  rq_ccount#8/rt_query_traverse.opB 15 values
[  66.6s] rq_ccount  rq_ccount#9/rt_query_traverse.dst 16 values
[  66.6s] rq_ccount  rq_ccount#9/rt_query_traverse.opB 15 values
[  66.6s] rq_ccount  rq_ccount#10/rt_query_traverse.dst 16 values
[  66.6s] rq_ccount  rq_ccount#10/rt_query_traverse.opB 15 values
[  66.6s] rq_ccount  rq_ccount#11/rt_query_traverse.dst 16 values
[  66.6s] rq_ccount  rq_ccount#11/rt_query_traverse.opB 15 values
[  66.6s] rq_ccount  rq_ccount#12/rt_query_traverse.dst 16 values
[  66.6s] rq_ccount  rq_ccount#12/rt_query_traverse.opB 15 values
[  66.6s] rq_ccount  rq_ccount#13/rt_query_traverse.dst 16 values
[  66.7s] rq_ccount  rq_ccount#13/rt_query_traverse.opB 15 values
[  67.1s] rq_cdist   rq_cdist#0/rt_query_traverse.dst 16 values
[  67.1s] rq_cdist   rq_cdist#0/rt_query_traverse.opB 15 values
[  67.2s] rq_cdist   rq_cdist#1/rt_query_traverse.dst 16 values
[  67.2s] rq_cdist   rq_cdist#1/rt_query_traverse.opB 15 values
[  67.2s] rq_cdist   rq_cdist#2/rt_query_traverse.dst 16 values
[  67.2s] rq_cdist   rq_cdist#2/rt_query_traverse.opB 15 values
[  67.2s] rq_cdist   rq_cdist#3/rt_query_traverse.dst 16 values
[  67.2s] rq_cdist   rq_cdist#3/rt_query_traverse.opB 15 values
[  67.2s] rq_cdist   rq_cdist#4/rt_query_traverse.dst 16 values
[  67.2s] rq_cdist   rq_cdist#4/rt_query_traverse.opB 15 values
[  67.2s] rq_cdist   rq_cdist#5/rt_query_traverse.dst 16 values
[  67.2s] rq_cdist   rq_cdist#5/rt_query_traverse.opB 15 values
[  67.2s] rq_cdist   rq_cdist#6/rt_query_traverse.dst 16 values
[  67.2s] rq_cdist   rq_cdist#6/rt_query_traverse.opB 15 values
[  67.3s] rq_cdist   rq_cdist#7/rt_query_traverse.dst 16 values
[  67.3s] rq_cdist   rq_cdist#7/rt_query_traverse.opB 15 values
[  67.3s] rq_cdist   rq_cdist#8/rt_query_traverse.dst 16 values
[  67.3s] rq_cdist   rq_cdist#8/rt_query_traverse.opB 15 values
[  67.3s] rq_cdist   rq_cdist#9/rt_query_traverse.dst 16 values
[  67.3s] rq_cdist   rq_cdist#9/rt_query_traverse.opB 15 values
[  67.3s] rq_cdist   rq_cdist#10/rt_query_traverse.dst 16 values
[  67.3s] rq_cdist   rq_cdist#10/rt_query_traverse.opB 15 values
[  67.3s] rq_cdist   rq_cdist#11/rt_query_traverse.dst 16 values
[  67.3s] rq_cdist   rq_cdist#11/rt_query_traverse.opB 15 values
[  67.3s] rq_cdist   rq_cdist#12/rt_query_traverse.dst 16 values
[  67.3s] rq_cdist   rq_cdist#12/rt_query_traverse.opB 15 values
[  67.3s] rq_cdist   rq_cdist#13/rt_query_traverse.dst 16 values
[  67.4s] rq_cdist   rq_cdist#13/rt_query_traverse.opB 15 values
[  67.8s] rq_mdist   rq_mdist#0/rt_query_traverse.dst 16 values
[  67.8s] rq_mdist   rq_mdist#0/rt_query_traverse.opB 15 values
[  67.9s] rq_mdist   rq_mdist#1/rt_query_traverse.dst 16 values
[  67.9s] rq_mdist   rq_mdist#1/rt_query_traverse.opB 15 values
[  67.9s] rq_mdist   rq_mdist#2/rt_query_traverse.dst 16 values
[  67.9s] rq_mdist   rq_mdist#2/rt_query_traverse.opB 15 values
[  67.9s] rq_mdist   rq_mdist#3/rt_query_traverse.dst 16 values
[  67.9s] rq_mdist   rq_mdist#3/rt_query_traverse.opB 15 values
[  67.9s] rq_mdist   rq_mdist#4/rt_query_traverse.dst 16 values
[  67.9s] rq_mdist   rq_mdist#4/rt_query_traverse.opB 15 values
[  67.9s] rq_mdist   rq_mdist#5/rt_query_traverse.dst 16 values
[  67.9s] rq_mdist   rq_mdist#5/rt_query_traverse.opB 15 values
[  67.9s] rq_mdist   rq_mdist#6/rt_query_traverse.dst 16 values
[  67.9s] rq_mdist   rq_mdist#6/rt_query_traverse.opB 15 values
[  67.9s] rq_mdist   rq_mdist#7/rt_query_traverse.dst 16 values
[  68.0s] rq_mdist   rq_mdist#7/rt_query_traverse.opB 15 values
[  68.0s] rq_mdist   rq_mdist#8/rt_query_traverse.dst 16 values
[  68.0s] rq_mdist   rq_mdist#8/rt_query_traverse.opB 15 values
[  68.0s] rq_mdist   rq_mdist#9/rt_query_traverse.dst 16 values
[  68.0s] rq_mdist   rq_mdist#9/rt_query_traverse.opB 15 values
[  68.0s] rq_mdist   rq_mdist#10/rt_query_traverse.dst 16 values
[  68.0s] rq_mdist   rq_mdist#10/rt_query_traverse.opB 15 values
[  68.0s] rq_mdist   rq_mdist#11/rt_query_traverse.dst 16 values
[  68.0s] rq_mdist   rq_mdist#11/rt_query_traverse.opB 15 values
[  68.0s] rq_mdist   rq_mdist#12/rt_query_traverse.dst 16 values
[  68.0s] rq_mdist   rq_mdist#12/rt_query_traverse.opB 15 values
[  68.0s] rq_mdist   rq_mdist#13/rt_query_traverse.dst 16 values
[  68.1s] rq_mdist   rq_mdist#13/rt_query_traverse.opB 15 values
[  68.5s] rq_mprim   rq_mprim#0/rt_query_traverse.dst 16 values
[  68.5s] rq_mprim   rq_mprim#0/rt_query_traverse.opB 15 values
[  68.6s] rq_mprim   rq_mprim#1/rt_query_traverse.dst 16 values
[  68.6s] rq_mprim   rq_mprim#1/rt_query_traverse.opB 15 values
[  68.6s] rq_mprim   rq_mprim#2/rt_query_traverse.dst 16 values
[  68.6s] rq_mprim   rq_mprim#2/rt_query_traverse.opB 15 values
[  68.6s] rq_mprim   rq_mprim#3/rt_query_traverse.dst 16 values
[  68.6s] rq_mprim   rq_mprim#3/rt_query_traverse.opB 15 values
[  68.6s] rq_mprim   rq_mprim#4/rt_query_traverse.dst 16 values
[  68.6s] rq_mprim   rq_mprim#4/rt_query_traverse.opB 15 values
[  68.6s] rq_mprim   rq_mprim#5/rt_query_traverse.dst 16 values
[  68.6s] rq_mprim   rq_mprim#5/rt_query_traverse.opB 15 values
[  68.6s] rq_mprim   rq_mprim#6/rt_query_traverse.dst 16 values
[  68.6s] rq_mprim   rq_mprim#6/rt_query_traverse.opB 15 values
[  68.7s] rq_mprim   rq_mprim#7/rt_query_traverse.dst 16 values
[  68.7s] rq_mprim   rq_mprim#7/rt_query_traverse.opB 15 values
[  68.7s] rq_mprim   rq_mprim#8/rt_query_traverse.dst 16 values
[  68.7s] rq_mprim   rq_mprim#8/rt_query_traverse.opB 15 values
[  68.7s] rq_mprim   rq_mprim#9/rt_query_traverse.dst 16 values
[  68.7s] rq_mprim   rq_mprim#9/rt_query_traverse.opB 15 values
[  68.7s] rq_mprim   rq_mprim#10/rt_query_traverse.dst 16 values
[  68.7s] rq_mprim   rq_mprim#10/rt_query_traverse.opB 15 values
[  68.7s] rq_mprim   rq_mprim#11/rt_query_traverse.dst 16 values
[  68.7s] rq_mprim   rq_mprim#11/rt_query_traverse.opB 15 values
[  68.7s] rq_mprim   rq_mprim#12/rt_query_traverse.dst 16 values
[  68.7s] rq_mprim   rq_mprim#12/rt_query_traverse.opB 15 values
[  68.7s] rq_mprim   rq_mprim#13/rt_query_traverse.dst 16 values
[  68.8s] rq_mprim   rq_mprim#13/rt_query_traverse.opB 15 values
cases=7176 elapsed=69.1s -> /Users/user/agxre/EXP-0184/raw/g17p_20260830_run02
